04-13 15:15:17.286 I/CIRISApiClient(12196): [getConfigurationSessionStatus] Getting session status for: db508d71-3517-4746-aaf3-50e50cacc99d
04-13 15:15:17.369 I/CIRISApiClient(12196): [getConfigurationSessionStatus] Session status: step=1/5, status=awaiting_oauth, stepType=oauth
04-13 15:15:17.371 I/CIRISApiClient(12196): [getConfigurationSessionStatus] Collected config keys: [base_url, callback_base_url]
04-13 15:15:18.374 I/CIRISApiClient(12196): [getConfigurationSessionStatus] Getting session status for: db508d71-3517-4746-aaf3-50e50cacc99d
04-13 15:15:18.443 I/CIRISApiClient(12196): [getConfigurationSessionStatus] Session status: step=1/5, status=awaiting_oauth, stepType=oauth
04-13 15:15:18.445 I/CIRISApiClient(12196): [getConfigurationSessionStatus] Collected config keys: [base_url, callback_base_url]
04-13 15:15:18.504 I/SetupViewModel(12196): checkAdapterOAuthOnResume: Checking status...
04-13 15:15:18.509 I/CIRISApiClient(12196): [getConfigurationSessionStatus] Getting session status for: db508d71-3517-4746-aaf3-50e50cacc99d
04-13 15:15:18.582 I/CIRISApiClient(12196): [getConfigurationSessionStatus] Session status: step=1/5, status=awaiting_oauth, stepType=oauth
04-13 15:15:18.584 I/CIRISApiClient(12196): [getConfigurationSessionStatus] Collected config keys: [base_url, callback_base_url]
04-13 15:15:19.294 D/EnvFileUpdater(12196): Found CIRIS_HOME from env: /data/user/0/ai.ciris.mobile.debug/files/ciris
04-13 15:15:19.449 I/CIRISApiClient(12196): [getConfigurationSessionStatus] Getting session status for: db508d71-3517-4746-aaf3-50e50cacc99d
04-13 15:15:19.538 I/CIRISApiClient(12196): [getConfigurationSessionStatus] Session status: step=1/5, status=awaiting_oauth, stepType=oauth
04-13 15:15:19.541 I/CIRISApiClient(12196): [getConfigurationSessionStatus] Collected config keys: [base_url, callback_base_url]
04-13 15:15:19.918 I/chromium(14231): [INFO:web_frame_widget_impl.cc(2748)] SBRTOUCHLOG Blink HandleInputEvent event received = RawKeyDown
04-13 15:15:19.948 I/chromium(14231): [INFO:web_frame_widget_impl.cc(2748)] SBRTOUCHLOG Blink HandleInputEvent event received = KeyUp
04-13 15:15:20.528 I/SetupViewModel(12196): checkAdapterOAuthOnResume: Checking status...
04-13 15:15:20.532 I/CIRISApiClient(12196): [getConfigurationSessionStatus] Getting session status for: db508d71-3517-4746-aaf3-50e50cacc99d
04-13 15:15:20.551 I/CIRISApiClient(12196): [getConfigurationSessionStatus] Getting session status for: db508d71-3517-4746-aaf3-50e50cacc99d
04-13 15:15:20.618 I/CIRISApiClient(12196): [getConfigurationSessionStatus] Session status: step=1/5, status=awaiting_oauth, stepType=oauth
04-13 15:15:20.621 I/CIRISApiClient(12196): [getConfigurationSessionStatus] Collected config keys: [base_url, callback_base_url]
04-13 15:15:20.668 I/CIRISApiClient(12196): [getConfigurationSessionStatus] Session status: step=1/5, status=awaiting_oauth, stepType=oauth
04-13 15:15:20.669 I/CIRISApiClient(12196): [getConfigurationSessionStatus] Collected config keys: [base_url, callback_base_url]
04-13 15:15:20.724 I/chromium(14231): [INFO:web_frame_widget_impl.cc(2748)] SBRTOUCHLOG Blink HandleInputEvent event received = RawKeyDown
04-13 15:15:20.741 I/chromium(14231): [INFO:web_frame_widget_impl.cc(2748)] SBRTOUCHLOG Blink HandleInputEvent event received = KeyUp
04-13 15:15:21.350 I/chromium(14231): [INFO:web_frame_widget_impl.cc(2748)] SBRTOUCHLOG Blink HandleInputEvent event received = RawKeyDown
04-13 15:15:21.367 I/chromium(14231): [INFO:web_frame_widget_impl.cc(2748)] SBRTOUCHLOG Blink HandleInputEvent event received = KeyUp
04-13 15:15:21.673 I/CIRISApiClient(12196): [getConfigurationSessionStatus] Getting session status for: db508d71-3517-4746-aaf3-50e50cacc99d
04-13 15:15:21.759 I/CIRISApiClient(12196): [getConfigurationSessionStatus] Session status: step=1/5, status=awaiting_oauth, stepType=oauth
04-13 15:15:21.761 I/CIRISApiClient(12196): [getConfigurationSessionStatus] Collected config keys: [base_url, callback_base_url]
04-13 15:15:21.948 I/chromium(14231): [INFO:web_frame_widget_impl.cc(2748)] SBRTOUCHLOG Blink HandleInputEvent event received = RawKeyDown
04-13 15:15:21.967 I/chromium(14231): [INFO:web_frame_widget_impl.cc(2748)] SBRTOUCHLOG Blink HandleInputEvent event received = KeyUp
04-13 15:15:22.413 I/chromium(14231): [INFO:web_frame_widget_impl.cc(2748)] SBRTOUCHLOG Blink HandleInputEvent event received = RawKeyDown
04-13 15:15:22.428 I/chromium(14231): [INFO:web_frame_widget_impl.cc(2748)] SBRTOUCHLOG Blink HandleInputEvent event received = KeyUp
04-13 15:15:22.552 I/SetupViewModel(12196): checkAdapterOAuthOnResume: Checking status...
04-13 15:15:22.557 I/CIRISApiClient(12196): [getConfigurationSessionStatus] Getting session status for: db508d71-3517-4746-aaf3-50e50cacc99d
04-13 15:15:22.633 I/CIRISApiClient(12196): [getConfigurationSessionStatus] Session status: step=1/5, status=awaiting_oauth, stepType=oauth
04-13 15:15:22.637 I/CIRISApiClient(12196): [getConfigurationSessionStatus] Collected config keys: [base_url, callback_base_url]
04-13 15:15:22.764 I/CIRISApiClient(12196): [getConfigurationSessionStatus] Getting session status for: db508d71-3517-4746-aaf3-50e50cacc99d
04-13 15:15:22.834 I/CIRISApiClient(12196): [getConfigurationSessionStatus] Session status: step=1/5, status=awaiting_oauth, stepType=oauth
04-13 15:15:22.836 I/CIRISApiClient(12196): [getConfigurationSessionStatus] Collected config keys: [base_url, callback_base_url]
04-13 15:15:23.030 I/chromium(14231): [INFO:web_frame_widget_impl.cc(2748)] SBRTOUCHLOG Blink HandleInputEvent event received = RawKeyDown
04-13 15:15:23.046 I/chromium(14231): [INFO:web_frame_widget_impl.cc(2748)] SBRTOUCHLOG Blink HandleInputEvent event received = KeyUp
04-13 15:15:23.430 I/chromium(14231): [INFO:web_frame_widget_impl.cc(2748)] SBRTOUCHLOG Blink HandleInputEvent event received = RawKeyDown
04-13 15:15:23.470 I/chromium(14231): [INFO:web_frame_widget_impl.cc(2748)] SBRTOUCHLOG Blink HandleInputEvent event received = KeyUp
04-13 15:15:23.618 I/chromium(14231): [INFO:web_frame_widget_impl.cc(2748)] SBRTOUCHLOG Blink HandleInputEvent event received = RawKeyDown
04-13 15:15:23.637 I/chromium(14231): [INFO:web_frame_widget_impl.cc(2748)] SBRTOUCHLOG Blink HandleInputEvent event received = KeyUp
04-13 15:15:23.841 I/CIRISApiClient(12196): [getConfigurationSessionStatus] Getting session status for: db508d71-3517-4746-aaf3-50e50cacc99d
04-13 15:15:23.922 I/CIRISApiClient(12196): [getConfigurationSessionStatus] Session status: step=1/5, status=awaiting_oauth, stepType=oauth
04-13 15:15:23.924 I/CIRISApiClient(12196): [getConfigurationSessionStatus] Collected config keys: [base_url, callback_base_url]
04-13 15:15:24.197 I/chromium(14231): [INFO:web_frame_widget_impl.cc(2748)] SBRTOUCHLOG Blink HandleInputEvent event received = RawKeyDown
04-13 15:15:24.214 I/chromium(14231): [INFO:web_frame_widget_impl.cc(2748)] SBRTOUCHLOG Blink HandleInputEvent event received = KeyUp
04-13 15:15:24.574 I/SetupViewModel(12196): checkAdapterOAuthOnResume: Checking status...
04-13 15:15:24.579 I/CIRISApiClient(12196): [getConfigurationSessionStatus] Getting session status for: db508d71-3517-4746-aaf3-50e50cacc99d
04-13 15:15:24.650 I/CIRISApiClient(12196): [getConfigurationSessionStatus] Session status: step=1/5, status=awaiting_oauth, stepType=oauth
04-13 15:15:24.652 I/CIRISApiClient(12196): [getConfigurationSessionStatus] Collected config keys: [base_url, callback_base_url]
04-13 15:15:24.805 I/chromium(14231): [INFO:web_frame_widget_impl.cc(2748)] SBRTOUCHLOG Blink HandleInputEvent event received = RawKeyDown
04-13 15:15:24.825 I/chromium(14231): [INFO:web_frame_widget_impl.cc(2748)] SBRTOUCHLOG Blink HandleInputEvent event received = KeyUp
04-13 15:15:24.927 I/CIRISApiClient(12196): [getConfigurationSessionStatus] Getting session status for: db508d71-3517-4746-aaf3-50e50cacc99d
04-13 15:15:25.027 I/CIRISApiClient(12196): [getConfigurationSessionStatus] Session status: step=1/5, status=awaiting_oauth, stepType=oauth
04-13 15:15:25.028 I/CIRISApiClient(12196): [getConfigurationSessionStatus] Collected config keys: [base_url, callback_base_url]
04-13 15:15:25.250 W/chromium(30459): [WARNING:render_widget_host_view_android.cc(1070)] SBRTOUCHLOG  OnTouchEvent, Action::DOWN
04-13 15:15:25.250 I/chromium(30459): [INFO:render_widget_host_input_event_router.cc(861)] SBRTOUCHLOG Set Touch sequence target view: 0xc68cc800
04-13 15:15:25.250 W/chromium(30459): [WARNING:input_router_impl.cc(529)] SBRTOUCHLOG FilterAndSendWebInputEvent, kTouchStart
04-13 15:15:25.251 I/chromium(14231): [INFO:web_frame_widget_impl.cc(2748)] SBRTOUCHLOG Blink HandleInputEvent event received = PointerDown
04-13 15:15:25.254 I/chromium(14231): [INFO:web_frame_widget_impl.cc(2748)] SBRTOUCHLOG Blink HandleInputEvent event received = GestureTapDown
04-13 15:15:25.266 I/chromium(14231): [INFO:web_frame_widget_impl.cc(2748)] SBRTOUCHLOG Blink HandleInputEvent event received = PointerMove
04-13 15:15:25.283 I/chromium(14231): [INFO:web_frame_widget_impl.cc(2748)] SBRTOUCHLOG Blink HandleInputEvent event received = PointerMove
04-13 15:15:25.299 I/chromium(14231): [INFO:web_frame_widget_impl.cc(2748)] SBRTOUCHLOG Blink HandleInputEvent event received = PointerMove
04-13 15:15:25.307 I/chromium(14231): [INFO:web_frame_widget_impl.cc(2748)] SBRTOUCHLOG Blink HandleInputEvent event received = PointerMove
04-13 15:15:25.307 I/chromium(14231): [INFO:web_frame_widget_impl.cc(2748)] SBRTOUCHLOG Blink HandleInputEvent event received = GestureTapCancel
04-13 15:15:25.311 I/chromium(14231): [INFO:layer_tree_host_impl.cc(332)] SBRTOUCHLOG LayerTreeHostImpl::ScrollBegin defer_commit =  0
04-13 15:15:25.312 I/chromium(14231): [INFO:web_frame_widget_impl.cc(2748)] SBRTOUCHLOG Blink HandleInputEvent event received = PointerCausedUaAction
04-13 15:15:25.312 I/chromium(14231): [INFO:layer_tree_host_impl.cc(303)] SBRTOUCHLOG LayerTreeHostImpl::ScrollBy delta_y = 10.2199
04-13 15:15:25.337 I/chromium(14231): [INFO:web_frame_widget_impl.cc(2748)] SBRTOUCHLOG Blink HandleInputEvent event received = PointerMove
04-13 15:15:25.402 I/chromium(14231): [INFO:layer_tree_host_impl.cc(2438)] SBRTOUCHLOG AsyncLayerTreeFrameSink::SubmitCompositorFrame
04-13 15:15:25.416 I/chromium(14231): [INFO:layer_tree_host_impl.cc(303)] SBRTOUCHLOG LayerTreeHostImpl::ScrollBy delta_y = 21.7969
04-13 15:15:25.420 W/chromium(30459): [WARNING:window_android.cc(109)] TAB-STATUS observer added
04-13 15:15:25.420 I/chromium(14231): [INFO:web_frame_widget_impl.cc(2748)] SBRTOUCHLOG Blink HandleInputEvent event received = PointerMove
04-13 15:15:25.422 I/chromium(14231): [INFO:web_frame_widget_impl.cc(2748)] SBRTOUCHLOG Blink HandleInputEvent event received = PointerUp
04-13 15:15:25.450 W/chromium(30459): [WARNING:window_android.cc(123)] TAB-STATUS observer removed
04-13 15:15:25.466 I/chromium(14231): [INFO:layer_tree_host_impl.cc(344)] SBRTOUCHLOG LayerTreeHostImpl::ScrollEnd
04-13 15:15:25.887 W/chromium(30459): [WARNING:render_widget_host_view_android.cc(1070)] SBRTOUCHLOG  OnTouchEvent, Action::DOWN
04-13 15:15:25.887 I/chromium(30459): [INFO:render_widget_host_input_event_router.cc(861)] SBRTOUCHLOG Set Touch sequence target view: 0xc68cc800
04-13 15:15:25.887 W/chromium(30459): [WARNING:input_router_impl.cc(529)] SBRTOUCHLOG FilterAndSendWebInputEvent, kTouchStart
04-13 15:15:25.888 I/chromium(14231): [INFO:web_frame_widget_impl.cc(2748)] SBRTOUCHLOG Blink HandleInputEvent event received = PointerDown
04-13 15:15:25.891 I/chromium(14231): [INFO:web_frame_widget_impl.cc(2748)] SBRTOUCHLOG Blink HandleInputEvent event received = GestureTapDown
04-13 15:15:25.917 I/chromium(14231): [INFO:web_frame_widget_impl.cc(2748)] SBRTOUCHLOG Blink HandleInputEvent event received = PointerMove
04-13 15:15:25.950 I/chromium(14231): [INFO:web_frame_widget_impl.cc(2748)] SBRTOUCHLOG Blink HandleInputEvent event received = PointerMove
04-13 15:15:25.960 I/chromium(14231): [INFO:web_frame_widget_impl.cc(2748)] SBRTOUCHLOG Blink HandleInputEvent event received = PointerUp
04-13 15:15:25.961 I/chromium(30459): [INFO:input_router_impl.cc(641)] SBRTOUCHLOG InputRouterImpl::TouchEventHandled type: TouchEnd & ack: NOT_CONSUMED
04-13 15:15:25.962 I/chromium(14231): [INFO:web_frame_widget_impl.cc(2748)] SBRTOUCHLOG Blink HandleInputEvent event received = GestureShowPress
04-13 15:15:25.968 I/chromium(14231): [INFO:web_frame_widget_impl.cc(2748)] SBRTOUCHLOG Blink HandleInputEvent event received = GestureTap
04-13 15:15:26.031 I/CIRISApiClient(12196): [getConfigurationSessionStatus] Getting session status for: db508d71-3517-4746-aaf3-50e50cacc99d
04-13 15:15:26.090 I/CIRISApiClient(12196): [getConfigurationSessionStatus] Session status: step=1/5, status=awaiting_oauth, stepType=oauth
04-13 15:15:26.094 I/CIRISApiClient(12196): [getConfigurationSessionStatus] Collected config keys: [base_url, callback_base_url]
04-13 15:15:26.595 I/SetupViewModel(12196): checkAdapterOAuthOnResume: Checking status...
04-13 15:15:26.597 I/CIRISApiClient(12196): [getConfigurationSessionStatus] Getting session status for: db508d71-3517-4746-aaf3-50e50cacc99d
04-13 15:15:26.664 I/CIRISApiClient(12196): [getConfigurationSessionStatus] Session status: step=1/5, status=awaiting_oauth, stepType=oauth
04-13 15:15:26.668 I/CIRISApiClient(12196): [getConfigurationSessionStatus] Collected config keys: [base_url, callback_base_url]
04-13 15:15:27.097 I/CIRISApiClient(12196): [getConfigurationSessionStatus] Getting session status for: db508d71-3517-4746-aaf3-50e50cacc99d
04-13 15:15:27.152 I/CIRISApiClient(12196): [getConfigurationSessionStatus] Session status: step=1/5, status=awaiting_oauth, stepType=oauth
04-13 15:15:27.154 I/CIRISApiClient(12196): [getConfigurationSessionStatus] Collected config keys: [base_url, callback_base_url]
04-13 15:15:27.338 I/chromium(14231): [INFO:frame_loader.cc(618)] LoaderLog  StartNavigation  ClientRedirect = 0
04-13 15:15:27.358 I/chromium(30459): [INFO:tin_six_tab_helper.cc(621)] ActivateTabAt 0,17
04-13 15:15:27.394 I/chromium(14231): [INFO:layer_tree_host_impl.cc(198)] SBRTOUCHLOG DidVisibilityChange = 0
04-13 15:15:27.395 I/chromium(14231): [INFO:layer_tree_host_impl.cc(4001)] SBRTOUCHLOG SetDeferCommitFlagForDebug = 1
04-13 15:15:27.395 I/chromium(14231): [INFO:layer_tree_host_impl.cc(4001)] SBRTOUCHLOG SetDeferCommitFlagForDebug = 0
04-13 15:15:27.395 I/chromium(14231): [INFO:tin_anti_tracking_renderer_url_loader_throttle_helper.cc(31)] [IAT] set delegate th 0x54a80230 td 0xc46b10a0
04-13 15:15:27.395 I/chromium(14231): [INFO:tin_smart_protect_renderer.cc(16)] TinSmartProtectRenderer
04-13 15:15:27.398 I/chromium(14231): [INFO:tin_smart_protect_renderer.cc(33)] BindPendingReceiver bound=1
04-13 15:15:27.534 I/chromium(30459): [INFO:tin_six_tab_helper.cc(621)] ActivateTabAt 0,17
04-13 15:15:27.549 I/chromium(14231): [INFO:layer_tree_host_impl.cc(4001)] SBRTOUCHLOG SetDeferCommitFlagForDebug = 1
04-13 15:15:27.569 I/chromium(14231): [INFO:render_frame_impl.cc(3805)] LoaderLog didCommitProvisionalLoad
04-13 15:15:27.573 W/chromium(30459): [WARNING:window_android.cc(123)] TAB-STATUS observer removed
04-13 15:15:27.576 I/chromium(30459): [INFO:render_widget_host_impl.cc(843)] SBRTOUCHLOG  RenderWidgetHostImpl::WasShown
04-13 15:15:27.577 W/chromium(30459): [WARNING:window_android.cc(109)] TAB-STATUS observer added
04-13 15:15:27.581 I/chromium(14231): [INFO:layer_tree_host_impl.cc(198)] SBRTOUCHLOG DidVisibilityChange = 0
04-13 15:15:27.588 I/chromium(14231): [INFO:frame_loader.cc(274)] LoaderLog  SetDefersLoading  DeferType = 1
04-13 15:15:27.588 I/chromium(14231): [INFO:layer_tree_host_impl.cc(198)] SBRTOUCHLOG DidVisibilityChange = 1
04-13 15:15:27.631 I/chromium(30459): [INFO:back_forward_cache_impl.cc(675)] BFCACHELOG  CanStorePageNow  result = No: blocklisted features: AppFeature
04-13 15:15:27.631 I/chromium(30459): [INFO:render_frame_host_impl.cc(5780)] BFCACHELOG  Eviction  reason = No: blocklisted features: AppFeature
04-13 15:15:27.640 I/chromium(14231): [INFO:render_frame_impl.cc(5114)] LoaderLog didStopLoading
04-13 15:15:27.641 I/chromium(14231): [INFO:layer_tree_host_impl.cc(4001)] SBRTOUCHLOG SetDeferCommitFlagForDebug = 1
04-13 15:15:27.646 I/chromium(14231): [INFO:layer_tree_host_impl.cc(4001)] SBRTOUCHLOG SetDeferCommitFlagForDebug = 0
04-13 15:15:27.670 I/chromium(14231): [INFO:layer_tree_host_impl.cc(4001)] SBRTOUCHLOG SetDeferCommitFlagForDebug = 0
04-13 15:15:27.672 I/chromium(14231): [INFO:progress_tracker.cc(112)] LoaderLog  FinishedParsing
04-13 15:15:27.682 I/chromium(14231): [INFO:render_frame_impl.cc(4027)] LoaderLog didFinishLoad
04-13 15:15:27.683 I/chromium(14231): [INFO:frame_loader.cc(402)] LoaderLog Completed totalBytes = 767
04-13 15:15:27.683 I/chromium(14231): [INFO:render_frame_impl.cc(5114)] LoaderLog didStopLoading
04-13 15:15:27.684 I/chromium(30459): [INFO:web_contents_impl.cc(6549)] LoaderLog  progress completed
04-13 15:15:27.688 I/chromium(14231): [INFO:layer_tree_impl.cc(1205)] DidUpdatePageScale IsActiveTree: 0 ScaleFactor: 1
04-13 15:15:27.699 I/chromium(14231): [INFO:layer_tree_impl.cc(1205)] DidUpdatePageScale IsActiveTree: 1 ScaleFactor: 1
04-13 15:15:27.722 I/chromium(30459): [INFO:tin_six_tab_helper.cc(621)] ActivateTabAt 0,17
04-13 15:15:28.157 I/CIRISApiClient(12196): [getConfigurationSessionStatus] Getting session status for: db508d71-3517-4746-aaf3-50e50cacc99d
04-13 15:15:28.241 I/CIRISApiClient(12196): [getConfigurationSessionStatus] Session status: step=2/5, status=active, stepType=select
04-13 15:15:28.243 I/CIRISApiClient(12196): [getConfigurationSessionStatus] Collected config keys: [base_url, callback_base_url, oauth_tokens]
04-13 15:15:28.245 I/SetupViewModel(12196): OAuth callback received - step advanced
04-13 15:15:28.253 I/CIRISApiClient(12196): [executeConfigurationStep] === EXECUTE CONFIG STEP ===
04-13 15:15:28.255 I/CIRISApiClient(12196): [executeConfigurationStep] Session: db508d71-3517-4746-aaf3-50e50cacc99d
04-13 15:15:28.257 I/CIRISApiClient(12196): [executeConfigurationStep] Step data keys: []
04-13 15:15:28.258 I/CIRISApiClient(12196): [executeConfigurationStep] Step data values: {}
04-13 15:15:28.345 I/CIRISApiClient(12196): [executeConfigurationStep] Response HTTP status: 200
04-13 15:15:28.350 I/CIRISApiClient(12196): [executeConfigurationStep] Response data: success=true, error=null, nextStepIndex=null
04-13 15:15:28.352 I/CIRISApiClient(12196): [executeConfigurationStep] Response data keys: [options]
04-13 15:15:28.355 I/CIRISApiClient(12196): [executeConfigurationStep] Response data.data: options=[{"id":"device_control","label":"Device Control","description":"Control lights, switches, and other 
04-13 15:15:28.357 I/CIRISApiClient(12196): [executeConfigurationStep] Step result: success=true, nextStep=null, isDiscovery=false, isComplete=false
04-13 15:15:28.358 I/CIRISApiClient(12196): [executeConfigurationStep] === OAUTH URL EXTRACTION ===
04-13 15:15:28.360 I/CIRISApiClient(12196): [executeConfigurationStep] oauth_url present in data: false
04-13 15:15:28.361 I/CIRISApiClient(12196): [executeConfigurationStep] awaiting_callback present in data: false
04-13 15:15:28.362 I/CIRISApiClient(12196): [executeConfigurationStep] No oauth_url extracted from response
04-13 15:15:28.363 I/CIRISApiClient(12196): [executeConfigurationStep] awaitingCallback: false
04-13 15:15:28.366 I/CIRISApiClient(12196): [executeConfigurationStep] Parsed 6 select options
04-13 15:15:28.368 I/SetupViewModel(12196): Fetched 6 select options
04-13 15:15:29.296 D/EnvFileUpdater(12196): Found CIRIS_HOME from env: /data/user/0/ai.ciris.mobile.debug/files/ciris
04-13 15:15:29.655 W/chromium(30459): [WARNING:window_android.cc(123)] TAB-STATUS observer removed
04-13 15:15:29.657 I/chromium(14231): [INFO:layer_tree_host_impl.cc(198)] SBRTOUCHLOG DidVisibilityChange = 0
04-13 15:15:29.842 I/chromium(30459): [INFO:layer_tree_host_impl.cc(198)] SBRTOUCHLOG DidVisibilityChange = 0
04-13 15:15:31.611 I/SetupViewModel(12196): submitAdapterWizardStep: Submitting step data: {selection=notifications,sensor_data,automation_trigger,device_control}
04-13 15:15:31.614 I/CIRISApiClient(12196): [executeConfigurationStep] === EXECUTE CONFIG STEP ===
04-13 15:15:31.616 I/CIRISApiClient(12196): [executeConfigurationStep] Session: db508d71-3517-4746-aaf3-50e50cacc99d
04-13 15:15:31.618 I/CIRISApiClient(12196): [executeConfigurationStep] Step data keys: [selection]
04-13 15:15:31.620 I/CIRISApiClient(12196): [executeConfigurationStep] Step data values: {selection=notifications,sensor_data,automation_trigger,device_control}
04-13 15:15:31.713 I/CIRISApiClient(12196): [executeConfigurationStep] Response HTTP status: 200
04-13 15:15:31.719 I/CIRISApiClient(12196): [executeConfigurationStep] Response data: success=true, error=null, nextStepIndex=3
04-13 15:15:31.721 I/CIRISApiClient(12196): [executeConfigurationStep] Response data keys: []
04-13 15:15:31.722 I/CIRISApiClient(12196): [executeConfigurationStep] Response data.data: 
04-13 15:15:31.724 I/CIRISApiClient(12196): [executeConfigurationStep] Step result: success=true, nextStep=3, isDiscovery=false, isComplete=false
04-13 15:15:31.727 I/CIRISApiClient(12196): [executeConfigurationStep] === OAUTH URL EXTRACTION ===
04-13 15:15:31.729 I/CIRISApiClient(12196): [executeConfigurationStep] oauth_url present in data: false
04-13 15:15:31.731 I/CIRISApiClient(12196): [executeConfigurationStep] awaiting_callback present in data: false
04-13 15:15:31.733 I/CIRISApiClient(12196): [executeConfigurationStep] No oauth_url extracted from response
04-13 15:15:31.735 I/CIRISApiClient(12196): [executeConfigurationStep] awaitingCallback: false
04-13 15:15:31.738 I/CIRISApiClient(12196): [getConfigurationSessionStatus] Getting session status for: db508d71-3517-4746-aaf3-50e50cacc99d
04-13 15:15:31.814 I/CIRISApiClient(12196): [getConfigurationSessionStatus] Session status: step=3/5, status=active, stepType=select
04-13 15:15:31.818 I/CIRISApiClient(12196): [getConfigurationSessionStatus] Collected config keys: [base_url, callback_base_url, oauth_tokens, select_features]
04-13 15:15:31.823 I/SetupViewModel(12196): handleAdapterWizardStepResult: Step 3/5
04-13 15:15:31.826 I/CIRISApiClient(12196): [executeConfigurationStep] === EXECUTE CONFIG STEP ===
04-13 15:15:31.828 I/CIRISApiClient(12196): [executeConfigurationStep] Session: db508d71-3517-4746-aaf3-50e50cacc99d
04-13 15:15:31.830 I/CIRISApiClient(12196): [executeConfigurationStep] Step data keys: []
04-13 15:15:31.832 I/CIRISApiClient(12196): [executeConfigurationStep] Step data values: {}
04-13 15:15:31.982 I/CIRISApiClient(12196): [executeConfigurationStep] Response HTTP status: 200
04-13 15:15:31.989 I/CIRISApiClient(12196): [executeConfigurationStep] Response data: success=true, error=null, nextStepIndex=null
04-13 15:15:31.991 I/CIRISApiClient(12196): [executeConfigurationStep] Response data keys: [options]
04-13 15:15:31.994 I/CIRISApiClient(12196): [executeConfigurationStep] Response data.data: options=[{"id":"camera.back_door_camera","label":"Back door camera","description":"Camera entity: camera.bac
04-13 15:15:31.996 I/CIRISApiClient(12196): [executeConfigurationStep] Step result: success=true, nextStep=null, isDiscovery=false, isComplete=false
04-13 15:15:31.998 I/CIRISApiClient(12196): [executeConfigurationStep] === OAUTH URL EXTRACTION ===
04-13 15:15:32.000 I/CIRISApiClient(12196): [executeConfigurationStep] oauth_url present in data: false
04-13 15:15:32.002 I/CIRISApiClient(12196): [executeConfigurationStep] awaiting_callback present in data: false
04-13 15:15:32.004 I/CIRISApiClient(12196): [executeConfigurationStep] No oauth_url extracted from response
04-13 15:15:32.006 I/CIRISApiClient(12196): [executeConfigurationStep] awaitingCallback: false
04-13 15:15:32.008 I/CIRISApiClient(12196): [executeConfigurationStep] Parsed 3 select options
04-13 15:15:32.010 I/SetupViewModel(12196): Fetched 3 select options
04-13 15:15:32.916 I/SetupViewModel(12196): submitAdapterWizardStep: Submitting step data: {selection=skip}
04-13 15:15:32.919 I/CIRISApiClient(12196): [executeConfigurationStep] === EXECUTE CONFIG STEP ===
04-13 15:15:32.921 I/CIRISApiClient(12196): [executeConfigurationStep] Session: db508d71-3517-4746-aaf3-50e50cacc99d
04-13 15:15:32.923 I/CIRISApiClient(12196): [executeConfigurationStep] Step data keys: [selection]
04-13 15:15:32.925 I/CIRISApiClient(12196): [executeConfigurationStep] Step data values: {selection=skip}
04-13 15:15:33.012 I/CIRISApiClient(12196): [executeConfigurationStep] Response HTTP status: 200
04-13 15:15:33.017 I/CIRISApiClient(12196): [executeConfigurationStep] Response data: success=true, error=null, nextStepIndex=4
04-13 15:15:33.018 I/CIRISApiClient(12196): [executeConfigurationStep] Response data keys: []
04-13 15:15:33.020 I/CIRISApiClient(12196): [executeConfigurationStep] Response data.data: 
04-13 15:15:33.021 I/CIRISApiClient(12196): [executeConfigurationStep] Step result: success=true, nextStep=4, isDiscovery=false, isComplete=false
04-13 15:15:33.023 I/CIRISApiClient(12196): [executeConfigurationStep] === OAUTH URL EXTRACTION ===
04-13 15:15:33.025 I/CIRISApiClient(12196): [executeConfigurationStep] oauth_url present in data: false
04-13 15:15:33.026 I/CIRISApiClient(12196): [executeConfigurationStep] awaiting_callback present in data: false
04-13 15:15:33.028 I/CIRISApiClient(12196): [executeConfigurationStep] No oauth_url extracted from response
04-13 15:15:33.029 I/CIRISApiClient(12196): [executeConfigurationStep] awaitingCallback: false
04-13 15:15:33.031 I/CIRISApiClient(12196): [getConfigurationSessionStatus] Getting session status for: db508d71-3517-4746-aaf3-50e50cacc99d
04-13 15:15:33.085 I/CIRISApiClient(12196): [getConfigurationSessionStatus] Session status: step=4/5, status=active, stepType=confirm
04-13 15:15:33.088 I/CIRISApiClient(12196): [getConfigurationSessionStatus] Collected config keys: [base_url, callback_base_url, oauth_tokens, select_features, select_cameras]
04-13 15:15:33.092 I/SetupViewModel(12196): handleAdapterWizardStepResult: Step 4/5
04-13 15:15:33.960 I/SetupViewModel(12196): submitAdapterWizardStep: Submitting step data: {}
04-13 15:15:33.962 I/CIRISApiClient(12196): [executeConfigurationStep] === EXECUTE CONFIG STEP ===
04-13 15:15:33.965 I/CIRISApiClient(12196): [executeConfigurationStep] Session: db508d71-3517-4746-aaf3-50e50cacc99d
04-13 15:15:33.967 I/CIRISApiClient(12196): [executeConfigurationStep] Step data keys: []
04-13 15:15:33.969 I/CIRISApiClient(12196): [executeConfigurationStep] Step data values: {}
04-13 15:15:34.050 I/CIRISApiClient(12196): [executeConfigurationStep] Response HTTP status: 200
04-13 15:15:34.055 I/CIRISApiClient(12196): [executeConfigurationStep] Response data: success=true, error=null, nextStepIndex=5
04-13 15:15:34.057 I/CIRISApiClient(12196): [executeConfigurationStep] Response data keys: [config_summary]
04-13 15:15:34.059 I/CIRISApiClient(12196): [executeConfigurationStep] Response data.data: config_summary={"base_url":"http://192.168.50.243:8123","callback_base_url":"http://127.0.0.1:8080","oauth_tokens":
04-13 15:15:34.060 I/CIRISApiClient(12196): [executeConfigurationStep] Step result: success=true, nextStep=5, isDiscovery=false, isComplete=false
04-13 15:15:34.062 I/CIRISApiClient(12196): [executeConfigurationStep] === OAUTH URL EXTRACTION ===
04-13 15:15:34.063 I/CIRISApiClient(12196): [executeConfigurationStep] oauth_url present in data: false
04-13 15:15:34.065 I/CIRISApiClient(12196): [executeConfigurationStep] awaiting_callback present in data: false
04-13 15:15:34.066 I/CIRISApiClient(12196): [executeConfigurationStep] No oauth_url extracted from response
04-13 15:15:34.068 I/CIRISApiClient(12196): [executeConfigurationStep] awaitingCallback: false
04-13 15:15:34.070 I/CIRISApiClient(12196): [getConfigurationSessionStatus] Getting session status for: db508d71-3517-4746-aaf3-50e50cacc99d
04-13 15:15:34.111 I/CIRISApiClient(12196): [getConfigurationSessionStatus] Session status: step=5/5, status=active, stepType=null
04-13 15:15:34.112 I/CIRISApiClient(12196): [getConfigurationSessionStatus] Collected config keys: [base_url, callback_base_url, oauth_tokens, select_features, select_cameras]
04-13 15:15:34.114 I/SetupViewModel(12196): handleAdapterWizardStepResult: Step 5/5
04-13 15:15:34.115 I/SetupViewModel(12196): Wizard completed!
04-13 15:15:34.121 I/CIRISApiClient(12196): [completeAdapterConfiguration] Completing configuration for session: db508d71-3517-4746-aaf3-50e50cacc99d, persist=true
04-13 15:15:34.272 I/CIRISApiClient(12196): [completeAdapterConfiguration] Config complete: success=true, adapterType=home_assistant
04-13 15:15:34.276 I/SetupViewModel(12196): completeAdapterWizardInternal: Completed - success=true
04-13 15:15:34.278 I/SetupViewModel(12196): closeAdapterWizard: Closing wizard
04-13 15:15:39.299 D/EnvFileUpdater(12196): Found CIRIS_HOME from env: /data/user/0/ai.ciris.mobile.debug/files/ciris
04-13 15:15:43.043 I/SetupViewModel(12196): buildSetupRequest: isNodeFlow=false, deviceAuth.status=IDLE
04-13 15:15:43.045 I/SetupViewModel(12196): buildSetupRequest: deviceAuth.keyId=null, signingKeyB64=null...
04-13 15:15:43.051 W/SetupViewModel(12196): Node flow NOT complete or not in node flow - nodeFlowData will be null (isNodeFlow=false, status=IDLE)
04-13 15:15:43.057 I/SetupViewModel(12196): completeSetup: signing_key_id=null, signing_key_provisioned=false
04-13 15:15:43.059 I/SetupViewModel(12196): completeSetup: provisioned_signing_key_b64=null...
04-13 15:15:43.063 I/CIRISApiClient(12196): [completeSetup] Completing setup: provider=other, template=default, username=oauth_google_user
04-13 15:15:43.406 D/MainActivity(12196): Verify: ciris_verify_ffi: [INFO] ciris_keyring::platform::android: VERIFY key_exists check - phase 1 (file/wrapper check), wrapper_alias=agent_signing_aes_wrapper, encrypted_key_path="/data/data/ai.ciris.mobile.debug/files/ciris/data/agent_signing.ed25519.enc", wrapper_exists=true, file_exists=true
04-13 15:15:43.407 D/MainActivity(12196): Verify: ciris_verify_ffi: [INFO] ciris_keyring::platform::android: VERIFY key_exists check - phase 2 PASSED (key can be decrypted), wrapper_alias=agent_signing_aes_wrapper
04-13 15:15:43.408 D/MainActivity(12196): Verify: ciris_verify_ffi: [INFO] ciris_keyring::software: VERIFY MutableEd25519Signer::has_key - hardware wrapper check, has_key=true, hardware_backed=true, ciris_data_dir=Some("/data/data/ai.ciris.mobile.debug/files/ciris")
04-13 15:15:43.414 D/MainActivity(12196): Verify: ciris_verify_ffi: [INFO] ciris_keyring::platform::android: VERIFY key_exists check - phase 1 (file/wrapper check), wrapper_alias=agent_signing_aes_wrapper, encrypted_key_path="/data/data/ai.ciris.mobile.debug/files/ciris/data/agent_signing.ed25519.enc", wrapper_exists=true, file_exists=true
04-13 15:15:43.415 D/MainActivity(12196): Verify: ciris_verify_ffi: [INFO] ciris_keyring::platform::android: VERIFY key_exists check - phase 2 PASSED (key can be decrypted), wrapper_alias=agent_signing_aes_wrapper
04-13 15:15:43.420 I/python.stdout(12196): [SETUP_COMPLETE] Calling _create_setup_users(username=oauth_google_user, db=/data/data/ai.ciris.mobile.debug/files/ciris/data/ciris_audit.db)
04-13 15:15:44.277 I/python.stdout(12196): [SETUP_COMPLETE] ✅ Founding partnership created: consent/google:102773749033681671083 (PARTNERED)
04-13 15:15:44.452 I/python.stdout(12196): [SETUP_COMPLETE] _create_setup_users completed successfully
04-13 15:15:44.475 D/MainActivity(12196): Verify: ciris_verify_ffi: [INFO] ciris_keyring::platform::android: VERIFY key_exists check - phase 1 (file/wrapper check), wrapper_alias=agent_signing_aes_wrapper, encrypted_key_path="/data/data/ai.ciris.mobile.debug/files/ciris/data/agent_signing.ed25519.enc", wrapper_exists=true, file_exists=true
04-13 15:15:44.476 D/MainActivity(12196): Verify: ciris_verify_ffi: [INFO] ciris_keyring::platform::android: VERIFY key_exists check - phase 2 PASSED (key can be decrypted), wrapper_alias=agent_signing_aes_wrapper
04-13 15:15:44.542 D/MainActivity(12196): Verify: ciris_verify_ffi: [INFO] ciris_verify_core::unified: VERIFY ATTESTATION STARTING: Full attestation with network+integrity checks
04-13 15:15:44.544 D/MainActivity(12196): Verify: ciris_verify_ffi: [INFO] ciris_verify_core::unified: VERIFY PHASE 1/2 STARTING: Parallel manifest fetch + validation (5 network calls)
04-13 15:15:44.546 D/MainActivity(12196): Verify: ciris_verify_ffi: [INFO] ciris_verify_core::unified: VERIFY STEP 1/5 STARTING: Binary manifest fetch
04-13 15:15:44.584 I/CIRISApiClient(12196): [completeSetup] Setup complete: success=true, message=Setup completed successfully. Starting agent processor...
04-13 15:15:45.117 D/MainActivity(12196): Verify: ciris_verify_ffi: [INFO] ciris_verify_core::unified: VERIFY STEP 1/5 COMPLETE: OK (10 targets)
04-13 15:15:45.128 D/MainActivity(12196): Verify: ciris_verify_ffi: [INFO] ciris_verify_core::unified: VERIFY STEP 2/5 STARTING: Function manifest fetch
04-13 15:15:45.432 D/MainActivity(12196): Verify: ciris_verify_ffi: [INFO] ciris_verify_core::unified: VERIFY STEP 2/5 COMPLETE: OK (48 functions)
04-13 15:15:45.454 D/MainActivity(12196): Verify: ciris_verify_ffi: [INFO] ciris_verify_core::unified: VERIFY STEP 3/5 STARTING: Agent build record fetch
04-13 15:15:45.932 D/MainActivity(12196): Verify: ciris_verify_ffi: [WARN] ciris_verify_core::unified: VERIFY STEP 3/5 COMPLETE: FAILED (HTTPS error: All registry endpoints failed for build/2.4.4)
04-13 15:15:45.971 D/MainActivity(12196): Verify: ciris_verify_ffi: [INFO] ciris_verify_core::unified: VERIFY STEP 4/5 STARTING: Source validation (DNS US + EU + HTTPS)
04-13 15:15:46.391 I/python.stdout(12196): [SERVICES] === RESUME (12 remaining services) PHASE ===
04-13 15:15:46.425 I/python.stdout(12196): [RESUME (12 remaining services)] [SERVICE 9/22] TelemetryService STARTED
04-13 15:15:46.427 D/MainActivity(12196): Service 9 started (11/22)
04-13 15:15:46.647 D/CIRISApp(12196): [INFO] onSetupComplete called - exchanging tokens...
04-13 15:15:46.649 I/CIRISApp(12196):  Exchanging OAuth ID token for CIRIS access token (provider=google)
04-13 15:15:46.652 I/CIRISApiClient(12196): [nativeAuth] Attempting native auth: provider=google, userId=102773749033681671083
04-13 15:15:46.655 I/CIRISApiClient(12196): [googleAuth] Attempting Google auth: userId=102773749033681671083, idToken=eyJhbGci...l5Ow
04-13 15:15:46.682 I/python.stdout(12196): [RESUME (12 remaining services)] [SERVICE 14/22] LLMService STARTED
04-13 15:15:46.683 D/MainActivity(12196): Service 14 started (12/22)
04-13 15:15:46.792 D/MainActivity(12196): Verify: ciris_verify_ffi: [INFO] ciris_verify_core::unified: VERIFY STEP 4/5 COMPLETE: 3/3 sources reachable
04-13 15:15:46.797 D/MainActivity(12196): Verify: ciris_verify_ffi: [INFO] ciris_verify_core::unified: VERIFY STEP 5/5 STARTING: Registry key verification
04-13 15:15:46.926 D/MainActivity(12196): Verify: ciris_verify_ffi: [INFO] ciris_verify_core::unified: VERIFY STEP 5/5 COMPLETE: not_found
04-13 15:15:46.938 D/MainActivity(12196): Verify: ciris_verify_ffi: [INFO] ciris_verify_core::unified: VERIFY PHASE 1/2 COMPLETE: All network fetches done
04-13 15:15:46.946 D/MainActivity(12196): Verify: ciris_verify_ffi: [ERROR] ciris_verify_core::unified: VERIFY MANIFEST_CACHE MISS: No cached build record available and registry unreachable — L4 file integrity will be skipped
04-13 15:15:46.949 D/MainActivity(12196): Verify: ciris_verify_ffi: [INFO] ciris_verify_core::unified: VERIFY PHASE 2/2 STARTING: Local verification (6 checks)
04-13 15:15:46.957 D/MainActivity(12196): Verify: ciris_verify_ffi: [INFO] ciris_verify_core::unified: VERIFY STEP 1/6 STARTING: Self-verification (binary + functions)
04-13 15:15:47.115 D/MainActivity(12196): Verify: ciris_verify_ffi: [INFO] ciris_verify_core::unified: VERIFY STEP 1/6 COMPLETE: OK (binary=✓, functions=48/48)
04-13 15:15:47.117 D/MainActivity(12196): Verify: ciris_verify_ffi: [INFO] ciris_verify_core::unified: VERIFY STEP 2/6 STARTING: File integrity check
04-13 15:15:47.117 D/MainActivity(12196): Verify: ciris_verify_ffi: [WARN] ciris_verify_core::unified: VERIFY STEP 2/6 COMPLETE: FAILED (HTTPS error: No build record available (pre-fetch failed))
04-13 15:15:47.118 D/MainActivity(12196): Verify: ciris_verify_ffi: [INFO] ciris_verify_core::unified: VERIFY STEP 3/6 STARTING: Module integrity check
04-13 15:15:47.119 D/MainActivity(12196): Verify: ciris_verify_ffi: [WARN] ciris_verify_core::unified: VERIFY STEP 3/6 COMPLETE: FAILED (HTTPS error: No build record available (pre-fetch failed))
04-13 15:15:47.120 D/MainActivity(12196): Verify: ciris_verify_ffi: [INFO] ciris_verify_core::unified: VERIFY STEP 4/6 STARTING: Source validation analysis
04-13 15:15:47.121 D/MainActivity(12196): Verify: ciris_verify_ffi: [INFO] ciris_verify_core::unified: VERIFY STEP 4/6 COMPLETE: 3/3 sources valid (status=AllSourcesAgree)
04-13 15:15:47.122 D/MainActivity(12196): Verify: ciris_verify_ffi: [INFO] ciris_verify_core::unified: VERIFY STEP 5/6 STARTING: Python module integrity
04-13 15:15:47.123 D/MainActivity(12196): Verify: ciris_verify_ffi: [INFO] ciris_verify_core::unified: VERIFY STEP 5/6 COMPLETE: OK (958/958 modules passed)
04-13 15:15:47.124 D/MainActivity(12196): Verify: ciris_verify_ffi: [INFO] ciris_verify_core::unified: VERIFY STEP 6/6 STARTING: Audit trail verification
04-13 15:15:47.125 D/MainActivity(12196): Verify: ciris_verify_ffi: [INFO] ciris_verify_core::unified: VERIFY STEP 6/6 COMPLETE: SKIP (no entries provided)
04-13 15:15:47.130 D/MainActivity(12196): Verify: ciris_verify_ffi: [INFO] ciris_verify_core::unified: VERIFY PHASE 2/2 COMPLETE: All local checks done
04-13 15:15:47.132 D/MainActivity(12196): Verify: ciris_verify_ffi: [INFO] ciris_verify_core::unified: VERIFY ATTESTATION COMPLETE: level=1, valid=false, checks=5/6, time=2588ms
04-13 15:15:47.136 D/MainActivity(12196): Verify: ciris_verify_ffi: [INFO] ciris_keyring::platform::android: VERIFY key_exists check - phase 1 (file/wrapper check), wrapper_alias=agent_signing_aes_wrapper, encrypted_key_path="/data/data/ai.ciris.mobile.debug/files/ciris/data/agent_signing.ed25519.enc", wrapper_exists=true, file_exists=true
04-13 15:15:47.137 D/MainActivity(12196): Verify: ciris_verify_ffi: [INFO] ciris_keyring::platform::android: VERIFY key_exists check - phase 2 PASSED (key can be decrypted), wrapper_alias=agent_signing_aes_wrapper
04-13 15:15:47.138 D/MainActivity(12196): Verify: ciris_verify_ffi: [INFO] ciris_keyring::software: VERIFY MutableEd25519Signer::has_key - hardware wrapper check, has_key=true, hardware_backed=true, ciris_data_dir=Some("/data/data/ai.ciris.mobile.debug/files/ciris")
04-13 15:15:47.144 D/MainActivity(12196): Verify: ciris_verify_ffi: [INFO] ciris_keyring::platform::android: VERIFY key_exists check - phase 1 (file/wrapper check), wrapper_alias=agent_signing_aes_wrapper, encrypted_key_path="/data/data/ai.ciris.mobile.debug/files/ciris/data/agent_signing.ed25519.enc", wrapper_exists=true, file_exists=true
04-13 15:15:47.145 D/MainActivity(12196): Verify: ciris_verify_ffi: [INFO] ciris_keyring::platform::android: VERIFY key_exists check - phase 2 PASSED (key can be decrypted), wrapper_alias=agent_signing_aes_wrapper
04-13 15:15:47.221 I/python.stdout(12196): VERIFY Unified attestation complete, valid=false, level=1, level_pending=true, checks_passed=4, checks_total=5
04-13 15:15:47.222 D/MainActivity(12196): Verify: VERIFY Unified attestation complete, valid=false, level=1, level_pending=true, checks_passed=4, checks_total=5
04-13 15:15:47.522 D/MainActivity(12196): Verify: ciris_verify_ffi: [INFO] ciris_keyring::platform::android: VERIFY key_exists check - phase 1 (file/wrapper check), wrapper_alias=agent_signing_aes_wrapper, encrypted_key_path="/data/data/ai.ciris.mobile.debug/files/ciris/data/agent_signing.ed25519.enc", wrapper_exists=true, file_exists=true
04-13 15:15:47.524 D/MainActivity(12196): Verify: ciris_verify_ffi: [INFO] ciris_keyring::platform::android: VERIFY key_exists check - phase 2 PASSED (key can be decrypted), wrapper_alias=agent_signing_aes_wrapper
04-13 15:15:48.548 I/python.stdout(12196): [RESUME (12 remaining services)] [SERVICE 8/22] AuditService STARTED
04-13 15:15:48.549 D/MainActivity(12196): Service 8 started (13/22)
04-13 15:15:48.611 I/python.stdout(12196): [RESUME (12 remaining services)] [SERVICE 10/22] IncidentManagement STARTED
04-13 15:15:48.612 D/MainActivity(12196): Service 10 started (14/22)
04-13 15:15:48.698 I/python.stdout(12196): [RESUME (12 remaining services)] [SERVICE 19/22] AdaptiveFilter STARTED
04-13 15:15:48.699 D/MainActivity(12196): Service 19 started (15/22)
04-13 15:15:48.733 I/python.stdout(12196): [RESUME (12 remaining services)] [SERVICE 18/22] TaskScheduler STARTED
04-13 15:15:48.734 D/MainActivity(12196): Service 18 started (16/22)
04-13 15:15:49.300 D/EnvFileUpdater(12196): Found CIRIS_HOME from env: /data/user/0/ai.ciris.mobile.debug/files/ciris
04-13 15:15:49.659 I/python.stdout(12196): [RESUME (12 remaining services)] [SERVICE 11/22] TSDBConsolidation STARTED
04-13 15:15:49.661 D/MainActivity(12196): Service 11 started (17/22)
04-13 15:15:49.669 I/python.stdout(12196): [RESUME (12 remaining services)] [SERVICE 16/22] DatabaseMaintenance STARTED
04-13 15:15:49.671 D/MainActivity(12196): Service 16 started (18/22)
04-13 15:15:50.056 I/python.stdout(12196): [RESUME (12 remaining services)] [SERVICE 21/22] SelfObservation STARTED
04-13 15:15:50.058 D/MainActivity(12196): Service 21 started (19/22)
04-13 15:15:50.069 I/python.stdout(12196): [RESUME (12 remaining services)] [SERVICE 20/22] VisibilityService STARTED
04-13 15:15:50.070 D/MainActivity(12196): Service 20 started (20/22)
04-13 15:15:50.072 I/python.stdout(12196): [RESUME (12 remaining services)] [SERVICE 12/22] ConsentService STARTED
04-13 15:15:50.074 D/MainActivity(12196): Service 12 started (21/22)
04-13 15:15:50.108 I/python.stdout(12196): [RESUME (12 remaining services)] [SERVICE 17/22] RuntimeControl STARTED
04-13 15:15:50.109 D/MainActivity(12196): Service 17 started (22/22)
04-13 15:15:50.924 I/python.stdout(12196): [RESUME (12 remaining services)] [SERVICE 14/22] LLMService STARTED
04-13 15:15:50.925 D/MainActivity(12196): Service 14 started (22/22)
04-13 15:15:52.511 I/python.stdout(12196): [CONSOLIDATOR] Checking for missed windows...
04-13 15:15:52.563 I/CIRISApiClient(12196): [googleAuth] Google auth successful: userId=google:102773749033681671083, role=SYSTEM_ADMIN
04-13 15:15:52.569 I/CIRISApp(12196):  Got CIRIS access token: ciris_ad...besA
04-13 15:15:52.686 I/CIRISApp(12196):  Token saved to secure storage
04-13 15:15:52.687 I/CIRISApp(12196):  Writing OAuth ID token to .env for Python billing...
04-13 15:15:52.690 D/EnvFileUpdater(12196): Found CIRIS_HOME from env: /data/user/0/ai.ciris.mobile.debug/files/ciris
04-13 15:15:52.693 I/EnvFileUpdater(12196): Read .env file (7525 bytes)
04-13 15:15:52.696 I/EnvFileUpdater(12196): CIRIS proxy mode detected - updating OPENAI_API_KEY
04-13 15:15:52.698 I/EnvFileUpdater(12196): Updated OPENAI_API_KEY
04-13 15:15:52.700 I/EnvFileUpdater(12196): Updated CIRIS_BILLING_GOOGLE_ID_TOKEN
04-13 15:15:52.701 I/EnvFileUpdater(12196): .env file updated (proxy mode: true)
04-13 15:15:52.702 D/EnvFileUpdater(12196): Found CIRIS_HOME from env: /data/user/0/ai.ciris.mobile.debug/files/ciris
04-13 15:15:52.702 I/EnvFileUpdater(12196): Config reload signal written to /data/user/0/ai.ciris.mobile.debug/files/ciris/.config_reload
04-13 15:15:52.703 I/CIRISApp(12196):  .env updated, .config_reload signal written
04-13 15:15:52.705 I/CIRISApiClient(12196): [setAccessToken] Setting access token: ciris_ad...besA, length=55
04-13 15:15:52.707 I/CIRISApiClient(12196): [setAccessToken] Bearer token set on all API instances (13 APIs)
04-13 15:15:52.709 I/MainActivity(12196): Token updated, setting on billing apiClient
04-13 15:15:52.709 I/CIRISApiClient(12196): [setAccessToken] Setting access token: ciris_ad...besA, length=55
04-13 15:15:52.711 I/CIRISApiClient(12196): [setAccessToken] Bearer token set on all API instances (13 APIs)
04-13 15:15:52.713 I/CIRISApiClient(12196): [logTokenState] === TOKEN STATE DEBUG ===
04-13 15:15:52.714 I/CIRISApiClient(12196): [logTokenState] accessToken present: true
04-13 15:15:52.716 I/CIRISApiClient(12196): [logTokenState] accessToken preview: ciris_ad...besA
04-13 15:15:52.717 I/CIRISApiClient(12196): [logTokenState] accessToken length: 55
04-13 15:15:52.719 I/CIRISApiClient(12196): [logTokenState] authHeader() returns: Bearer <token>
04-13 15:15:52.720 I/CIRISApiClient(12196): [logTokenState] =========================
04-13 15:15:52.722 I/CIRISApp(12196):  Waiting 1.5s for Python to reload billing token...
04-13 15:15:52.725 D/CIRISApp(12196): [INIT] CIRISApp composable invoked - googleSignInCallback=PRESENT (248381459)
04-13 15:15:52.729 I/InteractViewModel(12196): [setDeviceAttestationCallback] Device attestation callback SET
04-13 15:15:52.743 D/CIRISApp(12196): [DEBUG][Screen.Setup] Rendering setup screen
04-13 15:15:52.777 D/MainActivity(12196): Verify: ciris_verify_ffi: [INFO] ciris_keyring::platform::android: VERIFY key_exists check - phase 1 (file/wrapper check), wrapper_alias=agent_signing_aes_wrapper, encrypted_key_path="/data/data/ai.ciris.mobile.debug/files/ciris/data/agent_signing.ed25519.enc", wrapper_exists=true, file_exists=true
04-13 15:15:52.778 D/MainActivity(12196): Verify: ciris_verify_ffi: [INFO] ciris_keyring::platform::android: VERIFY key_exists check - phase 2 PASSED (key can be decrypted), wrapper_alias=agent_signing_aes_wrapper
04-13 15:15:53.942 I/python.stdout(12196): [15:15:53.941] [STATE] Transition: shutdown -> work
04-13 15:15:53.946 D/MainActivity(12196): Verify: ciris_verify_ffi: [INFO] ciris_keyring::platform::android: VERIFY key_exists check - phase 1 (file/wrapper check), wrapper_alias=agent_signing_aes_wrapper, encrypted_key_path="/data/data/ai.ciris.mobile.debug/files/ciris/data/agent_signing.ed25519.enc", wrapper_exists=true, file_exists=true
04-13 15:15:53.949 D/MainActivity(12196): Verify: ciris_verify_ffi: [INFO] ciris_keyring::platform::android: VERIFY key_exists check - phase 2 PASSED (key can be decrypted), wrapper_alias=agent_signing_aes_wrapper
04-13 15:15:54.224 I/CIRISApp(12196):  Python reload wait complete
04-13 15:15:54.226 I/TokenManager(12196): [handleNewToken] Processing new token (length: 1096, provider: google)
04-13 15:15:54.233 I/TokenManager(12196): [handleNewToken] New token expiry: 1776112756 (1402s remaining)
04-13 15:15:54.235 I/CIRISApp(12196):  OAuth ID token refreshed by TokenManager (provider=google), exchanging for CIRIS token
04-13 15:15:54.237 I/CIRISApp(12196):  Triggering billingViewModel.loadBalance()...
04-13 15:15:54.239 I/BillingViewModel(12196): [loadBalance] Loading credit balance...
04-13 15:15:54.247 I/CIRISApiClient(12196): [listAdapters] Listing adapters
04-13 15:15:54.258 I/CIRISApiClient(12196): [nativeAuth] Attempting native auth: provider=google, userId=null
04-13 15:15:54.260 I/CIRISApiClient(12196): [googleAuth] Attempting Google auth: userId=null, idToken=eyJhbGci...l5Ow
04-13 15:15:54.267 I/TokenManager(12196): [startPeriodicRefresh] Starting periodic refresh (interval: 45 minutes)
04-13 15:15:54.270 D/CIRISApp(12196): [INIT] CIRISApp composable invoked - googleSignInCallback=PRESENT (248381459)
04-13 15:15:54.275 I/InteractViewModel(12196): [setDeviceAttestationCallback] Device attestation callback SET
04-13 15:15:55.688 D/CIRISApp(12196): [INIT] CIRISApp composable invoked - googleSignInCallback=PRESENT (248381459)
04-13 15:15:55.689 I/InteractViewModel(12196): [setDeviceAttestationCallback] Device attestation callback SET
04-13 15:15:55.714 D/CIRISApp(12196): [INFO] Startup READY, checking first-run status...
04-13 15:15:55.714 D/CIRISApp(12196): [INFO] Just completed setup, waiting for agent WORK state...
04-13 15:15:57.909 I/CIRISApiClient(12196): [listAdapters] API response: total=8, running=8, adapters.size=8
04-13 15:15:57.912 I/CIRISApiClient(12196): [listAdapters]   API adapter[0]: id=cirisverify_bootstrap, type=cirisverify, running=true, needsReauth=false, hasAuthStep=false
04-13 15:15:57.914 I/CIRISApiClient(12196): [listAdapters]   API adapter[1]: id=wallet_bootstrap, type=wallet, running=true, needsReauth=false, hasAuthStep=false
04-13 15:15:57.916 I/CIRISApiClient(12196): [listAdapters]   API adapter[2]: id=api_bootstrap, type=api, running=true, needsReauth=false, hasAuthStep=false
04-13 15:15:57.917 I/CIRISApiClient(12196): [listAdapters]   API adapter[3]: id=cirishostedtools_bootstrap, type=cirishostedtools, running=true, needsReauth=false, hasAuthStep=false
04-13 15:15:57.919 I/CIRISApiClient(12196): [listAdapters]   API adapter[4]: id=homeassistant_bootstrap, type=homeassistant, running=true, needsReauth=false, hasAuthStep=false
04-13 15:15:57.921 I/CIRISApiClient(12196): [listAdapters]   API adapter[5]: id=accordmetrics_bootstrap, type=accordmetrics, running=true, needsReauth=false, hasAuthStep=false
04-13 15:15:57.923 I/CIRISApiClient(12196): [listAdapters]   API adapter[6]: id=navigation_bootstrap, type=navigation, running=true, needsReauth=false, hasAuthStep=false
04-13 15:15:57.924 I/CIRISApiClient(12196): [listAdapters]   API adapter[7]: id=weather_bootstrap, type=weather, running=true, needsReauth=false, hasAuthStep=false
04-13 15:15:57.957 I/CIRISApp(12196):  Agent state: WORK
04-13 15:15:57.960 I/CIRISApp(12196):  Agent reached WORK state!
04-13 15:15:58.012 I/BillingViewModel(12196): [loadBalance] Credit status loaded: hasCredit=true, creditsRemaining=32, freeUsesRemaining=0, dailyFreeUsesRemaining=2, planName=CIRIS Mobile
04-13 15:15:58.014 I/BillingViewModel(12196): [loadBalance] Total credits calculated: 34
04-13 15:15:58.466 I/InteractViewModel(12196): [startPolling] Starting polling and SSE streams
04-13 15:15:58.468 I/InteractViewModel(12196): [startStatusPolling] Starting status polling (fast until agent ready)
