04-13 15:13:40.011 D/MainActivity(12196): Verify: ciris_verify_ffi: [WARN] ciris_verify_core::unified: VERIFY STEP 3/5 COMPLETE: FAILED (HTTPS error: All registry endpoints failed for build/2.4.4)
04-13 15:13:40.012 D/MainActivity(12196): Verify: ciris_verify_ffi: [INFO] ciris_verify_core::unified: VERIFY STEP 4/5 STARTING: Source validation (DNS US + EU + HTTPS)
04-13 15:13:40.586 D/MainActivity(12196): Verify: ciris_verify_ffi: [INFO] ciris_verify_core::unified: VERIFY STEP 4/5 COMPLETE: 3/3 sources reachable
04-13 15:13:40.589 D/MainActivity(12196): Verify: ciris_verify_ffi: [INFO] ciris_verify_core::unified: VERIFY STEP 5/5 STARTING: Registry key verification
04-13 15:13:40.593 D/MainActivity(12196): Verify: ciris_verify_ffi: [INFO] ciris_verify_core::unified: VERIFY STEP 5/5 COMPLETE: SKIP (no fingerprint)
04-13 15:13:40.595 D/MainActivity(12196): Verify: ciris_verify_ffi: [INFO] ciris_verify_core::unified: VERIFY PHASE 1/2 COMPLETE: All network fetches done
04-13 15:13:40.598 D/MainActivity(12196): Verify: ciris_verify_ffi: [ERROR] ciris_verify_core::unified: VERIFY MANIFEST_CACHE MISS: No cached build record available and registry unreachable — L4 file integrity will be skipped
04-13 15:13:40.600 D/MainActivity(12196): Verify: ciris_verify_ffi: [INFO] ciris_verify_core::unified: VERIFY PHASE 2/2 STARTING: Local verification (6 checks)
04-13 15:13:40.603 D/MainActivity(12196): Verify: ciris_verify_ffi: [INFO] ciris_verify_core::unified: VERIFY STEP 1/6 STARTING: Self-verification (binary + functions)
04-13 15:13:40.724 D/MainActivity(12196): Verify: ciris_verify_ffi: [INFO] ciris_verify_core::unified: VERIFY STEP 1/6 COMPLETE: OK (binary=✓, functions=48/48)
04-13 15:13:40.726 D/MainActivity(12196): Verify: ciris_verify_ffi: [INFO] ciris_verify_core::unified: VERIFY STEP 2/6 STARTING: File integrity check
04-13 15:13:40.728 D/MainActivity(12196): Verify: ciris_verify_ffi: [WARN] ciris_verify_core::unified: VERIFY STEP 2/6 COMPLETE: FAILED (HTTPS error: No build record available (pre-fetch failed))
04-13 15:13:40.730 D/MainActivity(12196): Verify: ciris_verify_ffi: [INFO] ciris_verify_core::unified: VERIFY STEP 3/6 STARTING: Module integrity check
04-13 15:13:40.732 D/MainActivity(12196): Verify: ciris_verify_ffi: [WARN] ciris_verify_core::unified: VERIFY STEP 3/6 COMPLETE: FAILED (HTTPS error: No build record available (pre-fetch failed))
04-13 15:13:40.733 D/MainActivity(12196): Verify: ciris_verify_ffi: [INFO] ciris_verify_core::unified: VERIFY STEP 4/6 STARTING: Source validation analysis
04-13 15:13:40.735 D/MainActivity(12196): Verify: ciris_verify_ffi: [INFO] ciris_verify_core::unified: VERIFY STEP 4/6 COMPLETE: 3/3 sources valid (status=AllSourcesAgree)
04-13 15:13:40.737 D/MainActivity(12196): Verify: ciris_verify_ffi: [INFO] ciris_verify_core::unified: VERIFY STEP 5/6 STARTING: Python module integrity
04-13 15:13:40.739 D/MainActivity(12196): Verify: ciris_verify_ffi: [INFO] ciris_verify_core::unified: VERIFY STEP 5/6 COMPLETE: OK (958/958 modules passed)
04-13 15:13:40.740 D/MainActivity(12196): Verify: ciris_verify_ffi: [INFO] ciris_verify_core::unified: VERIFY STEP 6/6 STARTING: Audit trail verification
04-13 15:13:40.743 D/MainActivity(12196): Verify: ciris_verify_ffi: [INFO] ciris_verify_core::unified: VERIFY STEP 6/6 COMPLETE: SKIP (no entries provided)
04-13 15:13:40.746 D/MainActivity(12196): Verify: ciris_verify_ffi: [INFO] ciris_verify_core::unified: VERIFY PHASE 2/2 COMPLETE: All local checks done
04-13 15:13:40.747 D/MainActivity(12196): Verify: ciris_verify_ffi: [INFO] ciris_verify_core::unified: VERIFY BASELINE SET: binary=true, functions=true, file_integrity=true, python=true
04-13 15:13:40.750 D/MainActivity(12196): Verify: ciris_verify_ffi: [INFO] ciris_verify_core::unified: VERIFY ATTESTATION COMPLETE: level=1, valid=false, checks=5/5, time=1636ms
04-13 15:13:40.754 D/MainActivity(12196): Verify: ciris_verify_ffi: [INFO] ciris_keyring::platform::android: VERIFY key_exists check - phase 1 (file/wrapper check), wrapper_alias=agent_signing_aes_wrapper, encrypted_key_path="/data/data/ai.ciris.mobile.debug/files/ciris/data/agent_signing.ed25519.enc", wrapper_exists=false, file_exists=false
04-13 15:13:40.756 D/MainActivity(12196): Verify: ciris_verify_ffi: [INFO] ciris_keyring::software: VERIFY MutableEd25519Signer::has_key - hardware wrapper check, has_key=false, hardware_backed=true, ciris_data_dir=Some("/data/data/ai.ciris.mobile.debug/files/ciris/data")
04-13 15:13:40.759 D/MainActivity(12196): Verify: ciris_verify_ffi: [INFO] ciris_keyring::software: VERIFY MutableEd25519Signer::import_key - importing key, key_len=32, hardware_backed=true, ciris_data_dir=Some("/data/data/ai.ciris.mobile.debug/files/ciris/data")
04-13 15:13:40.823 D/MainActivity(12196): Verify: ciris_verify_ffi: [INFO] ciris_keyring::platform::android: VERIFY Writing encrypted Ed25519 key to disk, wrapper_alias=agent_signing_aes_wrapper, encrypted_key_path="/data/data/ai.ciris.mobile.debug/files/ciris/data/agent_signing.ed25519.enc", encrypted_size=60, ciris_data_dir=Some("/data/data/ai.ciris.mobile.debug/files/ciris/data")
04-13 15:13:40.824 D/MainActivity(12196): Verify: ciris_verify_ffi: [INFO] ciris_keyring::platform::android: VERIFY Encrypted key file written and verified, encrypted_key_path="/data/data/ai.ciris.mobile.debug/files/ciris/data/agent_signing.ed25519.enc", file_size=60, expected_size=60
04-13 15:13:40.825 D/MainActivity(12196): Verify: ciris_verify_ffi: [INFO] ciris_keyring::platform::android: VERIFY Hardware-wrapped Ed25519 key imported successfully, wrapper_alias=agent_signing_aes_wrapper, encrypted_key_path="/data/data/ai.ciris.mobile.debug/files/ciris/data/agent_signing.ed25519.enc"
04-13 15:13:40.828 D/MainActivity(12196): Verify: ciris_verify_ffi: [INFO] ciris_keyring::platform::android: VERIFY key_exists check - phase 1 (file/wrapper check), wrapper_alias=agent_signing_aes_wrapper, encrypted_key_path="/data/data/ai.ciris.mobile.debug/files/ciris/data/agent_signing.ed25519.enc", wrapper_exists=true, file_exists=true
04-13 15:13:40.829 D/MainActivity(12196): Verify: ciris_verify_ffi: [INFO] ciris_keyring::platform::android: VERIFY key_exists check - phase 2 PASSED (key can be decrypted), wrapper_alias=agent_signing_aes_wrapper
04-13 15:13:40.836 D/MainActivity(12196): Verify: ciris_verify_ffi: [INFO] ciris_keyring::platform::android: VERIFY key_exists check - phase 1 (file/wrapper check), wrapper_alias=agent_signing_aes_wrapper, encrypted_key_path="/data/data/ai.ciris.mobile.debug/files/ciris/data/agent_signing.ed25519.enc", wrapper_exists=true, file_exists=true
04-13 15:13:40.838 D/MainActivity(12196): Verify: ciris_verify_ffi: [INFO] ciris_keyring::platform::android: VERIFY key_exists check - phase 2 PASSED (key can be decrypted), wrapper_alias=agent_signing_aes_wrapper
04-13 15:13:41.015 E/CIRISApiClient(12196): [getSystemStatus] Exception: ConnectException: Failed to connect to localhost/127.0.0.1:8080 | Context: url=http://localhost:8080
04-13 15:13:41.015 E/CIRISApiClient(12196): java.net.ConnectException: Failed to connect to localhost/127.0.0.1:8080
04-13 15:13:41.015 E/CIRISApiClient(12196): 	at okhttp3.internal.connection.RealConnection.connectSocket(RealConnection.kt:297)
04-13 15:13:41.015 E/CIRISApiClient(12196): 	at okhttp3.internal.connection.RealConnection.connect(RealConnection.kt:207)
04-13 15:13:41.015 E/CIRISApiClient(12196): 	at okhttp3.internal.connection.ExchangeFinder.findConnection(ExchangeFinder.kt:226)
04-13 15:13:41.015 E/CIRISApiClient(12196): 	at okhttp3.internal.connection.ExchangeFinder.findHealthyConnection(ExchangeFinder.kt:106)
04-13 15:13:41.015 E/CIRISApiClient(12196): 	at okhttp3.internal.connection.ExchangeFinder.find(ExchangeFinder.kt:74)
04-13 15:13:41.015 E/CIRISApiClient(12196): 	at okhttp3.internal.connection.RealCall.initExchange$okhttp(RealCall.kt:255)
04-13 15:13:41.015 E/CIRISApiClient(12196): 	at okhttp3.internal.connection.ConnectInterceptor.intercept(ConnectInterceptor.kt:32)
04-13 15:13:41.015 E/CIRISApiClient(12196): 	at okhttp3.internal.http.RealInterceptorChain.proceed(RealInterceptorChain.kt:109)
04-13 15:13:41.015 E/CIRISApiClient(12196): 	at okhttp3.internal.cache.CacheInterceptor.intercept(CacheInterceptor.kt:95)
04-13 15:13:41.015 E/CIRISApiClient(12196): 	at okhttp3.internal.http.RealInterceptorChain.proceed(RealInterceptorChain.kt:109)
04-13 15:13:41.015 E/CIRISApiClient(12196): 	at okhttp3.internal.http.BridgeInterceptor.intercept(BridgeInterceptor.kt:83)
04-13 15:13:41.015 E/CIRISApiClient(12196): 	at okhttp3.internal.http.RealInterceptorChain.proceed(RealInterceptorChain.kt:109)
04-13 15:13:41.015 E/CIRISApiClient(12196): 	at okhttp3.internal.http.RetryAndFollowUpInterceptor.intercept(RetryAndFollowUpInterceptor.kt:76)
04-13 15:13:41.015 E/CIRISApiClient(12196): 	at okhttp3.internal.http.RealInterceptorChain.proceed(RealInterceptorChain.kt:109)
04-13 15:13:41.015 E/CIRISApiClient(12196): 	at okhttp3.internal.connection.RealCall.getResponseWithInterceptorChain$okhttp(RealCall.kt:201)
04-13 15:13:41.015 E/CIRISApiClient(12196): 	at okhttp3.internal.connection.RealCall$AsyncCall.run(RealCall.kt:517)
04-13 15:13:41.015 E/CIRISApiClient(12196): 	at java.util.concurrent.ThreadPoolExecutor.runWorker(ThreadPoolExecutor.java:1133)
04-13 15:13:41.015 E/CIRISApiClient(12196): 	at java.util.concurrent.ThreadPoolExecutor$Worker.run(ThreadPoolExecutor.java:607)
04-13 15:13:41.015 E/CIRISApiClient(12196): 	at java.lang.Thread.run(Thread.java:762)
04-13 15:13:41.015 E/CIRISApiClient(12196): Caused by: java.net.ConnectException: Connection refused
04-13 15:13:41.015 E/CIRISApiClient(12196): 	at java.net.PlainSocketImpl.socketConnect(Native Method)
04-13 15:13:41.015 E/CIRISApiClient(12196): 	at java.net.AbstractPlainSocketImpl.doConnect(AbstractPlainSocketImpl.java:334)
04-13 15:13:41.015 E/CIRISApiClient(12196): 	at java.net.AbstractPlainSocketImpl.connectToAddress(AbstractPlainSocketImpl.java:196)
04-13 15:13:41.015 E/CIRISApiClient(12196): 	at java.net.AbstractPlainSocketImpl.connect(AbstractPlainSocketImpl.java:178)
04-13 15:13:41.015 E/CIRISApiClient(12196): 	at java.net.SocksSocketImpl.connect(SocksSocketImpl.java:356)
04-13 15:13:41.015 E/CIRISApiClient(12196): 	at java.net.Socket.connect(Socket.java:605)
04-13 15:13:41.015 E/CIRISApiClient(12196): 	at okhttp3.internal.platform.AndroidPlatform.connectSocket(AndroidPlatform.kt:63)
04-13 15:13:41.015 E/CIRISApiClient(12196): 	at okhttp3.internal.connection.RealConnection.connectSocket(RealConnection.kt:295)
04-13 15:13:41.015 E/CIRISApiClient(12196): 	... 18 more
04-13 15:13:41.105 D/MainActivity(12196): Verify: ciris_verify_ffi: [INFO] ciris_keyring::platform::android: VERIFY key_exists check - phase 1 (file/wrapper check), wrapper_alias=agent_signing_aes_wrapper, encrypted_key_path="/data/data/ai.ciris.mobile.debug/files/ciris/data/agent_signing.ed25519.enc", wrapper_exists=true, file_exists=true
04-13 15:13:41.108 D/MainActivity(12196): Verify: ciris_verify_ffi: [INFO] ciris_keyring::platform::android: VERIFY key_exists check - phase 2 PASSED (key can be decrypted), wrapper_alias=agent_signing_aes_wrapper
04-13 15:13:41.111 D/MainActivity(12196): Verify: ciris_verify_ffi: [INFO] ciris_keyring::software: VERIFY MutableEd25519Signer::has_key - hardware wrapper check, has_key=true, hardware_backed=true, ciris_data_dir=Some("/data/data/ai.ciris.mobile.debug/files/ciris/data")
04-13 15:13:41.127 D/MainActivity(12196): Verify: ciris_verify_ffi: [INFO] ciris_keyring::platform::android: VERIFY key_exists check - phase 1 (file/wrapper check), wrapper_alias=agent_signing_aes_wrapper, encrypted_key_path="/data/data/ai.ciris.mobile.debug/files/ciris/data/agent_signing.ed25519.enc", wrapper_exists=true, file_exists=true
04-13 15:13:41.129 D/MainActivity(12196): Verify: ciris_verify_ffi: [INFO] ciris_keyring::platform::android: VERIFY key_exists check - phase 2 PASSED (key can be decrypted), wrapper_alias=agent_signing_aes_wrapper
04-13 15:13:41.133 D/MainActivity(12196): Verify: ciris_verify_ffi: [INFO] ciris_keyring::software: VERIFY MutableEd25519Signer::has_key - hardware wrapper check, has_key=true, hardware_backed=true, ciris_data_dir=Some("/data/data/ai.ciris.mobile.debug/files/ciris/data")
04-13 15:13:41.206 W/python.stderr(12196): /data/data/ai.ciris.mobile.debug/files/chaquopy/AssetFinder/requirements/pydantic/_internal/_config.py:291: PydanticDeprecatedSince20: Support for class-based `config` is deprecated, use ConfigDict instead. Deprecated in Pydantic V2.0 to be removed in V3.0. See Pydantic V2 Migration Guide at https://errors.pydantic.dev/2.9/migration/
04-13 15:13:41.664 D/CIRISApp(12196): [INIT] CIRISApp composable invoked - googleSignInCallback=PRESENT (248381459)
04-13 15:13:41.665 I/InteractViewModel(12196): [setDeviceAttestationCallback] Device attestation callback SET
04-13 15:13:44.156 D/CIRISApp(12196): [INIT] CIRISApp composable invoked - googleSignInCallback=PRESENT (248381459)
04-13 15:13:44.157 I/InteractViewModel(12196): [setDeviceAttestationCallback] Device attestation callback SET
04-13 15:13:44.349 I/python.stdout(12196): [STARTUP] Checking port 8080 availability...
04-13 15:13:44.351 I/python.stdout(12196): [STARTUP] Binding to port 8080...
04-13 15:13:44.367 I/python.stdout(12196): 
04-13 15:13:44.367 I/python.stdout(12196): ============================================================
04-13 15:13:44.367 I/python.stdout(12196):   CIRIS Setup Required
04-13 15:13:44.367 I/python.stdout(12196): ============================================================
04-13 15:13:44.367 I/python.stdout(12196): 
04-13 15:13:44.367 I/python.stdout(12196):   Open your browser to complete setup:
04-13 15:13:44.368 I/python.stdout(12196): 
04-13 15:13:44.368 I/python.stdout(12196):     http://0.0.0.0:8080
04-13 15:13:44.368 I/python.stdout(12196): 
04-13 15:13:44.368 I/python.stdout(12196): ============================================================
04-13 15:13:44.368 I/python.stdout(12196): 
04-13 15:13:44.368 I/python.stdout(12196): [STARTUP] Starting server...
04-13 15:13:44.416 I/python.stdout(12196): Starting CIRIS API...
04-13 15:13:44.427 I/python.stdout(12196): VERIFY Unified attestation complete, valid=false, level=1, level_pending=true, checks_passed=3, checks_total=5
04-13 15:13:44.431 D/MainActivity(12196): Verify: VERIFY Unified attestation complete, valid=false, level=1, level_pending=true, checks_passed=3, checks_total=5
04-13 15:13:45.381 I/python.stdout(12196): [STARTUP] API server listening on port 8080
04-13 15:13:45.381 I/python.stdout(12196): [STARTUP] Server ready for connections
04-13 15:13:46.203 D/CIRISApp(12196): [INIT] CIRISApp composable invoked - googleSignInCallback=PRESENT (248381459)
04-13 15:13:46.205 I/InteractViewModel(12196): [setDeviceAttestationCallback] Device attestation callback SET
04-13 15:13:48.757 D/CIRISApp(12196): [INIT] CIRISApp composable invoked - googleSignInCallback=PRESENT (248381459)
04-13 15:13:48.758 I/InteractViewModel(12196): [setDeviceAttestationCallback] Device attestation callback SET
04-13 15:13:49.275 D/EnvFileUpdater(12196): Found CIRIS_HOME from env: /data/user/0/ai.ciris.mobile.debug/files/ciris
04-13 15:13:50.994 D/CIRISApp(12196): [INIT] CIRISApp composable invoked - googleSignInCallback=PRESENT (248381459)
04-13 15:13:50.995 I/InteractViewModel(12196): [setDeviceAttestationCallback] Device attestation callback SET
04-13 15:13:51.023 D/CIRISApp(12196): [INFO] Startup READY, checking first-run status...
04-13 15:13:51.068 I/CIRISApiClient(12196): [init] CIRISApiClient initialized with baseUrl=http://localhost:8080
04-13 15:13:51.101 I/InteractViewModel(12196): [observeLanguageChanges] Updating pipeline labels for language: en (explicit=false)
04-13 15:13:51.110 D/CIRISApp(12196): [INIT] CIRISApp composable invoked - googleSignInCallback=PRESENT (248381459)
04-13 15:13:51.111 I/InteractViewModel(12196): [setDeviceAttestationCallback] Device attestation callback SET
04-13 15:13:51.200 I/CIRISApiClient(12196): [getSetupStatus] Setup status: required=true, firstRun=true, configExists=false
04-13 15:13:51.204 D/CIRISApp(12196): [INFO] First run check result: true
04-13 15:13:51.204 D/CIRISApp(12196): [INFO] First run detected, navigating to Login
04-13 15:13:51.205 D/CIRISApp(12196): [INIT] CIRISApp composable invoked - googleSignInCallback=PRESENT (248381459)
04-13 15:13:51.208 I/InteractViewModel(12196): [setDeviceAttestationCallback] Device attestation callback SET
04-13 15:13:51.214 D/CIRISApp(12196): [DEBUG][Screen.Login] Rendering login screen, googleSignInCallback=PRESENT, isFirstRun=true
04-13 15:13:51.601 D/CIRISApp(12196): [INFO][Screen.Login] Mobile first-run - showing login for OAuth sign-in
04-13 15:13:59.276 D/EnvFileUpdater(12196): Found CIRIS_HOME from env: /data/user/0/ai.ciris.mobile.debug/files/ciris
04-13 15:14:08.361 D/CIRISApp(12196): [INFO][onGoogleSignIn] Button click handler invoked, googleSignInCallback=PRESENT
04-13 15:14:08.361 D/CIRISApp(12196): [INFO][onGoogleSignIn] Callback is not null, calling onGoogleSignInRequested...
04-13 15:14:08.362 I/MainActivity(12196): Google Sign-In requested from CIRISApp (interactive)
04-13 15:14:08.476 D/CIRISApp(12196): [DEBUG][Screen.Login] Rendering login screen, googleSignInCallback=PRESENT, isFirstRun=true
04-13 15:14:09.278 D/EnvFileUpdater(12196): Found CIRIS_HOME from env: /data/user/0/ai.ciris.mobile.debug/files/ciris
04-13 15:14:14.755 I/MainActivity(12196): Google Sign-In successful: ciristest1@gmail.com
04-13 15:14:14.758 D/CIRISApp(12196): [INFO][onGoogleSignIn] Got result from native sign-in: Success
04-13 15:14:14.758 D/CIRISApp(12196): [DEBUG][onGoogleSignIn] Processing result: Success(idToken=eyJhbGciOiJSUzI1NiIsImtpZCI6ImIzZDk1Yjk1ZmE0OGQxODBiODVmZmU4MDgyZmNmYTIxNzRiMDQ2NjciLCJ0eXAiOiJKV1QifQ.eyJpc3MiOiJodHRwczovL2FjY291bnRzLmdvb2dsZS5jb20iLCJhenAiOiIyNjU4ODI4NTM2OTctOGM1M20zaG4yZDcwczdvcWxtMmgxNjdmN2hyZDFhdTYuYXBwcy5nb29nbGV1c2VyY29udGVudC5jb20iLCJhdWQiOiIyNjU4ODI4NTM2OTctbDQyMW5kb2pjczVubTdsa2xuNTNqajI5a2Y3a2NrOTEuYXBwcy5nb29nbGV1c2VyY29udGVudC5jb20iLCJzdWIiOiIxMDI3NzM3NDkwMzM2ODE2NzEwODMiLCJlbWFpbCI6ImNpcmlzdGVzdDFAZ21haWwuY29tIiwiZW1haWxfdmVyaWZpZWQiOnRydWUsIm5hbWUiOiJDSVJJUyBURVNUIiwicGljdHVyZSI6Imh0dHBzOi8vbGgzLmdvb2dsZXVzZXJjb250ZW50LmNvbS9hL0FDZzhvY0t3ZzEwUXB2U1oxWDl2YWZ3eW5kSW51X0RlOGpTdXNqcExZanA0RFdOT253RFBVUT1zOTYtYyIsImdpdmVuX25hbWUiOiJDSVJJUyIsImZhbWlseV9uYW1lIjoiVEVTVCIsImlhdCI6MTc3NjEwOTE1NiwiZXhwIjoxNzc2MTEyNzU2fQ.zma9XDixmKnbzsBmM1W4M5KulI1yuNXsaISDu1D3ZjmeXXcUa6o0qlVgq31qRe8XF-Ut18n4We9rAmm8jZvTzmWPFaD2_mVD0hilvZPWwy2DtNySefRUwzZiHnV3XTayZTX9Nx0GYT4gs4NU1dxfXgmhVnMYTvC-nXmF-6jUr6qQWEveM7pmvRW0T_Lzxns7uxoUiiyMlSGcynsYvIxLb4Ivdma0tFddfYFE8DnkSvDNYWv-Zm6KUPsAsK59e1D78msmS8pJYveKDY_hicrzhPE-XosXC1avawMai0iO-YFaxKrBeoQajHOzHJa3CJh4bBtAAt7sOlSopbYjLql5Ow, userId=102773749033681671083, email=ciristest1@gmail.com, displayName=CIRIS TEST, provider=google)
04-13 15:14:14.758 D/CIRISApp(12196): [INFO] Sign-in success: userId=102773749033681671083, email=ciristest1@gmail.com
04-13 15:14:14.782 D/CIRISApp(12196): [INFO] Checking setup status at http://localhost:8080...
04-13 15:14:14.826 I/CIRISApiClient(12196): [init] CIRISApiClient initialized with baseUrl=http://localhost:8080
04-13 15:14:14.839 D/CIRISApp(12196): [DEBUG][Screen.Login] Rendering login screen, googleSignInCallback=PRESENT, isFirstRun=true
04-13 15:14:14.965 I/CIRISApiClient(12196): [getSetupStatus] Setup status: required=true, firstRun=true, configExists=false
04-13 15:14:14.967 D/CIRISApp(12196): [INFO] Setup required check result: true
04-13 15:14:14.967 D/CIRISApp(12196): [INFO] Setup required - storing tokens and navigating to Setup wizard (provider=google)
04-13 15:14:14.968 I/TokenManager(12196): [setCurrentProvider] Provider set to: google
04-13 15:14:14.974 D/CIRISApp(12196): [INFO] Navigating to Screen.Setup
04-13 15:14:14.977 D/CIRISApp(12196): [INIT] CIRISApp composable invoked - googleSignInCallback=PRESENT (248381459)
04-13 15:14:14.980 I/InteractViewModel(12196): [setDeviceAttestationCallback] Device attestation callback SET
04-13 15:14:14.986 D/CIRISApp(12196): [DEBUG][Screen.Setup] Rendering setup screen
04-13 15:14:19.278 D/EnvFileUpdater(12196): Found CIRIS_HOME from env: /data/user/0/ai.ciris.mobile.debug/files/ciris
04-13 15:14:21.537 I/CIRISApiClient(12196): [init] CIRISApiClient initialized with baseUrl=http://127.0.0.1:8080
04-13 15:14:21.544 I/CIRISApiClient(12196): [searchLocations] Searching locations: query=sv, countryCode=null, limit=10
04-13 15:14:22.446 I/CIRISApiClient(12196): [searchLocations] Searching locations: query=svh, countryCode=null, limit=10
04-13 15:14:26.787 I/CIRISApiClient(12196): [searchLocations] Searching locations: query=svha, countryCode=null, limit=10
04-13 15:14:29.280 D/EnvFileUpdater(12196): Found CIRIS_HOME from env: /data/user/0/ai.ciris.mobile.debug/files/ciris
04-13 15:14:29.498 I/CIRISApiClient(12196): [searchLocations] Searching locations: query=svh, countryCode=null, limit=10
04-13 15:14:29.571 E/CIRISApiClient(12196): [searchLocations] Exception: CancellationException: StandaloneCoroutine was cancelled | Context: query=svh
04-13 15:14:29.571 E/CIRISApiClient(12196): java.util.concurrent.CancellationException: StandaloneCoroutine was cancelled
04-13 15:14:29.571 E/CIRISApiClient(12196): 	at io.ktor.client.engine.UtilsKt$attachToUserJob$cleanupHandler$1.invoke(Utils.kt:98)
04-13 15:14:29.571 E/CIRISApiClient(12196): 	at io.ktor.client.engine.UtilsKt$attachToUserJob$cleanupHandler$1.invoke(Utils.kt:96)
04-13 15:14:29.571 E/CIRISApiClient(12196): 	at kotlinx.coroutines.InvokeOnCancelling.invoke(JobSupport.kt:1428)
04-13 15:14:29.571 E/CIRISApiClient(12196): 	at kotlinx.coroutines.JobSupport.notifyCancelling(JobSupport.kt:1473)
04-13 15:14:29.571 E/CIRISApiClient(12196): 	at kotlinx.coroutines.JobSupport.tryMakeCancelling(JobSupport.kt:796)
04-13 15:14:29.571 E/CIRISApiClient(12196): 	at kotlinx.coroutines.JobSupport.makeCancelling(JobSupport.kt:756)
04-13 15:14:29.571 E/CIRISApiClient(12196): 	at kotlinx.coroutines.JobSupport.cancelImpl$kotlinx_coroutines_core(JobSupport.kt:672)
04-13 15:14:29.571 E/CIRISApiClient(12196): 	at kotlinx.coroutines.JobSupport.cancelInternal(JobSupport.kt:633)
04-13 15:14:29.571 E/CIRISApiClient(12196): 	at kotlinx.coroutines.JobSupport.cancel(JobSupport.kt:618)
04-13 15:14:29.571 E/CIRISApiClient(12196): 	at kotlinx.coroutines.Job$DefaultImpls.cancel$default(Job.kt:195)
04-13 15:14:29.571 E/CIRISApiClient(12196): 	at ai.ciris.mobile.shared.viewmodels.SetupViewModel.searchLocations(SetupViewModel.kt:217)
04-13 15:14:29.571 E/CIRISApiClient(12196): 	at ai.ciris.mobile.shared.ui.screens.SetupScreenKt$PreferencesStep$1$2$1$2$1.invoke(SetupScreen.kt:2800)
04-13 15:14:29.571 E/CIRISApiClient(12196): 	at ai.ciris.mobile.shared.ui.screens.SetupScreenKt$PreferencesStep$1$2$1$2$1.invoke(SetupScreen.kt:2798)
04-13 15:14:29.571 E/CIRISApiClient(12196): 	at androidx.compose.foundation.text.BasicTextFieldKt$BasicTextField$4$1.invoke(BasicTextField.kt:175)
04-13 15:14:29.571 E/CIRISApiClient(12196): 	at androidx.compose.foundation.text.BasicTextFieldKt$BasicTextField$4$1.invoke(BasicTextField.kt:168)
04-13 15:14:29.571 E/CIRISApiClient(12196): 	at androidx.compose.foundation.text.TextFieldState$onValueChange$1.invoke(CoreTextField.kt:946)
04-13 15:14:29.571 E/CIRISApiClient(12196): 	at androidx.compose.foundation.text.TextFieldState$onValueChange$1.invoke(CoreTextField.kt:941)
04-13 15:14:29.571 E/CIRISApiClient(12196): 	at androidx.compose.foundation.text.TextFieldDelegate$Companion.onEditCommand$foundation_release(TextFieldDelegate.kt:245)
04-13 15:14:29.571 E/CIRISApiClient(12196): 	at androidx.compose.foundation.text.TextFieldDelegate$Companion$restartInput$1.invoke(TextFieldDelegate.kt:294)
04-13 15:14:29.571 E/CIRISApiClient(12196): 	at androidx.compose.foundation.text.TextFieldDelegate$Companion$restartInput$1.invoke(TextFieldDelegate.kt:291)
04-13 15:14:29.571 E/CIRISApiClient(12196): 	at androidx.compose.ui.text.input.TextInputServiceAndroid$createInputConnection$1.onEditCommands(TextInputServiceAndroid.android.kt:144)
04-13 15:14:29.571 E/CIRISApiClient(12196): 	at androidx.compose.ui.text.input.RecordingInputConnection.endBatchEditInternal(RecordingInputConnection.android.kt:158)
04-13 15:14:29.571 E/CIRISApiClient(12196): 	at androidx.compose.ui.text.input.RecordingInputConnection.endBatchEdit(RecordingInputConnection.android.kt:152)
04-13 15:14:29.571 E/CIRISApiClient(12196): 	at com.android.internal.view.IInputConnectionWrapper.executeMessage(IInputConnectionWrapper.java:486)
04-13 15:14:29.571 E/CIRISApiClient(12196): 	at com.android.internal.view.IInputConnectionWrapper$MyHandler.handleMessage(IInputConnectionWrapper.java:93)
04-13 15:14:29.571 E/CIRISApiClient(12196): 	at android.os.Handler.dispatchMessage(Handler.java:102)
04-13 15:14:29.571 E/CIRISApiClient(12196): 	at android.os.Looper.loop(Looper.java:154)
04-13 15:14:29.571 E/CIRISApiClient(12196): 	at android.app.ActivityThread.main(ActivityThread.java:6816)
04-13 15:14:29.571 E/CIRISApiClient(12196): 	at java.lang.reflect.Method.invoke(Native Method)
04-13 15:14:29.571 E/CIRISApiClient(12196): 	at com.android.internal.os.ZygoteInit$MethodAndArgsCaller.run(ZygoteInit.java:1563)
04-13 15:14:29.571 E/CIRISApiClient(12196): 	at com.android.internal.os.ZygoteInit.main(ZygoteInit.java:1451)
04-13 15:14:32.328 I/CIRISApiClient(12196): [searchLocations] Searching locations: query=sc, countryCode=null, limit=10
04-13 15:14:33.131 I/CIRISApiClient(12196): [searchLocations] Searching locations: query=sch, countryCode=null, limit=10
04-13 15:14:36.106 I/CIRISApiClient(12196): [searchLocations] Searching locations: query=scha, countryCode=null, limit=10
04-13 15:14:39.283 D/EnvFileUpdater(12196): Found CIRIS_HOME from env: /data/user/0/ai.ciris.mobile.debug/files/ciris
04-13 15:14:42.696 I/CIRISApiClient(12196): [getSetupAdapters] Fetched 9 adapters
04-13 15:14:46.101 I/CIRISApiClient(12196): [getSetupTemplates] Fetched 5 templates
04-13 15:14:49.285 D/EnvFileUpdater(12196): Found CIRIS_HOME from env: /data/user/0/ai.ciris.mobile.debug/files/ciris
04-13 15:14:55.731 I/SetupViewModel(12196): startAdapterWizard: Starting wizard for adapter type: home_assistant
04-13 15:14:55.734 I/CIRISApiClient(12196): [startAdapterConfiguration] Starting configuration for adapter type: home_assistant, startStepId: null
04-13 15:14:56.029 I/CIRISApiClient(12196): [startAdapterConfiguration] Config session started: sessionId=db508d71-3517-4746-aaf3-50e50cacc99d, step=0/5
04-13 15:14:56.034 I/SetupViewModel(12196): First step is discovery, auto-executing...
04-13 15:14:56.036 I/CIRISApiClient(12196): [executeConfigurationStep] === EXECUTE CONFIG STEP ===
04-13 15:14:56.038 I/CIRISApiClient(12196): [executeConfigurationStep] Session: db508d71-3517-4746-aaf3-50e50cacc99d
04-13 15:14:56.039 I/CIRISApiClient(12196): [executeConfigurationStep] Step data keys: []
04-13 15:14:56.041 I/CIRISApiClient(12196): [executeConfigurationStep] Step data values: {}
04-13 15:14:59.288 D/EnvFileUpdater(12196): Found CIRIS_HOME from env: /data/user/0/ai.ciris.mobile.debug/files/ciris
04-13 15:14:59.550 I/CIRISApiClient(12196): [executeConfigurationStep] Response HTTP status: 200
04-13 15:14:59.562 I/CIRISApiClient(12196): [executeConfigurationStep] Response data: success=true, error=null, nextStepIndex=null
04-13 15:14:59.564 I/CIRISApiClient(12196): [executeConfigurationStep] Response data keys: [discovered_items]
04-13 15:14:59.569 I/CIRISApiClient(12196): [executeConfigurationStep] Response data.data: discovered_items=[{"id":"ha_192.168.50.243_8123","label":"Home Assistant (192.168.50.243:8123)","description":"Home",
04-13 15:14:59.572 I/CIRISApiClient(12196): [executeConfigurationStep] Step result: success=true, nextStep=null, isDiscovery=true, isComplete=false
04-13 15:14:59.575 I/CIRISApiClient(12196): [executeConfigurationStep] Parsed 1 discovered items
04-13 15:14:59.577 I/CIRISApiClient(12196): [executeConfigurationStep] === OAUTH URL EXTRACTION ===
04-13 15:14:59.579 I/CIRISApiClient(12196): [executeConfigurationStep] oauth_url present in data: false
04-13 15:14:59.580 I/CIRISApiClient(12196): [executeConfigurationStep] awaiting_callback present in data: false
04-13 15:14:59.582 I/CIRISApiClient(12196): [executeConfigurationStep] No oauth_url extracted from response
04-13 15:14:59.584 I/CIRISApiClient(12196): [executeConfigurationStep] awaitingCallback: false
04-13 15:15:00.560 I/SetupViewModel(12196): selectAdapterDiscoveredItem: Selected Home Assistant (192.168.50.243:8123)
04-13 15:15:00.563 I/CIRISApiClient(12196): [executeConfigurationStep] === EXECUTE CONFIG STEP ===
04-13 15:15:00.565 I/CIRISApiClient(12196): [executeConfigurationStep] Session: db508d71-3517-4746-aaf3-50e50cacc99d
04-13 15:15:00.567 I/CIRISApiClient(12196): [executeConfigurationStep] Step data keys: [selected_url, selected_id]
04-13 15:15:00.569 I/CIRISApiClient(12196): [executeConfigurationStep] Step data values: {selected_url=http://192.168.50.243:8123, selected_id=ha_192.168.50.243_8123}
04-13 15:15:00.697 I/CIRISApiClient(12196): [executeConfigurationStep] Response HTTP status: 200
04-13 15:15:00.703 I/CIRISApiClient(12196): [executeConfigurationStep] Response data: success=true, error=null, nextStepIndex=1
04-13 15:15:00.705 I/CIRISApiClient(12196): [executeConfigurationStep] Response data keys: []
04-13 15:15:00.706 I/CIRISApiClient(12196): [executeConfigurationStep] Response data.data: 
04-13 15:15:00.708 I/CIRISApiClient(12196): [executeConfigurationStep] Step result: success=true, nextStep=1, isDiscovery=false, isComplete=false
04-13 15:15:00.710 I/CIRISApiClient(12196): [executeConfigurationStep] === OAUTH URL EXTRACTION ===
04-13 15:15:00.711 I/CIRISApiClient(12196): [executeConfigurationStep] oauth_url present in data: false
04-13 15:15:00.713 I/CIRISApiClient(12196): [executeConfigurationStep] awaiting_callback present in data: false
04-13 15:15:00.714 I/CIRISApiClient(12196): [executeConfigurationStep] No oauth_url extracted from response
04-13 15:15:00.716 I/CIRISApiClient(12196): [executeConfigurationStep] awaitingCallback: false
04-13 15:15:00.718 I/CIRISApiClient(12196): [getConfigurationSessionStatus] Getting session status for: db508d71-3517-4746-aaf3-50e50cacc99d
04-13 15:15:00.784 I/CIRISApiClient(12196): [getConfigurationSessionStatus] Session status: step=1/5, status=active, stepType=oauth
04-13 15:15:00.785 I/CIRISApiClient(12196): [getConfigurationSessionStatus] Collected config keys: [base_url]
04-13 15:15:00.787 I/SetupViewModel(12196): handleAdapterWizardStepResult: Step 1/5
04-13 15:15:02.137 I/SetupViewModel(12196): initiateAdapterOAuthStep: Starting OAuth for session: db508d71-3517-4746-aaf3-50e50cacc99d
04-13 15:15:02.140 I/CIRISApiClient(12196): [executeConfigurationStep] === EXECUTE CONFIG STEP ===
04-13 15:15:02.142 I/CIRISApiClient(12196): [executeConfigurationStep] Session: db508d71-3517-4746-aaf3-50e50cacc99d
04-13 15:15:02.145 I/CIRISApiClient(12196): [executeConfigurationStep] Step data keys: [callback_base_url]
04-13 15:15:02.147 I/CIRISApiClient(12196): [executeConfigurationStep] Step data values: {callback_base_url=http://127.0.0.1:8080}
04-13 15:15:02.243 I/CIRISApiClient(12196): [executeConfigurationStep] Response HTTP status: 200
04-13 15:15:02.249 I/CIRISApiClient(12196): [executeConfigurationStep] Response data: success=true, error=null, nextStepIndex=null
04-13 15:15:02.251 I/CIRISApiClient(12196): [executeConfigurationStep] Response data keys: [oauth_url, code_challenge]
04-13 15:15:02.253 I/CIRISApiClient(12196): [executeConfigurationStep] Response data.data: oauth_url="http://192.168.50.243:8123/auth/authorize?client_id=http%3A%2F%2F127.0.0.1%3A8080&redirect_uri=http, code_challenge="BjugzFJVPdav_qMkXABEG9KpDnoGLJGcAJ6ZYZgUU34"
04-13 15:15:02.254 I/CIRISApiClient(12196): [executeConfigurationStep] Step result: success=true, nextStep=null, isDiscovery=false, isComplete=false
04-13 15:15:02.256 I/CIRISApiClient(12196): [executeConfigurationStep] === OAUTH URL EXTRACTION ===
04-13 15:15:02.257 I/CIRISApiClient(12196): [executeConfigurationStep] oauth_url present in data: true
04-13 15:15:02.258 I/CIRISApiClient(12196): [executeConfigurationStep] awaiting_callback present in data: false
04-13 15:15:02.260 I/CIRISApiClient(12196): [executeConfigurationStep] Extracted OAuth URL (full): http://192.168.50.243:8123/auth/authorize?client_id=http%3A%2F%2F127.0.0.1%3A8080&redirect_uri=http%3A%2F%2F127.0.0.1%3A8080%2Fv1%2Fsystem%2Fadapters%2Fconfigure%2Fdb508d71-3517-4746-aaf3-50e50cacc99d%2Foauth%2Fcallback&response_type=code&state=db508d71-3517-4746-aaf3-50e50cacc99d&code_challenge=-44--R9sd7IhjBWa1zvhMH_8p65flI4qUEiNCcDokMQ&code_challenge_method=S256
04-13 15:15:02.261 I/CIRISApiClient(12196): [executeConfigurationStep] awaitingCallback: false
04-13 15:15:02.262 I/SetupViewModel(12196): OAuth URL received: http://192.168.50.243:8123/auth/authorize?client_id=http%3A%2F%2F127.0.0.1%3A808...
04-13 15:15:02.264 I/SetupViewModel(12196): startAdapterOAuthPolling: Starting poll for session: db508d71-3517-4746-aaf3-50e50cacc99d
04-13 15:15:03.062 I/chromium(30459): [INFO:tin_six_tab_helper.cc(147)] OnTabAdded
04-13 15:15:03.064 I/chromium(30459): [INFO:tin_six_tab_helper.cc(736)] InsertWebContentsAt 0,17 :0xc1427100
04-13 15:15:03.133 I/chromium(30459): [INFO:tin_six_tab_helper.cc(84)] OnCurrentTabChanged 0,17
04-13 15:15:03.133 I/chromium(30459): [INFO:tin_six_tab_helper.cc(640)] ForceActivateTabAt 0,17
04-13 15:15:03.195 I/chromium(30459): [INFO:render_widget_host_impl.cc(843)] SBRTOUCHLOG  RenderWidgetHostImpl::WasShown
04-13 15:15:03.196 W/chromium(30459): [WARNING:window_android.cc(109)] TAB-STATUS observer added
04-13 15:15:03.196 W/chromium(30459): [WARNING:render_widget_host_view_android.cc(1906)] TAB-STATUS it is still showing
04-13 15:15:03.196 W/chromium(30459): [WARNING:window_android.cc(123)] TAB-STATUS observer removed
04-13 15:15:03.196 W/chromium(30459): [WARNING:window_android.cc(109)] TAB-STATUS observer added
04-13 15:15:03.198 I/chromium(30459): [INFO:tin_six_tab_helper.cc(621)] ActivateTabAt 0,17
04-13 15:15:03.266 I/CIRISApiClient(12196): [getConfigurationSessionStatus] Getting session status for: db508d71-3517-4746-aaf3-50e50cacc99d
04-13 15:15:03.328 I/CIRISApiClient(12196): [getConfigurationSessionStatus] Session status: step=1/5, status=awaiting_oauth, stepType=oauth
04-13 15:15:03.330 I/CIRISApiClient(12196): [getConfigurationSessionStatus] Collected config keys: [base_url, callback_base_url]
04-13 15:15:03.421 I/chromium(30459): [INFO:tin_six_tab_helper.cc(84)] OnCurrentTabChanged 0,17
04-13 15:15:03.421 I/chromium(30459): [INFO:tin_six_tab_helper.cc(640)] ForceActivateTabAt 0,17
04-13 15:15:03.452 I/chromium(30459): [INFO:layer_tree_host_impl.cc(198)] SBRTOUCHLOG DidVisibilityChange = 1
04-13 15:15:03.481 I/chromium(30459): [INFO:browser_gpu_channel_host_factory.cc(364)] EstablishGpuChannel: establishing gpu_channel
04-13 15:15:03.502 I/chromium(30459): [INFO:browser_gpu_channel_host_factory.cc(391)] EstablishGpuChannel: gpu_channel_ exists run callback 0xc690f900
04-13 15:15:03.520 I/chromium(30459): [INFO:ui_resource_layer_manager.cc(290)] CC-HideUrlbar: EnableUIResourceLayer LayerType: 0 Drawable true
04-13 15:15:03.528 I/chromium(30459): [INFO:tin_six_tab_helper.cc(84)] OnCurrentTabChanged 0,17
04-13 15:15:03.528 I/chromium(30459): [INFO:tin_six_tab_helper.cc(640)] ForceActivateTabAt 0,17
04-13 15:15:03.529 I/chromium(30459): [INFO:tin_six_tab_helper.cc(84)] OnCurrentTabChanged 0,17
04-13 15:15:03.529 I/chromium(30459): [INFO:tin_six_tab_helper.cc(640)] ForceActivateTabAt 0,17
04-13 15:15:03.563 I/chromium(30459): [INFO:ui_resource_layer_manager.cc(290)] CC-HideUrlbar: EnableUIResourceLayer LayerType: 1 Drawable true
04-13 15:15:03.651 I/chromium(30459): [INFO:tin_six_tab_helper.cc(621)] ActivateTabAt 0,17
04-13 15:15:04.332 I/CIRISApiClient(12196): [getConfigurationSessionStatus] Getting session status for: db508d71-3517-4746-aaf3-50e50cacc99d
04-13 15:15:04.360 I/SetupViewModel(12196): checkAdapterOAuthOnResume: Checking status...
04-13 15:15:04.362 I/CIRISApiClient(12196): [getConfigurationSessionStatus] Getting session status for: db508d71-3517-4746-aaf3-50e50cacc99d
04-13 15:15:04.380 I/CIRISApiClient(12196): [getConfigurationSessionStatus] Session status: step=1/5, status=awaiting_oauth, stepType=oauth
04-13 15:15:04.382 I/CIRISApiClient(12196): [getConfigurationSessionStatus] Collected config keys: [base_url, callback_base_url]
04-13 15:15:04.407 I/CIRISApiClient(12196): [getConfigurationSessionStatus] Session status: step=1/5, status=awaiting_oauth, stepType=oauth
04-13 15:15:04.409 I/CIRISApiClient(12196): [getConfigurationSessionStatus] Collected config keys: [base_url, callback_base_url]
04-13 15:15:05.385 I/CIRISApiClient(12196): [getConfigurationSessionStatus] Getting session status for: db508d71-3517-4746-aaf3-50e50cacc99d
04-13 15:15:05.455 I/CIRISApiClient(12196): [getConfigurationSessionStatus] Session status: step=1/5, status=awaiting_oauth, stepType=oauth
04-13 15:15:05.459 I/CIRISApiClient(12196): [getConfigurationSessionStatus] Collected config keys: [base_url, callback_base_url]
04-13 15:15:06.372 I/SetupViewModel(12196): checkAdapterOAuthOnResume: Checking status...
04-13 15:15:06.375 I/CIRISApiClient(12196): [getConfigurationSessionStatus] Getting session status for: db508d71-3517-4746-aaf3-50e50cacc99d
04-13 15:15:06.386 I/chromium(14231): [INFO:dispatcher.cc(1571)] CreateBindingsSystem
04-13 15:15:06.452 I/CIRISApiClient(12196): [getConfigurationSessionStatus] Session status: step=1/5, status=awaiting_oauth, stepType=oauth
04-13 15:15:06.454 I/CIRISApiClient(12196): [getConfigurationSessionStatus] Collected config keys: [base_url, callback_base_url]
04-13 15:15:06.464 I/CIRISApiClient(12196): [getConfigurationSessionStatus] Getting session status for: db508d71-3517-4746-aaf3-50e50cacc99d
04-13 15:15:06.472 I/chromium(14231): [INFO:layer_tree_host_impl.cc(198)] SBRTOUCHLOG DidVisibilityChange = 0
04-13 15:15:06.473 I/chromium(14231): [INFO:layer_tree_host_impl.cc(4001)] SBRTOUCHLOG SetDeferCommitFlagForDebug = 1
04-13 15:15:06.506 I/chromium(14231): [INFO:tin_anti_tracking_renderer_url_loader_throttle_helper.cc(31)] [IAT] set delegate th 0x54a80230 td 0x548632a0
04-13 15:15:06.506 I/chromium(14231): [INFO:tin_smart_protect_renderer.cc(16)] TinSmartProtectRenderer
04-13 15:15:06.508 I/chromium(14231): [INFO:tin_smart_protect_renderer.cc(33)] BindPendingReceiver bound=1
04-13 15:15:06.509 I/chromium(14231): [INFO:layer_tree_host_impl.cc(198)] SBRTOUCHLOG DidVisibilityChange = 1
04-13 15:15:06.539 I/CIRISApiClient(12196): [getConfigurationSessionStatus] Session status: step=1/5, status=awaiting_oauth, stepType=oauth
04-13 15:15:06.541 I/CIRISApiClient(12196): [getConfigurationSessionStatus] Collected config keys: [base_url, callback_base_url]
04-13 15:15:06.545 I/chromium(14231): [INFO:render_frame_impl.cc(3805)] LoaderLog didCommitProvisionalLoad
04-13 15:15:06.604 I/chromium(14231): [INFO:memory_cache.cc(126)] MemoryCache MemberMemoryCache is disabled
04-13 15:15:06.616 I/chromium(14231): [INFO:layer_tree_host_impl.cc(4001)] SBRTOUCHLOG SetDeferCommitFlagForDebug = 0
04-13 15:15:06.883 I/chromium(14231): [INFO:layer_tree_impl.cc(1205)] DidUpdatePageScale IsActiveTree: 0 ScaleFactor: 1
04-13 15:15:06.885 I/chromium(14231): [INFO:layer_tree_impl.cc(1205)] DidUpdatePageScale IsActiveTree: 1 ScaleFactor: 1
04-13 15:15:06.905 I/chromium(14231): [INFO:progress_tracker.cc(112)] LoaderLog  FinishedParsing
04-13 15:15:07.032 I/chromium(30459): [INFO:web_contents_impl.cc(6549)] LoaderLog  progress completed
04-13 15:15:07.546 I/CIRISApiClient(12196): [getConfigurationSessionStatus] Getting session status for: db508d71-3517-4746-aaf3-50e50cacc99d
04-13 15:15:07.642 I/CIRISApiClient(12196): [getConfigurationSessionStatus] Session status: step=1/5, status=awaiting_oauth, stepType=oauth
04-13 15:15:07.644 I/CIRISApiClient(12196): [getConfigurationSessionStatus] Collected config keys: [base_url, callback_base_url]
04-13 15:15:07.889 I/chromium(14231): [INFO:render_frame_impl.cc(4027)] LoaderLog didFinishLoad
04-13 15:15:07.890 I/chromium(14231): [INFO:frame_loader.cc(402)] LoaderLog Completed totalBytes = 550092
04-13 15:15:07.890 I/chromium(14231): [INFO:render_frame_impl.cc(5114)] LoaderLog didStopLoading
04-13 15:15:07.896 I/chromium(30459): [INFO:tin_six_tab_helper.cc(621)] ActivateTabAt 0,17
04-13 15:15:08.390 I/SetupViewModel(12196): checkAdapterOAuthOnResume: Checking status...
04-13 15:15:08.394 I/CIRISApiClient(12196): [getConfigurationSessionStatus] Getting session status for: db508d71-3517-4746-aaf3-50e50cacc99d
04-13 15:15:08.462 I/CIRISApiClient(12196): [getConfigurationSessionStatus] Session status: step=1/5, status=awaiting_oauth, stepType=oauth
04-13 15:15:08.464 I/CIRISApiClient(12196): [getConfigurationSessionStatus] Collected config keys: [base_url, callback_base_url]
04-13 15:15:08.647 I/CIRISApiClient(12196): [getConfigurationSessionStatus] Getting session status for: db508d71-3517-4746-aaf3-50e50cacc99d
04-13 15:15:08.704 I/CIRISApiClient(12196): [getConfigurationSessionStatus] Session status: step=1/5, status=awaiting_oauth, stepType=oauth
04-13 15:15:08.706 I/CIRISApiClient(12196): [getConfigurationSessionStatus] Collected config keys: [base_url, callback_base_url]
04-13 15:15:09.291 D/EnvFileUpdater(12196): Found CIRIS_HOME from env: /data/user/0/ai.ciris.mobile.debug/files/ciris
04-13 15:15:09.710 I/CIRISApiClient(12196): [getConfigurationSessionStatus] Getting session status for: db508d71-3517-4746-aaf3-50e50cacc99d
04-13 15:15:09.793 I/CIRISApiClient(12196): [getConfigurationSessionStatus] Session status: step=1/5, status=awaiting_oauth, stepType=oauth
04-13 15:15:09.796 I/CIRISApiClient(12196): [getConfigurationSessionStatus] Collected config keys: [base_url, callback_base_url]
04-13 15:15:10.414 I/SetupViewModel(12196): checkAdapterOAuthOnResume: Checking status...
04-13 15:15:10.416 I/CIRISApiClient(12196): [getConfigurationSessionStatus] Getting session status for: db508d71-3517-4746-aaf3-50e50cacc99d
04-13 15:15:10.481 I/CIRISApiClient(12196): [getConfigurationSessionStatus] Session status: step=1/5, status=awaiting_oauth, stepType=oauth
04-13 15:15:10.483 I/CIRISApiClient(12196): [getConfigurationSessionStatus] Collected config keys: [base_url, callback_base_url]
04-13 15:15:10.800 I/CIRISApiClient(12196): [getConfigurationSessionStatus] Getting session status for: db508d71-3517-4746-aaf3-50e50cacc99d
04-13 15:15:10.883 I/CIRISApiClient(12196): [getConfigurationSessionStatus] Session status: step=1/5, status=awaiting_oauth, stepType=oauth
04-13 15:15:10.884 I/CIRISApiClient(12196): [getConfigurationSessionStatus] Collected config keys: [base_url, callback_base_url]
04-13 15:15:11.902 I/CIRISApiClient(12196): [getConfigurationSessionStatus] Getting session status for: db508d71-3517-4746-aaf3-50e50cacc99d
04-13 15:15:11.962 I/CIRISApiClient(12196): [getConfigurationSessionStatus] Session status: step=1/5, status=awaiting_oauth, stepType=oauth
04-13 15:15:11.964 I/CIRISApiClient(12196): [getConfigurationSessionStatus] Collected config keys: [base_url, callback_base_url]
04-13 15:15:12.234 W/chromium(30459): [WARNING:render_widget_host_view_android.cc(1070)] SBRTOUCHLOG  OnTouchEvent, Action::DOWN
04-13 15:15:12.239 I/chromium(30459): [INFO:render_widget_host_input_event_router.cc(861)] SBRTOUCHLOG Set Touch sequence target view: 0xc68cc800
04-13 15:15:12.242 W/chromium(30459): [WARNING:input_router_impl.cc(529)] SBRTOUCHLOG FilterAndSendWebInputEvent, kTouchStart
04-13 15:15:12.248 I/chromium(14231): [INFO:web_frame_widget_impl.cc(2748)] SBRTOUCHLOG Blink HandleInputEvent event received = PointerDown
04-13 15:15:12.260 I/chromium(14231): [INFO:web_frame_widget_impl.cc(2748)] SBRTOUCHLOG Blink HandleInputEvent event received = GestureTapDown
04-13 15:15:12.268 I/chromium(14231): [INFO:web_frame_widget_impl.cc(2748)] SBRTOUCHLOG Blink HandleInputEvent event received = PointerMove
04-13 15:15:12.286 I/chromium(14231): [INFO:web_frame_widget_impl.cc(2748)] SBRTOUCHLOG Blink HandleInputEvent event received = PointerUp
04-13 15:15:12.289 I/chromium(30459): [INFO:input_router_impl.cc(641)] SBRTOUCHLOG InputRouterImpl::TouchEventHandled type: TouchEnd & ack: NOT_CONSUMED
04-13 15:15:12.290 I/chromium(14231): [INFO:web_frame_widget_impl.cc(2748)] SBRTOUCHLOG Blink HandleInputEvent event received = GestureShowPress
04-13 15:15:12.294 I/chromium(14231): [INFO:web_frame_widget_impl.cc(2748)] SBRTOUCHLOG Blink HandleInputEvent event received = GestureTap
04-13 15:15:12.429 I/SetupViewModel(12196): checkAdapterOAuthOnResume: Checking status...
04-13 15:15:12.431 I/CIRISApiClient(12196): [getConfigurationSessionStatus] Getting session status for: db508d71-3517-4746-aaf3-50e50cacc99d
04-13 15:15:12.493 I/CIRISApiClient(12196): [getConfigurationSessionStatus] Session status: step=1/5, status=awaiting_oauth, stepType=oauth
04-13 15:15:12.495 I/CIRISApiClient(12196): [getConfigurationSessionStatus] Collected config keys: [base_url, callback_base_url]
04-13 15:15:12.967 I/CIRISApiClient(12196): [getConfigurationSessionStatus] Getting session status for: db508d71-3517-4746-aaf3-50e50cacc99d
04-13 15:15:13.038 I/CIRISApiClient(12196): [getConfigurationSessionStatus] Session status: step=1/5, status=awaiting_oauth, stepType=oauth
04-13 15:15:13.041 I/CIRISApiClient(12196): [getConfigurationSessionStatus] Collected config keys: [base_url, callback_base_url]
04-13 15:15:13.664 I/chromium(14231): [INFO:web_frame_widget_impl.cc(2748)] SBRTOUCHLOG Blink HandleInputEvent event received = RawKeyDown
04-13 15:15:13.710 I/chromium(14231): [INFO:web_frame_widget_impl.cc(2748)] SBRTOUCHLOG Blink HandleInputEvent event received = KeyUp
04-13 15:15:13.732 I/chromium(14231): [INFO:web_frame_widget_impl.cc(2748)] SBRTOUCHLOG Blink HandleInputEvent event received = RawKeyDown
04-13 15:15:13.740 I/chromium(14231): [INFO:web_frame_widget_impl.cc(2748)] SBRTOUCHLOG Blink HandleInputEvent event received = KeyUp
04-13 15:15:13.744 I/chromium(14231): [INFO:web_frame_widget_impl.cc(2748)] SBRTOUCHLOG Blink HandleInputEvent event received = RawKeyDown
04-13 15:15:13.761 I/chromium(14231): [INFO:web_frame_widget_impl.cc(2748)] SBRTOUCHLOG Blink HandleInputEvent event received = KeyUp
04-13 15:15:14.045 I/CIRISApiClient(12196): [getConfigurationSessionStatus] Getting session status for: db508d71-3517-4746-aaf3-50e50cacc99d
04-13 15:15:14.125 I/CIRISApiClient(12196): [getConfigurationSessionStatus] Session status: step=1/5, status=awaiting_oauth, stepType=oauth
04-13 15:15:14.127 I/CIRISApiClient(12196): [getConfigurationSessionStatus] Collected config keys: [base_url, callback_base_url]
04-13 15:15:14.443 I/SetupViewModel(12196): checkAdapterOAuthOnResume: Checking status...
04-13 15:15:14.447 I/CIRISApiClient(12196): [getConfigurationSessionStatus] Getting session status for: db508d71-3517-4746-aaf3-50e50cacc99d
04-13 15:15:14.545 I/CIRISApiClient(12196): [getConfigurationSessionStatus] Session status: step=1/5, status=awaiting_oauth, stepType=oauth
04-13 15:15:14.547 I/CIRISApiClient(12196): [getConfigurationSessionStatus] Collected config keys: [base_url, callback_base_url]
04-13 15:15:15.020 W/chromium(30459): [WARNING:render_widget_host_view_android.cc(1070)] SBRTOUCHLOG  OnTouchEvent, Action::DOWN
04-13 15:15:15.021 I/chromium(30459): [INFO:render_widget_host_input_event_router.cc(861)] SBRTOUCHLOG Set Touch sequence target view: 0xc68cc800
04-13 15:15:15.021 W/chromium(30459): [WARNING:input_router_impl.cc(529)] SBRTOUCHLOG FilterAndSendWebInputEvent, kTouchStart
04-13 15:15:15.022 I/chromium(14231): [INFO:web_frame_widget_impl.cc(2748)] SBRTOUCHLOG Blink HandleInputEvent event received = PointerDown
04-13 15:15:15.025 I/chromium(14231): [INFO:web_frame_widget_impl.cc(2748)] SBRTOUCHLOG Blink HandleInputEvent event received = GestureTapDown
04-13 15:15:15.103 I/chromium(14231): [INFO:web_frame_widget_impl.cc(2748)] SBRTOUCHLOG Blink HandleInputEvent event received = PointerMove
04-13 15:15:15.113 I/chromium(14231): [INFO:web_frame_widget_impl.cc(2748)] SBRTOUCHLOG Blink HandleInputEvent event received = PointerUp
04-13 15:15:15.115 I/chromium(30459): [INFO:input_router_impl.cc(641)] SBRTOUCHLOG InputRouterImpl::TouchEventHandled type: TouchEnd & ack: NOT_CONSUMED
04-13 15:15:15.116 I/chromium(14231): [INFO:web_frame_widget_impl.cc(2748)] SBRTOUCHLOG Blink HandleInputEvent event received = GestureShowPress
04-13 15:15:15.122 I/chromium(14231): [INFO:web_frame_widget_impl.cc(2748)] SBRTOUCHLOG Blink HandleInputEvent event received = GestureTap
04-13 15:15:15.131 I/CIRISApiClient(12196): [getConfigurationSessionStatus] Getting session status for: db508d71-3517-4746-aaf3-50e50cacc99d
04-13 15:15:15.221 I/CIRISApiClient(12196): [getConfigurationSessionStatus] Session status: step=1/5, status=awaiting_oauth, stepType=oauth
04-13 15:15:15.225 I/CIRISApiClient(12196): [getConfigurationSessionStatus] Collected config keys: [base_url, callback_base_url]
04-13 15:15:16.229 I/CIRISApiClient(12196): [getConfigurationSessionStatus] Getting session status for: db508d71-3517-4746-aaf3-50e50cacc99d
04-13 15:15:16.282 I/CIRISApiClient(12196): [getConfigurationSessionStatus] Session status: step=1/5, status=awaiting_oauth, stepType=oauth
04-13 15:15:16.284 I/CIRISApiClient(12196): [getConfigurationSessionStatus] Collected config keys: [base_url, callback_base_url]
04-13 15:15:16.476 I/SetupViewModel(12196): checkAdapterOAuthOnResume: Checking status...
04-13 15:15:16.481 I/CIRISApiClient(12196): [getConfigurationSessionStatus] Getting session status for: db508d71-3517-4746-aaf3-50e50cacc99d
04-13 15:15:16.575 I/CIRISApiClient(12196): [getConfigurationSessionStatus] Session status: step=1/5, status=awaiting_oauth, stepType=oauth
04-13 15:15:16.577 I/CIRISApiClient(12196): [getConfigurationSessionStatus] Collected config keys: [base_url, callback_base_url]
