03-25 20:29:12.030 I/python.stdout(32240): ================================================================================
03-25 20:29:12.030 I/python.stdout(32240): 🔍 LOGGING INITIALIZED - SEE DETAILED LOGS AT: /data/data/ai.ciris.mobile.debug/files/ciris/logs/ciris_agent_20260326_012912.log
03-25 20:29:12.030 I/python.stdout(32240): 🔗 Symlinked to: /data/data/ai.ciris.mobile.debug/files/ciris/logs/latest.log
03-25 20:29:12.030 I/python.stdout(32240): ⚠️  Incident capture: /data/data/ai.ciris.mobile.debug/files/ciris/logs/incidents_latest.log (WARNING/ERROR messages captured as incidents)
03-25 20:29:12.030 I/python.stdout(32240): ================================================================================
03-25 20:29:12.030 I/python.stdout(32240): 
03-25 20:29:12.045 I/python.stdout(32240): [FULL-STARTUP] [SERVICE 5/22] SecretsService STARTED
03-25 20:29:12.046 D/MainActivity(32240): Service 5 started (5/22)
03-25 20:29:12.047 I/python.stdout(32240): [FULL-STARTUP] [SERVICE 22/22] SecretsToolService STARTED
03-25 20:29:12.047 D/MainActivity(32240): Service 22 started (6/22)
03-25 20:29:12.051 I/python.stdout(32240): [FULL-STARTUP] [SERVICE 6/22] MemoryService STARTED
03-25 20:29:12.052 I/python.stdout(32240): [FULL-STARTUP] [SERVICE 7/22] ConfigService STARTED
03-25 20:29:12.052 D/MainActivity(32240): Service 6 started (7/22)
03-25 20:29:12.052 D/MainActivity(32240): Service 7 started (8/22)
03-25 20:29:12.768 I/python.stdout(32240): [FULL-STARTUP] [SERVICE 15/22] AuthenticationService STARTED
03-25 20:29:12.769 D/MainActivity(32240): Service 15 started (9/22)
03-25 20:29:12.779 I/python.stdout(32240): [FULL-STARTUP] [SERVICE 13/22] WiseAuthority STARTED
03-25 20:29:12.780 D/MainActivity(32240): Service 13 started (10/22)
03-25 20:29:12.789 I/python.stdout(32240): [SERVICES] === RESUME (12 remaining services) PHASE ===
03-25 20:29:12.797 I/python.stdout(32240): [RESUME (12 remaining services)] [SERVICE 9/22] TelemetryService STARTED
03-25 20:29:12.797 D/MainActivity(32240): Service 9 started (11/22)
03-25 20:29:12.837 I/python.stdout(32240): [RESUME (12 remaining services)] [SERVICE 14/22] LLMService STARTED
03-25 20:29:12.838 D/MainActivity(32240): Service 14 started (12/22)
03-25 20:29:13.922 E/CIRISApiClient(18302): [getMessages] Exception: UnknownHostException: Unable to resolve host "localhost": No address associated with hostname | Context: limit=50, is401=false, tokenPresent=true, tokenPreview=ciris_ad...0BKc
03-25 20:29:13.924 W/InteractViewModel(18302): [fetchHistory] Non-auth error: UnknownHostException: Unable to resolve host "localhost": No address associated with hostname
03-25 20:29:13.932 E/CIRISApiClient(18302): [getAuditEntries] Exception: UnknownHostException: Unable to resolve host "localhost": No address associated with hostname
03-25 20:29:14.409 I/python.stdout(32240): [RESUME (12 remaining services)] [SERVICE 8/22] AuditService STARTED
03-25 20:29:14.410 D/MainActivity(32240): Service 8 started (13/22)
03-25 20:29:14.428 I/python.stdout(32240): [RESUME (12 remaining services)] [SERVICE 10/22] IncidentManagement STARTED
03-25 20:29:14.429 D/MainActivity(32240): Service 10 started (14/22)
03-25 20:29:14.445 I/python.stdout(32240): [RESUME (12 remaining services)] [SERVICE 19/22] AdaptiveFilter STARTED
03-25 20:29:14.446 D/MainActivity(32240): Service 19 started (15/22)
03-25 20:29:14.451 I/python.stdout(32240): [RESUME (12 remaining services)] [SERVICE 18/22] TaskScheduler STARTED
03-25 20:29:14.452 D/MainActivity(32240): Service 18 started (16/22)
03-25 20:29:14.566 I/python.stdout(32240): [RESUME (12 remaining services)] [SERVICE 11/22] TSDBConsolidation STARTED
03-25 20:29:14.567 I/python.stdout(32240): [RESUME (12 remaining services)] [SERVICE 16/22] DatabaseMaintenance STARTED
03-25 20:29:14.567 D/MainActivity(32240): Service 11 started (17/22)
03-25 20:29:14.568 D/MainActivity(32240): Service 16 started (18/22)
03-25 20:29:14.568 I/python.stdout(32240): [RESUME (12 remaining services)] [SERVICE 21/22] SelfObservation STARTED
03-25 20:29:14.568 D/MainActivity(32240): Service 21 started (19/22)
03-25 20:29:14.570 I/python.stdout(32240): [RESUME (12 remaining services)] [SERVICE 20/22] VisibilityService STARTED
03-25 20:29:14.570 I/python.stdout(32240): [RESUME (12 remaining services)] [SERVICE 12/22] ConsentService STARTED
03-25 20:29:14.570 D/MainActivity(32240): Service 20 started (20/22)
03-25 20:29:14.571 D/MainActivity(32240): Service 12 started (21/22)
03-25 20:29:14.576 I/python.stdout(32240): [RESUME (12 remaining services)] [SERVICE 17/22] RuntimeControl STARTED
03-25 20:29:14.576 D/MainActivity(32240): Service 17 started (22/22)
03-25 20:29:14.708 I/CIRISApiClient(18302): [listAdapters] Listing adapters
03-25 20:29:14.714 E/CIRISApiClient(18302): [listAdapters] Exception: UnknownHostException: Unable to resolve host "localhost": No address associated with hostname
03-25 20:29:14.763 W/python.stderr(32240): /data/data/ai.ciris.mobile.debug/files/chaquopy/AssetFinder/requirements/pydantic/_internal/_config.py:291: PydanticDeprecatedSince20: Support for class-based `config` is deprecated, use ConfigDict instead. Deprecated in Pydantic V2.0 to be removed in V3.0. See Pydantic V2 Migration Guide at https://errors.pydantic.dev/2.9/migration/
03-25 20:29:15.291 I/python.stdout(32240): Starting CIRIS API...
03-25 20:29:15.986 D/CIRISApp(32240): [INIT] CIRISApp composable invoked - googleSignInCallback=PRESENT (241859476)
03-25 20:29:15.987 I/InteractViewModel(32240): [setDeviceAttestationCallback] Device attestation callback SET
03-25 20:29:16.022 D/CIRISApp(32240): [INFO] Startup READY, checking first-run status...
03-25 20:29:16.035 I/CIRISApiClient(32240): [init] CIRISApiClient initialized with baseUrl=http://localhost:8080
03-25 20:29:16.095 D/EnvFileUpdater(32240): Found CIRIS_HOME from env: /data/user/0/ai.ciris.mobile.debug/files/ciris
03-25 20:29:16.108 I/CIRISApiClient(32240): [getSetupStatus] Setup status: required=false, firstRun=false, configExists=true
03-25 20:29:16.109 D/CIRISApp(32240): [INFO] First run check result: false
03-25 20:29:16.109 D/CIRISApp(32240): [INFO] Not first run, attempting to load and validate stored token
03-25 20:29:16.164 D/CIRISApp(32240): [INFO] Loaded stored token: ciris_ad...gh5o
03-25 20:29:16.166 W/TokenManager(32240): [getTokenExpiry] Invalid JWT format: expected 3 parts, got 1
03-25 20:29:16.167 I/TokenManager(32240): [checkAndRefreshToken] Token check: expiry=null, remaining=nulls, minValid=300s
03-25 20:29:16.167 W/TokenManager(32240): [checkAndRefreshToken] Could not parse token expiry - treating as expired
03-25 20:29:16.168 I/TokenManager(32240): [attemptSilentRefresh] Attempting silent sign-in...
03-25 20:29:16.169 I/MainActivity(32240): Silent Sign-In requested from CIRISApp
03-25 20:29:16.173 I/MainActivity(32240): Found cached account: mooreericnyc@gmail.com
03-25 20:29:16.181 I/MainActivity(32240): Silent Sign-In successful: mooreericnyc@gmail.com
03-25 20:29:16.181 I/TokenManager(32240): [attemptSilentRefresh] Silent sign-in successful! provider=google
03-25 20:29:16.182 I/TokenManager(32240): [handleNewToken] Processing new token (length: 1100, provider: google)
03-25 20:29:16.189 I/TokenManager(32240): [handleNewToken] New token expiry: 1774489586 (1030s remaining)
03-25 20:29:16.190 I/CIRISApp(32240):  OAuth ID token refreshed by TokenManager (provider=google), exchanging for CIRIS token
03-25 20:29:16.191 I/CIRISApp(32240):  Token was refreshed, waiting for CIRIS token exchange...
03-25 20:29:16.193 I/CIRISApiClient(32240): [nativeAuth] Attempting native auth: provider=google, userId=null
03-25 20:29:16.193 I/CIRISApiClient(32240): [googleAuth] Attempting Google auth: userId=null, idToken=eyJhbGci...Rlfg
03-25 20:29:16.207 I/TokenManager(32240): [startPeriodicRefresh] Starting periodic refresh (interval: 45 minutes)
03-25 20:29:16.710 E/CIRISApiClient(18302): [getSystemStatus] Exception: UnknownHostException: Unable to resolve host "localhost": No address associated with hostname
03-25 20:29:16.941 E/CIRISApiClient(18302): [getMessages] Exception: UnknownHostException: Unable to resolve host "localhost": No address associated with hostname | Context: limit=50, is401=false, tokenPresent=true, tokenPreview=ciris_ad...0BKc
03-25 20:29:16.943 W/InteractViewModel(18302): [fetchHistory] Non-auth error: UnknownHostException: Unable to resolve host "localhost": No address associated with hostname
03-25 20:29:16.948 E/CIRISApiClient(18302): [getAuditEntries] Exception: UnknownHostException: Unable to resolve host "localhost": No address associated with hostname
03-25 20:29:17.843 I/python.stdout(32240): [20:29:17.843] [STATE] Transition: shutdown -> work
03-25 20:29:18.002 I/CIRISApiClient(32240): [googleAuth] Google auth successful: userId=google:115300315355793131383, role=SYSTEM_ADMIN
03-25 20:29:18.005 I/CIRISApp(32240):  Got CIRIS access token: ciris_ad...D4CA
03-25 20:29:18.007 I/CIRISApiClient(32240): [setAccessToken] Setting access token: ciris_ad...D4CA, length=55
03-25 20:29:18.008 I/CIRISApiClient(32240): [setAccessToken] Bearer token set on all API instances (13 APIs)
03-25 20:29:18.009 I/MainActivity(32240): Token updated, setting on billing apiClient
03-25 20:29:18.010 I/CIRISApiClient(32240): [setAccessToken] Setting access token: ciris_ad...D4CA, length=55
03-25 20:29:18.011 I/CIRISApiClient(32240): [setAccessToken] Bearer token set on all API instances (13 APIs)
03-25 20:29:18.012 I/CIRISApiClient(32240): [logTokenState] === TOKEN STATE DEBUG ===
03-25 20:29:18.013 I/CIRISApiClient(32240): [logTokenState] accessToken present: true
03-25 20:29:18.014 I/CIRISApiClient(32240): [logTokenState] accessToken preview: ciris_ad...D4CA
03-25 20:29:18.015 I/CIRISApiClient(32240): [logTokenState] accessToken length: 55
03-25 20:29:18.016 I/CIRISApiClient(32240): [logTokenState] authHeader() returns: Bearer <token>
03-25 20:29:18.017 I/CIRISApiClient(32240): [logTokenState] =========================
03-25 20:29:18.023 I/CIRISApp(32240):  Refreshed CIRIS token saved to secure storage
03-25 20:29:18.024 I/CIRISApp(32240):  Writing OAuth ID token to .env for Python billing...
03-25 20:29:18.025 D/EnvFileUpdater(32240): Found CIRIS_HOME from env: /data/user/0/ai.ciris.mobile.debug/files/ciris
03-25 20:29:18.026 I/EnvFileUpdater(32240): Read .env file (7824 bytes)
03-25 20:29:18.028 I/EnvFileUpdater(32240): CIRIS proxy mode detected - updating OPENAI_API_KEY
03-25 20:29:18.031 I/EnvFileUpdater(32240): Updated OPENAI_API_KEY
03-25 20:29:18.033 I/EnvFileUpdater(32240): Updated CIRIS_BILLING_GOOGLE_ID_TOKEN
03-25 20:29:18.033 I/EnvFileUpdater(32240): .env file updated (proxy mode: true)
03-25 20:29:18.033 D/EnvFileUpdater(32240): Found CIRIS_HOME from env: /data/user/0/ai.ciris.mobile.debug/files/ciris
03-25 20:29:18.034 I/EnvFileUpdater(32240): Config reload signal written to /data/user/0/ai.ciris.mobile.debug/files/ciris/.config_reload
03-25 20:29:18.034 I/CIRISApp(32240):  .env updated, .config_reload signal written
03-25 20:29:18.035 I/CIRISApp(32240):  Waiting 1.5s for Python to reload billing token...
03-25 20:29:19.540 I/CIRISApp(32240):  Python reload wait complete
03-25 20:29:19.580 I/CIRISApp(32240):  Token exchange completed
03-25 20:29:19.685 I/CIRISApp(32240):  Agent state: WORK
03-25 20:29:19.686 I/CIRISApp(32240):  Agent reached WORK state!
03-25 20:29:19.702 D/EnvFileUpdater(18302): Found CIRIS_HOME from env: /data/user/0/ai.ciris.mobile/files/ciris
03-25 20:29:19.965 E/CIRISApiClient(18302): [getMessages] Exception: UnknownHostException: Unable to resolve host "localhost": No address associated with hostname | Context: limit=50, is401=false, tokenPresent=true, tokenPreview=ciris_ad...0BKc
03-25 20:29:19.968 W/InteractViewModel(18302): [fetchHistory] Non-auth error: UnknownHostException: Unable to resolve host "localhost": No address associated with hostname
03-25 20:29:19.973 E/CIRISApiClient(18302): [getAuditEntries] Exception: UnknownHostException: Unable to resolve host "localhost": No address associated with hostname
03-25 20:29:20.193 I/CIRISApp(32240):  Triggering data load for ViewModels after token set
03-25 20:29:20.194 I/BillingViewModel(32240): [loadBalance] Loading credit balance...
03-25 20:29:20.207 I/CIRISApiClient(32240): [listAdapters] Listing adapters
03-25 20:29:20.212 I/InteractViewModel(32240): [startPolling] Starting polling and SSE streams
03-25 20:29:20.212 I/InteractViewModel(32240): [startStatusPolling] Starting status polling (fast until agent ready)
03-25 20:29:20.219 I/InteractViewModel(32240): [startMessagePolling] Starting message polling (interval=3000ms)
03-25 20:29:20.224 I/InteractViewModel(32240): [startHealthPolling] Starting health polling (fast until LLM ready)
03-25 20:29:20.229 I/InteractViewModel(32240): [startTrustPendingPolling] Starting trust pending polling (interval=5000ms)
03-25 20:29:20.229 I/InteractViewModel(32240): [startSseStream] Starting SSE reasoning stream
03-25 20:29:20.234 I/InteractViewModel(32240): [fetchWalletStatus] Fetching adapters list to check wallet status
03-25 20:29:20.235 I/CIRISApiClient(32240): [listAdapters] Listing adapters
03-25 20:29:20.238 I/CIRISApp(32240):  Running boot-time attestation check...
03-25 20:29:20.240 D/CIRISApp(32240): [INIT] CIRISApp composable invoked - googleSignInCallback=PRESENT (241859476)
03-25 20:29:20.241 I/InteractViewModel(32240): [setDeviceAttestationCallback] Device attestation callback SET
03-25 20:29:20.246 D/CIRISApp(32240): [CIRISApp] >>> liveBackgroundEnabled=true, apiClient=present
03-25 20:29:20.523 I/CIRISApiClient(32240): [getGraphData] >>> START: hours=24, scope=ALL_SCOPES, type=null, limit=200
03-25 20:29:20.523 I/CIRISApiClient(32240): [getGraphData] Fetching timeline: http://localhost:8080/v1/memory/timeline?hours=24&include_edges=true&include_metrics=false
03-25 20:29:21.719 E/CIRISApiClient(18302): [getSystemStatus] Exception: UnknownHostException: Unable to resolve host "localhost": No address associated with hostname
03-25 20:29:22.834 I/CIRISApp(32240):  Boot attestation: loaded=true, maxLevel=1, dns_us=true, dns_eu=true, https=true
03-25 20:29:22.876 I/InteractViewModel(32240): [startStatusPolling] Agent ready with state: WORK
03-25 20:29:22.876 I/InteractViewModel(32240): [startStatusPolling] Connection state changed: false -> true
03-25 20:29:22.953 I/InteractViewModel(32240): [fetchHistory] Added 6 new messages to chat
03-25 20:29:22.959 I/InteractViewModel(32240): [startSseStream] SSE connected
03-25 20:29:22.966 I/InteractViewModel(32240): [fetchTrustStatus] Trust level changed: 0 -> 1
03-25 20:29:22.967 I/InteractViewModel(32240): [fetchTrustStatus] Level pending changed: false -> true
03-25 20:29:22.967 I/InteractViewModel(32240): [startTrustPendingPolling] Level pending=true, triggering device attestation automatically...
03-25 20:29:22.968 I/MainActivity(32240): Device attestation requested
03-25 20:29:22.968 I/CIRISApiClient(32240): [getPlayIntegrityNonce] Requesting Play Integrity nonce from Python API
03-25 20:29:22.982 E/CIRISApiClient(18302): [getMessages] Exception: UnknownHostException: Unable to resolve host "localhost": No address associated with hostname | Context: limit=50, is401=false, tokenPresent=true, tokenPreview=ciris_ad...0BKc
03-25 20:29:22.984 W/InteractViewModel(18302): [fetchHistory] Non-auth error: UnknownHostException: Unable to resolve host "localhost": No address associated with hostname
03-25 20:29:22.989 E/CIRISApiClient(18302): [getAuditEntries] Exception: UnknownHostException: Unable to resolve host "localhost": No address associated with hostname
03-25 20:29:23.149 I/CIRISApiClient(32240): [listAdapters] API response: total=6, running=6, adapters.size=6
03-25 20:29:23.150 I/CIRISApiClient(32240): [listAdapters]   API adapter[0]: id=cirisverify_bootstrap, type=cirisverify, running=true
03-25 20:29:23.150 I/CIRISApiClient(32240): [listAdapters]   API adapter[1]: id=wallet_bootstrap, type=wallet, running=true
03-25 20:29:23.151 I/CIRISApiClient(32240): [listAdapters]   API adapter[2]: id=api_bootstrap, type=api, running=true
03-25 20:29:23.151 I/CIRISApiClient(32240): [listAdapters]   API adapter[3]: id=home_assistant_707feebf, type=home_assistant, running=true
03-25 20:29:23.151 I/CIRISApiClient(32240): [listAdapters]   API adapter[4]: id=ciris_accord_metrics, type=ciris_accord_metrics, running=true
03-25 20:29:23.152 I/CIRISApiClient(32240): [listAdapters]   API adapter[5]: id=ciris_hosted_tools, type=ciris_hosted_tools, running=true
03-25 20:29:23.203 I/CIRISApiClient(32240): [listAdapters] API response: total=6, running=6, adapters.size=6
03-25 20:29:23.204 I/CIRISApiClient(32240): [listAdapters]   API adapter[0]: id=cirisverify_bootstrap, type=cirisverify, running=true
03-25 20:29:23.204 I/CIRISApiClient(32240): [listAdapters]   API adapter[1]: id=wallet_bootstrap, type=wallet, running=true
03-25 20:29:23.205 I/CIRISApiClient(32240): [listAdapters]   API adapter[2]: id=api_bootstrap, type=api, running=true
03-25 20:29:23.205 I/CIRISApiClient(32240): [listAdapters]   API adapter[3]: id=home_assistant_707feebf, type=home_assistant, running=true
03-25 20:29:23.205 I/CIRISApiClient(32240): [listAdapters]   API adapter[4]: id=ciris_accord_metrics, type=ciris_accord_metrics, running=true
03-25 20:29:23.206 I/CIRISApiClient(32240): [listAdapters]   API adapter[5]: id=ciris_hosted_tools, type=ciris_hosted_tools, running=true
03-25 20:29:23.206 I/InteractViewModel(32240): [fetchWalletStatus] Wallet adapter found: isRunning=true
03-25 20:29:23.327 I/CIRISApiClient(32240): [getGraphData] <<< DONE in 2805ms (single API call)
03-25 20:29:23.328 I/CIRISApiClient(32240): [getGraphData]     Nodes: 53 ({local=33, identity=20})
03-25 20:29:23.328 I/CIRISApiClient(32240): [getGraphData]     Edges: 157 total, 79 visible
03-25 20:29:23.329 I/CIRISApiClient(32240): [getGraphData]     Edge types: {FIRST_AUDIT_EVENT=2, LAST_AUDIT_EVENT=2, TEMPORAL_NEXT=10, TEMPORAL_PREV=5, INVOLVED_USER=2, OCCURRED_IN_CHANNEL=2, DISCUSSED_CONCEPT=14, DRIVES_PROCESSING=2, TEMPORAL_CORRELATION=14, LONG_RUNNING_TASK=2, HIGH_LATENCY_TASK=2, CREATES_TRAIL=2, METRICS_CONFIG=9, SUMMARIZES=87, IMPACTS_QUALITY=2}
03-25 20:29:23.532 I/CIRISApiClient(32240): [getPlayIntegrityNonce] Got nonce: WqxgP_1sMnrx7nvnM4x9...
03-25 20:29:23.619 I/InteractViewModel(32240): [fetchAuditActions] Adding 7 action entries to timeline
03-25 20:29:23.620 I/InteractViewModel(32240): [startMessagePolling] First load complete
03-25 20:29:23.623 I/BillingViewModel(32240): [loadBalance] Credit status loaded: hasCredit=true, creditsRemaining=428, freeUsesRemaining=0, dailyFreeUsesRemaining=2, planName=CIRIS Mobile
03-25 20:29:23.623 I/BillingViewModel(32240): [loadBalance] Total credits calculated: 430
03-25 20:29:23.936 I/InteractViewModel(32240): [startHealthPolling] LLM health ready: provider=other
03-25 20:29:24.345 I/InteractViewModel(18302): [startSseStream] SSE disconnected
03-25 20:29:24.346 I/InteractViewModel(18302): [startSseStream] Reconnecting in 30000ms...
03-25 20:29:24.658 I/MainActivity(32240): Device attestation result: Error(message=Failed to get Play Integrity token: -16: Integrity API error (-16): The provided cloud project number is invalid.
03-25 20:29:24.658 I/MainActivity(32240): Use the cloud project number which can be found in Project info in your Google Cloud Console for the cloud project where Play Integrity API is enabled.
03-25 20:29:24.658 I/MainActivity(32240):  (https://developer.android.com/google/play/integrity/reference/com/google/android/play/core/integrity/model/IntegrityErrorCode.html#CLOUD_PROJECT_NUMBER_IS_INVALID).)
03-25 20:29:24.658 I/InteractViewModel(32240): [startTrustPendingPolling] Device attestation completed: Error(message=Failed to get Play Integrity token: -16: Integrity API error (-16): The provided cloud project number is invalid.
03-25 20:29:24.658 I/InteractViewModel(32240): Use the cloud project number which can be found in Project info in your Google Cloud Console for the cloud project where Play Integrity API is enabled.
03-25 20:29:24.658 I/InteractViewModel(32240):  (https://developer.android.com/google/play/integrity/reference/com/google/android/play/core/integrity/model/IntegrityErrorCode.html#CLOUD_PROJECT_NUMBER_IS_INVALID).)
03-25 20:29:24.719 I/CIRISApiClient(18302): [listAdapters] Listing adapters
03-25 20:29:24.724 E/CIRISApiClient(18302): [listAdapters] Exception: UnknownHostException: Unable to resolve host "localhost": No address associated with hostname
03-25 20:29:26.000 E/CIRISApiClient(18302): [getMessages] Exception: UnknownHostException: Unable to resolve host "localhost": No address associated with hostname | Context: limit=50, is401=false, tokenPresent=true, tokenPreview=ciris_ad...0BKc
03-25 20:29:26.002 W/InteractViewModel(18302): [fetchHistory] Non-auth error: UnknownHostException: Unable to resolve host "localhost": No address associated with hostname
03-25 20:29:26.007 E/CIRISApiClient(18302): [getAuditEntries] Exception: UnknownHostException: Unable to resolve host "localhost": No address associated with hostname
03-25 20:29:26.106 D/EnvFileUpdater(32240): Found CIRIS_HOME from env: /data/user/0/ai.ciris.mobile.debug/files/ciris
03-25 20:29:26.726 E/CIRISApiClient(18302): [getSystemStatus] Exception: UnknownHostException: Unable to resolve host "localhost": No address associated with hostname
03-25 20:29:27.029 I/InteractViewModel(32240): [startTrustPendingPolling] Trust status refreshed after device attestation
03-25 20:29:29.018 E/CIRISApiClient(18302): [getMessages] Exception: UnknownHostException: Unable to resolve host "localhost": No address associated with hostname | Context: limit=50, is401=false, tokenPresent=true, tokenPreview=ciris_ad...0BKc
03-25 20:29:29.020 W/InteractViewModel(18302): [fetchHistory] Non-auth error: UnknownHostException: Unable to resolve host "localhost": No address associated with hostname
03-25 20:29:29.026 E/CIRISApiClient(18302): [getAuditEntries] Exception: UnknownHostException: Unable to resolve host "localhost": No address associated with hostname
03-25 20:29:29.704 D/EnvFileUpdater(18302): Found CIRIS_HOME from env: /data/user/0/ai.ciris.mobile/files/ciris
03-25 20:29:31.713 E/CIRISApiClient(18302): [getLlmConfig] Exception: UnknownHostException: Unable to resolve host "localhost": No address associated with hostname
03-25 20:29:31.716 W/InteractViewModel(18302): [fetchHealthData] Failed to fetch LLM config from API: Unable to resolve host "localhost": No address associated with hostname
03-25 20:29:31.721 E/CIRISApiClient(18302): [getVerifyStatus] Exception: UnknownHostException: Unable to resolve host "localhost": No address associated with hostname
03-25 20:29:31.733 E/CIRISApiClient(18302): [getSystemStatus] Exception: UnknownHostException: Unable to resolve host "localhost": No address associated with hostname
03-25 20:29:32.034 E/CIRISApiClient(18302): [getMessages] Exception: UnknownHostException: Unable to resolve host "localhost": No address associated with hostname | Context: limit=50, is401=false, tokenPresent=true, tokenPreview=ciris_ad...0BKc
03-25 20:29:32.036 W/InteractViewModel(18302): [fetchHistory] Non-auth error: UnknownHostException: Unable to resolve host "localhost": No address associated with hostname
03-25 20:29:32.041 E/CIRISApiClient(18302): [getAuditEntries] Exception: UnknownHostException: Unable to resolve host "localhost": No address associated with hostname
03-25 20:29:34.731 I/CIRISApiClient(18302): [listAdapters] Listing adapters
03-25 20:29:34.737 E/CIRISApiClient(18302): [listAdapters] Exception: UnknownHostException: Unable to resolve host "localhost": No address associated with hostname
03-25 20:29:35.048 E/CIRISApiClient(18302): [getMessages] Exception: UnknownHostException: Unable to resolve host "localhost": No address associated with hostname | Context: limit=50, is401=false, tokenPresent=true, tokenPreview=ciris_ad...0BKc
03-25 20:29:35.051 W/InteractViewModel(18302): [fetchHistory] Non-auth error: UnknownHostException: Unable to resolve host "localhost": No address associated with hostname
03-25 20:29:35.058 E/CIRISApiClient(18302): [getAuditEntries] Exception: UnknownHostException: Unable to resolve host "localhost": No address associated with hostname
03-25 20:29:36.111 D/EnvFileUpdater(32240): Found CIRIS_HOME from env: /data/user/0/ai.ciris.mobile.debug/files/ciris
03-25 20:29:36.744 E/CIRISApiClient(18302): [getSystemStatus] Exception: UnknownHostException: Unable to resolve host "localhost": No address associated with hostname
03-25 20:29:38.064 E/CIRISApiClient(18302): [getMessages] Exception: UnknownHostException: Unable to resolve host "localhost": No address associated with hostname | Context: limit=50, is401=false, tokenPresent=true, tokenPreview=ciris_ad...0BKc
03-25 20:29:38.065 W/InteractViewModel(18302): [fetchHistory] Non-auth error: UnknownHostException: Unable to resolve host "localhost": No address associated with hostname
03-25 20:29:38.072 E/CIRISApiClient(18302): [getAuditEntries] Exception: UnknownHostException: Unable to resolve host "localhost": No address associated with hostname
03-25 20:29:39.705 D/EnvFileUpdater(18302): Found CIRIS_HOME from env: /data/user/0/ai.ciris.mobile/files/ciris
03-25 20:29:41.085 E/CIRISApiClient(18302): [getMessages] Exception: UnknownHostException: Unable to resolve host "localhost": No address associated with hostname | Context: limit=50, is401=false, tokenPresent=true, tokenPreview=ciris_ad...0BKc
03-25 20:29:41.088 W/InteractViewModel(18302): [fetchHistory] Non-auth error: UnknownHostException: Unable to resolve host "localhost": No address associated with hostname
03-25 20:29:41.094 E/CIRISApiClient(18302): [getAuditEntries] Exception: UnknownHostException: Unable to resolve host "localhost": No address associated with hostname
03-25 20:29:41.753 E/CIRISApiClient(18302): [getSystemStatus] Exception: UnknownHostException: Unable to resolve host "localhost": No address associated with hostname
03-25 20:29:44.110 E/CIRISApiClient(18302): [getMessages] Exception: UnknownHostException: Unable to resolve host "localhost": No address associated with hostname | Context: limit=50, is401=false, tokenPresent=true, tokenPreview=ciris_ad...0BKc
03-25 20:29:44.113 W/InteractViewModel(18302): [fetchHistory] Non-auth error: UnknownHostException: Unable to resolve host "localhost": No address associated with hostname
03-25 20:29:44.120 E/CIRISApiClient(18302): [getAuditEntries] Exception: UnknownHostException: Unable to resolve host "localhost": No address associated with hostname
03-25 20:29:44.742 I/CIRISApiClient(18302): [listAdapters] Listing adapters
03-25 20:29:44.751 E/CIRISApiClient(18302): [listAdapters] Exception: UnknownHostException: Unable to resolve host "localhost": No address associated with hostname
03-25 20:29:46.112 D/EnvFileUpdater(32240): Found CIRIS_HOME from env: /data/user/0/ai.ciris.mobile.debug/files/ciris
03-25 20:29:46.768 E/CIRISApiClient(18302): [getSystemStatus] Exception: UnknownHostException: Unable to resolve host "localhost": No address associated with hostname
03-25 20:29:47.128 E/CIRISApiClient(18302): [getMessages] Exception: UnknownHostException: Unable to resolve host "localhost": No address associated with hostname | Context: limit=50, is401=false, tokenPresent=true, tokenPreview=ciris_ad...0BKc
03-25 20:29:47.130 W/InteractViewModel(18302): [fetchHistory] Non-auth error: UnknownHostException: Unable to resolve host "localhost": No address associated with hostname
03-25 20:29:47.136 E/CIRISApiClient(18302): [getAuditEntries] Exception: UnknownHostException: Unable to resolve host "localhost": No address associated with hostname
03-25 20:29:49.707 D/EnvFileUpdater(18302): Found CIRIS_HOME from env: /data/user/0/ai.ciris.mobile/files/ciris
03-25 20:29:50.145 E/CIRISApiClient(18302): [getMessages] Exception: UnknownHostException: Unable to resolve host "localhost": No address associated with hostname | Context: limit=50, is401=false, tokenPresent=true, tokenPreview=ciris_ad...0BKc
03-25 20:29:50.147 W/InteractViewModel(18302): [fetchHistory] Non-auth error: UnknownHostException: Unable to resolve host "localhost": No address associated with hostname
03-25 20:29:50.153 E/CIRISApiClient(18302): [getAuditEntries] Exception: UnknownHostException: Unable to resolve host "localhost": No address associated with hostname
03-25 20:29:51.776 E/CIRISApiClient(18302): [getSystemStatus] Exception: UnknownHostException: Unable to resolve host "localhost": No address associated with hostname
03-25 20:29:53.165 E/CIRISApiClient(18302): [getMessages] Exception: UnknownHostException: Unable to resolve host "localhost": No address associated with hostname | Context: limit=50, is401=false, tokenPresent=true, tokenPreview=ciris_ad...0BKc
03-25 20:29:53.167 W/InteractViewModel(18302): [fetchHistory] Non-auth error: UnknownHostException: Unable to resolve host "localhost": No address associated with hostname
03-25 20:29:53.171 E/CIRISApiClient(18302): [getAuditEntries] Exception: UnknownHostException: Unable to resolve host "localhost": No address associated with hostname
03-25 20:29:54.353 I/InteractViewModel(18302): [startSseStream] SSE disconnected
03-25 20:29:54.355 I/InteractViewModel(18302): [startSseStream] Reconnecting in 30000ms...
03-25 20:29:54.756 I/CIRISApiClient(18302): [listAdapters] Listing adapters
03-25 20:29:54.762 E/CIRISApiClient(18302): [listAdapters] Exception: UnknownHostException: Unable to resolve host "localhost": No address associated with hostname
03-25 20:29:55.191 D/CIRISApp(32240): [INFO] Opening Wallet page
03-25 20:29:55.193 D/CIRISApp(32240): [INIT] CIRISApp composable invoked - googleSignInCallback=PRESENT (241859476)
03-25 20:29:55.194 I/InteractViewModel(32240): [setDeviceAttestationCallback] Device attestation callback SET
03-25 20:29:55.260 I/CIRISApiClient(32240): [getWalletStatus] Fetching wallet status
03-25 20:29:55.289 I/CIRISApiClient(32240): [getWalletStatus] Wallet status: address=null, balance=0.00, level=0
03-25 20:29:56.115 D/EnvFileUpdater(32240): Found CIRIS_HOME from env: /data/user/0/ai.ciris.mobile.debug/files/ciris
03-25 20:29:56.189 E/CIRISApiClient(18302): [getMessages] Exception: UnknownHostException: Unable to resolve host "localhost": No address associated with hostname | Context: limit=50, is401=false, tokenPresent=true, tokenPreview=ciris_ad...0BKc
03-25 20:29:56.200 W/InteractViewModel(18302): [fetchHistory] Non-auth error: UnknownHostException: Unable to resolve host "localhost": No address associated with hostname
03-25 20:29:56.205 E/CIRISApiClient(18302): [getAuditEntries] Exception: UnknownHostException: Unable to resolve host "localhost": No address associated with hostname
03-25 20:29:56.789 E/CIRISApiClient(18302): [getSystemStatus] Exception: UnknownHostException: Unable to resolve host "localhost": No address associated with hostname
03-25 20:29:59.213 E/CIRISApiClient(18302): [getMessages] Exception: UnknownHostException: Unable to resolve host "localhost": No address associated with hostname | Context: limit=50, is401=false, tokenPresent=true, tokenPreview=ciris_ad...0BKc
03-25 20:29:59.215 W/InteractViewModel(18302): [fetchHistory] Non-auth error: UnknownHostException: Unable to resolve host "localhost": No address associated with hostname
03-25 20:29:59.218 E/CIRISApiClient(18302): [getAuditEntries] Exception: UnknownHostException: Unable to resolve host "localhost": No address associated with hostname
03-25 20:29:59.711 D/EnvFileUpdater(18302): Found CIRIS_HOME from env: /data/user/0/ai.ciris.mobile/files/ciris
03-25 20:30:01.734 E/CIRISApiClient(18302): [getLlmConfig] Exception: UnknownHostException: Unable to resolve host "localhost": No address associated with hostname
03-25 20:30:01.736 W/InteractViewModel(18302): [fetchHealthData] Failed to fetch LLM config from API: Unable to resolve host "localhost": No address associated with hostname
03-25 20:30:01.741 E/CIRISApiClient(18302): [getVerifyStatus] Exception: UnknownHostException: Unable to resolve host "localhost": No address associated with hostname
03-25 20:30:01.798 E/CIRISApiClient(18302): [getSystemStatus] Exception: UnknownHostException: Unable to resolve host "localhost": No address associated with hostname
03-25 20:30:02.230 E/CIRISApiClient(18302): [getMessages] Exception: UnknownHostException: Unable to resolve host "localhost": No address associated with hostname | Context: limit=50, is401=false, tokenPresent=true, tokenPreview=ciris_ad...0BKc
03-25 20:30:02.233 W/InteractViewModel(18302): [fetchHistory] Non-auth error: UnknownHostException: Unable to resolve host "localhost": No address associated with hostname
03-25 20:30:02.240 E/CIRISApiClient(18302): [getAuditEntries] Exception: UnknownHostException: Unable to resolve host "localhost": No address associated with hostname
03-25 20:30:04.770 I/CIRISApiClient(18302): [listAdapters] Listing adapters
03-25 20:30:04.785 E/CIRISApiClient(18302): [listAdapters] Exception: UnknownHostException: Unable to resolve host "localhost": No address associated with hostname
03-25 20:30:05.248 E/CIRISApiClient(18302): [getMessages] Exception: UnknownHostException: Unable to resolve host "localhost": No address associated with hostname | Context: limit=50, is401=false, tokenPresent=true, tokenPreview=ciris_ad...0BKc
03-25 20:30:05.250 W/InteractViewModel(18302): [fetchHistory] Non-auth error: UnknownHostException: Unable to resolve host "localhost": No address associated with hostname
03-25 20:30:05.255 E/CIRISApiClient(18302): [getAuditEntries] Exception: UnknownHostException: Unable to resolve host "localhost": No address associated with hostname
03-25 20:30:06.117 D/EnvFileUpdater(32240): Found CIRIS_HOME from env: /data/user/0/ai.ciris.mobile.debug/files/ciris
03-25 20:30:06.813 E/CIRISApiClient(18302): [getSystemStatus] Exception: UnknownHostException: Unable to resolve host "localhost": No address associated with hostname
03-25 20:30:08.270 E/CIRISApiClient(18302): [getMessages] Exception: UnknownHostException: Unable to resolve host "localhost": No address associated with hostname | Context: limit=50, is401=false, tokenPresent=true, tokenPreview=ciris_ad...0BKc
03-25 20:30:08.273 W/InteractViewModel(18302): [fetchHistory] Non-auth error: UnknownHostException: Unable to resolve host "localhost": No address associated with hostname
03-25 20:30:08.281 E/CIRISApiClient(18302): [getAuditEntries] Exception: UnknownHostException: Unable to resolve host "localhost": No address associated with hostname
03-25 20:30:09.714 D/EnvFileUpdater(18302): Found CIRIS_HOME from env: /data/user/0/ai.ciris.mobile/files/ciris
03-25 20:30:11.302 E/CIRISApiClient(18302): [getMessages] Exception: UnknownHostException: Unable to resolve host "localhost": No address associated with hostname | Context: limit=50, is401=false, tokenPresent=true, tokenPreview=ciris_ad...0BKc
03-25 20:30:11.305 W/InteractViewModel(18302): [fetchHistory] Non-auth error: UnknownHostException: Unable to resolve host "localhost": No address associated with hostname
03-25 20:30:11.312 E/CIRISApiClient(18302): [getAuditEntries] Exception: UnknownHostException: Unable to resolve host "localhost": No address associated with hostname
03-25 20:30:11.828 E/CIRISApiClient(18302): [getSystemStatus] Exception: UnknownHostException: Unable to resolve host "localhost": No address associated with hostname
03-25 20:30:14.332 E/CIRISApiClient(18302): [getMessages] Exception: UnknownHostException: Unable to resolve host "localhost": No address associated with hostname | Context: limit=50, is401=false, tokenPresent=true, tokenPreview=ciris_ad...0BKc
03-25 20:30:14.336 W/InteractViewModel(18302): [fetchHistory] Non-auth error: UnknownHostException: Unable to resolve host "localhost": No address associated with hostname
03-25 20:30:14.344 E/CIRISApiClient(18302): [getAuditEntries] Exception: UnknownHostException: Unable to resolve host "localhost": No address associated with hostname
03-25 20:30:14.794 I/CIRISApiClient(18302): [listAdapters] Listing adapters
03-25 20:30:14.803 E/CIRISApiClient(18302): [listAdapters] Exception: UnknownHostException: Unable to resolve host "localhost": No address associated with hostname
03-25 20:30:16.122 D/EnvFileUpdater(32240): Found CIRIS_HOME from env: /data/user/0/ai.ciris.mobile.debug/files/ciris
03-25 20:30:16.841 E/CIRISApiClient(18302): [getSystemStatus] Exception: UnknownHostException: Unable to resolve host "localhost": No address associated with hostname
03-25 20:30:17.352 E/CIRISApiClient(18302): [getMessages] Exception: UnknownHostException: Unable to resolve host "localhost": No address associated with hostname | Context: limit=50, is401=false, tokenPresent=true, tokenPreview=ciris_ad...0BKc
03-25 20:30:17.354 W/InteractViewModel(18302): [fetchHistory] Non-auth error: UnknownHostException: Unable to resolve host "localhost": No address associated with hostname
03-25 20:30:17.358 E/CIRISApiClient(18302): [getAuditEntries] Exception: UnknownHostException: Unable to resolve host "localhost": No address associated with hostname
03-25 20:30:19.716 D/EnvFileUpdater(18302): Found CIRIS_HOME from env: /data/user/0/ai.ciris.mobile/files/ciris
03-25 20:30:20.378 E/CIRISApiClient(18302): [getMessages] Exception: UnknownHostException: Unable to resolve host "localhost": No address associated with hostname | Context: limit=50, is401=false, tokenPresent=true, tokenPreview=ciris_ad...0BKc
03-25 20:30:20.381 W/InteractViewModel(18302): [fetchHistory] Non-auth error: UnknownHostException: Unable to resolve host "localhost": No address associated with hostname
03-25 20:30:20.387 E/CIRISApiClient(18302): [getAuditEntries] Exception: UnknownHostException: Unable to resolve host "localhost": No address associated with hostname
03-25 20:30:21.856 E/CIRISApiClient(18302): [getSystemStatus] Exception: UnknownHostException: Unable to resolve host "localhost": No address associated with hostname
03-25 20:30:23.400 E/CIRISApiClient(18302): [getMessages] Exception: UnknownHostException: Unable to resolve host "localhost": No address associated with hostname | Context: limit=50, is401=false, tokenPresent=true, tokenPreview=ciris_ad...0BKc
03-25 20:30:23.402 W/InteractViewModel(18302): [fetchHistory] Non-auth error: UnknownHostException: Unable to resolve host "localhost": No address associated with hostname
03-25 20:30:23.408 E/CIRISApiClient(18302): [getAuditEntries] Exception: UnknownHostException: Unable to resolve host "localhost": No address associated with hostname
03-25 20:30:24.364 I/InteractViewModel(18302): [startSseStream] SSE disconnected
03-25 20:30:24.366 I/InteractViewModel(18302): [startSseStream] Reconnecting in 30000ms...
03-25 20:30:24.808 I/CIRISApiClient(18302): [listAdapters] Listing adapters
03-25 20:30:24.816 E/CIRISApiClient(18302): [listAdapters] Exception: UnknownHostException: Unable to resolve host "localhost": No address associated with hostname
03-25 20:30:26.129 D/EnvFileUpdater(32240): Found CIRIS_HOME from env: /data/user/0/ai.ciris.mobile.debug/files/ciris
03-25 20:30:26.421 E/CIRISApiClient(18302): [getMessages] Exception: UnknownHostException: Unable to resolve host "localhost": No address associated with hostname | Context: limit=50, is401=false, tokenPresent=true, tokenPreview=ciris_ad...0BKc
03-25 20:30:26.423 W/InteractViewModel(18302): [fetchHistory] Non-auth error: UnknownHostException: Unable to resolve host "localhost": No address associated with hostname
03-25 20:30:26.428 E/CIRISApiClient(18302): [getAuditEntries] Exception: UnknownHostException: Unable to resolve host "localhost": No address associated with hostname
03-25 20:30:26.868 E/CIRISApiClient(18302): [getSystemStatus] Exception: UnknownHostException: Unable to resolve host "localhost": No address associated with hostname
03-25 20:30:29.436 E/CIRISApiClient(18302): [getMessages] Exception: UnknownHostException: Unable to resolve host "localhost": No address associated with hostname | Context: limit=50, is401=false, tokenPresent=true, tokenPreview=ciris_ad...0BKc
03-25 20:30:29.438 W/InteractViewModel(18302): [fetchHistory] Non-auth error: UnknownHostException: Unable to resolve host "localhost": No address associated with hostname
03-25 20:30:29.444 E/CIRISApiClient(18302): [getAuditEntries] Exception: UnknownHostException: Unable to resolve host "localhost": No address associated with hostname
03-25 20:30:29.719 D/EnvFileUpdater(18302): Found CIRIS_HOME from env: /data/user/0/ai.ciris.mobile/files/ciris
03-25 20:30:31.751 E/CIRISApiClient(18302): [getLlmConfig] Exception: UnknownHostException: Unable to resolve host "localhost": No address associated with hostname
03-25 20:30:31.752 W/InteractViewModel(18302): [fetchHealthData] Failed to fetch LLM config from API: Unable to resolve host "localhost": No address associated with hostname
03-25 20:30:31.756 E/CIRISApiClient(18302): [getVerifyStatus] Exception: UnknownHostException: Unable to resolve host "localhost": No address associated with hostname
03-25 20:30:31.874 E/CIRISApiClient(18302): [getSystemStatus] Exception: UnknownHostException: Unable to resolve host "localhost": No address associated with hostname
03-25 20:30:32.451 E/CIRISApiClient(18302): [getMessages] Exception: UnknownHostException: Unable to resolve host "localhost": No address associated with hostname | Context: limit=50, is401=false, tokenPresent=true, tokenPreview=ciris_ad...0BKc
03-25 20:30:32.453 W/InteractViewModel(18302): [fetchHistory] Non-auth error: UnknownHostException: Unable to resolve host "localhost": No address associated with hostname
03-25 20:30:32.456 E/CIRISApiClient(18302): [getAuditEntries] Exception: UnknownHostException: Unable to resolve host "localhost": No address associated with hostname
03-25 20:30:34.821 I/CIRISApiClient(18302): [listAdapters] Listing adapters
03-25 20:30:34.828 E/CIRISApiClient(18302): [listAdapters] Exception: UnknownHostException: Unable to resolve host "localhost": No address associated with hostname
