--------- beginning of main
03-26 16:38:50.940 I/chromium(25689): [INFO:components/enterprise/browser/controller/chrome_browser_cloud_management_controller.cc:302] Deferring CBCM Controller Initialization until it is unblocked.
03-26 16:38:51.017 W/chromium(25689): [WARNING:components/gcm_driver/instance_id/instance_id_android.cc:101] Non-zero TTL requested for InstanceID token, while TTLs are not supported by Android Firebase IID API.
03-26 16:38:51.026 W/chromium(25689): [WARNING:components/gcm_driver/instance_id/instance_id_android.cc:101] Non-zero TTL requested for InstanceID token, while TTLs are not supported by Android Firebase IID API.
03-26 16:38:51.026 W/chromium(25689): [WARNING:components/gcm_driver/instance_id/instance_id_android.cc:101] Non-zero TTL requested for InstanceID token, while TTLs are not supported by Android Firebase IID API.
03-26 16:38:51.084 W/chromium(25790): [WARNING:content/app/android/content_main_android.cc:82] android_setCpu already initialized
03-26 16:38:51.159 I/chromium(25790): [INFO:third_party/skia/src/gpu/vk/VulkanPreferredFeatures.cpp:435] WARNING: VulkanPreferredFeatures::addFeaturesToQuery() was not called
03-26 16:38:51.159 I/chromium(25790): 
03-26 16:38:51.159 I/chromium(25790): [INFO:third_party/skia/src/gpu/vk/VulkanPreferredFeatures.cpp:438] WARNING: VulkanPreferredFeatures::addFeaturesToEnable() was not called
03-26 16:38:51.159 I/chromium(25790): 
03-26 16:38:51.169 W/chromium(25783): [WARNING:content/app/android/content_main_android.cc:82] android_setCpu already initialized
03-26 16:38:51.241 W/chromium(25689): [WARNING:net/cert/ev_root_ca_metadata.cc:118] Not implemented
03-26 16:38:51.247 W/chromium(25689): [WARNING:net/cert/ev_root_ca_metadata.cc:118] Not implemented
03-26 16:38:51.290 W/chromium(25910): [WARNING:content/app/android/content_main_android.cc:82] android_setCpu already initialized
03-26 16:38:51.384 W/chromium(25689): [WARNING:chrome/browser/android/compositor/compositor_view.cc:385] Child process died (type=6) pid=25910)
03-26 16:38:51.518 W/chromium(25689): [WARNING:net/cert/ev_root_ca_metadata.cc:118] Not implemented
03-26 16:38:51.519 W/chromium(25689): [WARNING:net/cert/ev_root_ca_metadata.cc:118] Not implemented
03-26 16:38:51.521 W/chromium(25689): [WARNING:net/cert/ev_root_ca_metadata.cc:118] Not implemented
03-26 16:38:51.535 W/chromium(25689): [WARNING:net/cert/ev_root_ca_metadata.cc:118] Not implemented
03-26 16:38:51.679 W/chromium(25689): [WARNING:net/cert/ev_root_ca_metadata.cc:118] Not implemented
03-26 16:38:51.856 W/chromium(25689): [WARNING:net/cert/ev_root_ca_metadata.cc:118] Not implemented
03-26 16:38:52.754 W/chromium(25689): [WARNING:net/cert/ev_root_ca_metadata.cc:118] Not implemented
03-26 16:38:52.847 W/chromium(25689): [WARNING:net/cert/ev_root_ca_metadata.cc:118] Not implemented
03-26 16:38:52.992 W/chromium(25973): [WARNING:content/app/android/content_main_android.cc:82] android_setCpu already initialized
03-26 16:38:53.025 W/chromium(25689): [WARNING:net/cert/ev_root_ca_metadata.cc:118] Not implemented
03-26 16:38:53.236 W/chromium(25689): [WARNING:net/cert/ev_root_ca_metadata.cc:118] Not implemented
03-26 16:38:53.488 W/chromium(25689): [WARNING:net/cert/ev_root_ca_metadata.cc:118] Not implemented
03-26 16:38:53.650 W/chromium(25689): [WARNING:net/cert/ev_root_ca_metadata.cc:118] Not implemented
03-26 16:38:55.067 W/chromium(25790): [WARNING:components/viz/service/frame_sinks/compositor_frame_sink_support.cc:1763] Surface SurfaceId(FrameSinkId(3, 3), LocalSurfaceId(8, 1, B66F...)) is destroyed while there is an outstanding CopyOutputRequest specificc for it.
03-26 16:38:55.250 W/chromium(26048): [WARNING:content/app/android/content_main_android.cc:82] android_setCpu already initialized
03-26 16:38:58.080 W/chromium(26077): [WARNING:content/app/android/content_main_android.cc:82] android_setCpu already initialized
03-26 16:39:01.083 W/chromium(25689): [WARNING:net/cert/ev_root_ca_metadata.cc:118] Not implemented
03-26 16:39:02.348 W/chromium(26105): [WARNING:content/app/android/content_main_android.cc:82] android_setCpu already initialized
03-26 16:39:04.928 W/chromium(26141): [WARNING:content/app/android/content_main_android.cc:82] android_setCpu already initialized
03-26 16:39:06.131 W/chromium(25689): [WARNING:net/cert/ev_root_ca_metadata.cc:118] Not implemented
03-26 16:39:07.157 W/chromium(26169): [WARNING:content/app/android/content_main_android.cc:82] android_setCpu already initialized
03-26 16:39:09.310 W/chromium(26199): [WARNING:content/app/android/content_main_android.cc:82] android_setCpu already initialized
03-26 16:39:30.319 W/chromium(26280): [WARNING:content/app/android/content_main_android.cc:82] android_setCpu already initialized
03-26 16:39:40.190 W/chromium(26389): [WARNING:content/app/android/content_main_android.cc:82] android_setCpu already initialized
03-26 16:39:45.967 W/chromium(26462): [WARNING:content/app/android/content_main_android.cc:82] android_setCpu already initialized
03-26 16:39:49.091 W/chromium(25689): [WARNING:net/cert/ev_root_ca_metadata.cc:118] Not implemented
03-26 16:39:50.953 I/WebViewFactory(26543): Loading com.google.android.webview version 145.0.7632.159 (code 763215903)
03-26 16:40:07.367 W/chromium(25689): [WARNING:components/sync/engine/syncer_proto_util.cc:430] Error posting from syncer: Response Code (bogus on error): -1 Content-Length (bogus on error): -1 Server Status: CONNECTION_UNAVAILABLE
03-26 16:40:07.368 W/chromium(25689): [WARNING:components/sync/engine/commit.cc:181] Post commit failed
03-26 16:40:25.721 W/chromium(25689): [WARNING:net/cert/ev_root_ca_metadata.cc:118] Not implemented
03-26 16:40:26.024 W/chromium(27007): [WARNING:content/app/android/content_main_android.cc:82] android_setCpu already initialized
03-26 16:40:26.068 W/chromium(25689): [WARNING:chrome/browser/android/compositor/compositor_view.cc:385] Child process died (type=6) pid=27007)
03-26 16:40:26.117 W/chromium(27023): [WARNING:content/app/android/content_main_android.cc:82] android_setCpu already initialized
03-26 16:40:26.183 W/chromium(25689): [WARNING:chrome/browser/android/compositor/compositor_view.cc:385] Child process died (type=6) pid=27023)
03-26 16:40:26.217 W/chromium(27039): [WARNING:content/app/android/content_main_android.cc:82] android_setCpu already initialized
03-26 16:40:26.257 W/chromium(25689): [WARNING:chrome/browser/android/compositor/compositor_view.cc:385] Child process died (type=6) pid=27039)
03-26 16:40:26.404 W/chromium(27055): [WARNING:content/app/android/content_main_android.cc:82] android_setCpu already initialized
03-26 16:40:26.471 W/chromium(25689): [WARNING:chrome/browser/android/compositor/compositor_view.cc:385] Child process died (type=6) pid=27055)
03-26 16:40:26.495 W/chromium(27073): [WARNING:content/app/android/content_main_android.cc:82] android_setCpu already initialized
03-26 16:40:26.548 W/chromium(25689): [WARNING:chrome/browser/android/compositor/compositor_view.cc:385] Child process died (type=6) pid=27073)
03-26 16:40:26.584 W/chromium(25689): [WARNING:net/cert/ev_root_ca_metadata.cc:118] Not implemented
03-26 16:40:26.756 W/chromium(27090): [WARNING:content/app/android/content_main_android.cc:82] android_setCpu already initialized
03-26 16:40:26.791 W/chromium(25689): [WARNING:chrome/browser/android/compositor/compositor_view.cc:385] Child process died (type=6) pid=27090)
03-26 16:40:26.832 W/chromium(27107): [WARNING:content/app/android/content_main_android.cc:82] android_setCpu already initialized
03-26 16:40:26.886 W/chromium(25689): [WARNING:chrome/browser/android/compositor/compositor_view.cc:385] Child process died (type=6) pid=27107)
03-26 16:40:26.920 W/chromium(27123): [WARNING:content/app/android/content_main_android.cc:82] android_setCpu already initialized
03-26 16:40:26.966 W/chromium(25689): [WARNING:chrome/browser/android/compositor/compositor_view.cc:385] Child process died (type=6) pid=27123)
03-26 16:40:27.101 W/chromium(25689): [WARNING:net/cert/ev_root_ca_metadata.cc:118] Not implemented
03-26 16:41:14.085 W/chromium(27500): [WARNING:content/app/android/content_main_android.cc:82] android_setCpu already initialized
03-26 16:41:14.127 W/chromium(25689): [WARNING:net/cert/ev_root_ca_metadata.cc:118] Not implemented
03-26 16:41:14.150 W/chromium(25689): [WARNING:net/cert/ev_root_ca_metadata.cc:118] Not implemented
03-26 16:41:14.628 W/chromium(25689): [WARNING:net/cert/ev_root_ca_metadata.cc:118] Not implemented
03-26 16:41:14.679 W/chromium(25689): [WARNING:net/cert/ev_root_ca_metadata.cc:118] Not implemented
03-26 16:41:14.724 W/chromium(25689): [WARNING:net/cert/ev_root_ca_metadata.cc:118] Not implemented
03-26 16:41:15.073 W/chromium(25689): [WARNING:net/cert/ev_root_ca_metadata.cc:118] Not implemented
03-26 16:41:15.137 W/chromium(25689): [WARNING:net/cert/ev_root_ca_metadata.cc:118] Not implemented
03-26 16:41:15.836 W/chromium(25689): [WARNING:net/cert/ev_root_ca_metadata.cc:118] Not implemented
03-26 16:41:15.924 W/chromium(25689): [WARNING:net/cert/ev_root_ca_metadata.cc:118] Not implemented
03-26 16:41:15.934 W/chromium(25689): [WARNING:net/cert/ev_root_ca_metadata.cc:118] Not implemented
03-26 16:41:15.951 W/chromium(25689): [WARNING:net/cert/ev_root_ca_metadata.cc:118] Not implemented
03-26 16:41:16.227 W/chromium(27546): [WARNING:content/app/android/content_main_android.cc:82] android_setCpu already initialized
03-26 16:41:16.411 W/chromium(25689): [WARNING:net/cert/ev_root_ca_metadata.cc:118] Not implemented
03-26 16:41:16.436 W/chromium(25689): [WARNING:net/cert/ev_root_ca_metadata.cc:118] Not implemented
03-26 16:41:16.771 W/chromium(25689): [WARNING:net/cert/ev_root_ca_metadata.cc:118] Not implemented
03-26 16:41:16.808 W/chromium(25689): [WARNING:net/cert/ev_root_ca_metadata.cc:118] Not implemented
03-26 16:41:17.842 W/chromium(25689): [WARNING:net/cert/ev_root_ca_metadata.cc:118] Not implemented
03-26 16:41:20.246 W/chromium(25689): [WARNING:chrome/browser/media/prefs/capture_device_ranking.h:255] Can't initialize the value of media.audio_input.user_preference_ranking because media.default_audio_capture_device isn't registered or is empty
03-26 16:41:20.246 W/chromium(25689): [WARNING:chrome/browser/media/prefs/capture_device_ranking.h:255] Can't initialize the value of media.video_input.user_preference_ranking because media.default_video_capture_Device isn't registered or is empty
03-26 16:41:20.350 W/chromium(25689): [WARNING:net/cert/ev_root_ca_metadata.cc:118] Not implemented
03-26 16:41:20.735 W/chromium(25689): [WARNING:net/cert/ev_root_ca_metadata.cc:118] Not implemented
03-26 16:41:29.400 W/chromium(25689): [WARNING:net/cert/ev_root_ca_metadata.cc:118] Not implemented
03-26 16:41:32.435 W/chromium(27629): [WARNING:content/app/android/content_main_android.cc:82] android_setCpu already initialized
03-26 16:41:58.980 W/chromium(25689): [WARNING:net/cert/ev_root_ca_metadata.cc:118] Not implemented
03-26 16:41:59.906 W/chromium(27760): [WARNING:content/app/android/content_main_android.cc:82] android_setCpu already initialized
03-26 16:42:03.157 W/chromium(25689): [WARNING:chrome/browser/media/prefs/capture_device_ranking.h:255] Can't initialize the value of media.audio_input.user_preference_ranking because media.default_audio_capture_device isn't registered or is empty
03-26 16:42:03.157 W/chromium(25689): [WARNING:chrome/browser/media/prefs/capture_device_ranking.h:255] Can't initialize the value of media.video_input.user_preference_ranking because media.default_video_capture_Device isn't registered or is empty
03-26 16:53:55.957 W/chromium(30686): [0326/165355.956757:WARNING:net/dns/dns_config_service_android.cc:69] Failed to read DnsConfig.
03-26 16:53:56.011 W/chromium(30686): [0326/165356.011471:WARNING:net/dns/dns_config_service_android.cc:69] Failed to read DnsConfig.
03-26 16:55:21.280 I/MainActivity(31677): Initializing Python runtime...
03-26 16:55:21.471 I/MainActivity(31677): Python runtime started
03-26 16:55:21.471 I/MainActivity(31677): Localization resource loader initialized
03-26 16:55:21.479 I/MainActivity(31677): Google Sign-In initialized with client ID: 265882853697-l421ndo...
03-26 16:55:21.479 I/MainActivity(31677): Initializing Google Play Billing...
03-26 16:55:21.537 I/CIRISApiClient(31677): [init] CIRISApiClient initialized with baseUrl=http://localhost:8080
03-26 16:55:21.552 I/MainActivity(31677): Google Play Billing initialized
03-26 16:55:21.554 I/MainActivity(31677): Google Play Integrity initialized (via Python API)
03-26 16:55:21.695 I/MainActivity(31677): Running CIRIS network diagnostics...
03-26 16:55:21.696 I/MainActivity(31677): Showing CIRISApp immediately for startup animation
03-26 16:55:21.697 I/MainActivity(31677): Starting PythonRuntimeService...
03-26 16:55:21.704 D/CIRISApp(31677): [INIT] CIRISApp composable invoked - googleSignInCallback=PRESENT (83586075)
03-26 16:55:21.713 I/CIRISApiClient(31677): [init] CIRISApiClient initialized with baseUrl=http://localhost:8080
03-26 16:55:21.717 I/TokenManager(31677): [setShared] Shared TokenManager instance set
03-26 16:55:21.724 I/InteractViewModel(31677): [init] InteractViewModel initialized (polling deferred until token available)
03-26 16:55:21.725 I/InteractViewModel(31677): [setDeviceAttestationCallback] Device attestation callback SET
03-26 16:55:21.726 I/SettingsViewModel(31677): [loadDisplaySettings] >>> Loading live_background_enabled from secure storage...
03-26 16:55:21.729 I/BillingViewModel(31677): [init] BillingViewModel initialized
03-26 16:55:21.846 I/CIRISApp(31677): Initializing localization...
03-26 16:55:21.848 I/MainActivity(31677): Setting purchase result callback
03-26 16:55:21.892 I/CIRISApp(31677): Initializing currency...
03-26 16:55:21.894 D/CIRISApp(31677): [INIT] CIRISApp composable invoked - googleSignInCallback=PRESENT (83586075)
03-26 16:55:21.896 I/InteractViewModel(31677): [setDeviceAttestationCallback] Device attestation callback SET
03-26 16:55:22.000 I/SettingsViewModel(31677): [loadDisplaySettings] >>> Raw value='true', parsed=true
03-26 16:55:22.000 I/SettingsViewModel(31677): [loadDisplaySettings] >>> Live background state set to: true
03-26 16:55:22.017 D/CIRISApp(31677): [INIT] CIRISApp composable invoked - googleSignInCallback=PRESENT (83586075)
03-26 16:55:22.018 I/InteractViewModel(31677): [setDeviceAttestationCallback] Device attestation callback SET
03-26 16:55:22.023 I/python.stdout(31677): ============================================================
03-26 16:55:22.023 I/python.stdout(31677): PYDANTIC_CORE NATIVE LIBRARY SETUP
03-26 16:55:22.023 I/python.stdout(31677): ============================================================
03-26 16:55:22.023 I/python.stdout(31677): [1/6] Architecture: arm64-v8a (machine=aarch64)
03-26 16:55:22.023 I/python.stdout(31677): [2/6] Extract target: /data/data/ai.ciris.mobile.debug/files/chaquopy/extract-packages
03-26 16:55:22.025 I/python.stdout(31677): [3/6] Found existing .so: _pydantic_core.cpython-310-aarch64-linux-android.so
03-26 16:55:22.025 I/python.stdout(31677): [4/6] No cached modules to clear
03-26 16:55:22.025 I/python.stdout(31677): [5/6] sys.path[0] = /data/data/ai.ciris.mobile.debug/files/chaquopy/extract-packages
03-26 16:55:22.025 I/python.stdout(31677): [5/6] Installed PydanticCoreFinder at meta_path[0]
03-26 16:55:22.025 I/python.stdout(31677): [6/6] Testing native library load...
03-26 16:55:22.026 D/MainActivity(31677): Prep step 1/6: [1/6] Architecture: arm64-v8a (machine=aarch64)
03-26 16:55:22.026 D/MainActivity(31677): Prep step 2/6: [2/6] Extract target: /data/data/ai.ciris.mobile.debug/files/chaquopy/extract-packages
03-26 16:55:22.026 D/MainActivity(31677): Prep step 3/6: [3/6] Found existing .so: _pydantic_core.cpython-310-aarch64-linux-android.so
03-26 16:55:22.026 D/MainActivity(31677): Prep step 4/6: [4/6] No cached modules to clear
03-26 16:55:22.026 D/MainActivity(31677): Prep step 5/6: [5/6] sys.path[0] = /data/data/ai.ciris.mobile.debug/files/chaquopy/extract-packages
03-26 16:55:22.027 D/MainActivity(31677): Prep step 5/6: [5/6] Installed PydanticCoreFinder at meta_path[0]
03-26 16:55:22.027 D/MainActivity(31677): Prep step 6/6: [6/6] Testing native library load...
03-26 16:55:22.029 I/python.stdout(31677): [6/6] ctypes.CDLL: SUCCESS
03-26 16:55:22.029 W/python.stderr(31677): <frozen importlib._bootstrap>:914: ImportWarning: PydanticCoreFinder.find_spec() not found; falling back to find_module()
03-26 16:55:22.029 W/python.stderr(31677): <frozen importlib._bootstrap>:671: ImportWarning: PydanticCoreFinder.exec_module() not found; falling back to load_module()
03-26 16:55:22.029 D/MainActivity(31677): Prep step 6/6: [6/6] ctypes.CDLL: SUCCESS
03-26 16:55:22.052 I/SettingsViewModel(31677): [loadDisplaySettings] >>> Color theme loaded: LAPIS
03-26 16:55:22.059 I/python.stdout(31677): [6/6] import pydantic_core: SUCCESS (v2.23.4)
03-26 16:55:22.059 I/python.stdout(31677): [6/6] Location: /data/data/ai.ciris.mobile.debug/files/chaquopy/extract-packages/pydantic_core/__init__.py
03-26 16:55:22.059 I/python.stdout(31677): ============================================================
03-26 16:55:22.059 I/python.stdout(31677): PYDANTIC_CORE READY
03-26 16:55:22.059 I/python.stdout(31677): ============================================================
03-26 16:55:22.060 I/python.stdout(31677): INFO: mobile_main: CIRIS Mobile - Full On-Device Runtime (LLM Remote)
03-26 16:55:22.064 D/MainActivity(31677): Prep step 6/6: [6/6] import pydantic_core: SUCCESS (v2.23.4)
03-26 16:55:22.064 D/MainActivity(31677): Prep step 6/6: [6/6] Location: /data/data/ai.ciris.mobile.debug/files/chaquopy/extract-packages/pydantic_core/__init__.py
03-26 16:55:22.084 D/CIRISApp(31677): [INIT] CIRISApp composable invoked - googleSignInCallback=PRESENT (83586075)
03-26 16:55:22.085 I/InteractViewModel(31677): [setDeviceAttestationCallback] Device attestation callback SET
03-26 16:55:22.111 I/SettingsViewModel(31677): [loadDisplaySettings] >>> Brightness preference loaded: DARK
03-26 16:55:22.141 D/CIRISApp(31677): [INIT] CIRISApp composable invoked - googleSignInCallback=PRESENT (83586075)
03-26 16:55:22.143 I/InteractViewModel(31677): [setDeviceAttestationCallback] Device attestation callback SET
03-26 16:55:22.337 I/MainActivity(31677): Network diagnostics completed
03-26 16:55:23.515 W/python.stderr(31677): stdlib/enum.py:289: DeprecationWarning: FUNCTIONS is deprecated and will be removed in future versions
03-26 16:55:23.735 I/python.stdout(31677): INFO: ciris_engine.logic.utils.path_resolution: [path_resolution] CIRIS_HOME configured: /data/data/ai.ciris.mobile.debug/files/ciris (platform: Android, os: linux)
03-26 16:55:23.735 I/python.stdout(31677): INFO: mobile_main: Android paths: CIRIS_HOME=/data/data/ai.ciris.mobile.debug/files/ciris, data=/data/data/ai.ciris.mobile.debug/files/ciris/data, logs=/data/data/ai.ciris.mobile.debug/files/ciris/logs
03-26 16:55:23.735 I/python.stdout(31677): INFO: mobile_main: Loading configuration from /data/data/ai.ciris.mobile.debug/files/ciris/.env
03-26 16:55:23.739 I/python.stdout(31677): INFO: mobile_main: Loaded .env - OPENAI_API_KEY set: True
03-26 16:55:23.739 I/python.stdout(31677): INFO: mobile_main: Loaded .env - OPENAI_API_BASE: https://llm01.ciris-services-1.ai/v1
03-26 16:55:23.739 I/python.stdout(31677): INFO: mobile_main: Verifying code integrity (parallel with imports)...
03-26 16:55:23.743 I/python.stdout(31677): [7/8] Hashing ciris_engine...
03-26 16:55:23.743 D/MainActivity(31677): Prep step 7/8: [7/8] Hashing ciris_engine...
03-26 16:55:25.100 W/python.stderr(31677): /data/data/ai.ciris.mobile.debug/files/chaquopy/AssetFinder/requirements/pydantic/_internal/_fields.py:132: UserWarning: Field "model_used" in ResourceCost has conflict with protected namespace "model_".
03-26 16:55:25.100 W/python.stderr(31677): 
03-26 16:55:25.100 W/python.stderr(31677): You may be able to resolve this warning by setting `model_config['protected_namespaces'] = ()`.
03-26 16:55:25.279 I/python.stdout(31677): [7/8] ciris_engine: 686 files hashed
03-26 16:55:25.280 D/MainActivity(31677): Prep step 7/8: [7/8] ciris_engine: 686 files hashed
03-26 16:55:25.285 I/python.stdout(31677): [8/8] Hashing ciris_adapters...
03-26 16:55:25.286 D/MainActivity(31677): Prep step 8/8: [8/8] Hashing ciris_adapters...
03-26 16:55:26.172 I/python.stdout(31677): [8/8] ciris_adapters: 250 files hashed
03-26 16:55:26.173 I/python.stdout(31677): INFO: mobile_main: Code integrity check: 936/936 files hashed, total_hash=2615908f16bff019...
03-26 16:55:26.174 D/MainActivity(31677): Prep step 8/8: [8/8] ciris_adapters: 250 files hashed
03-26 16:55:26.176 I/python.stdout(31677): INFO: mobile_main: Saved 936 module hashes to /data/data/ai.ciris.mobile.debug/files/ciris/startup_python_hashes.json
03-26 16:55:26.178 I/python.stdout(31677): INFO: mobile_main: Code integrity verified: 936 modules, hash=2615908f16bff019...
03-26 16:55:26.178 I/python.stdout(31677): INFO: mobile_main: Starting CIRIS on-device runtime...
03-26 16:55:26.178 I/python.stdout(31677): INFO: mobile_main: API endpoint: http://0.0.0.0:8080 (binding all interfaces)
03-26 16:55:26.178 I/python.stdout(31677): INFO: mobile_main: LLM endpoint: https://llm01.ciris-services-1.ai/v1
03-26 16:55:26.191 I/python.stdout(31677): INFO: mobile_main: Using Android config - CIRIS_HOME: /data/data/ai.ciris.mobile.debug/files/ciris, data_dir: /data/data/ai.ciris.mobile.debug/files/ciris/data
03-26 16:55:26.193 I/python.stdout(31677): INFO: mobile_main: Bootstrap adapters: ['api'] - additional adapters loaded from graph/resume
03-26 16:55:26.194 I/python.stdout(31677): INFO: ciris_engine.logic.runtime.bootstrap_helpers: [BOOTSTRAP] identity_update=False, template_name=None
03-26 16:55:26.256 I/python.stdout(31677): INFO: ciris_engine.logic.adapters: Successfully loaded adapter for mode 'ciris_verify' from modular adapters
03-26 16:55:26.260 I/python.stdout(31677): INFO: ciris_engine.logic.adapters.base: Initializing service: CIRISVerifyAdapter
03-26 16:55:26.260 I/python.stdout(31677): INFO: ciris_engine.logic.runtime.bootstrap_helpers: Successfully loaded adapter: ciris_verify
03-26 16:55:26.462 I/python.stdout(31677): INFO: ciris_engine.logic.adapters: Successfully loaded adapter for mode 'wallet' from modular adapters
03-26 16:55:26.462 I/python.stdout(31677): INFO: ciris_engine.logic.adapters.base: Initializing service: WalletAdapter
03-26 16:55:26.462 I/python.stdout(31677): INFO: ciris_engine.logic.services.infrastructure.authentication.verifier_singleton: [verifier_singleton] Initializing CIRISVerify with CIRIS_DATA_DIR=/data/user/0/ai.ciris.mobile.debug/files/ciris/data
03-26 16:55:26.465 I/python.stdout(31677): INFO: ciris_adapters.ciris_verify.ffi_bindings.client: [CIRISVerify] Android nativeLibraryDir: /data/app/~~kkJKpDR3fVVi36wA0h5t6w==/ai.ciris.mobile.debug--RE3m60E12VoCw8GRyXTpQ==/lib/arm64
03-26 16:55:26.498 I/python.stdout(31677): INFO: ciris_engine.logic.services.infrastructure.authentication.verifier_singleton: [verifier_singleton] Created global CIRISVerify instance
03-26 16:55:26.499 I/python.stdout(31677): INFO: ciris_verify: [ciris_verify_ffi] Log callback registered
03-26 16:55:26.500 I/python.stdout(31677): INFO: ciris_engine.logic.services.infrastructure.authentication.verifier_singleton: [verifier_singleton] Rust logging callback registered (TRACE level)
03-26 16:55:26.500 I/python.stdout(31677): DEBUG: ciris_verify: [ciris_keyring::platform::android] get_keystore: loading AndroidKeyStore
03-26 16:55:26.500 I/python.stdout(31677): DEBUG: ciris_verify: [ciris_keyring::platform::android] get_keystore: AndroidKeyStore loaded successfully
03-26 16:55:26.501 I/python.stdout(31677): INFO: ciris_verify: [ciris_keyring::platform::android] VERIFY key_exists check - phase 1 (file/wrapper check), wrapper_alias=agent_signing_aes_wrapper, encrypted_key_path="/data/user/0/ai.ciris.mobile.debug/files/ciris/data/agent_signing.ed25519.enc", wrapper_exists=true, file_exists=true
03-26 16:55:26.501 I/python.stdout(31677): INFO: ciris_verify: [ciris_keyring::platform::android] VERIFY key_exists check - phase 2 PASSED (key can be decrypted), wrapper_alias=agent_signing_aes_wrapper
03-26 16:55:26.501 I/python.stdout(31677): INFO: ciris_verify: [ciris_keyring::software] VERIFY MutableEd25519Signer::has_key - hardware wrapper check, has_key=true, hardware_backed=true, ciris_data_dir=Some("/data/user/0/ai.ciris.mobile.debug/files/ciris/data")
03-26 16:55:26.501 I/python.stdout(31677): DEBUG: ciris_verify: [ciris_verify_ffi] has_key check: true
03-26 16:55:26.501 D/MainActivity(31677): Verify: INFO: ciris_verify: [ciris_keyring::platform::android] VERIFY key_exists check - phase 1 (file/wrapper check), wrapper_alias=agent_signing_aes_wrapper, encrypted_key_path="/data/user/0/ai.ciris.mobile.debug/files/ciris/data/agent_signing.ed25519.enc", wrapper_exists=true, file_exists=true
03-26 16:55:26.501 I/python.stdout(31677): DEBUG: ciris_verify: [ciris_keyring::platform::android] get_keystore: loading AndroidKeyStore
03-26 16:55:26.501 I/python.stdout(31677): DEBUG: ciris_verify: [ciris_keyring::platform::android] get_keystore: AndroidKeyStore loaded successfully
03-26 16:55:26.501 D/MainActivity(31677): Verify: INFO: ciris_verify: [ciris_keyring::platform::android] VERIFY key_exists check - phase 2 PASSED (key can be decrypted), wrapper_alias=agent_signing_aes_wrapper
03-26 16:55:26.502 D/MainActivity(31677): Verify: INFO: ciris_verify: [ciris_keyring::software] VERIFY MutableEd25519Signer::has_key - hardware wrapper check, has_key=true, hardware_backed=true, ciris_data_dir=Some("/data/user/0/ai.ciris.mobile.debug/files/ciris/data")
03-26 16:55:26.502 I/python.stdout(31677): INFO: ciris_verify: [ciris_keyring::platform::android] VERIFY key_exists check - phase 1 (file/wrapper check), wrapper_alias=agent_signing_aes_wrapper, encrypted_key_path="/data/user/0/ai.ciris.mobile.debug/files/ciris/data/agent_signing.ed25519.enc", wrapper_exists=true, file_exists=true
03-26 16:55:26.502 I/python.stdout(31677): INFO: ciris_verify: [ciris_keyring::platform::android] VERIFY key_exists check - phase 2 PASSED (key can be decrypted), wrapper_alias=agent_signing_aes_wrapper
03-26 16:55:26.502 I/python.stdout(31677): DEBUG: ciris_verify: [ciris_keyring::software] get_public_key from hardware wrapper, pubkey_len=32, hardware_backed=true
03-26 16:55:26.502 I/python.stdout(31677): DEBUG: ciris_verify: [ciris_verify_ffi] Ed25519 public key returned (32 bytes)
03-26 16:55:26.502 I/python.stdout(31677): INFO: ciris_adapters.wallet.adapter: Got Ed25519 public key from CIRISVerify (32 bytes)
03-26 16:55:26.503 I/python.stdout(31677): INFO: ciris_adapters.wallet.adapter: x402 provider configured with CIRISVerify key
03-26 16:55:26.503 D/MainActivity(31677): Verify: INFO: ciris_verify: [ciris_keyring::platform::android] VERIFY key_exists check - phase 1 (file/wrapper check), wrapper_alias=agent_signing_aes_wrapper, encrypted_key_path="/data/user/0/ai.ciris.mobile.debug/files/ciris/data/agent_signing.ed25519.enc", wrapper_exists=true, file_exists=true
03-26 16:55:26.503 D/MainActivity(31677): Verify: INFO: ciris_verify: [ciris_keyring::platform::android] VERIFY key_exists check - phase 2 PASSED (key can be decrypted), wrapper_alias=agent_signing_aes_wrapper
03-26 16:55:26.505 I/python.stdout(31677): INFO: ciris_adapters.wallet.providers.registry: Loaded provider: x402
03-26 16:55:26.506 I/python.stdout(31677): INFO: ciris_adapters.wallet.providers.chain_client: ChainClient initialized for base-mainnet (chain_id=8453)
03-26 16:55:26.506 I/python.stdout(31677): INFO: ciris_adapters.wallet.providers.x402_provider: X402Provider created for network: base-mainnet
03-26 16:55:26.506 I/python.stdout(31677): INFO: ciris_adapters.wallet.providers.x402_provider: Derived wallet address from public key: 0x87779885D3422fa11f402C3b5c3030A5bCD15670
03-26 16:55:26.506 I/python.stdout(31677): INFO: ciris_adapters.wallet.adapter: Loaded provider: x402
03-26 16:55:26.506 I/python.stdout(31677): INFO: ciris_adapters.wallet.tool_service: WalletToolService initialized with providers: ['x402']
03-26 16:55:26.506 I/python.stdout(31677): INFO: ciris_adapters.wallet.adapter: Wallet adapter initialized with providers: ['x402']
03-26 16:55:26.506 I/python.stdout(31677): INFO: ciris_engine.logic.runtime.bootstrap_helpers: Successfully loaded adapter: wallet
03-26 16:55:26.506 I/python.stdout(31677): INFO: ciris_engine.logic.adapters: Successfully loaded adapter for mode 'api' from core adapters
03-26 16:55:26.506 I/python.stdout(31677): INFO: ciris_engine.logic.adapters.base: Initializing service: ApiPlatform
03-26 16:55:26.506 I/python.stdout(31677): INFO: ciris_engine.logic.adapters.api.adapter: [API_ADAPTER_INIT] kwargs keys: ['adapter_config']
03-26 16:55:26.506 I/python.stdout(31677): INFO: ciris_engine.logic.adapters.api.adapter: [API_ADAPTER_INIT] adapter_config in kwargs: True
03-26 16:55:26.506 I/python.stdout(31677): INFO: ciris_engine.logic.adapters.api.adapter: [API_ADAPTER_INIT] adapter_config value: {'host': '0.0.0.0', 'port': 8080, 'cors_enabled': True, 'cors_origins': ['*'], 'cors_allow_credentials': False, 'max_request_size': 1048576, 'request_timeout': 30.0, 'enable_swagger': True, 'enable_redoc': True, 'rate_limit_enabled': True, 'rate_limit_per_minute': 60, 'auth_enabled': True, 'interaction_timeout': 55.0, 'proxy_path': '', 'agent_id': ''}, type: <class 'dict'>
03-26 16:55:26.507 I/python.stdout(31677): INFO: ciris_engine.logic.adapters.api.adapter: [API_ADAPTER_INIT] Created APIAdapterConfig from dict, port=8080
03-26 16:55:26.508 I/python.stdout(31677): Rate limiting enabled: 60 requests per minute
03-26 16:55:27.310 I/python.stdout(31677): ℹ️  API-only mode - use CIRIS Desktop app to connect
03-26 16:55:27.311 I/python.stdout(31677): INFO: ciris_engine.logic.adapters.base: Initializing service: APIRuntimeControlService
03-26 16:55:27.311 I/python.stdout(31677): INFO: ciris_engine.logic.adapters.api.adapter: API adapter initialized - host: 0.0.0.0, port: 8080
03-26 16:55:27.311 I/python.stdout(31677): INFO: ciris_engine.logic.runtime.bootstrap_helpers: Successfully loaded adapter: api
03-26 16:55:27.311 I/python.stdout(31677): INFO: mobile_main: Initializing CIRIS services...
03-26 16:55:27.311 I/python.stdout(31677): INFO: ciris_engine.logic.runtime.ciris_runtime: Initializing CIRIS Runtime...
03-26 16:55:27.312 I/python.stdout(31677): INFO: ciris_engine.logic.runtime.ciris_runtime: Development environment - setting up directories...
03-26 16:55:27.327 I/python.stdout(31677): ✓ Database exclusive access confirmed: /data/data/ai.ciris.mobile.debug/files/ciris/data/ciris_engine.db
03-26 16:55:27.328 I/python.stdout(31677): ✓ All directories and critical files successfully configured
03-26 16:55:27.328 I/python.stdout(31677): INFO: ciris_engine.logic.runtime.ciris_runtime: [initialize] Initializing infrastructure services...
03-26 16:55:27.328 I/python.stdout(31677): INFO: ciris_engine.logic.setup.first_run: Checking first-run status...
03-26 16:55:27.328 I/python.stdout(31677): INFO: ciris_engine.logic.setup.first_run: Running in INSTALLED mode (git repo: False)
03-26 16:55:27.328 I/python.stdout(31677): INFO: ciris_engine.logic.setup.first_run: CIRIS_FORCE_FIRST_RUN env var: None
03-26 16:55:27.328 I/python.stdout(31677): INFO: ciris_engine.logic.setup.first_run: CIRIS_CONFIGURED env var: true
03-26 16:55:27.328 I/python.stdout(31677): INFO: ciris_engine.logic.setup.first_run: CIRIS_CONFIGURED is set - not first run
03-26 16:55:27.328 I/python.stdout(31677): WARNING: ciris_engine.logic.runtime.service_initializer: [SERVICES] === FULL-STARTUP PHASE ===
03-26 16:55:27.328 I/python.stdout(31677): [SERVICES] === FULL-STARTUP PHASE ===
03-26 16:55:27.328 I/python.stdout(31677): INFO: ciris_engine.services.TimeService: TimeService started successfully
03-26 16:55:27.329 I/python.stdout(31677): WARNING: ciris_engine.logic.runtime.service_initializer: [FULL-STARTUP] [SERVICE 1/22] TimeService STARTED
03-26 16:55:27.329 I/python.stdout(31677): [FULL-STARTUP] [SERVICE 1/22] TimeService STARTED
03-26 16:55:27.329 I/python.stdout(31677): INFO: ciris_engine.services.ShutdownService: ShutdownService started successfully
03-26 16:55:27.329 I/python.stdout(31677): WARNING: ciris_engine.logic.runtime.service_initializer: [FULL-STARTUP] [SERVICE 2/22] ShutdownService STARTED
03-26 16:55:27.329 I/python.stdout(31677): [FULL-STARTUP] [SERVICE 2/22] ShutdownService STARTED
03-26 16:55:27.329 I/python.stdout(31677): INFO: ciris_engine.services.InitializationService: InitializationService started successfully
03-26 16:55:27.329 I/python.stdout(31677): WARNING: ciris_engine.logic.runtime.service_initializer: [FULL-STARTUP] [SERVICE 3/22] InitializationService STARTED
03-26 16:55:27.329 I/python.stdout(31677): [FULL-STARTUP] [SERVICE 3/22] InitializationService STARTED
03-26 16:55:27.329 D/MainActivity(31677): Service 1 started (1/22)
03-26 16:55:27.329 D/MainActivity(31677): Service 1 started (1/22)
03-26 16:55:27.330 D/MainActivity(31677): Service 2 started (2/22)
03-26 16:55:27.330 D/MainActivity(31677): Service 2 started (2/22)
03-26 16:55:27.330 D/MainActivity(31677): Service 3 started (3/22)
03-26 16:55:27.330 D/MainActivity(31677): Service 3 started (3/22)
03-26 16:55:27.336 I/python.stdout(31677): INFO: ciris_engine.logic.runtime.service_initializer: Using CIRISBillingProvider with JWT auth (CIRIS LLM proxy)
03-26 16:55:27.375 I/python.stdout(31677): INFO: ciris_engine.logic.services.infrastructure.resource_monitor.ciris_billing_provider: [BILLING_PROVIDER] Started:
03-26 16:55:27.376 I/python.stdout(31677):   base_url: https://billing1.ciris-services-1.ai
03-26 16:55:27.376 I/python.stdout(31677):   auth_mode: JWT (Google ID token)
03-26 16:55:27.376 I/python.stdout(31677):   token_length: 1100 chars
03-26 16:55:27.376 I/python.stdout(31677):   has_refresh_callback: False
03-26 16:55:27.376 I/python.stdout(31677):   cache_ttl: 15s
03-26 16:55:27.376 I/python.stdout(31677):   fail_open: False
03-26 16:55:27.376 I/python.stdout(31677): INFO: ciris_engine.services.ResourceMonitorService: ResourceMonitorService: Started scheduled task with interval 1.0s
03-26 16:55:27.376 I/python.stdout(31677): INFO: ciris_engine.services.ResourceMonitorService: ResourceMonitorService started successfully
03-26 16:55:27.376 I/python.stdout(31677): WARNING: ciris_engine.logic.runtime.service_initializer: [FULL-STARTUP] [SERVICE 4/22] ResourceMonitor STARTED
03-26 16:55:27.376 I/python.stdout(31677): [FULL-STARTUP] [SERVICE 4/22] ResourceMonitor STARTED
03-26 16:55:27.376 I/python.stdout(31677): INFO: ciris_engine.logic.runtime.ciris_runtime: [initialize] Infrastructure services initialized
03-26 16:55:27.376 I/python.stdout(31677): INFO: ciris_engine.logic.runtime.ciris_runtime: [initialize] Got initialization service: <ciris_engine.logic.services.lifecycle.initialization.service.InitializationService object at 0x77778a8b20>
03-26 16:55:27.376 I/python.stdout(31677): INFO: ciris_engine.logic.runtime.ciris_runtime: [initialize] Registering initialization steps...
03-26 16:55:27.376 I/python.stdout(31677): INFO: ciris_engine.logic.runtime.ciris_runtime: [initialize] Steps registered
03-26 16:55:27.376 I/python.stdout(31677): INFO: ciris_engine.logic.runtime.ciris_runtime: [initialize] Running initialization sequence...
03-26 16:55:27.376 I/python.stdout(31677): INFO: ciris_engine.logic.services.lifecycle.initialization.service: ============================================================
03-26 16:55:27.376 I/python.stdout(31677): INFO: ciris_engine.logic.services.lifecycle.initialization.service: CIRIS Agent Initialization Sequence Starting
03-26 16:55:27.376 I/python.stdout(31677): INFO: ciris_engine.logic.services.lifecycle.initialization.service: ============================================================
03-26 16:55:27.376 I/python.stdout(31677): INFO: ciris_engine.logic.services.lifecycle.initialization.service: [InitializationService] Registered 13 steps across 8 phases
03-26 16:55:27.377 I/python.stdout(31677): INFO: ciris_engine.logic.services.lifecycle.initialization.service: [InitializationService] Executing phase infrastructure with 1 steps
03-26 16:55:27.377 I/python.stdout(31677): INFO: ciris_engine.logic.services.lifecycle.initialization.service: ------------------------------------------------------------
03-26 16:55:27.377 I/python.stdout(31677): INFO: ciris_engine.logic.services.lifecycle.initialization.service: Phase: INFRASTRUCTURE
03-26 16:55:27.377 I/python.stdout(31677): INFO: ciris_engine.logic.services.lifecycle.initialization.service: ------------------------------------------------------------
03-26 16:55:27.377 I/python.stdout(31677): INFO: ciris_engine.logic.services.lifecycle.initialization.service: → Initialize Infrastructure Services...
03-26 16:55:27.378 D/MainActivity(31677): Service 4 started (4/22)
03-26 16:55:27.378 D/MainActivity(31677): Service 4 started (4/22)
03-26 16:55:27.390 I/python.stdout(31677): 
03-26 16:55:27.390 I/python.stdout(31677): ================================================================================
03-26 16:55:27.390 I/python.stdout(31677): 🔍 LOGGING INITIALIZED - SEE DETAILED LOGS AT: /data/data/ai.ciris.mobile.debug/files/ciris/logs/ciris_agent_20260326_215527.log
03-26 16:55:27.390 I/python.stdout(31677): 🔗 Symlinked to: /data/data/ai.ciris.mobile.debug/files/ciris/logs/latest.log
03-26 16:55:27.390 I/python.stdout(31677): ⚠️  Incident capture: /data/data/ai.ciris.mobile.debug/files/ciris/logs/incidents_latest.log (WARNING/ERROR messages captured as incidents)
03-26 16:55:27.390 I/python.stdout(31677): ================================================================================
03-26 16:55:27.391 I/python.stdout(31677): 
03-26 16:55:27.408 I/python.stdout(31677): [FULL-STARTUP] [SERVICE 5/22] SecretsService STARTED
03-26 16:55:27.409 D/MainActivity(31677): Service 5 started (5/22)
03-26 16:55:27.410 I/python.stdout(31677): [FULL-STARTUP] [SERVICE 22/22] SecretsToolService STARTED
03-26 16:55:27.411 D/MainActivity(31677): Service 22 started (6/22)
03-26 16:55:27.415 I/python.stdout(31677): [FULL-STARTUP] [SERVICE 6/22] MemoryService STARTED
03-26 16:55:27.415 I/python.stdout(31677): [FULL-STARTUP] [SERVICE 7/22] ConfigService STARTED
03-26 16:55:27.415 D/MainActivity(31677): Service 6 started (7/22)
03-26 16:55:27.416 D/MainActivity(31677): Service 7 started (8/22)
03-26 16:55:28.114 I/python.stdout(31677): [FULL-STARTUP] [SERVICE 15/22] AuthenticationService STARTED
03-26 16:55:28.116 D/MainActivity(31677): Service 15 started (9/22)
03-26 16:55:28.125 I/python.stdout(31677): [FULL-STARTUP] [SERVICE 13/22] WiseAuthority STARTED
03-26 16:55:28.126 D/MainActivity(31677): Service 13 started (10/22)
03-26 16:55:28.135 I/python.stdout(31677): [SERVICES] === RESUME (12 remaining services) PHASE ===
03-26 16:55:28.139 I/python.stdout(31677): [RESUME (12 remaining services)] [SERVICE 9/22] TelemetryService STARTED
03-26 16:55:28.140 D/MainActivity(31677): Service 9 started (11/22)
03-26 16:55:28.180 I/python.stdout(31677): [RESUME (12 remaining services)] [SERVICE 14/22] LLMService STARTED
03-26 16:55:28.181 D/MainActivity(31677): Service 14 started (12/22)
03-26 16:55:29.780 I/python.stdout(31677): [RESUME (12 remaining services)] [SERVICE 8/22] AuditService STARTED
03-26 16:55:29.781 D/MainActivity(31677): Service 8 started (13/22)
03-26 16:55:29.804 I/python.stdout(31677): [RESUME (12 remaining services)] [SERVICE 10/22] IncidentManagement STARTED
03-26 16:55:29.818 I/python.stdout(31677): [RESUME (12 remaining services)] [SERVICE 19/22] AdaptiveFilter STARTED
03-26 16:55:29.824 I/python.stdout(31677): [RESUME (12 remaining services)] [SERVICE 18/22] TaskScheduler STARTED
03-26 16:55:29.939 I/python.stdout(31677): [RESUME (12 remaining services)] [SERVICE 11/22] TSDBConsolidation STARTED
03-26 16:55:29.940 I/python.stdout(31677): [RESUME (12 remaining services)] [SERVICE 16/22] DatabaseMaintenance STARTED
03-26 16:55:29.941 I/python.stdout(31677): [RESUME (12 remaining services)] [SERVICE 21/22] SelfObservation STARTED
03-26 16:55:29.943 I/python.stdout(31677): [RESUME (12 remaining services)] [SERVICE 20/22] VisibilityService STARTED
03-26 16:55:29.943 I/python.stdout(31677): [RESUME (12 remaining services)] [SERVICE 12/22] ConsentService STARTED
03-26 16:55:29.949 I/python.stdout(31677): [RESUME (12 remaining services)] [SERVICE 17/22] RuntimeControl STARTED
03-26 16:55:29.975 D/MainActivity(31677): Service 10 started (14/22)
03-26 16:55:29.975 D/MainActivity(31677): Service 19 started (15/22)
03-26 16:55:29.975 D/MainActivity(31677): Service 18 started (16/22)
03-26 16:55:30.109 D/MainActivity(31677): Service 11 started (17/22)
03-26 16:55:30.110 D/MainActivity(31677): Service 16 started (18/22)
03-26 16:55:30.110 D/MainActivity(31677): Service 21 started (19/22)
03-26 16:55:30.110 D/MainActivity(31677): Service 20 started (20/22)
03-26 16:55:30.110 D/MainActivity(31677): Service 12 started (21/22)
03-26 16:55:30.110 D/MainActivity(31677): Service 17 started (22/22)
03-26 16:55:30.147 W/python.stderr(31677): /data/data/ai.ciris.mobile.debug/files/chaquopy/AssetFinder/requirements/pydantic/_internal/_config.py:291: PydanticDeprecatedSince20: Support for class-based `config` is deprecated, use ConfigDict instead. Deprecated in Pydantic V2.0 to be removed in V3.0. See Pydantic V2 Migration Guide at https://errors.pydantic.dev/2.9/migration/
03-26 16:55:30.591 I/python.stdout(31677): Starting CIRIS API...
03-26 16:55:31.514 D/CIRISApp(31677): [INIT] CIRISApp composable invoked - googleSignInCallback=PRESENT (83586075)
03-26 16:55:31.517 I/InteractViewModel(31677): [setDeviceAttestationCallback] Device attestation callback SET
03-26 16:55:31.566 D/CIRISApp(31677): [INFO] Startup READY, checking first-run status...
03-26 16:55:31.580 I/CIRISApiClient(31677): [init] CIRISApiClient initialized with baseUrl=http://localhost:8080
03-26 16:55:31.850 D/EnvFileUpdater(31677): Found CIRIS_HOME from env: /data/user/0/ai.ciris.mobile.debug/files/ciris
03-26 16:55:32.028 I/CIRISApiClient(31677): [getSetupStatus] Setup status: required=false, firstRun=false, configExists=true
03-26 16:55:32.030 D/CIRISApp(31677): [INFO] First run check result: false
03-26 16:55:32.030 D/CIRISApp(31677): [INFO] Not first run, attempting to load and validate stored token
03-26 16:55:32.081 D/CIRISApp(31677): [INFO] Loaded stored token: ciris_ad...pzy8
03-26 16:55:32.084 W/TokenManager(31677): [getTokenExpiry] Invalid JWT format: expected 3 parts, got 1
03-26 16:55:32.084 I/TokenManager(31677): [checkAndRefreshToken] Token check: expiry=null, remaining=nulls, minValid=300s
03-26 16:55:32.085 W/TokenManager(31677): [checkAndRefreshToken] Could not parse token expiry - treating as expired
03-26 16:55:32.086 I/TokenManager(31677): [attemptSilentRefresh] Attempting silent sign-in...
03-26 16:55:32.086 I/MainActivity(31677): Silent Sign-In requested from CIRISApp
03-26 16:55:32.090 I/MainActivity(31677): Found cached account: mooreericnyc@gmail.com
03-26 16:55:32.108 I/MainActivity(31677): Silent Sign-In successful: mooreericnyc@gmail.com
03-26 16:55:32.108 I/TokenManager(31677): [attemptSilentRefresh] Silent sign-in successful! provider=google
03-26 16:55:32.109 I/TokenManager(31677): [handleNewToken] Processing new token (length: 1100, provider: google)
03-26 16:55:32.110 I/TokenManager(31677): [handleNewToken] New token expiry: 1774563505 (1373s remaining)
03-26 16:55:32.111 I/CIRISApp(31677):  OAuth ID token refreshed by TokenManager (provider=google), exchanging for CIRIS token
03-26 16:55:32.111 I/CIRISApp(31677):  Token was refreshed, waiting for CIRIS token exchange...
03-26 16:55:32.113 I/CIRISApiClient(31677): [nativeAuth] Attempting native auth: provider=google, userId=null
03-26 16:55:32.113 I/CIRISApiClient(31677): [googleAuth] Attempting Google auth: userId=null, idToken=eyJhbGci...vqNg
03-26 16:55:32.125 I/TokenManager(31677): [startPeriodicRefresh] Starting periodic refresh (interval: 45 minutes)
03-26 16:55:32.951 I/python.stdout(31677): [16:55:32.951] [STATE] Transition: shutdown -> work
03-26 16:55:33.301 I/CIRISApiClient(31677): [googleAuth] Google auth successful: userId=google:115300315355793131383, role=SYSTEM_ADMIN
03-26 16:55:33.302 I/CIRISApp(31677):  Got CIRIS access token: ciris_ad...d6rE
03-26 16:55:33.302 I/CIRISApiClient(31677): [setAccessToken] Setting access token: ciris_ad...d6rE, length=55
03-26 16:55:33.303 I/CIRISApiClient(31677): [setAccessToken] Bearer token set on all API instances (13 APIs)
03-26 16:55:33.303 I/MainActivity(31677): Token updated, setting on billing apiClient
03-26 16:55:33.303 I/CIRISApiClient(31677): [setAccessToken] Setting access token: ciris_ad...d6rE, length=55
03-26 16:55:33.304 I/CIRISApiClient(31677): [setAccessToken] Bearer token set on all API instances (13 APIs)
03-26 16:55:33.304 I/CIRISApiClient(31677): [logTokenState] === TOKEN STATE DEBUG ===
03-26 16:55:33.305 I/CIRISApiClient(31677): [logTokenState] accessToken present: true
03-26 16:55:33.305 I/CIRISApiClient(31677): [logTokenState] accessToken preview: ciris_ad...d6rE
03-26 16:55:33.305 I/CIRISApiClient(31677): [logTokenState] accessToken length: 55
03-26 16:55:33.306 I/CIRISApiClient(31677): [logTokenState] authHeader() returns: Bearer <token>
03-26 16:55:33.306 I/CIRISApiClient(31677): [logTokenState] =========================
03-26 16:55:33.308 I/CIRISApp(31677):  Refreshed CIRIS token saved to secure storage
03-26 16:55:33.308 I/CIRISApp(31677):  Writing OAuth ID token to .env for Python billing...
03-26 16:55:33.310 D/EnvFileUpdater(31677): Found CIRIS_HOME from env: /data/user/0/ai.ciris.mobile.debug/files/ciris
03-26 16:55:33.310 I/EnvFileUpdater(31677): Read .env file (7416 bytes)
03-26 16:55:33.312 I/EnvFileUpdater(31677): CIRIS proxy mode detected - updating OPENAI_API_KEY
03-26 16:55:33.313 I/EnvFileUpdater(31677): Updated OPENAI_API_KEY
03-26 16:55:33.313 I/EnvFileUpdater(31677): Updated CIRIS_BILLING_GOOGLE_ID_TOKEN
03-26 16:55:33.314 I/EnvFileUpdater(31677): .env file updated (proxy mode: true)
03-26 16:55:33.314 D/EnvFileUpdater(31677): Found CIRIS_HOME from env: /data/user/0/ai.ciris.mobile.debug/files/ciris
03-26 16:55:33.314 I/EnvFileUpdater(31677): Config reload signal written to /data/user/0/ai.ciris.mobile.debug/files/ciris/.config_reload
03-26 16:55:33.314 I/CIRISApp(31677):  .env updated, .config_reload signal written
03-26 16:55:33.315 I/CIRISApp(31677):  Waiting 1.5s for Python to reload billing token...
03-26 16:55:34.816 I/CIRISApp(31677):  Python reload wait complete
03-26 16:55:34.893 I/CIRISApp(31677):  Token exchange completed
03-26 16:55:34.988 I/CIRISApp(31677):  Agent state: WORK
03-26 16:55:34.989 I/CIRISApp(31677):  Agent reached WORK state!
03-26 16:55:35.494 I/CIRISApp(31677):  Triggering data load for ViewModels after token set
03-26 16:55:35.495 I/BillingViewModel(31677): [loadBalance] Loading credit balance...
03-26 16:55:35.506 I/CIRISApiClient(31677): [listAdapters] Listing adapters
03-26 16:55:35.515 I/InteractViewModel(31677): [startPolling] Starting polling and SSE streams
03-26 16:55:35.516 I/InteractViewModel(31677): [startStatusPolling] Starting status polling (fast until agent ready)
03-26 16:55:35.524 I/InteractViewModel(31677): [startMessagePolling] Starting message polling (interval=3000ms)
03-26 16:55:35.529 I/InteractViewModel(31677): [startHealthPolling] Starting health polling (fast until LLM ready)
03-26 16:55:35.533 I/InteractViewModel(31677): [startTrustPendingPolling] Starting trust pending polling (interval=5000ms)
03-26 16:55:35.534 I/InteractViewModel(31677): [startSseStream] Starting SSE reasoning stream
03-26 16:55:35.538 I/InteractViewModel(31677): [fetchWalletStatus] Fetching adapters list to check wallet status
03-26 16:55:35.539 I/CIRISApiClient(31677): [listAdapters] Listing adapters
03-26 16:55:35.542 I/CIRISApp(31677):  Running boot-time attestation check...
03-26 16:55:35.544 D/CIRISApp(31677): [INIT] CIRISApp composable invoked - googleSignInCallback=PRESENT (83586075)
03-26 16:55:35.545 I/InteractViewModel(31677): [setDeviceAttestationCallback] Device attestation callback SET
03-26 16:55:35.551 D/CIRISApp(31677): [CIRISApp] >>> liveBackgroundEnabled=true, apiClient=present
03-26 16:55:35.945 I/CIRISApiClient(31677): [getGraphData] >>> START: hours=24, scope=ALL_SCOPES, type=null, limit=200
03-26 16:55:35.945 I/CIRISApiClient(31677): [getGraphData] Fetching timeline: http://localhost:8080/v1/memory/timeline?hours=24&include_edges=true&include_metrics=false
03-26 16:55:37.607 I/CIRISApp(31677):  Boot attestation: loaded=true, maxLevel=1, dns_us=true, dns_eu=true, https=true
03-26 16:55:37.649 I/InteractViewModel(31677): [startStatusPolling] Agent ready with state: WORK
03-26 16:55:37.649 I/InteractViewModel(31677): [startStatusPolling] Connection state changed: false -> true
03-26 16:55:37.969 I/InteractViewModel(31677): [startSseStream] SSE connected
03-26 16:55:37.975 I/InteractViewModel(31677): [fetchTrustStatus] Trust level changed: 0 -> 1
03-26 16:55:37.976 I/InteractViewModel(31677): [fetchTrustStatus] Level pending changed: false -> true
03-26 16:55:37.976 I/InteractViewModel(31677): [startTrustPendingPolling] Level pending=true, triggering device attestation automatically...
03-26 16:55:37.977 I/MainActivity(31677): Device attestation requested
03-26 16:55:37.977 I/CIRISApiClient(31677): [getPlayIntegrityNonce] Requesting Play Integrity nonce from Python API
03-26 16:55:38.037 I/CIRISApiClient(31677): [listAdapters] API response: total=5, running=5, adapters.size=5
03-26 16:55:38.038 I/CIRISApiClient(31677): [listAdapters]   API adapter[0]: id=cirisverify_bootstrap, type=cirisverify, running=true
03-26 16:55:38.038 I/CIRISApiClient(31677): [listAdapters]   API adapter[1]: id=wallet_bootstrap, type=wallet, running=true
