04-15 21:29:41.468 I/CIRISApiClient( 6602): [getGraphData] Fetching timeline: http://localhost:8080/v1/memory/timeline?hours=24&include_edges=true&include_metrics=false
04-15 21:29:42.364 I/CIRISApiClient( 6602): [getGraphData] <<< DONE in 895ms (single API call)
04-15 21:29:42.365 I/CIRISApiClient( 6602): [getGraphData]     Nodes: 172 ({identity=31, local=141})
04-15 21:29:42.365 I/CIRISApiClient( 6602): [getGraphData]     Edges: 87 total, 87 visible
04-15 21:29:42.366 I/CIRISApiClient( 6602): [getGraphData]     Edge types: {FIRST_AUDIT_EVENT=1, LAST_AUDIT_EVENT=1, INVOLVED_USER=1, OCCURRED_IN_CHANNEL=2, DISCUSSED_CONCEPT=2, DRIVES_PROCESSING=1, TEMPORAL_CORRELATION=4, LONG_RUNNING_TASK=1, SUMMARIZES=73, CREATES_TRAIL=1}
04-15 21:29:43.429 D/EnvFileUpdater( 6602): Found CIRIS_HOME from env: /data/user/0/ai.ciris.mobile.debug/files/ciris
04-15 21:29:44.925 D/CIRISApp( 6602): [INIT] CIRISApp composable invoked - googleSignInCallback=PRESENT (179290470)
04-15 21:29:44.926 I/InteractViewModel( 6602): [setDeviceAttestationCallback] Device attestation callback SET
04-15 21:29:45.066 I/SettingsViewModel( 6602): [loadLlmConfig] Loading LLM configuration
04-15 21:29:45.068 I/CIRISApiClient( 6602): [getCirisServicesStatus] GET http://localhost:8080/v1/system/llm/ciris-services/status
04-15 21:29:45.785 I/CIRISApiClient( 6602): [getCirisServicesStatus] GET http://localhost:8080/v1/system/llm/ciris-services/status
04-15 21:29:45.794 I/CIRISApiClient( 6602): [getCirisServicesStatus] Response 200 OK: {"data":{"disabled":true,"message":"CIRIS services are disabled"},"metadata":{"timestamp":"2026-04-16T02:29:45.779842+00:00","request_id":null,"duration_ms":null}}
04-15 21:29:45.796 I/CIRISApiClient( 6602): [listAdapters] Listing adapters
04-15 21:29:46.527 I/CIRISApiClient( 6602): [getCirisServicesStatus] Response 200 OK: {"data":{"disabled":true,"message":"CIRIS services are disabled"},"metadata":{"timestamp":"2026-04-16T02:29:46.508918+00:00","request_id":null,"duration_ms":null}}
04-15 21:29:46.530 I/SettingsViewModel( 6602): [loadLlmConfig] LLM config loaded from API: provider=openai, isCirisProxy=false, model=default
04-15 21:29:46.532 I/SettingsViewModel( 6602): [loadLlmConfig] API key loaded, now fetching models for provider: openai
04-15 21:29:46.533 I/SettingsViewModel( 6602): [fetchModelsForProvider] Fetching models for provider: openai
04-15 21:29:46.534 W/SettingsViewModel( 6602): [fetchModelsForProvider] No API key available, using static model list
04-15 21:29:46.534 I/SettingsViewModel( 6602): [loadLlmConfig] Configuration loaded successfully from API
04-15 21:29:46.903 I/CIRISApiClient( 6602): [listAdapters] API response: total=8, running=8, adapters.size=8
04-15 21:29:46.904 I/CIRISApiClient( 6602): [listAdapters]   API adapter[0]: id=cirisverify_bootstrap, type=cirisverify, running=true, needsReauth=false, hasAuthStep=false
04-15 21:29:46.905 I/CIRISApiClient( 6602): [listAdapters]   API adapter[1]: id=wallet_bootstrap, type=wallet, running=true, needsReauth=false, hasAuthStep=false
04-15 21:29:46.905 I/CIRISApiClient( 6602): [listAdapters]   API adapter[2]: id=api_bootstrap, type=api, running=true, needsReauth=false, hasAuthStep=false
04-15 21:29:46.906 I/CIRISApiClient( 6602): [listAdapters]   API adapter[3]: id=ciris_hosted_tools, type=ciris_hosted_tools, running=true, needsReauth=false, hasAuthStep=false
04-15 21:29:46.906 I/CIRISApiClient( 6602): [listAdapters]   API adapter[4]: id=navigation, type=navigation, running=true, needsReauth=false, hasAuthStep=false
04-15 21:29:46.907 I/CIRISApiClient( 6602): [listAdapters]   API adapter[5]: id=weather, type=weather, running=true, needsReauth=false, hasAuthStep=false
04-15 21:29:46.907 I/CIRISApiClient( 6602): [listAdapters]   API adapter[6]: id=ciris_accord_metrics, type=ciris_accord_metrics, running=true, needsReauth=false, hasAuthStep=false
04-15 21:29:46.908 I/CIRISApiClient( 6602): [listAdapters]   API adapter[7]: id=mobile_local_llm, type=mobile_local_llm, running=true, needsReauth=false, hasAuthStep=false
04-15 21:29:46.909 I/CIRISApiClient( 6602): [getLlmBusStatus] GET http://localhost:8080/v1/system/llm/status
04-15 21:29:47.602 I/CIRISApiClient( 6602): [getLlmProviders] GET http://localhost:8080/v1/system/llm/providers
04-15 21:29:50.261 I/CIRISApiClient( 6602): [getCirisServicesStatus] GET http://localhost:8080/v1/system/llm/ciris-services/status
04-15 21:29:50.618 I/CIRISApiClient( 6602): [getCirisServicesStatus] Response 200 OK: {"data":{"disabled":true,"message":"CIRIS services are disabled"},"metadata":{"timestamp":"2026-04-16T02:29:50.611745+00:00","request_id":null,"duration_ms":null}}
04-15 21:29:50.640 I/CIRISApiClient( 6602): [getWAStatus] Fetching WA status
04-15 21:29:51.351 I/CIRISApiClient( 6602): [getWAStatus] WA Status: healthy=true, activeWAs=1, pendingDeferrals=0, deferrals24h=0, subscribers=2
04-15 21:29:51.352 I/CIRISApiClient( 6602): [getSystemHealth] Fetching system health
04-15 21:29:51.396 I/CIRISApiClient( 6602): [getSystemHealth] System health: status=healthy, cognitiveState=null, warnings=1
04-15 21:29:51.397 I/InteractViewModel( 6602): [fetchHealthData] System warnings: [llm_providers_unhealthy]
04-15 21:29:53.432 D/EnvFileUpdater( 6602): Found CIRIS_HOME from env: /data/user/0/ai.ciris.mobile.debug/files/ciris
04-15 21:30:03.434 D/EnvFileUpdater( 6602): Found CIRIS_HOME from env: /data/user/0/ai.ciris.mobile.debug/files/ciris
04-15 21:30:06.235 I/CIRISApiClient( 6602): [startLocalLlmServer] Starting local LLM server (type=llama_cpp, model=gemma-4-e2b, port=8080, confirmDownload=false)
04-15 21:30:06.954 I/CIRISApiClient( 6602): [startLocalLlmServer] Start server result: success=true, message=llama.cpp server started with gemma-4-e2b. Loading model...
04-15 21:30:13.435 D/EnvFileUpdater( 6602): Found CIRIS_HOME from env: /data/user/0/ai.ciris.mobile.debug/files/ciris
04-15 21:30:21.789 I/CIRISApiClient( 6602): [getCirisServicesStatus] GET http://localhost:8080/v1/system/llm/ciris-services/status
04-15 21:30:22.170 I/CIRISApiClient( 6602): [getCirisServicesStatus] Response 200 OK: {"data":{"disabled":true,"message":"CIRIS services are disabled"},"metadata":{"timestamp":"2026-04-16T02:30:22.160392+00:00","request_id":null,"duration_ms":null}}
04-15 21:30:22.559 I/CIRISApiClient( 6602): [getWAStatus] Fetching WA status
04-15 21:30:23.321 I/CIRISApiClient( 6602): [getWAStatus] WA Status: healthy=true, activeWAs=1, pendingDeferrals=0, deferrals24h=0, subscribers=2
04-15 21:30:23.322 I/CIRISApiClient( 6602): [getSystemHealth] Fetching system health
04-15 21:30:23.357 I/CIRISApiClient( 6602): [getSystemHealth] System health: status=healthy, cognitiveState=null, warnings=1
04-15 21:30:23.358 I/InteractViewModel( 6602): [fetchHealthData] System warnings: [llm_providers_unhealthy]
04-15 21:30:23.437 D/EnvFileUpdater( 6602): Found CIRIS_HOME from env: /data/user/0/ai.ciris.mobile.debug/files/ciris
04-15 21:30:33.439 D/EnvFileUpdater( 6602): Found CIRIS_HOME from env: /data/user/0/ai.ciris.mobile.debug/files/ciris
04-15 21:30:43.442 D/EnvFileUpdater( 6602): Found CIRIS_HOME from env: /data/user/0/ai.ciris.mobile.debug/files/ciris
04-15 21:30:53.443 D/EnvFileUpdater( 6602): Found CIRIS_HOME from env: /data/user/0/ai.ciris.mobile.debug/files/ciris
04-15 21:30:54.088 I/CIRISApiClient( 6602): [getCirisServicesStatus] GET http://localhost:8080/v1/system/llm/ciris-services/status
04-15 21:30:54.463 I/CIRISApiClient( 6602): [getCirisServicesStatus] Response 200 OK: {"data":{"disabled":true,"message":"CIRIS services are disabled"},"metadata":{"timestamp":"2026-04-16T02:30:54.456820+00:00","request_id":null,"duration_ms":null}}
04-15 21:30:54.489 I/CIRISApiClient( 6602): [getWAStatus] Fetching WA status
04-15 21:30:54.874 I/CIRISApiClient( 6602): [getWAStatus] WA Status: healthy=true, activeWAs=1, pendingDeferrals=0, deferrals24h=0, subscribers=2
04-15 21:30:54.875 I/CIRISApiClient( 6602): [getSystemHealth] Fetching system health
04-15 21:30:54.900 I/CIRISApiClient( 6602): [getSystemHealth] System health: status=healthy, cognitiveState=null, warnings=1
04-15 21:30:54.901 I/InteractViewModel( 6602): [fetchHealthData] System warnings: [llm_providers_unhealthy]
04-15 21:31:03.445 D/EnvFileUpdater( 6602): Found CIRIS_HOME from env: /data/user/0/ai.ciris.mobile.debug/files/ciris
04-15 21:31:06.990 I/CIRISApiClient( 6602): [discoverLocalLlmServers] Discovering local LLM servers (timeout=5.0s, localhost=true)
04-15 21:31:09.379 W/python.stderr( 6602): stdlib/asyncio/base_events.py:688: ResourceWarning: unclosed event loop <_UnixSelectorEventLoop running=False closed=False debug=False>
04-15 21:31:09.379 W/python.stderr( 6602): ResourceWarning: Enable tracemalloc to get the object allocation traceback
04-15 21:31:12.385 I/CIRISApiClient( 6602): [discoverLocalLlmServers] Discovered 1 servers via hostname_probe, localhost_scan
04-15 21:31:12.386 I/SettingsViewModel( 6602): [selectServer] Selected server: jetson.local:11434 (4 models) (http://192.168.50.203:11434)
04-15 21:31:12.387 I/SettingsViewModel( 6602): [selectServer] Set base URL to: http://192.168.50.203:11434/v1
04-15 21:31:12.387 I/SettingsViewModel( 6602): [selectServer] Using 4 models from discovery: [gemma4:E2B, gemma4:latest, qwen3:4b, llama3.2:1b]
04-15 21:31:13.447 D/EnvFileUpdater( 6602): Found CIRIS_HOME from env: /data/user/0/ai.ciris.mobile.debug/files/ciris
04-15 21:31:23.451 D/EnvFileUpdater( 6602): Found CIRIS_HOME from env: /data/user/0/ai.ciris.mobile.debug/files/ciris
04-15 21:31:25.304 I/CIRISApiClient( 6602): [getCirisServicesStatus] GET http://localhost:8080/v1/system/llm/ciris-services/status
04-15 21:31:25.679 I/CIRISApiClient( 6602): [getCirisServicesStatus] Response 200 OK: {"data":{"disabled":true,"message":"CIRIS services are disabled"},"metadata":{"timestamp":"2026-04-16T02:31:25.671397+00:00","request_id":null,"duration_ms":null}}
04-15 21:31:25.696 I/CIRISApiClient( 6602): [getWAStatus] Fetching WA status
04-15 21:31:26.091 I/CIRISApiClient( 6602): [getWAStatus] WA Status: healthy=true, activeWAs=1, pendingDeferrals=0, deferrals24h=0, subscribers=2
04-15 21:31:26.092 I/CIRISApiClient( 6602): [getSystemHealth] Fetching system health
04-15 21:31:26.117 I/CIRISApiClient( 6602): [getSystemHealth] System health: status=healthy, cognitiveState=null, warnings=1
04-15 21:31:26.118 I/InteractViewModel( 6602): [fetchHealthData] System warnings: [llm_providers_unhealthy]
04-15 21:31:33.452 D/EnvFileUpdater( 6602): Found CIRIS_HOME from env: /data/user/0/ai.ciris.mobile.debug/files/ciris
04-15 21:31:34.691 I/CIRISApiClient( 6602): [discoverLocalLlmServers] Discovering local LLM servers (timeout=5.0s, localhost=true)
04-15 21:31:39.927 I/CIRISApiClient( 6602): [discoverLocalLlmServers] Discovered 1 servers via hostname_probe, localhost_scan
04-15 21:31:39.930 I/SettingsViewModel( 6602): [selectServer] Selected server: jetson.local:11434 (4 models) (http://192.168.50.203:11434)
04-15 21:31:39.931 I/SettingsViewModel( 6602): [selectServer] Set base URL to: http://192.168.50.203:11434/v1
04-15 21:31:39.932 I/SettingsViewModel( 6602): [selectServer] Using 4 models from discovery: [gemma4:E2B, gemma4:latest, qwen3:4b, llama3.2:1b]
04-15 21:31:43.453 D/EnvFileUpdater( 6602): Found CIRIS_HOME from env: /data/user/0/ai.ciris.mobile.debug/files/ciris
04-15 21:31:43.592 I/SettingsViewModel( 6602): [selectServer] Selected server: jetson.local:11434 (4 models) (http://192.168.50.203:11434)
04-15 21:31:43.593 I/SettingsViewModel( 6602): [selectServer] Set base URL to: http://192.168.50.203:11434/v1
04-15 21:31:43.594 I/SettingsViewModel( 6602): [selectServer] Using 4 models from discovery: [gemma4:E2B, gemma4:latest, qwen3:4b, llama3.2:1b]
04-15 21:31:53.459 D/EnvFileUpdater( 6602): Found CIRIS_HOME from env: /data/user/0/ai.ciris.mobile.debug/files/ciris
04-15 21:31:56.400 I/CIRISApiClient( 6602): [getCirisServicesStatus] GET http://localhost:8080/v1/system/llm/ciris-services/status
04-15 21:31:56.674 I/CIRISApiClient( 6602): [getCirisServicesStatus] Response 200 OK: {"data":{"disabled":true,"message":"CIRIS services are disabled"},"metadata":{"timestamp":"2026-04-16T02:31:56.665190+00:00","request_id":null,"duration_ms":null}}
04-15 21:31:56.690 I/CIRISApiClient( 6602): [getWAStatus] Fetching WA status
04-15 21:31:56.967 I/CIRISApiClient( 6602): [getWAStatus] WA Status: healthy=true, activeWAs=1, pendingDeferrals=0, deferrals24h=0, subscribers=2
04-15 21:31:56.968 I/CIRISApiClient( 6602): [getSystemHealth] Fetching system health
04-15 21:31:57.001 I/CIRISApiClient( 6602): [getSystemHealth] System health: status=healthy, cognitiveState=null, warnings=1
04-15 21:31:57.002 I/InteractViewModel( 6602): [fetchHealthData] System warnings: [llm_providers_unhealthy]
04-15 21:31:59.368 I/chromium( 9541): [INFO:components/enterprise/browser/controller/chrome_browser_cloud_management_controller.cc:315] Deferring CBCM Controller Initialization until it is unblocked.
04-15 21:31:59.425 W/chromium( 9541): [WARNING:components/gcm_driver/instance_id/instance_id_android.cc:101] Non-zero TTL requested for InstanceID token, while TTLs are not supported by Android Firebase IID API.
04-15 21:31:59.431 W/chromium( 9541): [WARNING:components/gcm_driver/instance_id/instance_id_android.cc:101] Non-zero TTL requested for InstanceID token, while TTLs are not supported by Android Firebase IID API.
04-15 21:31:59.431 W/chromium( 9541): [WARNING:components/gcm_driver/instance_id/instance_id_android.cc:101] Non-zero TTL requested for InstanceID token, while TTLs are not supported by Android Firebase IID API.
04-15 21:31:59.583 W/chromium( 9707): [WARNING:content/app/android/content_main_android.cc:82] android_setCpu already initialized
04-15 21:31:59.605 W/chromium( 9693): [WARNING:content/app/android/content_main_android.cc:82] android_setCpu already initialized
04-15 21:31:59.649 W/chromium( 9541): [WARNING:net/cert/ev_root_ca_metadata.cc:118] Not implemented
04-15 21:31:59.666 W/chromium( 9541): [WARNING:net/cert/ev_root_ca_metadata.cc:118] Not implemented
04-15 21:31:59.676 I/chromium( 9707): [INFO:third_party/skia/src/gpu/vk/VulkanPreferredFeatures.cpp:434] WARNING: VulkanPreferredFeatures::addFeaturesToQuery() was not called
04-15 21:31:59.676 I/chromium( 9707): 
04-15 21:31:59.677 I/chromium( 9707): [INFO:third_party/skia/src/gpu/vk/VulkanPreferredFeatures.cpp:437] WARNING: VulkanPreferredFeatures::addFeaturesToEnable() was not called
04-15 21:31:59.677 I/chromium( 9707): 
04-15 21:31:59.946 W/chromium( 9541): [WARNING:net/cert/ev_root_ca_metadata.cc:118] Not implemented
04-15 21:31:59.949 W/chromium( 9541): [WARNING:net/cert/ev_root_ca_metadata.cc:118] Not implemented
04-15 21:31:59.964 W/chromium( 9541): [WARNING:net/cert/ev_root_ca_metadata.cc:118] Not implemented
04-15 21:32:00.012 W/chromium( 9541): [WARNING:net/cert/ev_root_ca_metadata.cc:118] Not implemented
04-15 21:32:00.184 W/chromium( 9541): [WARNING:net/cert/ev_root_ca_metadata.cc:118] Not implemented
04-15 21:32:00.201 W/chromium( 9541): [WARNING:net/cert/ev_root_ca_metadata.cc:118] Not implemented
04-15 21:32:00.201 W/chromium( 9541): [WARNING:net/cert/ev_root_ca_metadata.cc:118] Not implemented
04-15 21:32:00.363 W/chromium( 9541): [WARNING:net/cert/ev_root_ca_metadata.cc:118] Not implemented
04-15 21:32:00.487 W/chromium( 9541): [WARNING:net/cert/ev_root_ca_metadata.cc:118] Not implemented
04-15 21:32:00.497 W/chromium( 9541): [WARNING:net/cert/ev_root_ca_metadata.cc:118] Not implemented
04-15 21:32:00.694 W/chromium( 9541): [WARNING:net/cert/ev_root_ca_metadata.cc:118] Not implemented
04-15 21:32:00.779 W/chromium( 9541): [WARNING:net/cert/ev_root_ca_metadata.cc:118] Not implemented
04-15 21:32:00.883 W/chromium( 9541): [WARNING:net/cert/ev_root_ca_metadata.cc:118] Not implemented
04-15 21:32:00.915 W/chromium( 9541): [WARNING:net/cert/ev_root_ca_metadata.cc:118] Not implemented
04-15 21:32:00.992 W/chromium( 9541): [WARNING:net/cert/ev_root_ca_metadata.cc:118] Not implemented
04-15 21:32:01.016 W/chromium( 9541): [WARNING:net/cert/ev_root_ca_metadata.cc:118] Not implemented
04-15 21:32:01.124 W/chromium( 9541): [WARNING:net/cert/ev_root_ca_metadata.cc:118] Not implemented
04-15 21:32:01.195 W/chromium( 9854): [WARNING:content/app/android/content_main_android.cc:82] android_setCpu already initialized
04-15 21:32:01.631 W/chromium( 9541): [WARNING:net/cert/ev_root_ca_metadata.cc:118] Not implemented
04-15 21:32:01.765 W/chromium( 9541): [WARNING:net/cert/ev_root_ca_metadata.cc:118] Not implemented
04-15 21:32:03.461 D/EnvFileUpdater( 6602): Found CIRIS_HOME from env: /data/user/0/ai.ciris.mobile.debug/files/ciris
04-15 21:32:06.103 W/chromium( 9541): [WARNING:net/cert/ev_root_ca_metadata.cc:118] Not implemented
04-15 21:32:06.423 W/chromium( 9541): [WARNING:net/cert/ev_root_ca_metadata.cc:118] Not implemented
04-15 21:32:06.482 W/chromium( 9541): [WARNING:net/cert/ev_root_ca_metadata.cc:118] Not implemented
04-15 21:32:09.481 W/chromium( 9541): [WARNING:net/cert/ev_root_ca_metadata.cc:118] Not implemented
04-15 21:32:13.463 D/EnvFileUpdater( 6602): Found CIRIS_HOME from env: /data/user/0/ai.ciris.mobile.debug/files/ciris
04-15 21:32:14.568 W/chromium( 9541): [WARNING:net/cert/ev_root_ca_metadata.cc:118] Not implemented
04-15 21:32:22.241 W/chromium( 9541): [WARNING:net/cert/ev_root_ca_metadata.cc:118] Not implemented
04-15 21:32:23.192 W/chromium( 9541): [WARNING:net/cert/ev_root_ca_metadata.cc:118] Not implemented
04-15 21:32:23.466 D/EnvFileUpdater( 6602): Found CIRIS_HOME from env: /data/user/0/ai.ciris.mobile.debug/files/ciris
04-15 21:32:27.339 I/CIRISApiClient( 6602): [getCirisServicesStatus] GET http://localhost:8080/v1/system/llm/ciris-services/status
04-15 21:32:27.679 I/CIRISApiClient( 6602): [getCirisServicesStatus] Response 200 OK: {"data":{"disabled":true,"message":"CIRIS services are disabled"},"metadata":{"timestamp":"2026-04-16T02:32:27.665451+00:00","request_id":null,"duration_ms":null}}
04-15 21:32:27.713 I/CIRISApiClient( 6602): [getWAStatus] Fetching WA status
04-15 21:32:28.115 I/CIRISApiClient( 6602): [getWAStatus] WA Status: healthy=true, activeWAs=1, pendingDeferrals=0, deferrals24h=0, subscribers=2
04-15 21:32:28.118 I/CIRISApiClient( 6602): [getSystemHealth] Fetching system health
04-15 21:32:28.527 I/CIRISApiClient( 6602): [getSystemHealth] System health: status=healthy, cognitiveState=null, warnings=1
04-15 21:32:28.530 I/InteractViewModel( 6602): [fetchHealthData] System warnings: [llm_providers_unhealthy]
04-15 21:32:33.470 D/EnvFileUpdater( 6602): Found CIRIS_HOME from env: /data/user/0/ai.ciris.mobile.debug/files/ciris
04-15 21:32:43.474 D/EnvFileUpdater( 6602): Found CIRIS_HOME from env: /data/user/0/ai.ciris.mobile.debug/files/ciris
04-15 21:32:53.477 D/EnvFileUpdater( 6602): Found CIRIS_HOME from env: /data/user/0/ai.ciris.mobile.debug/files/ciris
04-15 21:32:58.942 I/CIRISApiClient( 6602): [getCirisServicesStatus] GET http://localhost:8080/v1/system/llm/ciris-services/status
04-15 21:32:59.596 W/chromium( 9541): [WARNING:net/cert/ev_root_ca_metadata.cc:118] Not implemented
04-15 21:32:59.614 I/CIRISApiClient( 6602): [getCirisServicesStatus] Response 200 OK: {"data":{"disabled":true,"message":"CIRIS services are disabled"},"metadata":{"timestamp":"2026-04-16T02:32:59.589926+00:00","request_id":null,"duration_ms":null}}
04-15 21:32:59.653 I/CIRISApiClient( 6602): [getWAStatus] Fetching WA status
04-15 21:32:59.796 W/chromium(10303): [WARNING:content/app/android/content_main_android.cc:82] android_setCpu already initialized
04-15 21:32:59.852 W/chromium( 9541): [WARNING:chrome/browser/android/compositor/compositor_view.cc:385] Child process died (type=6) pid=10303)
04-15 21:32:59.866 W/chromium(10319): [WARNING:content/app/android/content_main_android.cc:82] android_setCpu already initialized
04-15 21:32:59.926 W/chromium( 9541): [WARNING:chrome/browser/android/compositor/compositor_view.cc:385] Child process died (type=6) pid=10319)
04-15 21:32:59.962 W/chromium(10337): [WARNING:content/app/android/content_main_android.cc:82] android_setCpu already initialized
04-15 21:33:00.019 W/chromium( 9541): [WARNING:chrome/browser/android/compositor/compositor_view.cc:385] Child process died (type=6) pid=10337)
04-15 21:33:00.112 W/chromium(10353): [WARNING:content/app/android/content_main_android.cc:82] android_setCpu already initialized
04-15 21:33:00.147 W/chromium( 9541): [WARNING:net/cert/ev_root_ca_metadata.cc:118] Not implemented
04-15 21:33:00.157 W/chromium( 9541): [WARNING:chrome/browser/android/compositor/compositor_view.cc:385] Child process died (type=6) pid=10353)
04-15 21:33:00.205 W/chromium(10371): [WARNING:content/app/android/content_main_android.cc:82] android_setCpu already initialized
04-15 21:33:00.248 W/chromium( 9541): [WARNING:chrome/browser/android/compositor/compositor_view.cc:385] Child process died (type=6) pid=10371)
04-15 21:33:00.315 I/CIRISApiClient( 6602): [getWAStatus] WA Status: healthy=true, activeWAs=1, pendingDeferrals=0, deferrals24h=0, subscribers=2
04-15 21:33:00.315 W/chromium(10391): [WARNING:content/app/android/content_main_android.cc:82] android_setCpu already initialized
04-15 21:33:00.317 I/CIRISApiClient( 6602): [getSystemHealth] Fetching system health
04-15 21:33:00.354 W/chromium( 9541): [WARNING:chrome/browser/android/compositor/compositor_view.cc:385] Child process died (type=6) pid=10391)
04-15 21:33:00.372 I/CIRISApiClient( 6602): [getSystemHealth] System health: status=healthy, cognitiveState=null, warnings=1
04-15 21:33:00.381 I/InteractViewModel( 6602): [fetchHealthData] System warnings: [llm_providers_unhealthy]
04-15 21:33:00.444 W/chromium( 9541): [WARNING:net/cert/ev_root_ca_metadata.cc:118] Not implemented
04-15 21:33:00.698 W/chromium( 9541): [WARNING:net/cert/ev_root_ca_metadata.cc:118] Not implemented
04-15 21:33:03.480 D/EnvFileUpdater( 6602): Found CIRIS_HOME from env: /data/user/0/ai.ciris.mobile.debug/files/ciris
04-15 21:33:10.032 W/chromium( 9541): [WARNING:net/cert/ev_root_ca_metadata.cc:118] Not implemented
04-15 21:33:13.492 D/EnvFileUpdater( 6602): Found CIRIS_HOME from env: /data/user/0/ai.ciris.mobile.debug/files/ciris
04-15 21:33:23.495 D/EnvFileUpdater( 6602): Found CIRIS_HOME from env: /data/user/0/ai.ciris.mobile.debug/files/ciris
04-15 21:33:25.290 W/chromium( 9541): [WARNING:net/cert/ev_root_ca_metadata.cc:118] Not implemented
04-15 21:33:25.938 W/chromium( 9541): [WARNING:net/cert/ev_root_ca_metadata.cc:118] Not implemented
04-15 21:33:30.811 I/CIRISApiClient( 6602): [getCirisServicesStatus] GET http://localhost:8080/v1/system/llm/ciris-services/status
04-15 21:33:31.538 I/CIRISApiClient( 6602): [getCirisServicesStatus] Response 200 OK: {"data":{"disabled":true,"message":"CIRIS services are disabled"},"metadata":{"timestamp":"2026-04-16T02:33:31.513444+00:00","request_id":null,"duration_ms":null}}
04-15 21:33:31.563 I/CIRISApiClient( 6602): [getWAStatus] Fetching WA status
04-15 21:33:32.324 I/CIRISApiClient( 6602): [getWAStatus] WA Status: healthy=true, activeWAs=1, pendingDeferrals=0, deferrals24h=0, subscribers=2
04-15 21:33:32.328 I/CIRISApiClient( 6602): [getSystemHealth] Fetching system health
04-15 21:33:32.378 I/CIRISApiClient( 6602): [getSystemHealth] System health: status=healthy, cognitiveState=null, warnings=1
04-15 21:33:32.383 I/InteractViewModel( 6602): [fetchHealthData] System warnings: [llm_providers_unhealthy]
04-15 21:33:33.507 D/EnvFileUpdater( 6602): Found CIRIS_HOME from env: /data/user/0/ai.ciris.mobile.debug/files/ciris
04-15 21:33:43.510 D/EnvFileUpdater( 6602): Found CIRIS_HOME from env: /data/user/0/ai.ciris.mobile.debug/files/ciris
04-15 21:33:53.518 D/EnvFileUpdater( 6602): Found CIRIS_HOME from env: /data/user/0/ai.ciris.mobile.debug/files/ciris
04-15 21:34:00.614 W/chromium( 9541): [WARNING:net/cert/ev_root_ca_metadata.cc:118] Not implemented
04-15 21:34:02.830 I/CIRISApiClient( 6602): [getCirisServicesStatus] GET http://localhost:8080/v1/system/llm/ciris-services/status
04-15 21:34:03.522 D/EnvFileUpdater( 6602): Found CIRIS_HOME from env: /data/user/0/ai.ciris.mobile.debug/files/ciris
04-15 21:34:03.582 I/CIRISApiClient( 6602): [getCirisServicesStatus] Response 200 OK: {"data":{"disabled":true,"message":"CIRIS services are disabled"},"metadata":{"timestamp":"2026-04-16T02:34:03.546878+00:00","request_id":null,"duration_ms":null}}
04-15 21:34:03.616 I/CIRISApiClient( 6602): [getWAStatus] Fetching WA status
04-15 21:34:04.380 I/CIRISApiClient( 6602): [getWAStatus] WA Status: healthy=true, activeWAs=1, pendingDeferrals=0, deferrals24h=0, subscribers=2
04-15 21:34:04.385 I/CIRISApiClient( 6602): [getSystemHealth] Fetching system health
04-15 21:34:04.461 I/CIRISApiClient( 6602): [getSystemHealth] System health: status=healthy, cognitiveState=null, warnings=1
04-15 21:34:04.465 I/InteractViewModel( 6602): [fetchHealthData] System warnings: [llm_providers_unhealthy]
04-15 21:34:13.525 D/EnvFileUpdater( 6602): Found CIRIS_HOME from env: /data/user/0/ai.ciris.mobile.debug/files/ciris
04-15 21:34:23.529 D/EnvFileUpdater( 6602): Found CIRIS_HOME from env: /data/user/0/ai.ciris.mobile.debug/files/ciris
04-15 21:34:33.533 D/EnvFileUpdater( 6602): Found CIRIS_HOME from env: /data/user/0/ai.ciris.mobile.debug/files/ciris
04-15 21:34:34.859 I/CIRISApiClient( 6602): [getCirisServicesStatus] GET http://localhost:8080/v1/system/llm/ciris-services/status
04-15 21:34:35.235 I/CIRISApiClient( 6602): [getCirisServicesStatus] Response 200 OK: {"data":{"disabled":true,"message":"CIRIS services are disabled"},"metadata":{"timestamp":"2026-04-16T02:34:35.224118+00:00","request_id":null,"duration_ms":null}}
04-15 21:34:35.629 I/CIRISApiClient( 6602): [getWAStatus] Fetching WA status
04-15 21:34:36.400 I/CIRISApiClient( 6602): [getWAStatus] WA Status: healthy=true, activeWAs=1, pendingDeferrals=0, deferrals24h=0, subscribers=2
04-15 21:34:36.401 I/CIRISApiClient( 6602): [getSystemHealth] Fetching system health
04-15 21:34:36.456 I/CIRISApiClient( 6602): [getSystemHealth] System health: status=healthy, cognitiveState=null, warnings=1
04-15 21:34:36.458 I/InteractViewModel( 6602): [fetchHealthData] System warnings: [llm_providers_unhealthy]
04-15 21:34:43.535 D/EnvFileUpdater( 6602): Found CIRIS_HOME from env: /data/user/0/ai.ciris.mobile.debug/files/ciris
04-15 21:34:53.538 D/EnvFileUpdater( 6602): Found CIRIS_HOME from env: /data/user/0/ai.ciris.mobile.debug/files/ciris
04-15 21:35:01.446 E/CIRISApiClient( 6602): [getSystemStatus] Exception: UnknownHostException: Unable to resolve host "localhost": No address associated with hostname | Context: url=http://localhost:8080
04-15 21:35:01.452 E/InteractViewModel( 6602): [startStatusPolling] Status poll failed: UnknownHostException: Unable to resolve host "localhost": No address associated with hostname
04-15 21:35:01.672 E/CIRISApiClient( 6602): [getSystemStatus] Exception: UnknownHostException: Unable to resolve host "localhost": No address associated with hostname | Context: url=http://localhost:8080
04-15 21:35:01.895 E/CIRISApiClient( 6602): [getSystemStatus] Exception: UnknownHostException: Unable to resolve host "localhost": No address associated with hostname | Context: url=http://localhost:8080
04-15 21:35:02.117 E/CIRISApiClient( 6602): [getSystemStatus] Exception: UnknownHostException: Unable to resolve host "localhost": No address associated with hostname | Context: url=http://localhost:8080
04-15 21:35:02.337 E/CIRISApiClient( 6602): [getSystemStatus] Exception: UnknownHostException: Unable to resolve host "localhost": No address associated with hostname | Context: url=http://localhost:8080
04-15 21:35:02.559 E/CIRISApiClient( 6602): [getSystemStatus] Exception: UnknownHostException: Unable to resolve host "localhost": No address associated with hostname | Context: url=http://localhost:8080
04-15 21:35:02.784 E/CIRISApiClient( 6602): [getSystemStatus] Exception: UnknownHostException: Unable to resolve host "localhost": No address associated with hostname | Context: url=http://localhost:8080
04-15 21:35:02.815 E/CIRISApiClient( 6602): [getMessages] Exception: UnknownHostException: Unable to resolve host "localhost": No address associated with hostname | Context: limit=50, is401=false, tokenPresent=true, tokenPreview=ciris_ad...2voM
04-15 21:35:02.819 W/InteractViewModel( 6602): [fetchHistory] Non-auth error: UnknownHostException: Unable to resolve host "localhost": No address associated with hostname
04-15 21:35:02.833 E/CIRISApiClient( 6602): [getAuditEntries] Exception: UnknownHostException: Unable to resolve host "localhost": No address associated with hostname
04-15 21:35:03.007 E/CIRISApiClient( 6602): [getSystemStatus] Exception: UnknownHostException: Unable to resolve host "localhost": No address associated with hostname | Context: url=http://localhost:8080
04-15 21:35:03.238 E/CIRISApiClient( 6602): [getSystemStatus] Exception: UnknownHostException: Unable to resolve host "localhost": No address associated with hostname | Context: url=http://localhost:8080
04-15 21:35:03.458 E/CIRISApiClient( 6602): [getSystemStatus] Exception: UnknownHostException: Unable to resolve host "localhost": No address associated with hostname | Context: url=http://localhost:8080
04-15 21:35:03.542 D/EnvFileUpdater( 6602): Found CIRIS_HOME from env: /data/user/0/ai.ciris.mobile.debug/files/ciris
04-15 21:35:03.700 E/CIRISApiClient( 6602): [getSystemStatus] Exception: UnknownHostException: Unable to resolve host "localhost": No address associated with hostname | Context: url=http://localhost:8080
04-15 21:35:03.701 W/chromium(11428): [0415/213503.696541:WARNING:net/dns/dns_config_service_android.cc:69] Failed to read DnsConfig.
04-15 21:35:03.919 E/CIRISApiClient( 6602): [getSystemStatus] Exception: UnknownHostException: Unable to resolve host "localhost": No address associated with hostname | Context: url=http://localhost:8080
04-15 21:35:04.145 E/CIRISApiClient( 6602): [getSystemStatus] Exception: UnknownHostException: Unable to resolve host "localhost": No address associated with hostname | Context: url=http://localhost:8080
04-15 21:35:04.371 E/CIRISApiClient( 6602): [getSystemStatus] Exception: UnknownHostException: Unable to resolve host "localhost": No address associated with hostname | Context: url=http://localhost:8080
04-15 21:35:04.595 E/CIRISApiClient( 6602): [getSystemStatus] Exception: UnknownHostException: Unable to resolve host "localhost": No address associated with hostname | Context: url=http://localhost:8080
04-15 21:35:04.808 E/CIRISApiClient( 6602): [getSystemStatus] Exception: UnknownHostException: Unable to resolve host "localhost": No address associated with hostname | Context: url=http://localhost:8080
04-15 21:35:04.816 E/CIRISApiClient( 6602): [getSystemStatus] Exception: UnknownHostException: Unable to resolve host "localhost": No address associated with hostname | Context: url=http://localhost:8080
04-15 21:35:05.041 E/CIRISApiClient( 6602): [getSystemStatus] Exception: UnknownHostException: Unable to resolve host "localhost": No address associated with hostname | Context: url=http://localhost:8080
04-15 21:35:05.266 E/CIRISApiClient( 6602): [getSystemStatus] Exception: UnknownHostException: Unable to resolve host "localhost": No address associated with hostname | Context: url=http://localhost:8080
04-15 21:35:05.494 E/CIRISApiClient( 6602): [getSystemStatus] Exception: UnknownHostException: Unable to resolve host "localhost": No address associated with hostname | Context: url=http://localhost:8080
04-15 21:35:05.718 E/CIRISApiClient( 6602): [getSystemStatus] Exception: UnknownHostException: Unable to resolve host "localhost": No address associated with hostname | Context: url=http://localhost:8080
04-15 21:35:05.852 E/CIRISApiClient( 6602): [getMessages] Exception: UnknownHostException: Unable to resolve host "localhost": No address associated with hostname | Context: limit=50, is401=false, tokenPresent=true, tokenPreview=ciris_ad...2voM
04-15 21:35:05.860 W/InteractViewModel( 6602): [fetchHistory] Non-auth error: UnknownHostException: Unable to resolve host "localhost": No address associated with hostname
04-15 21:35:05.873 E/CIRISApiClient( 6602): [getAuditEntries] Exception: UnknownHostException: Unable to resolve host "localhost": No address associated with hostname
04-15 21:35:05.938 E/CIRISApiClient( 6602): [getSystemStatus] Exception: UnknownHostException: Unable to resolve host "localhost": No address associated with hostname | Context: url=http://localhost:8080
04-15 21:35:06.159 E/CIRISApiClient( 6602): [getSystemStatus] Exception: UnknownHostException: Unable to resolve host "localhost": No address associated with hostname | Context: url=http://localhost:8080
04-15 21:35:06.380 E/CIRISApiClient( 6602): [getSystemStatus] Exception: UnknownHostException: Unable to resolve host "localhost": No address associated with hostname | Context: url=http://localhost:8080
04-15 21:35:06.478 E/CIRISApiClient( 6602): [getLlmConfig] Exception: UnknownHostException: Unable to resolve host "localhost": No address associated with hostname
04-15 21:35:06.482 W/InteractViewModel( 6602): [fetchHealthData] Failed to fetch LLM config from API: Unable to resolve host "localhost": No address associated with hostname
04-15 21:35:06.496 E/CIRISApiClient( 6602): [getVerifyStatus] Exception: UnknownHostException: Unable to resolve host "localhost": No address associated with hostname
04-15 21:35:06.499 I/CIRISApiClient( 6602): [getWAStatus] Fetching WA status
04-15 21:35:06.512 E/CIRISApiClient( 6602): [getWAStatus] Exception: UnknownHostException: Unable to resolve host "localhost": No address associated with hostname
04-15 21:35:06.515 I/CIRISApiClient( 6602): [getSystemHealth] Fetching system health
04-15 21:35:06.528 E/CIRISApiClient( 6602): [getSystemHealth] Exception: UnknownHostException: Unable to resolve host "localhost": No address associated with hostname
04-15 21:35:06.601 E/CIRISApiClient( 6602): [getSystemStatus] Exception: UnknownHostException: Unable to resolve host "localhost": No address associated with hostname | Context: url=http://localhost:8080
04-15 21:35:06.823 E/CIRISApiClient( 6602): [getSystemStatus] Exception: UnknownHostException: Unable to resolve host "localhost": No address associated with hostname | Context: url=http://localhost:8080
04-15 21:35:07.048 E/CIRISApiClient( 6602): [getSystemStatus] Exception: UnknownHostException: Unable to resolve host "localhost": No address associated with hostname | Context: url=http://localhost:8080
04-15 21:35:07.272 E/CIRISApiClient( 6602): [getSystemStatus] Exception: UnknownHostException: Unable to resolve host "localhost": No address associated with hostname | Context: url=http://localhost:8080
04-15 21:35:07.498 E/CIRISApiClient( 6602): [getSystemStatus] Exception: UnknownHostException: Unable to resolve host "localhost": No address associated with hostname | Context: url=http://localhost:8080
04-15 21:35:07.720 E/CIRISApiClient( 6602): [getSystemStatus] Exception: UnknownHostException: Unable to resolve host "localhost": No address associated with hostname | Context: url=http://localhost:8080
04-15 21:35:07.942 E/CIRISApiClient( 6602): [getSystemStatus] Exception: UnknownHostException: Unable to resolve host "localhost": No address associated with hostname | Context: url=http://localhost:8080
04-15 21:35:08.166 E/CIRISApiClient( 6602): [getSystemStatus] Exception: UnknownHostException: Unable to resolve host "localhost": No address associated with hostname | Context: url=http://localhost:8080
04-15 21:35:08.391 E/CIRISApiClient( 6602): [getSystemStatus] Exception: UnknownHostException: Unable to resolve host "localhost": No address associated with hostname | Context: url=http://localhost:8080
04-15 21:35:08.622 E/CIRISApiClient( 6602): [getSystemStatus] Exception: UnknownHostException: Unable to resolve host "localhost": No address associated with hostname | Context: url=http://localhost:8080
04-15 21:35:08.846 E/CIRISApiClient( 6602): [getSystemStatus] Exception: UnknownHostException: Unable to resolve host "localhost": No address associated with hostname | Context: url=http://localhost:8080
04-15 21:35:08.889 E/CIRISApiClient( 6602): [getMessages] Exception: UnknownHostException: Unable to resolve host "localhost": No address associated with hostname | Context: limit=50, is401=false, tokenPresent=true, tokenPreview=ciris_ad...2voM
04-15 21:35:08.893 W/InteractViewModel( 6602): [fetchHistory] Non-auth error: UnknownHostException: Unable to resolve host "localhost": No address associated with hostname
04-15 21:35:08.906 E/CIRISApiClient( 6602): [getAuditEntries] Exception: UnknownHostException: Unable to resolve host "localhost": No address associated with hostname
04-15 21:35:09.070 E/CIRISApiClient( 6602): [getSystemStatus] Exception: UnknownHostException: Unable to resolve host "localhost": No address associated with hostname | Context: url=http://localhost:8080
04-15 21:35:09.295 E/CIRISApiClient( 6602): [getSystemStatus] Exception: UnknownHostException: Unable to resolve host "localhost": No address associated with hostname | Context: url=http://localhost:8080
04-15 21:35:09.522 E/CIRISApiClient( 6602): [getSystemStatus] Exception: UnknownHostException: Unable to resolve host "localhost": No address associated with hostname | Context: url=http://localhost:8080
04-15 21:35:09.749 E/CIRISApiClient( 6602): [getSystemStatus] Exception: UnknownHostException: Unable to resolve host "localhost": No address associated with hostname | Context: url=http://localhost:8080
04-15 21:35:09.834 E/CIRISApiClient( 6602): [getSystemStatus] Exception: UnknownHostException: Unable to resolve host "localhost": No address associated with hostname | Context: url=http://localhost:8080
04-15 21:35:09.974 E/CIRISApiClient( 6602): [getSystemStatus] Exception: UnknownHostException: Unable to resolve host "localhost": No address associated with hostname | Context: url=http://localhost:8080
04-15 21:35:10.200 E/CIRISApiClient( 6602): [getSystemStatus] Exception: UnknownHostException: Unable to resolve host "localhost": No address associated with hostname | Context: url=http://localhost:8080
04-15 21:35:10.426 E/CIRISApiClient( 6602): [getSystemStatus] Exception: UnknownHostException: Unable to resolve host "localhost": No address associated with hostname | Context: url=http://localhost:8080
04-15 21:35:10.651 E/CIRISApiClient( 6602): [getSystemStatus] Exception: UnknownHostException: Unable to resolve host "localhost": No address associated with hostname | Context: url=http://localhost:8080
04-15 21:35:10.874 E/CIRISApiClient( 6602): [getSystemStatus] Exception: UnknownHostException: Unable to resolve host "localhost": No address associated with hostname | Context: url=http://localhost:8080
04-15 21:35:11.097 E/CIRISApiClient( 6602): [getSystemStatus] Exception: UnknownHostException: Unable to resolve host "localhost": No address associated with hostname | Context: url=http://localhost:8080
04-15 21:35:11.319 E/CIRISApiClient( 6602): [getSystemStatus] Exception: UnknownHostException: Unable to resolve host "localhost": No address associated with hostname | Context: url=http://localhost:8080
04-15 21:35:11.544 E/CIRISApiClient( 6602): [getSystemStatus] Exception: UnknownHostException: Unable to resolve host "localhost": No address associated with hostname | Context: url=http://localhost:8080
04-15 21:35:11.768 E/CIRISApiClient( 6602): [getSystemStatus] Exception: UnknownHostException: Unable to resolve host "localhost": No address associated with hostname | Context: url=http://localhost:8080
04-15 21:35:11.928 E/CIRISApiClient( 6602): [getMessages] Exception: UnknownHostException: Unable to resolve host "localhost": No address associated with hostname | Context: limit=50, is401=false, tokenPresent=true, tokenPreview=ciris_ad...2voM
04-15 21:35:11.933 W/InteractViewModel( 6602): [fetchHistory] Non-auth error: UnknownHostException: Unable to resolve host "localhost": No address associated with hostname
04-15 21:35:11.948 E/CIRISApiClient( 6602): [getAuditEntries] Exception: UnknownHostException: Unable to resolve host "localhost": No address associated with hostname
04-15 21:35:11.990 E/CIRISApiClient( 6602): [getSystemStatus] Exception: UnknownHostException: Unable to resolve host "localhost": No address associated with hostname | Context: url=http://localhost:8080
04-15 21:35:12.213 E/CIRISApiClient( 6602): [getSystemStatus] Exception: UnknownHostException: Unable to resolve host "localhost": No address associated with hostname | Context: url=http://localhost:8080
04-15 21:35:12.434 E/CIRISApiClient( 6602): [getSystemStatus] Exception: UnknownHostException: Unable to resolve host "localhost": No address associated with hostname | Context: url=http://localhost:8080
04-15 21:35:12.657 E/CIRISApiClient( 6602): [getSystemStatus] Exception: UnknownHostException: Unable to resolve host "localhost": No address associated with hostname | Context: url=http://localhost:8080
04-15 21:35:12.882 E/CIRISApiClient( 6602): [getSystemStatus] Exception: UnknownHostException: Unable to resolve host "localhost": No address associated with hostname | Context: url=http://localhost:8080
04-15 21:35:13.107 E/CIRISApiClient( 6602): [getSystemStatus] Exception: UnknownHostException: Unable to resolve host "localhost": No address associated with hostname | Context: url=http://localhost:8080
04-15 21:35:13.331 E/CIRISApiClient( 6602): [getSystemStatus] Exception: UnknownHostException: Unable to resolve host "localhost": No address associated with hostname | Context: url=http://localhost:8080
04-15 21:35:13.551 D/EnvFileUpdater( 6602): Found CIRIS_HOME from env: /data/user/0/ai.ciris.mobile.debug/files/ciris
04-15 21:35:13.561 E/CIRISApiClient( 6602): [getSystemStatus] Exception: UnknownHostException: Unable to resolve host "localhost": No address associated with hostname | Context: url=http://localhost:8080
04-15 21:35:13.793 E/CIRISApiClient( 6602): [getSystemStatus] Exception: UnknownHostException: Unable to resolve host "localhost": No address associated with hostname | Context: url=http://localhost:8080
04-15 21:35:14.014 E/CIRISApiClient( 6602): [getSystemStatus] Exception: UnknownHostException: Unable to resolve host "localhost": No address associated with hostname | Context: url=http://localhost:8080
04-15 21:35:14.234 E/CIRISApiClient( 6602): [getSystemStatus] Exception: UnknownHostException: Unable to resolve host "localhost": No address associated with hostname | Context: url=http://localhost:8080
04-15 21:35:14.472 E/CIRISApiClient( 6602): [getSystemStatus] Exception: UnknownHostException: Unable to resolve host "localhost": No address associated with hostname | Context: url=http://localhost:8080
04-15 21:35:14.699 E/CIRISApiClient( 6602): [getSystemStatus] Exception: UnknownHostException: Unable to resolve host "localhost": No address associated with hostname | Context: url=http://localhost:8080
04-15 21:35:14.857 E/CIRISApiClient( 6602): [getSystemStatus] Exception: UnknownHostException: Unable to resolve host "localhost": No address associated with hostname | Context: url=http://localhost:8080
04-15 21:35:14.922 E/CIRISApiClient( 6602): [getSystemStatus] Exception: UnknownHostException: Unable to resolve host "localhost": No address associated with hostname | Context: url=http://localhost:8080
04-15 21:35:14.968 E/CIRISApiClient( 6602): [getMessages] Exception: UnknownHostException: Unable to resolve host "localhost": No address associated with hostname | Context: limit=50, is401=false, tokenPresent=true, tokenPreview=ciris_ad...2voM
04-15 21:35:14.973 W/InteractViewModel( 6602): [fetchHistory] Non-auth error: UnknownHostException: Unable to resolve host "localhost": No address associated with hostname
04-15 21:35:14.986 E/CIRISApiClient( 6602): [getAuditEntries] Exception: UnknownHostException: Unable to resolve host "localhost": No address associated with hostname
04-15 21:35:15.146 E/CIRISApiClient( 6602): [getSystemStatus] Exception: UnknownHostException: Unable to resolve host "localhost": No address associated with hostname | Context: url=http://localhost:8080
04-15 21:35:15.369 E/CIRISApiClient( 6602): [getSystemStatus] Exception: UnknownHostException: Unable to resolve host "localhost": No address associated with hostname | Context: url=http://localhost:8080
04-15 21:35:15.609 E/CIRISApiClient( 6602): [getSystemStatus] Exception: UnknownHostException: Unable to resolve host "localhost": No address associated with hostname | Context: url=http://localhost:8080
04-15 21:35:15.834 E/CIRISApiClient( 6602): [getSystemStatus] Exception: UnknownHostException: Unable to resolve host "localhost": No address associated with hostname | Context: url=http://localhost:8080
04-15 21:35:16.056 E/CIRISApiClient( 6602): [getSystemStatus] Exception: UnknownHostException: Unable to resolve host "localhost": No address associated with hostname | Context: url=http://localhost:8080
04-15 21:35:16.279 E/CIRISApiClient( 6602): [getSystemStatus] Exception: UnknownHostException: Unable to resolve host "localhost": No address associated with hostname | Context: url=http://localhost:8080
04-15 21:35:16.503 E/CIRISApiClient( 6602): [getSystemStatus] Exception: UnknownHostException: Unable to resolve host "localhost": No address associated with hostname | Context: url=http://localhost:8080
04-15 21:35:16.727 E/CIRISApiClient( 6602): [getSystemStatus] Exception: UnknownHostException: Unable to resolve host "localhost": No address associated with hostname | Context: url=http://localhost:8080
04-15 21:35:16.951 E/CIRISApiClient( 6602): [getSystemStatus] Exception: UnknownHostException: Unable to resolve host "localhost": No address associated with hostname | Context: url=http://localhost:8080
04-15 21:35:17.181 E/CIRISApiClient( 6602): [getSystemStatus] Exception: UnknownHostException: Unable to resolve host "localhost": No address associated with hostname | Context: url=http://localhost:8080
04-15 21:35:17.408 E/CIRISApiClient( 6602): [getSystemStatus] Exception: UnknownHostException: Unable to resolve host "localhost": No address associated with hostname | Context: url=http://localhost:8080
04-15 21:35:17.638 E/CIRISApiClient( 6602): [getSystemStatus] Exception: UnknownHostException: Unable to resolve host "localhost": No address associated with hostname | Context: url=http://localhost:8080
04-15 21:35:17.872 E/CIRISApiClient( 6602): [getSystemStatus] Exception: UnknownHostException: Unable to resolve host "localhost": No address associated with hostname | Context: url=http://localhost:8080
04-15 21:35:18.019 E/CIRISApiClient( 6602): [getMessages] Exception: UnknownHostException: Unable to resolve host "localhost": No address associated with hostname | Context: limit=50, is401=false, tokenPresent=true, tokenPreview=ciris_ad...2voM
04-15 21:35:18.026 W/InteractViewModel( 6602): [fetchHistory] Non-auth error: UnknownHostException: Unable to resolve host "localhost": No address associated with hostname
04-15 21:35:18.046 E/CIRISApiClient( 6602): [getAuditEntries] Exception: UnknownHostException: Unable to resolve host "localhost": No address associated with hostname
04-15 21:35:18.106 E/CIRISApiClient( 6602): [getSystemStatus] Exception: UnknownHostException: Unable to resolve host "localhost": No address associated with hostname | Context: url=http://localhost:8080
04-15 21:35:18.330 E/CIRISApiClient( 6602): [getSystemStatus] Exception: UnknownHostException: Unable to resolve host "localhost": No address associated with hostname | Context: url=http://localhost:8080
04-15 21:35:18.553 E/CIRISApiClient( 6602): [getSystemStatus] Exception: UnknownHostException: Unable to resolve host "localhost": No address associated with hostname | Context: url=http://localhost:8080
04-15 21:35:18.777 E/CIRISApiClient( 6602): [getSystemStatus] Exception: UnknownHostException: Unable to resolve host "localhost": No address associated with hostname | Context: url=http://localhost:8080
04-15 21:35:19.000 E/CIRISApiClient( 6602): [getSystemStatus] Exception: UnknownHostException: Unable to resolve host "localhost": No address associated with hostname | Context: url=http://localhost:8080
04-15 21:35:19.224 E/CIRISApiClient( 6602): [getSystemStatus] Exception: UnknownHostException: Unable to resolve host "localhost": No address associated with hostname | Context: url=http://localhost:8080
04-15 21:35:19.443 E/CIRISApiClient( 6602): [getSystemStatus] Exception: UnknownHostException: Unable to resolve host "localhost": No address associated with hostname | Context: url=http://localhost:8080
04-15 21:35:19.663 E/CIRISApiClient( 6602): [getSystemStatus] Exception: UnknownHostException: Unable to resolve host "localhost": No address associated with hostname | Context: url=http://localhost:8080
04-15 21:35:19.879 E/CIRISApiClient( 6602): [getSystemStatus] Exception: UnknownHostException: Unable to resolve host "localhost": No address associated with hostname | Context: url=http://localhost:8080
04-15 21:35:19.887 E/CIRISApiClient( 6602): [getSystemStatus] Exception: UnknownHostException: Unable to resolve host "localhost": No address associated with hostname | Context: url=http://localhost:8080
04-15 21:35:20.109 E/CIRISApiClient( 6602): [getSystemStatus] Exception: UnknownHostException: Unable to resolve host "localhost": No address associated with hostname | Context: url=http://localhost:8080
04-15 21:35:20.343 E/CIRISApiClient( 6602): [getSystemStatus] Exception: UnknownHostException: Unable to resolve host "localhost": No address associated with hostname | Context: url=http://localhost:8080
04-15 21:35:20.583 E/CIRISApiClient( 6602): [getSystemStatus] Exception: UnknownHostException: Unable to resolve host "localhost": No address associated with hostname | Context: url=http://localhost:8080
04-15 21:35:20.812 E/CIRISApiClient( 6602): [getSystemStatus] Exception: UnknownHostException: Unable to resolve host "localhost": No address associated with hostname | Context: url=http://localhost:8080
