04-06 16:52:56.866 I/chromium(30649): [INFO:render_widget_host_impl.cc(843)] SBRTOUCHLOG  RenderWidgetHostImpl::WasShown
04-06 16:52:56.867 W/chromium(30649): [WARNING:window_android.cc(109)] TAB-STATUS observer added
04-06 16:52:56.868 W/chromium(30649): [WARNING:render_widget_host_view_android.cc(1906)] TAB-STATUS it is still showing
04-06 16:52:56.868 W/chromium(30649): [WARNING:window_android.cc(123)] TAB-STATUS observer removed
04-06 16:52:56.869 W/chromium(30649): [WARNING:window_android.cc(109)] TAB-STATUS observer added
04-06 16:52:57.046 W/chromium(30649): [WARNING:window_android.cc(123)] TAB-STATUS observer removed
04-06 16:52:57.069 I/chromium(16802): [INFO:layer_tree_host_impl.cc(198)] SBRTOUCHLOG DidVisibilityChange = 0
04-06 16:52:57.118 I/chromium(30649): [INFO:tin_six_tab_helper.cc(84)] OnCurrentTabChanged 0,4
04-06 16:52:57.118 I/chromium(30649): [INFO:tin_six_tab_helper.cc(640)] ForceActivateTabAt 0,4
04-06 16:52:57.221 I/chromium(16913): [INFO:dispatcher.cc(1571)] CreateBindingsSystem
04-06 16:52:57.249 I/chromium(30649): [INFO:ui_resource_layer_manager.cc(290)] CC-HideUrlbar: EnableUIResourceLayer LayerType: 0 Drawable true
04-06 16:52:57.254 I/chromium(30649): [INFO:ui_resource_layer_manager.cc(290)] CC-HideUrlbar: EnableUIResourceLayer LayerType: 1 Drawable true
04-06 16:52:57.259 I/chromium(16913): [INFO:layer_tree_host_impl.cc(198)] SBRTOUCHLOG DidVisibilityChange = 0
04-06 16:52:57.259 I/chromium(16913): [INFO:layer_tree_host_impl.cc(4001)] SBRTOUCHLOG SetDeferCommitFlagForDebug = 1
04-06 16:52:57.261 I/chromium(16913): [INFO:tin_anti_tracking_renderer_url_loader_throttle_helper.cc(31)] [IAT] set delegate th 0xc020bc10 td 0xc12630c0
04-06 16:52:57.261 I/chromium(16913): [INFO:tin_smart_protect_renderer.cc(16)] TinSmartProtectRenderer
04-06 16:52:57.283 I/chromium(16913): [INFO:tin_smart_protect_renderer.cc(33)] BindPendingReceiver bound=1
04-06 16:52:57.284 I/chromium(16913): [INFO:layer_tree_host_impl.cc(198)] SBRTOUCHLOG DidVisibilityChange = 1
04-06 16:52:57.433 I/chromium(30649): [INFO:tin_six_tab_helper.cc(621)] ActivateTabAt 0,4
04-06 16:52:57.441 I/chromium(16913): [INFO:memory_cache.cc(126)] MemoryCache MemberMemoryCache is disabled
04-06 16:52:57.631 I/chromium(16941): [INFO:dispatcher.cc(1571)] CreateBindingsSystem
04-06 16:52:57.651 I/chromium(16941): [INFO:layer_tree_host_impl.cc(198)] SBRTOUCHLOG DidVisibilityChange = 0
04-06 16:52:57.652 I/chromium(16941): [INFO:layer_tree_host_impl.cc(4001)] SBRTOUCHLOG SetDeferCommitFlagForDebug = 1
04-06 16:52:57.652 I/chromium(16941): [INFO:layer_tree_host_impl.cc(4001)] SBRTOUCHLOG SetDeferCommitFlagForDebug = 0
04-06 16:52:57.653 I/chromium(16941): [INFO:tin_anti_tracking_renderer_url_loader_throttle_helper.cc(31)] [IAT] set delegate th 0x54017ea0 td 0x53e63660
04-06 16:52:57.653 I/chromium(16941): [INFO:tin_smart_protect_renderer.cc(16)] TinSmartProtectRenderer
04-06 16:52:57.654 I/chromium(16941): [INFO:tin_smart_protect_renderer.cc(33)] BindPendingReceiver bound=1
04-06 16:52:57.665 I/chromium(16941): [INFO:layer_tree_host_impl.cc(4001)] SBRTOUCHLOG SetDeferCommitFlagForDebug = 1
04-06 16:52:57.691 I/chromium(16941): [INFO:render_frame_impl.cc(3805)] LoaderLog didCommitProvisionalLoad
04-06 16:52:57.694 W/chromium(30649): [WARNING:window_android.cc(123)] TAB-STATUS observer removed
04-06 16:52:57.696 I/chromium(30649): [INFO:back_forward_cache_impl.cc(675)] BFCACHELOG  CanStorePageNow  result = No: HTTP status is not OK, scheme is not HTTP or HTTPS, frame is not fully loaded, main RenderFrameHost doesn't have response headers set, probably due not having successfully committed a navigation.
04-06 16:52:57.696 I/chromium(16913): [INFO:layer_tree_host_impl.cc(198)] SBRTOUCHLOG DidVisibilityChange = 0
04-06 16:52:57.696 I/chromium(30649): [INFO:render_widget_host_impl.cc(843)] SBRTOUCHLOG  RenderWidgetHostImpl::WasShown
04-06 16:52:57.697 W/chromium(30649): [WARNING:window_android.cc(109)] TAB-STATUS observer added
04-06 16:52:57.698 I/chromium(16913): [INFO:layer_tree_host_impl.cc(4001)] SBRTOUCHLOG SetDeferCommitFlagForDebug = 0
04-06 16:52:57.706 I/chromium(30649): [INFO:tin_auto_https_upgrade_monitor.cc(27)] AutoHTTPSUpgrade  FallbackList  size = 0
04-06 16:52:57.715 I/chromium(16941): [INFO:layer_tree_host_impl.cc(198)] SBRTOUCHLOG DidVisibilityChange = 1
04-06 16:52:57.719 I/chromium(16913): [INFO:tin_anti_tracking_renderer_url_loader_throttle_helper.cc(38)] [IAT] detector destroyed 0xc12630c0
04-06 16:52:57.748 I/chromium(16941): [INFO:memory_cache.cc(126)] MemoryCache MemberMemoryCache is disabled
04-06 16:52:57.756 I/chromium(30649): [INFO:render_process_host_impl.cc(4491)] [Renderer][Exit] ChildProcessLauncher::OnChildProcessDied called through JNI pid = 16913, renderer_id =0
04-06 16:52:57.850 I/chromium(16941): [INFO:layer_tree_host_impl.cc(4001)] SBRTOUCHLOG SetDeferCommitFlagForDebug = 0
04-06 16:52:57.988 I/chromium(16941): [INFO:layer_tree_impl.cc(1205)] DidUpdatePageScale IsActiveTree: 0 ScaleFactor: 1
04-06 16:52:58.081 I/chromium(16941): [INFO:layer_tree_impl.cc(1205)] DidUpdatePageScale IsActiveTree: 1 ScaleFactor: 1
04-06 16:52:58.103 E/chromium(16885): [ERROR:content_block_element_hider.cc(93)] main frame is not a local frame
04-06 16:52:58.107 E/chromium(16885): [ERROR:content_block_element_hider.cc(93)] main frame is not a local frame
04-06 16:52:58.112 E/chromium(16885): [ERROR:content_block_element_hider.cc(93)] main frame is not a local frame
04-06 16:52:58.117 E/chromium(16885): [ERROR:content_block_element_hider.cc(93)] main frame is not a local frame
04-06 16:52:58.318 I/chromium(16941): [INFO:layer_tree_impl.cc(1205)] DidUpdatePageScale IsActiveTree: 0 ScaleFactor: 1
04-06 16:52:58.375 I/chromium(16941): [INFO:layer_tree_impl.cc(1205)] DidUpdatePageScale IsActiveTree: 1 ScaleFactor: 1
04-06 16:52:58.460 I/chromium(16848): [INFO:layer_tree_host_impl.cc(198)] SBRTOUCHLOG DidVisibilityChange = 0
04-06 16:52:58.461 I/chromium(16848): [INFO:layer_tree_host_impl.cc(4001)] SBRTOUCHLOG SetDeferCommitFlagForDebug = 1
04-06 16:52:58.462 I/chromium(16848): [INFO:web_view_impl.cc(1439)] Blink ResizeWithBrowserControls old_size = 720 * 1040, new_size = 0 * 0
04-06 16:52:58.506 I/chromium(30649): [INFO:back_forward_cache_impl.cc(675)] BFCACHELOG  CanStorePageNow  result = No: not a main frame, related active contents exist: no BI swap result, HTTP status is not OK, scheme is not HTTP or HTTPS, main RenderFrameHost doesn't have response headers set, probably due not having successfully committed a navigation.
04-06 16:52:58.516 I/chromium(16848): [INFO:web_view_impl.cc(1439)] Blink ResizeWithBrowserControls old_size = 0 * 0, new_size = 720 * 1040
04-06 16:52:58.516 I/chromium(16848): [INFO:layer_tree_host_impl.cc(4001)] SBRTOUCHLOG SetDeferCommitFlagForDebug = 0
04-06 16:52:59.149 I/chromium(16941): [INFO:document_loader.cc(793)] LoaderLog UpdateForSameDocumentNavigation  was_loading = 1  is_client_redirect_ = 0  replaces_history_item_ = 1
04-06 16:52:59.165 I/chromium(16941): [INFO:progress_tracker.cc(112)] LoaderLog  FinishedParsing
04-06 16:52:59.189 I/chromium(30649): [INFO:web_contents_impl.cc(6549)] LoaderLog  progress completed
04-06 16:52:59.192 I/chromium(16941): [INFO:render_frame_impl.cc(4027)] LoaderLog didFinishLoad
04-06 16:52:59.194 I/chromium(16941): [INFO:frame_loader.cc(402)] LoaderLog Completed totalBytes = 239537
04-06 16:52:59.194 I/chromium(16941): [INFO:render_frame_impl.cc(5114)] LoaderLog didStopLoading
04-06 16:52:59.235 I/chromium(30649): [INFO:tin_six_tab_helper.cc(621)] ActivateTabAt 0,4
04-06 16:52:59.544 I/chromium(16885): [INFO:layer_tree_host_impl.cc(198)] SBRTOUCHLOG DidVisibilityChange = 0
04-06 16:52:59.544 I/chromium(16885): [INFO:layer_tree_host_impl.cc(4001)] SBRTOUCHLOG SetDeferCommitFlagForDebug = 1
04-06 16:52:59.544 I/chromium(16885): [INFO:web_view_impl.cc(1439)] Blink ResizeWithBrowserControls old_size = 720 * 1040, new_size = 0 * 0
04-06 16:52:59.600 I/chromium(16975): [INFO:dispatcher.cc(1571)] CreateBindingsSystem
04-06 16:52:59.630 I/chromium(16975): [INFO:layer_tree_host_impl.cc(198)] SBRTOUCHLOG DidVisibilityChange = 0
04-06 16:52:59.631 I/chromium(16975): [INFO:layer_tree_host_impl.cc(4001)] SBRTOUCHLOG SetDeferCommitFlagForDebug = 1
04-06 16:52:59.656 I/chromium(30649): [INFO:tin_six_tab_helper.cc(181)] OnTabRemoving
04-06 16:52:59.656 I/chromium(30649): [INFO:tin_six_tab_helper.cc(958)] CloseWebContentsAt 0,4 contents:0x5f77c600
04-06 16:52:59.656 I/chromium(30649): [INFO:tin_six_tab_helper.cc(1022)] CloseWebContentses closing_contents:0 0x5f77c600
04-06 16:52:59.663 W/chromium(30649): [WARNING:window_android.cc(123)] TAB-STATUS observer removed
04-06 16:52:59.711 I/chromium(30649): [INFO:tin_six_tab_helper.cc(235)] OnTabRemoved
04-06 16:52:59.772 I/chromium(30649): [INFO:tin_six_tab_helper.cc(84)] OnCurrentTabChanged 0,3
04-06 16:52:59.772 I/chromium(30649): [INFO:tin_six_tab_helper.cc(640)] ForceActivateTabAt 0,3
04-06 16:52:59.781 I/chromium(30649): [INFO:render_widget_host_impl.cc(843)] SBRTOUCHLOG  RenderWidgetHostImpl::WasShown
04-06 16:52:59.782 I/chromium(30649): [INFO:render_widget_host_impl.cc(845)] SBRTOUCHLOG  ClearDisplayedGraphics was called
04-06 16:52:59.783 I/chromium(16802): [INFO:layer_tree_host_impl.cc(198)] SBRTOUCHLOG DidVisibilityChange = 1
04-06 16:52:59.783 W/chromium(30649): [WARNING:window_android.cc(109)] TAB-STATUS observer added
04-06 16:52:59.788 I/chromium(30649): [INFO:ui_resource_layer_manager.cc(290)] CC-HideUrlbar: EnableUIResourceLayer LayerType: 0 Drawable true
04-06 16:52:59.793 I/chromium(30649): [INFO:ui_resource_layer_manager.cc(290)] CC-HideUrlbar: EnableUIResourceLayer LayerType: 1 Drawable true
04-06 16:52:59.807 I/chromium(30649): [INFO:render_process_host_impl.cc(4491)] [Renderer][Exit] ChildProcessLauncher::OnChildProcessDied called through JNI pid = 16975, renderer_id =0
04-06 16:52:59.814 I/chromium(30649): [INFO:render_process_host_impl.cc(4491)] [Renderer][Exit] ChildProcessLauncher::OnChildProcessDied called through JNI pid = 16941, renderer_id =0
04-06 16:52:59.850 E/chromium(16885): [ERROR:tin_smart_protect_renderer_url_loader_throttle.cc(113)] GetServiceBridgeForFrame no local root frame
04-06 16:52:59.880 I/chromium(30649): [INFO:back_forward_cache_impl.cc(675)] BFCACHELOG  CanStorePageNow  result = No: not a main frame, related active contents exist: no BI swap result, HTTP status is not OK, scheme is not HTTP or HTTPS, main RenderFrameHost doesn't have response headers set, probably due not having successfully committed a navigation.
04-06 16:52:59.898 E/chromium(16885): [ERROR:tin_smart_protect_renderer_url_loader_throttle.cc(113)] GetServiceBridgeForFrame no local root frame
04-06 16:52:59.923 I/chromium(16885): [INFO:layer_tree_host_impl.cc(4001)] SBRTOUCHLOG SetDeferCommitFlagForDebug = 0
04-06 16:52:59.923 I/chromium(16885): [INFO:web_view_impl.cc(1439)] Blink ResizeWithBrowserControls old_size = 0 * 0, new_size = 720 * 1040
04-06 16:53:00.471 I/chromium(16802): [INFO:render_frame_impl.cc(4027)] LoaderLog didFinishLoad
04-06 16:53:00.476 I/chromium(16802): [INFO:frame_loader.cc(402)] LoaderLog Completed totalBytes = 4921993
04-06 16:53:00.476 I/chromium(16802): [INFO:render_frame_impl.cc(5114)] LoaderLog didStopLoading
04-06 16:53:00.479 I/chromium(30649): [INFO:tin_six_tab_helper.cc(621)] ActivateTabAt 0,3
04-06 16:53:00.725 W/chromium(30649): [WARNING:render_widget_host_view_android.cc(1070)] SBRTOUCHLOG  OnTouchEvent, Action::DOWN
04-06 16:53:00.725 I/chromium(30649): [INFO:render_widget_host_input_event_router.cc(861)] SBRTOUCHLOG Set Touch sequence target view: 0xc10c5a00
04-06 16:53:00.725 W/chromium(30649): [WARNING:input_router_impl.cc(529)] SBRTOUCHLOG FilterAndSendWebInputEvent, kTouchStart
04-06 16:53:00.732 I/chromium(16802): [INFO:web_frame_widget_impl.cc(2748)] SBRTOUCHLOG Blink HandleInputEvent event received = PointerDown
04-06 16:53:00.736 I/chromium(30649): [INFO:input_router_impl.cc(641)] SBRTOUCHLOG InputRouterImpl::TouchEventHandled type: TouchStart & ack: NOT_CONSUMED
04-06 16:53:00.737 I/chromium(16802): [INFO:web_frame_widget_impl.cc(2748)] SBRTOUCHLOG Blink HandleInputEvent event received = GestureTapDown
04-06 16:53:00.774 I/chromium(16802): [INFO:web_frame_widget_impl.cc(2748)] SBRTOUCHLOG Blink HandleInputEvent event received = PointerMove
04-06 16:53:00.775 I/chromium(30649): [INFO:input_router_impl.cc(641)] SBRTOUCHLOG InputRouterImpl::TouchEventHandled type: TouchMove & ack: CONSUMED
04-06 16:53:00.796 I/chromium(16802): [INFO:web_frame_widget_impl.cc(2748)] SBRTOUCHLOG Blink HandleInputEvent event received = PointerUp
04-06 16:53:00.797 I/chromium(30649): [INFO:input_router_impl.cc(641)] SBRTOUCHLOG InputRouterImpl::TouchEventHandled type: TouchEnd & ack: NOT_CONSUMED
04-06 16:53:00.798 I/chromium(16802): [INFO:web_frame_widget_impl.cc(2748)] SBRTOUCHLOG Blink HandleInputEvent event received = GestureShowPress
04-06 16:53:00.806 I/chromium(16802): [INFO:web_frame_widget_impl.cc(2748)] SBRTOUCHLOG Blink HandleInputEvent event received = GestureTap
04-06 16:53:02.667 W/chromium(30649): [WARNING:render_widget_host_view_android.cc(1070)] SBRTOUCHLOG  OnTouchEvent, Action::DOWN
04-06 16:53:02.668 I/chromium(30649): [INFO:render_widget_host_input_event_router.cc(861)] SBRTOUCHLOG Set Touch sequence target view: 0xc10c5a00
04-06 16:53:02.668 W/chromium(30649): [WARNING:input_router_impl.cc(529)] SBRTOUCHLOG FilterAndSendWebInputEvent, kTouchStart
04-06 16:53:02.669 I/chromium(16802): [INFO:web_frame_widget_impl.cc(2748)] SBRTOUCHLOG Blink HandleInputEvent event received = PointerDown
04-06 16:53:02.673 I/chromium(30649): [INFO:input_router_impl.cc(641)] SBRTOUCHLOG InputRouterImpl::TouchEventHandled type: TouchStart & ack: NOT_CONSUMED
04-06 16:53:02.674 I/chromium(16802): [INFO:web_frame_widget_impl.cc(2748)] SBRTOUCHLOG Blink HandleInputEvent event received = GestureTapDown
04-06 16:53:02.677 I/chromium(16802): [INFO:web_frame_widget_impl.cc(2748)] SBRTOUCHLOG Blink HandleInputEvent event received = PointerMove
04-06 16:53:02.677 I/chromium(30649): [INFO:input_router_impl.cc(641)] SBRTOUCHLOG InputRouterImpl::TouchEventHandled type: TouchMove & ack: CONSUMED
04-06 16:53:02.693 I/chromium(16802): [INFO:web_frame_widget_impl.cc(2748)] SBRTOUCHLOG Blink HandleInputEvent event received = PointerMove
04-06 16:53:02.695 I/chromium(30649): [INFO:input_router_impl.cc(641)] SBRTOUCHLOG InputRouterImpl::TouchEventHandled type: TouchMove & ack: CONSUMED
04-06 16:53:02.710 I/chromium(16802): [INFO:web_frame_widget_impl.cc(2748)] SBRTOUCHLOG Blink HandleInputEvent event received = PointerMove
04-06 16:53:02.711 I/chromium(30649): [INFO:input_router_impl.cc(641)] SBRTOUCHLOG InputRouterImpl::TouchEventHandled type: TouchMove & ack: CONSUMED
04-06 16:53:02.711 I/chromium(30649): [INFO:input_router_impl.cc(641)] SBRTOUCHLOG InputRouterImpl::TouchEventHandled type: TouchMove & ack: CONSUMED
04-06 16:53:02.727 I/chromium(16802): [INFO:web_frame_widget_impl.cc(2748)] SBRTOUCHLOG Blink HandleInputEvent event received = PointerMove
04-06 16:53:02.728 I/chromium(30649): [INFO:input_router_impl.cc(641)] SBRTOUCHLOG InputRouterImpl::TouchEventHandled type: TouchMove & ack: NOT_CONSUMED
04-06 16:53:02.729 I/chromium(30649): [INFO:input_router_impl.cc(641)] SBRTOUCHLOG InputRouterImpl::TouchEventHandled type: TouchMove & ack: NOT_CONSUMED
04-06 16:53:02.730 I/chromium(16802): [INFO:layer_tree_host_impl.cc(332)] SBRTOUCHLOG LayerTreeHostImpl::ScrollBegin defer_commit =  0
04-06 16:53:02.734 I/chromium(16802): [INFO:web_frame_widget_impl.cc(2748)] SBRTOUCHLOG Blink HandleInputEvent event received = GestureTapCancel
04-06 16:53:02.735 I/chromium(16802): [INFO:web_frame_widget_impl.cc(2748)] SBRTOUCHLOG Blink HandleInputEvent event received = PointerCausedUaAction
04-06 16:53:02.744 I/chromium(16802): [INFO:layer_tree_host_impl.cc(303)] SBRTOUCHLOG LayerTreeHostImpl::ScrollBy delta_y = 16.2763
04-06 16:53:02.746 I/chromium(16802): [INFO:web_frame_widget_impl.cc(2748)] SBRTOUCHLOG Blink HandleInputEvent event received = PointerMove
04-06 16:53:02.756 I/chromium(30649): [INFO:input_router_impl.cc(641)] SBRTOUCHLOG InputRouterImpl::TouchEventHandled type: TouchMove & ack: NOT_CONSUMED
04-06 16:53:02.757 I/chromium(30649): [INFO:input_router_impl.cc(641)] SBRTOUCHLOG InputRouterImpl::TouchEventHandled type: TouchMove & ack: NOT_CONSUMED
04-06 16:53:02.761 I/chromium(16802): [INFO:web_frame_widget_impl.cc(2748)] SBRTOUCHLOG Blink HandleInputEvent event received = PointerMove
04-06 16:53:02.790 W/chromium(30649): [WARNING:window_android.cc(109)] TAB-STATUS observer added
04-06 16:53:02.791 I/chromium(16802): [INFO:web_frame_widget_impl.cc(2748)] SBRTOUCHLOG Blink HandleInputEvent event received = PointerMove
04-06 16:53:02.794 W/chromium(30649): [WARNING:window_android.cc(123)] TAB-STATUS observer removed
04-06 16:53:02.794 I/chromium(16848): [INFO:web_view_impl.cc(1439)] Blink ResizeWithBrowserControls old_size = 720 * 1040, new_size = 720 * 1232
04-06 16:53:02.797 I/chromium(16802): [INFO:web_frame_widget_impl.cc(2748)] SBRTOUCHLOG Blink HandleInputEvent event received = PointerUp
04-06 16:53:02.814 I/chromium(16802): [INFO:layer_tree_host_impl.cc(344)] SBRTOUCHLOG LayerTreeHostImpl::ScrollEnd
04-06 16:53:02.949 E/chromium(16885): [ERROR:gin_java_bridge_dispatcher.cc(130)] HasJavaMethod method toString not found, returning
04-06 16:53:02.950 E/chromium(16885): [ERROR:gin_java_bridge_dispatcher.cc(130)] HasJavaMethod method name not found, returning
04-06 16:53:02.951 E/chromium(16885): [ERROR:gin_java_bridge_dispatcher.cc(130)] HasJavaMethod method toString not found, returning
04-06 16:53:02.951 E/chromium(16885): [ERROR:gin_java_bridge_dispatcher.cc(130)] HasJavaMethod method name not found, returning
04-06 16:53:03.114 E/chromium(16672): [ERROR:gles2_cmd_decoder.cc(8683)] [.RendererMainThread-0xc1300200]GL ERROR :GL_INVALID_FRAMEBUFFER_OPERATION : glFramebufferTexture2D: <- error from previous GL command
04-06 16:53:03.573 W/chromium(30649): [WARNING:render_widget_host_view_android.cc(1070)] SBRTOUCHLOG  OnTouchEvent, Action::DOWN
04-06 16:53:03.573 I/chromium(30649): [INFO:render_widget_host_input_event_router.cc(861)] SBRTOUCHLOG Set Touch sequence target view: 0xc10c5a00
04-06 16:53:03.573 W/chromium(30649): [WARNING:input_router_impl.cc(529)] SBRTOUCHLOG FilterAndSendWebInputEvent, kTouchStart
04-06 16:53:03.575 I/chromium(16802): [INFO:web_frame_widget_impl.cc(2748)] SBRTOUCHLOG Blink HandleInputEvent event received = PointerDown
04-06 16:53:03.582 I/chromium(30649): [INFO:input_router_impl.cc(641)] SBRTOUCHLOG InputRouterImpl::TouchEventHandled type: TouchStart & ack: NOT_CONSUMED
04-06 16:53:03.586 I/chromium(16802): [INFO:web_frame_widget_impl.cc(2748)] SBRTOUCHLOG Blink HandleInputEvent event received = GestureTapDown
04-06 16:53:03.595 I/chromium(16802): [INFO:web_frame_widget_impl.cc(2748)] SBRTOUCHLOG Blink HandleInputEvent event received = PointerMove
04-06 16:53:03.597 I/chromium(30649): [INFO:input_router_impl.cc(641)] SBRTOUCHLOG InputRouterImpl::TouchEventHandled type: TouchMove & ack: CONSUMED
04-06 16:53:03.612 I/chromium(16802): [INFO:web_frame_widget_impl.cc(2748)] SBRTOUCHLOG Blink HandleInputEvent event received = PointerMove
04-06 16:53:03.613 I/chromium(30649): [INFO:input_router_impl.cc(641)] SBRTOUCHLOG InputRouterImpl::TouchEventHandled type: TouchMove & ack: CONSUMED
04-06 16:53:03.613 I/chromium(30649): [INFO:input_router_impl.cc(641)] SBRTOUCHLOG InputRouterImpl::TouchEventHandled type: TouchMove & ack: CONSUMED
04-06 16:53:03.628 I/chromium(16802): [INFO:web_frame_widget_impl.cc(2748)] SBRTOUCHLOG Blink HandleInputEvent event received = PointerMove
04-06 16:53:03.630 I/chromium(30649): [INFO:input_router_impl.cc(641)] SBRTOUCHLOG InputRouterImpl::TouchEventHandled type: TouchMove & ack: NOT_CONSUMED
04-06 16:53:03.631 I/chromium(16802): [INFO:layer_tree_host_impl.cc(332)] SBRTOUCHLOG LayerTreeHostImpl::ScrollBegin defer_commit =  0
04-06 16:53:03.635 I/chromium(16802): [INFO:web_frame_widget_impl.cc(2748)] SBRTOUCHLOG Blink HandleInputEvent event received = PointerMove
04-06 16:53:03.636 I/chromium(16802): [INFO:web_frame_widget_impl.cc(2748)] SBRTOUCHLOG Blink HandleInputEvent event received = GestureTapCancel
04-06 16:53:03.637 I/chromium(16802): [INFO:web_frame_widget_impl.cc(2748)] SBRTOUCHLOG Blink HandleInputEvent event received = PointerCausedUaAction
04-06 16:53:03.638 I/chromium(30649): [INFO:input_router_impl.cc(641)] SBRTOUCHLOG InputRouterImpl::TouchEventHandled type: TouchMove & ack: NOT_CONSUMED
04-06 16:53:03.644 I/chromium(16802): [INFO:layer_tree_host_impl.cc(303)] SBRTOUCHLOG LayerTreeHostImpl::ScrollBy delta_y = -33.5101
04-06 16:53:03.645 I/chromium(16802): [INFO:web_frame_widget_impl.cc(2748)] SBRTOUCHLOG Blink HandleInputEvent event received = PointerMove
04-06 16:53:03.652 I/chromium(30649): [INFO:input_router_impl.cc(641)] SBRTOUCHLOG InputRouterImpl::TouchEventHandled type: TouchMove & ack: NOT_CONSUMED
04-06 16:53:03.663 I/chromium(16802): [INFO:web_frame_widget_impl.cc(2748)] SBRTOUCHLOG Blink HandleInputEvent event received = PointerMove
04-06 16:53:03.681 W/chromium(30649): [WARNING:window_android.cc(109)] TAB-STATUS observer added
04-06 16:53:03.682 I/chromium(16848): [INFO:web_view_impl.cc(1439)] Blink ResizeWithBrowserControls old_size = 720 * 1232, new_size = 720 * 1040
04-06 16:53:03.685 I/chromium(16802): [INFO:web_frame_widget_impl.cc(2748)] SBRTOUCHLOG Blink HandleInputEvent event received = PointerUp
04-06 16:53:03.697 W/chromium(30649): [WARNING:window_android.cc(123)] TAB-STATUS observer removed
04-06 16:53:03.712 I/chromium(16802): [INFO:layer_tree_host_impl.cc(344)] SBRTOUCHLOG LayerTreeHostImpl::ScrollEnd
04-06 16:53:05.003 D/EnvFileUpdater(16422): Found CIRIS_HOME from env: /data/user/0/ai.ciris.mobile.debug/files/ciris
04-06 16:53:05.405 E/chromium(16885): [ERROR:gin_java_bridge_dispatcher.cc(130)] HasJavaMethod method toString not found, returning
04-06 16:53:05.405 E/chromium(16885): [ERROR:gin_java_bridge_dispatcher.cc(130)] HasJavaMethod method name not found, returning
04-06 16:53:05.405 E/chromium(16885): [ERROR:gin_java_bridge_dispatcher.cc(130)] HasJavaMethod method toString not found, returning
04-06 16:53:05.405 E/chromium(16885): [ERROR:gin_java_bridge_dispatcher.cc(130)] HasJavaMethod method name not found, returning
04-06 16:53:05.529 E/chromium(16672): [ERROR:gles2_cmd_decoder.cc(8683)] [.RendererMainThread-0xc1300200]GL ERROR :GL_INVALID_FRAMEBUFFER_OPERATION : glFramebufferTexture2D: <- error from previous GL command
04-06 16:53:07.047 I/chromium(16885): [INFO:web_view_impl.cc(1439)] Blink ResizeWithBrowserControls old_size = 720 * 1040, new_size = 720 * 1232
04-06 16:53:07.048 I/chromium(16885): [INFO:web_view_impl.cc(1439)] Blink ResizeWithBrowserControls old_size = 720 * 1232, new_size = 720 * 1040
04-06 16:53:13.062 I/chromium(16802): [INFO:frame_loader.cc(618)] LoaderLog  StartNavigation  ClientRedirect = 0
04-06 16:53:13.107 I/chromium(30649): [INFO:tin_six_tab_helper.cc(621)] ActivateTabAt 0,3
04-06 16:53:13.264 I/chromium(30649): [INFO:tin_six_tab_helper.cc(621)] ActivateTabAt 0,3
04-06 16:53:13.355 I/chromium(17018): [INFO:dispatcher.cc(1571)] CreateBindingsSystem
04-06 16:53:13.384 I/chromium(17018): [INFO:layer_tree_host_impl.cc(198)] SBRTOUCHLOG DidVisibilityChange = 0
04-06 16:53:13.385 I/chromium(17018): [INFO:layer_tree_host_impl.cc(4001)] SBRTOUCHLOG SetDeferCommitFlagForDebug = 1
04-06 16:53:13.385 I/chromium(17018): [INFO:layer_tree_host_impl.cc(4001)] SBRTOUCHLOG SetDeferCommitFlagForDebug = 0
04-06 16:53:13.386 I/chromium(17018): [INFO:tin_anti_tracking_renderer_url_loader_throttle_helper.cc(31)] [IAT] set delegate th 0x57c1be70 td 0xc12635c0
04-06 16:53:13.387 I/chromium(17018): [INFO:tin_smart_protect_renderer.cc(16)] TinSmartProtectRenderer
04-06 16:53:13.389 I/chromium(17018): [INFO:tin_smart_protect_renderer.cc(33)] BindPendingReceiver bound=1
04-06 16:53:13.402 I/chromium(17018): [INFO:layer_tree_host_impl.cc(4001)] SBRTOUCHLOG SetDeferCommitFlagForDebug = 1
04-06 16:53:13.431 I/chromium(17018): [INFO:render_frame_impl.cc(3805)] LoaderLog didCommitProvisionalLoad
04-06 16:53:13.435 W/chromium(30649): [WARNING:window_android.cc(123)] TAB-STATUS observer removed
04-06 16:53:13.436 I/chromium(16802): [INFO:layer_tree_host_impl.cc(198)] SBRTOUCHLOG DidVisibilityChange = 0
04-06 16:53:13.439 I/chromium(30649): [INFO:render_widget_host_impl.cc(843)] SBRTOUCHLOG  RenderWidgetHostImpl::WasShown
04-06 16:53:13.439 W/chromium(30649): [WARNING:window_android.cc(109)] TAB-STATUS observer added
04-06 16:53:13.442 I/chromium(16802): [INFO:frame_loader.cc(274)] LoaderLog  SetDefersLoading  DeferType = 1
04-06 16:53:13.484 I/chromium(17018): [INFO:layer_tree_host_impl.cc(198)] SBRTOUCHLOG DidVisibilityChange = 1
04-06 16:53:13.511 I/chromium(17018): [INFO:memory_cache.cc(126)] MemoryCache MemberMemoryCache is disabled
04-06 16:53:13.567 I/chromium(16848): [INFO:frame_loader.cc(274)] LoaderLog  SetDefersLoading  DeferType = 1
04-06 16:53:13.567 I/chromium(16848): [INFO:frame_loader.cc(274)] LoaderLog  SetDefersLoading  DeferType = 1
04-06 16:53:13.568 I/chromium(16848): [INFO:frame_loader.cc(274)] LoaderLog  SetDefersLoading  DeferType = 1
04-06 16:53:13.568 I/chromium(16848): [INFO:frame_loader.cc(274)] LoaderLog  SetDefersLoading  DeferType = 1
04-06 16:53:13.568 I/chromium(16848): [INFO:frame_loader.cc(274)] LoaderLog  SetDefersLoading  DeferType = 1
04-06 16:53:13.568 I/chromium(16848): [INFO:frame_loader.cc(274)] LoaderLog  SetDefersLoading  DeferType = 1
04-06 16:53:13.568 I/chromium(16848): [INFO:frame_loader.cc(274)] LoaderLog  SetDefersLoading  DeferType = 1
04-06 16:53:13.571 I/chromium(16885): [INFO:frame_loader.cc(274)] LoaderLog  SetDefersLoading  DeferType = 1
04-06 16:53:13.571 I/chromium(16885): [INFO:frame_loader.cc(274)] LoaderLog  SetDefersLoading  DeferType = 1
04-06 16:53:13.572 I/chromium(16885): [INFO:frame_loader.cc(274)] LoaderLog  SetDefersLoading  DeferType = 1
04-06 16:53:13.572 I/chromium(16885): [INFO:frame_loader.cc(274)] LoaderLog  SetDefersLoading  DeferType = 1
04-06 16:53:13.572 I/chromium(16885): [INFO:frame_loader.cc(274)] LoaderLog  SetDefersLoading  DeferType = 1
04-06 16:53:13.572 I/chromium(16885): [INFO:frame_loader.cc(274)] LoaderLog  SetDefersLoading  DeferType = 1
04-06 16:53:13.577 I/chromium(16885): [INFO:frame_loader.cc(274)] LoaderLog  SetDefersLoading  DeferType = 1
04-06 16:53:13.579 I/chromium(17018): [INFO:layer_tree_host_impl.cc(4001)] SBRTOUCHLOG SetDeferCommitFlagForDebug = 0
04-06 16:53:13.581 I/chromium(30649): [INFO:render_frame_host_impl.cc(5780)] BFCACHELOG  Eviction  reason = No: cache limit
04-06 16:53:13.587 I/chromium(30649): [INFO:render_process_host_impl.cc(4491)] [Renderer][Exit] ChildProcessLauncher::OnChildProcessDied called through JNI pid = 16686, renderer_id =0
04-06 16:53:13.650 I/chromium(17018): [INFO:progress_tracker.cc(112)] LoaderLog  FinishedParsing
04-06 16:53:13.656 I/chromium(17018): [INFO:layer_tree_impl.cc(1205)] DidUpdatePageScale IsActiveTree: 0 ScaleFactor: 1
04-06 16:53:13.659 I/chromium(17018): [INFO:layer_tree_impl.cc(1205)] DidUpdatePageScale IsActiveTree: 1 ScaleFactor: 1
04-06 16:53:13.717 I/chromium(30649): [INFO:web_contents_impl.cc(6549)] LoaderLog  progress completed
04-06 16:53:14.034 I/chromium(17018): [INFO:render_frame_impl.cc(4027)] LoaderLog didFinishLoad
04-06 16:53:14.035 I/chromium(17018): [INFO:frame_loader.cc(402)] LoaderLog Completed totalBytes = 106022
04-06 16:53:14.035 I/chromium(17018): [INFO:render_frame_impl.cc(5114)] LoaderLog didStopLoading
04-06 16:53:14.038 I/chromium(30649): [INFO:tin_six_tab_helper.cc(621)] ActivateTabAt 0,3
04-06 16:53:14.107 I/chromium(17018): [INFO:document_loader.cc(793)] LoaderLog UpdateForSameDocumentNavigation  was_loading = 0  is_client_redirect_ = 0  replaces_history_item_ = 1
04-06 16:53:14.107 I/chromium(17018): [INFO:render_frame_impl.cc(5114)] LoaderLog didStopLoading
04-06 16:53:14.179 I/chromium(30649): [INFO:tin_six_tab_helper.cc(621)] ActivateTabAt 0,3
04-06 16:53:15.005 D/EnvFileUpdater(16422): Found CIRIS_HOME from env: /data/user/0/ai.ciris.mobile.debug/files/ciris
04-06 16:53:16.821 W/chromium(30649): [WARNING:window_android.cc(123)] TAB-STATUS observer removed
04-06 16:53:16.823 I/chromium(17018): [INFO:layer_tree_host_impl.cc(198)] SBRTOUCHLOG DidVisibilityChange = 0
04-06 16:53:17.045 I/chromium(30649): [INFO:layer_tree_host_impl.cc(198)] SBRTOUCHLOG DidVisibilityChange = 0
04-06 16:53:18.550 I/chromium(30649): [INFO:render_process_host_impl.cc(4491)] [Renderer][Exit] ChildProcessLauncher::OnChildProcessDied called through JNI pid = 12261, renderer_id =15
04-06 16:53:18.587 I/chromium(30649): [INFO:render_process_host_impl.cc(4491)] [Renderer][Exit] ChildProcessLauncher::OnChildProcessDied called through JNI pid = 16672, renderer_id =0
04-06 16:53:18.673 E/chromium(30649): [ERROR:gpu_process_host.cc(968)] GPU process exited unexpectedly: exit_code=0
04-06 16:53:18.673 W/chromium(30649): [WARNING:gpu_process_host.cc(1274)] The GPU process has crashed 2 time(s)
04-06 16:53:22.233 I/SetupViewModel(16422): pollNodeAuthStatus: COMPLETE - keyId=null, signingKeyB64=null...
04-06 16:53:22.239 I/SetupViewModel(16422): pollNodeAuthStatus: template=default, adapters=null
04-06 16:53:25.007 D/EnvFileUpdater(16422): Found CIRIS_HOME from env: /data/user/0/ai.ciris.mobile.debug/files/ciris
04-06 16:53:28.979 I/CIRISApiClient(16422): [init] CIRISApiClient initialized with baseUrl=http://127.0.0.1:8080
04-06 16:53:28.985 I/CIRISApiClient(16422): [searchLocations] Searching locations: query=scha, countryCode=null, limit=10
04-06 16:53:29.982 I/CIRISApiClient(16422): [searchLocations] Searching locations: query=schaum, countryCode=null, limit=10
04-06 16:53:35.009 D/EnvFileUpdater(16422): Found CIRIS_HOME from env: /data/user/0/ai.ciris.mobile.debug/files/ciris
04-06 16:53:35.499 I/CIRISApiClient(16422): [getSetupAdapters] Fetched 9 adapters
04-06 16:53:37.832 I/SetupViewModel(16422): buildSetupRequest: isNodeFlow=true, deviceAuth.status=COMPLETE
04-06 16:53:37.834 I/SetupViewModel(16422): buildSetupRequest: deviceAuth.keyId=null, signingKeyB64=null...
04-06 16:53:37.841 I/SetupViewModel(16422): Node flow COMPLETE - extracting NodeFlowData: keyId=null, signingKeyB64=null...
04-06 16:53:37.843 I/SetupViewModel(16422): completeSetup: signing_key_id=null, signing_key_provisioned=true
04-06 16:53:37.845 I/SetupViewModel(16422): completeSetup: provisioned_signing_key_b64=null...
04-06 16:53:37.849 I/CIRISApiClient(16422): [completeSetup] Completing setup: provider=other, template=default, username=oauth_google_user
04-06 16:53:38.870 I/CIRISApiClient(16422): [getSetupTemplates] Fetched 5 templates
04-06 16:53:39.098 I/python.stdout(16422): [SETUP_COMPLETE] Calling _create_setup_users(username=oauth_google_user, db=/data/data/ai.ciris.mobile.debug/files/ciris/data/ciris_audit.db)
04-06 16:53:39.829 I/python.stdout(16422): [SETUP_COMPLETE] ✅ Founding partnership created: consent/wa-2026-04-06-E6F1A2 (PARTNERED)
04-06 16:53:39.992 I/python.stdout(16422): [SETUP_COMPLETE] _create_setup_users completed successfully
04-06 16:53:40.127 I/CIRISApiClient(16422): [completeSetup] Setup complete: success=true, message=Setup completed successfully. Starting agent processor...
04-06 16:53:42.074 I/python.stdout(16422): [SERVICES] === RESUME (12 remaining services) PHASE ===
04-06 16:53:42.106 I/python.stdout(16422): [RESUME (12 remaining services)] [SERVICE 9/22] TelemetryService STARTED
04-06 16:53:42.108 D/MainActivity(16422): Service 9 started (11/22)
04-06 16:53:42.212 D/CIRISApp(16422): [INFO] onSetupComplete called - exchanging tokens...
04-06 16:53:42.213 I/CIRISApp(16422):  Exchanging OAuth ID token for CIRIS access token (provider=google)
04-06 16:53:42.214 I/CIRISApiClient(16422): [nativeAuth] Attempting native auth: provider=google, userId=102773749033681671083
04-06 16:53:42.217 I/CIRISApiClient(16422): [googleAuth] Attempting Google auth: userId=102773749033681671083, idToken=eyJhbGci...mizA
04-06 16:53:42.376 I/python.stdout(16422): [RESUME (12 remaining services)] [SERVICE 14/22] LLMService STARTED
04-06 16:53:42.377 D/MainActivity(16422): Service 14 started (12/22)
04-06 16:53:42.939 I/python.stdout(16422): [RESUME (12 remaining services)] [SERVICE 8/22] AuditService STARTED
04-06 16:53:42.941 D/MainActivity(16422): Service 8 started (13/22)
04-06 16:53:43.026 I/python.stdout(16422): [RESUME (12 remaining services)] [SERVICE 10/22] IncidentManagement STARTED
04-06 16:53:43.028 D/MainActivity(16422): Service 10 started (14/22)
04-06 16:53:43.098 I/python.stdout(16422): [RESUME (12 remaining services)] [SERVICE 19/22] AdaptiveFilter STARTED
04-06 16:53:43.100 D/MainActivity(16422): Service 19 started (15/22)
04-06 16:53:43.123 I/python.stdout(16422): [RESUME (12 remaining services)] [SERVICE 18/22] TaskScheduler STARTED
04-06 16:53:43.124 D/MainActivity(16422): Service 18 started (16/22)
04-06 16:53:44.002 I/python.stdout(16422): [RESUME (12 remaining services)] [SERVICE 11/22] TSDBConsolidation STARTED
04-06 16:53:44.003 D/MainActivity(16422): Service 11 started (17/22)
04-06 16:53:44.008 I/python.stdout(16422): [RESUME (12 remaining services)] [SERVICE 16/22] DatabaseMaintenance STARTED
04-06 16:53:44.009 D/MainActivity(16422): Service 16 started (18/22)
04-06 16:53:44.355 I/python.stdout(16422): [RESUME (12 remaining services)] [SERVICE 21/22] SelfObservation STARTED
04-06 16:53:44.356 D/MainActivity(16422): Service 21 started (19/22)
04-06 16:53:44.363 I/python.stdout(16422): [RESUME (12 remaining services)] [SERVICE 20/22] VisibilityService STARTED
04-06 16:53:44.364 D/MainActivity(16422): Service 20 started (20/22)
04-06 16:53:44.367 I/python.stdout(16422): [RESUME (12 remaining services)] [SERVICE 12/22] ConsentService STARTED
04-06 16:53:44.368 D/MainActivity(16422): Service 12 started (21/22)
04-06 16:53:44.412 I/python.stdout(16422): [RESUME (12 remaining services)] [SERVICE 17/22] RuntimeControl STARTED
04-06 16:53:44.414 D/MainActivity(16422): Service 17 started (22/22)
04-06 16:53:45.010 D/EnvFileUpdater(16422): Found CIRIS_HOME from env: /data/user/0/ai.ciris.mobile.debug/files/ciris
04-06 16:53:45.172 I/python.stdout(16422): [RESUME (12 remaining services)] [SERVICE 14/22] LLMService STARTED
04-06 16:53:45.173 D/MainActivity(16422): Service 14 started (22/22)
04-06 16:53:46.525 I/python.stdout(16422): [CONSOLIDATOR] Checking for missed windows...
04-06 16:53:49.332 I/python.stdout(16422): [16:53:49.331] [STATE] Transition: shutdown -> work
04-06 16:53:50.187 I/CIRISApiClient(16422): [googleAuth] Google auth successful: userId=google:102773749033681671083, role=SYSTEM_ADMIN
04-06 16:53:50.193 I/CIRISApp(16422):  Got CIRIS access token: ciris_ad...jc0k
04-06 16:53:50.315 I/CIRISApp(16422):  Token saved to secure storage
04-06 16:53:50.317 I/CIRISApp(16422):  Writing OAuth ID token to .env for Python billing...
04-06 16:53:50.333 D/EnvFileUpdater(16422): Found CIRIS_HOME from env: /data/user/0/ai.ciris.mobile.debug/files/ciris
04-06 16:53:50.335 I/EnvFileUpdater(16422): Read .env file (7641 bytes)
04-06 16:53:50.340 I/EnvFileUpdater(16422): CIRIS proxy mode detected - updating OPENAI_API_KEY
04-06 16:53:50.343 I/EnvFileUpdater(16422): Updated OPENAI_API_KEY
04-06 16:53:50.347 I/EnvFileUpdater(16422): Updated CIRIS_BILLING_GOOGLE_ID_TOKEN
04-06 16:53:50.348 I/EnvFileUpdater(16422): .env file updated (proxy mode: true)
04-06 16:53:50.348 D/EnvFileUpdater(16422): Found CIRIS_HOME from env: /data/user/0/ai.ciris.mobile.debug/files/ciris
04-06 16:53:50.349 I/EnvFileUpdater(16422): Config reload signal written to /data/user/0/ai.ciris.mobile.debug/files/ciris/.config_reload
04-06 16:53:50.349 I/CIRISApp(16422):  .env updated, .config_reload signal written
04-06 16:53:50.352 I/CIRISApiClient(16422): [setAccessToken] Setting access token: ciris_ad...jc0k, length=55
04-06 16:53:50.357 I/CIRISApiClient(16422): [setAccessToken] Bearer token set on all API instances (13 APIs)
04-06 16:53:50.360 I/MainActivity(16422): Token updated, setting on billing apiClient
04-06 16:53:50.360 I/CIRISApiClient(16422): [setAccessToken] Setting access token: ciris_ad...jc0k, length=55
04-06 16:53:50.363 I/CIRISApiClient(16422): [setAccessToken] Bearer token set on all API instances (13 APIs)
04-06 16:53:50.365 I/CIRISApiClient(16422): [logTokenState] === TOKEN STATE DEBUG ===
04-06 16:53:50.368 I/CIRISApiClient(16422): [logTokenState] accessToken present: true
04-06 16:53:50.370 I/CIRISApiClient(16422): [logTokenState] accessToken preview: ciris_ad...jc0k
04-06 16:53:50.373 I/CIRISApiClient(16422): [logTokenState] accessToken length: 55
04-06 16:53:50.375 I/CIRISApiClient(16422): [logTokenState] authHeader() returns: Bearer <token>
04-06 16:53:50.377 I/CIRISApiClient(16422): [logTokenState] =========================
04-06 16:53:50.380 I/CIRISApp(16422):  Waiting 1.5s for Python to reload billing token...
04-06 16:53:50.384 D/CIRISApp(16422): [INIT] CIRISApp composable invoked - googleSignInCallback=PRESENT (224979203)
04-06 16:53:50.387 I/InteractViewModel(16422): [setDeviceAttestationCallback] Device attestation callback SET
04-06 16:53:50.414 D/CIRISApp(16422): [DEBUG][Screen.Setup] Rendering setup screen
04-06 16:53:51.883 I/CIRISApp(16422):  Python reload wait complete
04-06 16:53:51.888 I/TokenManager(16422): [handleNewToken] Processing new token (length: 1096, provider: google)
04-06 16:53:51.904 I/TokenManager(16422): [handleNewToken] New token expiry: 1775514891 (2460s remaining)
04-06 16:53:51.909 I/CIRISApp(16422):  OAuth ID token refreshed by TokenManager (provider=google), exchanging for CIRIS token
04-06 16:53:51.915 I/CIRISApp(16422):  Triggering billingViewModel.loadBalance()...
04-06 16:53:51.922 I/BillingViewModel(16422): [loadBalance] Loading credit balance...
04-06 16:53:51.942 I/CIRISApiClient(16422): [listAdapters] Listing adapters
04-06 16:53:51.962 I/CIRISApiClient(16422): [nativeAuth] Attempting native auth: provider=google, userId=null
04-06 16:53:51.964 I/CIRISApiClient(16422): [googleAuth] Attempting Google auth: userId=null, idToken=eyJhbGci...mizA
04-06 16:53:51.984 I/TokenManager(16422): [startPeriodicRefresh] Starting periodic refresh (interval: 45 minutes)
04-06 16:53:51.989 D/CIRISApp(16422): [INIT] CIRISApp composable invoked - googleSignInCallback=PRESENT (224979203)
04-06 16:53:51.994 I/InteractViewModel(16422): [setDeviceAttestationCallback] Device attestation callback SET
04-06 16:53:53.375 D/CIRISApp(16422): [INIT] CIRISApp composable invoked - googleSignInCallback=PRESENT (224979203)
04-06 16:53:53.377 I/InteractViewModel(16422): [setDeviceAttestationCallback] Device attestation callback SET
04-06 16:53:53.405 D/CIRISApp(16422): [INFO] Startup READY, checking first-run status...
04-06 16:53:53.405 D/CIRISApp(16422): [INFO] Just completed setup, waiting for agent WORK state...
04-06 16:53:54.984 I/CIRISApiClient(16422): [listAdapters] API response: total=5, running=5, adapters.size=5
04-06 16:53:54.985 I/CIRISApiClient(16422): [listAdapters]   API adapter[0]: id=cirisverify_bootstrap, type=cirisverify, running=true
04-06 16:53:54.987 I/CIRISApiClient(16422): [listAdapters]   API adapter[1]: id=wallet_bootstrap, type=wallet, running=true
04-06 16:53:54.988 I/CIRISApiClient(16422): [listAdapters]   API adapter[2]: id=api_bootstrap, type=api, running=true
04-06 16:53:54.990 I/CIRISApiClient(16422): [listAdapters]   API adapter[3]: id=cirishostedtools_bootstrap, type=cirishostedtools, running=true
04-06 16:53:54.992 I/CIRISApiClient(16422): [listAdapters]   API adapter[4]: id=accordmetrics_bootstrap, type=accordmetrics, running=true
04-06 16:53:55.017 I/CIRISApp(16422):  Agent state: WORK
04-06 16:53:55.021 I/CIRISApp(16422):  Agent reached WORK state!
04-06 16:53:55.024 D/EnvFileUpdater(16422): Found CIRIS_HOME from env: /data/user/0/ai.ciris.mobile.debug/files/ciris
04-06 16:53:55.054 I/BillingViewModel(16422): [loadBalance] Credit status loaded: hasCredit=true, creditsRemaining=37, freeUsesRemaining=0, dailyFreeUsesRemaining=0, planName=CIRIS Mobile
04-06 16:53:55.056 I/BillingViewModel(16422): [loadBalance] Total credits calculated: 37
04-06 16:53:55.526 I/InteractViewModel(16422): [startPolling] Starting polling and SSE streams
04-06 16:53:55.528 I/InteractViewModel(16422): [startStatusPolling] Starting status polling (fast until agent ready)
04-06 16:53:55.536 I/InteractViewModel(16422): [startMessagePolling] Starting message polling (interval=3000ms)
04-06 16:53:55.550 I/InteractViewModel(16422): [startHealthPolling] Starting health polling (fast until LLM ready)
04-06 16:53:55.559 I/InteractViewModel(16422): [startTrustPendingPolling] Starting trust pending polling (interval=5000ms)
04-06 16:53:55.561 I/InteractViewModel(16422): [startSseStream] Starting SSE reasoning stream
04-06 16:53:55.570 I/InteractViewModel(16422): [startFileInjectionObserver] Starting file injection observer for test automation
04-06 16:53:55.572 I/InteractViewModel(16422): [fetchWalletStatus] Fetching adapters list to check wallet status
04-06 16:53:55.574 I/CIRISApiClient(16422): [listAdapters] Listing adapters
04-06 16:53:55.582 D/CIRISApp(16422): [INIT] CIRISApp composable invoked - googleSignInCallback=PRESENT (224979203)
04-06 16:53:55.587 I/InteractViewModel(16422): [setDeviceAttestationCallback] Device attestation callback SET
04-06 16:53:55.594 D/CIRISApp(16422): [CIRISApp] >>> liveBackgroundEnabled=true, apiClient=present
04-06 16:53:55.928 I/CIRISApiClient(16422): [getGraphData] >>> START: hours=24, scope=ALL_SCOPES, type=null, limit=200
04-06 16:53:55.930 I/CIRISApiClient(16422): [getGraphData] Fetching timeline: http://localhost:8080/v1/memory/timeline?hours=24&include_edges=true&include_metrics=false
04-06 16:53:56.205 I/CIRISApiClient(16422): [googleAuth] Google auth successful: userId=google:102773749033681671083, role=SYSTEM_ADMIN
04-06 16:53:56.206 I/CIRISApp(16422):  Got CIRIS access token: ciris_ad...GDcM
04-06 16:53:56.208 I/CIRISApiClient(16422): [setAccessToken] Setting access token: ciris_ad...GDcM, length=55
04-06 16:53:56.210 I/CIRISApiClient(16422): [setAccessToken] Bearer token set on all API instances (13 APIs)
04-06 16:53:56.211 I/MainActivity(16422): Token updated, setting on billing apiClient
04-06 16:53:56.212 I/CIRISApiClient(16422): [setAccessToken] Setting access token: ciris_ad...GDcM, length=55
04-06 16:53:56.213 I/CIRISApiClient(16422): [setAccessToken] Bearer token set on all API instances (13 APIs)
04-06 16:53:56.215 I/CIRISApiClient(16422): [logTokenState] === TOKEN STATE DEBUG ===
04-06 16:53:56.216 I/CIRISApiClient(16422): [logTokenState] accessToken present: true
04-06 16:53:56.218 I/CIRISApiClient(16422): [logTokenState] accessToken preview: ciris_ad...GDcM
04-06 16:53:56.219 I/CIRISApiClient(16422): [logTokenState] accessToken length: 55
04-06 16:53:56.221 I/CIRISApiClient(16422): [logTokenState] authHeader() returns: Bearer <token>
04-06 16:53:56.223 I/CIRISApiClient(16422): [logTokenState] =========================
04-06 16:53:56.227 D/CIRISApp(16422): [INIT] CIRISApp composable invoked - googleSignInCallback=PRESENT (224979203)
04-06 16:53:56.229 I/InteractViewModel(16422): [setDeviceAttestationCallback] Device attestation callback SET
04-06 16:53:56.236 D/CIRISApp(16422): [CIRISApp] >>> liveBackgroundEnabled=true, apiClient=present
04-06 16:53:56.303 I/CIRISApp(16422):  Refreshed CIRIS token saved to secure storage
04-06 16:53:56.304 I/CIRISApp(16422):  Writing OAuth ID token to .env for Python billing...
04-06 16:53:56.307 D/EnvFileUpdater(16422): Found CIRIS_HOME from env: /data/user/0/ai.ciris.mobile.debug/files/ciris
04-06 16:53:56.308 I/EnvFileUpdater(16422): Read .env file (7641 bytes)
04-06 16:53:56.309 I/EnvFileUpdater(16422): CIRIS proxy mode detected - updating OPENAI_API_KEY
04-06 16:53:56.311 I/EnvFileUpdater(16422): Updated OPENAI_API_KEY
04-06 16:53:56.313 I/EnvFileUpdater(16422): Updated CIRIS_BILLING_GOOGLE_ID_TOKEN
04-06 16:53:56.314 I/EnvFileUpdater(16422): .env file updated (proxy mode: true)
04-06 16:53:56.314 D/EnvFileUpdater(16422): Found CIRIS_HOME from env: /data/user/0/ai.ciris.mobile.debug/files/ciris
04-06 16:53:56.315 I/EnvFileUpdater(16422): Config reload signal written to /data/user/0/ai.ciris.mobile.debug/files/ciris/.config_reload
04-06 16:53:56.318 I/CIRISApp(16422):  .env updated, .config_reload signal written
04-06 16:53:56.320 I/CIRISApp(16422):  Waiting 1.5s for Python to reload billing token...
04-06 16:53:57.822 I/CIRISApp(16422):  Python reload wait complete
04-06 16:54:01.872 I/InteractViewModel(16422): [startStatusPolling] Agent ready with state: WORK
04-06 16:54:01.873 I/InteractViewModel(16422): [startStatusPolling] Connection state changed: false -> true
04-06 16:54:02.120 I/InteractViewModel(16422): [startSseStream] SSE connected
04-06 16:54:02.228 I/InteractViewModel(16422): [fetchTrustStatus] Trust level changed: 0 -> 1
04-06 16:54:02.229 I/InteractViewModel(16422): [fetchTrustStatus] Level pending changed: false -> true
04-06 16:54:02.231 I/InteractViewModel(16422): [startTrustPendingPolling] Level pending=true, triggering device attestation automatically...
04-06 16:54:02.233 I/MainActivity(16422): Device attestation requested
04-06 16:54:02.234 I/CIRISApiClient(16422): [getPlayIntegrityNonce] Requesting Play Integrity nonce from Python API
04-06 16:54:02.304 I/CIRISApiClient(16422): [listAdapters] API response: total=5, running=5, adapters.size=5
04-06 16:54:02.306 I/CIRISApiClient(16422): [listAdapters]   API adapter[0]: id=cirisverify_bootstrap, type=cirisverify, running=true
04-06 16:54:02.307 I/CIRISApiClient(16422): [listAdapters]   API adapter[1]: id=wallet_bootstrap, type=wallet, running=true
04-06 16:54:02.309 I/CIRISApiClient(16422): [listAdapters]   API adapter[2]: id=api_bootstrap, type=api, running=true
04-06 16:54:02.310 I/CIRISApiClient(16422): [listAdapters]   API adapter[3]: id=cirishostedtools_bootstrap, type=cirishostedtools, running=true
04-06 16:54:02.312 I/CIRISApiClient(16422): [listAdapters]   API adapter[4]: id=accordmetrics_bootstrap, type=accordmetrics, running=true
04-06 16:54:02.313 I/InteractViewModel(16422): [fetchWalletStatus] Wallet adapter found: isRunning=true
04-06 16:54:02.549 I/CIRISApiClient(16422): [getGraphData] <<< DONE in 6621ms (single API call)
04-06 16:54:02.551 I/CIRISApiClient(16422): [getGraphData]     Nodes: 51 ({local=49, identity=2})
04-06 16:54:02.553 I/CIRISApiClient(16422): [getGraphData]     Edges: 0 total, 0 visible
04-06 16:54:02.554 I/CIRISApiClient(16422): [getGraphData]     Edge types: {}
04-06 16:54:02.555 I/CIRISApiClient(16422): [getGraphData]     INFO: No edges found - nodes may not have relationships yet
04-06 16:54:04.397 I/CIRISApiClient(16422): [getPlayIntegrityNonce] Got nonce: YzkEMyJshuAkXOvRpwK9...
04-06 16:54:04.488 I/InteractViewModel(16422): [startHealthPolling] LLM health ready: provider=other
04-06 16:54:04.519 I/InteractViewModel(16422): [startMessagePolling] First load complete
04-06 16:54:05.032 D/EnvFileUpdater(16422): Found CIRIS_HOME from env: /data/user/0/ai.ciris.mobile.debug/files/ciris
04-06 16:54:09.198 I/MainActivity(16422): Device attestation result: Error(message=Failed to get Play Integrity token: -16: Integrity API error (-16): The provided cloud project number is invalid.
04-06 16:54:09.198 I/MainActivity(16422): Use the cloud project number which can be found in Project info in your Google Cloud Console for the cloud project where Play Integrity API is enabled.
04-06 16:54:09.198 I/MainActivity(16422):  (https://developer.android.com/google/play/integrity/reference/com/google/android/play/core/integrity/model/IntegrityErrorCode.html#CLOUD_PROJECT_NUMBER_IS_INVALID).)
04-06 16:54:09.199 I/InteractViewModel(16422): [startTrustPendingPolling] Device attestation completed: Error(message=Failed to get Play Integrity token: -16: Integrity API error (-16): The provided cloud project number is invalid.
04-06 16:54:09.199 I/InteractViewModel(16422): Use the cloud project number which can be found in Project info in your Google Cloud Console for the cloud project where Play Integrity API is enabled.
04-06 16:54:09.199 I/InteractViewModel(16422):  (https://developer.android.com/google/play/integrity/reference/com/google/android/play/core/integrity/model/IntegrityErrorCode.html#CLOUD_PROJECT_NUMBER_IS_INVALID).)
04-06 16:54:11.319 I/InteractViewModel(16422): [startTrustPendingPolling] Trust status refreshed after device attestation
04-06 16:54:15.041 D/EnvFileUpdater(16422): Found CIRIS_HOME from env: /data/user/0/ai.ciris.mobile.debug/files/ciris
04-06 16:54:25.058 D/EnvFileUpdater(16422): Found CIRIS_HOME from env: /data/user/0/ai.ciris.mobile.debug/files/ciris
