04-06 16:52:01.421 E/CIRISApiClient(16422): 	at okhttp3.internal.connection.RealConnection.connect(RealConnection.kt:207)
04-06 16:52:01.421 E/CIRISApiClient(16422): 	at okhttp3.internal.connection.ExchangeFinder.findConnection(ExchangeFinder.kt:226)
04-06 16:52:01.421 E/CIRISApiClient(16422): 	at okhttp3.internal.connection.ExchangeFinder.findHealthyConnection(ExchangeFinder.kt:106)
04-06 16:52:01.421 E/CIRISApiClient(16422): 	at okhttp3.internal.connection.ExchangeFinder.find(ExchangeFinder.kt:74)
04-06 16:52:01.421 E/CIRISApiClient(16422): 	at okhttp3.internal.connection.RealCall.initExchange$okhttp(RealCall.kt:255)
04-06 16:52:01.421 E/CIRISApiClient(16422): 	at okhttp3.internal.connection.ConnectInterceptor.intercept(ConnectInterceptor.kt:32)
04-06 16:52:01.421 E/CIRISApiClient(16422): 	at okhttp3.internal.http.RealInterceptorChain.proceed(RealInterceptorChain.kt:109)
04-06 16:52:01.421 E/CIRISApiClient(16422): 	at okhttp3.internal.cache.CacheInterceptor.intercept(CacheInterceptor.kt:95)
04-06 16:52:01.421 E/CIRISApiClient(16422): 	at okhttp3.internal.http.RealInterceptorChain.proceed(RealInterceptorChain.kt:109)
04-06 16:52:01.421 E/CIRISApiClient(16422): 	at okhttp3.internal.http.BridgeInterceptor.intercept(BridgeInterceptor.kt:83)
04-06 16:52:01.421 E/CIRISApiClient(16422): 	at okhttp3.internal.http.RealInterceptorChain.proceed(RealInterceptorChain.kt:109)
04-06 16:52:01.421 E/CIRISApiClient(16422): 	at okhttp3.internal.http.RetryAndFollowUpInterceptor.intercept(RetryAndFollowUpInterceptor.kt:76)
04-06 16:52:01.421 E/CIRISApiClient(16422): 	at okhttp3.internal.http.RealInterceptorChain.proceed(RealInterceptorChain.kt:109)
04-06 16:52:01.421 E/CIRISApiClient(16422): 	at okhttp3.internal.connection.RealCall.getResponseWithInterceptorChain$okhttp(RealCall.kt:201)
04-06 16:52:01.421 E/CIRISApiClient(16422): 	at okhttp3.internal.connection.RealCall$AsyncCall.run(RealCall.kt:517)
04-06 16:52:01.421 E/CIRISApiClient(16422): 	at java.util.concurrent.ThreadPoolExecutor.runWorker(ThreadPoolExecutor.java:1133)
04-06 16:52:01.421 E/CIRISApiClient(16422): 	at java.util.concurrent.ThreadPoolExecutor$Worker.run(ThreadPoolExecutor.java:607)
04-06 16:52:01.421 E/CIRISApiClient(16422): 	at java.lang.Thread.run(Thread.java:762)
04-06 16:52:01.421 E/CIRISApiClient(16422): Caused by: java.net.ConnectException: Connection refused
04-06 16:52:01.421 E/CIRISApiClient(16422): 	at java.net.PlainSocketImpl.socketConnect(Native Method)
04-06 16:52:01.421 E/CIRISApiClient(16422): 	at java.net.AbstractPlainSocketImpl.doConnect(AbstractPlainSocketImpl.java:334)
04-06 16:52:01.421 E/CIRISApiClient(16422): 	at java.net.AbstractPlainSocketImpl.connectToAddress(AbstractPlainSocketImpl.java:196)
04-06 16:52:01.421 E/CIRISApiClient(16422): 	at java.net.AbstractPlainSocketImpl.connect(AbstractPlainSocketImpl.java:178)
04-06 16:52:01.421 E/CIRISApiClient(16422): 	at java.net.SocksSocketImpl.connect(SocksSocketImpl.java:356)
04-06 16:52:01.421 E/CIRISApiClient(16422): 	at java.net.Socket.connect(Socket.java:605)
04-06 16:52:01.421 E/CIRISApiClient(16422): 	at okhttp3.internal.platform.AndroidPlatform.connectSocket(AndroidPlatform.kt:63)
04-06 16:52:01.421 E/CIRISApiClient(16422): 	at okhttp3.internal.connection.RealConnection.connectSocket(RealConnection.kt:295)
04-06 16:52:01.421 E/CIRISApiClient(16422): 	... 18 more
04-06 16:52:01.430 D/CIRISApp(16422): [INIT] CIRISApp composable invoked - googleSignInCallback=PRESENT (224979203)
04-06 16:52:01.431 I/InteractViewModel(16422): [setDeviceAttestationCallback] Device attestation callback SET
04-06 16:52:02.665 I/python.stdout(16422): [STARTUP] Checking port 8080 availability...
04-06 16:52:02.666 I/python.stdout(16422): [STARTUP] Binding to port 8080...
04-06 16:52:02.681 I/python.stdout(16422): 
04-06 16:52:02.681 I/python.stdout(16422): ============================================================
04-06 16:52:02.681 I/python.stdout(16422):   CIRIS Setup Required
04-06 16:52:02.681 I/python.stdout(16422): ============================================================
04-06 16:52:02.681 I/python.stdout(16422): 
04-06 16:52:02.681 I/python.stdout(16422):   Open your browser to complete setup:
04-06 16:52:02.682 I/python.stdout(16422): 
04-06 16:52:02.682 I/python.stdout(16422):     http://0.0.0.0:8080
04-06 16:52:02.682 I/python.stdout(16422): 
04-06 16:52:02.682 I/python.stdout(16422): ============================================================
04-06 16:52:02.682 I/python.stdout(16422): 
04-06 16:52:02.682 I/python.stdout(16422): [STARTUP] Starting server...
04-06 16:52:02.719 I/python.stdout(16422): Starting CIRIS API...
04-06 16:52:03.505 D/CIRISApp(16422): [INIT] CIRISApp composable invoked - googleSignInCallback=PRESENT (224979203)
04-06 16:52:03.507 I/InteractViewModel(16422): [setDeviceAttestationCallback] Device attestation callback SET
04-06 16:52:03.684 I/python.stdout(16422): [STARTUP] API server listening on port 8080
04-06 16:52:03.684 I/python.stdout(16422): [STARTUP] Server ready for connections
04-06 16:52:04.992 D/EnvFileUpdater(16422): Found CIRIS_HOME from env: /data/user/0/ai.ciris.mobile.debug/files/ciris
04-06 16:52:06.076 I/InteractViewModel(16422): [observeLanguageChanges] Updating pipeline labels for language: en (explicit=false)
04-06 16:52:06.086 D/CIRISApp(16422): [INIT] CIRISApp composable invoked - googleSignInCallback=PRESENT (224979203)
04-06 16:52:06.088 I/InteractViewModel(16422): [setDeviceAttestationCallback] Device attestation callback SET
04-06 16:52:08.591 D/CIRISApp(16422): [INIT] CIRISApp composable invoked - googleSignInCallback=PRESENT (224979203)
04-06 16:52:08.594 I/InteractViewModel(16422): [setDeviceAttestationCallback] Device attestation callback SET
04-06 16:52:08.940 D/CIRISApp(16422): [INIT] CIRISApp composable invoked - googleSignInCallback=PRESENT (224979203)
04-06 16:52:08.942 I/InteractViewModel(16422): [setDeviceAttestationCallback] Device attestation callback SET
04-06 16:52:08.988 D/CIRISApp(16422): [INFO] Startup READY, checking first-run status...
04-06 16:52:09.043 I/CIRISApiClient(16422): [init] CIRISApiClient initialized with baseUrl=http://localhost:8080
04-06 16:52:09.076 I/InteractViewModel(16422): [observeLanguageChanges] Updating pipeline labels for language: en (explicit=false)
04-06 16:52:09.081 D/CIRISApp(16422): [INIT] CIRISApp composable invoked - googleSignInCallback=PRESENT (224979203)
04-06 16:52:09.082 I/InteractViewModel(16422): [setDeviceAttestationCallback] Device attestation callback SET
04-06 16:52:09.152 I/CIRISApiClient(16422): [getSetupStatus] Setup status: required=true, firstRun=true, configExists=false
04-06 16:52:09.156 D/CIRISApp(16422): [INFO] First run check result: true
04-06 16:52:09.157 D/CIRISApp(16422): [INFO] First run detected, navigating to Login
04-06 16:52:09.158 D/CIRISApp(16422): [INIT] CIRISApp composable invoked - googleSignInCallback=PRESENT (224979203)
04-06 16:52:09.160 I/InteractViewModel(16422): [setDeviceAttestationCallback] Device attestation callback SET
04-06 16:52:09.166 D/CIRISApp(16422): [DEBUG][Screen.Login] Rendering login screen, googleSignInCallback=PRESENT, isFirstRun=true
04-06 16:52:14.995 D/EnvFileUpdater(16422): Found CIRIS_HOME from env: /data/user/0/ai.ciris.mobile.debug/files/ciris
04-06 16:52:24.624 D/CIRISApp(16422): [INFO][onGoogleSignIn] Button click handler invoked, googleSignInCallback=PRESENT
04-06 16:52:24.624 D/CIRISApp(16422): [INFO][onGoogleSignIn] Callback is not null, calling onGoogleSignInRequested...
04-06 16:52:24.625 I/MainActivity(16422): Google Sign-In requested from CIRISApp (interactive)
04-06 16:52:24.677 D/CIRISApp(16422): [DEBUG][Screen.Login] Rendering login screen, googleSignInCallback=PRESENT, isFirstRun=true
04-06 16:52:24.997 D/EnvFileUpdater(16422): Found CIRIS_HOME from env: /data/user/0/ai.ciris.mobile.debug/files/ciris
04-06 16:52:31.963 I/MainActivity(16422): Google Sign-In successful: ciristest1@gmail.com
04-06 16:52:31.966 D/CIRISApp(16422): [INFO][onGoogleSignIn] Got result from native sign-in: Success
04-06 16:52:31.966 D/CIRISApp(16422): [DEBUG][onGoogleSignIn] Processing result: Success(idToken=eyJhbGciOiJSUzI1NiIsImtpZCI6ImNjZTRlMDI0YTUxYWEwYzFjNDFjMWE0NTE1YTQxZGQ3ZTk2MTkzNmIiLCJ0eXAiOiJKV1QifQ.eyJpc3MiOiJodHRwczovL2FjY291bnRzLmdvb2dsZS5jb20iLCJhenAiOiIyNjU4ODI4NTM2OTctOGM1M20zaG4yZDcwczdvcWxtMmgxNjdmN2hyZDFhdTYuYXBwcy5nb29nbGV1c2VyY29udGVudC5jb20iLCJhdWQiOiIyNjU4ODI4NTM2OTctbDQyMW5kb2pjczVubTdsa2xuNTNqajI5a2Y3a2NrOTEuYXBwcy5nb29nbGV1c2VyY29udGVudC5jb20iLCJzdWIiOiIxMDI3NzM3NDkwMzM2ODE2NzEwODMiLCJlbWFpbCI6ImNpcmlzdGVzdDFAZ21haWwuY29tIiwiZW1haWxfdmVyaWZpZWQiOnRydWUsIm5hbWUiOiJDSVJJUyBURVNUIiwicGljdHVyZSI6Imh0dHBzOi8vbGgzLmdvb2dsZXVzZXJjb250ZW50LmNvbS9hL0FDZzhvY0t3ZzEwUXB2U1oxWDl2YWZ3eW5kSW51X0RlOGpTdXNqcExZanA0RFdOT253RFBVUT1zOTYtYyIsImdpdmVuX25hbWUiOiJDSVJJUyIsImZhbWlseV9uYW1lIjoiVEVTVCIsImlhdCI6MTc3NTUxMTI5MSwiZXhwIjoxNzc1NTE0ODkxfQ.jQlouLYApkw4gPQqYK6MtcIsAFka_XxXL7L-fqwxhU6dKSZCySWaDuhuhok0KL-ETi7yQG9yUxoJ5mbsDH39f8Qfcw5KZGPMrXFVKEuD8T-fkxQzWoF0cIk7-OPk6EDmdOhqjstXoEuFsQALLBWwYZrXwrwZSvu4LmhoRY4so2ZN-DMotWcxDJF_O5zUhBa3HK3NqCL2AzZRHxZ_Zm7nXXYVancaWgL9Q3wsMym4Iz42re3Irmgl8njg51Tbn9qHVTF7QYOSez3-KUa9B5sXu6W8kmh_2YisbTxlNwPAofBlq2f26kULzy5drL_AWomBOy68wyMMiHFAKJ_b44mizA, userId=102773749033681671083, email=ciristest1@gmail.com, displayName=CIRIS TEST, provider=google)
04-06 16:52:31.966 D/CIRISApp(16422): [INFO] Sign-in success: userId=102773749033681671083, email=ciristest1@gmail.com
04-06 16:52:31.975 D/CIRISApp(16422): [INFO] Checking setup status at http://localhost:8080...
04-06 16:52:32.011 I/CIRISApiClient(16422): [init] CIRISApiClient initialized with baseUrl=http://localhost:8080
04-06 16:52:32.021 D/CIRISApp(16422): [DEBUG][Screen.Login] Rendering login screen, googleSignInCallback=PRESENT, isFirstRun=true
04-06 16:52:32.128 I/CIRISApiClient(16422): [getSetupStatus] Setup status: required=true, firstRun=true, configExists=false
04-06 16:52:32.129 D/CIRISApp(16422): [INFO] Setup required check result: true
04-06 16:52:32.129 D/CIRISApp(16422): [INFO] Setup required - storing tokens and navigating to Setup wizard (provider=google)
04-06 16:52:32.130 I/TokenManager(16422): [setCurrentProvider] Provider set to: google
04-06 16:52:32.131 D/CIRISApp(16422): [INFO] Navigating to Screen.Setup
04-06 16:52:32.134 D/CIRISApp(16422): [INIT] CIRISApp composable invoked - googleSignInCallback=PRESENT (224979203)
04-06 16:52:32.135 I/InteractViewModel(16422): [setDeviceAttestationCallback] Device attestation callback SET
04-06 16:52:32.140 D/CIRISApp(16422): [DEBUG][Screen.Setup] Rendering setup screen
04-06 16:52:34.998 D/EnvFileUpdater(16422): Found CIRIS_HOME from env: /data/user/0/ai.ciris.mobile.debug/files/ciris
04-06 16:52:36.135 I/CIRISApiClient(16422): [connectToNode] Initiating device auth for node: https://portal.ciris.ai
04-06 16:52:39.906 I/chromium(30649): [INFO:tin_six_tab_helper.cc(147)] OnTabAdded
04-06 16:52:39.907 I/chromium(30649): [INFO:tin_six_tab_helper.cc(736)] InsertWebContentsAt 0,3 :0x5f77d400
04-06 16:52:39.974 I/chromium(30649): [INFO:tin_six_tab_helper.cc(84)] OnCurrentTabChanged 0,3
04-06 16:52:39.974 I/chromium(30649): [INFO:tin_six_tab_helper.cc(640)] ForceActivateTabAt 0,3
04-06 16:52:40.049 I/chromium(30649): [INFO:render_widget_host_impl.cc(843)] SBRTOUCHLOG  RenderWidgetHostImpl::WasShown
04-06 16:52:40.051 W/chromium(30649): [WARNING:window_android.cc(109)] TAB-STATUS observer added
04-06 16:52:40.051 W/chromium(30649): [WARNING:render_widget_host_view_android.cc(1906)] TAB-STATUS it is still showing
04-06 16:52:40.051 W/chromium(30649): [WARNING:window_android.cc(123)] TAB-STATUS observer removed
04-06 16:52:40.051 W/chromium(30649): [WARNING:window_android.cc(109)] TAB-STATUS observer added
04-06 16:52:40.053 I/chromium(30649): [INFO:tin_six_tab_helper.cc(621)] ActivateTabAt 0,3
04-06 16:52:40.284 I/chromium(30649): [INFO:tin_six_tab_helper.cc(84)] OnCurrentTabChanged 0,3
04-06 16:52:40.284 I/chromium(30649): [INFO:tin_six_tab_helper.cc(640)] ForceActivateTabAt 0,3
04-06 16:52:40.320 I/chromium(30649): [INFO:layer_tree_host_impl.cc(198)] SBRTOUCHLOG DidVisibilityChange = 1
04-06 16:52:40.348 I/chromium(30649): [INFO:browser_gpu_channel_host_factory.cc(359)] EstablishGpuChannel gpu_channel IsLost(),destroying channel
04-06 16:52:40.349 I/chromium(30649): [INFO:browser_gpu_channel_host_factory.cc(364)] EstablishGpuChannel: establishing gpu_channel
04-06 16:52:40.371 I/chromium(30649): [INFO:ui_resource_layer_manager.cc(290)] CC-HideUrlbar: EnableUIResourceLayer LayerType: 0 Drawable true
04-06 16:52:40.377 I/chromium(30649): [INFO:tin_six_tab_helper.cc(84)] OnCurrentTabChanged 0,3
04-06 16:52:40.377 I/chromium(30649): [INFO:tin_six_tab_helper.cc(640)] ForceActivateTabAt 0,3
04-06 16:52:40.379 I/chromium(30649): [INFO:tin_six_tab_helper.cc(84)] OnCurrentTabChanged 0,3
04-06 16:52:40.379 I/chromium(30649): [INFO:tin_six_tab_helper.cc(640)] ForceActivateTabAt 0,3
04-06 16:52:40.400 I/chromium(30649): [INFO:ui_resource_layer_manager.cc(290)] CC-HideUrlbar: EnableUIResourceLayer LayerType: 1 Drawable true
04-06 16:52:40.468 W/chromium(30649): [WARNING:gpu_process_host.cc(996)] Reinitialized the GPU process after a crash. The reported initialization time was 104 ms
04-06 16:52:40.482 I/chromium(16686): [INFO:dispatcher.cc(1571)] CreateBindingsSystem
04-06 16:52:40.518 I/chromium(30649): [INFO:tin_six_tab_helper.cc(621)] ActivateTabAt 0,3
04-06 16:52:40.556 I/chromium(16686): [INFO:layer_tree_host_impl.cc(198)] SBRTOUCHLOG DidVisibilityChange = 0
04-06 16:52:40.557 I/chromium(16686): [INFO:layer_tree_host_impl.cc(4001)] SBRTOUCHLOG SetDeferCommitFlagForDebug = 1
04-06 16:52:40.580 I/chromium(16686): [INFO:tin_anti_tracking_renderer_url_loader_throttle_helper.cc(31)] [IAT] set delegate th 0x59a8c130 td 0xc1262da0
04-06 16:52:40.581 I/chromium(16686): [INFO:tin_smart_protect_renderer.cc(16)] TinSmartProtectRenderer
04-06 16:52:40.582 I/chromium(16686): [INFO:tin_smart_protect_renderer.cc(33)] BindPendingReceiver bound=1
04-06 16:52:40.583 I/chromium(16686): [INFO:layer_tree_host_impl.cc(198)] SBRTOUCHLOG DidVisibilityChange = 1
04-06 16:52:40.616 I/chromium(16686): [INFO:render_frame_impl.cc(3805)] LoaderLog didCommitProvisionalLoad
04-06 16:52:40.632 I/chromium(30649): [INFO:tin_auto_https_upgrade_monitor.cc(27)] AutoHTTPSUpgrade  FallbackList  size = 0
04-06 16:52:40.664 I/chromium(16686): [INFO:memory_cache.cc(126)] MemoryCache MemberMemoryCache is disabled
04-06 16:52:40.709 I/chromium(16686): [INFO:layer_tree_host_impl.cc(4001)] SBRTOUCHLOG SetDeferCommitFlagForDebug = 0
04-06 16:52:40.897 I/chromium(16686): [INFO:progress_tracker.cc(112)] LoaderLog  FinishedParsing
04-06 16:52:40.907 I/chromium(16686): [INFO:layer_tree_impl.cc(1205)] DidUpdatePageScale IsActiveTree: 0 ScaleFactor: 1
04-06 16:52:40.909 I/chromium(16686): [INFO:layer_tree_impl.cc(1205)] DidUpdatePageScale IsActiveTree: 1 ScaleFactor: 1
04-06 16:52:41.234 I/chromium(30649): [INFO:web_contents_impl.cc(6549)] LoaderLog  progress completed
04-06 16:52:41.249 I/chromium(16686): [INFO:render_frame_impl.cc(4027)] LoaderLog didFinishLoad
04-06 16:52:41.250 I/chromium(16686): [INFO:frame_loader.cc(402)] LoaderLog Completed totalBytes = 106022
04-06 16:52:41.250 I/chromium(16686): [INFO:render_frame_impl.cc(5114)] LoaderLog didStopLoading
04-06 16:52:41.298 I/chromium(30649): [INFO:tin_six_tab_helper.cc(621)] ActivateTabAt 0,3
04-06 16:52:41.330 I/chromium(16686): [INFO:document_loader.cc(793)] LoaderLog UpdateForSameDocumentNavigation  was_loading = 0  is_client_redirect_ = 0  replaces_history_item_ = 1
04-06 16:52:41.330 I/chromium(16686): [INFO:render_frame_impl.cc(5114)] LoaderLog didStopLoading
04-06 16:52:41.382 I/chromium(30649): [INFO:tin_six_tab_helper.cc(621)] ActivateTabAt 0,3
04-06 16:52:42.629 W/chromium(30649): [WARNING:render_widget_host_view_android.cc(1070)] SBRTOUCHLOG  OnTouchEvent, Action::DOWN
04-06 16:52:42.630 I/chromium(30649): [INFO:render_widget_host_input_event_router.cc(861)] SBRTOUCHLOG Set Touch sequence target view: 0xc10c4600
04-06 16:52:42.630 W/chromium(30649): [WARNING:input_router_impl.cc(529)] SBRTOUCHLOG FilterAndSendWebInputEvent, kTouchStart
04-06 16:52:42.632 I/chromium(16686): [INFO:web_frame_widget_impl.cc(2748)] SBRTOUCHLOG Blink HandleInputEvent event received = PointerDown
04-06 16:52:42.644 I/chromium(16686): [INFO:web_frame_widget_impl.cc(2748)] SBRTOUCHLOG Blink HandleInputEvent event received = PointerMove
04-06 16:52:42.646 I/chromium(16686): [INFO:web_frame_widget_impl.cc(2748)] SBRTOUCHLOG Blink HandleInputEvent event received = GestureTapDown
04-06 16:52:42.651 I/chromium(16686): [INFO:web_frame_widget_impl.cc(2748)] SBRTOUCHLOG Blink HandleInputEvent event received = PointerMove
04-06 16:52:42.667 I/chromium(16686): [INFO:web_frame_widget_impl.cc(2748)] SBRTOUCHLOG Blink HandleInputEvent event received = PointerMove
04-06 16:52:42.670 I/chromium(16686): [INFO:layer_tree_host_impl.cc(332)] SBRTOUCHLOG LayerTreeHostImpl::ScrollBegin defer_commit =  0
04-06 16:52:42.671 I/chromium(16686): [INFO:layer_tree_host_impl.cc(303)] SBRTOUCHLOG LayerTreeHostImpl::ScrollBy delta_y = 4.04073
04-06 16:52:42.672 I/chromium(16686): [INFO:web_frame_widget_impl.cc(2748)] SBRTOUCHLOG Blink HandleInputEvent event received = PointerMove
04-06 16:52:42.674 I/chromium(16686): [INFO:web_frame_widget_impl.cc(2748)] SBRTOUCHLOG Blink HandleInputEvent event received = GestureTapCancel
04-06 16:52:42.675 I/chromium(16686): [INFO:web_frame_widget_impl.cc(2748)] SBRTOUCHLOG Blink HandleInputEvent event received = PointerCausedUaAction
04-06 16:52:42.702 I/chromium(16686): [INFO:web_frame_widget_impl.cc(2748)] SBRTOUCHLOG Blink HandleInputEvent event received = PointerMove
04-06 16:52:42.751 I/chromium(16686): [INFO:layer_tree_host_impl.cc(2438)] SBRTOUCHLOG AsyncLayerTreeFrameSink::SubmitCompositorFrame
04-06 16:52:42.769 I/chromium(16686): [INFO:layer_tree_host_impl.cc(303)] SBRTOUCHLOG LayerTreeHostImpl::ScrollBy delta_y = 35.1009
04-06 16:52:42.824 W/chromium(30649): [WARNING:window_android.cc(109)] TAB-STATUS observer added
04-06 16:52:42.825 I/chromium(16686): [INFO:web_frame_widget_impl.cc(2748)] SBRTOUCHLOG Blink HandleInputEvent event received = PointerMove
04-06 16:52:42.827 I/chromium(16686): [INFO:web_frame_widget_impl.cc(2748)] SBRTOUCHLOG Blink HandleInputEvent event received = PointerUp
04-06 16:52:42.837 I/chromium(16686): [INFO:layer_tree_host_impl.cc(2438)] SBRTOUCHLOG AsyncLayerTreeFrameSink::SubmitCompositorFrame
04-06 16:52:42.851 I/chromium(16686): [INFO:layer_tree_host_impl.cc(303)] SBRTOUCHLOG LayerTreeHostImpl::ScrollBy delta_y = 29.474
04-06 16:52:42.919 I/chromium(16686): [INFO:layer_tree_host_impl.cc(2438)] SBRTOUCHLOG AsyncLayerTreeFrameSink::SubmitCompositorFrame
04-06 16:52:42.935 I/chromium(16686): [INFO:layer_tree_host_impl.cc(303)] SBRTOUCHLOG LayerTreeHostImpl::ScrollBy delta_y = 48.4954
04-06 16:52:43.003 I/chromium(16686): [INFO:layer_tree_host_impl.cc(2438)] SBRTOUCHLOG AsyncLayerTreeFrameSink::SubmitCompositorFrame
04-06 16:52:43.019 I/chromium(16686): [INFO:layer_tree_host_impl.cc(303)] SBRTOUCHLOG LayerTreeHostImpl::ScrollBy delta_y = 39.2267
04-06 16:52:43.918 W/chromium(30649): [WARNING:render_widget_host_view_android.cc(1070)] SBRTOUCHLOG  OnTouchEvent, Action::DOWN
04-06 16:52:43.918 I/chromium(30649): [INFO:render_widget_host_input_event_router.cc(861)] SBRTOUCHLOG Set Touch sequence target view: 0xc10c4600
04-06 16:52:43.919 W/chromium(30649): [WARNING:input_router_impl.cc(529)] SBRTOUCHLOG FilterAndSendWebInputEvent, kTouchStart
04-06 16:52:43.922 I/chromium(16686): [INFO:web_frame_widget_impl.cc(2748)] SBRTOUCHLOG Blink HandleInputEvent event received = PointerDown
04-06 16:52:43.924 W/chromium(30649): [WARNING:window_android.cc(123)] TAB-STATUS observer removed
04-06 16:52:43.936 I/chromium(16686): [INFO:layer_tree_host_impl.cc(344)] SBRTOUCHLOG LayerTreeHostImpl::ScrollEnd
04-06 16:52:43.937 I/chromium(16686): [INFO:web_frame_widget_impl.cc(2748)] SBRTOUCHLOG Blink HandleInputEvent event received = PointerMove
04-06 16:52:43.953 I/chromium(16686): [INFO:web_frame_widget_impl.cc(2748)] SBRTOUCHLOG Blink HandleInputEvent event received = PointerMove
04-06 16:52:43.969 I/chromium(16686): [INFO:web_frame_widget_impl.cc(2748)] SBRTOUCHLOG Blink HandleInputEvent event received = PointerMove
04-06 16:52:43.976 I/chromium(16686): [INFO:layer_tree_host_impl.cc(332)] SBRTOUCHLOG LayerTreeHostImpl::ScrollBegin defer_commit =  0
04-06 16:52:43.977 I/chromium(16686): [INFO:layer_tree_host_impl.cc(303)] SBRTOUCHLOG LayerTreeHostImpl::ScrollBy delta_y = 0.740857
04-06 16:52:43.977 I/chromium(16686): [INFO:web_frame_widget_impl.cc(2748)] SBRTOUCHLOG Blink HandleInputEvent event received = PointerMove
04-06 16:52:43.979 I/chromium(16686): [INFO:web_frame_widget_impl.cc(2748)] SBRTOUCHLOG Blink HandleInputEvent event received = PointerCausedUaAction
04-06 16:52:43.987 I/chromium(16686): [INFO:web_frame_widget_impl.cc(2748)] SBRTOUCHLOG Blink HandleInputEvent event received = PointerMove
04-06 16:52:44.036 I/chromium(16686): [INFO:layer_tree_host_impl.cc(2438)] SBRTOUCHLOG AsyncLayerTreeFrameSink::SubmitCompositorFrame
04-06 16:52:44.052 I/chromium(16686): [INFO:layer_tree_host_impl.cc(303)] SBRTOUCHLOG LayerTreeHostImpl::ScrollBy delta_y = 24.477
04-06 16:52:44.121 I/chromium(16686): [INFO:layer_tree_host_impl.cc(2438)] SBRTOUCHLOG AsyncLayerTreeFrameSink::SubmitCompositorFrame
04-06 16:52:44.136 I/chromium(16686): [INFO:layer_tree_host_impl.cc(303)] SBRTOUCHLOG LayerTreeHostImpl::ScrollBy delta_y = 41.352
04-06 16:52:44.158 W/chromium(30649): [WARNING:window_android.cc(109)] TAB-STATUS observer added
04-06 16:52:44.158 I/chromium(16686): [INFO:web_frame_widget_impl.cc(2748)] SBRTOUCHLOG Blink HandleInputEvent event received = PointerMove
04-06 16:52:44.160 I/chromium(16686): [INFO:web_frame_widget_impl.cc(2748)] SBRTOUCHLOG Blink HandleInputEvent event received = PointerUp
04-06 16:52:44.205 I/chromium(16686): [INFO:layer_tree_host_impl.cc(2438)] SBRTOUCHLOG AsyncLayerTreeFrameSink::SubmitCompositorFrame
04-06 16:52:44.219 I/chromium(16686): [INFO:layer_tree_host_impl.cc(303)] SBRTOUCHLOG LayerTreeHostImpl::ScrollBy delta_y = 42.4896
04-06 16:52:44.287 I/chromium(16686): [INFO:layer_tree_host_impl.cc(2438)] SBRTOUCHLOG AsyncLayerTreeFrameSink::SubmitCompositorFrame
04-06 16:52:44.303 I/chromium(16686): [INFO:layer_tree_host_impl.cc(303)] SBRTOUCHLOG LayerTreeHostImpl::ScrollBy delta_y = 34.8316
04-06 16:52:45.000 D/EnvFileUpdater(16422): Found CIRIS_HOME from env: /data/user/0/ai.ciris.mobile.debug/files/ciris
04-06 16:52:45.167 W/chromium(30649): [WARNING:render_widget_host_view_android.cc(1070)] SBRTOUCHLOG  OnTouchEvent, Action::DOWN
04-06 16:52:45.167 I/chromium(30649): [INFO:render_widget_host_input_event_router.cc(861)] SBRTOUCHLOG Set Touch sequence target view: 0xc10c4600
04-06 16:52:45.168 W/chromium(30649): [WARNING:input_router_impl.cc(529)] SBRTOUCHLOG FilterAndSendWebInputEvent, kTouchStart
04-06 16:52:45.168 I/chromium(16686): [INFO:web_frame_widget_impl.cc(2748)] SBRTOUCHLOG Blink HandleInputEvent event received = PointerDown
04-06 16:52:45.171 W/chromium(30649): [WARNING:window_android.cc(123)] TAB-STATUS observer removed
04-06 16:52:45.172 I/chromium(16686): [INFO:layer_tree_host_impl.cc(344)] SBRTOUCHLOG LayerTreeHostImpl::ScrollEnd
04-06 16:52:45.174 I/chromium(16686): [INFO:web_frame_widget_impl.cc(2748)] SBRTOUCHLOG Blink HandleInputEvent event received = GestureTapDown
04-06 16:52:45.188 I/chromium(16686): [INFO:web_frame_widget_impl.cc(2748)] SBRTOUCHLOG Blink HandleInputEvent event received = PointerMove
04-06 16:52:45.204 I/chromium(16686): [INFO:web_frame_widget_impl.cc(2748)] SBRTOUCHLOG Blink HandleInputEvent event received = PointerMove
04-06 16:52:45.221 I/chromium(16686): [INFO:web_frame_widget_impl.cc(2748)] SBRTOUCHLOG Blink HandleInputEvent event received = PointerMove
04-06 16:52:45.224 I/chromium(16686): [INFO:web_frame_widget_impl.cc(2748)] SBRTOUCHLOG Blink HandleInputEvent event received = PointerMove
04-06 16:52:45.224 I/chromium(16686): [INFO:layer_tree_host_impl.cc(332)] SBRTOUCHLOG LayerTreeHostImpl::ScrollBegin defer_commit =  0
04-06 16:52:45.225 I/chromium(16686): [INFO:layer_tree_host_impl.cc(303)] SBRTOUCHLOG LayerTreeHostImpl::ScrollBy delta_y = 4.39713
04-06 16:52:45.227 I/chromium(16686): [INFO:web_frame_widget_impl.cc(2748)] SBRTOUCHLOG Blink HandleInputEvent event received = GestureTapCancel
04-06 16:52:45.228 I/chromium(16686): [INFO:web_frame_widget_impl.cc(2748)] SBRTOUCHLOG Blink HandleInputEvent event received = PointerCausedUaAction
04-06 16:52:45.237 I/chromium(16686): [INFO:web_frame_widget_impl.cc(2748)] SBRTOUCHLOG Blink HandleInputEvent event received = PointerMove
04-06 16:52:45.288 I/chromium(16686): [INFO:layer_tree_host_impl.cc(2438)] SBRTOUCHLOG AsyncLayerTreeFrameSink::SubmitCompositorFrame
04-06 16:52:45.304 I/chromium(16686): [INFO:layer_tree_host_impl.cc(303)] SBRTOUCHLOG LayerTreeHostImpl::ScrollBy delta_y = 23.2896
04-06 16:52:45.372 I/chromium(16686): [INFO:layer_tree_host_impl.cc(2438)] SBRTOUCHLOG AsyncLayerTreeFrameSink::SubmitCompositorFrame
04-06 16:52:45.389 I/chromium(16686): [INFO:layer_tree_host_impl.cc(303)] SBRTOUCHLOG LayerTreeHostImpl::ScrollBy delta_y = 37.547
04-06 16:52:45.414 W/chromium(30649): [WARNING:window_android.cc(109)] TAB-STATUS observer added
04-06 16:52:45.421 I/chromium(16686): [INFO:web_frame_widget_impl.cc(2748)] SBRTOUCHLOG Blink HandleInputEvent event received = PointerMove
04-06 16:52:45.430 I/chromium(16686): [INFO:web_frame_widget_impl.cc(2748)] SBRTOUCHLOG Blink HandleInputEvent event received = PointerUp
04-06 16:52:45.455 I/chromium(16686): [INFO:layer_tree_host_impl.cc(2438)] SBRTOUCHLOG AsyncLayerTreeFrameSink::SubmitCompositorFrame
04-06 16:52:45.471 I/chromium(16686): [INFO:layer_tree_host_impl.cc(303)] SBRTOUCHLOG LayerTreeHostImpl::ScrollBy delta_y = 49.2648
04-06 16:52:45.540 I/chromium(16686): [INFO:layer_tree_host_impl.cc(2438)] SBRTOUCHLOG AsyncLayerTreeFrameSink::SubmitCompositorFrame
04-06 16:52:45.555 I/chromium(16686): [INFO:layer_tree_host_impl.cc(303)] SBRTOUCHLOG LayerTreeHostImpl::ScrollBy delta_y = 41.3591
04-06 16:52:46.578 W/chromium(30649): [WARNING:render_widget_host_view_android.cc(1070)] SBRTOUCHLOG  OnTouchEvent, Action::DOWN
04-06 16:52:46.578 I/chromium(30649): [INFO:render_widget_host_input_event_router.cc(861)] SBRTOUCHLOG Set Touch sequence target view: 0xc10c4600
04-06 16:52:46.579 W/chromium(30649): [WARNING:input_router_impl.cc(529)] SBRTOUCHLOG FilterAndSendWebInputEvent, kTouchStart
04-06 16:52:46.579 I/chromium(16686): [INFO:web_frame_widget_impl.cc(2748)] SBRTOUCHLOG Blink HandleInputEvent event received = PointerDown
04-06 16:52:46.582 W/chromium(30649): [WARNING:window_android.cc(123)] TAB-STATUS observer removed
04-06 16:52:46.589 I/chromium(16686): [INFO:layer_tree_host_impl.cc(344)] SBRTOUCHLOG LayerTreeHostImpl::ScrollEnd
04-06 16:52:46.606 I/chromium(16686): [INFO:web_frame_widget_impl.cc(2748)] SBRTOUCHLOG Blink HandleInputEvent event received = PointerMove
04-06 16:52:46.622 I/chromium(16686): [INFO:web_frame_widget_impl.cc(2748)] SBRTOUCHLOG Blink HandleInputEvent event received = PointerMove
04-06 16:52:46.636 I/chromium(16686): [INFO:layer_tree_host_impl.cc(332)] SBRTOUCHLOG LayerTreeHostImpl::ScrollBegin defer_commit =  0
04-06 16:52:46.636 I/chromium(16686): [INFO:layer_tree_host_impl.cc(303)] SBRTOUCHLOG LayerTreeHostImpl::ScrollBy delta_y = 2.52523
04-06 16:52:46.636 I/chromium(16686): [INFO:web_frame_widget_impl.cc(2748)] SBRTOUCHLOG Blink HandleInputEvent event received = PointerMove
04-06 16:52:46.641 I/chromium(16686): [INFO:web_frame_widget_impl.cc(2748)] SBRTOUCHLOG Blink HandleInputEvent event received = PointerCausedUaAction
04-06 16:52:46.646 I/chromium(16686): [INFO:web_frame_widget_impl.cc(2748)] SBRTOUCHLOG Blink HandleInputEvent event received = PointerMove
04-06 16:52:46.708 I/chromium(16686): [INFO:layer_tree_host_impl.cc(2438)] SBRTOUCHLOG AsyncLayerTreeFrameSink::SubmitCompositorFrame
04-06 16:52:46.723 I/chromium(16686): [INFO:layer_tree_host_impl.cc(303)] SBRTOUCHLOG LayerTreeHostImpl::ScrollBy delta_y = 20.0078
04-06 16:52:46.806 I/chromium(16686): [INFO:layer_tree_host_impl.cc(303)] SBRTOUCHLOG LayerTreeHostImpl::ScrollBy delta_y = 43.2195
04-06 16:52:46.826 W/chromium(30649): [WARNING:window_android.cc(109)] TAB-STATUS observer added
04-06 16:52:46.827 I/chromium(16686): [INFO:web_frame_widget_impl.cc(2748)] SBRTOUCHLOG Blink HandleInputEvent event received = PointerMove
04-06 16:52:46.830 I/chromium(16686): [INFO:web_frame_widget_impl.cc(2748)] SBRTOUCHLOG Blink HandleInputEvent event received = PointerUp
04-06 16:52:46.841 W/chromium(30649): [WARNING:window_android.cc(123)] TAB-STATUS observer removed
04-06 16:52:46.856 I/chromium(16686): [INFO:layer_tree_host_impl.cc(344)] SBRTOUCHLOG LayerTreeHostImpl::ScrollEnd
04-06 16:52:47.351 W/chromium(30649): [WARNING:render_widget_host_view_android.cc(1070)] SBRTOUCHLOG  OnTouchEvent, Action::DOWN
04-06 16:52:47.351 I/chromium(30649): [INFO:render_widget_host_input_event_router.cc(861)] SBRTOUCHLOG Set Touch sequence target view: 0xc10c4600
04-06 16:52:47.351 W/chromium(30649): [WARNING:input_router_impl.cc(529)] SBRTOUCHLOG FilterAndSendWebInputEvent, kTouchStart
04-06 16:52:47.352 I/chromium(16686): [INFO:web_frame_widget_impl.cc(2748)] SBRTOUCHLOG Blink HandleInputEvent event received = PointerDown
04-06 16:52:47.357 I/chromium(16686): [INFO:web_frame_widget_impl.cc(2748)] SBRTOUCHLOG Blink HandleInputEvent event received = GestureTapDown
04-06 16:52:47.424 I/chromium(16686): [INFO:web_frame_widget_impl.cc(2748)] SBRTOUCHLOG Blink HandleInputEvent event received = PointerMove
04-06 16:52:47.426 I/chromium(16686): [INFO:web_frame_widget_impl.cc(2748)] SBRTOUCHLOG Blink HandleInputEvent event received = PointerUp
04-06 16:52:47.431 I/chromium(30649): [INFO:input_router_impl.cc(641)] SBRTOUCHLOG InputRouterImpl::TouchEventHandled type: TouchEnd & ack: NOT_CONSUMED
04-06 16:52:47.432 I/chromium(16686): [INFO:web_frame_widget_impl.cc(2748)] SBRTOUCHLOG Blink HandleInputEvent event received = GestureShowPress
04-06 16:52:47.435 I/chromium(16686): [INFO:web_frame_widget_impl.cc(2748)] SBRTOUCHLOG Blink HandleInputEvent event received = GestureTap
04-06 16:52:48.475 W/chromium(30649): [WARNING:render_widget_host_view_android.cc(1070)] SBRTOUCHLOG  OnTouchEvent, Action::DOWN
04-06 16:52:48.477 I/chromium(30649): [INFO:render_widget_host_input_event_router.cc(861)] SBRTOUCHLOG Set Touch sequence target view: 0xc10c4600
04-06 16:52:48.477 W/chromium(30649): [WARNING:input_router_impl.cc(529)] SBRTOUCHLOG FilterAndSendWebInputEvent, kTouchStart
04-06 16:52:48.478 I/chromium(16686): [INFO:web_frame_widget_impl.cc(2748)] SBRTOUCHLOG Blink HandleInputEvent event received = PointerDown
04-06 16:52:48.483 I/chromium(16686): [INFO:web_frame_widget_impl.cc(2748)] SBRTOUCHLOG Blink HandleInputEvent event received = GestureTapDown
04-06 16:52:48.492 I/chromium(16686): [INFO:web_frame_widget_impl.cc(2748)] SBRTOUCHLOG Blink HandleInputEvent event received = PointerMove
04-06 16:52:48.508 I/chromium(16686): [INFO:web_frame_widget_impl.cc(2748)] SBRTOUCHLOG Blink HandleInputEvent event received = PointerMove
04-06 16:52:48.524 I/chromium(16686): [INFO:web_frame_widget_impl.cc(2748)] SBRTOUCHLOG Blink HandleInputEvent event received = PointerMove
04-06 16:52:48.532 I/chromium(16686): [INFO:web_frame_widget_impl.cc(2748)] SBRTOUCHLOG Blink HandleInputEvent event received = PointerMove
04-06 16:52:48.532 I/chromium(16686): [INFO:layer_tree_host_impl.cc(332)] SBRTOUCHLOG LayerTreeHostImpl::ScrollBegin defer_commit =  0
04-06 16:52:48.533 I/chromium(16686): [INFO:layer_tree_host_impl.cc(303)] SBRTOUCHLOG LayerTreeHostImpl::ScrollBy delta_y = 2.08768
04-06 16:52:48.534 I/chromium(16686): [INFO:web_frame_widget_impl.cc(2748)] SBRTOUCHLOG Blink HandleInputEvent event received = GestureTapCancel
04-06 16:52:48.537 I/chromium(16686): [INFO:web_frame_widget_impl.cc(2748)] SBRTOUCHLOG Blink HandleInputEvent event received = PointerCausedUaAction
04-06 16:52:48.543 I/chromium(16686): [INFO:web_frame_widget_impl.cc(2748)] SBRTOUCHLOG Blink HandleInputEvent event received = PointerMove
04-06 16:52:48.609 I/chromium(16686): [INFO:layer_tree_host_impl.cc(2438)] SBRTOUCHLOG AsyncLayerTreeFrameSink::SubmitCompositorFrame
04-06 16:52:48.625 I/chromium(16686): [INFO:layer_tree_host_impl.cc(303)] SBRTOUCHLOG LayerTreeHostImpl::ScrollBy delta_y = 45.9342
04-06 16:52:48.695 W/chromium(30649): [WARNING:window_android.cc(109)] TAB-STATUS observer added
04-06 16:52:48.696 I/chromium(16686): [INFO:web_frame_widget_impl.cc(2748)] SBRTOUCHLOG Blink HandleInputEvent event received = PointerMove
04-06 16:52:48.698 I/chromium(16686): [INFO:web_frame_widget_impl.cc(2748)] SBRTOUCHLOG Blink HandleInputEvent event received = PointerUp
04-06 16:52:48.709 W/chromium(30649): [WARNING:window_android.cc(123)] TAB-STATUS observer removed
04-06 16:52:48.725 I/chromium(16686): [INFO:layer_tree_host_impl.cc(344)] SBRTOUCHLOG LayerTreeHostImpl::ScrollEnd
04-06 16:52:49.486 W/chromium(30649): [WARNING:render_widget_host_view_android.cc(1070)] SBRTOUCHLOG  OnTouchEvent, Action::DOWN
04-06 16:52:49.487 I/chromium(30649): [INFO:render_widget_host_input_event_router.cc(861)] SBRTOUCHLOG Set Touch sequence target view: 0xc10c4600
04-06 16:52:49.487 W/chromium(30649): [WARNING:input_router_impl.cc(529)] SBRTOUCHLOG FilterAndSendWebInputEvent, kTouchStart
04-06 16:52:49.488 I/chromium(16686): [INFO:web_frame_widget_impl.cc(2748)] SBRTOUCHLOG Blink HandleInputEvent event received = PointerDown
04-06 16:52:49.493 I/chromium(16686): [INFO:web_frame_widget_impl.cc(2748)] SBRTOUCHLOG Blink HandleInputEvent event received = GestureTapDown
04-06 16:52:49.526 I/chromium(16686): [INFO:web_frame_widget_impl.cc(2748)] SBRTOUCHLOG Blink HandleInputEvent event received = PointerMove
04-06 16:52:49.543 I/chromium(16686): [INFO:web_frame_widget_impl.cc(2748)] SBRTOUCHLOG Blink HandleInputEvent event received = PointerMove
04-06 16:52:49.551 I/chromium(16686): [INFO:web_frame_widget_impl.cc(2748)] SBRTOUCHLOG Blink HandleInputEvent event received = PointerUp
04-06 16:52:49.555 I/chromium(30649): [INFO:input_router_impl.cc(641)] SBRTOUCHLOG InputRouterImpl::TouchEventHandled type: TouchEnd & ack: NOT_CONSUMED
04-06 16:52:49.556 I/chromium(16686): [INFO:web_frame_widget_impl.cc(2748)] SBRTOUCHLOG Blink HandleInputEvent event received = GestureShowPress
04-06 16:52:49.558 I/chromium(16686): [INFO:web_frame_widget_impl.cc(2748)] SBRTOUCHLOG Blink HandleInputEvent event received = GestureTap
04-06 16:52:50.352 I/chromium(16686): [INFO:frame_loader.cc(618)] LoaderLog  StartNavigation  ClientRedirect = 0
04-06 16:52:50.382 I/chromium(30649): [INFO:tin_six_tab_helper.cc(621)] ActivateTabAt 0,3
04-06 16:52:50.385 I/chromium(16686): [INFO:layer_tree_host_impl.cc(198)] SBRTOUCHLOG DidVisibilityChange = 0
04-06 16:52:50.386 I/chromium(16686): [INFO:layer_tree_host_impl.cc(4001)] SBRTOUCHLOG SetDeferCommitFlagForDebug = 1
04-06 16:52:50.387 I/chromium(16686): [INFO:layer_tree_host_impl.cc(4001)] SBRTOUCHLOG SetDeferCommitFlagForDebug = 0
04-06 16:52:50.388 I/chromium(16686): [INFO:tin_anti_tracking_renderer_url_loader_throttle_helper.cc(31)] [IAT] set delegate th 0x59a8c130 td 0xc12637a0
04-06 16:52:50.388 I/chromium(16686): [INFO:tin_smart_protect_renderer.cc(16)] TinSmartProtectRenderer
04-06 16:52:50.391 I/chromium(16686): [INFO:tin_smart_protect_renderer.cc(33)] BindPendingReceiver bound=1
04-06 16:52:50.541 I/chromium(16686): [INFO:tin_anti_tracking_renderer_url_loader_throttle_helper.cc(38)] [IAT] detector destroyed 0xc12637a0
04-06 16:52:50.552 I/chromium(30649): [INFO:tin_six_tab_helper.cc(621)] ActivateTabAt 0,3
04-06 16:52:50.809 I/chromium(16802): [INFO:dispatcher.cc(1571)] CreateBindingsSystem
04-06 16:52:50.829 I/chromium(16802): [INFO:layer_tree_host_impl.cc(198)] SBRTOUCHLOG DidVisibilityChange = 0
04-06 16:52:50.830 I/chromium(16802): [INFO:layer_tree_host_impl.cc(4001)] SBRTOUCHLOG SetDeferCommitFlagForDebug = 1
04-06 16:52:50.830 I/chromium(16802): [INFO:layer_tree_host_impl.cc(4001)] SBRTOUCHLOG SetDeferCommitFlagForDebug = 0
04-06 16:52:50.832 I/chromium(16802): [INFO:tin_anti_tracking_renderer_url_loader_throttle_helper.cc(31)] [IAT] set delegate th 0xc0817fc0 td 0x53a635c0
04-06 16:52:50.832 I/chromium(16802): [INFO:tin_smart_protect_renderer.cc(16)] TinSmartProtectRenderer
04-06 16:52:50.833 I/chromium(16802): [INFO:tin_smart_protect_renderer.cc(33)] BindPendingReceiver bound=1
04-06 16:52:50.845 I/chromium(16802): [INFO:layer_tree_host_impl.cc(4001)] SBRTOUCHLOG SetDeferCommitFlagForDebug = 1
04-06 16:52:50.873 I/chromium(16802): [INFO:render_frame_impl.cc(3805)] LoaderLog didCommitProvisionalLoad
04-06 16:52:50.876 W/chromium(30649): [WARNING:window_android.cc(123)] TAB-STATUS observer removed
04-06 16:52:50.878 I/chromium(30649): [INFO:render_widget_host_impl.cc(843)] SBRTOUCHLOG  RenderWidgetHostImpl::WasShown
04-06 16:52:50.879 W/chromium(30649): [WARNING:window_android.cc(109)] TAB-STATUS observer added
04-06 16:52:50.884 I/chromium(16686): [INFO:layer_tree_host_impl.cc(198)] SBRTOUCHLOG DidVisibilityChange = 0
04-06 16:52:50.899 I/chromium(16686): [INFO:frame_loader.cc(274)] LoaderLog  SetDefersLoading  DeferType = 1
04-06 16:52:50.903 I/chromium(16802): [INFO:layer_tree_host_impl.cc(198)] SBRTOUCHLOG DidVisibilityChange = 1
04-06 16:52:50.962 I/chromium(16802): [INFO:memory_cache.cc(126)] MemoryCache MemberMemoryCache is disabled
04-06 16:52:50.987 I/chromium(16802): [INFO:layer_tree_host_impl.cc(4001)] SBRTOUCHLOG SetDeferCommitFlagForDebug = 0
04-06 16:52:51.000 I/chromium(16802): [INFO:layer_tree_impl.cc(1205)] DidUpdatePageScale IsActiveTree: 0 ScaleFactor: 1
04-06 16:52:51.001 I/chromium(16802): [INFO:layer_tree_impl.cc(1205)] DidUpdatePageScale IsActiveTree: 1 ScaleFactor: 1
04-06 16:52:51.734 I/chromium(30649): [INFO:render_process_host_impl.cc(4491)] [Renderer][Exit] ChildProcessLauncher::OnChildProcessDied called through JNI pid = 16835, renderer_id =0
04-06 16:52:51.882 I/chromium(16848): [INFO:dispatcher.cc(1571)] CreateBindingsSystem
04-06 16:52:51.904 I/chromium(16848): [INFO:layer_tree_host_impl.cc(198)] SBRTOUCHLOG DidVisibilityChange = 0
04-06 16:52:51.905 I/chromium(16848): [INFO:layer_tree_host_impl.cc(4001)] SBRTOUCHLOG SetDeferCommitFlagForDebug = 1
04-06 16:52:51.943 I/chromium(30649): [INFO:back_forward_cache_impl.cc(675)] BFCACHELOG  CanStorePageNow  result = No: not a main frame, related active contents exist: no BI swap result, HTTP status is not OK, scheme is not HTTP or HTTPS, frame is not fully loaded, main RenderFrameHost doesn't have response headers set, probably due not having successfully committed a navigation.
04-06 16:52:51.944 I/chromium(30649): [INFO:render_widget_host_impl.cc(843)] SBRTOUCHLOG  RenderWidgetHostImpl::WasShown
04-06 16:52:51.947 I/chromium(16848): [INFO:layer_tree_host_impl.cc(198)] SBRTOUCHLOG DidVisibilityChange = 0
04-06 16:52:51.947 I/chromium(16848): [INFO:layer_tree_host_impl.cc(4001)] SBRTOUCHLOG SetDeferCommitFlagForDebug = 1
04-06 16:52:51.985 I/chromium(30649): [INFO:back_forward_cache_impl.cc(675)] BFCACHELOG  CanStorePageNow  result = No: not a main frame, related active contents exist: no BI swap result, HTTP status is not OK, scheme is not HTTP or HTTPS, frame is not fully loaded, main RenderFrameHost doesn't have response headers set, probably due not having successfully committed a navigation.
04-06 16:52:51.986 I/chromium(30649): [INFO:render_widget_host_impl.cc(843)] SBRTOUCHLOG  RenderWidgetHostImpl::WasShown
04-06 16:52:52.009 I/chromium(16848): [INFO:layer_tree_host_impl.cc(198)] SBRTOUCHLOG DidVisibilityChange = 1
04-06 16:52:52.021 I/chromium(16848): [INFO:memory_cache.cc(126)] MemoryCache MemberMemoryCache is disabled
04-06 16:52:52.023 I/chromium(16848): [INFO:layer_tree_host_impl.cc(198)] SBRTOUCHLOG DidVisibilityChange = 1
04-06 16:52:52.165 I/chromium(16802): [INFO:progress_tracker.cc(112)] LoaderLog  FinishedParsing
04-06 16:52:53.182 I/chromium(16848): [INFO:layer_tree_host_impl.cc(198)] SBRTOUCHLOG DidVisibilityChange = 0
04-06 16:52:53.184 I/chromium(16848): [INFO:web_view_impl.cc(1439)] Blink ResizeWithBrowserControls old_size = 0 * 0, new_size = 720 * 1040
04-06 16:52:53.184 I/chromium(16848): [INFO:layer_tree_host_impl.cc(4001)] SBRTOUCHLOG SetDeferCommitFlagForDebug = 0
04-06 16:52:53.198 I/chromium(16848): [INFO:layer_tree_host_impl.cc(198)] SBRTOUCHLOG DidVisibilityChange = 0
04-06 16:52:53.200 I/chromium(16848): [INFO:layer_tree_host_impl.cc(4001)] SBRTOUCHLOG SetDeferCommitFlagForDebug = 0
04-06 16:52:53.394 I/chromium(16848): [INFO:layer_tree_host_impl.cc(198)] SBRTOUCHLOG DidVisibilityChange = 0
04-06 16:52:53.395 I/chromium(16848): [INFO:layer_tree_host_impl.cc(4001)] SBRTOUCHLOG SetDeferCommitFlagForDebug = 1
04-06 16:52:53.396 I/chromium(16848): [INFO:web_view_impl.cc(1439)] Blink ResizeWithBrowserControls old_size = 720 * 1040, new_size = 0 * 0
04-06 16:52:53.467 I/chromium(30649): [INFO:back_forward_cache_impl.cc(675)] BFCACHELOG  CanStorePageNow  result = No: not a main frame, related active contents exist: no BI swap result, HTTP status is not OK, scheme is not HTTP or HTTPS, main RenderFrameHost doesn't have response headers set, probably due not having successfully committed a navigation.
04-06 16:52:53.468 I/chromium(30649): [INFO:render_widget_host_impl.cc(843)] SBRTOUCHLOG  RenderWidgetHostImpl::WasShown
04-06 16:52:53.470 I/chromium(16848): [INFO:layer_tree_host_impl.cc(198)] SBRTOUCHLOG DidVisibilityChange = 1
04-06 16:52:53.630 I/chromium(16848): [INFO:layer_tree_host_impl.cc(198)] SBRTOUCHLOG DidVisibilityChange = 0
04-06 16:52:53.630 I/chromium(16848): [INFO:web_view_impl.cc(1439)] Blink ResizeWithBrowserControls old_size = 0 * 0, new_size = 720 * 1040
04-06 16:52:53.631 I/chromium(16848): [INFO:layer_tree_host_impl.cc(4001)] SBRTOUCHLOG SetDeferCommitFlagForDebug = 0
04-06 16:52:53.632 I/chromium(30649): [INFO:web_contents_impl.cc(6549)] LoaderLog  progress completed
04-06 16:52:53.674 I/chromium(30649): [INFO:web_contents_impl.cc(6549)] LoaderLog  progress completed
04-06 16:52:54.953 I/chromium(16848): [INFO:layer_tree_host_impl.cc(198)] SBRTOUCHLOG DidVisibilityChange = 0
04-06 16:52:54.954 I/chromium(16848): [INFO:layer_tree_host_impl.cc(4001)] SBRTOUCHLOG SetDeferCommitFlagForDebug = 1
04-06 16:52:54.954 I/chromium(16848): [INFO:web_view_impl.cc(1439)] Blink ResizeWithBrowserControls old_size = 720 * 1040, new_size = 0 * 0
04-06 16:52:55.001 D/EnvFileUpdater(16422): Found CIRIS_HOME from env: /data/user/0/ai.ciris.mobile.debug/files/ciris
04-06 16:52:55.003 I/chromium(30649): [INFO:back_forward_cache_impl.cc(675)] BFCACHELOG  CanStorePageNow  result = No: not a main frame, related active contents exist: no BI swap result, HTTP status is not OK, scheme is not HTTP or HTTPS, frame is not fully loaded, main RenderFrameHost doesn't have response headers set, probably due not having successfully committed a navigation.
04-06 16:52:55.004 I/chromium(30649): [INFO:render_widget_host_impl.cc(843)] SBRTOUCHLOG  RenderWidgetHostImpl::WasShown
04-06 16:52:55.007 I/chromium(16848): [INFO:layer_tree_host_impl.cc(198)] SBRTOUCHLOG DidVisibilityChange = 1
04-06 16:52:55.189 I/chromium(16848): [INFO:layer_tree_host_impl.cc(198)] SBRTOUCHLOG DidVisibilityChange = 0
04-06 16:52:55.190 I/chromium(16848): [INFO:layer_tree_host_impl.cc(4001)] SBRTOUCHLOG SetDeferCommitFlagForDebug = 1
04-06 16:52:55.244 I/chromium(30649): [INFO:back_forward_cache_impl.cc(675)] BFCACHELOG  CanStorePageNow  result = No: not a main frame, related active contents exist: no BI swap result, HTTP status is not OK, scheme is not HTTP or HTTPS, frame is not fully loaded, main RenderFrameHost doesn't have response headers set, probably due not having successfully committed a navigation.
04-06 16:52:55.244 I/chromium(30649): [INFO:render_widget_host_impl.cc(843)] SBRTOUCHLOG  RenderWidgetHostImpl::WasShown
04-06 16:52:55.246 I/chromium(16848): [INFO:layer_tree_host_impl.cc(198)] SBRTOUCHLOG DidVisibilityChange = 1
04-06 16:52:55.459 I/chromium(16885): [INFO:dispatcher.cc(1571)] CreateBindingsSystem
04-06 16:52:55.486 I/chromium(16885): [INFO:layer_tree_host_impl.cc(198)] SBRTOUCHLOG DidVisibilityChange = 0
04-06 16:52:55.487 I/chromium(16885): [INFO:layer_tree_host_impl.cc(4001)] SBRTOUCHLOG SetDeferCommitFlagForDebug = 1
04-06 16:52:55.527 I/chromium(30649): [INFO:back_forward_cache_impl.cc(675)] BFCACHELOG  CanStorePageNow  result = No: not a main frame, related active contents exist: no BI swap result, HTTP status is not OK, scheme is not HTTP or HTTPS, main RenderFrameHost doesn't have response headers set, probably due not having successfully committed a navigation.
04-06 16:52:55.531 I/chromium(16885): [INFO:layer_tree_host_impl.cc(198)] SBRTOUCHLOG DidVisibilityChange = 0
04-06 16:52:55.533 I/chromium(16885): [INFO:layer_tree_host_impl.cc(4001)] SBRTOUCHLOG SetDeferCommitFlagForDebug = 1
04-06 16:52:55.560 I/chromium(30649): [INFO:back_forward_cache_impl.cc(675)] BFCACHELOG  CanStorePageNow  result = No: not a main frame, related active contents exist: no BI swap result, HTTP status is not OK, scheme is not HTTP or HTTPS, main RenderFrameHost doesn't have response headers set, probably due not having successfully committed a navigation.
04-06 16:52:55.581 I/chromium(16885): [INFO:memory_cache.cc(126)] MemoryCache MemberMemoryCache is disabled
04-06 16:52:55.630 I/chromium(16848): [INFO:layer_tree_host_impl.cc(198)] SBRTOUCHLOG DidVisibilityChange = 0
04-06 16:52:55.631 I/chromium(16848): [INFO:layer_tree_host_impl.cc(4001)] SBRTOUCHLOG SetDeferCommitFlagForDebug = 0
04-06 16:52:55.631 I/chromium(16848): [INFO:web_view_impl.cc(1439)] Blink ResizeWithBrowserControls old_size = 0 * 0, new_size = 720 * 1040
04-06 16:52:55.677 I/chromium(16848): [INFO:layer_tree_host_impl.cc(198)] SBRTOUCHLOG DidVisibilityChange = 0
04-06 16:52:55.678 I/chromium(16848): [INFO:layer_tree_host_impl.cc(4001)] SBRTOUCHLOG SetDeferCommitFlagForDebug = 0
04-06 16:52:55.815 I/chromium(16848): [INFO:layer_tree_host_impl.cc(198)] SBRTOUCHLOG DidVisibilityChange = 0
04-06 16:52:55.815 I/chromium(16885): [INFO:layer_tree_host_impl.cc(4001)] SBRTOUCHLOG SetDeferCommitFlagForDebug = 0
04-06 16:52:55.815 I/chromium(16885): [INFO:web_view_impl.cc(1439)] Blink ResizeWithBrowserControls old_size = 0 * 0, new_size = 720 * 1040
04-06 16:52:55.816 I/chromium(16848): [INFO:layer_tree_host_impl.cc(4001)] SBRTOUCHLOG SetDeferCommitFlagForDebug = 1
04-06 16:52:55.816 I/chromium(16885): [INFO:layer_tree_host_impl.cc(4001)] SBRTOUCHLOG SetDeferCommitFlagForDebug = 0
04-06 16:52:55.816 I/chromium(16848): [INFO:web_view_impl.cc(1439)] Blink ResizeWithBrowserControls old_size = 720 * 1040, new_size = 0 * 0
04-06 16:52:55.891 I/chromium(30649): [INFO:back_forward_cache_impl.cc(675)] BFCACHELOG  CanStorePageNow  result = No: not a main frame, related active contents exist: no BI swap result, HTTP status is not OK, scheme is not HTTP or HTTPS, main RenderFrameHost doesn't have response headers set, probably due not having successfully committed a navigation.
04-06 16:52:55.891 I/chromium(30649): [INFO:render_widget_host_impl.cc(843)] SBRTOUCHLOG  RenderWidgetHostImpl::WasShown
04-06 16:52:56.122 I/chromium(16848): [INFO:layer_tree_host_impl.cc(198)] SBRTOUCHLOG DidVisibilityChange = 1
04-06 16:52:56.462 I/chromium(30649): [INFO:permission_service_impl.cc(151)] Permissions query about NOTIFICATIONS
04-06 16:52:56.489 I/chromium(16848): [INFO:layer_tree_host_impl.cc(198)] SBRTOUCHLOG DidVisibilityChange = 0
04-06 16:52:56.490 I/chromium(16848): [INFO:web_view_impl.cc(1439)] Blink ResizeWithBrowserControls old_size = 0 * 0, new_size = 720 * 1040
04-06 16:52:56.490 I/chromium(16848): [INFO:layer_tree_host_impl.cc(4001)] SBRTOUCHLOG SetDeferCommitFlagForDebug = 0
04-06 16:52:56.632 W/chromium(30649): [WARNING:render_widget_host_view_android.cc(1070)] SBRTOUCHLOG  OnTouchEvent, Action::DOWN
04-06 16:52:56.633 I/chromium(30649): [INFO:render_widget_host_input_event_router.cc(861)] SBRTOUCHLOG Set Touch sequence target view: 0xc10c5a00
04-06 16:52:56.633 W/chromium(30649): [WARNING:input_router_impl.cc(529)] SBRTOUCHLOG FilterAndSendWebInputEvent, kTouchStart
04-06 16:52:56.651 I/chromium(16802): [INFO:web_frame_widget_impl.cc(2748)] SBRTOUCHLOG Blink HandleInputEvent event received = PointerDown
04-06 16:52:56.660 I/chromium(30649): [INFO:input_router_impl.cc(641)] SBRTOUCHLOG InputRouterImpl::TouchEventHandled type: TouchStart & ack: NOT_CONSUMED
04-06 16:52:56.688 I/chromium(16802): [INFO:web_frame_widget_impl.cc(2748)] SBRTOUCHLOG Blink HandleInputEvent event received = GestureTapDown
04-06 16:52:56.691 I/chromium(16802): [INFO:web_frame_widget_impl.cc(2748)] SBRTOUCHLOG Blink HandleInputEvent event received = PointerMove
04-06 16:52:56.691 I/chromium(16802): [INFO:web_frame_widget_impl.cc(2748)] SBRTOUCHLOG Blink HandleInputEvent event received = PointerUp
04-06 16:52:56.693 I/chromium(30649): [INFO:input_router_impl.cc(641)] SBRTOUCHLOG InputRouterImpl::TouchEventHandled type: TouchMove & ack: CONSUMED
04-06 16:52:56.693 I/chromium(30649): [INFO:input_router_impl.cc(641)] SBRTOUCHLOG InputRouterImpl::TouchEventHandled type: TouchEnd & ack: NOT_CONSUMED
04-06 16:52:56.707 I/chromium(16802): [INFO:progress_tracker.cc(112)] LoaderLog  FinishedParsing
04-06 16:52:56.711 I/chromium(16802): [INFO:web_frame_widget_impl.cc(2748)] SBRTOUCHLOG Blink HandleInputEvent event received = GestureShowPress
04-06 16:52:56.721 I/chromium(16802): [INFO:web_frame_widget_impl.cc(2748)] SBRTOUCHLOG Blink HandleInputEvent event received = GestureTap
04-06 16:52:56.757 I/chromium(30649): [INFO:web_contents_impl.cc(3708)] CreateNewWindow
04-06 16:52:56.815 I/chromium(30649): [INFO:tin_six_tab_helper.cc(147)] OnTabAdded
04-06 16:52:56.815 I/chromium(30649): [INFO:tin_six_tab_helper.cc(736)] InsertWebContentsAt 0,4 :0x5f77c600
