--------- beginning of main
04-15 20:22:02.253 W/chromium(17414): [WARNING:content/app/android/content_main_android.cc:82] android_setCpu already initialized
04-15 20:22:02.446 W/chromium(11852): [WARNING:net/cert/ev_root_ca_metadata.cc:118] Not implemented
04-15 20:22:02.566 D/EnvFileUpdater(14514): Found CIRIS_HOME from env: /data/user/0/ai.ciris.mobile.debug/files/ciris
04-15 20:22:02.855 W/chromium(11852): [WARNING:net/cert/ev_root_ca_metadata.cc:118] Not implemented
04-15 20:22:03.235 W/chromium(11852): [WARNING:net/cert/ev_root_ca_metadata.cc:118] Not implemented
04-15 20:22:03.680 W/chromium(11852): [WARNING:net/cert/ev_root_ca_metadata.cc:118] Not implemented
04-15 20:22:04.020 W/chromium(11852): [WARNING:net/cert/ev_root_ca_metadata.cc:118] Not implemented
04-15 20:22:04.132 W/chromium(11852): [WARNING:net/cert/ev_root_ca_metadata.cc:118] Not implemented
04-15 20:22:05.565 W/chromium(17484): [WARNING:content/app/android/content_main_android.cc:82] android_setCpu already initialized
04-15 20:22:07.641 W/chromium(11852): [WARNING:net/cert/ev_root_ca_metadata.cc:118] Not implemented
04-15 20:22:07.676 W/chromium(11852): [WARNING:net/cert/ev_root_ca_metadata.cc:118] Not implemented
04-15 20:22:07.676 W/chromium(11852): [WARNING:net/cert/ev_root_ca_metadata.cc:118] Not implemented
04-15 20:22:07.689 W/chromium(17516): [WARNING:content/app/android/content_main_android.cc:82] android_setCpu already initialized
04-15 20:22:07.746 W/chromium(11852): [WARNING:net/cert/ev_root_ca_metadata.cc:118] Not implemented
04-15 20:22:07.972 W/chromium(11852): [WARNING:net/cert/ev_root_ca_metadata.cc:118] Not implemented
04-15 20:22:08.027 W/chromium(11852): [WARNING:net/cert/ev_root_ca_metadata.cc:118] Not implemented
04-15 20:22:08.051 W/chromium(17544): [WARNING:content/app/android/content_main_android.cc:82] android_setCpu already initialized
04-15 20:22:08.075 I/chromium(17484): [INFO:third_party/blink/renderer/modules/peerconnection/peer_connection_dependency_factory.cc:941] Running WebRTC with a combined Network and Worker thread.
04-15 20:22:08.133 W/chromium(11852): [WARNING:chrome/browser/media/prefs/capture_device_ranking.h:255] Can't initialize the value of media.audio_input.user_preference_ranking because media.default_audio_capture_device isn't registered or is empty
04-15 20:22:08.133 W/chromium(11852): [WARNING:chrome/browser/media/prefs/capture_device_ranking.h:255] Can't initialize the value of media.video_input.user_preference_ranking because media.default_video_capture_Device isn't registered or is empty
04-15 20:22:08.184 W/chromium(11852): [WARNING:net/dns/host_resolver_dns_task.cc:934] Address list empty after RFC3484 sort
04-15 20:22:12.500 W/chromium(11852): [WARNING:net/cert/ev_root_ca_metadata.cc:118] Not implemented
04-15 20:22:12.569 D/EnvFileUpdater(14514): Found CIRIS_HOME from env: /data/user/0/ai.ciris.mobile.debug/files/ciris
04-15 20:22:13.987 W/chromium(11852): [WARNING:net/cert/ev_root_ca_metadata.cc:118] Not implemented
04-15 20:22:16.142 I/CIRISApiClient(14514): [getCirisServicesStatus] GET http://localhost:8080/v1/system/llm/ciris-services/status
04-15 20:22:16.200 W/chromium(17590): [WARNING:content/app/android/content_main_android.cc:82] android_setCpu already initialized
04-15 20:22:16.521 I/CIRISApiClient(14514): [getCirisServicesStatus] Response 200 OK: {"data":{"disabled":true,"message":"CIRIS services are disabled"},"metadata":{"timestamp":"2026-04-16T01:22:16.510731+00:00","request_id":null,"duration_ms":null}}
04-15 20:22:16.555 I/CIRISApiClient(14514): [getWAStatus] Fetching WA status
04-15 20:22:16.942 I/CIRISApiClient(14514): [getWAStatus] WA Status: healthy=true, activeWAs=1, pendingDeferrals=0, deferrals24h=0, subscribers=2
04-15 20:22:20.471 W/chromium(17664): [WARNING:content/app/android/content_main_android.cc:82] android_setCpu already initialized
04-15 20:22:20.826 W/chromium(11852): [WARNING:net/cert/ev_root_ca_metadata.cc:118] Not implemented
04-15 20:22:20.848 W/chromium(17691): [WARNING:content/app/android/content_main_android.cc:82] android_setCpu already initialized
04-15 20:22:20.901 W/chromium(17705): [WARNING:content/app/android/content_main_android.cc:82] android_setCpu already initialized
04-15 20:22:20.989 W/chromium(11852): [WARNING:net/cert/ev_root_ca_metadata.cc:118] Not implemented
04-15 20:22:21.385 I/chromium(17590): [INFO:third_party/blink/renderer/modules/peerconnection/peer_connection_dependency_factory.cc:941] Running WebRTC with a combined Network and Worker thread.
04-15 20:22:21.432 W/chromium(11852): [WARNING:chrome/browser/media/prefs/capture_device_ranking.h:255] Can't initialize the value of media.audio_input.user_preference_ranking because media.default_audio_capture_device isn't registered or is empty
04-15 20:22:21.432 W/chromium(11852): [WARNING:chrome/browser/media/prefs/capture_device_ranking.h:255] Can't initialize the value of media.video_input.user_preference_ranking because media.default_video_capture_Device isn't registered or is empty
04-15 20:22:21.791 W/chromium(11852): [WARNING:net/cert/ev_root_ca_metadata.cc:118] Not implemented
04-15 20:22:22.425 E/chromium(13725): [ERROR:gpu/command_buffer/service/shared_image/shared_image_manager.cc:252] SharedImageManager::ProduceSkia: Trying to Produce a Skia representation from a non-existent mailbox.
04-15 20:22:22.426 E/chromium(13725): [ERROR:gpu/command_buffer/service/raster_decoder.cc:2331] [.BrowserCompositor-0x6a05aa4600]GL ERROR :GL_INVALID_VALUE : glReadbackImagePixels: Unknown mailbox
04-15 20:22:22.427 E/chromium(13725): [ERROR:gpu/command_buffer/service/shared_image/shared_image_manager.cc:252] SharedImageManager::ProduceSkia: Trying to Produce a Skia representation from a non-existent mailbox.
04-15 20:22:22.427 E/chromium(13725): [ERROR:gpu/command_buffer/service/raster_decoder.cc:2331] [.BrowserCompositor-0x6a05aa4600]GL ERROR :GL_INVALID_VALUE : glReadbackImagePixels: Unknown mailbox
04-15 20:22:22.427 E/chromium(13725): [ERROR:gpu/command_buffer/service/shared_image/shared_image_manager.cc:252] SharedImageManager::ProduceSkia: Trying to Produce a Skia representation from a non-existent mailbox.
04-15 20:22:22.427 E/chromium(13725): [ERROR:gpu/command_buffer/service/raster_decoder.cc:2331] [.BrowserCompositor-0x6a05aa4600]GL ERROR :GL_INVALID_VALUE : glReadbackImagePixels: Unknown mailbox
04-15 20:22:22.573 D/EnvFileUpdater(14514): Found CIRIS_HOME from env: /data/user/0/ai.ciris.mobile.debug/files/ciris
04-15 20:22:32.578 D/EnvFileUpdater(14514): Found CIRIS_HOME from env: /data/user/0/ai.ciris.mobile.debug/files/ciris
04-15 20:22:42.585 D/EnvFileUpdater(14514): Found CIRIS_HOME from env: /data/user/0/ai.ciris.mobile.debug/files/ciris
04-15 20:22:47.346 I/CIRISApiClient(14514): [getCirisServicesStatus] GET http://localhost:8080/v1/system/llm/ciris-services/status
04-15 20:22:47.740 I/CIRISApiClient(14514): [getCirisServicesStatus] Response 200 OK: {"data":{"disabled":true,"message":"CIRIS services are disabled"},"metadata":{"timestamp":"2026-04-16T01:22:47.728730+00:00","request_id":null,"duration_ms":null}}
04-15 20:22:47.781 I/CIRISApiClient(14514): [getWAStatus] Fetching WA status
04-15 20:22:48.174 I/CIRISApiClient(14514): [getWAStatus] WA Status: healthy=true, activeWAs=1, pendingDeferrals=0, deferrals24h=0, subscribers=2
04-15 20:22:52.600 D/EnvFileUpdater(14514): Found CIRIS_HOME from env: /data/user/0/ai.ciris.mobile.debug/files/ciris
04-15 20:23:01.337 E/chromium(17590): [ERROR:third_party/webrtc/p2p/base/stun_port.cc:123] Binding request timed out from [0:0:0:x:x:x:x:x]:51161 (any)
04-15 20:23:02.604 D/EnvFileUpdater(14514): Found CIRIS_HOME from env: /data/user/0/ai.ciris.mobile.debug/files/ciris
04-15 20:23:11.384 E/chromium(17590): [ERROR:third_party/webrtc/p2p/base/stun_port.cc:123] Binding request timed out from 0.0.0.x:40704 (any)
04-15 20:23:12.610 D/EnvFileUpdater(14514): Found CIRIS_HOME from env: /data/user/0/ai.ciris.mobile.debug/files/ciris
04-15 20:23:18.613 I/CIRISApiClient(14514): [getCirisServicesStatus] GET http://localhost:8080/v1/system/llm/ciris-services/status
04-15 20:23:19.003 I/CIRISApiClient(14514): [getCirisServicesStatus] Response 200 OK: {"data":{"disabled":true,"message":"CIRIS services are disabled"},"metadata":{"timestamp":"2026-04-16T01:23:18.994274+00:00","request_id":null,"duration_ms":null}}
04-15 20:23:19.044 I/CIRISApiClient(14514): [getWAStatus] Fetching WA status
04-15 20:23:19.787 I/CIRISApiClient(14514): [getWAStatus] WA Status: healthy=true, activeWAs=1, pendingDeferrals=0, deferrals24h=0, subscribers=2
04-15 20:23:22.614 D/EnvFileUpdater(14514): Found CIRIS_HOME from env: /data/user/0/ai.ciris.mobile.debug/files/ciris
04-15 20:23:32.617 D/EnvFileUpdater(14514): Found CIRIS_HOME from env: /data/user/0/ai.ciris.mobile.debug/files/ciris
04-15 20:23:42.623 D/EnvFileUpdater(14514): Found CIRIS_HOME from env: /data/user/0/ai.ciris.mobile.debug/files/ciris
04-15 20:23:50.208 I/CIRISApiClient(14514): [getCirisServicesStatus] GET http://localhost:8080/v1/system/llm/ciris-services/status
04-15 20:23:50.682 I/CIRISApiClient(14514): [getCirisServicesStatus] Response 200 OK: {"data":{"disabled":true,"message":"CIRIS services are disabled"},"metadata":{"timestamp":"2026-04-16T01:23:50.602044+00:00","request_id":null,"duration_ms":null}}
04-15 20:23:51.103 I/CIRISApiClient(14514): [getWAStatus] Fetching WA status
04-15 20:23:52.009 I/CIRISApiClient(14514): [getWAStatus] WA Status: healthy=true, activeWAs=1, pendingDeferrals=0, deferrals24h=0, subscribers=2
04-15 20:23:52.628 D/EnvFileUpdater(14514): Found CIRIS_HOME from env: /data/user/0/ai.ciris.mobile.debug/files/ciris
04-15 20:24:02.631 D/EnvFileUpdater(14514): Found CIRIS_HOME from env: /data/user/0/ai.ciris.mobile.debug/files/ciris
04-15 20:24:12.634 D/EnvFileUpdater(14514): Found CIRIS_HOME from env: /data/user/0/ai.ciris.mobile.debug/files/ciris
04-15 20:24:22.637 D/EnvFileUpdater(14514): Found CIRIS_HOME from env: /data/user/0/ai.ciris.mobile.debug/files/ciris
04-15 20:24:22.679 I/CIRISApiClient(14514): [getCirisServicesStatus] GET http://localhost:8080/v1/system/llm/ciris-services/status
04-15 20:24:23.698 I/CIRISApiClient(14514): [getCirisServicesStatus] Response 200 OK: {"data":{"disabled":true,"message":"CIRIS services are disabled"},"metadata":{"timestamp":"2026-04-16T01:24:23.186220+00:00","request_id":null,"duration_ms":null}}
04-15 20:24:24.596 I/CIRISApiClient(14514): [getWAStatus] Fetching WA status
04-15 20:24:25.117 I/CIRISApiClient(14514): [getWAStatus] WA Status: healthy=true, activeWAs=1, pendingDeferrals=0, deferrals24h=0, subscribers=2
04-15 20:24:27.655 E/CIRISApiClient(14514): [getMessages] Exception: UnknownHostException: Unable to resolve host "localhost": No address associated with hostname | Context: limit=50, is401=false, tokenPresent=true, tokenPreview=ciris_ad...tSpA
04-15 20:24:27.660 W/InteractViewModel(14514): [fetchHistory] Non-auth error: UnknownHostException: Unable to resolve host "localhost": No address associated with hostname
04-15 20:24:27.676 E/CIRISApiClient(14514): [getAuditEntries] Exception: UnknownHostException: Unable to resolve host "localhost": No address associated with hostname
04-15 20:24:29.010 E/CIRISApiClient(14514): [getSystemStatus] Exception: UnknownHostException: Unable to resolve host "localhost": No address associated with hostname | Context: url=http://localhost:8080
04-15 20:24:29.020 E/CIRISApiClient(14514): [getSystemStatus] Exception: UnknownHostException: Unable to resolve host "localhost": No address associated with hostname | Context: url=http://localhost:8080
04-15 20:24:30.711 E/CIRISApiClient(14514): [getMessages] Exception: UnknownHostException: Unable to resolve host "localhost": No address associated with hostname | Context: limit=50, is401=false, tokenPresent=true, tokenPreview=ciris_ad...tSpA
04-15 20:24:30.717 W/InteractViewModel(14514): [fetchHistory] Non-auth error: UnknownHostException: Unable to resolve host "localhost": No address associated with hostname
04-15 20:24:30.738 E/CIRISApiClient(14514): [getAuditEntries] Exception: UnknownHostException: Unable to resolve host "localhost": No address associated with hostname
04-15 20:24:32.642 D/EnvFileUpdater(14514): Found CIRIS_HOME from env: /data/user/0/ai.ciris.mobile.debug/files/ciris
04-15 20:24:33.784 E/CIRISApiClient(14514): [getMessages] Exception: UnknownHostException: Unable to resolve host "localhost": No address associated with hostname | Context: limit=50, is401=false, tokenPresent=true, tokenPreview=ciris_ad...tSpA
04-15 20:24:33.793 W/InteractViewModel(14514): [fetchHistory] Non-auth error: UnknownHostException: Unable to resolve host "localhost": No address associated with hostname
04-15 20:24:33.818 E/CIRISApiClient(14514): [getAuditEntries] Exception: UnknownHostException: Unable to resolve host "localhost": No address associated with hostname
04-15 20:24:34.050 E/CIRISApiClient(14514): [getSystemStatus] Exception: UnknownHostException: Unable to resolve host "localhost": No address associated with hostname | Context: url=http://localhost:8080
04-15 20:24:34.060 E/CIRISApiClient(14514): [getSystemStatus] Exception: UnknownHostException: Unable to resolve host "localhost": No address associated with hostname | Context: url=http://localhost:8080
04-15 20:24:36.856 E/CIRISApiClient(14514): [getMessages] Exception: UnknownHostException: Unable to resolve host "localhost": No address associated with hostname | Context: limit=50, is401=false, tokenPresent=true, tokenPreview=ciris_ad...tSpA
04-15 20:24:36.862 W/InteractViewModel(14514): [fetchHistory] Non-auth error: UnknownHostException: Unable to resolve host "localhost": No address associated with hostname
04-15 20:24:36.881 E/CIRISApiClient(14514): [getAuditEntries] Exception: UnknownHostException: Unable to resolve host "localhost": No address associated with hostname
04-15 20:24:39.091 E/CIRISApiClient(14514): [getSystemStatus] Exception: UnknownHostException: Unable to resolve host "localhost": No address associated with hostname | Context: url=http://localhost:8080
04-15 20:24:39.099 E/CIRISApiClient(14514): [getSystemStatus] Exception: UnknownHostException: Unable to resolve host "localhost": No address associated with hostname | Context: url=http://localhost:8080
04-15 20:24:39.916 E/CIRISApiClient(14514): [getMessages] Exception: UnknownHostException: Unable to resolve host "localhost": No address associated with hostname | Context: limit=50, is401=false, tokenPresent=true, tokenPreview=ciris_ad...tSpA
04-15 20:24:39.925 W/InteractViewModel(14514): [fetchHistory] Non-auth error: UnknownHostException: Unable to resolve host "localhost": No address associated with hostname
04-15 20:24:39.947 E/CIRISApiClient(14514): [getAuditEntries] Exception: UnknownHostException: Unable to resolve host "localhost": No address associated with hostname
04-15 20:24:42.648 D/EnvFileUpdater(14514): Found CIRIS_HOME from env: /data/user/0/ai.ciris.mobile.debug/files/ciris
04-15 20:24:42.985 E/CIRISApiClient(14514): [getMessages] Exception: UnknownHostException: Unable to resolve host "localhost": No address associated with hostname | Context: limit=50, is401=false, tokenPresent=true, tokenPreview=ciris_ad...tSpA
04-15 20:24:42.992 W/InteractViewModel(14514): [fetchHistory] Non-auth error: UnknownHostException: Unable to resolve host "localhost": No address associated with hostname
04-15 20:24:43.014 E/CIRISApiClient(14514): [getAuditEntries] Exception: UnknownHostException: Unable to resolve host "localhost": No address associated with hostname
04-15 20:24:44.119 E/CIRISApiClient(14514): [getSystemStatus] Exception: UnknownHostException: Unable to resolve host "localhost": No address associated with hostname | Context: url=http://localhost:8080
04-15 20:24:44.126 E/CIRISApiClient(14514): [getSystemStatus] Exception: UnknownHostException: Unable to resolve host "localhost": No address associated with hostname | Context: url=http://localhost:8080
04-15 20:24:46.056 E/CIRISApiClient(14514): [getMessages] Exception: UnknownHostException: Unable to resolve host "localhost": No address associated with hostname | Context: limit=50, is401=false, tokenPresent=true, tokenPreview=ciris_ad...tSpA
04-15 20:24:46.065 W/InteractViewModel(14514): [fetchHistory] Non-auth error: UnknownHostException: Unable to resolve host "localhost": No address associated with hostname
04-15 20:24:46.090 E/CIRISApiClient(14514): [getAuditEntries] Exception: UnknownHostException: Unable to resolve host "localhost": No address associated with hostname
04-15 20:24:49.138 E/CIRISApiClient(14514): [getMessages] Exception: UnknownHostException: Unable to resolve host "localhost": No address associated with hostname | Context: limit=50, is401=false, tokenPresent=true, tokenPreview=ciris_ad...tSpA
04-15 20:24:49.143 W/InteractViewModel(14514): [fetchHistory] Non-auth error: UnknownHostException: Unable to resolve host "localhost": No address associated with hostname
04-15 20:24:49.159 E/CIRISApiClient(14514): [getSystemStatus] Exception: UnknownHostException: Unable to resolve host "localhost": No address associated with hostname | Context: url=http://localhost:8080
04-15 20:24:49.166 E/CIRISApiClient(14514): [getAuditEntries] Exception: UnknownHostException: Unable to resolve host "localhost": No address associated with hostname
04-15 20:24:49.170 E/CIRISApiClient(14514): [getSystemStatus] Exception: UnknownHostException: Unable to resolve host "localhost": No address associated with hostname | Context: url=http://localhost:8080
04-15 20:24:52.193 E/CIRISApiClient(14514): [getMessages] Exception: UnknownHostException: Unable to resolve host "localhost": No address associated with hostname | Context: limit=50, is401=false, tokenPresent=true, tokenPreview=ciris_ad...tSpA
04-15 20:24:52.198 W/InteractViewModel(14514): [fetchHistory] Non-auth error: UnknownHostException: Unable to resolve host "localhost": No address associated with hostname
04-15 20:24:52.216 E/CIRISApiClient(14514): [getAuditEntries] Exception: UnknownHostException: Unable to resolve host "localhost": No address associated with hostname
04-15 20:24:52.655 D/EnvFileUpdater(14514): Found CIRIS_HOME from env: /data/user/0/ai.ciris.mobile.debug/files/ciris
04-15 20:24:54.202 E/CIRISApiClient(14514): [getSystemStatus] Exception: UnknownHostException: Unable to resolve host "localhost": No address associated with hostname | Context: url=http://localhost:8080
04-15 20:24:54.210 E/CIRISApiClient(14514): [getSystemStatus] Exception: UnknownHostException: Unable to resolve host "localhost": No address associated with hostname | Context: url=http://localhost:8080
04-15 20:24:55.147 E/CIRISApiClient(14514): [getLlmConfig] Exception: UnknownHostException: Unable to resolve host "localhost": No address associated with hostname
04-15 20:24:55.153 W/InteractViewModel(14514): [fetchHealthData] Failed to fetch LLM config from API: Unable to resolve host "localhost": No address associated with hostname
04-15 20:24:55.175 E/CIRISApiClient(14514): [getVerifyStatus] Exception: UnknownHostException: Unable to resolve host "localhost": No address associated with hostname
04-15 20:24:55.179 I/CIRISApiClient(14514): [getWAStatus] Fetching WA status
04-15 20:24:55.197 E/CIRISApiClient(14514): [getWAStatus] Exception: UnknownHostException: Unable to resolve host "localhost": No address associated with hostname
04-15 20:24:55.239 E/CIRISApiClient(14514): [getMessages] Exception: UnknownHostException: Unable to resolve host "localhost": No address associated with hostname | Context: limit=50, is401=false, tokenPresent=true, tokenPreview=ciris_ad...tSpA
04-15 20:24:55.243 W/InteractViewModel(14514): [fetchHistory] Non-auth error: UnknownHostException: Unable to resolve host "localhost": No address associated with hostname
04-15 20:24:55.259 E/CIRISApiClient(14514): [getAuditEntries] Exception: UnknownHostException: Unable to resolve host "localhost": No address associated with hostname
04-15 20:24:58.297 E/CIRISApiClient(14514): [getMessages] Exception: UnknownHostException: Unable to resolve host "localhost": No address associated with hostname | Context: limit=50, is401=false, tokenPresent=true, tokenPreview=ciris_ad...tSpA
04-15 20:24:58.304 W/InteractViewModel(14514): [fetchHistory] Non-auth error: UnknownHostException: Unable to resolve host "localhost": No address associated with hostname
04-15 20:24:58.324 E/CIRISApiClient(14514): [getAuditEntries] Exception: UnknownHostException: Unable to resolve host "localhost": No address associated with hostname
04-15 20:24:59.240 E/CIRISApiClient(14514): [getSystemStatus] Exception: UnknownHostException: Unable to resolve host "localhost": No address associated with hostname | Context: url=http://localhost:8080
04-15 20:24:59.248 E/CIRISApiClient(14514): [getSystemStatus] Exception: UnknownHostException: Unable to resolve host "localhost": No address associated with hostname | Context: url=http://localhost:8080
04-15 20:25:01.353 E/CIRISApiClient(14514): [getMessages] Exception: UnknownHostException: Unable to resolve host "localhost": No address associated with hostname | Context: limit=50, is401=false, tokenPresent=true, tokenPreview=ciris_ad...tSpA
04-15 20:25:01.357 W/InteractViewModel(14514): [fetchHistory] Non-auth error: UnknownHostException: Unable to resolve host "localhost": No address associated with hostname
04-15 20:25:01.377 E/CIRISApiClient(14514): [getAuditEntries] Exception: UnknownHostException: Unable to resolve host "localhost": No address associated with hostname
04-15 20:25:02.660 D/EnvFileUpdater(14514): Found CIRIS_HOME from env: /data/user/0/ai.ciris.mobile.debug/files/ciris
04-15 20:25:04.280 E/CIRISApiClient(14514): [getSystemStatus] Exception: UnknownHostException: Unable to resolve host "localhost": No address associated with hostname | Context: url=http://localhost:8080
04-15 20:25:04.289 E/CIRISApiClient(14514): [getSystemStatus] Exception: UnknownHostException: Unable to resolve host "localhost": No address associated with hostname | Context: url=http://localhost:8080
04-15 20:25:04.404 E/CIRISApiClient(14514): [getMessages] Exception: UnknownHostException: Unable to resolve host "localhost": No address associated with hostname | Context: limit=50, is401=false, tokenPresent=true, tokenPreview=ciris_ad...tSpA
04-15 20:25:04.409 W/InteractViewModel(14514): [fetchHistory] Non-auth error: UnknownHostException: Unable to resolve host "localhost": No address associated with hostname
04-15 20:25:04.428 E/CIRISApiClient(14514): [getAuditEntries] Exception: UnknownHostException: Unable to resolve host "localhost": No address associated with hostname
04-15 20:25:07.465 E/CIRISApiClient(14514): [getMessages] Exception: UnknownHostException: Unable to resolve host "localhost": No address associated with hostname | Context: limit=50, is401=false, tokenPresent=true, tokenPreview=ciris_ad...tSpA
04-15 20:25:07.471 W/InteractViewModel(14514): [fetchHistory] Non-auth error: UnknownHostException: Unable to resolve host "localhost": No address associated with hostname
04-15 20:25:07.489 E/CIRISApiClient(14514): [getAuditEntries] Exception: UnknownHostException: Unable to resolve host "localhost": No address associated with hostname
04-15 20:25:09.318 E/CIRISApiClient(14514): [getSystemStatus] Exception: UnknownHostException: Unable to resolve host "localhost": No address associated with hostname | Context: url=http://localhost:8080
04-15 20:25:09.328 E/CIRISApiClient(14514): [getSystemStatus] Exception: UnknownHostException: Unable to resolve host "localhost": No address associated with hostname | Context: url=http://localhost:8080
04-15 20:25:10.517 E/CIRISApiClient(14514): [getMessages] Exception: UnknownHostException: Unable to resolve host "localhost": No address associated with hostname | Context: limit=50, is401=false, tokenPresent=true, tokenPreview=ciris_ad...tSpA
04-15 20:25:10.523 W/InteractViewModel(14514): [fetchHistory] Non-auth error: UnknownHostException: Unable to resolve host "localhost": No address associated with hostname
04-15 20:25:10.542 E/CIRISApiClient(14514): [getAuditEntries] Exception: UnknownHostException: Unable to resolve host "localhost": No address associated with hostname
04-15 20:25:12.667 D/EnvFileUpdater(14514): Found CIRIS_HOME from env: /data/user/0/ai.ciris.mobile.debug/files/ciris
04-15 20:25:13.577 E/CIRISApiClient(14514): [getMessages] Exception: UnknownHostException: Unable to resolve host "localhost": No address associated with hostname | Context: limit=50, is401=false, tokenPresent=true, tokenPreview=ciris_ad...tSpA
04-15 20:25:13.583 W/InteractViewModel(14514): [fetchHistory] Non-auth error: UnknownHostException: Unable to resolve host "localhost": No address associated with hostname
04-15 20:25:13.601 E/CIRISApiClient(14514): [getAuditEntries] Exception: UnknownHostException: Unable to resolve host "localhost": No address associated with hostname
04-15 20:25:14.359 E/CIRISApiClient(14514): [getSystemStatus] Exception: UnknownHostException: Unable to resolve host "localhost": No address associated with hostname | Context: url=http://localhost:8080
04-15 20:25:14.367 E/CIRISApiClient(14514): [getSystemStatus] Exception: UnknownHostException: Unable to resolve host "localhost": No address associated with hostname | Context: url=http://localhost:8080
04-15 20:25:16.625 E/CIRISApiClient(14514): [getMessages] Exception: UnknownHostException: Unable to resolve host "localhost": No address associated with hostname | Context: limit=50, is401=false, tokenPresent=true, tokenPreview=ciris_ad...tSpA
04-15 20:25:16.629 W/InteractViewModel(14514): [fetchHistory] Non-auth error: UnknownHostException: Unable to resolve host "localhost": No address associated with hostname
04-15 20:25:16.643 E/CIRISApiClient(14514): [getAuditEntries] Exception: UnknownHostException: Unable to resolve host "localhost": No address associated with hostname
04-15 20:25:19.397 E/CIRISApiClient(14514): [getSystemStatus] Exception: UnknownHostException: Unable to resolve host "localhost": No address associated with hostname | Context: url=http://localhost:8080
04-15 20:25:19.404 E/CIRISApiClient(14514): [getSystemStatus] Exception: UnknownHostException: Unable to resolve host "localhost": No address associated with hostname | Context: url=http://localhost:8080
04-15 20:25:19.679 E/CIRISApiClient(14514): [getMessages] Exception: UnknownHostException: Unable to resolve host "localhost": No address associated with hostname | Context: limit=50, is401=false, tokenPresent=true, tokenPreview=ciris_ad...tSpA
04-15 20:25:19.686 W/InteractViewModel(14514): [fetchHistory] Non-auth error: UnknownHostException: Unable to resolve host "localhost": No address associated with hostname
04-15 20:25:19.707 E/CIRISApiClient(14514): [getAuditEntries] Exception: UnknownHostException: Unable to resolve host "localhost": No address associated with hostname
04-15 20:25:22.674 D/EnvFileUpdater(14514): Found CIRIS_HOME from env: /data/user/0/ai.ciris.mobile.debug/files/ciris
04-15 20:25:22.744 E/CIRISApiClient(14514): [getMessages] Exception: UnknownHostException: Unable to resolve host "localhost": No address associated with hostname | Context: limit=50, is401=false, tokenPresent=true, tokenPreview=ciris_ad...tSpA
04-15 20:25:22.749 W/InteractViewModel(14514): [fetchHistory] Non-auth error: UnknownHostException: Unable to resolve host "localhost": No address associated with hostname
04-15 20:25:22.768 E/CIRISApiClient(14514): [getAuditEntries] Exception: UnknownHostException: Unable to resolve host "localhost": No address associated with hostname
04-15 20:25:24.434 E/CIRISApiClient(14514): [getSystemStatus] Exception: UnknownHostException: Unable to resolve host "localhost": No address associated with hostname | Context: url=http://localhost:8080
04-15 20:25:24.444 E/CIRISApiClient(14514): [getSystemStatus] Exception: UnknownHostException: Unable to resolve host "localhost": No address associated with hostname | Context: url=http://localhost:8080
04-15 20:25:25.238 E/CIRISApiClient(14514): [getLlmConfig] Exception: UnknownHostException: Unable to resolve host "localhost": No address associated with hostname
04-15 20:25:25.246 W/InteractViewModel(14514): [fetchHealthData] Failed to fetch LLM config from API: Unable to resolve host "localhost": No address associated with hostname
04-15 20:25:25.271 E/CIRISApiClient(14514): [getVerifyStatus] Exception: UnknownHostException: Unable to resolve host "localhost": No address associated with hostname
04-15 20:25:25.276 I/CIRISApiClient(14514): [getWAStatus] Fetching WA status
04-15 20:25:25.299 E/CIRISApiClient(14514): [getWAStatus] Exception: UnknownHostException: Unable to resolve host "localhost": No address associated with hostname
04-15 20:25:25.787 E/CIRISApiClient(14514): [getMessages] Exception: UnknownHostException: Unable to resolve host "localhost": No address associated with hostname | Context: limit=50, is401=false, tokenPresent=true, tokenPreview=ciris_ad...tSpA
04-15 20:25:25.791 W/InteractViewModel(14514): [fetchHistory] Non-auth error: UnknownHostException: Unable to resolve host "localhost": No address associated with hostname
04-15 20:25:25.804 E/CIRISApiClient(14514): [getAuditEntries] Exception: UnknownHostException: Unable to resolve host "localhost": No address associated with hostname
04-15 20:25:28.842 E/CIRISApiClient(14514): [getMessages] Exception: UnknownHostException: Unable to resolve host "localhost": No address associated with hostname | Context: limit=50, is401=false, tokenPresent=true, tokenPreview=ciris_ad...tSpA
04-15 20:25:28.848 W/InteractViewModel(14514): [fetchHistory] Non-auth error: UnknownHostException: Unable to resolve host "localhost": No address associated with hostname
04-15 20:25:28.866 E/CIRISApiClient(14514): [getAuditEntries] Exception: UnknownHostException: Unable to resolve host "localhost": No address associated with hostname
04-15 20:25:29.473 E/CIRISApiClient(14514): [getSystemStatus] Exception: UnknownHostException: Unable to resolve host "localhost": No address associated with hostname | Context: url=http://localhost:8080
04-15 20:25:29.483 E/CIRISApiClient(14514): [getSystemStatus] Exception: UnknownHostException: Unable to resolve host "localhost": No address associated with hostname | Context: url=http://localhost:8080
04-15 20:25:31.910 E/CIRISApiClient(14514): [getMessages] Exception: UnknownHostException: Unable to resolve host "localhost": No address associated with hostname | Context: limit=50, is401=false, tokenPresent=true, tokenPreview=ciris_ad...tSpA
04-15 20:25:31.918 W/InteractViewModel(14514): [fetchHistory] Non-auth error: UnknownHostException: Unable to resolve host "localhost": No address associated with hostname
04-15 20:25:31.937 E/CIRISApiClient(14514): [getAuditEntries] Exception: UnknownHostException: Unable to resolve host "localhost": No address associated with hostname
04-15 20:25:32.677 D/EnvFileUpdater(14514): Found CIRIS_HOME from env: /data/user/0/ai.ciris.mobile.debug/files/ciris
04-15 20:25:34.518 E/CIRISApiClient(14514): [getSystemStatus] Exception: UnknownHostException: Unable to resolve host "localhost": No address associated with hostname | Context: url=http://localhost:8080
04-15 20:25:34.528 E/CIRISApiClient(14514): [getSystemStatus] Exception: UnknownHostException: Unable to resolve host "localhost": No address associated with hostname | Context: url=http://localhost:8080
04-15 20:25:34.969 E/CIRISApiClient(14514): [getMessages] Exception: UnknownHostException: Unable to resolve host "localhost": No address associated with hostname | Context: limit=50, is401=false, tokenPresent=true, tokenPreview=ciris_ad...tSpA
04-15 20:25:34.976 W/InteractViewModel(14514): [fetchHistory] Non-auth error: UnknownHostException: Unable to resolve host "localhost": No address associated with hostname
04-15 20:25:34.999 E/CIRISApiClient(14514): [getAuditEntries] Exception: UnknownHostException: Unable to resolve host "localhost": No address associated with hostname
04-15 20:25:38.023 E/CIRISApiClient(14514): [getMessages] Exception: UnknownHostException: Unable to resolve host "localhost": No address associated with hostname | Context: limit=50, is401=false, tokenPresent=true, tokenPreview=ciris_ad...tSpA
04-15 20:25:38.027 W/InteractViewModel(14514): [fetchHistory] Non-auth error: UnknownHostException: Unable to resolve host "localhost": No address associated with hostname
04-15 20:25:38.041 E/CIRISApiClient(14514): [getAuditEntries] Exception: UnknownHostException: Unable to resolve host "localhost": No address associated with hostname
04-15 20:25:39.558 E/CIRISApiClient(14514): [getSystemStatus] Exception: UnknownHostException: Unable to resolve host "localhost": No address associated with hostname | Context: url=http://localhost:8080
04-15 20:25:39.568 E/CIRISApiClient(14514): [getSystemStatus] Exception: UnknownHostException: Unable to resolve host "localhost": No address associated with hostname | Context: url=http://localhost:8080
04-15 20:25:41.080 E/CIRISApiClient(14514): [getMessages] Exception: UnknownHostException: Unable to resolve host "localhost": No address associated with hostname | Context: limit=50, is401=false, tokenPresent=true, tokenPreview=ciris_ad...tSpA
04-15 20:25:41.086 W/InteractViewModel(14514): [fetchHistory] Non-auth error: UnknownHostException: Unable to resolve host "localhost": No address associated with hostname
04-15 20:25:41.106 E/CIRISApiClient(14514): [getAuditEntries] Exception: UnknownHostException: Unable to resolve host "localhost": No address associated with hostname
04-15 20:25:42.685 D/EnvFileUpdater(14514): Found CIRIS_HOME from env: /data/user/0/ai.ciris.mobile.debug/files/ciris
04-15 20:25:44.147 E/CIRISApiClient(14514): [getMessages] Exception: UnknownHostException: Unable to resolve host "localhost": No address associated with hostname | Context: limit=50, is401=false, tokenPresent=true, tokenPreview=ciris_ad...tSpA
04-15 20:25:44.155 W/InteractViewModel(14514): [fetchHistory] Non-auth error: UnknownHostException: Unable to resolve host "localhost": No address associated with hostname
04-15 20:25:44.175 E/CIRISApiClient(14514): [getAuditEntries] Exception: UnknownHostException: Unable to resolve host "localhost": No address associated with hostname
04-15 20:25:44.597 E/CIRISApiClient(14514): [getSystemStatus] Exception: UnknownHostException: Unable to resolve host "localhost": No address associated with hostname | Context: url=http://localhost:8080
04-15 20:25:44.608 E/CIRISApiClient(14514): [getSystemStatus] Exception: UnknownHostException: Unable to resolve host "localhost": No address associated with hostname | Context: url=http://localhost:8080
04-15 20:25:47.217 E/CIRISApiClient(14514): [getMessages] Exception: UnknownHostException: Unable to resolve host "localhost": No address associated with hostname | Context: limit=50, is401=false, tokenPresent=true, tokenPreview=ciris_ad...tSpA
04-15 20:25:47.226 W/InteractViewModel(14514): [fetchHistory] Non-auth error: UnknownHostException: Unable to resolve host "localhost": No address associated with hostname
04-15 20:25:47.246 E/CIRISApiClient(14514): [getAuditEntries] Exception: UnknownHostException: Unable to resolve host "localhost": No address associated with hostname
04-15 20:25:49.631 E/CIRISApiClient(14514): [getSystemStatus] Exception: UnknownHostException: Unable to resolve host "localhost": No address associated with hostname | Context: url=http://localhost:8080
04-15 20:25:49.637 E/CIRISApiClient(14514): [getSystemStatus] Exception: UnknownHostException: Unable to resolve host "localhost": No address associated with hostname | Context: url=http://localhost:8080
04-15 20:25:50.271 E/CIRISApiClient(14514): [getMessages] Exception: UnknownHostException: Unable to resolve host "localhost": No address associated with hostname | Context: limit=50, is401=false, tokenPresent=true, tokenPreview=ciris_ad...tSpA
04-15 20:25:50.275 W/InteractViewModel(14514): [fetchHistory] Non-auth error: UnknownHostException: Unable to resolve host "localhost": No address associated with hostname
04-15 20:25:50.287 E/CIRISApiClient(14514): [getAuditEntries] Exception: UnknownHostException: Unable to resolve host "localhost": No address associated with hostname
04-15 20:25:52.690 D/EnvFileUpdater(14514): Found CIRIS_HOME from env: /data/user/0/ai.ciris.mobile.debug/files/ciris
04-15 20:25:53.320 E/CIRISApiClient(14514): [getMessages] Exception: UnknownHostException: Unable to resolve host "localhost": No address associated with hostname | Context: limit=50, is401=false, tokenPresent=true, tokenPreview=ciris_ad...tSpA
04-15 20:25:53.326 W/InteractViewModel(14514): [fetchHistory] Non-auth error: UnknownHostException: Unable to resolve host "localhost": No address associated with hostname
04-15 20:25:53.344 E/CIRISApiClient(14514): [getAuditEntries] Exception: UnknownHostException: Unable to resolve host "localhost": No address associated with hostname
04-15 20:25:54.671 E/CIRISApiClient(14514): [getSystemStatus] Exception: UnknownHostException: Unable to resolve host "localhost": No address associated with hostname | Context: url=http://localhost:8080
04-15 20:25:54.678 E/CIRISApiClient(14514): [getSystemStatus] Exception: UnknownHostException: Unable to resolve host "localhost": No address associated with hostname | Context: url=http://localhost:8080
04-15 20:25:55.343 E/CIRISApiClient(14514): [getLlmConfig] Exception: UnknownHostException: Unable to resolve host "localhost": No address associated with hostname
04-15 20:25:55.349 W/InteractViewModel(14514): [fetchHealthData] Failed to fetch LLM config from API: Unable to resolve host "localhost": No address associated with hostname
04-15 20:25:55.369 E/CIRISApiClient(14514): [getVerifyStatus] Exception: UnknownHostException: Unable to resolve host "localhost": No address associated with hostname
04-15 20:25:55.374 I/CIRISApiClient(14514): [getWAStatus] Fetching WA status
04-15 20:25:55.392 E/CIRISApiClient(14514): [getWAStatus] Exception: UnknownHostException: Unable to resolve host "localhost": No address associated with hostname
04-15 20:25:56.373 E/CIRISApiClient(14514): [getMessages] Exception: UnknownHostException: Unable to resolve host "localhost": No address associated with hostname | Context: limit=50, is401=false, tokenPresent=true, tokenPreview=ciris_ad...tSpA
04-15 20:25:56.378 W/InteractViewModel(14514): [fetchHistory] Non-auth error: UnknownHostException: Unable to resolve host "localhost": No address associated with hostname
04-15 20:25:56.399 E/CIRISApiClient(14514): [getAuditEntries] Exception: UnknownHostException: Unable to resolve host "localhost": No address associated with hostname
04-15 20:25:59.427 E/CIRISApiClient(14514): [getMessages] Exception: UnknownHostException: Unable to resolve host "localhost": No address associated with hostname | Context: limit=50, is401=false, tokenPresent=true, tokenPreview=ciris_ad...tSpA
04-15 20:25:59.431 W/InteractViewModel(14514): [fetchHistory] Non-auth error: UnknownHostException: Unable to resolve host "localhost": No address associated with hostname
04-15 20:25:59.447 E/CIRISApiClient(14514): [getAuditEntries] Exception: UnknownHostException: Unable to resolve host "localhost": No address associated with hostname
04-15 20:25:59.692 E/CIRISApiClient(14514): [getSystemStatus] Exception: UnknownHostException: Unable to resolve host "localhost": No address associated with hostname | Context: url=http://localhost:8080
04-15 20:25:59.697 E/CIRISApiClient(14514): [getSystemStatus] Exception: UnknownHostException: Unable to resolve host "localhost": No address associated with hostname | Context: url=http://localhost:8080
04-15 20:26:02.480 E/CIRISApiClient(14514): [getMessages] Exception: UnknownHostException: Unable to resolve host "localhost": No address associated with hostname | Context: limit=50, is401=false, tokenPresent=true, tokenPreview=ciris_ad...tSpA
04-15 20:26:02.487 W/InteractViewModel(14514): [fetchHistory] Non-auth error: UnknownHostException: Unable to resolve host "localhost": No address associated with hostname
04-15 20:26:02.506 E/CIRISApiClient(14514): [getAuditEntries] Exception: UnknownHostException: Unable to resolve host "localhost": No address associated with hostname
04-15 20:26:02.698 D/EnvFileUpdater(14514): Found CIRIS_HOME from env: /data/user/0/ai.ciris.mobile.debug/files/ciris
04-15 20:26:04.737 E/CIRISApiClient(14514): [getSystemStatus] Exception: UnknownHostException: Unable to resolve host "localhost": No address associated with hostname | Context: url=http://localhost:8080
04-15 20:26:04.745 E/CIRISApiClient(14514): [getSystemStatus] Exception: UnknownHostException: Unable to resolve host "localhost": No address associated with hostname | Context: url=http://localhost:8080
04-15 20:26:05.535 E/CIRISApiClient(14514): [getMessages] Exception: UnknownHostException: Unable to resolve host "localhost": No address associated with hostname | Context: limit=50, is401=false, tokenPresent=true, tokenPreview=ciris_ad...tSpA
04-15 20:26:05.541 W/InteractViewModel(14514): [fetchHistory] Non-auth error: UnknownHostException: Unable to resolve host "localhost": No address associated with hostname
04-15 20:26:05.555 E/CIRISApiClient(14514): [getAuditEntries] Exception: UnknownHostException: Unable to resolve host "localhost": No address associated with hostname
04-15 20:26:08.591 E/CIRISApiClient(14514): [getMessages] Exception: UnknownHostException: Unable to resolve host "localhost": No address associated with hostname | Context: limit=50, is401=false, tokenPresent=true, tokenPreview=ciris_ad...tSpA
04-15 20:26:08.597 W/InteractViewModel(14514): [fetchHistory] Non-auth error: UnknownHostException: Unable to resolve host "localhost": No address associated with hostname
04-15 20:26:08.615 E/CIRISApiClient(14514): [getAuditEntries] Exception: UnknownHostException: Unable to resolve host "localhost": No address associated with hostname
04-15 20:26:09.777 E/CIRISApiClient(14514): [getSystemStatus] Exception: UnknownHostException: Unable to resolve host "localhost": No address associated with hostname | Context: url=http://localhost:8080
04-15 20:26:09.784 E/CIRISApiClient(14514): [getSystemStatus] Exception: UnknownHostException: Unable to resolve host "localhost": No address associated with hostname | Context: url=http://localhost:8080
04-15 20:26:11.657 E/CIRISApiClient(14514): [getMessages] Exception: UnknownHostException: Unable to resolve host "localhost": No address associated with hostname | Context: limit=50, is401=false, tokenPresent=true, tokenPreview=ciris_ad...tSpA
04-15 20:26:11.666 W/InteractViewModel(14514): [fetchHistory] Non-auth error: UnknownHostException: Unable to resolve host "localhost": No address associated with hostname
04-15 20:26:11.689 E/CIRISApiClient(14514): [getAuditEntries] Exception: UnknownHostException: Unable to resolve host "localhost": No address associated with hostname
04-15 20:26:12.705 D/EnvFileUpdater(14514): Found CIRIS_HOME from env: /data/user/0/ai.ciris.mobile.debug/files/ciris
04-15 20:26:14.730 E/CIRISApiClient(14514): [getMessages] Exception: UnknownHostException: Unable to resolve host "localhost": No address associated with hostname | Context: limit=50, is401=false, tokenPresent=true, tokenPreview=ciris_ad...tSpA
04-15 20:26:14.738 W/InteractViewModel(14514): [fetchHistory] Non-auth error: UnknownHostException: Unable to resolve host "localhost": No address associated with hostname
04-15 20:26:14.759 E/CIRISApiClient(14514): [getAuditEntries] Exception: UnknownHostException: Unable to resolve host "localhost": No address associated with hostname
04-15 20:26:14.808 E/CIRISApiClient(14514): [getSystemStatus] Exception: UnknownHostException: Unable to resolve host "localhost": No address associated with hostname | Context: url=http://localhost:8080
04-15 20:26:14.814 E/CIRISApiClient(14514): [getSystemStatus] Exception: UnknownHostException: Unable to resolve host "localhost": No address associated with hostname | Context: url=http://localhost:8080
04-15 20:26:37.439 I/MainActivity(18704): Initializing Python runtime...
04-15 20:26:37.854 W/chromium(11852): [WARNING:components/sync/engine/syncer_proto_util.cc:430] Error posting from syncer: Response Code (bogus on error): -1 Content-Length (bogus on error): -1 Server Status: CONNECTION_UNAVAILABLE
04-15 20:26:37.854 W/chromium(11852): [WARNING:components/sync/engine/commit.cc:182] Post commit failed
04-15 20:26:39.205 I/MainActivity(18704): Python runtime started
04-15 20:26:39.209 I/MainActivity(18704): Localization resource loader initialized
04-15 20:26:39.524 I/MainActivity(18704): Google Sign-In initialized with client ID: 265882853697-l421ndo...
04-15 20:26:39.524 I/MainActivity(18704): Initializing Google Play Billing...
04-15 20:26:39.760 I/CIRISApiClient(18704): [init] CIRISApiClient initialized with baseUrl=http://localhost:8080
04-15 20:26:39.847 I/MainActivity(18704): Google Play Billing initialized
04-15 20:26:39.859 I/MainActivity(18704): Google Play Integrity initialized (via Python API)
04-15 20:26:40.645 I/MainActivity(18704): Running CIRIS network diagnostics...
04-15 20:26:40.658 I/MainActivity(18704): Starting logcat reader (generation 1)
04-15 20:26:40.659 I/MainActivity(18704): Showing CIRISApp immediately for startup animation
04-15 20:26:40.661 I/MainActivity(18704): Starting PythonRuntimeService...
04-15 20:26:40.692 D/CIRISApp(18704): [INIT] CIRISApp composable invoked - googleSignInCallback=PRESENT (113745579)
04-15 20:26:40.706 I/CIRISApiClient(18704): [init] CIRISApiClient initialized with baseUrl=http://localhost:8080
04-15 20:26:40.715 I/TokenManager(18704): [setShared] Shared TokenManager instance set
04-15 20:26:40.725 I/InteractViewModel(18704): [init] InteractViewModel initialized (polling deferred until token available)
04-15 20:26:40.725 I/InteractViewModel(18704): [setDeviceAttestationCallback] Device attestation callback SET
04-15 20:26:40.726 I/InteractViewModel(18704): [observeLanguageChanges] Starting language observation for pipeline localization
04-15 20:26:40.730 I/SettingsViewModel(18704): [loadDisplaySettings] >>> Loading live_background_enabled from secure storage...
04-15 20:26:40.732 I/CIRISApiClient(18704): [getCirisServicesStatus] GET http://localhost:8080/v1/system/llm/ciris-services/status
04-15 20:26:40.751 I/BillingViewModel(18704): [init] BillingViewModel initialized
04-15 20:26:40.909 I/CIRISApp(18704): Test mode enabled on mobile — starting test automation server
04-15 20:26:40.910 I/CIRISApp(18704): Initializing localization...
04-15 20:26:40.911 I/MainActivity(18704): Setting purchase result callback
04-15 20:26:41.003 I/python.stdout(18704): ============================================================
04-15 20:26:41.003 I/python.stdout(18704): PYDANTIC_CORE NATIVE LIBRARY SETUP
04-15 20:26:41.003 I/python.stdout(18704): ============================================================
04-15 20:26:41.003 I/python.stdout(18704): [1/6] Architecture: arm64-v8a (machine=aarch64)
04-15 20:26:41.003 I/python.stdout(18704): [2/6] Extract target: /data/data/ai.ciris.mobile.debug/files/chaquopy/extract-packages
04-15 20:26:41.005 I/python.stdout(18704): [3/6] Found existing .so: _pydantic_core.cpython-310-aarch64-linux-android.so
04-15 20:26:41.005 I/python.stdout(18704): [4/6] No cached modules to clear
04-15 20:26:41.005 I/python.stdout(18704): [5/6] sys.path[0] = /data/data/ai.ciris.mobile.debug/files/chaquopy/extract-packages
04-15 20:26:41.005 I/python.stdout(18704): [5/6] Installed PydanticCoreFinder at meta_path[0]
04-15 20:26:41.005 I/python.stdout(18704): [6/6] Testing native library load...
04-15 20:26:41.009 I/python.stdout(18704): [6/6] ctypes.CDLL: SUCCESS
04-15 20:26:41.009 W/python.stderr(18704): <frozen importlib._bootstrap>:914: ImportWarning: PydanticCoreFinder.find_spec() not found; falling back to find_module()
04-15 20:26:41.010 W/python.stderr(18704): <frozen importlib._bootstrap>:671: ImportWarning: PydanticCoreFinder.exec_module() not found; falling back to load_module()
04-15 20:26:41.015 D/MainActivity(18704): Prep step 1/6: [1/6] Architecture: arm64-v8a (machine=aarch64)
04-15 20:26:41.016 D/MainActivity(18704): Prep step 2/6: [2/6] Extract target: /data/data/ai.ciris.mobile.debug/files/chaquopy/extract-packages
04-15 20:26:41.017 D/MainActivity(18704): Prep step 3/6: [3/6] Found existing .so: _pydantic_core.cpython-310-aarch64-linux-android.so
04-15 20:26:41.017 D/MainActivity(18704): Prep step 4/6: [4/6] No cached modules to clear
04-15 20:26:41.017 D/MainActivity(18704): Prep step 5/6: [5/6] sys.path[0] = /data/data/ai.ciris.mobile.debug/files/chaquopy/extract-packages
04-15 20:26:41.018 D/MainActivity(18704): Prep step 5/6: [5/6] Installed PydanticCoreFinder at meta_path[0]
04-15 20:26:41.018 D/MainActivity(18704): Prep step 6/6: [6/6] Testing native library load...
04-15 20:26:41.019 D/MainActivity(18704): Prep step 6/6: [6/6] ctypes.CDLL: SUCCESS
04-15 20:26:41.043 I/python.stdout(18704): [6/6] import pydantic_core: SUCCESS (v2.23.4)
04-15 20:26:41.043 I/python.stdout(18704): [6/6] Location: /data/data/ai.ciris.mobile.debug/files/chaquopy/extract-packages/pydantic_core/__init__.py
04-15 20:26:41.043 I/python.stdout(18704): ============================================================
04-15 20:26:41.043 I/python.stdout(18704): PYDANTIC_CORE READY
04-15 20:26:41.043 I/python.stdout(18704): ============================================================
04-15 20:26:41.044 I/python.stdout(18704): INFO: mobile_main: CIRIS Mobile - Full On-Device Runtime (LLM Remote)
04-15 20:26:41.046 D/MainActivity(18704): Prep step 6/6: [6/6] import pydantic_core: SUCCESS (v2.23.4)
04-15 20:26:41.048 D/MainActivity(18704): Prep step 6/6: [6/6] Location: /data/data/ai.ciris.mobile.debug/files/chaquopy/extract-packages/pydantic_core/__init__.py
