03-28 11:41:15.489 I/CIRISApiClient( 3787): [googleAuth] Google auth successful: userId=google:115300315355793131383, role=SYSTEM_ADMIN
03-28 11:41:15.492 I/CIRISApp( 3787):  Got CIRIS access token: ciris_ad...2IYg
03-28 11:41:15.493 I/CIRISApiClient( 3787): [setAccessToken] Setting access token: ciris_ad...2IYg, length=55
03-28 11:41:15.495 I/CIRISApiClient( 3787): [setAccessToken] Bearer token set on all API instances (13 APIs)
03-28 11:41:15.496 I/MainActivity( 3787): Token updated, setting on billing apiClient
03-28 11:41:15.496 I/CIRISApiClient( 3787): [setAccessToken] Setting access token: ciris_ad...2IYg, length=55
03-28 11:41:15.498 I/CIRISApiClient( 3787): [setAccessToken] Bearer token set on all API instances (13 APIs)
03-28 11:41:15.499 I/CIRISApiClient( 3787): [logTokenState] === TOKEN STATE DEBUG ===
03-28 11:41:15.499 I/CIRISApiClient( 3787): [logTokenState] accessToken present: true
03-28 11:41:15.500 I/CIRISApiClient( 3787): [logTokenState] accessToken preview: ciris_ad...2IYg
03-28 11:41:15.501 I/CIRISApiClient( 3787): [logTokenState] accessToken length: 55
03-28 11:41:15.501 I/CIRISApiClient( 3787): [logTokenState] authHeader() returns: Bearer <token>
03-28 11:41:15.502 I/CIRISApiClient( 3787): [logTokenState] =========================
03-28 11:41:15.505 D/CIRISApp( 3787): [INIT] CIRISApp composable invoked - googleSignInCallback=PRESENT (121731408)
03-28 11:41:15.508 I/InteractViewModel( 3787): [setDeviceAttestationCallback] Device attestation callback SET
03-28 11:41:15.558 I/CIRISApp( 3787):  Refreshed CIRIS token saved to secure storage
03-28 11:41:15.559 I/CIRISApp( 3787):  Writing OAuth ID token to .env for Python billing...
03-28 11:41:15.561 D/EnvFileUpdater( 3787): Found CIRIS_HOME from env: /data/user/0/ai.ciris.mobile.debug/files/ciris
03-28 11:41:15.564 I/EnvFileUpdater( 3787): Read .env file (7720 bytes)
03-28 11:41:15.575 I/EnvFileUpdater( 3787): CIRIS proxy mode detected - updating OPENAI_API_KEY
03-28 11:41:15.580 I/EnvFileUpdater( 3787): Updated OPENAI_API_KEY
03-28 11:41:15.582 I/EnvFileUpdater( 3787): Updated CIRIS_BILLING_GOOGLE_ID_TOKEN
03-28 11:41:15.583 I/EnvFileUpdater( 3787): .env file updated (proxy mode: true)
03-28 11:41:15.583 D/EnvFileUpdater( 3787): Found CIRIS_HOME from env: /data/user/0/ai.ciris.mobile.debug/files/ciris
03-28 11:41:15.583 I/EnvFileUpdater( 3787): Config reload signal written to /data/user/0/ai.ciris.mobile.debug/files/ciris/.config_reload
03-28 11:41:15.585 I/CIRISApp( 3787):  .env updated, .config_reload signal written
03-28 11:41:15.586 I/CIRISApp( 3787):  Waiting 1.5s for Python to reload billing token...
03-28 11:41:15.950 I/python.stdout( 3787): [11:41:15.950] [STATE] Transition: shutdown -> work
03-28 11:41:17.089 I/CIRISApp( 3787):  Python reload wait complete
03-28 11:41:17.126 I/CIRISApp( 3787):  Token exchange completed
03-28 11:41:17.286 I/CIRISApp( 3787):  Agent state: WORK
03-28 11:41:17.290 I/CIRISApp( 3787):  Agent reached WORK state!
03-28 11:41:17.803 I/CIRISApp( 3787):  Triggering data load for ViewModels after token set
03-28 11:41:17.806 I/BillingViewModel( 3787): [loadBalance] Loading credit balance...
03-28 11:41:17.833 I/CIRISApiClient( 3787): [listAdapters] Listing adapters
03-28 11:41:17.844 I/InteractViewModel( 3787): [startPolling] Starting polling and SSE streams
03-28 11:41:17.846 I/InteractViewModel( 3787): [startStatusPolling] Starting status polling (fast until agent ready)
03-28 11:41:17.857 I/InteractViewModel( 3787): [startMessagePolling] Starting message polling (interval=3000ms)
03-28 11:41:17.867 I/InteractViewModel( 3787): [startHealthPolling] Starting health polling (fast until LLM ready)
03-28 11:41:17.872 I/InteractViewModel( 3787): [startTrustPendingPolling] Starting trust pending polling (interval=5000ms)
03-28 11:41:17.872 I/InteractViewModel( 3787): [startSseStream] Starting SSE reasoning stream
03-28 11:41:17.878 I/InteractViewModel( 3787): [fetchWalletStatus] Fetching adapters list to check wallet status
03-28 11:41:17.878 I/CIRISApiClient( 3787): [listAdapters] Listing adapters
03-28 11:41:17.883 I/CIRISApp( 3787):  Running boot-time attestation check...
03-28 11:41:17.884 D/CIRISApp( 3787): [INIT] CIRISApp composable invoked - googleSignInCallback=PRESENT (121731408)
03-28 11:41:17.886 I/InteractViewModel( 3787): [setDeviceAttestationCallback] Device attestation callback SET
03-28 11:41:17.892 D/CIRISApp( 3787): [CIRISApp] >>> liveBackgroundEnabled=true, apiClient=present
03-28 11:41:18.236 I/CIRISApiClient( 3787): [getGraphData] >>> START: hours=24, scope=ALL_SCOPES, type=null, limit=200
03-28 11:41:18.236 I/CIRISApiClient( 3787): [getGraphData] Fetching timeline: http://localhost:8080/v1/memory/timeline?hours=24&include_edges=true&include_metrics=false
03-28 11:41:20.043 I/CIRISApp( 3787):  Boot attestation: loaded=true, maxLevel=1, dns_us=true, dns_eu=true, https=true
03-28 11:41:20.049 I/InteractViewModel( 3787): [startStatusPolling] Agent ready with state: WORK
03-28 11:41:20.049 I/InteractViewModel( 3787): [startStatusPolling] Connection state changed: false -> true
03-28 11:41:20.438 I/InteractViewModel( 3787): [startSseStream] SSE connected
03-28 11:41:20.526 I/CIRISApiClient( 3787): [listAdapters] API response: total=7, running=7, adapters.size=7
03-28 11:41:20.527 I/CIRISApiClient( 3787): [listAdapters]   API adapter[0]: id=cirisverify_bootstrap, type=cirisverify, running=true
03-28 11:41:20.527 I/CIRISApiClient( 3787): [listAdapters]   API adapter[1]: id=wallet_bootstrap, type=wallet, running=true
03-28 11:41:20.527 I/CIRISApiClient( 3787): [listAdapters]   API adapter[2]: id=api_bootstrap, type=api, running=true
03-28 11:41:20.528 I/CIRISApiClient( 3787): [listAdapters]   API adapter[3]: id=weather, type=weather, running=true
03-28 11:41:20.528 I/CIRISApiClient( 3787): [listAdapters]   API adapter[4]: id=ciris_accord_metrics, type=ciris_accord_metrics, running=true
03-28 11:41:20.528 I/CIRISApiClient( 3787): [listAdapters]   API adapter[5]: id=ciris_hosted_tools, type=ciris_hosted_tools, running=true
03-28 11:41:20.529 I/CIRISApiClient( 3787): [listAdapters]   API adapter[6]: id=navigation, type=navigation, running=true
03-28 11:41:20.529 I/InteractViewModel( 3787): [fetchWalletStatus] Wallet adapter found: isRunning=true
03-28 11:41:20.546 I/CIRISApiClient( 3787): [listAdapters] API response: total=7, running=7, adapters.size=7
03-28 11:41:20.546 I/CIRISApiClient( 3787): [listAdapters]   API adapter[0]: id=cirisverify_bootstrap, type=cirisverify, running=true
03-28 11:41:20.547 I/CIRISApiClient( 3787): [listAdapters]   API adapter[1]: id=wallet_bootstrap, type=wallet, running=true
03-28 11:41:20.547 I/CIRISApiClient( 3787): [listAdapters]   API adapter[2]: id=api_bootstrap, type=api, running=true
03-28 11:41:20.547 I/CIRISApiClient( 3787): [listAdapters]   API adapter[3]: id=weather, type=weather, running=true
03-28 11:41:20.547 I/CIRISApiClient( 3787): [listAdapters]   API adapter[4]: id=ciris_accord_metrics, type=ciris_accord_metrics, running=true
03-28 11:41:20.548 I/CIRISApiClient( 3787): [listAdapters]   API adapter[5]: id=ciris_hosted_tools, type=ciris_hosted_tools, running=true
03-28 11:41:20.548 I/CIRISApiClient( 3787): [listAdapters]   API adapter[6]: id=navigation, type=navigation, running=true
03-28 11:41:20.814 I/InteractViewModel( 3787): [fetchTrustStatus] Trust level changed: 0 -> 1
03-28 11:41:20.818 I/InteractViewModel( 3787): [fetchTrustStatus] Level pending changed: false -> true
03-28 11:41:20.820 I/InteractViewModel( 3787): [startTrustPendingPolling] Level pending=true, triggering device attestation automatically...
03-28 11:41:20.822 I/MainActivity( 3787): Device attestation requested
03-28 11:41:20.825 I/CIRISApiClient( 3787): [getPlayIntegrityNonce] Requesting Play Integrity nonce from Python API
03-28 11:41:20.943 I/CIRISApiClient( 3787): [getGraphData] <<< DONE in 2707ms (single API call)
03-28 11:41:20.945 I/CIRISApiClient( 3787): [getGraphData]     Nodes: 78 ({local=71, identity=7})
03-28 11:41:20.945 I/CIRISApiClient( 3787): [getGraphData]     Edges: 0 total, 0 visible
03-28 11:41:20.945 I/CIRISApiClient( 3787): [getGraphData]     Edge types: {}
03-28 11:41:20.946 I/CIRISApiClient( 3787): [getGraphData]     INFO: No edges found - nodes may not have relationships yet
03-28 11:41:21.273 I/BillingViewModel( 3787): [loadBalance] Credit status loaded: hasCredit=true, creditsRemaining=424, freeUsesRemaining=0, dailyFreeUsesRemaining=2, planName=CIRIS Mobile
03-28 11:41:21.275 I/BillingViewModel( 3787): [loadBalance] Total credits calculated: 426
03-28 11:41:21.346 I/CIRISApiClient( 3787): [getPlayIntegrityNonce] Got nonce: yMGPcNHDJlBkU-nLgJ1A...
03-28 11:41:21.360 I/InteractViewModel( 3787): [startMessagePolling] First load complete
03-28 11:41:21.467 I/InteractViewModel( 3787): [startHealthPolling] LLM health ready: provider=other
03-28 11:41:22.378 I/MainActivity( 3787): Device attestation result: Error(message=Failed to get Play Integrity token: -16: Integrity API error (-16): The provided cloud project number is invalid.
03-28 11:41:22.378 I/MainActivity( 3787): Use the cloud project number which can be found in Project info in your Google Cloud Console for the cloud project where Play Integrity API is enabled.
03-28 11:41:22.378 I/MainActivity( 3787):  (https://developer.android.com/google/play/integrity/reference/com/google/android/play/core/integrity/model/IntegrityErrorCode.html#CLOUD_PROJECT_NUMBER_IS_INVALID).)
03-28 11:41:22.378 I/InteractViewModel( 3787): [startTrustPendingPolling] Device attestation completed: Error(message=Failed to get Play Integrity token: -16: Integrity API error (-16): The provided cloud project number is invalid.
03-28 11:41:22.378 I/InteractViewModel( 3787): Use the cloud project number which can be found in Project info in your Google Cloud Console for the cloud project where Play Integrity API is enabled.
03-28 11:41:22.378 I/InteractViewModel( 3787):  (https://developer.android.com/google/play/integrity/reference/com/google/android/play/core/integrity/model/IntegrityErrorCode.html#CLOUD_PROJECT_NUMBER_IS_INVALID).)
03-28 11:41:24.321 D/EnvFileUpdater( 3787): Found CIRIS_HOME from env: /data/user/0/ai.ciris.mobile.debug/files/ciris
03-28 11:41:24.796 I/InteractViewModel( 3787): [startTrustPendingPolling] Trust status refreshed after device attestation
03-28 11:41:34.323 D/EnvFileUpdater( 3787): Found CIRIS_HOME from env: /data/user/0/ai.ciris.mobile.debug/files/ciris
03-28 11:41:44.325 D/EnvFileUpdater( 3787): Found CIRIS_HOME from env: /data/user/0/ai.ciris.mobile.debug/files/ciris
03-28 11:41:49.448 E/chromium(30975): [ERROR:cc/tiles/tile_manager.cc:997] WARNING: tile memory limits exceeded, some content may not draw
03-28 11:41:49.464 E/chromium(30975): [ERROR:cc/tiles/tile_manager.cc:997] WARNING: tile memory limits exceeded, some content may not draw
03-28 11:41:49.483 E/chromium(30975): [ERROR:cc/tiles/tile_manager.cc:997] WARNING: tile memory limits exceeded, some content may not draw
03-28 11:41:49.483 E/chromium(30975): [ERROR:cc/tiles/tile_manager.cc:997] WARNING: tile memory limits exceeded, some content may not draw
03-28 11:41:49.550 E/chromium(30975): [ERROR:cc/tiles/tile_manager.cc:997] WARNING: tile memory limits exceeded, some content may not draw
03-28 11:41:49.550 E/chromium(30975): [ERROR:cc/tiles/tile_manager.cc:997] WARNING: tile memory limits exceeded, some content may not draw
03-28 11:41:49.560 E/chromium(30975): [ERROR:cc/tiles/tile_manager.cc:997] WARNING: tile memory limits exceeded, some content may not draw
03-28 11:41:49.562 E/chromium(30975): [ERROR:cc/tiles/tile_manager.cc:997] WARNING: tile memory limits exceeded, some content may not draw
03-28 11:41:49.581 E/chromium(30975): [ERROR:cc/tiles/tile_manager.cc:997] WARNING: tile memory limits exceeded, some content may not draw
03-28 11:41:49.583 E/chromium(30975): [ERROR:cc/tiles/tile_manager.cc:997] WARNING: tile memory limits exceeded, some content may not draw
03-28 11:41:49.655 E/chromium(30975): [ERROR:cc/tiles/tile_manager.cc:997] WARNING: tile memory limits exceeded, some content may not draw
03-28 11:41:49.655 E/chromium(30975): [ERROR:cc/tiles/tile_manager.cc:997] WARNING: tile memory limits exceeded, some content may not draw
03-28 11:41:49.656 E/chromium(30975): [ERROR:cc/tiles/tile_manager.cc:997] WARNING: tile memory limits exceeded, some content may not draw
03-28 11:41:49.660 E/chromium(30975): [ERROR:cc/tiles/tile_manager.cc:997] WARNING: tile memory limits exceeded, some content may not draw
03-28 11:41:49.673 E/chromium(30975): [ERROR:cc/tiles/tile_manager.cc:997] WARNING: tile memory limits exceeded, some content may not draw
03-28 11:41:49.674 E/chromium(30975): [ERROR:cc/tiles/tile_manager.cc:997] WARNING: tile memory limits exceeded, some content may not draw
03-28 11:41:49.674 E/chromium(30975): [ERROR:cc/tiles/tile_manager.cc:997] WARNING: tile memory limits exceeded, some content may not draw
03-28 11:41:49.674 E/chromium(30975): [ERROR:cc/tiles/tile_manager.cc:997] WARNING: tile memory limits exceeded, some content may not draw
03-28 11:41:50.347 E/chromium(30975): [ERROR:cc/tiles/tile_manager.cc:997] WARNING: tile memory limits exceeded, some content may not draw
03-28 11:41:50.348 E/chromium(30975): [ERROR:cc/tiles/tile_manager.cc:997] WARNING: tile memory limits exceeded, some content may not draw
03-28 11:41:50.348 E/chromium(30975): [ERROR:cc/tiles/tile_manager.cc:997] WARNING: tile memory limits exceeded, some content may not draw
03-28 11:41:50.348 E/chromium(30975): [ERROR:cc/tiles/tile_manager.cc:997] WARNING: tile memory limits exceeded, some content may not draw
03-28 11:41:50.371 E/chromium(30975): [ERROR:cc/tiles/tile_manager.cc:997] WARNING: tile memory limits exceeded, some content may not draw
03-28 11:41:50.373 E/chromium(30975): [ERROR:cc/tiles/tile_manager.cc:997] WARNING: tile memory limits exceeded, some content may not draw
03-28 11:41:50.374 E/chromium(30975): [ERROR:cc/tiles/tile_manager.cc:997] WARNING: tile memory limits exceeded, some content may not draw
03-28 11:41:50.374 E/chromium(30975): [ERROR:cc/tiles/tile_manager.cc:997] WARNING: tile memory limits exceeded, some content may not draw
03-28 11:41:50.394 E/chromium(30975): [ERROR:cc/tiles/tile_manager.cc:997] WARNING: tile memory limits exceeded, some content may not draw
03-28 11:41:50.394 E/chromium(30975): [ERROR:cc/tiles/tile_manager.cc:997] WARNING: tile memory limits exceeded, some content may not draw
03-28 11:41:50.394 E/chromium(30975): [ERROR:cc/tiles/tile_manager.cc:997] WARNING: tile memory limits exceeded, some content may not draw
03-28 11:41:50.394 E/chromium(30975): [ERROR:cc/tiles/tile_manager.cc:997] WARNING: tile memory limits exceeded, some content may not draw
03-28 11:41:50.440 E/chromium(30975): [ERROR:cc/tiles/tile_manager.cc:997] WARNING: tile memory limits exceeded, some content may not draw
03-28 11:41:50.440 E/chromium(30975): [ERROR:cc/tiles/tile_manager.cc:997] WARNING: tile memory limits exceeded, some content may not draw
03-28 11:41:50.440 E/chromium(30975): [ERROR:cc/tiles/tile_manager.cc:997] WARNING: tile memory limits exceeded, some content may not draw
03-28 11:41:50.441 E/chromium(30975): [ERROR:cc/tiles/tile_manager.cc:997] WARNING: tile memory limits exceeded, some content may not draw
03-28 11:41:50.441 E/chromium(30975): [ERROR:cc/tiles/tile_manager.cc:997] WARNING: tile memory limits exceeded, some content may not draw
03-28 11:41:50.469 E/chromium(30975): [ERROR:cc/tiles/tile_manager.cc:997] WARNING: tile memory limits exceeded, some content may not draw
03-28 11:41:50.469 E/chromium(30975): [ERROR:cc/tiles/tile_manager.cc:997] WARNING: tile memory limits exceeded, some content may not draw
03-28 11:41:54.327 D/EnvFileUpdater( 3787): Found CIRIS_HOME from env: /data/user/0/ai.ciris.mobile.debug/files/ciris
03-28 11:42:04.328 D/EnvFileUpdater( 3787): Found CIRIS_HOME from env: /data/user/0/ai.ciris.mobile.debug/files/ciris
03-28 11:42:14.330 D/EnvFileUpdater( 3787): Found CIRIS_HOME from env: /data/user/0/ai.ciris.mobile.debug/files/ciris
03-28 11:42:14.679 W/chromium(  604): [WARNING:components/sync/engine/syncer_proto_util.cc:430] Error posting from syncer: Response Code (bogus on error): -1 Content-Length (bogus on error): -1 Server Status: CONNECTION_UNAVAILABLE
03-28 11:42:14.680 E/chromium(  604): [ERROR:components/sync/engine/get_updates_processor.cc:270] PostClientToServerMessage() failed during GetUpdates with error Network error (ERR_NAME_NOT_RESOLVED)
03-28 11:42:16.199 W/chromium(  604): [WARNING:components/sync/engine/syncer_proto_util.cc:430] Error posting from syncer: Response Code (bogus on error): -1 Content-Length (bogus on error): -1 Server Status: CONNECTION_UNAVAILABLE
03-28 11:42:16.199 E/chromium(  604): [ERROR:components/sync/engine/get_updates_processor.cc:270] PostClientToServerMessage() failed during GetUpdates with error Network error (ERR_NAME_NOT_RESOLVED)
03-28 11:42:19.981 W/chromium(  604): [WARNING:components/sync/engine/syncer_proto_util.cc:430] Error posting from syncer: Response Code (bogus on error): -1 Content-Length (bogus on error): -1 Server Status: CONNECTION_UNAVAILABLE
03-28 11:42:19.982 E/chromium(  604): [ERROR:components/sync/engine/get_updates_processor.cc:270] PostClientToServerMessage() failed during GetUpdates with error Network error (ERR_NAME_NOT_RESOLVED)
03-28 11:42:24.333 D/EnvFileUpdater( 3787): Found CIRIS_HOME from env: /data/user/0/ai.ciris.mobile.debug/files/ciris
03-28 11:42:25.644 W/chromium(  604): [WARNING:components/sync/engine/syncer_proto_util.cc:430] Error posting from syncer: Response Code (bogus on error): -1 Content-Length (bogus on error): -1 Server Status: CONNECTION_UNAVAILABLE
03-28 11:42:25.644 E/chromium(  604): [ERROR:components/sync/engine/get_updates_processor.cc:270] PostClientToServerMessage() failed during GetUpdates with error Network error (ERR_NAME_NOT_RESOLVED)
03-28 11:42:34.336 D/EnvFileUpdater( 3787): Found CIRIS_HOME from env: /data/user/0/ai.ciris.mobile.debug/files/ciris
03-28 11:42:39.750 W/chromium(  604): [WARNING:components/sync/engine/syncer_proto_util.cc:430] Error posting from syncer: Response Code (bogus on error): -1 Content-Length (bogus on error): -1 Server Status: CONNECTION_UNAVAILABLE
03-28 11:42:39.751 E/chromium(  604): [ERROR:components/sync/engine/get_updates_processor.cc:270] PostClientToServerMessage() failed during GetUpdates with error Network error (ERR_NAME_NOT_RESOLVED)
03-28 11:42:44.346 D/EnvFileUpdater( 3787): Found CIRIS_HOME from env: /data/user/0/ai.ciris.mobile.debug/files/ciris
03-28 11:42:54.350 D/EnvFileUpdater( 3787): Found CIRIS_HOME from env: /data/user/0/ai.ciris.mobile.debug/files/ciris
03-28 11:43:04.354 D/EnvFileUpdater( 3787): Found CIRIS_HOME from env: /data/user/0/ai.ciris.mobile.debug/files/ciris
03-28 11:43:14.358 D/EnvFileUpdater( 3787): Found CIRIS_HOME from env: /data/user/0/ai.ciris.mobile.debug/files/ciris
03-28 11:43:14.960 W/chromium(  604): [WARNING:components/sync/engine/syncer_proto_util.cc:430] Error posting from syncer: Response Code (bogus on error): -1 Content-Length (bogus on error): -1 Server Status: CONNECTION_UNAVAILABLE
03-28 11:43:14.961 E/chromium(  604): [ERROR:components/sync/engine/get_updates_processor.cc:270] PostClientToServerMessage() failed during GetUpdates with error Network error (ERR_NAME_NOT_RESOLVED)
03-28 11:43:24.362 D/EnvFileUpdater( 3787): Found CIRIS_HOME from env: /data/user/0/ai.ciris.mobile.debug/files/ciris
03-28 11:43:34.365 D/EnvFileUpdater( 3787): Found CIRIS_HOME from env: /data/user/0/ai.ciris.mobile.debug/files/ciris
03-28 11:43:44.367 D/EnvFileUpdater( 3787): Found CIRIS_HOME from env: /data/user/0/ai.ciris.mobile.debug/files/ciris
03-28 11:43:52.223 W/chromium(  604): [WARNING:net/cert/ev_root_ca_metadata.cc:118] Not implemented
03-28 11:43:52.335 W/chromium(  604): [WARNING:net/cert/ev_root_ca_metadata.cc:118] Not implemented
03-28 11:43:53.479 W/chromium(  604): [WARNING:net/cert/ev_root_ca_metadata.cc:118] Not implemented
03-28 11:43:54.369 D/EnvFileUpdater( 3787): Found CIRIS_HOME from env: /data/user/0/ai.ciris.mobile.debug/files/ciris
03-28 11:43:54.673 W/chromium(28949): [WARNING:net/cert/ev_root_ca_metadata.cc:118] Not implemented
03-28 11:43:54.894 W/chromium(28949): [WARNING:net/cert/ev_root_ca_metadata.cc:118] Not implemented
03-28 11:43:54.905 W/chromium(28949): [WARNING:net/cert/ev_root_ca_metadata.cc:118] Not implemented
03-28 11:43:56.142 W/chromium(28949): [WARNING:net/cert/ev_root_ca_metadata.cc:118] Not implemented
03-28 11:44:04.372 D/EnvFileUpdater( 3787): Found CIRIS_HOME from env: /data/user/0/ai.ciris.mobile.debug/files/ciris
03-28 11:44:14.375 D/EnvFileUpdater( 3787): Found CIRIS_HOME from env: /data/user/0/ai.ciris.mobile.debug/files/ciris
03-28 11:44:24.379 D/EnvFileUpdater( 3787): Found CIRIS_HOME from env: /data/user/0/ai.ciris.mobile.debug/files/ciris
03-28 11:44:34.383 D/EnvFileUpdater( 3787): Found CIRIS_HOME from env: /data/user/0/ai.ciris.mobile.debug/files/ciris
03-28 11:44:42.939 W/chromium(  604): [WARNING:components/sync/engine/syncer_proto_util.cc:430] Error posting from syncer: Response Code (bogus on error): -1 Content-Length (bogus on error): -1 Server Status: CONNECTION_UNAVAILABLE
03-28 11:44:42.939 W/chromium(  604): [WARNING:components/sync/engine/commit.cc:181] Post commit failed
03-28 11:44:44.386 D/EnvFileUpdater( 3787): Found CIRIS_HOME from env: /data/user/0/ai.ciris.mobile.debug/files/ciris
03-28 11:44:51.531 E/CIRISApiClient( 3787): [getSystemStatus] Exception: UnknownHostException: Unable to resolve host "localhost": No address associated with hostname
03-28 11:44:51.535 E/InteractViewModel( 3787): [startStatusPolling] Status poll failed: UnknownHostException: Unable to resolve host "localhost": No address associated with hostname
03-28 11:44:53.458 E/CIRISApiClient( 3787): [getMessages] Exception: UnknownHostException: Unable to resolve host "localhost": No address associated with hostname | Context: limit=50, is401=false, tokenPresent=true, tokenPreview=ciris_ad...2IYg
03-28 11:44:53.466 W/InteractViewModel( 3787): [fetchHistory] Non-auth error: UnknownHostException: Unable to resolve host "localhost": No address associated with hostname
03-28 11:44:53.491 E/CIRISApiClient( 3787): [getAuditEntries] Exception: UnknownHostException: Unable to resolve host "localhost": No address associated with hostname
03-28 11:44:54.389 D/EnvFileUpdater( 3787): Found CIRIS_HOME from env: /data/user/0/ai.ciris.mobile.debug/files/ciris
03-28 11:44:55.882 E/CIRISApiClient( 3787): [getVerifyStatus] Exception: UnknownHostException: Unable to resolve host "localhost": No address associated with hostname
03-28 11:44:55.889 I/InteractViewModel( 3787): [fetchTrustStatus] Trust level changed: 1 -> 0
03-28 11:44:55.890 I/InteractViewModel( 3787): [fetchTrustStatus] Level pending changed: true -> false
03-28 11:44:55.891 I/InteractViewModel( 3787): [startTrustPendingPolling] Level pending=false (level=0/5), stopping fast poll
03-28 11:44:56.536 E/CIRISApiClient( 3787): [getMessages] Exception: UnknownHostException: Unable to resolve host "localhost": No address associated with hostname | Context: limit=50, is401=false, tokenPresent=true, tokenPreview=ciris_ad...2IYg
03-28 11:44:56.545 W/InteractViewModel( 3787): [fetchHistory] Non-auth error: UnknownHostException: Unable to resolve host "localhost": No address associated with hostname
03-28 11:44:56.571 E/CIRISApiClient( 3787): [getAuditEntries] Exception: UnknownHostException: Unable to resolve host "localhost": No address associated with hostname
03-28 11:44:56.575 E/CIRISApiClient( 3787): [getSystemStatus] Exception: UnknownHostException: Unable to resolve host "localhost": No address associated with hostname
03-28 11:44:59.610 E/CIRISApiClient( 3787): [getMessages] Exception: UnknownHostException: Unable to resolve host "localhost": No address associated with hostname | Context: limit=50, is401=false, tokenPresent=true, tokenPreview=ciris_ad...2IYg
03-28 11:44:59.616 W/InteractViewModel( 3787): [fetchHistory] Non-auth error: UnknownHostException: Unable to resolve host "localhost": No address associated with hostname
03-28 11:44:59.638 E/CIRISApiClient( 3787): [getAuditEntries] Exception: UnknownHostException: Unable to resolve host "localhost": No address associated with hostname
03-28 11:45:00.776 E/CIRISApiClient( 3787): [getLlmConfig] Exception: UnknownHostException: Unable to resolve host "localhost": No address associated with hostname
03-28 11:45:00.783 W/InteractViewModel( 3787): [fetchHealthData] Failed to fetch LLM config from API: Unable to resolve host "localhost": No address associated with hostname
03-28 11:45:00.807 E/CIRISApiClient( 3787): [getVerifyStatus] Exception: UnknownHostException: Unable to resolve host "localhost": No address associated with hostname
03-28 11:45:01.606 E/CIRISApiClient( 3787): [getSystemStatus] Exception: UnknownHostException: Unable to resolve host "localhost": No address associated with hostname
03-28 11:45:02.683 E/CIRISApiClient( 3787): [getMessages] Exception: UnknownHostException: Unable to resolve host "localhost": No address associated with hostname | Context: limit=50, is401=false, tokenPresent=true, tokenPreview=ciris_ad...2IYg
03-28 11:45:02.693 W/InteractViewModel( 3787): [fetchHistory] Non-auth error: UnknownHostException: Unable to resolve host "localhost": No address associated with hostname
03-28 11:45:02.719 E/CIRISApiClient( 3787): [getAuditEntries] Exception: UnknownHostException: Unable to resolve host "localhost": No address associated with hostname
03-28 11:45:04.391 D/EnvFileUpdater( 3787): Found CIRIS_HOME from env: /data/user/0/ai.ciris.mobile.debug/files/ciris
03-28 11:45:05.746 E/CIRISApiClient( 3787): [getMessages] Exception: UnknownHostException: Unable to resolve host "localhost": No address associated with hostname | Context: limit=50, is401=false, tokenPresent=true, tokenPreview=ciris_ad...2IYg
03-28 11:45:05.750 W/InteractViewModel( 3787): [fetchHistory] Non-auth error: UnknownHostException: Unable to resolve host "localhost": No address associated with hostname
03-28 11:45:05.768 E/CIRISApiClient( 3787): [getAuditEntries] Exception: UnknownHostException: Unable to resolve host "localhost": No address associated with hostname
03-28 11:45:06.640 E/CIRISApiClient( 3787): [getSystemStatus] Exception: UnknownHostException: Unable to resolve host "localhost": No address associated with hostname
03-28 11:45:08.797 E/CIRISApiClient( 3787): [getMessages] Exception: UnknownHostException: Unable to resolve host "localhost": No address associated with hostname | Context: limit=50, is401=false, tokenPresent=true, tokenPreview=ciris_ad...2IYg
03-28 11:45:08.803 W/InteractViewModel( 3787): [fetchHistory] Non-auth error: UnknownHostException: Unable to resolve host "localhost": No address associated with hostname
03-28 11:45:08.820 E/CIRISApiClient( 3787): [getAuditEntries] Exception: UnknownHostException: Unable to resolve host "localhost": No address associated with hostname
03-28 11:45:11.681 E/CIRISApiClient( 3787): [getSystemStatus] Exception: UnknownHostException: Unable to resolve host "localhost": No address associated with hostname
03-28 11:45:11.864 E/CIRISApiClient( 3787): [getMessages] Exception: UnknownHostException: Unable to resolve host "localhost": No address associated with hostname | Context: limit=50, is401=false, tokenPresent=true, tokenPreview=ciris_ad...2IYg
03-28 11:45:11.872 W/InteractViewModel( 3787): [fetchHistory] Non-auth error: UnknownHostException: Unable to resolve host "localhost": No address associated with hostname
03-28 11:45:11.899 E/CIRISApiClient( 3787): [getAuditEntries] Exception: UnknownHostException: Unable to resolve host "localhost": No address associated with hostname
03-28 11:45:14.395 D/EnvFileUpdater( 3787): Found CIRIS_HOME from env: /data/user/0/ai.ciris.mobile.debug/files/ciris
03-28 11:45:14.939 E/CIRISApiClient( 3787): [getMessages] Exception: UnknownHostException: Unable to resolve host "localhost": No address associated with hostname | Context: limit=50, is401=false, tokenPresent=true, tokenPreview=ciris_ad...2IYg
03-28 11:45:14.948 W/InteractViewModel( 3787): [fetchHistory] Non-auth error: UnknownHostException: Unable to resolve host "localhost": No address associated with hostname
03-28 11:45:14.966 E/CIRISApiClient( 3787): [getAuditEntries] Exception: UnknownHostException: Unable to resolve host "localhost": No address associated with hostname
03-28 11:45:16.724 E/CIRISApiClient( 3787): [getSystemStatus] Exception: UnknownHostException: Unable to resolve host "localhost": No address associated with hostname
03-28 11:45:18.009 E/CIRISApiClient( 3787): [getMessages] Exception: UnknownHostException: Unable to resolve host "localhost": No address associated with hostname | Context: limit=50, is401=false, tokenPresent=true, tokenPreview=ciris_ad...2IYg
03-28 11:45:18.018 W/InteractViewModel( 3787): [fetchHistory] Non-auth error: UnknownHostException: Unable to resolve host "localhost": No address associated with hostname
03-28 11:45:18.044 E/CIRISApiClient( 3787): [getAuditEntries] Exception: UnknownHostException: Unable to resolve host "localhost": No address associated with hostname
03-28 11:45:21.069 E/CIRISApiClient( 3787): [getMessages] Exception: UnknownHostException: Unable to resolve host "localhost": No address associated with hostname | Context: limit=50, is401=false, tokenPresent=true, tokenPreview=ciris_ad...2IYg
03-28 11:45:21.073 W/InteractViewModel( 3787): [fetchHistory] Non-auth error: UnknownHostException: Unable to resolve host "localhost": No address associated with hostname
03-28 11:45:21.091 E/CIRISApiClient( 3787): [getAuditEntries] Exception: UnknownHostException: Unable to resolve host "localhost": No address associated with hostname
03-28 11:45:21.750 E/CIRISApiClient( 3787): [getSystemStatus] Exception: UnknownHostException: Unable to resolve host "localhost": No address associated with hostname
03-28 11:45:23.231 W/chromium(  604): [WARNING:components/sync/engine/syncer_proto_util.cc:430] Error posting from syncer: Response Code (bogus on error): -1 Content-Length (bogus on error): -1 Server Status: CONNECTION_UNAVAILABLE
03-28 11:45:23.231 E/chromium(  604): [ERROR:components/sync/engine/get_updates_processor.cc:270] PostClientToServerMessage() failed during GetUpdates with error Network error (ERR_NAME_NOT_RESOLVED)
03-28 11:45:23.712 I/MainActivity( 6553): Initializing Python runtime...
03-28 11:45:23.898 I/MainActivity( 6553): Python runtime started
03-28 11:45:23.898 I/MainActivity( 6553): Localization resource loader initialized
03-28 11:45:23.906 I/MainActivity( 6553): Google Sign-In initialized with client ID: 265882853697-l421ndo...
03-28 11:45:23.906 I/MainActivity( 6553): Initializing Google Play Billing...
03-28 11:45:23.964 I/CIRISApiClient( 6553): [init] CIRISApiClient initialized with baseUrl=http://localhost:8080
03-28 11:45:23.980 I/MainActivity( 6553): Google Play Billing initialized
03-28 11:45:23.982 I/MainActivity( 6553): Google Play Integrity initialized (via Python API)
03-28 11:45:24.122 I/MainActivity( 6553): Running CIRIS network diagnostics...
03-28 11:45:24.123 I/MainActivity( 6553): Showing CIRISApp immediately for startup animation
03-28 11:45:24.123 I/MainActivity( 6553): Starting PythonRuntimeService...
03-28 11:45:24.130 D/CIRISApp( 6553): [INIT] CIRISApp composable invoked - googleSignInCallback=PRESENT (83586075)
03-28 11:45:24.139 I/CIRISApiClient( 6553): [init] CIRISApiClient initialized with baseUrl=http://localhost:8080
03-28 11:45:24.144 I/TokenManager( 6553): [setShared] Shared TokenManager instance set
03-28 11:45:24.153 I/InteractViewModel( 6553): [init] InteractViewModel initialized (polling deferred until token available)
03-28 11:45:24.153 I/InteractViewModel( 6553): [setDeviceAttestationCallback] Device attestation callback SET
03-28 11:45:24.153 I/InteractViewModel( 6553): [observeLanguageChanges] Starting language observation for pipeline localization
03-28 11:45:24.156 I/SettingsViewModel( 6553): [loadDisplaySettings] >>> Loading live_background_enabled from secure storage...
03-28 11:45:24.159 I/BillingViewModel( 6553): [init] BillingViewModel initialized
03-28 11:45:24.293 I/CIRISApp( 6553): Initializing localization...
03-28 11:45:24.295 I/MainActivity( 6553): Setting purchase result callback
03-28 11:45:24.340 D/MainActivity( 6553): Prep step 1/6: [1/6] Architecture: arm64-v8a (machine=aarch64)
03-28 11:45:24.340 D/MainActivity( 6553): Prep step 2/6: [2/6] Extract target: /data/data/ai.ciris.mobile.debug/files/chaquopy/extract-packages
03-28 11:45:24.340 D/MainActivity( 6553): Prep step 3/6: [3/6] Found existing .so: _pydantic_core.cpython-310-aarch64-linux-android.so
03-28 11:45:24.340 D/MainActivity( 6553): Prep step 4/6: [4/6] No cached modules to clear
03-28 11:45:24.340 D/MainActivity( 6553): Prep step 5/6: [5/6] sys.path[0] = /data/data/ai.ciris.mobile.debug/files/chaquopy/extract-packages
03-28 11:45:24.340 D/MainActivity( 6553): Prep step 5/6: [5/6] Installed PydanticCoreFinder at meta_path[0]
03-28 11:45:24.341 D/MainActivity( 6553): Prep step 6/6: [6/6] Testing native library load...
03-28 11:45:24.341 D/MainActivity( 6553): Prep step 6/6: [6/6] ctypes.CDLL: SUCCESS
03-28 11:45:24.341 D/MainActivity( 6553): Prep step 6/6: [6/6] import pydantic_core: SUCCESS (v2.23.4)
03-28 11:45:24.341 D/MainActivity( 6553): Prep step 6/6: [6/6] Location: /data/data/ai.ciris.mobile.debug/files/chaquopy/extract-packages/pydantic_core/__init__.py
03-28 11:45:24.342 D/MainActivity( 6553): Prep step 7/8: [7/8] Hashing ciris_engine...
03-28 11:45:24.342 D/MainActivity( 6553): Prep step 7/8: [7/8] ciris_engine: 688 files hashed
03-28 11:45:24.342 D/MainActivity( 6553): Prep step 8/8: [8/8] Hashing ciris_adapters...
03-28 11:45:24.342 D/MainActivity( 6553): Prep step 8/8: [8/8] ciris_adapters: 252 files hashed
03-28 11:45:24.344 D/MainActivity( 6553): Verify: INFO: ciris_verify: [ciris_keyring::platform::android] VERIFY key_exists check - phase 1 (file/wrapper check), wrapper_alias=agent_signing_aes_wrapper, encrypted_key_path="/data/data/ai.ciris.mobile.debug/files/ciris/agent_signing.ed25519.enc", wrapper_exists=true, file_exists=true
03-28 11:45:24.344 D/MainActivity( 6553): Verify: INFO: ciris_verify: [ciris_keyring::platform::android] VERIFY key_exists check - phase 2 PASSED (key can be decrypted), wrapper_alias=agent_signing_aes_wrapper
03-28 11:45:24.344 D/MainActivity( 6553): Verify: INFO: ciris_verify: [ciris_keyring::software] VERIFY MutableEd25519Signer::has_key - hardware wrapper check, has_key=true, hardware_backed=true, ciris_data_dir=Some("/data/data/ai.ciris.mobile.debug/files/ciris")
03-28 11:45:24.345 D/MainActivity( 6553): Verify: INFO: ciris_verify: [ciris_keyring::platform::android] VERIFY key_exists check - phase 1 (file/wrapper check), wrapper_alias=agent_signing_aes_wrapper, encrypted_key_path="/data/data/ai.ciris.mobile.debug/files/ciris/agent_signing.ed25519.enc", wrapper_exists=true, file_exists=true
03-28 11:45:24.345 D/MainActivity( 6553): Verify: INFO: ciris_verify: [ciris_keyring::platform::android] VERIFY key_exists check - phase 2 PASSED (key can be decrypted), wrapper_alias=agent_signing_aes_wrapper
03-28 11:45:24.345 D/MainActivity( 6553): Verify: INFO: ciris_verify: [ciris_keyring::software] VERIFY MutableEd25519Signer::has_key - hardware wrapper check, has_key=true, hardware_backed=true, ciris_data_dir=Some("/data/data/ai.ciris.mobile.debug/files/ciris")
03-28 11:45:24.348 D/MainActivity( 6553): Service 1 started (1/22)
03-28 11:45:24.348 D/MainActivity( 6553): Service 1 started (1/22)
03-28 11:45:24.348 D/MainActivity( 6553): Service 2 started (2/22)
03-28 11:45:24.348 D/MainActivity( 6553): Service 2 started (2/22)
03-28 11:45:24.349 D/MainActivity( 6553): Service 3 started (3/22)
03-28 11:45:24.353 D/MainActivity( 6553): Service 3 started (3/22)
03-28 11:45:24.354 D/MainActivity( 6553): Service 4 started (4/22)
03-28 11:45:24.354 D/MainActivity( 6553): Service 4 started (4/22)
03-28 11:45:24.355 D/MainActivity( 6553): Service 5 started (5/22)
03-28 11:45:24.355 D/MainActivity( 6553): Service 22 started (6/22)
03-28 11:45:24.355 D/MainActivity( 6553): Service 6 started (7/22)
03-28 11:45:24.355 D/MainActivity( 6553): Service 7 started (8/22)
03-28 11:45:24.355 D/MainActivity( 6553): Service 15 started (9/22)
03-28 11:45:24.356 D/MainActivity( 6553): Service 13 started (10/22)
03-28 11:45:24.356 D/MainActivity( 6553): Service 9 started (11/22)
03-28 11:45:24.356 D/MainActivity( 6553): Service 14 started (12/22)
03-28 11:45:24.356 D/MainActivity( 6553): Service 8 started (13/22)
03-28 11:45:24.356 D/MainActivity( 6553): Service 10 started (14/22)
03-28 11:45:24.356 D/MainActivity( 6553): Service 19 started (15/22)
03-28 11:45:24.356 D/MainActivity( 6553): Service 18 started (16/22)
03-28 11:45:24.356 D/MainActivity( 6553): Service 11 started (17/22)
03-28 11:45:24.357 D/MainActivity( 6553): Service 16 started (18/22)
03-28 11:45:24.357 D/MainActivity( 6553): Service 21 started (19/22)
03-28 11:45:24.357 D/MainActivity( 6553): Service 20 started (20/22)
03-28 11:45:24.357 D/MainActivity( 6553): Service 12 started (21/22)
03-28 11:45:24.357 D/MainActivity( 6553): Service 17 started (22/22)
03-28 11:45:24.381 I/python.stdout( 6553): ============================================================
03-28 11:45:24.381 I/python.stdout( 6553): PYDANTIC_CORE NATIVE LIBRARY SETUP
03-28 11:45:24.381 I/python.stdout( 6553): ============================================================
03-28 11:45:24.381 I/python.stdout( 6553): [1/6] Architecture: arm64-v8a (machine=aarch64)
03-28 11:45:24.381 I/python.stdout( 6553): [2/6] Extract target: /data/data/ai.ciris.mobile.debug/files/chaquopy/extract-packages
03-28 11:45:24.383 I/python.stdout( 6553): [3/6] Found existing .so: _pydantic_core.cpython-310-aarch64-linux-android.so
03-28 11:45:24.383 I/python.stdout( 6553): [4/6] No cached modules to clear
03-28 11:45:24.383 I/python.stdout( 6553): [5/6] sys.path[0] = /data/data/ai.ciris.mobile.debug/files/chaquopy/extract-packages
03-28 11:45:24.383 I/python.stdout( 6553): [5/6] Installed PydanticCoreFinder at meta_path[0]
03-28 11:45:24.383 I/python.stdout( 6553): [6/6] Testing native library load...
03-28 11:45:24.384 D/MainActivity( 6553): Prep step 1/6: [1/6] Architecture: arm64-v8a (machine=aarch64)
03-28 11:45:24.384 D/MainActivity( 6553): Prep step 2/6: [2/6] Extract target: /data/data/ai.ciris.mobile.debug/files/chaquopy/extract-packages
03-28 11:45:24.384 D/MainActivity( 6553): Prep step 3/6: [3/6] Found existing .so: _pydantic_core.cpython-310-aarch64-linux-android.so
03-28 11:45:24.385 D/MainActivity( 6553): Prep step 4/6: [4/6] No cached modules to clear
03-28 11:45:24.385 D/MainActivity( 6553): Prep step 5/6: [5/6] sys.path[0] = /data/data/ai.ciris.mobile.debug/files/chaquopy/extract-packages
03-28 11:45:24.385 D/MainActivity( 6553): Prep step 5/6: [5/6] Installed PydanticCoreFinder at meta_path[0]
03-28 11:45:24.385 D/MainActivity( 6553): Prep step 6/6: [6/6] Testing native library load...
03-28 11:45:24.386 I/python.stdout( 6553): [6/6] ctypes.CDLL: SUCCESS
03-28 11:45:24.386 W/python.stderr( 6553): <frozen importlib._bootstrap>:914: ImportWarning: PydanticCoreFinder.find_spec() not found; falling back to find_module()
03-28 11:45:24.386 W/python.stderr( 6553): <frozen importlib._bootstrap>:671: ImportWarning: PydanticCoreFinder.exec_module() not found; falling back to load_module()
03-28 11:45:24.389 D/MainActivity( 6553): Prep step 6/6: [6/6] ctypes.CDLL: SUCCESS
03-28 11:45:24.415 I/CIRISApp( 6553): Initializing currency...
03-28 11:45:24.417 D/CIRISApp( 6553): [INIT] CIRISApp composable invoked - googleSignInCallback=PRESENT (83586075)
03-28 11:45:24.418 I/python.stdout( 6553): [6/6] import pydantic_core: SUCCESS (v2.23.4)
03-28 11:45:24.418 I/InteractViewModel( 6553): [setDeviceAttestationCallback] Device attestation callback SET
03-28 11:45:24.418 I/python.stdout( 6553): [6/6] Location: /data/data/ai.ciris.mobile.debug/files/chaquopy/extract-packages/pydantic_core/__init__.py
03-28 11:45:24.419 I/python.stdout( 6553): ============================================================
03-28 11:45:24.419 I/python.stdout( 6553): PYDANTIC_CORE READY
03-28 11:45:24.419 I/python.stdout( 6553): ============================================================
03-28 11:45:24.419 I/python.stdout( 6553): INFO: mobile_main: CIRIS Mobile - Full On-Device Runtime (LLM Remote)
03-28 11:45:24.420 D/MainActivity( 6553): Prep step 6/6: [6/6] import pydantic_core: SUCCESS (v2.23.4)
03-28 11:45:24.420 D/MainActivity( 6553): Prep step 6/6: [6/6] Location: /data/data/ai.ciris.mobile.debug/files/chaquopy/extract-packages/pydantic_core/__init__.py
03-28 11:45:24.459 I/InteractViewModel( 6553): [observeLanguageChanges] Updating pipeline labels for language: en
03-28 11:45:24.465 I/SettingsViewModel( 6553): [loadDisplaySettings] >>> Raw value='true', parsed=true
03-28 11:45:24.466 I/SettingsViewModel( 6553): [loadDisplaySettings] >>> Live background state set to: true
03-28 11:45:24.533 D/CIRISApp( 6553): [INIT] CIRISApp composable invoked - googleSignInCallback=PRESENT (83586075)
03-28 11:45:24.534 I/InteractViewModel( 6553): [setDeviceAttestationCallback] Device attestation callback SET
03-28 11:45:24.566 I/SettingsViewModel( 6553): [loadDisplaySettings] >>> Color theme loaded: LAPIS
03-28 11:45:24.611 I/SettingsViewModel( 6553): [loadDisplaySettings] >>> Brightness preference loaded: DARK
03-28 11:45:24.628 D/CIRISApp( 6553): [INIT] CIRISApp composable invoked - googleSignInCallback=PRESENT (83586075)
03-28 11:45:24.630 I/InteractViewModel( 6553): [setDeviceAttestationCallback] Device attestation callback SET
03-28 11:45:25.221 I/MainActivity( 6553): Network diagnostics completed
03-28 11:45:25.746 W/chromium(  604): [WARNING:components/sync/engine/syncer_proto_util.cc:430] Error posting from syncer: Response Code (bogus on error): -1 Content-Length (bogus on error): -1 Server Status: CONNECTION_UNAVAILABLE
03-28 11:45:25.746 E/chromium(  604): [ERROR:components/sync/engine/get_updates_processor.cc:270] PostClientToServerMessage() failed during GetUpdates with error Network error (ERR_NAME_NOT_RESOLVED)
03-28 11:45:26.013 D/CIRISApp( 6553): [INIT] CIRISApp composable invoked - googleSignInCallback=PRESENT (83586075)
03-28 11:45:26.014 I/InteractViewModel( 6553): [setDeviceAttestationCallback] Device attestation callback SET
03-28 11:45:26.014 W/python.stderr( 6553): stdlib/enum.py:289: DeprecationWarning: FUNCTIONS is deprecated and will be removed in future versions
03-28 11:45:26.048 D/CIRISApp( 6553): [INFO] Startup READY, checking first-run status...
03-28 11:45:26.060 I/CIRISApiClient( 6553): [init] CIRISApiClient initialized with baseUrl=http://localhost:8080
03-28 11:45:26.106 E/CIRISApiClient( 6553): [getSetupStatus] Exception: ConnectException: Failed to connect to localhost/127.0.0.1:8080
03-28 11:45:26.106 E/CIRISApiClient( 6553): java.net.ConnectException: Failed to connect to localhost/127.0.0.1:8080
03-28 11:45:26.106 E/CIRISApiClient( 6553): 	at okhttp3.internal.connection.RealConnection.connectSocket(RealConnection.kt:297)
03-28 11:45:26.106 E/CIRISApiClient( 6553): 	at okhttp3.internal.connection.RealConnection.connect(RealConnection.kt:207)
03-28 11:45:26.106 E/CIRISApiClient( 6553): 	at okhttp3.internal.connection.ExchangeFinder.findConnection(ExchangeFinder.kt:226)
03-28 11:45:26.106 E/CIRISApiClient( 6553): 	at okhttp3.internal.connection.ExchangeFinder.findHealthyConnection(ExchangeFinder.kt:106)
03-28 11:45:26.106 E/CIRISApiClient( 6553): 	at okhttp3.internal.connection.ExchangeFinder.find(ExchangeFinder.kt:74)
03-28 11:45:26.106 E/CIRISApiClient( 6553): 	at okhttp3.internal.connection.RealCall.initExchange$okhttp(RealCall.kt:255)
03-28 11:45:26.106 E/CIRISApiClient( 6553): 	at okhttp3.internal.connection.ConnectInterceptor.intercept(ConnectInterceptor.kt:32)
03-28 11:45:26.106 E/CIRISApiClient( 6553): 	at okhttp3.internal.http.RealInterceptorChain.proceed(RealInterceptorChain.kt:109)
03-28 11:45:26.106 E/CIRISApiClient( 6553): 	at okhttp3.internal.cache.CacheInterceptor.intercept(CacheInterceptor.kt:95)
03-28 11:45:26.106 E/CIRISApiClient( 6553): 	at okhttp3.internal.http.RealInterceptorChain.proceed(RealInterceptorChain.kt:109)
03-28 11:45:26.106 E/CIRISApiClient( 6553): 	at okhttp3.internal.http.BridgeInterceptor.intercept(BridgeInterceptor.kt:83)
03-28 11:45:26.106 E/CIRISApiClient( 6553): 	at okhttp3.internal.http.RealInterceptorChain.proceed(RealInterceptorChain.kt:109)
03-28 11:45:26.106 E/CIRISApiClient( 6553): 	at okhttp3.internal.http.RetryAndFollowUpInterceptor.intercept(RetryAndFollowUpInterceptor.kt:76)
03-28 11:45:26.106 E/CIRISApiClient( 6553): 	at okhttp3.internal.http.RealInterceptorChain.proceed(RealInterceptorChain.kt:109)
03-28 11:45:26.106 E/CIRISApiClient( 6553): 	at okhttp3.internal.connection.RealCall.getResponseWithInterceptorChain$okhttp(RealCall.kt:201)
03-28 11:45:26.106 E/CIRISApiClient( 6553): 	at okhttp3.internal.connection.RealCall$AsyncCall.run(RealCall.kt:517)
03-28 11:45:26.106 E/CIRISApiClient( 6553): 	at java.util.concurrent.ThreadPoolExecutor.runWorker(ThreadPoolExecutor.java:1154)
03-28 11:45:26.106 E/CIRISApiClient( 6553): 	at java.util.concurrent.ThreadPoolExecutor$Worker.run(ThreadPoolExecutor.java:652)
03-28 11:45:26.106 E/CIRISApiClient( 6553): 	at java.lang.Thread.run(Thread.java:1564)
03-28 11:45:26.106 E/CIRISApiClient( 6553): Caused by: java.net.ConnectException: failed to connect to localhost/127.0.0.1 (port 8080) from /127.0.0.1 (port 49608) after 10000ms: isConnected failed: ECONNREFUSED (Connection refused)
03-28 11:45:26.106 E/CIRISApiClient( 6553): 	at libcore.io.IoBridge.isConnected(IoBridge.java:347)
03-28 11:45:26.106 E/CIRISApiClient( 6553): 	at libcore.io.IoBridge.connectErrno(IoBridge.java:237)
03-28 11:45:26.106 E/CIRISApiClient( 6553): 	at libcore.io.IoBridge.connect(IoBridge.java:179)
03-28 11:45:26.106 E/CIRISApiClient( 6553): 	at java.net.PlainSocketImpl.socketConnect(PlainSocketImpl.java:142)
03-28 11:45:26.106 E/CIRISApiClient( 6553): 	at java.net.AbstractPlainSocketImpl.doConnect(AbstractPlainSocketImpl.java:390)
03-28 11:45:26.106 E/CIRISApiClient( 6553): 	at java.net.AbstractPlainSocketImpl.connectToAddress(AbstractPlainSocketImpl.java:230)
03-28 11:45:26.106 E/CIRISApiClient( 6553): 	at java.net.AbstractPlainSocketImpl.connect(AbstractPlainSocketImpl.java:212)
03-28 11:45:26.106 E/CIRISApiClient( 6553): 	at java.net.SocksSocketImpl.connect(SocksSocketImpl.java:436)
03-28 11:45:26.106 E/CIRISApiClient( 6553): 	at java.net.Socket.connect(Socket.java:646)
03-28 11:45:26.106 E/CIRISApiClient( 6553): 	at okhttp3.internal.platform.Platform.connectSocket(Platform.kt:128)
03-28 11:45:26.106 E/CIRISApiClient( 6553): 	at okhttp3.internal.connection.RealConnection.connectSocket(RealConnection.kt:295)
03-28 11:45:26.106 E/CIRISApiClient( 6553): 	... 18 more
03-28 11:45:26.106 E/CIRISApiClient( 6553): Caused by: android.system.ErrnoException: isConnected failed: ECONNREFUSED (Connection refused)
03-28 11:45:26.106 E/CIRISApiClient( 6553): 	at libcore.io.IoBridge.isConnected(IoBridge.java:334)
03-28 11:45:26.106 E/CIRISApiClient( 6553): 	... 28 more
03-28 11:45:26.246 I/python.stdout( 6553): INFO: ciris_engine.logic.utils.path_resolution: [path_resolution] CIRIS_HOME configured: /data/data/ai.ciris.mobile.debug/files/ciris (platform: Android, os: linux)
03-28 11:45:26.247 I/python.stdout( 6553): INFO: mobile_main: Android paths: CIRIS_HOME=/data/data/ai.ciris.mobile.debug/files/ciris, data=/data/data/ai.ciris.mobile.debug/files/ciris/data, logs=/data/data/ai.ciris.mobile.debug/files/ciris/logs
03-28 11:45:26.247 I/python.stdout( 6553): INFO: mobile_main: Loading configuration from /data/data/ai.ciris.mobile.debug/files/ciris/.env
03-28 11:45:26.250 I/python.stdout( 6553): INFO: mobile_main: Loaded .env - OPENAI_API_KEY set: True
03-28 11:45:26.250 I/python.stdout( 6553): INFO: mobile_main: Loaded .env - OPENAI_API_BASE: https://llm01.ciris-services-1.ai/v1
03-28 11:45:26.251 I/python.stdout( 6553): INFO: mobile_main: Verifying code integrity (parallel with imports)...
03-28 11:45:26.254 I/python.stdout( 6553): [7/8] Hashing ciris_engine...
03-28 11:45:26.256 D/MainActivity( 6553): Prep step 7/8: [7/8] Hashing ciris_engine...
03-28 11:45:26.619 I/CIRISApiClient( 6553): [init] CIRISApiClient initialized with baseUrl=http://localhost:8080
03-28 11:45:26.628 E/CIRISApiClient( 6553): [getSetupStatus] Exception: ConnectException: Failed to connect to localhost/127.0.0.1:8080
03-28 11:45:26.628 E/CIRISApiClient( 6553): java.net.ConnectException: Failed to connect to localhost/127.0.0.1:8080
03-28 11:45:26.628 E/CIRISApiClient( 6553): 	at okhttp3.internal.connection.RealConnection.connectSocket(RealConnection.kt:297)
03-28 11:45:26.628 E/CIRISApiClient( 6553): 	at okhttp3.internal.connection.RealConnection.connect(RealConnection.kt:207)
03-28 11:45:26.628 E/CIRISApiClient( 6553): 	at okhttp3.internal.connection.ExchangeFinder.findConnection(ExchangeFinder.kt:226)
03-28 11:45:26.628 E/CIRISApiClient( 6553): 	at okhttp3.internal.connection.ExchangeFinder.findHealthyConnection(ExchangeFinder.kt:106)
03-28 11:45:26.628 E/CIRISApiClient( 6553): 	at okhttp3.internal.connection.ExchangeFinder.find(ExchangeFinder.kt:74)
03-28 11:45:26.628 E/CIRISApiClient( 6553): 	at okhttp3.internal.connection.RealCall.initExchange$okhttp(RealCall.kt:255)
03-28 11:45:26.628 E/CIRISApiClient( 6553): 	at okhttp3.internal.connection.ConnectInterceptor.intercept(ConnectInterceptor.kt:32)
03-28 11:45:26.628 E/CIRISApiClient( 6553): 	at okhttp3.internal.http.RealInterceptorChain.proceed(RealInterceptorChain.kt:109)
03-28 11:45:26.628 E/CIRISApiClient( 6553): 	at okhttp3.internal.cache.CacheInterceptor.intercept(CacheInterceptor.kt:95)
