--------- beginning of main
03-28 11:31:09.184 D/EnvFileUpdater(27608): Found CIRIS_HOME from env: /data/user/0/ai.ciris.mobile.debug/files/ciris
03-28 11:31:09.461 I/CIRISApiClient(27608): [getWalletStatus] Fetching wallet status
03-28 11:31:09.907 I/CIRISApiClient(27608): [getWalletStatus] Wallet status: address=null, balance=0.00, level=0
03-28 11:31:19.188 D/EnvFileUpdater(27608): Found CIRIS_HOME from env: /data/user/0/ai.ciris.mobile.debug/files/ciris
03-28 11:31:29.192 D/EnvFileUpdater(27608): Found CIRIS_HOME from env: /data/user/0/ai.ciris.mobile.debug/files/ciris
03-28 11:31:39.197 D/EnvFileUpdater(27608): Found CIRIS_HOME from env: /data/user/0/ai.ciris.mobile.debug/files/ciris
03-28 11:31:39.912 I/CIRISApiClient(27608): [getWalletStatus] Fetching wallet status
03-28 11:31:40.939 I/CIRISApiClient(27608): [getWalletStatus] Wallet status: address=null, balance=0.00, level=0
03-28 11:31:49.200 D/EnvFileUpdater(27608): Found CIRIS_HOME from env: /data/user/0/ai.ciris.mobile.debug/files/ciris
03-28 11:31:59.206 D/EnvFileUpdater(27608): Found CIRIS_HOME from env: /data/user/0/ai.ciris.mobile.debug/files/ciris
03-28 11:32:08.141 E/CIRISApiClient(27608): [getVerifyStatus] Exception: UnknownHostException: Unable to resolve host "localhost": No address associated with hostname
03-28 11:32:08.145 I/InteractViewModel(27608): [fetchTrustStatus] Trust level changed: 1 -> 0
03-28 11:32:08.146 I/InteractViewModel(27608): [fetchTrustStatus] Level pending changed: true -> false
03-28 11:32:08.147 I/InteractViewModel(27608): [startTrustPendingPolling] Level pending=false (level=0/5), stopping fast poll
03-28 11:32:09.212 D/EnvFileUpdater(27608): Found CIRIS_HOME from env: /data/user/0/ai.ciris.mobile.debug/files/ciris
03-28 11:32:10.943 I/CIRISApiClient(27608): [getWalletStatus] Fetching wallet status
03-28 11:32:11.311 E/CIRISApiClient(27608): [getMessages] Exception: UnknownHostException: Unable to resolve host "localhost": No address associated with hostname | Context: limit=50, is401=false, tokenPresent=true, tokenPreview=ciris_ad...EY68
03-28 11:32:11.315 W/InteractViewModel(27608): [fetchHistory] Non-auth error: UnknownHostException: Unable to resolve host "localhost": No address associated with hostname
03-28 11:32:11.334 E/CIRISApiClient(27608): [getAuditEntries] Exception: UnknownHostException: Unable to resolve host "localhost": No address associated with hostname
03-28 11:32:11.487 I/CIRISApiClient(27608): [getWalletStatus] Wallet status: address=null, balance=0.00, level=0
03-28 11:32:11.569 E/CIRISApiClient(27608): [getSystemStatus] Exception: UnknownHostException: Unable to resolve host "localhost": No address associated with hostname
03-28 11:32:11.572 E/InteractViewModel(27608): [startStatusPolling] Status poll failed: UnknownHostException: Unable to resolve host "localhost": No address associated with hostname
03-28 11:32:14.385 E/CIRISApiClient(27608): [getMessages] Exception: UnknownHostException: Unable to resolve host "localhost": No address associated with hostname | Context: limit=50, is401=false, tokenPresent=true, tokenPreview=ciris_ad...EY68
03-28 11:32:14.393 W/InteractViewModel(27608): [fetchHistory] Non-auth error: UnknownHostException: Unable to resolve host "localhost": No address associated with hostname
03-28 11:32:14.417 E/CIRISApiClient(27608): [getAuditEntries] Exception: UnknownHostException: Unable to resolve host "localhost": No address associated with hostname
03-28 11:32:16.605 E/CIRISApiClient(27608): [getSystemStatus] Exception: UnknownHostException: Unable to resolve host "localhost": No address associated with hostname
03-28 11:32:17.455 E/CIRISApiClient(27608): [getMessages] Exception: UnknownHostException: Unable to resolve host "localhost": No address associated with hostname | Context: limit=50, is401=false, tokenPresent=true, tokenPreview=ciris_ad...EY68
03-28 11:32:17.464 W/InteractViewModel(27608): [fetchHistory] Non-auth error: UnknownHostException: Unable to resolve host "localhost": No address associated with hostname
03-28 11:32:17.489 E/CIRISApiClient(27608): [getAuditEntries] Exception: UnknownHostException: Unable to resolve host "localhost": No address associated with hostname
03-28 11:32:19.216 D/EnvFileUpdater(27608): Found CIRIS_HOME from env: /data/user/0/ai.ciris.mobile.debug/files/ciris
03-28 11:32:20.517 E/CIRISApiClient(27608): [getMessages] Exception: UnknownHostException: Unable to resolve host "localhost": No address associated with hostname | Context: limit=50, is401=false, tokenPresent=true, tokenPreview=ciris_ad...EY68
03-28 11:32:20.521 W/InteractViewModel(27608): [fetchHistory] Non-auth error: UnknownHostException: Unable to resolve host "localhost": No address associated with hostname
03-28 11:32:20.539 E/CIRISApiClient(27608): [getAuditEntries] Exception: UnknownHostException: Unable to resolve host "localhost": No address associated with hostname
03-28 11:32:21.635 E/CIRISApiClient(27608): [getSystemStatus] Exception: UnknownHostException: Unable to resolve host "localhost": No address associated with hostname
03-28 11:32:23.578 E/CIRISApiClient(27608): [getMessages] Exception: UnknownHostException: Unable to resolve host "localhost": No address associated with hostname | Context: limit=50, is401=false, tokenPresent=true, tokenPreview=ciris_ad...EY68
03-28 11:32:23.583 W/InteractViewModel(27608): [fetchHistory] Non-auth error: UnknownHostException: Unable to resolve host "localhost": No address associated with hostname
03-28 11:32:23.602 E/CIRISApiClient(27608): [getAuditEntries] Exception: UnknownHostException: Unable to resolve host "localhost": No address associated with hostname
03-28 11:32:26.636 E/CIRISApiClient(27608): [getMessages] Exception: UnknownHostException: Unable to resolve host "localhost": No address associated with hostname | Context: limit=50, is401=false, tokenPresent=true, tokenPreview=ciris_ad...EY68
03-28 11:32:26.641 W/InteractViewModel(27608): [fetchHistory] Non-auth error: UnknownHostException: Unable to resolve host "localhost": No address associated with hostname
03-28 11:32:26.658 E/CIRISApiClient(27608): [getAuditEntries] Exception: UnknownHostException: Unable to resolve host "localhost": No address associated with hostname
03-28 11:32:26.663 E/CIRISApiClient(27608): [getSystemStatus] Exception: UnknownHostException: Unable to resolve host "localhost": No address associated with hostname
03-28 11:32:28.330 E/CIRISApiClient(27608): [getLlmConfig] Exception: UnknownHostException: Unable to resolve host "localhost": No address associated with hostname
03-28 11:32:28.334 W/InteractViewModel(27608): [fetchHealthData] Failed to fetch LLM config from API: Unable to resolve host "localhost": No address associated with hostname
03-28 11:32:28.357 E/CIRISApiClient(27608): [getVerifyStatus] Exception: UnknownHostException: Unable to resolve host "localhost": No address associated with hostname
03-28 11:32:29.221 D/EnvFileUpdater(27608): Found CIRIS_HOME from env: /data/user/0/ai.ciris.mobile.debug/files/ciris
03-28 11:32:29.684 E/CIRISApiClient(27608): [getMessages] Exception: UnknownHostException: Unable to resolve host "localhost": No address associated with hostname | Context: limit=50, is401=false, tokenPresent=true, tokenPreview=ciris_ad...EY68
03-28 11:32:29.689 W/InteractViewModel(27608): [fetchHistory] Non-auth error: UnknownHostException: Unable to resolve host "localhost": No address associated with hostname
03-28 11:32:29.705 E/CIRISApiClient(27608): [getAuditEntries] Exception: UnknownHostException: Unable to resolve host "localhost": No address associated with hostname
03-28 11:32:31.701 E/CIRISApiClient(27608): [getSystemStatus] Exception: UnknownHostException: Unable to resolve host "localhost": No address associated with hostname
03-28 11:32:32.734 E/CIRISApiClient(27608): [getMessages] Exception: UnknownHostException: Unable to resolve host "localhost": No address associated with hostname | Context: limit=50, is401=false, tokenPresent=true, tokenPreview=ciris_ad...EY68
03-28 11:32:32.740 W/InteractViewModel(27608): [fetchHistory] Non-auth error: UnknownHostException: Unable to resolve host "localhost": No address associated with hostname
03-28 11:32:32.760 E/CIRISApiClient(27608): [getAuditEntries] Exception: UnknownHostException: Unable to resolve host "localhost": No address associated with hostname
03-28 11:32:35.797 E/CIRISApiClient(27608): [getMessages] Exception: UnknownHostException: Unable to resolve host "localhost": No address associated with hostname | Context: limit=50, is401=false, tokenPresent=true, tokenPreview=ciris_ad...EY68
03-28 11:32:35.801 W/InteractViewModel(27608): [fetchHistory] Non-auth error: UnknownHostException: Unable to resolve host "localhost": No address associated with hostname
03-28 11:32:35.818 E/CIRISApiClient(27608): [getAuditEntries] Exception: UnknownHostException: Unable to resolve host "localhost": No address associated with hostname
03-28 11:32:36.726 E/CIRISApiClient(27608): [getSystemStatus] Exception: UnknownHostException: Unable to resolve host "localhost": No address associated with hostname
03-28 11:32:38.852 E/CIRISApiClient(27608): [getMessages] Exception: UnknownHostException: Unable to resolve host "localhost": No address associated with hostname | Context: limit=50, is401=false, tokenPresent=true, tokenPreview=ciris_ad...EY68
03-28 11:32:38.858 W/InteractViewModel(27608): [fetchHistory] Non-auth error: UnknownHostException: Unable to resolve host "localhost": No address associated with hostname
03-28 11:32:38.876 E/CIRISApiClient(27608): [getAuditEntries] Exception: UnknownHostException: Unable to resolve host "localhost": No address associated with hostname
03-28 11:32:39.225 D/EnvFileUpdater(27608): Found CIRIS_HOME from env: /data/user/0/ai.ciris.mobile.debug/files/ciris
03-28 11:32:41.491 I/CIRISApiClient(27608): [getWalletStatus] Fetching wallet status
03-28 11:32:41.510 E/CIRISApiClient(27608): [getWalletStatus] Exception: UnknownHostException: Unable to resolve host "localhost": No address associated with hostname
03-28 11:32:41.755 E/CIRISApiClient(27608): [getSystemStatus] Exception: UnknownHostException: Unable to resolve host "localhost": No address associated with hostname
03-28 11:32:41.861 W/chromium(  604): [WARNING:net/cert/ev_root_ca_metadata.cc:118] Not implemented
03-28 11:32:41.913 E/CIRISApiClient(27608): [getMessages] Exception: UnknownHostException: Unable to resolve host "localhost": No address associated with hostname | Context: limit=50, is401=false, tokenPresent=true, tokenPreview=ciris_ad...EY68
03-28 11:32:41.921 W/InteractViewModel(27608): [fetchHistory] Non-auth error: UnknownHostException: Unable to resolve host "localhost": No address associated with hostname
03-28 11:32:41.922 W/chromium(  604): [WARNING:net/cert/ev_root_ca_metadata.cc:118] Not implemented
03-28 11:32:41.944 E/CIRISApiClient(27608): [getAuditEntries] Exception: UnknownHostException: Unable to resolve host "localhost": No address associated with hostname
03-28 11:32:41.959 W/chromium(30862): [WARNING:content/app/android/content_main_android.cc:82] android_setCpu already initialized
03-28 11:32:42.119 W/chromium(30884): [WARNING:content/app/android/content_main_android.cc:82] android_setCpu already initialized
03-28 11:32:42.205 W/chromium(  758): [WARNING:components/viz/service/frame_sinks/compositor_frame_sink_support.cc:1763] Surface SurfaceId(FrameSinkId(177, 3), LocalSurfaceId(8, 1, FBE5...)) is destroyed while there is an outstanding CopyOutputRequest specificc for it.
03-28 11:32:42.472 W/chromium(  604): [WARNING:net/cert/ev_root_ca_metadata.cc:118] Not implemented
03-28 11:32:42.486 W/chromium(  604): [WARNING:net/cert/ev_root_ca_metadata.cc:118] Not implemented
03-28 11:32:42.536 W/chromium(  604): [WARNING:net/cert/ev_root_ca_metadata.cc:118] Not implemented
03-28 11:32:42.642 W/chromium(  604): [WARNING:net/cert/ev_root_ca_metadata.cc:118] Not implemented
03-28 11:32:42.865 W/chromium(  604): [WARNING:net/cert/ev_root_ca_metadata.cc:118] Not implemented
03-28 11:32:43.932 I/WebViewFactory(30052): Loading com.google.android.webview version 146.0.7680.119 (code 768011903)
03-28 11:32:44.010 W/chromium(30052): [WARNING:android_webview/browser/network_service/net_helpers.cc:137] HTTP Cache size is: 34491713
03-28 11:32:44.154 W/chromium(30975): [WARNING:content/app/android/content_main_android.cc:82] android_setCpu already initialized
03-28 11:32:44.171 W/chromium(30975): [WARNING:content/child/runtime_features.cc:563] Fenced frames cannot be enabled in this configuration. Use --enable-features=FencedFrames instead.
03-28 11:32:44.171 W/chromium(30975): [WARNING:content/child/runtime_features.cc:588] Topics cannot be enabled in this configuration. Use --enable-features=BrowsingTopics in addition.
03-28 11:32:44.171 W/chromium(30975): [WARNING:content/child/runtime_features.cc:609] SharedStorage cannot be enabled in this configuration. Use --enable-features=SharedStorageAPI in addition.
03-28 11:32:44.890 E/chromium(30975): [ERROR:cc/tiles/tile_manager.cc:997] WARNING: tile memory limits exceeded, some content may not draw
03-28 11:32:44.894 E/chromium(30975): [ERROR:cc/tiles/tile_manager.cc:997] WARNING: tile memory limits exceeded, some content may not draw
03-28 11:32:44.916 E/chromium(30975): [ERROR:cc/tiles/tile_manager.cc:997] WARNING: tile memory limits exceeded, some content may not draw
03-28 11:32:44.916 E/chromium(30975): [ERROR:cc/tiles/tile_manager.cc:997] WARNING: tile memory limits exceeded, some content may not draw
03-28 11:32:44.938 E/chromium(30975): [ERROR:cc/tiles/tile_manager.cc:997] WARNING: tile memory limits exceeded, some content may not draw
03-28 11:32:44.940 E/chromium(30975): [ERROR:cc/tiles/tile_manager.cc:997] WARNING: tile memory limits exceeded, some content may not draw
03-28 11:32:44.987 E/chromium(30975): [ERROR:cc/tiles/tile_manager.cc:997] WARNING: tile memory limits exceeded, some content may not draw
03-28 11:32:44.987 E/chromium(30975): [ERROR:cc/tiles/tile_manager.cc:997] WARNING: tile memory limits exceeded, some content may not draw
03-28 11:32:44.993 E/CIRISApiClient(27608): [getMessages] Exception: UnknownHostException: Unable to resolve host "localhost": No address associated with hostname | Context: limit=50, is401=false, tokenPresent=true, tokenPreview=ciris_ad...EY68
03-28 11:32:44.998 W/InteractViewModel(27608): [fetchHistory] Non-auth error: UnknownHostException: Unable to resolve host "localhost": No address associated with hostname
03-28 11:32:45.010 W/chromium(31186): [WARNING:content/app/android/content_main_android.cc:82] android_setCpu already initialized
03-28 11:32:45.016 E/chromium(30975): [ERROR:cc/tiles/tile_manager.cc:997] WARNING: tile memory limits exceeded, some content may not draw
03-28 11:32:45.017 E/chromium(30975): [ERROR:cc/tiles/tile_manager.cc:997] WARNING: tile memory limits exceeded, some content may not draw
03-28 11:32:45.030 E/CIRISApiClient(27608): [getAuditEntries] Exception: UnknownHostException: Unable to resolve host "localhost": No address associated with hostname
03-28 11:32:45.037 E/chromium(30975): [ERROR:cc/tiles/tile_manager.cc:997] WARNING: tile memory limits exceeded, some content may not draw
03-28 11:32:45.037 E/chromium(30975): [ERROR:cc/tiles/tile_manager.cc:997] WARNING: tile memory limits exceeded, some content may not draw
03-28 11:32:45.091 E/chromium(30975): [ERROR:cc/tiles/tile_manager.cc:997] WARNING: tile memory limits exceeded, some content may not draw
03-28 11:32:45.092 E/chromium(30975): [ERROR:cc/tiles/tile_manager.cc:997] WARNING: tile memory limits exceeded, some content may not draw
03-28 11:32:46.788 E/CIRISApiClient(27608): [getSystemStatus] Exception: UnknownHostException: Unable to resolve host "localhost": No address associated with hostname
03-28 11:32:48.065 E/CIRISApiClient(27608): [getMessages] Exception: UnknownHostException: Unable to resolve host "localhost": No address associated with hostname | Context: limit=50, is401=false, tokenPresent=true, tokenPreview=ciris_ad...EY68
03-28 11:32:48.072 W/InteractViewModel(27608): [fetchHistory] Non-auth error: UnknownHostException: Unable to resolve host "localhost": No address associated with hostname
03-28 11:32:48.095 E/CIRISApiClient(27608): [getAuditEntries] Exception: UnknownHostException: Unable to resolve host "localhost": No address associated with hostname
03-28 11:32:48.470 W/chromium(31329): [WARNING:content/app/android/content_main_android.cc:82] android_setCpu already initialized
03-28 11:32:48.489 W/chromium(  604): [WARNING:net/cert/ev_root_ca_metadata.cc:118] Not implemented
03-28 11:32:49.231 D/EnvFileUpdater(27608): Found CIRIS_HOME from env: /data/user/0/ai.ciris.mobile.debug/files/ciris
03-28 11:32:50.240 W/chromium(31362): [WARNING:content/app/android/content_main_android.cc:82] android_setCpu already initialized
03-28 11:32:51.126 E/CIRISApiClient(27608): [getMessages] Exception: UnknownHostException: Unable to resolve host "localhost": No address associated with hostname | Context: limit=50, is401=false, tokenPresent=true, tokenPreview=ciris_ad...EY68
03-28 11:32:51.131 W/InteractViewModel(27608): [fetchHistory] Non-auth error: UnknownHostException: Unable to resolve host "localhost": No address associated with hostname
03-28 11:32:51.149 E/CIRISApiClient(27608): [getAuditEntries] Exception: UnknownHostException: Unable to resolve host "localhost": No address associated with hostname
03-28 11:32:51.238 W/chromium(  604): [WARNING:net/cert/ev_root_ca_metadata.cc:118] Not implemented
03-28 11:32:51.594 W/chromium(  604): [WARNING:net/cert/ev_root_ca_metadata.cc:118] Not implemented
03-28 11:32:51.764 W/chromium(  604): [WARNING:net/cert/ev_root_ca_metadata.cc:118] Not implemented
03-28 11:32:51.813 E/CIRISApiClient(27608): [getSystemStatus] Exception: UnknownHostException: Unable to resolve host "localhost": No address associated with hostname
03-28 11:32:51.984 W/chromium(  604): [WARNING:net/cert/ev_root_ca_metadata.cc:118] Not implemented
03-28 11:32:53.285 W/chromium(31407): [WARNING:content/app/android/content_main_android.cc:82] android_setCpu already initialized
03-28 11:32:54.176 E/CIRISApiClient(27608): [getMessages] Exception: UnknownHostException: Unable to resolve host "localhost": No address associated with hostname | Context: limit=50, is401=false, tokenPresent=true, tokenPreview=ciris_ad...EY68
03-28 11:32:54.181 W/InteractViewModel(27608): [fetchHistory] Non-auth error: UnknownHostException: Unable to resolve host "localhost": No address associated with hostname
03-28 11:32:54.199 E/CIRISApiClient(27608): [getAuditEntries] Exception: UnknownHostException: Unable to resolve host "localhost": No address associated with hostname
03-28 11:32:56.774 W/chromium(  604): [WARNING:net/cert/ev_root_ca_metadata.cc:118] Not implemented
03-28 11:32:56.778 W/chromium(  604): [WARNING:net/cert/ev_root_ca_metadata.cc:118] Not implemented
03-28 11:32:56.778 W/chromium(  604): [WARNING:net/cert/ev_root_ca_metadata.cc:118] Not implemented
03-28 11:32:56.804 W/chromium(31437): [WARNING:content/app/android/content_main_android.cc:82] android_setCpu already initialized
03-28 11:32:56.841 E/CIRISApiClient(27608): [getSystemStatus] Exception: UnknownHostException: Unable to resolve host "localhost": No address associated with hostname
03-28 11:32:56.875 W/chromium(  604): [WARNING:net/cert/ev_root_ca_metadata.cc:118] Not implemented
03-28 11:32:57.097 W/chromium(  604): [WARNING:net/cert/ev_root_ca_metadata.cc:118] Not implemented
03-28 11:32:57.118 W/chromium(  604): [WARNING:net/cert/ev_root_ca_metadata.cc:118] Not implemented
03-28 11:32:57.230 E/CIRISApiClient(27608): [getMessages] Exception: UnknownHostException: Unable to resolve host "localhost": No address associated with hostname | Context: limit=50, is401=false, tokenPresent=true, tokenPreview=ciris_ad...EY68
03-28 11:32:57.231 W/chromium(  604): [WARNING:net/cert/ev_root_ca_metadata.cc:118] Not implemented
03-28 11:32:57.238 W/InteractViewModel(27608): [fetchHistory] Non-auth error: UnknownHostException: Unable to resolve host "localhost": No address associated with hostname
03-28 11:32:57.261 E/CIRISApiClient(27608): [getAuditEntries] Exception: UnknownHostException: Unable to resolve host "localhost": No address associated with hostname
03-28 11:32:57.553 W/chromium(  604): [WARNING:net/cert/ev_root_ca_metadata.cc:118] Not implemented
03-28 11:32:57.648 W/chromium(31462): [WARNING:content/app/android/content_main_android.cc:82] android_setCpu already initialized
03-28 11:32:58.383 E/CIRISApiClient(27608): [getLlmConfig] Exception: UnknownHostException: Unable to resolve host "localhost": No address associated with hostname
03-28 11:32:58.387 W/InteractViewModel(27608): [fetchHealthData] Failed to fetch LLM config from API: Unable to resolve host "localhost": No address associated with hostname
03-28 11:32:58.405 E/CIRISApiClient(27608): [getVerifyStatus] Exception: UnknownHostException: Unable to resolve host "localhost": No address associated with hostname
03-28 11:32:59.235 D/EnvFileUpdater(27608): Found CIRIS_HOME from env: /data/user/0/ai.ciris.mobile.debug/files/ciris
03-28 11:32:59.818 I/chromium(31407): [INFO:third_party/blink/renderer/modules/peerconnection/peer_connection_dependency_factory.cc:941] Running WebRTC with a combined Network and Worker thread.
03-28 11:32:59.880 W/chromium(  604): [WARNING:chrome/browser/media/prefs/capture_device_ranking.h:255] Can't initialize the value of media.audio_input.user_preference_ranking because media.default_audio_capture_device isn't registered or is empty
03-28 11:32:59.880 W/chromium(  604): [WARNING:chrome/browser/media/prefs/capture_device_ranking.h:255] Can't initialize the value of media.video_input.user_preference_ranking because media.default_video_capture_Device isn't registered or is empty
03-28 11:32:59.887 W/chromium(  604): [WARNING:net/dns/host_resolver_dns_task.cc:934] Address list empty after RFC3484 sort
03-28 11:33:00.294 E/CIRISApiClient(27608): [getMessages] Exception: UnknownHostException: Unable to resolve host "localhost": No address associated with hostname | Context: limit=50, is401=false, tokenPresent=true, tokenPreview=ciris_ad...EY68
03-28 11:33:00.299 W/InteractViewModel(27608): [fetchHistory] Non-auth error: UnknownHostException: Unable to resolve host "localhost": No address associated with hostname
03-28 11:33:00.319 E/CIRISApiClient(27608): [getAuditEntries] Exception: UnknownHostException: Unable to resolve host "localhost": No address associated with hostname
03-28 11:33:01.869 E/CIRISApiClient(27608): [getSystemStatus] Exception: UnknownHostException: Unable to resolve host "localhost": No address associated with hostname
03-28 11:33:03.351 E/CIRISApiClient(27608): [getMessages] Exception: UnknownHostException: Unable to resolve host "localhost": No address associated with hostname | Context: limit=50, is401=false, tokenPresent=true, tokenPreview=ciris_ad...EY68
03-28 11:33:03.357 W/InteractViewModel(27608): [fetchHistory] Non-auth error: UnknownHostException: Unable to resolve host "localhost": No address associated with hostname
03-28 11:33:03.377 E/CIRISApiClient(27608): [getAuditEntries] Exception: UnknownHostException: Unable to resolve host "localhost": No address associated with hostname
03-28 11:33:06.416 E/CIRISApiClient(27608): [getMessages] Exception: UnknownHostException: Unable to resolve host "localhost": No address associated with hostname | Context: limit=50, is401=false, tokenPresent=true, tokenPreview=ciris_ad...EY68
03-28 11:33:06.422 W/InteractViewModel(27608): [fetchHistory] Non-auth error: UnknownHostException: Unable to resolve host "localhost": No address associated with hostname
03-28 11:33:06.440 E/CIRISApiClient(27608): [getAuditEntries] Exception: UnknownHostException: Unable to resolve host "localhost": No address associated with hostname
03-28 11:33:06.888 E/CIRISApiClient(27608): [getSystemStatus] Exception: UnknownHostException: Unable to resolve host "localhost": No address associated with hostname
03-28 11:33:09.237 D/EnvFileUpdater(27608): Found CIRIS_HOME from env: /data/user/0/ai.ciris.mobile.debug/files/ciris
03-28 11:33:09.467 E/CIRISApiClient(27608): [getMessages] Exception: UnknownHostException: Unable to resolve host "localhost": No address associated with hostname | Context: limit=50, is401=false, tokenPresent=true, tokenPreview=ciris_ad...EY68
03-28 11:33:09.471 W/InteractViewModel(27608): [fetchHistory] Non-auth error: UnknownHostException: Unable to resolve host "localhost": No address associated with hostname
03-28 11:33:09.486 E/CIRISApiClient(27608): [getAuditEntries] Exception: UnknownHostException: Unable to resolve host "localhost": No address associated with hostname
03-28 11:33:11.516 I/CIRISApiClient(27608): [getWalletStatus] Fetching wallet status
03-28 11:33:11.542 E/CIRISApiClient(27608): [getWalletStatus] Exception: UnknownHostException: Unable to resolve host "localhost": No address associated with hostname
03-28 11:33:11.909 E/CIRISApiClient(27608): [getSystemStatus] Exception: UnknownHostException: Unable to resolve host "localhost": No address associated with hostname
03-28 11:33:12.507 E/CIRISApiClient(27608): [getMessages] Exception: UnknownHostException: Unable to resolve host "localhost": No address associated with hostname | Context: limit=50, is401=false, tokenPresent=true, tokenPreview=ciris_ad...EY68
03-28 11:33:12.510 W/InteractViewModel(27608): [fetchHistory] Non-auth error: UnknownHostException: Unable to resolve host "localhost": No address associated with hostname
03-28 11:33:12.526 E/CIRISApiClient(27608): [getAuditEntries] Exception: UnknownHostException: Unable to resolve host "localhost": No address associated with hostname
03-28 11:33:15.563 E/CIRISApiClient(27608): [getMessages] Exception: UnknownHostException: Unable to resolve host "localhost": No address associated with hostname | Context: limit=50, is401=false, tokenPresent=true, tokenPreview=ciris_ad...EY68
03-28 11:33:15.568 W/InteractViewModel(27608): [fetchHistory] Non-auth error: UnknownHostException: Unable to resolve host "localhost": No address associated with hostname
03-28 11:33:15.585 E/CIRISApiClient(27608): [getAuditEntries] Exception: UnknownHostException: Unable to resolve host "localhost": No address associated with hostname
03-28 11:33:16.939 E/CIRISApiClient(27608): [getSystemStatus] Exception: UnknownHostException: Unable to resolve host "localhost": No address associated with hostname
03-28 11:33:18.629 E/CIRISApiClient(27608): [getMessages] Exception: UnknownHostException: Unable to resolve host "localhost": No address associated with hostname | Context: limit=50, is401=false, tokenPresent=true, tokenPreview=ciris_ad...EY68
03-28 11:33:18.637 W/InteractViewModel(27608): [fetchHistory] Non-auth error: UnknownHostException: Unable to resolve host "localhost": No address associated with hostname
03-28 11:33:18.661 E/CIRISApiClient(27608): [getAuditEntries] Exception: UnknownHostException: Unable to resolve host "localhost": No address associated with hostname
03-28 11:33:19.242 D/EnvFileUpdater(27608): Found CIRIS_HOME from env: /data/user/0/ai.ciris.mobile.debug/files/ciris
03-28 11:33:21.688 E/CIRISApiClient(27608): [getMessages] Exception: UnknownHostException: Unable to resolve host "localhost": No address associated with hostname | Context: limit=50, is401=false, tokenPresent=true, tokenPreview=ciris_ad...EY68
03-28 11:33:21.694 W/InteractViewModel(27608): [fetchHistory] Non-auth error: UnknownHostException: Unable to resolve host "localhost": No address associated with hostname
03-28 11:33:21.713 E/CIRISApiClient(27608): [getAuditEntries] Exception: UnknownHostException: Unable to resolve host "localhost": No address associated with hostname
03-28 11:33:21.965 E/CIRISApiClient(27608): [getSystemStatus] Exception: UnknownHostException: Unable to resolve host "localhost": No address associated with hostname
03-28 11:33:24.747 E/CIRISApiClient(27608): [getMessages] Exception: UnknownHostException: Unable to resolve host "localhost": No address associated with hostname | Context: limit=50, is401=false, tokenPresent=true, tokenPreview=ciris_ad...EY68
03-28 11:33:24.754 W/InteractViewModel(27608): [fetchHistory] Non-auth error: UnknownHostException: Unable to resolve host "localhost": No address associated with hostname
03-28 11:33:24.773 E/CIRISApiClient(27608): [getAuditEntries] Exception: UnknownHostException: Unable to resolve host "localhost": No address associated with hostname
03-28 11:33:26.993 E/CIRISApiClient(27608): [getSystemStatus] Exception: UnknownHostException: Unable to resolve host "localhost": No address associated with hostname
03-28 11:33:27.817 E/CIRISApiClient(27608): [getMessages] Exception: UnknownHostException: Unable to resolve host "localhost": No address associated with hostname | Context: limit=50, is401=false, tokenPresent=true, tokenPreview=ciris_ad...EY68
03-28 11:33:27.822 W/InteractViewModel(27608): [fetchHistory] Non-auth error: UnknownHostException: Unable to resolve host "localhost": No address associated with hostname
03-28 11:33:27.840 E/CIRISApiClient(27608): [getAuditEntries] Exception: UnknownHostException: Unable to resolve host "localhost": No address associated with hostname
03-28 11:33:28.434 E/CIRISApiClient(27608): [getLlmConfig] Exception: UnknownHostException: Unable to resolve host "localhost": No address associated with hostname
03-28 11:33:28.438 W/InteractViewModel(27608): [fetchHealthData] Failed to fetch LLM config from API: Unable to resolve host "localhost": No address associated with hostname
03-28 11:33:28.455 E/CIRISApiClient(27608): [getVerifyStatus] Exception: UnknownHostException: Unable to resolve host "localhost": No address associated with hostname
03-28 11:33:29.246 D/EnvFileUpdater(27608): Found CIRIS_HOME from env: /data/user/0/ai.ciris.mobile.debug/files/ciris
03-28 11:33:30.880 E/CIRISApiClient(27608): [getMessages] Exception: UnknownHostException: Unable to resolve host "localhost": No address associated with hostname | Context: limit=50, is401=false, tokenPresent=true, tokenPreview=ciris_ad...EY68
03-28 11:33:30.885 W/InteractViewModel(27608): [fetchHistory] Non-auth error: UnknownHostException: Unable to resolve host "localhost": No address associated with hostname
03-28 11:33:30.899 E/CIRISApiClient(27608): [getAuditEntries] Exception: UnknownHostException: Unable to resolve host "localhost": No address associated with hostname
03-28 11:33:32.025 E/CIRISApiClient(27608): [getSystemStatus] Exception: UnknownHostException: Unable to resolve host "localhost": No address associated with hostname
03-28 11:33:33.942 E/CIRISApiClient(27608): [getMessages] Exception: UnknownHostException: Unable to resolve host "localhost": No address associated with hostname | Context: limit=50, is401=false, tokenPresent=true, tokenPreview=ciris_ad...EY68
03-28 11:33:33.950 W/InteractViewModel(27608): [fetchHistory] Non-auth error: UnknownHostException: Unable to resolve host "localhost": No address associated with hostname
03-28 11:33:33.973 E/CIRISApiClient(27608): [getAuditEntries] Exception: UnknownHostException: Unable to resolve host "localhost": No address associated with hostname
03-28 11:33:37.016 E/CIRISApiClient(27608): [getMessages] Exception: UnknownHostException: Unable to resolve host "localhost": No address associated with hostname | Context: limit=50, is401=false, tokenPresent=true, tokenPreview=ciris_ad...EY68
03-28 11:33:37.023 W/InteractViewModel(27608): [fetchHistory] Non-auth error: UnknownHostException: Unable to resolve host "localhost": No address associated with hostname
03-28 11:33:37.044 E/CIRISApiClient(27608): [getAuditEntries] Exception: UnknownHostException: Unable to resolve host "localhost": No address associated with hostname
03-28 11:33:37.049 E/CIRISApiClient(27608): [getSystemStatus] Exception: UnknownHostException: Unable to resolve host "localhost": No address associated with hostname
03-28 11:33:39.250 D/EnvFileUpdater(27608): Found CIRIS_HOME from env: /data/user/0/ai.ciris.mobile.debug/files/ciris
03-28 11:33:39.785 E/chromium(31407): [ERROR:third_party/webrtc/p2p/base/stun_port.cc:123] Binding request timed out from [0:0:0:x:x:x:x:x]:43926 (any)
03-28 11:33:40.067 E/CIRISApiClient(27608): [getMessages] Exception: UnknownHostException: Unable to resolve host "localhost": No address associated with hostname | Context: limit=50, is401=false, tokenPresent=true, tokenPreview=ciris_ad...EY68
03-28 11:33:40.071 W/InteractViewModel(27608): [fetchHistory] Non-auth error: UnknownHostException: Unable to resolve host "localhost": No address associated with hostname
03-28 11:33:40.087 E/CIRISApiClient(27608): [getAuditEntries] Exception: UnknownHostException: Unable to resolve host "localhost": No address associated with hostname
03-28 11:33:41.550 I/CIRISApiClient(27608): [getWalletStatus] Fetching wallet status
03-28 11:33:41.567 E/CIRISApiClient(27608): [getWalletStatus] Exception: UnknownHostException: Unable to resolve host "localhost": No address associated with hostname
03-28 11:33:42.085 E/CIRISApiClient(27608): [getSystemStatus] Exception: UnknownHostException: Unable to resolve host "localhost": No address associated with hostname
03-28 11:33:43.106 E/CIRISApiClient(27608): [getMessages] Exception: UnknownHostException: Unable to resolve host "localhost": No address associated with hostname | Context: limit=50, is401=false, tokenPresent=true, tokenPreview=ciris_ad...EY68
03-28 11:33:43.110 W/InteractViewModel(27608): [fetchHistory] Non-auth error: UnknownHostException: Unable to resolve host "localhost": No address associated with hostname
03-28 11:33:43.124 E/CIRISApiClient(27608): [getAuditEntries] Exception: UnknownHostException: Unable to resolve host "localhost": No address associated with hostname
03-28 11:33:46.150 E/CIRISApiClient(27608): [getMessages] Exception: UnknownHostException: Unable to resolve host "localhost": No address associated with hostname | Context: limit=50, is401=false, tokenPresent=true, tokenPreview=ciris_ad...EY68
03-28 11:33:46.154 W/InteractViewModel(27608): [fetchHistory] Non-auth error: UnknownHostException: Unable to resolve host "localhost": No address associated with hostname
03-28 11:33:46.179 E/CIRISApiClient(27608): [getAuditEntries] Exception: UnknownHostException: Unable to resolve host "localhost": No address associated with hostname
03-28 11:33:47.122 E/CIRISApiClient(27608): [getSystemStatus] Exception: UnknownHostException: Unable to resolve host "localhost": No address associated with hostname
03-28 11:33:49.205 E/CIRISApiClient(27608): [getMessages] Exception: UnknownHostException: Unable to resolve host "localhost": No address associated with hostname | Context: limit=50, is401=false, tokenPresent=true, tokenPreview=ciris_ad...EY68
03-28 11:33:49.214 W/InteractViewModel(27608): [fetchHistory] Non-auth error: UnknownHostException: Unable to resolve host "localhost": No address associated with hostname
03-28 11:33:49.233 E/CIRISApiClient(27608): [getAuditEntries] Exception: UnknownHostException: Unable to resolve host "localhost": No address associated with hostname
03-28 11:33:49.253 D/EnvFileUpdater(27608): Found CIRIS_HOME from env: /data/user/0/ai.ciris.mobile.debug/files/ciris
03-28 11:33:52.140 E/CIRISApiClient(27608): [getSystemStatus] Exception: UnknownHostException: Unable to resolve host "localhost": No address associated with hostname
03-28 11:33:52.251 E/CIRISApiClient(27608): [getMessages] Exception: UnknownHostException: Unable to resolve host "localhost": No address associated with hostname | Context: limit=50, is401=false, tokenPresent=true, tokenPreview=ciris_ad...EY68
03-28 11:33:52.256 W/InteractViewModel(27608): [fetchHistory] Non-auth error: UnknownHostException: Unable to resolve host "localhost": No address associated with hostname
03-28 11:33:52.277 E/CIRISApiClient(27608): [getAuditEntries] Exception: UnknownHostException: Unable to resolve host "localhost": No address associated with hostname
03-28 11:33:55.307 E/CIRISApiClient(27608): [getMessages] Exception: UnknownHostException: Unable to resolve host "localhost": No address associated with hostname | Context: limit=50, is401=false, tokenPresent=true, tokenPreview=ciris_ad...EY68
03-28 11:33:55.311 W/InteractViewModel(27608): [fetchHistory] Non-auth error: UnknownHostException: Unable to resolve host "localhost": No address associated with hostname
03-28 11:33:55.341 E/CIRISApiClient(27608): [getAuditEntries] Exception: UnknownHostException: Unable to resolve host "localhost": No address associated with hostname
03-28 11:33:57.159 E/CIRISApiClient(27608): [getSystemStatus] Exception: UnknownHostException: Unable to resolve host "localhost": No address associated with hostname
03-28 11:33:58.370 E/CIRISApiClient(27608): [getMessages] Exception: UnknownHostException: Unable to resolve host "localhost": No address associated with hostname | Context: limit=50, is401=false, tokenPresent=true, tokenPreview=ciris_ad...EY68
03-28 11:33:58.384 W/InteractViewModel(27608): [fetchHistory] Non-auth error: UnknownHostException: Unable to resolve host "localhost": No address associated with hostname
03-28 11:33:58.405 E/CIRISApiClient(27608): [getAuditEntries] Exception: UnknownHostException: Unable to resolve host "localhost": No address associated with hostname
03-28 11:33:58.476 E/CIRISApiClient(27608): [getLlmConfig] Exception: UnknownHostException: Unable to resolve host "localhost": No address associated with hostname
03-28 11:33:58.479 W/InteractViewModel(27608): [fetchHealthData] Failed to fetch LLM config from API: Unable to resolve host "localhost": No address associated with hostname
03-28 11:33:58.496 E/CIRISApiClient(27608): [getVerifyStatus] Exception: UnknownHostException: Unable to resolve host "localhost": No address associated with hostname
03-28 11:33:59.258 D/EnvFileUpdater(27608): Found CIRIS_HOME from env: /data/user/0/ai.ciris.mobile.debug/files/ciris
03-28 11:34:01.430 E/CIRISApiClient(27608): [getMessages] Exception: UnknownHostException: Unable to resolve host "localhost": No address associated with hostname | Context: limit=50, is401=false, tokenPresent=true, tokenPreview=ciris_ad...EY68
03-28 11:34:01.434 W/InteractViewModel(27608): [fetchHistory] Non-auth error: UnknownHostException: Unable to resolve host "localhost": No address associated with hostname
03-28 11:34:01.452 E/CIRISApiClient(27608): [getAuditEntries] Exception: UnknownHostException: Unable to resolve host "localhost": No address associated with hostname
03-28 11:34:02.179 E/CIRISApiClient(27608): [getSystemStatus] Exception: UnknownHostException: Unable to resolve host "localhost": No address associated with hostname
03-28 11:34:04.474 E/CIRISApiClient(27608): [getMessages] Exception: UnknownHostException: Unable to resolve host "localhost": No address associated with hostname | Context: limit=50, is401=false, tokenPresent=true, tokenPreview=ciris_ad...EY68
03-28 11:34:04.479 W/InteractViewModel(27608): [fetchHistory] Non-auth error: UnknownHostException: Unable to resolve host "localhost": No address associated with hostname
03-28 11:34:04.493 E/CIRISApiClient(27608): [getAuditEntries] Exception: UnknownHostException: Unable to resolve host "localhost": No address associated with hostname
03-28 11:34:07.206 E/CIRISApiClient(27608): [getSystemStatus] Exception: UnknownHostException: Unable to resolve host "localhost": No address associated with hostname
03-28 11:34:07.515 E/CIRISApiClient(27608): [getMessages] Exception: UnknownHostException: Unable to resolve host "localhost": No address associated with hostname | Context: limit=50, is401=false, tokenPresent=true, tokenPreview=ciris_ad...EY68
03-28 11:34:07.519 W/InteractViewModel(27608): [fetchHistory] Non-auth error: UnknownHostException: Unable to resolve host "localhost": No address associated with hostname
03-28 11:34:07.535 E/CIRISApiClient(27608): [getAuditEntries] Exception: UnknownHostException: Unable to resolve host "localhost": No address associated with hostname
03-28 11:34:09.260 D/EnvFileUpdater(27608): Found CIRIS_HOME from env: /data/user/0/ai.ciris.mobile.debug/files/ciris
03-28 11:34:10.569 E/CIRISApiClient(27608): [getMessages] Exception: UnknownHostException: Unable to resolve host "localhost": No address associated with hostname | Context: limit=50, is401=false, tokenPresent=true, tokenPreview=ciris_ad...EY68
03-28 11:34:10.575 W/InteractViewModel(27608): [fetchHistory] Non-auth error: UnknownHostException: Unable to resolve host "localhost": No address associated with hostname
03-28 11:34:10.596 E/CIRISApiClient(27608): [getAuditEntries] Exception: UnknownHostException: Unable to resolve host "localhost": No address associated with hostname
03-28 11:34:11.573 I/CIRISApiClient(27608): [getWalletStatus] Fetching wallet status
03-28 11:34:11.596 E/CIRISApiClient(27608): [getWalletStatus] Exception: UnknownHostException: Unable to resolve host "localhost": No address associated with hostname
03-28 11:34:12.241 E/CIRISApiClient(27608): [getSystemStatus] Exception: UnknownHostException: Unable to resolve host "localhost": No address associated with hostname
03-28 11:34:13.638 E/CIRISApiClient(27608): [getMessages] Exception: UnknownHostException: Unable to resolve host "localhost": No address associated with hostname | Context: limit=50, is401=false, tokenPresent=true, tokenPreview=ciris_ad...EY68
03-28 11:34:13.653 W/InteractViewModel(27608): [fetchHistory] Non-auth error: UnknownHostException: Unable to resolve host "localhost": No address associated with hostname
03-28 11:34:13.677 E/CIRISApiClient(27608): [getAuditEntries] Exception: UnknownHostException: Unable to resolve host "localhost": No address associated with hostname
03-28 11:34:16.703 E/CIRISApiClient(27608): [getMessages] Exception: UnknownHostException: Unable to resolve host "localhost": No address associated with hostname | Context: limit=50, is401=false, tokenPresent=true, tokenPreview=ciris_ad...EY68
03-28 11:34:16.707 W/InteractViewModel(27608): [fetchHistory] Non-auth error: UnknownHostException: Unable to resolve host "localhost": No address associated with hostname
03-28 11:34:16.722 E/CIRISApiClient(27608): [getAuditEntries] Exception: UnknownHostException: Unable to resolve host "localhost": No address associated with hostname
03-28 11:34:17.269 E/CIRISApiClient(27608): [getSystemStatus] Exception: UnknownHostException: Unable to resolve host "localhost": No address associated with hostname
03-28 11:34:19.264 D/EnvFileUpdater(27608): Found CIRIS_HOME from env: /data/user/0/ai.ciris.mobile.debug/files/ciris
03-28 11:34:19.760 E/CIRISApiClient(27608): [getMessages] Exception: UnknownHostException: Unable to resolve host "localhost": No address associated with hostname | Context: limit=50, is401=false, tokenPresent=true, tokenPreview=ciris_ad...EY68
03-28 11:34:19.766 W/InteractViewModel(27608): [fetchHistory] Non-auth error: UnknownHostException: Unable to resolve host "localhost": No address associated with hostname
03-28 11:34:19.788 E/CIRISApiClient(27608): [getAuditEntries] Exception: UnknownHostException: Unable to resolve host "localhost": No address associated with hostname
03-28 11:34:22.311 E/CIRISApiClient(27608): [getSystemStatus] Exception: UnknownHostException: Unable to resolve host "localhost": No address associated with hostname
03-28 11:34:22.809 E/CIRISApiClient(27608): [getMessages] Exception: UnknownHostException: Unable to resolve host "localhost": No address associated with hostname | Context: limit=50, is401=false, tokenPresent=true, tokenPreview=ciris_ad...EY68
03-28 11:34:22.813 W/InteractViewModel(27608): [fetchHistory] Non-auth error: UnknownHostException: Unable to resolve host "localhost": No address associated with hostname
03-28 11:34:22.827 E/CIRISApiClient(27608): [getAuditEntries] Exception: UnknownHostException: Unable to resolve host "localhost": No address associated with hostname
03-28 11:34:25.860 E/CIRISApiClient(27608): [getMessages] Exception: UnknownHostException: Unable to resolve host "localhost": No address associated with hostname | Context: limit=50, is401=false, tokenPresent=true, tokenPreview=ciris_ad...EY68
03-28 11:34:25.865 W/InteractViewModel(27608): [fetchHistory] Non-auth error: UnknownHostException: Unable to resolve host "localhost": No address associated with hostname
03-28 11:34:25.888 E/CIRISApiClient(27608): [getAuditEntries] Exception: UnknownHostException: Unable to resolve host "localhost": No address associated with hostname
03-28 11:34:27.346 E/CIRISApiClient(27608): [getSystemStatus] Exception: UnknownHostException: Unable to resolve host "localhost": No address associated with hostname
03-28 11:34:28.542 E/CIRISApiClient(27608): [getLlmConfig] Exception: UnknownHostException: Unable to resolve host "localhost": No address associated with hostname
03-28 11:34:28.547 W/InteractViewModel(27608): [fetchHealthData] Failed to fetch LLM config from API: Unable to resolve host "localhost": No address associated with hostname
03-28 11:34:28.568 E/CIRISApiClient(27608): [getVerifyStatus] Exception: UnknownHostException: Unable to resolve host "localhost": No address associated with hostname
03-28 11:34:28.919 E/CIRISApiClient(27608): [getMessages] Exception: UnknownHostException: Unable to resolve host "localhost": No address associated with hostname | Context: limit=50, is401=false, tokenPresent=true, tokenPreview=ciris_ad...EY68
03-28 11:34:28.926 W/InteractViewModel(27608): [fetchHistory] Non-auth error: UnknownHostException: Unable to resolve host "localhost": No address associated with hostname
03-28 11:34:28.950 E/CIRISApiClient(27608): [getAuditEntries] Exception: UnknownHostException: Unable to resolve host "localhost": No address associated with hostname
03-28 11:34:29.268 D/EnvFileUpdater(27608): Found CIRIS_HOME from env: /data/user/0/ai.ciris.mobile.debug/files/ciris
03-28 11:34:31.990 E/CIRISApiClient(27608): [getMessages] Exception: UnknownHostException: Unable to resolve host "localhost": No address associated with hostname | Context: limit=50, is401=false, tokenPresent=true, tokenPreview=ciris_ad...EY68
03-28 11:34:31.996 W/InteractViewModel(27608): [fetchHistory] Non-auth error: UnknownHostException: Unable to resolve host "localhost": No address associated with hostname
03-28 11:34:32.017 E/CIRISApiClient(27608): [getAuditEntries] Exception: UnknownHostException: Unable to resolve host "localhost": No address associated with hostname
03-28 11:34:32.383 E/CIRISApiClient(27608): [getSystemStatus] Exception: UnknownHostException: Unable to resolve host "localhost": No address associated with hostname
03-28 11:34:35.052 E/CIRISApiClient(27608): [getMessages] Exception: UnknownHostException: Unable to resolve host "localhost": No address associated with hostname | Context: limit=50, is401=false, tokenPresent=true, tokenPreview=ciris_ad...EY68
03-28 11:34:35.057 W/InteractViewModel(27608): [fetchHistory] Non-auth error: UnknownHostException: Unable to resolve host "localhost": No address associated with hostname
03-28 11:34:35.078 E/CIRISApiClient(27608): [getAuditEntries] Exception: UnknownHostException: Unable to resolve host "localhost": No address associated with hostname
03-28 11:34:37.422 E/CIRISApiClient(27608): [getSystemStatus] Exception: UnknownHostException: Unable to resolve host "localhost": No address associated with hostname
03-28 11:34:38.114 E/CIRISApiClient(27608): [getMessages] Exception: UnknownHostException: Unable to resolve host "localhost": No address associated with hostname | Context: limit=50, is401=false, tokenPresent=true, tokenPreview=ciris_ad...EY68
03-28 11:34:38.121 W/InteractViewModel(27608): [fetchHistory] Non-auth error: UnknownHostException: Unable to resolve host "localhost": No address associated with hostname
03-28 11:34:38.140 E/CIRISApiClient(27608): [getAuditEntries] Exception: UnknownHostException: Unable to resolve host "localhost": No address associated with hostname
03-28 11:34:39.272 D/EnvFileUpdater(27608): Found CIRIS_HOME from env: /data/user/0/ai.ciris.mobile.debug/files/ciris
03-28 11:34:41.160 E/CIRISApiClient(27608): [getMessages] Exception: UnknownHostException: Unable to resolve host "localhost": No address associated with hostname | Context: limit=50, is401=false, tokenPresent=true, tokenPreview=ciris_ad...EY68
03-28 11:34:41.164 W/InteractViewModel(27608): [fetchHistory] Non-auth error: UnknownHostException: Unable to resolve host "localhost": No address associated with hostname
03-28 11:34:41.181 E/CIRISApiClient(27608): [getAuditEntries] Exception: UnknownHostException: Unable to resolve host "localhost": No address associated with hostname
03-28 11:34:41.603 I/CIRISApiClient(27608): [getWalletStatus] Fetching wallet status
03-28 11:34:41.625 E/CIRISApiClient(27608): [getWalletStatus] Exception: UnknownHostException: Unable to resolve host "localhost": No address associated with hostname
03-28 11:34:42.449 E/CIRISApiClient(27608): [getSystemStatus] Exception: UnknownHostException: Unable to resolve host "localhost": No address associated with hostname
03-28 11:34:44.206 E/CIRISApiClient(27608): [getMessages] Exception: UnknownHostException: Unable to resolve host "localhost": No address associated with hostname | Context: limit=50, is401=false, tokenPresent=true, tokenPreview=ciris_ad...EY68
03-28 11:34:44.211 W/InteractViewModel(27608): [fetchHistory] Non-auth error: UnknownHostException: Unable to resolve host "localhost": No address associated with hostname
03-28 11:34:44.227 E/CIRISApiClient(27608): [getAuditEntries] Exception: UnknownHostException: Unable to resolve host "localhost": No address associated with hostname
