04-06 19:06:11.196 I/chromium(14445): [INFO:web_frame_widget_impl.cc(2748)] SBRTOUCHLOG Blink HandleInputEvent event received = PointerUp
04-06 19:06:11.204 W/chromium(30649): [WARNING:window_android.cc(123)] TAB-STATUS observer removed
04-06 19:06:11.216 I/chromium(14445): [INFO:layer_tree_host_impl.cc(344)] SBRTOUCHLOG LayerTreeHostImpl::ScrollEnd
04-06 19:06:11.471 I/chromium(14488): [INFO:web_view_impl.cc(1439)] Blink ResizeWithBrowserControls old_size = 720 * 1040, new_size = 720 * 1232
04-06 19:06:11.661 I/chromium(14488): [INFO:layer_tree_host_impl.cc(198)] SBRTOUCHLOG DidVisibilityChange = 0
04-06 19:06:11.662 I/chromium(14488): [INFO:layer_tree_host_impl.cc(4001)] SBRTOUCHLOG SetDeferCommitFlagForDebug = 1
04-06 19:06:11.662 I/chromium(14488): [INFO:web_view_impl.cc(1439)] Blink ResizeWithBrowserControls old_size = 720 * 1232, new_size = 0 * 0
04-06 19:06:11.713 I/chromium(30649): [INFO:back_forward_cache_impl.cc(675)] BFCACHELOG  CanStorePageNow  result = No: not a main frame, related active contents exist: no BI swap result, HTTP status is not OK, scheme is not HTTP or HTTPS, frame is not fully loaded, main RenderFrameHost doesn't have response headers set, probably due not having successfully committed a navigation.
04-06 19:06:11.713 I/chromium(30649): [INFO:render_widget_host_impl.cc(843)] SBRTOUCHLOG  RenderWidgetHostImpl::WasShown
04-06 19:06:11.714 I/chromium(14488): [INFO:layer_tree_host_impl.cc(198)] SBRTOUCHLOG DidVisibilityChange = 1
04-06 19:06:11.727 I/chromium(14488): [INFO:layer_tree_host_impl.cc(198)] SBRTOUCHLOG DidVisibilityChange = 0
04-06 19:06:11.728 I/chromium(14488): [INFO:web_view_impl.cc(1439)] Blink ResizeWithBrowserControls old_size = 0 * 0, new_size = 720 * 1232
04-06 19:06:11.728 I/chromium(14488): [INFO:layer_tree_host_impl.cc(4001)] SBRTOUCHLOG SetDeferCommitFlagForDebug = 0
04-06 19:06:11.806 W/chromium(30649): [WARNING:render_widget_host_view_android.cc(1070)] SBRTOUCHLOG  OnTouchEvent, Action::DOWN
04-06 19:06:11.806 I/chromium(30649): [INFO:render_widget_host_input_event_router.cc(861)] SBRTOUCHLOG Set Touch sequence target view: 0xc10cbe00
04-06 19:06:11.806 W/chromium(30649): [WARNING:input_router_impl.cc(529)] SBRTOUCHLOG FilterAndSendWebInputEvent, kTouchStart
04-06 19:06:11.808 I/chromium(14445): [INFO:web_frame_widget_impl.cc(2748)] SBRTOUCHLOG Blink HandleInputEvent event received = PointerDown
04-06 19:06:11.811 I/chromium(30649): [INFO:input_router_impl.cc(641)] SBRTOUCHLOG InputRouterImpl::TouchEventHandled type: TouchStart & ack: NOT_CONSUMED
04-06 19:06:11.812 I/chromium(14445): [INFO:web_frame_widget_impl.cc(2748)] SBRTOUCHLOG Blink HandleInputEvent event received = GestureTapDown
04-06 19:06:11.851 I/chromium(14445): [INFO:web_frame_widget_impl.cc(2748)] SBRTOUCHLOG Blink HandleInputEvent event received = PointerMove
04-06 19:06:11.852 I/chromium(30649): [INFO:input_router_impl.cc(641)] SBRTOUCHLOG InputRouterImpl::TouchEventHandled type: TouchMove & ack: CONSUMED
04-06 19:06:11.861 I/chromium(14445): [INFO:web_frame_widget_impl.cc(2748)] SBRTOUCHLOG Blink HandleInputEvent event received = PointerUp
04-06 19:06:11.862 I/chromium(30649): [INFO:input_router_impl.cc(641)] SBRTOUCHLOG InputRouterImpl::TouchEventHandled type: TouchEnd & ack: NOT_CONSUMED
04-06 19:06:11.863 I/chromium(14445): [INFO:web_frame_widget_impl.cc(2748)] SBRTOUCHLOG Blink HandleInputEvent event received = GestureShowPress
04-06 19:06:11.872 I/chromium(14445): [INFO:web_frame_widget_impl.cc(2748)] SBRTOUCHLOG Blink HandleInputEvent event received = GestureTap
04-06 19:06:12.428 E/chromium(14523): [ERROR:tin_smart_protect_renderer_url_loader_throttle.cc(113)] GetServiceBridgeForFrame no local root frame
04-06 19:06:12.429 I/chromium(14523): [INFO:web_view_impl.cc(1439)] Blink ResizeWithBrowserControls old_size = 720 * 1040, new_size = 720 * 1232
04-06 19:06:12.438 I/chromium(14523): [INFO:layer_tree_host_impl.cc(198)] SBRTOUCHLOG DidVisibilityChange = 0
04-06 19:06:12.439 I/chromium(14523): [INFO:layer_tree_host_impl.cc(4001)] SBRTOUCHLOG SetDeferCommitFlagForDebug = 1
04-06 19:06:12.439 I/chromium(14523): [INFO:web_view_impl.cc(1439)] Blink ResizeWithBrowserControls old_size = 720 * 1232, new_size = 0 * 0
04-06 19:06:12.470 I/chromium(30649): [INFO:back_forward_cache_impl.cc(675)] BFCACHELOG  CanStorePageNow  result = No: not a main frame, related active contents exist: no BI swap result, HTTP status is not OK, scheme is not HTTP or HTTPS, frame is not fully loaded, main RenderFrameHost doesn't have response headers set, probably due not having successfully committed a navigation.
04-06 19:06:12.487 E/chromium(14523): [ERROR:tin_smart_protect_renderer_url_loader_throttle.cc(113)] GetServiceBridgeForFrame no local root frame
04-06 19:06:12.517 I/chromium(14523): [INFO:web_view_impl.cc(1439)] Blink ResizeWithBrowserControls old_size = 0 * 0, new_size = 720 * 1232
04-06 19:06:12.517 I/chromium(14523): [INFO:layer_tree_host_impl.cc(4001)] SBRTOUCHLOG SetDeferCommitFlagForDebug = 0
04-06 19:06:12.750 D/EnvFileUpdater(14088): Found CIRIS_HOME from env: /data/user/0/ai.ciris.mobile.debug/files/ciris
04-06 19:06:13.135 I/chromium(14445): [INFO:render_frame_impl.cc(4027)] LoaderLog didFinishLoad
04-06 19:06:13.139 I/chromium(14445): [INFO:frame_loader.cc(402)] LoaderLog Completed totalBytes = 4932867
04-06 19:06:13.139 I/chromium(14445): [INFO:render_frame_impl.cc(5114)] LoaderLog didStopLoading
04-06 19:06:13.142 I/chromium(30649): [INFO:tin_six_tab_helper.cc(621)] ActivateTabAt 0,8
04-06 19:06:15.928 E/chromium(14523): [ERROR:gin_java_bridge_dispatcher.cc(130)] HasJavaMethod method toString not found, returning
04-06 19:06:15.928 E/chromium(14523): [ERROR:gin_java_bridge_dispatcher.cc(130)] HasJavaMethod method name not found, returning
04-06 19:06:15.929 E/chromium(14523): [ERROR:gin_java_bridge_dispatcher.cc(130)] HasJavaMethod method toString not found, returning
04-06 19:06:15.929 E/chromium(14523): [ERROR:gin_java_bridge_dispatcher.cc(130)] HasJavaMethod method name not found, returning
04-06 19:06:16.081 E/chromium(14367): [ERROR:gles2_cmd_decoder.cc(8683)] [.RendererMainThread-0xc12ffd00]GL ERROR :GL_INVALID_FRAMEBUFFER_OPERATION : glFramebufferTexture2D: <- error from previous GL command
04-06 19:06:18.290 E/chromium(14523): [ERROR:gin_java_bridge_dispatcher.cc(130)] HasJavaMethod method toString not found, returning
04-06 19:06:18.290 E/chromium(14523): [ERROR:gin_java_bridge_dispatcher.cc(130)] HasJavaMethod method name not found, returning
04-06 19:06:18.291 E/chromium(14523): [ERROR:gin_java_bridge_dispatcher.cc(130)] HasJavaMethod method toString not found, returning
04-06 19:06:18.291 E/chromium(14523): [ERROR:gin_java_bridge_dispatcher.cc(130)] HasJavaMethod method name not found, returning
04-06 19:06:18.417 E/chromium(14367): [ERROR:gles2_cmd_decoder.cc(8683)] [.RendererMainThread-0xc12ffd00]GL ERROR :GL_INVALID_FRAMEBUFFER_OPERATION : glFramebufferTexture2D: <- error from previous GL command
04-06 19:06:22.754 D/EnvFileUpdater(14088): Found CIRIS_HOME from env: /data/user/0/ai.ciris.mobile.debug/files/ciris
04-06 19:06:24.356 I/chromium(14445): [INFO:frame_loader.cc(618)] LoaderLog  StartNavigation  ClientRedirect = 0
04-06 19:06:24.398 I/chromium(30649): [INFO:tin_six_tab_helper.cc(621)] ActivateTabAt 0,8
04-06 19:06:24.568 I/chromium(30649): [INFO:tin_six_tab_helper.cc(621)] ActivateTabAt 0,8
04-06 19:06:24.593 I/chromium(14488): [INFO:web_view_impl.cc(1439)] Blink ResizeWithBrowserControls old_size = 720 * 1232, new_size = 720 * 1040
04-06 19:06:24.596 I/chromium(14523): [INFO:web_view_impl.cc(1439)] Blink ResizeWithBrowserControls old_size = 720 * 1232, new_size = 720 * 1040
04-06 19:06:24.688 I/chromium(14571): [INFO:dispatcher.cc(1571)] CreateBindingsSystem
04-06 19:06:24.707 I/chromium(14571): [INFO:layer_tree_host_impl.cc(198)] SBRTOUCHLOG DidVisibilityChange = 0
04-06 19:06:24.708 I/chromium(14571): [INFO:layer_tree_host_impl.cc(4001)] SBRTOUCHLOG SetDeferCommitFlagForDebug = 1
04-06 19:06:24.708 I/chromium(14571): [INFO:layer_tree_host_impl.cc(4001)] SBRTOUCHLOG SetDeferCommitFlagForDebug = 0
04-06 19:06:24.709 I/chromium(14571): [INFO:tin_anti_tracking_renderer_url_loader_throttle_helper.cc(31)] [IAT] set delegate th 0xc0213fd0 td 0xc12635c0
04-06 19:06:24.709 I/chromium(14571): [INFO:tin_smart_protect_renderer.cc(16)] TinSmartProtectRenderer
04-06 19:06:24.710 I/chromium(14571): [INFO:tin_smart_protect_renderer.cc(33)] BindPendingReceiver bound=1
04-06 19:06:24.718 I/chromium(14571): [INFO:layer_tree_host_impl.cc(4001)] SBRTOUCHLOG SetDeferCommitFlagForDebug = 1
04-06 19:06:24.742 I/chromium(14571): [INFO:render_frame_impl.cc(3805)] LoaderLog didCommitProvisionalLoad
04-06 19:06:24.748 W/chromium(30649): [WARNING:window_android.cc(123)] TAB-STATUS observer removed
04-06 19:06:24.752 I/chromium(14445): [INFO:layer_tree_host_impl.cc(198)] SBRTOUCHLOG DidVisibilityChange = 0
04-06 19:06:24.753 I/chromium(30649): [INFO:render_widget_host_impl.cc(843)] SBRTOUCHLOG  RenderWidgetHostImpl::WasShown
04-06 19:06:24.753 W/chromium(30649): [WARNING:window_android.cc(109)] TAB-STATUS observer added
04-06 19:06:24.762 I/chromium(14445): [INFO:frame_loader.cc(274)] LoaderLog  SetDefersLoading  DeferType = 1
04-06 19:06:24.766 I/chromium(14523): [INFO:frame_loader.cc(274)] LoaderLog  SetDefersLoading  DeferType = 1
04-06 19:06:24.767 I/chromium(14523): [INFO:frame_loader.cc(274)] LoaderLog  SetDefersLoading  DeferType = 1
04-06 19:06:24.767 I/chromium(14523): [INFO:frame_loader.cc(274)] LoaderLog  SetDefersLoading  DeferType = 1
04-06 19:06:24.767 I/chromium(14523): [INFO:frame_loader.cc(274)] LoaderLog  SetDefersLoading  DeferType = 1
04-06 19:06:24.767 I/chromium(14523): [INFO:frame_loader.cc(274)] LoaderLog  SetDefersLoading  DeferType = 1
04-06 19:06:24.767 I/chromium(14523): [INFO:frame_loader.cc(274)] LoaderLog  SetDefersLoading  DeferType = 1
04-06 19:06:24.769 I/chromium(14523): [INFO:frame_loader.cc(274)] LoaderLog  SetDefersLoading  DeferType = 1
04-06 19:06:24.775 I/chromium(14571): [INFO:layer_tree_host_impl.cc(198)] SBRTOUCHLOG DidVisibilityChange = 1
04-06 19:06:24.800 I/chromium(14488): [INFO:frame_loader.cc(274)] LoaderLog  SetDefersLoading  DeferType = 1
04-06 19:06:24.800 I/chromium(14488): [INFO:frame_loader.cc(274)] LoaderLog  SetDefersLoading  DeferType = 1
04-06 19:06:24.801 I/chromium(14488): [INFO:frame_loader.cc(274)] LoaderLog  SetDefersLoading  DeferType = 1
04-06 19:06:24.801 I/chromium(14488): [INFO:frame_loader.cc(274)] LoaderLog  SetDefersLoading  DeferType = 1
04-06 19:06:24.801 I/chromium(14488): [INFO:frame_loader.cc(274)] LoaderLog  SetDefersLoading  DeferType = 1
04-06 19:06:24.801 I/chromium(14488): [INFO:frame_loader.cc(274)] LoaderLog  SetDefersLoading  DeferType = 1
04-06 19:06:24.801 I/chromium(14488): [INFO:frame_loader.cc(274)] LoaderLog  SetDefersLoading  DeferType = 1
04-06 19:06:24.805 I/chromium(30649): [INFO:render_frame_host_impl.cc(5780)] BFCACHELOG  Eviction  reason = No: cache limit
04-06 19:06:24.811 I/chromium(30649): [INFO:render_process_host_impl.cc(4491)] [Renderer][Exit] ChildProcessLauncher::OnChildProcessDied called through JNI pid = 14380, renderer_id =0
04-06 19:06:24.813 I/chromium(14380): [INFO:render_frame_impl.cc(5114)] LoaderLog didStopLoading
04-06 19:06:24.821 I/chromium(14571): [INFO:memory_cache.cc(126)] MemoryCache MemberMemoryCache is disabled
04-06 19:06:24.876 I/chromium(14571): [INFO:layer_tree_host_impl.cc(4001)] SBRTOUCHLOG SetDeferCommitFlagForDebug = 0
04-06 19:06:24.941 I/chromium(14571): [INFO:progress_tracker.cc(112)] LoaderLog  FinishedParsing
04-06 19:06:24.947 I/chromium(14571): [INFO:layer_tree_impl.cc(1205)] DidUpdatePageScale IsActiveTree: 0 ScaleFactor: 1
04-06 19:06:24.949 I/chromium(14571): [INFO:layer_tree_impl.cc(1205)] DidUpdatePageScale IsActiveTree: 1 ScaleFactor: 1
04-06 19:06:25.024 I/chromium(30649): [INFO:web_contents_impl.cc(6549)] LoaderLog  progress completed
04-06 19:06:25.325 I/chromium(14571): [INFO:render_frame_impl.cc(4027)] LoaderLog didFinishLoad
04-06 19:06:25.326 I/chromium(14571): [INFO:frame_loader.cc(402)] LoaderLog Completed totalBytes = 106022
04-06 19:06:25.326 I/chromium(14571): [INFO:render_frame_impl.cc(5114)] LoaderLog didStopLoading
04-06 19:06:25.330 I/chromium(30649): [INFO:tin_six_tab_helper.cc(621)] ActivateTabAt 0,8
04-06 19:06:25.391 I/chromium(14571): [INFO:document_loader.cc(793)] LoaderLog UpdateForSameDocumentNavigation  was_loading = 0  is_client_redirect_ = 0  replaces_history_item_ = 1
04-06 19:06:25.391 I/chromium(14571): [INFO:render_frame_impl.cc(5114)] LoaderLog didStopLoading
04-06 19:06:25.454 I/chromium(30649): [INFO:tin_six_tab_helper.cc(621)] ActivateTabAt 0,8
04-06 19:06:29.854 W/chromium(30649): [WARNING:render_widget_host_view_android.cc(1070)] SBRTOUCHLOG  OnTouchEvent, Action::DOWN
04-06 19:06:29.855 I/chromium(30649): [INFO:render_widget_host_input_event_router.cc(861)] SBRTOUCHLOG Set Touch sequence target view: 0xc10caa00
04-06 19:06:29.855 W/chromium(30649): [WARNING:input_router_impl.cc(529)] SBRTOUCHLOG FilterAndSendWebInputEvent, kTouchStart
04-06 19:06:29.857 I/chromium(14571): [INFO:web_frame_widget_impl.cc(2748)] SBRTOUCHLOG Blink HandleInputEvent event received = PointerDown
04-06 19:06:29.869 I/chromium(14571): [INFO:layer_tree_host_impl.cc(332)] SBRTOUCHLOG LayerTreeHostImpl::ScrollBegin defer_commit =  0
04-06 19:06:29.869 I/chromium(14571): [INFO:web_frame_widget_impl.cc(2748)] SBRTOUCHLOG Blink HandleInputEvent event received = GestureTapDown
04-06 19:06:29.870 I/chromium(14571): [INFO:web_frame_widget_impl.cc(2748)] SBRTOUCHLOG Blink HandleInputEvent event received = PointerMove
04-06 19:06:29.870 I/chromium(14571): [INFO:layer_tree_host_impl.cc(303)] SBRTOUCHLOG LayerTreeHostImpl::ScrollBy delta_y = 9.89256
04-06 19:06:29.873 I/chromium(14571): [INFO:web_frame_widget_impl.cc(2748)] SBRTOUCHLOG Blink HandleInputEvent event received = GestureTapCancel
04-06 19:06:29.874 I/chromium(14571): [INFO:web_frame_widget_impl.cc(2748)] SBRTOUCHLOG Blink HandleInputEvent event received = PointerCausedUaAction
04-06 19:06:29.879 I/chromium(14571): [INFO:web_frame_widget_impl.cc(2748)] SBRTOUCHLOG Blink HandleInputEvent event received = PointerMove
04-06 19:06:29.943 W/chromium(30649): [WARNING:window_android.cc(109)] TAB-STATUS observer added
04-06 19:06:29.944 I/chromium(14571): [INFO:web_frame_widget_impl.cc(2748)] SBRTOUCHLOG Blink HandleInputEvent event received = PointerMove
04-06 19:06:29.946 I/chromium(14571): [INFO:web_frame_widget_impl.cc(2748)] SBRTOUCHLOG Blink HandleInputEvent event received = PointerUp
04-06 19:06:29.959 W/chromium(30649): [WARNING:window_android.cc(123)] TAB-STATUS observer removed
04-06 19:06:29.974 I/chromium(14571): [INFO:layer_tree_host_impl.cc(344)] SBRTOUCHLOG LayerTreeHostImpl::ScrollEnd
04-06 19:06:30.816 W/chromium(30649): [WARNING:render_widget_host_view_android.cc(1070)] SBRTOUCHLOG  OnTouchEvent, Action::DOWN
04-06 19:06:30.817 I/chromium(30649): [INFO:render_widget_host_input_event_router.cc(861)] SBRTOUCHLOG Set Touch sequence target view: 0xc10caa00
04-06 19:06:30.817 W/chromium(30649): [WARNING:input_router_impl.cc(529)] SBRTOUCHLOG FilterAndSendWebInputEvent, kTouchStart
04-06 19:06:30.818 I/chromium(14571): [INFO:web_frame_widget_impl.cc(2748)] SBRTOUCHLOG Blink HandleInputEvent event received = PointerDown
04-06 19:06:30.823 I/chromium(14571): [INFO:web_frame_widget_impl.cc(2748)] SBRTOUCHLOG Blink HandleInputEvent event received = GestureTapDown
04-06 19:06:30.835 I/chromium(14571): [INFO:web_frame_widget_impl.cc(2748)] SBRTOUCHLOG Blink HandleInputEvent event received = PointerMove
04-06 19:06:30.835 I/chromium(14571): [INFO:layer_tree_host_impl.cc(332)] SBRTOUCHLOG LayerTreeHostImpl::ScrollBegin defer_commit =  0
04-06 19:06:30.836 I/chromium(14571): [INFO:layer_tree_host_impl.cc(303)] SBRTOUCHLOG LayerTreeHostImpl::ScrollBy delta_y = -4.9077
04-06 19:06:30.838 I/chromium(14571): [INFO:web_frame_widget_impl.cc(2748)] SBRTOUCHLOG Blink HandleInputEvent event received = GestureTapCancel
04-06 19:06:30.839 I/chromium(14571): [INFO:web_frame_widget_impl.cc(2748)] SBRTOUCHLOG Blink HandleInputEvent event received = PointerCausedUaAction
04-06 19:06:30.855 I/chromium(14571): [INFO:web_frame_widget_impl.cc(2748)] SBRTOUCHLOG Blink HandleInputEvent event received = PointerMove
04-06 19:06:30.910 I/chromium(14571): [INFO:layer_tree_host_impl.cc(2438)] SBRTOUCHLOG AsyncLayerTreeFrameSink::SubmitCompositorFrame
04-06 19:06:30.926 I/chromium(14571): [INFO:layer_tree_host_impl.cc(303)] SBRTOUCHLOG LayerTreeHostImpl::ScrollBy delta_y = -57.4551
04-06 19:06:30.930 W/chromium(30649): [WARNING:window_android.cc(109)] TAB-STATUS observer added
04-06 19:06:30.931 I/chromium(14571): [INFO:web_frame_widget_impl.cc(2748)] SBRTOUCHLOG Blink HandleInputEvent event received = PointerMove
04-06 19:06:30.932 I/chromium(14571): [INFO:web_frame_widget_impl.cc(2748)] SBRTOUCHLOG Blink HandleInputEvent event received = PointerUp
04-06 19:06:30.944 W/chromium(30649): [WARNING:window_android.cc(123)] TAB-STATUS observer removed
04-06 19:06:30.959 I/chromium(14571): [INFO:layer_tree_host_impl.cc(344)] SBRTOUCHLOG LayerTreeHostImpl::ScrollEnd
04-06 19:06:32.756 D/EnvFileUpdater(14088): Found CIRIS_HOME from env: /data/user/0/ai.ciris.mobile.debug/files/ciris
04-06 19:06:33.019 W/chromium(30649): [WARNING:window_android.cc(123)] TAB-STATUS observer removed
04-06 19:06:33.020 I/chromium(14571): [INFO:layer_tree_host_impl.cc(198)] SBRTOUCHLOG DidVisibilityChange = 0
04-06 19:06:33.258 I/chromium(30649): [INFO:layer_tree_host_impl.cc(198)] SBRTOUCHLOG DidVisibilityChange = 0
04-06 19:06:34.900 I/chromium(30649): [INFO:render_process_host_impl.cc(4491)] [Renderer][Exit] ChildProcessLauncher::OnChildProcessDied called through JNI pid = 8305, renderer_id =52
04-06 19:06:36.390 I/SetupViewModel(14088): [pollNodeAuthStatus] ========== ENTRY ==========
04-06 19:06:36.392 I/SetupViewModel(14088): [pollNodeAuthStatus] Current status: WAITING
04-06 19:06:36.394 I/SetupViewModel(14088): [pollNodeAuthStatus] deviceCode: 7afb4768f57d2882...
04-06 19:06:36.396 I/SetupViewModel(14088): [pollNodeAuthStatus] portalUrl: https://portal.ciris.ai
04-06 19:06:36.398 I/SetupViewModel(14088): [pollNodeAuthStatus] Invoking pollFunc...
04-06 19:06:36.406 I/CIRISApiClient(14088): [pollNodeAuthStatus] ========== POLL START ==========
04-06 19:06:36.408 I/CIRISApiClient(14088): [pollNodeAuthStatus] deviceCode: 7afb4768f57d2882...
04-06 19:06:36.410 I/CIRISApiClient(14088): [pollNodeAuthStatus] portalUrl: https://portal.ciris.ai
04-06 19:06:36.412 I/CIRISApiClient(14088): [pollNodeAuthStatus] baseUrl: http://localhost:8080
04-06 19:06:36.414 I/CIRISApiClient(14088): [pollNodeAuthStatus] Full URL: http://localhost:8080/v1/setup/connect-node/status
04-06 19:06:36.421 I/CIRISApiClient(14088): [pollNodeAuthStatus] Making HTTP GET request...
04-06 19:06:37.812 I/CIRISApiClient(14088): [pollNodeAuthStatus] HTTP response received: status=200 OK
04-06 19:06:37.816 I/CIRISApiClient(14088): [pollNodeAuthStatus] Response body (first 500 chars): {"data":{"status":"complete","template":"default","adapters":["ciris_hosted_tools"],"org_id":"0922ad46-ffe2-43f0-82ca-48b1c3084029","signing_key_b64":null,"key_id":"8ece1890-db11-46a8-98c0-021b07b2c7eb","stewardship_tier":4,"package_download_url":null,"package_template_id":null},"metadata":{"timestamp":"2026-04-07T00:06:37.795614+00:00","request_id":null,"duration_ms":null}}
04-06 19:06:37.820 I/CIRISApiClient(14088): [pollNodeAuthStatus] Parsed response: status=complete, keyId=8ece1890-db11-46a8-98c0-021b07b2c7eb, error=null
04-06 19:06:37.824 I/CIRISApiClient(14088): [pollNodeAuthStatus] ========== POLL END (returning result) ==========
04-06 19:06:37.828 I/SetupViewModel(14088): [pollNodeAuthStatus] pollFunc returned: status=complete, keyId=8ece1890-db11-46a8-98c0-021b07b2c7eb, error=null
04-06 19:06:37.829 I/SetupViewModel(14088): pollNodeAuthStatus: COMPLETE - keyId=8ece1890-db11-46a8-98c0-021b07b2c7eb, signingKeyB64=null...
04-06 19:06:37.831 I/SetupViewModel(14088): pollNodeAuthStatus: template=default, adapters=null
04-06 19:06:37.833 I/SetupViewModel(14088): [pollNodeAuthStatus] ========== EXIT (success) ==========
04-06 19:06:42.758 D/EnvFileUpdater(14088): Found CIRIS_HOME from env: /data/user/0/ai.ciris.mobile.debug/files/ciris
04-06 19:06:49.605 I/SetupViewModel(14088): buildSetupRequest: isNodeFlow=true, deviceAuth.status=COMPLETE
04-06 19:06:49.607 I/SetupViewModel(14088): buildSetupRequest: deviceAuth.keyId=8ece1890-db11-46a8-98c0-021b07b2c7eb, signingKeyB64=null...
04-06 19:06:49.613 I/SetupViewModel(14088): Node flow COMPLETE - extracting NodeFlowData: keyId=8ece1890-db11-46a8-98c0-021b07b2c7eb, signingKeyB64=null...
04-06 19:06:49.616 I/SetupViewModel(14088): completeSetup: signing_key_id=8ece1890-db11-46a8-98c0-021b07b2c7eb, signing_key_provisioned=true
04-06 19:06:49.618 I/SetupViewModel(14088): completeSetup: provisioned_signing_key_b64=null...
04-06 19:06:49.623 I/CIRISApiClient(14088): [completeSetup] Completing setup: provider=other, template=default, username=oauth_google_user
04-06 19:06:49.966 I/CIRISApiClient(14088): [getSetupAdapters] Fetched 9 adapters
04-06 19:06:50.210 I/python.stdout(14088): [SETUP_COMPLETE] Calling _create_setup_users(username=oauth_google_user, db=/data/data/ai.ciris.mobile.debug/files/ciris/data/ciris_audit.db)
04-06 19:06:50.958 I/python.stdout(14088): [SETUP_COMPLETE] ✅ Founding partnership created: consent/wa-2026-04-07-139051 (PARTNERED)
04-06 19:06:51.069 I/python.stdout(14088): [SETUP_COMPLETE] _create_setup_users completed successfully
04-06 19:06:51.193 I/CIRISApiClient(14088): [completeSetup] Setup complete: success=true, message=Setup completed successfully. Starting agent processor...
04-06 19:06:51.277 E/CIRISApiClient(14088): [getSetupTemplates] Exception: LeftCompositionCancellationException: The coroutine scope left the composition
04-06 19:06:51.277 E/CIRISApiClient(14088): androidx.compose.runtime.LeftCompositionCancellationException: The coroutine scope left the composition
04-06 19:06:52.760 D/EnvFileUpdater(14088): Found CIRIS_HOME from env: /data/user/0/ai.ciris.mobile.debug/files/ciris
04-06 19:06:53.095 I/python.stdout(14088): [SERVICES] === RESUME (12 remaining services) PHASE ===
04-06 19:06:53.134 I/python.stdout(14088): [RESUME (12 remaining services)] [SERVICE 9/22] TelemetryService STARTED
04-06 19:06:53.138 D/MainActivity(14088): Service 9 started (11/22)
04-06 19:06:53.270 D/CIRISApp(14088): [INFO] onSetupComplete called - exchanging tokens...
04-06 19:06:53.273 I/CIRISApp(14088):  Exchanging OAuth ID token for CIRIS access token (provider=google)
04-06 19:06:53.275 I/CIRISApiClient(14088): [nativeAuth] Attempting native auth: provider=google, userId=102773749033681671083
04-06 19:06:53.277 I/CIRISApiClient(14088): [googleAuth] Attempting Google auth: userId=102773749033681671083, idToken=eyJhbGci...VuJQ
04-06 19:06:53.389 I/python.stdout(14088): [RESUME (12 remaining services)] [SERVICE 14/22] LLMService STARTED
04-06 19:06:53.391 D/MainActivity(14088): Service 14 started (12/22)
04-06 19:06:55.247 I/python.stdout(14088): [RESUME (12 remaining services)] [SERVICE 8/22] AuditService STARTED
04-06 19:06:55.248 D/MainActivity(14088): Service 8 started (13/22)
04-06 19:06:55.315 I/python.stdout(14088): [RESUME (12 remaining services)] [SERVICE 10/22] IncidentManagement STARTED
04-06 19:06:55.316 D/MainActivity(14088): Service 10 started (14/22)
04-06 19:06:55.384 I/python.stdout(14088): [RESUME (12 remaining services)] [SERVICE 19/22] AdaptiveFilter STARTED
04-06 19:06:55.385 D/MainActivity(14088): Service 19 started (15/22)
04-06 19:06:55.409 I/python.stdout(14088): [RESUME (12 remaining services)] [SERVICE 18/22] TaskScheduler STARTED
04-06 19:06:55.411 D/MainActivity(14088): Service 18 started (16/22)
04-06 19:06:56.318 I/python.stdout(14088): [RESUME (12 remaining services)] [SERVICE 11/22] TSDBConsolidation STARTED
04-06 19:06:56.319 D/MainActivity(14088): Service 11 started (17/22)
04-06 19:06:56.324 I/python.stdout(14088): [RESUME (12 remaining services)] [SERVICE 16/22] DatabaseMaintenance STARTED
04-06 19:06:56.325 D/MainActivity(14088): Service 16 started (18/22)
04-06 19:06:56.669 I/python.stdout(14088): [RESUME (12 remaining services)] [SERVICE 21/22] SelfObservation STARTED
04-06 19:06:56.670 D/MainActivity(14088): Service 21 started (19/22)
04-06 19:06:56.679 I/python.stdout(14088): [RESUME (12 remaining services)] [SERVICE 20/22] VisibilityService STARTED
04-06 19:06:56.680 D/MainActivity(14088): Service 20 started (20/22)
04-06 19:06:56.682 I/python.stdout(14088): [RESUME (12 remaining services)] [SERVICE 12/22] ConsentService STARTED
04-06 19:06:56.683 D/MainActivity(14088): Service 12 started (21/22)
04-06 19:06:56.725 I/python.stdout(14088): [RESUME (12 remaining services)] [SERVICE 17/22] RuntimeControl STARTED
04-06 19:06:56.726 D/MainActivity(14088): Service 17 started (22/22)
04-06 19:06:57.498 I/python.stdout(14088): [RESUME (12 remaining services)] [SERVICE 14/22] LLMService STARTED
04-06 19:06:57.499 D/MainActivity(14088): Service 14 started (22/22)
04-06 19:06:58.954 I/python.stdout(14088): [CONSOLIDATOR] Checking for missed windows...
04-06 19:06:58.969 I/python.stdout(14088): [19:06:58.968] [STATE] Transition: shutdown -> work
04-06 19:06:59.450 I/CIRISApiClient(14088): [googleAuth] Google auth successful: userId=google:102773749033681671083, role=SYSTEM_ADMIN
04-06 19:06:59.453 I/CIRISApp(14088):  Got CIRIS access token: ciris_ad...fOgE
04-06 19:06:59.566 I/CIRISApp(14088):  Token saved to secure storage
04-06 19:06:59.568 I/CIRISApp(14088):  Writing OAuth ID token to .env for Python billing...
04-06 19:06:59.571 D/EnvFileUpdater(14088): Found CIRIS_HOME from env: /data/user/0/ai.ciris.mobile.debug/files/ciris
04-06 19:06:59.573 I/EnvFileUpdater(14088): Read .env file (7359 bytes)
04-06 19:06:59.576 I/EnvFileUpdater(14088): CIRIS proxy mode detected - updating OPENAI_API_KEY
04-06 19:06:59.577 I/EnvFileUpdater(14088): Updated OPENAI_API_KEY
04-06 19:06:59.580 I/EnvFileUpdater(14088): Updated CIRIS_BILLING_GOOGLE_ID_TOKEN
04-06 19:06:59.581 I/EnvFileUpdater(14088): .env file updated (proxy mode: true)
04-06 19:06:59.581 D/EnvFileUpdater(14088): Found CIRIS_HOME from env: /data/user/0/ai.ciris.mobile.debug/files/ciris
04-06 19:06:59.582 I/EnvFileUpdater(14088): Config reload signal written to /data/user/0/ai.ciris.mobile.debug/files/ciris/.config_reload
04-06 19:06:59.582 I/CIRISApp(14088):  .env updated, .config_reload signal written
04-06 19:06:59.584 I/CIRISApiClient(14088): [setAccessToken] Setting access token: ciris_ad...fOgE, length=55
04-06 19:06:59.586 I/CIRISApiClient(14088): [setAccessToken] Bearer token set on all API instances (13 APIs)
04-06 19:06:59.588 I/MainActivity(14088): Token updated, setting on billing apiClient
04-06 19:06:59.588 I/CIRISApiClient(14088): [setAccessToken] Setting access token: ciris_ad...fOgE, length=55
04-06 19:06:59.590 I/CIRISApiClient(14088): [setAccessToken] Bearer token set on all API instances (13 APIs)
04-06 19:06:59.592 I/CIRISApiClient(14088): [logTokenState] === TOKEN STATE DEBUG ===
04-06 19:06:59.594 I/CIRISApiClient(14088): [logTokenState] accessToken present: true
04-06 19:06:59.595 I/CIRISApiClient(14088): [logTokenState] accessToken preview: ciris_ad...fOgE
04-06 19:06:59.597 I/CIRISApiClient(14088): [logTokenState] accessToken length: 55
04-06 19:06:59.599 I/CIRISApiClient(14088): [logTokenState] authHeader() returns: Bearer <token>
04-06 19:06:59.600 I/CIRISApiClient(14088): [logTokenState] =========================
04-06 19:06:59.602 I/CIRISApp(14088):  Waiting 1.5s for Python to reload billing token...
04-06 19:06:59.605 D/CIRISApp(14088): [INIT] CIRISApp composable invoked - googleSignInCallback=PRESENT (219542700)
04-06 19:06:59.607 I/InteractViewModel(14088): [setDeviceAttestationCallback] Device attestation callback SET
04-06 19:06:59.630 D/CIRISApp(14088): [DEBUG][Screen.Setup] Rendering setup screen
04-06 19:07:01.104 I/CIRISApp(14088):  Python reload wait complete
04-06 19:07:01.109 I/TokenManager(14088): [handleNewToken] Processing new token (length: 1096, provider: google)
04-06 19:07:01.123 I/TokenManager(14088): [handleNewToken] New token expiry: 1775522563 (2142s remaining)
04-06 19:07:01.127 I/CIRISApp(14088):  OAuth ID token refreshed by TokenManager (provider=google), exchanging for CIRIS token
04-06 19:07:01.132 I/CIRISApp(14088):  Triggering billingViewModel.loadBalance()...
04-06 19:07:01.135 I/BillingViewModel(14088): [loadBalance] Loading credit balance...
04-06 19:07:01.164 I/CIRISApiClient(14088): [listAdapters] Listing adapters
04-06 19:07:01.189 I/CIRISApiClient(14088): [nativeAuth] Attempting native auth: provider=google, userId=null
04-06 19:07:01.191 I/CIRISApiClient(14088): [googleAuth] Attempting Google auth: userId=null, idToken=eyJhbGci...VuJQ
04-06 19:07:01.208 I/TokenManager(14088): [startPeriodicRefresh] Starting periodic refresh (interval: 45 minutes)
04-06 19:07:01.213 D/CIRISApp(14088): [INIT] CIRISApp composable invoked - googleSignInCallback=PRESENT (219542700)
04-06 19:07:01.216 I/InteractViewModel(14088): [setDeviceAttestationCallback] Device attestation callback SET
04-06 19:07:02.617 D/CIRISApp(14088): [INIT] CIRISApp composable invoked - googleSignInCallback=PRESENT (219542700)
04-06 19:07:02.618 I/InteractViewModel(14088): [setDeviceAttestationCallback] Device attestation callback SET
04-06 19:07:02.648 D/CIRISApp(14088): [INFO] Startup READY, checking first-run status...
04-06 19:07:02.649 D/CIRISApp(14088): [INFO] Just completed setup, waiting for agent WORK state...
04-06 19:07:02.761 D/EnvFileUpdater(14088): Found CIRIS_HOME from env: /data/user/0/ai.ciris.mobile.debug/files/ciris
04-06 19:07:04.359 I/CIRISApp(14088):  Agent state: WORK
04-06 19:07:04.362 I/CIRISApp(14088):  Agent reached WORK state!
04-06 19:07:04.493 I/CIRISApiClient(14088): [listAdapters] API response: total=3, running=3, adapters.size=3
04-06 19:07:04.495 I/CIRISApiClient(14088): [listAdapters]   API adapter[0]: id=cirisverify_bootstrap, type=cirisverify, running=true
04-06 19:07:04.496 I/CIRISApiClient(14088): [listAdapters]   API adapter[1]: id=wallet_bootstrap, type=wallet, running=true
04-06 19:07:04.498 I/CIRISApiClient(14088): [listAdapters]   API adapter[2]: id=api_bootstrap, type=api, running=true
04-06 19:07:04.634 I/BillingViewModel(14088): [loadBalance] Credit status loaded: hasCredit=true, creditsRemaining=35, freeUsesRemaining=0, dailyFreeUsesRemaining=2, planName=CIRIS Mobile
04-06 19:07:04.636 I/BillingViewModel(14088): [loadBalance] Total credits calculated: 37
04-06 19:07:04.870 I/InteractViewModel(14088): [startPolling] Starting polling and SSE streams
04-06 19:07:04.874 I/InteractViewModel(14088): [startStatusPolling] Starting status polling (fast until agent ready)
04-06 19:07:04.893 I/InteractViewModel(14088): [startMessagePolling] Starting message polling (interval=3000ms)
04-06 19:07:04.909 I/InteractViewModel(14088): [startHealthPolling] Starting health polling (fast until LLM ready)
04-06 19:07:04.920 I/InteractViewModel(14088): [startTrustPendingPolling] Starting trust pending polling (interval=5000ms)
04-06 19:07:04.923 I/InteractViewModel(14088): [startSseStream] Starting SSE reasoning stream
04-06 19:07:04.934 I/InteractViewModel(14088): [startFileInjectionObserver] Starting file injection observer for test automation
04-06 19:07:04.937 I/InteractViewModel(14088): [fetchWalletStatus] Fetching adapters list to check wallet status
04-06 19:07:04.938 I/CIRISApiClient(14088): [listAdapters] Listing adapters
04-06 19:07:04.948 D/CIRISApp(14088): [INIT] CIRISApp composable invoked - googleSignInCallback=PRESENT (219542700)
04-06 19:07:04.950 I/InteractViewModel(14088): [setDeviceAttestationCallback] Device attestation callback SET
04-06 19:07:04.958 D/CIRISApp(14088): [CIRISApp] >>> liveBackgroundEnabled=true, apiClient=present
04-06 19:07:05.311 I/CIRISApiClient(14088): [getGraphData] >>> START: hours=24, scope=ALL_SCOPES, type=null, limit=200
04-06 19:07:05.312 I/CIRISApiClient(14088): [getGraphData] Fetching timeline: http://localhost:8080/v1/memory/timeline?hours=24&include_edges=true&include_metrics=false
04-06 19:07:11.461 I/InteractViewModel(14088): [startStatusPolling] Agent ready with state: WORK
04-06 19:07:11.463 I/InteractViewModel(14088): [startStatusPolling] Connection state changed: false -> true
04-06 19:07:12.329 I/InteractViewModel(14088): [fetchTrustStatus] Trust level changed: 0 -> 1
04-06 19:07:12.331 I/InteractViewModel(14088): [fetchTrustStatus] Level pending changed: false -> true
04-06 19:07:12.333 I/InteractViewModel(14088): [startTrustPendingPolling] Level pending=true, triggering device attestation automatically...
04-06 19:07:12.335 I/MainActivity(14088): Device attestation requested
04-06 19:07:12.336 I/CIRISApiClient(14088): [getPlayIntegrityNonce] Requesting Play Integrity nonce from Python API
04-06 19:07:12.338 I/InteractViewModel(14088): [startSseStream] SSE connected
04-06 19:07:12.512 I/CIRISApiClient(14088): [listAdapters] API response: total=3, running=3, adapters.size=3
04-06 19:07:12.514 I/CIRISApiClient(14088): [listAdapters]   API adapter[0]: id=cirisverify_bootstrap, type=cirisverify, running=true
04-06 19:07:12.516 I/CIRISApiClient(14088): [listAdapters]   API adapter[1]: id=wallet_bootstrap, type=wallet, running=true
04-06 19:07:12.518 I/CIRISApiClient(14088): [listAdapters]   API adapter[2]: id=api_bootstrap, type=api, running=true
04-06 19:07:12.520 I/InteractViewModel(14088): [fetchWalletStatus] Wallet adapter found: isRunning=true
04-06 19:07:12.784 I/CIRISApiClient(14088): [getGraphData] <<< DONE in 7473ms (single API call)
04-06 19:07:12.786 I/CIRISApiClient(14088): [getGraphData]     Nodes: 51 ({local=49, identity=2})
04-06 19:07:12.788 I/CIRISApiClient(14088): [getGraphData]     Edges: 0 total, 0 visible
04-06 19:07:12.789 I/CIRISApiClient(14088): [getGraphData]     Edge types: {}
04-06 19:07:12.790 I/CIRISApiClient(14088): [getGraphData]     INFO: No edges found - nodes may not have relationships yet
04-06 19:07:12.799 D/EnvFileUpdater(14088): Found CIRIS_HOME from env: /data/user/0/ai.ciris.mobile.debug/files/ciris
04-06 19:07:13.499 I/CIRISApiClient(14088): [googleAuth] Google auth successful: userId=google:102773749033681671083, role=SYSTEM_ADMIN
04-06 19:07:13.501 I/CIRISApp(14088):  Got CIRIS access token: ciris_ad..._n4I
04-06 19:07:13.502 I/CIRISApiClient(14088): [setAccessToken] Setting access token: ciris_ad..._n4I, length=55
04-06 19:07:13.504 I/CIRISApiClient(14088): [setAccessToken] Bearer token set on all API instances (13 APIs)
04-06 19:07:13.505 I/MainActivity(14088): Token updated, setting on billing apiClient
04-06 19:07:13.505 I/CIRISApiClient(14088): [setAccessToken] Setting access token: ciris_ad..._n4I, length=55
04-06 19:07:13.507 I/CIRISApiClient(14088): [setAccessToken] Bearer token set on all API instances (13 APIs)
04-06 19:07:13.508 I/CIRISApiClient(14088): [logTokenState] === TOKEN STATE DEBUG ===
04-06 19:07:13.510 I/CIRISApiClient(14088): [logTokenState] accessToken present: true
04-06 19:07:13.511 I/CIRISApiClient(14088): [logTokenState] accessToken preview: ciris_ad..._n4I
04-06 19:07:13.513 I/CIRISApiClient(14088): [logTokenState] accessToken length: 55
04-06 19:07:13.514 I/CIRISApiClient(14088): [logTokenState] authHeader() returns: Bearer <token>
04-06 19:07:13.515 I/CIRISApiClient(14088): [logTokenState] =========================
04-06 19:07:13.518 D/CIRISApp(14088): [INIT] CIRISApp composable invoked - googleSignInCallback=PRESENT (219542700)
04-06 19:07:13.519 I/InteractViewModel(14088): [setDeviceAttestationCallback] Device attestation callback SET
04-06 19:07:13.525 D/CIRISApp(14088): [CIRISApp] >>> liveBackgroundEnabled=true, apiClient=present
04-06 19:07:13.672 I/CIRISApp(14088):  Refreshed CIRIS token saved to secure storage
04-06 19:07:13.673 I/CIRISApp(14088):  Writing OAuth ID token to .env for Python billing...
04-06 19:07:13.675 D/EnvFileUpdater(14088): Found CIRIS_HOME from env: /data/user/0/ai.ciris.mobile.debug/files/ciris
04-06 19:07:13.677 I/EnvFileUpdater(14088): Read .env file (7359 bytes)
04-06 19:07:13.678 I/EnvFileUpdater(14088): CIRIS proxy mode detected - updating OPENAI_API_KEY
04-06 19:07:13.680 I/EnvFileUpdater(14088): Updated OPENAI_API_KEY
04-06 19:07:13.682 I/EnvFileUpdater(14088): Updated CIRIS_BILLING_GOOGLE_ID_TOKEN
04-06 19:07:13.683 I/EnvFileUpdater(14088): .env file updated (proxy mode: true)
04-06 19:07:13.683 D/EnvFileUpdater(14088): Found CIRIS_HOME from env: /data/user/0/ai.ciris.mobile.debug/files/ciris
04-06 19:07:13.684 I/EnvFileUpdater(14088): Config reload signal written to /data/user/0/ai.ciris.mobile.debug/files/ciris/.config_reload
04-06 19:07:13.790 I/CIRISApp(14088):  .env updated, .config_reload signal written
04-06 19:07:13.792 I/CIRISApp(14088):  Waiting 1.5s for Python to reload billing token...
04-06 19:07:14.614 I/CIRISApiClient(14088): [getPlayIntegrityNonce] Got nonce: 94fdo4ZRjy6k9sqOACFE...
04-06 19:07:14.636 I/InteractViewModel(14088): [startHealthPolling] LLM health ready: provider=other
04-06 19:07:14.744 I/InteractViewModel(14088): [startMessagePolling] First load complete
04-06 19:07:15.300 I/CIRISApp(14088):  Python reload wait complete
04-06 19:07:16.471 D/CIRISApp(14088): [INFO] Opening Trust page
04-06 19:07:16.475 D/CIRISApp(14088): [INIT] CIRISApp composable invoked - googleSignInCallback=PRESENT (219542700)
04-06 19:07:16.476 I/InteractViewModel(14088): [setDeviceAttestationCallback] Device attestation callback SET
04-06 19:07:16.811 I/MainActivity(14088): Device attestation requested
04-06 19:07:16.812 I/CIRISApiClient(14088): [getPlayIntegrityNonce] Requesting Play Integrity nonce from Python API
04-06 19:07:17.133 I/MainActivity(14088): Device attestation result: Error(message=Failed to get Play Integrity token: -16: Integrity API error (-16): The provided cloud project number is invalid.
04-06 19:07:17.133 I/MainActivity(14088): Use the cloud project number which can be found in Project info in your Google Cloud Console for the cloud project where Play Integrity API is enabled.
04-06 19:07:17.133 I/MainActivity(14088):  (https://developer.android.com/google/play/integrity/reference/com/google/android/play/core/integrity/model/IntegrityErrorCode.html#CLOUD_PROJECT_NUMBER_IS_INVALID).)
04-06 19:07:17.134 I/InteractViewModel(14088): [startTrustPendingPolling] Device attestation completed: Error(message=Failed to get Play Integrity token: -16: Integrity API error (-16): The provided cloud project number is invalid.
04-06 19:07:17.134 I/InteractViewModel(14088): Use the cloud project number which can be found in Project info in your Google Cloud Console for the cloud project where Play Integrity API is enabled.
04-06 19:07:17.134 I/InteractViewModel(14088):  (https://developer.android.com/google/play/integrity/reference/com/google/android/play/core/integrity/model/IntegrityErrorCode.html#CLOUD_PROJECT_NUMBER_IS_INVALID).)
04-06 19:07:17.315 I/CIRISApiClient(14088): [getPlayIntegrityNonce] Got nonce: gitBJokRsnV7NhKOD-VJ...
04-06 19:07:19.502 I/MainActivity(14088): Device attestation result: Error(message=Failed to get Play Integrity token: -16: Integrity API error (-16): The provided cloud project number is invalid.
04-06 19:07:19.502 I/MainActivity(14088): Use the cloud project number which can be found in Project info in your Google Cloud Console for the cloud project where Play Integrity API is enabled.
04-06 19:07:19.502 I/MainActivity(14088):  (https://developer.android.com/google/play/integrity/reference/com/google/android/play/core/integrity/model/IntegrityErrorCode.html#CLOUD_PROJECT_NUMBER_IS_INVALID).)
04-06 19:07:20.207 I/InteractViewModel(14088): [startTrustPendingPolling] Trust status refreshed after device attestation
04-06 19:07:22.800 D/EnvFileUpdater(14088): Found CIRIS_HOME from env: /data/user/0/ai.ciris.mobile.debug/files/ciris
04-06 19:07:32.802 D/EnvFileUpdater(14088): Found CIRIS_HOME from env: /data/user/0/ai.ciris.mobile.debug/files/ciris
04-06 19:07:35.986 I/CIRISApp(14088): [Screen.Trust] Navigating back to Interact
04-06 19:07:35.993 D/CIRISApp(14088): [INIT] CIRISApp composable invoked - googleSignInCallback=PRESENT (219542700)
04-06 19:07:35.995 I/InteractViewModel(14088): [setDeviceAttestationCallback] Device attestation callback SET
04-06 19:07:36.002 D/CIRISApp(14088): [CIRISApp] >>> liveBackgroundEnabled=true, apiClient=present
04-06 19:07:36.239 I/CIRISApiClient(14088): [getGraphData] >>> START: hours=24, scope=ALL_SCOPES, type=null, limit=200
04-06 19:07:36.241 I/CIRISApiClient(14088): [getGraphData] Fetching timeline: http://localhost:8080/v1/memory/timeline?hours=24&include_edges=true&include_metrics=false
04-06 19:07:37.860 I/CIRISApiClient(14088): [getGraphData] <<< DONE in 1621ms (single API call)
04-06 19:07:37.862 I/CIRISApiClient(14088): [getGraphData]     Nodes: 51 ({local=49, identity=2})
04-06 19:07:37.863 I/CIRISApiClient(14088): [getGraphData]     Edges: 0 total, 0 visible
04-06 19:07:37.865 I/CIRISApiClient(14088): [getGraphData]     Edge types: {}
04-06 19:07:37.866 I/CIRISApiClient(14088): [getGraphData]     INFO: No edges found - nodes may not have relationships yet
04-06 19:07:42.500 I/InteractViewModel(14088): [sendMessage] Sending message: 'hello!...' with 0 attachments
04-06 19:07:42.505 I/CIRISApiClient(14088): [sendMessage] Sending message: 'hello!...' to channel=mobile_app, images=0, docs=0
04-06 19:07:42.804 D/EnvFileUpdater(14088): Found CIRIS_HOME from env: /data/user/0/ai.ciris.mobile.debug/files/ciris
04-06 19:07:46.592 I/CIRISApiClient(14088): [getGraphData] >>> START: hours=24, scope=ALL_SCOPES, type=null, limit=200
04-06 19:07:46.594 I/CIRISApiClient(14088): [getGraphData] Fetching timeline: http://localhost:8080/v1/memory/timeline?hours=24&include_edges=true&include_metrics=false
04-06 19:07:50.316 I/CIRISApiClient(14088): [getGraphData] <<< DONE in 3724ms (single API call)
04-06 19:07:50.318 I/CIRISApiClient(14088): [getGraphData]     Nodes: 53 ({local=50, identity=3})
04-06 19:07:50.319 I/CIRISApiClient(14088): [getGraphData]     Edges: 0 total, 0 visible
04-06 19:07:50.320 I/CIRISApiClient(14088): [getGraphData]     Edge types: {}
04-06 19:07:50.322 I/CIRISApiClient(14088): [getGraphData]     INFO: No edges found - nodes may not have relationships yet
04-06 19:07:52.817 D/EnvFileUpdater(14088): Found CIRIS_HOME from env: /data/user/0/ai.ciris.mobile.debug/files/ciris
04-06 19:07:59.405 W/python.stderr(14088): <frozen importlib._bootstrap>:914: ImportWarning: PydanticCoreFinder.find_spec() not found; falling back to find_module()
04-06 19:07:59.483 I/CIRISApiClient(14088): [getGraphData] >>> START: hours=24, scope=ALL_SCOPES, type=null, limit=200
04-06 19:07:59.485 I/CIRISApiClient(14088): [getGraphData] Fetching timeline: http://localhost:8080/v1/memory/timeline?hours=24&include_edges=true&include_metrics=false
04-06 19:08:02.825 D/EnvFileUpdater(14088): Found CIRIS_HOME from env: /data/user/0/ai.ciris.mobile.debug/files/ciris
04-06 19:08:03.801 I/CIRISApiClient(14088): [getGraphData] <<< DONE in 4317ms (single API call)
04-06 19:08:03.802 I/CIRISApiClient(14088): [getGraphData]     Nodes: 55 ({local=52, identity=3})
04-06 19:08:03.803 I/CIRISApiClient(14088): [getGraphData]     Edges: 0 total, 0 visible
04-06 19:08:03.805 I/CIRISApiClient(14088): [getGraphData]     Edge types: {}
04-06 19:08:03.806 I/CIRISApiClient(14088): [getGraphData]     INFO: No edges found - nodes may not have relationships yet
04-06 19:08:07.509 I/CIRISApiClient(14088): [getGraphData] >>> START: hours=24, scope=ALL_SCOPES, type=null, limit=200
04-06 19:08:07.512 I/CIRISApiClient(14088): [getGraphData] Fetching timeline: http://localhost:8080/v1/memory/timeline?hours=24&include_edges=true&include_metrics=false
04-06 19:08:09.988 I/CIRISApiClient(14088): [getGraphData] <<< DONE in 2479ms (single API call)
04-06 19:08:09.989 I/CIRISApiClient(14088): [getGraphData]     Nodes: 55 ({local=52, identity=3})
04-06 19:08:09.991 I/CIRISApiClient(14088): [getGraphData]     Edges: 0 total, 0 visible
04-06 19:08:09.992 I/CIRISApiClient(14088): [getGraphData]     Edge types: {}
04-06 19:08:09.994 I/CIRISApiClient(14088): [getGraphData]     INFO: No edges found - nodes may not have relationships yet
04-06 19:08:12.546 E/CIRISApiClient(14088): [sendMessage] Exception: HttpRequestTimeoutException: Request timeout has expired [url=http://localhost:8080/v1/agent/interact, request_timeout=30000 ms] | Context: message='hello!...', channelId=mobile_app, hasToken=true
04-06 19:08:12.546 E/CIRISApiClient(14088): io.ktor.client.plugins.HttpRequestTimeoutException: Request timeout has expired [url=http://localhost:8080/v1/agent/interact, request_timeout=30000 ms]
04-06 19:08:12.546 E/CIRISApiClient(14088): 	at io.ktor.client.plugins.HttpTimeout$Plugin$install$1$1$killer$1.invokeSuspend(HttpTimeout.kt:165)
04-06 19:08:12.546 E/CIRISApiClient(14088): 	at kotlin.coroutines.jvm.internal.BaseContinuationImpl.resumeWith(ContinuationImpl.kt:33)
04-06 19:08:12.546 E/CIRISApiClient(14088): 	at kotlinx.coroutines.DispatchedTask.run(DispatchedTask.kt:104)
04-06 19:08:12.546 E/CIRISApiClient(14088): 	at kotlinx.coroutines.internal.LimitedDispatcher$Worker.run(LimitedDispatcher.kt:111)
04-06 19:08:12.546 E/CIRISApiClient(14088): 	at kotlinx.coroutines.scheduling.TaskImpl.run(Tasks.kt:99)
04-06 19:08:12.546 E/CIRISApiClient(14088): 	at kotlinx.coroutines.scheduling.CoroutineScheduler.runSafely(CoroutineScheduler.kt:585)
04-06 19:08:12.546 E/CIRISApiClient(14088): 	at kotlinx.coroutines.scheduling.CoroutineScheduler$Worker.executeTask(CoroutineScheduler.kt:802)
04-06 19:08:12.546 E/CIRISApiClient(14088): 	at kotlinx.coroutines.scheduling.CoroutineScheduler$Worker.runWorker(CoroutineScheduler.kt:706)
04-06 19:08:12.546 E/CIRISApiClient(14088): 	at kotlinx.coroutines.scheduling.CoroutineScheduler$Worker.run(CoroutineScheduler.kt:693)
04-06 19:08:12.549 E/InteractViewModel(14088): [sendMessage] Failed to send message: HttpRequestTimeoutException: Request timeout has expired [url=http://localhost:8080/v1/agent/interact, request_timeout=30000 ms]
04-06 19:08:12.552 E/InteractViewModel(14088): [sendMessage] Stack trace: io.ktor.client.plugins.HttpRequestTimeoutException: Request timeout has expired [url=http://localhost:8080/v1/agent/interact, request_timeout=30000 ms]
04-06 19:08:12.552 E/InteractViewModel(14088): 	at io.ktor.client.plugins.HttpTimeout$Plugin$install$1$1$killer$1.invokeSuspend(HttpTimeout.kt:165)
04-06 19:08:12.552 E/InteractViewModel(14088): 	at kotlin.coroutines.jvm.internal.BaseContinuationImpl.resumeWith(ContinuationImpl.kt:33)
04-06 19:08:12.552 E/InteractViewModel(14088): 	at kotlinx.coroutines.DispatchedTask.run(DispatchedTask.kt:104)
04-06 19:08:12.552 E/InteractViewModel(14088): 	at kotlinx.coroutines.internal.LimitedDispatcher$Worker.run(LimitedDispatcher.kt:111)
04-06 19:08:12.552 E/InteractViewModel(14088): 	at 
04-06 19:08:12.553 I/InteractViewModel(14088): [sendMessage] Timeout during send - response will arrive via SSE
04-06 19:08:12.834 D/EnvFileUpdater(14088): Found CIRIS_HOME from env: /data/user/0/ai.ciris.mobile.debug/files/ciris
04-06 19:08:17.398 I/CIRISApiClient(14088): [getGraphData] >>> START: hours=24, scope=ALL_SCOPES, type=null, limit=200
04-06 19:08:17.400 I/CIRISApiClient(14088): [getGraphData] Fetching timeline: http://localhost:8080/v1/memory/timeline?hours=24&include_edges=true&include_metrics=false
04-06 19:08:19.015 I/CIRISApiClient(14088): [getGraphData] <<< DONE in 1617ms (single API call)
04-06 19:08:19.017 I/CIRISApiClient(14088): [getGraphData]     Nodes: 55 ({local=52, identity=3})
04-06 19:08:19.018 I/CIRISApiClient(14088): [getGraphData]     Edges: 0 total, 0 visible
04-06 19:08:19.019 I/CIRISApiClient(14088): [getGraphData]     Edge types: {}
04-06 19:08:19.021 I/CIRISApiClient(14088): [getGraphData]     INFO: No edges found - nodes may not have relationships yet
04-06 19:08:19.358 I/python.stdout(14088): [19:08:19.358] [DISPATCHER] Handler SpeakHandler completed for action speak on thought th_seed_35023e3f_6d96ba33-0c3 - created follow-up thought th_followup_th_seed__482ca6f9-0e0
04-06 19:08:21.113 I/InteractViewModel(14088): [fetchHistory] Added 1 new messages to chat
04-06 19:08:22.848 D/EnvFileUpdater(14088): Found CIRIS_HOME from env: /data/user/0/ai.ciris.mobile.debug/files/ciris
04-06 19:08:26.212 I/CIRISApiClient(14088): [getGraphData] >>> START: hours=24, scope=ALL_SCOPES, type=null, limit=200
04-06 19:08:26.214 I/CIRISApiClient(14088): [getGraphData] Fetching timeline: http://localhost:8080/v1/memory/timeline?hours=24&include_edges=true&include_metrics=false
04-06 19:08:27.966 I/CIRISApiClient(14088): [getGraphData] <<< DONE in 1753ms (single API call)
04-06 19:08:27.967 I/CIRISApiClient(14088): [getGraphData]     Nodes: 56 ({local=53, identity=3})
04-06 19:08:27.968 I/CIRISApiClient(14088): [getGraphData]     Edges: 0 total, 0 visible
04-06 19:08:27.970 I/CIRISApiClient(14088): [getGraphData]     Edge types: {}
04-06 19:08:27.971 I/CIRISApiClient(14088): [getGraphData]     INFO: No edges found - nodes may not have relationships yet
04-06 19:08:32.865 D/EnvFileUpdater(14088): Found CIRIS_HOME from env: /data/user/0/ai.ciris.mobile.debug/files/ciris
04-06 19:08:33.172 I/CIRISApiClient(14088): [getGraphData] >>> START: hours=24, scope=ALL_SCOPES, type=null, limit=200
04-06 19:08:33.173 I/CIRISApiClient(14088): [getGraphData] Fetching timeline: http://localhost:8080/v1/memory/timeline?hours=24&include_edges=true&include_metrics=false
04-06 19:08:36.203 I/CIRISApiClient(14088): [getGraphData] <<< DONE in 3032ms (single API call)
04-06 19:08:36.205 I/CIRISApiClient(14088): [getGraphData]     Nodes: 56 ({local=53, identity=3})
04-06 19:08:36.206 I/CIRISApiClient(14088): [getGraphData]     Edges: 0 total, 0 visible
04-06 19:08:36.207 I/CIRISApiClient(14088): [getGraphData]     Edge types: {}
