04-06 19:05:03.354 I/python.stdout(14088): INFO: ciris_engine.services.ResourceMonitorService: ResourceMonitorService: Started scheduled task with interval 1.0s
04-06 19:05:03.355 I/python.stdout(14088): INFO: ciris_engine.services.ResourceMonitorService: ResourceMonitorService started successfully
04-06 19:05:03.355 I/python.stdout(14088): WARNING: ciris_engine.logic.runtime.startup_logging: [FIRST-RUN] [SERVICE 4/22] ResourceMonitor STARTED
04-06 19:05:03.356 I/python.stdout(14088): [FIRST-RUN] [SERVICE 4/22] ResourceMonitor STARTED
04-06 19:05:03.356 I/python.stdout(14088): INFO: ciris_engine.logic.runtime.ciris_runtime: [initialize] Infrastructure services initialized
04-06 19:05:03.356 I/python.stdout(14088): INFO: ciris_engine.logic.runtime.ciris_runtime: [initialize] Got initialization service: <ciris_engine.logic.services.lifecycle.initialization.service.InitializationService object at 0xb3fbf298>
04-06 19:05:03.357 I/python.stdout(14088): INFO: ciris_engine.logic.runtime.ciris_runtime: [initialize] Registering initialization steps...
04-06 19:05:03.358 I/python.stdout(14088): INFO: ciris_engine.logic.runtime.ciris_runtime: [initialize] Steps registered
04-06 19:05:03.358 I/python.stdout(14088): INFO: ciris_engine.logic.runtime.ciris_runtime: [initialize] Running initialization sequence...
04-06 19:05:03.358 I/python.stdout(14088): INFO: ciris_engine.logic.services.lifecycle.initialization.service: ============================================================
04-06 19:05:03.359 I/python.stdout(14088): INFO: ciris_engine.logic.services.lifecycle.initialization.service: CIRIS Agent Initialization Sequence Starting
04-06 19:05:03.359 I/python.stdout(14088): INFO: ciris_engine.logic.services.lifecycle.initialization.service: ============================================================
04-06 19:05:03.359 I/python.stdout(14088): INFO: ciris_engine.logic.services.lifecycle.initialization.service: [InitializationService] Registered 13 steps across 8 phases
04-06 19:05:03.360 I/python.stdout(14088): INFO: ciris_engine.logic.services.lifecycle.initialization.service: [InitializationService] Executing phase infrastructure with 1 steps
04-06 19:05:03.360 I/python.stdout(14088): INFO: ciris_engine.logic.services.lifecycle.initialization.service: ------------------------------------------------------------
04-06 19:05:03.361 I/python.stdout(14088): INFO: ciris_engine.logic.services.lifecycle.initialization.service: Phase: INFRASTRUCTURE
04-06 19:05:03.361 D/MainActivity(14088): Service 4 started (4/22)
04-06 19:05:03.361 I/python.stdout(14088): INFO: ciris_engine.logic.services.lifecycle.initialization.service: ------------------------------------------------------------
04-06 19:05:03.362 I/python.stdout(14088): INFO: ciris_engine.logic.services.lifecycle.initialization.service: → Initialize Infrastructure Services...
04-06 19:05:03.365 D/MainActivity(14088): Service 4 started (4/22)
04-06 19:05:03.433 I/python.stdout(14088): 
04-06 19:05:03.433 I/python.stdout(14088): ================================================================================
04-06 19:05:03.433 I/python.stdout(14088): 🔍 LOGGING INITIALIZED - SEE DETAILED LOGS AT: /data/data/ai.ciris.mobile.debug/files/ciris/logs/ciris_agent_20260407_000503.log
04-06 19:05:03.433 I/python.stdout(14088): 🔗 Symlinked to: /data/data/ai.ciris.mobile.debug/files/ciris/logs/latest.log
04-06 19:05:03.434 I/python.stdout(14088): ⚠️  Incident capture: /data/data/ai.ciris.mobile.debug/files/ciris/logs/incidents_latest.log (WARNING/ERROR messages captured as incidents)
04-06 19:05:03.434 I/python.stdout(14088): ================================================================================
04-06 19:05:03.434 I/python.stdout(14088): 
04-06 19:05:04.007 E/CIRISApiClient(14088): [getSystemStatus] Exception: ConnectException: Failed to connect to localhost/127.0.0.1:8080 | Context: url=http://localhost:8080
04-06 19:05:04.007 E/CIRISApiClient(14088): java.net.ConnectException: Failed to connect to localhost/127.0.0.1:8080
04-06 19:05:04.007 E/CIRISApiClient(14088): 	at okhttp3.internal.connection.RealConnection.connectSocket(RealConnection.kt:297)
04-06 19:05:04.007 E/CIRISApiClient(14088): 	at okhttp3.internal.connection.RealConnection.connect(RealConnection.kt:207)
04-06 19:05:04.007 E/CIRISApiClient(14088): 	at okhttp3.internal.connection.ExchangeFinder.findConnection(ExchangeFinder.kt:226)
04-06 19:05:04.007 E/CIRISApiClient(14088): 	at okhttp3.internal.connection.ExchangeFinder.findHealthyConnection(ExchangeFinder.kt:106)
04-06 19:05:04.007 E/CIRISApiClient(14088): 	at okhttp3.internal.connection.ExchangeFinder.find(ExchangeFinder.kt:74)
04-06 19:05:04.007 E/CIRISApiClient(14088): 	at okhttp3.internal.connection.RealCall.initExchange$okhttp(RealCall.kt:255)
04-06 19:05:04.007 E/CIRISApiClient(14088): 	at okhttp3.internal.connection.ConnectInterceptor.intercept(ConnectInterceptor.kt:32)
04-06 19:05:04.007 E/CIRISApiClient(14088): 	at okhttp3.internal.http.RealInterceptorChain.proceed(RealInterceptorChain.kt:109)
04-06 19:05:04.007 E/CIRISApiClient(14088): 	at okhttp3.internal.cache.CacheInterceptor.intercept(CacheInterceptor.kt:95)
04-06 19:05:04.007 E/CIRISApiClient(14088): 	at okhttp3.internal.http.RealInterceptorChain.proceed(RealInterceptorChain.kt:109)
04-06 19:05:04.007 E/CIRISApiClient(14088): 	at okhttp3.internal.http.BridgeInterceptor.intercept(BridgeInterceptor.kt:83)
04-06 19:05:04.007 E/CIRISApiClient(14088): 	at okhttp3.internal.http.RealInterceptorChain.proceed(RealInterceptorChain.kt:109)
04-06 19:05:04.007 E/CIRISApiClient(14088): 	at okhttp3.internal.http.RetryAndFollowUpInterceptor.intercept(RetryAndFollowUpInterceptor.kt:76)
04-06 19:05:04.007 E/CIRISApiClient(14088): 	at okhttp3.internal.http.RealInterceptorChain.proceed(RealInterceptorChain.kt:109)
04-06 19:05:04.007 E/CIRISApiClient(14088): 	at okhttp3.internal.connection.RealCall.getResponseWithInterceptorChain$okhttp(RealCall.kt:201)
04-06 19:05:04.007 E/CIRISApiClient(14088): 	at okhttp3.internal.connection.RealCall$AsyncCall.run(RealCall.kt:517)
04-06 19:05:04.007 E/CIRISApiClient(14088): 	at java.util.concurrent.ThreadPoolExecutor.runWorker(ThreadPoolExecutor.java:1133)
04-06 19:05:04.007 E/CIRISApiClient(14088): 	at java.util.concurrent.ThreadPoolExecutor$Worker.run(ThreadPoolExecutor.java:607)
04-06 19:05:04.007 E/CIRISApiClient(14088): 	at java.lang.Thread.run(Thread.java:762)
04-06 19:05:04.007 E/CIRISApiClient(14088): Caused by: java.net.ConnectException: Connection refused
04-06 19:05:04.007 E/CIRISApiClient(14088): 	at java.net.PlainSocketImpl.socketConnect(Native Method)
04-06 19:05:04.007 E/CIRISApiClient(14088): 	at java.net.AbstractPlainSocketImpl.doConnect(AbstractPlainSocketImpl.java:334)
04-06 19:05:04.007 E/CIRISApiClient(14088): 	at java.net.AbstractPlainSocketImpl.connectToAddress(AbstractPlainSocketImpl.java:196)
04-06 19:05:04.007 E/CIRISApiClient(14088): 	at java.net.AbstractPlainSocketImpl.connect(AbstractPlainSocketImpl.java:178)
04-06 19:05:04.007 E/CIRISApiClient(14088): 	at java.net.SocksSocketImpl.connect(SocksSocketImpl.java:356)
04-06 19:05:04.007 E/CIRISApiClient(14088): 	at java.net.Socket.connect(Socket.java:605)
04-06 19:05:04.007 E/CIRISApiClient(14088): 	at okhttp3.internal.platform.AndroidPlatform.connectSocket(AndroidPlatform.kt:63)
04-06 19:05:04.007 E/CIRISApiClient(14088): 	at okhttp3.internal.connection.RealConnection.connectSocket(RealConnection.kt:295)
04-06 19:05:04.007 E/CIRISApiClient(14088): 	... 18 more
04-06 19:05:04.156 I/python.stdout(14088): [FIRST-RUN] [SERVICE 5/22] SecretsService STARTED
04-06 19:05:04.168 D/MainActivity(14088): Service 5 started (5/22)
04-06 19:05:04.169 I/python.stdout(14088): [FIRST-RUN] [SERVICE 22/22] SecretsToolService STARTED
04-06 19:05:04.174 D/MainActivity(14088): Service 22 started (6/22)
04-06 19:05:04.200 I/python.stdout(14088): [FIRST-RUN] [SERVICE 6/22] MemoryService STARTED
04-06 19:05:04.203 I/python.stdout(14088): [FIRST-RUN] [SERVICE 7/22] ConfigService STARTED
04-06 19:05:04.205 D/MainActivity(14088): Service 6 started (7/22)
04-06 19:05:04.210 D/MainActivity(14088): Service 7 started (8/22)
04-06 19:05:05.898 D/CIRISApp(14088): [INIT] CIRISApp composable invoked - googleSignInCallback=PRESENT (219542700)
04-06 19:05:05.900 I/InteractViewModel(14088): [setDeviceAttestationCallback] Device attestation callback SET
04-06 19:05:07.650 I/python.stdout(14088): [FIRST-RUN] [SERVICE 15/22] AuthenticationService STARTED
04-06 19:05:07.662 D/MainActivity(14088): Service 15 started (9/22)
04-06 19:05:07.679 I/python.stdout(14088): [FIRST-RUN] [SERVICE 13/22] WiseAuthority STARTED
04-06 19:05:07.691 I/python.stdout(14088): [FIRST-RUN] ✓ 10/10 minimal services started - ready for setup wizard
04-06 19:05:07.691 D/MainActivity(14088): Service 13 started (10/22)
04-06 19:05:08.402 D/CIRISApp(14088): [INIT] CIRISApp composable invoked - googleSignInCallback=PRESENT (219542700)
04-06 19:05:08.405 I/InteractViewModel(14088): [setDeviceAttestationCallback] Device attestation callback SET
04-06 19:05:08.848 W/python.stderr(14088): /data/data/ai.ciris.mobile.debug/files/chaquopy/AssetFinder/requirements/pydantic/_internal/_config.py:291: PydanticDeprecatedSince20: Support for class-based `config` is deprecated, use ConfigDict instead. Deprecated in Pydantic V2.0 to be removed in V3.0. See Pydantic V2 Migration Guide at https://errors.pydantic.dev/2.9/migration/
04-06 19:05:09.055 E/CIRISApiClient(14088): [getSystemStatus] Exception: ConnectException: Failed to connect to localhost/127.0.0.1:8080 | Context: url=http://localhost:8080
04-06 19:05:09.055 E/CIRISApiClient(14088): java.net.ConnectException: Failed to connect to localhost/127.0.0.1:8080
04-06 19:05:09.055 E/CIRISApiClient(14088): 	at okhttp3.internal.connection.RealConnection.connectSocket(RealConnection.kt:297)
04-06 19:05:09.055 E/CIRISApiClient(14088): 	at okhttp3.internal.connection.RealConnection.connect(RealConnection.kt:207)
04-06 19:05:09.055 E/CIRISApiClient(14088): 	at okhttp3.internal.connection.ExchangeFinder.findConnection(ExchangeFinder.kt:226)
04-06 19:05:09.055 E/CIRISApiClient(14088): 	at okhttp3.internal.connection.ExchangeFinder.findHealthyConnection(ExchangeFinder.kt:106)
04-06 19:05:09.055 E/CIRISApiClient(14088): 	at okhttp3.internal.connection.ExchangeFinder.find(ExchangeFinder.kt:74)
04-06 19:05:09.055 E/CIRISApiClient(14088): 	at okhttp3.internal.connection.RealCall.initExchange$okhttp(RealCall.kt:255)
04-06 19:05:09.055 E/CIRISApiClient(14088): 	at okhttp3.internal.connection.ConnectInterceptor.intercept(ConnectInterceptor.kt:32)
04-06 19:05:09.055 E/CIRISApiClient(14088): 	at okhttp3.internal.http.RealInterceptorChain.proceed(RealInterceptorChain.kt:109)
04-06 19:05:09.055 E/CIRISApiClient(14088): 	at okhttp3.internal.cache.CacheInterceptor.intercept(CacheInterceptor.kt:95)
04-06 19:05:09.055 E/CIRISApiClient(14088): 	at okhttp3.internal.http.RealInterceptorChain.proceed(RealInterceptorChain.kt:109)
04-06 19:05:09.055 E/CIRISApiClient(14088): 	at okhttp3.internal.http.BridgeInterceptor.intercept(BridgeInterceptor.kt:83)
04-06 19:05:09.055 E/CIRISApiClient(14088): 	at okhttp3.internal.http.RealInterceptorChain.proceed(RealInterceptorChain.kt:109)
04-06 19:05:09.055 E/CIRISApiClient(14088): 	at okhttp3.internal.http.RetryAndFollowUpInterceptor.intercept(RetryAndFollowUpInterceptor.kt:76)
04-06 19:05:09.055 E/CIRISApiClient(14088): 	at okhttp3.internal.http.RealInterceptorChain.proceed(RealInterceptorChain.kt:109)
04-06 19:05:09.055 E/CIRISApiClient(14088): 	at okhttp3.internal.connection.RealCall.getResponseWithInterceptorChain$okhttp(RealCall.kt:201)
04-06 19:05:09.055 E/CIRISApiClient(14088): 	at okhttp3.internal.connection.RealCall$AsyncCall.run(RealCall.kt:517)
04-06 19:05:09.055 E/CIRISApiClient(14088): 	at java.util.concurrent.ThreadPoolExecutor.runWorker(ThreadPoolExecutor.java:1133)
04-06 19:05:09.055 E/CIRISApiClient(14088): 	at java.util.concurrent.ThreadPoolExecutor$Worker.run(ThreadPoolExecutor.java:607)
04-06 19:05:09.055 E/CIRISApiClient(14088): 	at java.lang.Thread.run(Thread.java:762)
04-06 19:05:09.055 E/CIRISApiClient(14088): Caused by: java.net.ConnectException: Connection refused
04-06 19:05:09.055 E/CIRISApiClient(14088): 	at java.net.PlainSocketImpl.socketConnect(Native Method)
04-06 19:05:09.055 E/CIRISApiClient(14088): 	at java.net.AbstractPlainSocketImpl.doConnect(AbstractPlainSocketImpl.java:334)
04-06 19:05:09.055 E/CIRISApiClient(14088): 	at java.net.AbstractPlainSocketImpl.connectToAddress(AbstractPlainSocketImpl.java:196)
04-06 19:05:09.055 E/CIRISApiClient(14088): 	at java.net.AbstractPlainSocketImpl.connect(AbstractPlainSocketImpl.java:178)
04-06 19:05:09.055 E/CIRISApiClient(14088): 	at java.net.SocksSocketImpl.connect(SocksSocketImpl.java:356)
04-06 19:05:09.055 E/CIRISApiClient(14088): 	at java.net.Socket.connect(Socket.java:605)
04-06 19:05:09.055 E/CIRISApiClient(14088): 	at okhttp3.internal.platform.AndroidPlatform.connectSocket(AndroidPlatform.kt:63)
04-06 19:05:09.055 E/CIRISApiClient(14088): 	at okhttp3.internal.connection.RealConnection.connectSocket(RealConnection.kt:295)
04-06 19:05:09.055 E/CIRISApiClient(14088): 	... 18 more
04-06 19:05:10.905 D/CIRISApp(14088): [INIT] CIRISApp composable invoked - googleSignInCallback=PRESENT (219542700)
04-06 19:05:10.908 I/InteractViewModel(14088): [setDeviceAttestationCallback] Device attestation callback SET
04-06 19:05:11.164 I/python.stdout(14088): [STARTUP] Checking port 8080 availability...
04-06 19:05:11.165 I/python.stdout(14088): [STARTUP] Binding to port 8080...
04-06 19:05:11.185 I/python.stdout(14088): 
04-06 19:05:11.185 I/python.stdout(14088): ============================================================
04-06 19:05:11.185 I/python.stdout(14088):   CIRIS Setup Required
04-06 19:05:11.186 I/python.stdout(14088): ============================================================
04-06 19:05:11.186 I/python.stdout(14088): 
04-06 19:05:11.186 I/python.stdout(14088):   Open your browser to complete setup:
04-06 19:05:11.186 I/python.stdout(14088): 
04-06 19:05:11.186 I/python.stdout(14088):     http://0.0.0.0:8080
04-06 19:05:11.186 I/python.stdout(14088): 
04-06 19:05:11.186 I/python.stdout(14088): ============================================================
04-06 19:05:11.186 I/python.stdout(14088): 
04-06 19:05:11.187 I/python.stdout(14088): [STARTUP] Starting server...
04-06 19:05:11.231 I/python.stdout(14088): Starting CIRIS API...
04-06 19:05:12.190 I/python.stdout(14088): [STARTUP] API server listening on port 8080
04-06 19:05:12.191 I/python.stdout(14088): [STARTUP] Server ready for connections
04-06 19:05:12.738 D/EnvFileUpdater(14088): Found CIRIS_HOME from env: /data/user/0/ai.ciris.mobile.debug/files/ciris
04-06 19:05:13.395 I/InteractViewModel(14088): [observeLanguageChanges] Updating pipeline labels for language: en (explicit=false)
04-06 19:05:13.408 D/CIRISApp(14088): [INIT] CIRISApp composable invoked - googleSignInCallback=PRESENT (219542700)
04-06 19:05:13.409 I/InteractViewModel(14088): [setDeviceAttestationCallback] Device attestation callback SET
04-06 19:05:15.912 D/CIRISApp(14088): [INIT] CIRISApp composable invoked - googleSignInCallback=PRESENT (219542700)
04-06 19:05:15.915 I/InteractViewModel(14088): [setDeviceAttestationCallback] Device attestation callback SET
04-06 19:05:16.863 D/CIRISApp(14088): [INIT] CIRISApp composable invoked - googleSignInCallback=PRESENT (219542700)
04-06 19:05:16.864 I/InteractViewModel(14088): [setDeviceAttestationCallback] Device attestation callback SET
04-06 19:05:16.909 D/CIRISApp(14088): [INFO] Startup READY, checking first-run status...
04-06 19:05:16.967 I/CIRISApiClient(14088): [init] CIRISApiClient initialized with baseUrl=http://localhost:8080
04-06 19:05:16.997 I/InteractViewModel(14088): [observeLanguageChanges] Updating pipeline labels for language: en (explicit=false)
04-06 19:05:17.002 D/CIRISApp(14088): [INIT] CIRISApp composable invoked - googleSignInCallback=PRESENT (219542700)
04-06 19:05:17.003 I/InteractViewModel(14088): [setDeviceAttestationCallback] Device attestation callback SET
04-06 19:05:17.077 I/CIRISApiClient(14088): [getSetupStatus] Setup status: required=true, firstRun=true, configExists=false
04-06 19:05:17.082 D/CIRISApp(14088): [INFO] First run check result: true
04-06 19:05:17.082 D/CIRISApp(14088): [INFO] First run detected, navigating to Login
04-06 19:05:17.083 D/CIRISApp(14088): [INIT] CIRISApp composable invoked - googleSignInCallback=PRESENT (219542700)
04-06 19:05:17.084 I/InteractViewModel(14088): [setDeviceAttestationCallback] Device attestation callback SET
04-06 19:05:17.090 D/CIRISApp(14088): [DEBUG][Screen.Login] Rendering login screen, googleSignInCallback=PRESENT, isFirstRun=true
04-06 19:05:22.741 D/EnvFileUpdater(14088): Found CIRIS_HOME from env: /data/user/0/ai.ciris.mobile.debug/files/ciris
04-06 19:05:32.743 D/EnvFileUpdater(14088): Found CIRIS_HOME from env: /data/user/0/ai.ciris.mobile.debug/files/ciris
04-06 19:05:36.244 D/CIRISApp(14088): [INFO][onGoogleSignIn] Button click handler invoked, googleSignInCallback=PRESENT
04-06 19:05:36.244 D/CIRISApp(14088): [INFO][onGoogleSignIn] Callback is not null, calling onGoogleSignInRequested...
04-06 19:05:36.245 I/MainActivity(14088): Google Sign-In requested from CIRISApp (interactive)
04-06 19:05:36.302 D/CIRISApp(14088): [DEBUG][Screen.Login] Rendering login screen, googleSignInCallback=PRESENT, isFirstRun=true
04-06 19:05:38.142 I/MainActivity(14088): Google Sign-In successful: ciristest1@gmail.com
04-06 19:05:38.144 D/CIRISApp(14088): [INFO][onGoogleSignIn] Got result from native sign-in: Success
04-06 19:05:38.144 D/CIRISApp(14088): [DEBUG][onGoogleSignIn] Processing result: Success(idToken=eyJhbGciOiJSUzI1NiIsImtpZCI6ImNjZTRlMDI0YTUxYWEwYzFjNDFjMWE0NTE1YTQxZGQ3ZTk2MTkzNmIiLCJ0eXAiOiJKV1QifQ.eyJpc3MiOiJodHRwczovL2FjY291bnRzLmdvb2dsZS5jb20iLCJhenAiOiIyNjU4ODI4NTM2OTctOGM1M20zaG4yZDcwczdvcWxtMmgxNjdmN2hyZDFhdTYuYXBwcy5nb29nbGV1c2VyY29udGVudC5jb20iLCJhdWQiOiIyNjU4ODI4NTM2OTctbDQyMW5kb2pjczVubTdsa2xuNTNqajI5a2Y3a2NrOTEuYXBwcy5nb29nbGV1c2VyY29udGVudC5jb20iLCJzdWIiOiIxMDI3NzM3NDkwMzM2ODE2NzEwODMiLCJlbWFpbCI6ImNpcmlzdGVzdDFAZ21haWwuY29tIiwiZW1haWxfdmVyaWZpZWQiOnRydWUsIm5hbWUiOiJDSVJJUyBURVNUIiwicGljdHVyZSI6Imh0dHBzOi8vbGgzLmdvb2dsZXVzZXJjb250ZW50LmNvbS9hL0FDZzhvY0t3ZzEwUXB2U1oxWDl2YWZ3eW5kSW51X0RlOGpTdXNqcExZanA0RFdOT253RFBVUT1zOTYtYyIsImdpdmVuX25hbWUiOiJDSVJJUyIsImZhbWlseV9uYW1lIjoiVEVTVCIsImlhdCI6MTc3NTUxODk2MywiZXhwIjoxNzc1NTIyNTYzfQ.kt6cYBkxp81jrUy9QR9us1igMxiJ2VONxN55i_L-2B6SZkZmSeZ2200_XG7xy-zAqZOZ4KYzGJH5ZOuVI-8KiIGK40A3wwjYtI1n-abQnAorNYyX7ypzfiPVXHhRtuVzKARQ3olIx9eSfqgSGWwAiRSWMVa3Zl3w7vFRwHK_lqGuUwkjwfb_rhiY881mkSN6k889nD7nxO2qNCQBas_6MvxTlGgNHT9VAmF-X4THrSBLN8WUonK_5K6o2l0BEx28AnEHALLNSrSk2XeYCcMJb2gXpPjHHceVdbc1v2p6Bv3q-vLjZIHxtZURZ2FA2etOnkYaoN45-1fMqqVewkVuJQ, userId=102773749033681671083, email=ciristest1@gmail.com, displayName=CIRIS TEST, provider=google)
04-06 19:05:38.144 D/CIRISApp(14088): [INFO] Sign-in success: userId=102773749033681671083, email=ciristest1@gmail.com
04-06 19:05:38.149 D/CIRISApp(14088): [INFO] Checking setup status at http://localhost:8080...
04-06 19:05:38.186 I/CIRISApiClient(14088): [init] CIRISApiClient initialized with baseUrl=http://localhost:8080
04-06 19:05:38.197 D/CIRISApp(14088): [DEBUG][Screen.Login] Rendering login screen, googleSignInCallback=PRESENT, isFirstRun=true
04-06 19:05:38.312 I/CIRISApiClient(14088): [getSetupStatus] Setup status: required=true, firstRun=true, configExists=false
04-06 19:05:38.314 D/CIRISApp(14088): [INFO] Setup required check result: true
04-06 19:05:38.314 D/CIRISApp(14088): [INFO] Setup required - storing tokens and navigating to Setup wizard (provider=google)
04-06 19:05:38.314 I/TokenManager(14088): [setCurrentProvider] Provider set to: google
04-06 19:05:38.316 D/CIRISApp(14088): [INFO] Navigating to Screen.Setup
04-06 19:05:38.318 D/CIRISApp(14088): [INIT] CIRISApp composable invoked - googleSignInCallback=PRESENT (219542700)
04-06 19:05:38.319 I/InteractViewModel(14088): [setDeviceAttestationCallback] Device attestation callback SET
04-06 19:05:38.325 D/CIRISApp(14088): [DEBUG][Screen.Setup] Rendering setup screen
04-06 19:05:41.780 I/CIRISApiClient(14088): [connectToNode] Initiating device auth for node: https://portal.ciris.ai
04-06 19:05:42.745 D/EnvFileUpdater(14088): Found CIRIS_HOME from env: /data/user/0/ai.ciris.mobile.debug/files/ciris
04-06 19:05:52.747 D/EnvFileUpdater(14088): Found CIRIS_HOME from env: /data/user/0/ai.ciris.mobile.debug/files/ciris
04-06 19:05:55.937 I/chromium(30649): [INFO:tin_six_tab_helper.cc(147)] OnTabAdded
04-06 19:05:55.937 I/chromium(30649): [INFO:tin_six_tab_helper.cc(736)] InsertWebContentsAt 0,8 :0xc1184700
04-06 19:05:55.997 I/chromium(30649): [INFO:tin_six_tab_helper.cc(84)] OnCurrentTabChanged 0,8
04-06 19:05:55.997 I/chromium(30649): [INFO:tin_six_tab_helper.cc(640)] ForceActivateTabAt 0,8
04-06 19:05:56.051 I/chromium(30649): [INFO:render_widget_host_impl.cc(843)] SBRTOUCHLOG  RenderWidgetHostImpl::WasShown
04-06 19:05:56.053 W/chromium(30649): [WARNING:window_android.cc(109)] TAB-STATUS observer added
04-06 19:05:56.054 W/chromium(30649): [WARNING:render_widget_host_view_android.cc(1906)] TAB-STATUS it is still showing
04-06 19:05:56.054 W/chromium(30649): [WARNING:window_android.cc(123)] TAB-STATUS observer removed
04-06 19:05:56.054 W/chromium(30649): [WARNING:window_android.cc(109)] TAB-STATUS observer added
04-06 19:05:56.055 I/chromium(30649): [INFO:tin_six_tab_helper.cc(621)] ActivateTabAt 0,8
04-06 19:05:56.287 I/chromium(30649): [INFO:tin_six_tab_helper.cc(84)] OnCurrentTabChanged 0,8
04-06 19:05:56.287 I/chromium(30649): [INFO:tin_six_tab_helper.cc(640)] ForceActivateTabAt 0,8
04-06 19:05:56.323 I/chromium(30649): [INFO:layer_tree_host_impl.cc(198)] SBRTOUCHLOG DidVisibilityChange = 1
04-06 19:05:56.358 I/chromium(30649): [INFO:browser_gpu_channel_host_factory.cc(359)] EstablishGpuChannel gpu_channel IsLost(),destroying channel
04-06 19:05:56.358 I/chromium(30649): [INFO:browser_gpu_channel_host_factory.cc(364)] EstablishGpuChannel: establishing gpu_channel
04-06 19:05:56.363 I/chromium(30649): [INFO:ui_resource_layer_manager.cc(290)] CC-HideUrlbar: EnableUIResourceLayer LayerType: 0 Drawable true
04-06 19:05:56.365 I/chromium(30649): [INFO:ui_resource_layer_manager.cc(290)] CC-HideUrlbar: EnableUIResourceLayer LayerType: 1 Drawable true
04-06 19:05:56.392 I/chromium(30649): [INFO:tin_six_tab_helper.cc(84)] OnCurrentTabChanged 0,8
04-06 19:05:56.392 I/chromium(30649): [INFO:tin_six_tab_helper.cc(640)] ForceActivateTabAt 0,8
04-06 19:05:56.393 I/chromium(30649): [INFO:tin_six_tab_helper.cc(84)] OnCurrentTabChanged 0,8
04-06 19:05:56.393 I/chromium(30649): [INFO:tin_six_tab_helper.cc(640)] ForceActivateTabAt 0,8
04-06 19:05:56.419 I/chromium(14380): [INFO:dispatcher.cc(1571)] CreateBindingsSystem
04-06 19:05:56.440 W/chromium(30649): [WARNING:gpu_process_host.cc(996)] Reinitialized the GPU process after a crash. The reported initialization time was 100 ms
04-06 19:05:56.490 I/chromium(14380): [INFO:layer_tree_host_impl.cc(198)] SBRTOUCHLOG DidVisibilityChange = 0
04-06 19:05:56.490 I/chromium(14380): [INFO:layer_tree_host_impl.cc(4001)] SBRTOUCHLOG SetDeferCommitFlagForDebug = 1
04-06 19:05:56.510 I/chromium(30649): [INFO:tin_six_tab_helper.cc(621)] ActivateTabAt 0,8
04-06 19:05:56.514 I/chromium(14380): [INFO:tin_anti_tracking_renderer_url_loader_throttle_helper.cc(31)] [IAT] set delegate th 0xc0280140 td 0xc1262da0
04-06 19:05:56.514 I/chromium(14380): [INFO:tin_smart_protect_renderer.cc(16)] TinSmartProtectRenderer
04-06 19:05:56.515 I/chromium(14380): [INFO:tin_smart_protect_renderer.cc(33)] BindPendingReceiver bound=1
04-06 19:05:56.516 I/chromium(14380): [INFO:layer_tree_host_impl.cc(198)] SBRTOUCHLOG DidVisibilityChange = 1
04-06 19:05:56.540 I/chromium(14380): [INFO:render_frame_impl.cc(3805)] LoaderLog didCommitProvisionalLoad
04-06 19:05:56.554 I/chromium(30649): [INFO:tin_auto_https_upgrade_monitor.cc(27)] AutoHTTPSUpgrade  FallbackList  size = 0
04-06 19:05:56.586 I/chromium(14380): [INFO:memory_cache.cc(126)] MemoryCache MemberMemoryCache is disabled
04-06 19:05:56.818 I/chromium(14380): [INFO:progress_tracker.cc(112)] LoaderLog  FinishedParsing
04-06 19:05:56.821 I/chromium(14380): [INFO:layer_tree_host_impl.cc(4001)] SBRTOUCHLOG SetDeferCommitFlagForDebug = 0
04-06 19:05:56.842 I/chromium(14380): [INFO:layer_tree_impl.cc(1205)] DidUpdatePageScale IsActiveTree: 0 ScaleFactor: 1
04-06 19:05:56.844 I/chromium(14380): [INFO:layer_tree_impl.cc(1205)] DidUpdatePageScale IsActiveTree: 1 ScaleFactor: 1
04-06 19:05:57.140 I/chromium(30649): [INFO:web_contents_impl.cc(6549)] LoaderLog  progress completed
04-06 19:05:57.154 I/chromium(14380): [INFO:render_frame_impl.cc(4027)] LoaderLog didFinishLoad
04-06 19:05:57.155 I/chromium(14380): [INFO:frame_loader.cc(402)] LoaderLog Completed totalBytes = 106022
04-06 19:05:57.156 I/chromium(14380): [INFO:render_frame_impl.cc(5114)] LoaderLog didStopLoading
04-06 19:05:57.198 I/chromium(30649): [INFO:tin_six_tab_helper.cc(621)] ActivateTabAt 0,8
04-06 19:05:57.227 I/chromium(14380): [INFO:document_loader.cc(793)] LoaderLog UpdateForSameDocumentNavigation  was_loading = 0  is_client_redirect_ = 0  replaces_history_item_ = 1
04-06 19:05:57.227 I/chromium(14380): [INFO:render_frame_impl.cc(5114)] LoaderLog didStopLoading
04-06 19:05:57.274 I/chromium(30649): [INFO:tin_six_tab_helper.cc(621)] ActivateTabAt 0,8
04-06 19:05:59.795 W/chromium(30649): [WARNING:render_widget_host_view_android.cc(1070)] SBRTOUCHLOG  OnTouchEvent, Action::DOWN
04-06 19:05:59.795 I/chromium(30649): [INFO:render_widget_host_input_event_router.cc(861)] SBRTOUCHLOG Set Touch sequence target view: 0xc10cc800
04-06 19:05:59.795 W/chromium(30649): [WARNING:input_router_impl.cc(529)] SBRTOUCHLOG FilterAndSendWebInputEvent, kTouchStart
04-06 19:05:59.797 I/chromium(14380): [INFO:web_frame_widget_impl.cc(2748)] SBRTOUCHLOG Blink HandleInputEvent event received = PointerDown
04-06 19:05:59.808 I/chromium(14380): [INFO:web_frame_widget_impl.cc(2748)] SBRTOUCHLOG Blink HandleInputEvent event received = PointerMove
04-06 19:05:59.809 I/chromium(14380): [INFO:layer_tree_host_impl.cc(332)] SBRTOUCHLOG LayerTreeHostImpl::ScrollBegin defer_commit =  0
04-06 19:05:59.810 I/chromium(14380): [INFO:layer_tree_host_impl.cc(303)] SBRTOUCHLOG LayerTreeHostImpl::ScrollBy delta_y = 32.9771
04-06 19:05:59.811 I/chromium(14380): [INFO:web_frame_widget_impl.cc(2748)] SBRTOUCHLOG Blink HandleInputEvent event received = GestureTapDown
04-06 19:05:59.812 I/chromium(14380): [INFO:web_frame_widget_impl.cc(2748)] SBRTOUCHLOG Blink HandleInputEvent event received = GestureTapCancel
04-06 19:05:59.813 I/chromium(14380): [INFO:web_frame_widget_impl.cc(2748)] SBRTOUCHLOG Blink HandleInputEvent event received = PointerCausedUaAction
04-06 19:05:59.841 I/chromium(14380): [INFO:web_frame_widget_impl.cc(2748)] SBRTOUCHLOG Blink HandleInputEvent event received = PointerMove
04-06 19:05:59.886 I/chromium(14380): [INFO:layer_tree_host_impl.cc(2438)] SBRTOUCHLOG AsyncLayerTreeFrameSink::SubmitCompositorFrame
04-06 19:05:59.903 W/chromium(30649): [WARNING:window_android.cc(109)] TAB-STATUS observer added
04-06 19:05:59.904 I/chromium(14380): [INFO:web_frame_widget_impl.cc(2748)] SBRTOUCHLOG Blink HandleInputEvent event received = PointerMove
04-06 19:05:59.906 I/chromium(14380): [INFO:web_frame_widget_impl.cc(2748)] SBRTOUCHLOG Blink HandleInputEvent event received = PointerUp
04-06 19:05:59.919 I/chromium(14380): [INFO:layer_tree_host_impl.cc(303)] SBRTOUCHLOG LayerTreeHostImpl::ScrollBy delta_y = 116.978
04-06 19:05:59.987 I/chromium(14380): [INFO:layer_tree_host_impl.cc(2438)] SBRTOUCHLOG AsyncLayerTreeFrameSink::SubmitCompositorFrame
04-06 19:06:00.003 I/chromium(14380): [INFO:layer_tree_host_impl.cc(303)] SBRTOUCHLOG LayerTreeHostImpl::ScrollBy delta_y = 78.8012
04-06 19:06:00.070 I/chromium(14380): [INFO:layer_tree_host_impl.cc(2438)] SBRTOUCHLOG AsyncLayerTreeFrameSink::SubmitCompositorFrame
04-06 19:06:00.086 I/chromium(14380): [INFO:layer_tree_host_impl.cc(303)] SBRTOUCHLOG LayerTreeHostImpl::ScrollBy delta_y = 66.5048
04-06 19:06:00.153 I/chromium(14380): [INFO:layer_tree_host_impl.cc(2438)] SBRTOUCHLOG AsyncLayerTreeFrameSink::SubmitCompositorFrame
04-06 19:06:00.169 I/chromium(14380): [INFO:layer_tree_host_impl.cc(303)] SBRTOUCHLOG LayerTreeHostImpl::ScrollBy delta_y = 54.4852
04-06 19:06:00.728 W/chromium(30649): [WARNING:render_widget_host_view_android.cc(1070)] SBRTOUCHLOG  OnTouchEvent, Action::DOWN
04-06 19:06:00.728 I/chromium(30649): [INFO:render_widget_host_input_event_router.cc(861)] SBRTOUCHLOG Set Touch sequence target view: 0xc10cc800
04-06 19:06:00.728 W/chromium(30649): [WARNING:input_router_impl.cc(529)] SBRTOUCHLOG FilterAndSendWebInputEvent, kTouchStart
04-06 19:06:00.729 I/chromium(14380): [INFO:web_frame_widget_impl.cc(2748)] SBRTOUCHLOG Blink HandleInputEvent event received = PointerDown
04-06 19:06:00.730 W/chromium(30649): [WARNING:window_android.cc(123)] TAB-STATUS observer removed
04-06 19:06:00.737 I/chromium(14380): [INFO:layer_tree_host_impl.cc(344)] SBRTOUCHLOG LayerTreeHostImpl::ScrollEnd
04-06 19:06:00.739 I/chromium(14380): [INFO:web_frame_widget_impl.cc(2748)] SBRTOUCHLOG Blink HandleInputEvent event received = PointerMove
04-06 19:06:00.746 I/chromium(14380): [INFO:layer_tree_host_impl.cc(332)] SBRTOUCHLOG LayerTreeHostImpl::ScrollBegin defer_commit =  0
04-06 19:06:00.747 I/chromium(14380): [INFO:layer_tree_host_impl.cc(303)] SBRTOUCHLOG LayerTreeHostImpl::ScrollBy delta_y = 17.7083
04-06 19:06:00.747 I/chromium(14380): [INFO:web_frame_widget_impl.cc(2748)] SBRTOUCHLOG Blink HandleInputEvent event received = PointerMove
04-06 19:06:00.750 I/chromium(14380): [INFO:web_frame_widget_impl.cc(2748)] SBRTOUCHLOG Blink HandleInputEvent event received = PointerCausedUaAction
04-06 19:06:00.756 I/chromium(14380): [INFO:web_frame_widget_impl.cc(2748)] SBRTOUCHLOG Blink HandleInputEvent event received = PointerMove
04-06 19:06:00.821 W/chromium(30649): [WARNING:window_android.cc(109)] TAB-STATUS observer added
04-06 19:06:00.822 I/chromium(14380): [INFO:layer_tree_host_impl.cc(2438)] SBRTOUCHLOG AsyncLayerTreeFrameSink::SubmitCompositorFrame
04-06 19:06:00.826 I/chromium(14380): [INFO:web_frame_widget_impl.cc(2748)] SBRTOUCHLOG Blink HandleInputEvent event received = PointerMove
04-06 19:06:00.827 I/chromium(14380): [INFO:web_frame_widget_impl.cc(2748)] SBRTOUCHLOG Blink HandleInputEvent event received = PointerUp
04-06 19:06:00.837 I/chromium(14380): [INFO:layer_tree_host_impl.cc(303)] SBRTOUCHLOG LayerTreeHostImpl::ScrollBy delta_y = 127.167
04-06 19:06:00.905 I/chromium(14380): [INFO:layer_tree_host_impl.cc(2438)] SBRTOUCHLOG AsyncLayerTreeFrameSink::SubmitCompositorFrame
04-06 19:06:00.920 I/chromium(14380): [INFO:layer_tree_host_impl.cc(303)] SBRTOUCHLOG LayerTreeHostImpl::ScrollBy delta_y = 92.5558
04-06 19:06:00.987 I/chromium(14380): [INFO:layer_tree_host_impl.cc(2438)] SBRTOUCHLOG AsyncLayerTreeFrameSink::SubmitCompositorFrame
04-06 19:06:01.003 I/chromium(14380): [INFO:layer_tree_host_impl.cc(303)] SBRTOUCHLOG LayerTreeHostImpl::ScrollBy delta_y = 79.4841
04-06 19:06:01.074 I/chromium(14380): [INFO:layer_tree_host_impl.cc(2438)] SBRTOUCHLOG AsyncLayerTreeFrameSink::SubmitCompositorFrame
04-06 19:06:01.092 I/chromium(14380): [INFO:layer_tree_host_impl.cc(303)] SBRTOUCHLOG LayerTreeHostImpl::ScrollBy delta_y = 65.6979
04-06 19:06:01.272 W/chromium(30649): [WARNING:window_android.cc(123)] TAB-STATUS observer removed
04-06 19:06:01.287 I/chromium(14380): [INFO:layer_tree_host_impl.cc(344)] SBRTOUCHLOG LayerTreeHostImpl::ScrollEnd
04-06 19:06:02.596 W/chromium(30649): [WARNING:render_widget_host_view_android.cc(1070)] SBRTOUCHLOG  OnTouchEvent, Action::DOWN
04-06 19:06:02.596 I/chromium(30649): [INFO:render_widget_host_input_event_router.cc(861)] SBRTOUCHLOG Set Touch sequence target view: 0xc10cc800
04-06 19:06:02.596 W/chromium(30649): [WARNING:input_router_impl.cc(529)] SBRTOUCHLOG FilterAndSendWebInputEvent, kTouchStart
04-06 19:06:02.598 I/chromium(14380): [INFO:web_frame_widget_impl.cc(2748)] SBRTOUCHLOG Blink HandleInputEvent event received = PointerDown
04-06 19:06:02.602 I/chromium(14380): [INFO:web_frame_widget_impl.cc(2748)] SBRTOUCHLOG Blink HandleInputEvent event received = GestureTapDown
04-06 19:06:02.637 I/chromium(14380): [INFO:web_frame_widget_impl.cc(2748)] SBRTOUCHLOG Blink HandleInputEvent event received = PointerMove
04-06 19:06:02.641 I/chromium(14380): [INFO:web_frame_widget_impl.cc(2748)] SBRTOUCHLOG Blink HandleInputEvent event received = PointerUp
04-06 19:06:02.646 I/chromium(30649): [INFO:input_router_impl.cc(641)] SBRTOUCHLOG InputRouterImpl::TouchEventHandled type: TouchEnd & ack: NOT_CONSUMED
04-06 19:06:02.647 I/chromium(14380): [INFO:web_frame_widget_impl.cc(2748)] SBRTOUCHLOG Blink HandleInputEvent event received = GestureShowPress
04-06 19:06:02.650 I/chromium(14380): [INFO:web_frame_widget_impl.cc(2748)] SBRTOUCHLOG Blink HandleInputEvent event received = GestureTap
04-06 19:06:02.749 D/EnvFileUpdater(14088): Found CIRIS_HOME from env: /data/user/0/ai.ciris.mobile.debug/files/ciris
04-06 19:06:03.638 I/chromium(14380): [INFO:frame_loader.cc(618)] LoaderLog  StartNavigation  ClientRedirect = 0
04-06 19:06:03.669 I/chromium(30649): [INFO:tin_six_tab_helper.cc(621)] ActivateTabAt 0,8
04-06 19:06:03.673 I/chromium(14380): [INFO:layer_tree_host_impl.cc(198)] SBRTOUCHLOG DidVisibilityChange = 0
04-06 19:06:03.674 I/chromium(14380): [INFO:layer_tree_host_impl.cc(4001)] SBRTOUCHLOG SetDeferCommitFlagForDebug = 1
04-06 19:06:03.674 I/chromium(14380): [INFO:layer_tree_host_impl.cc(4001)] SBRTOUCHLOG SetDeferCommitFlagForDebug = 0
04-06 19:06:03.674 I/chromium(14380): [INFO:tin_anti_tracking_renderer_url_loader_throttle_helper.cc(31)] [IAT] set delegate th 0xc0280140 td 0xbeb99b60
04-06 19:06:03.675 I/chromium(14380): [INFO:tin_smart_protect_renderer.cc(16)] TinSmartProtectRenderer
04-06 19:06:03.676 I/chromium(14380): [INFO:tin_smart_protect_renderer.cc(33)] BindPendingReceiver bound=1
04-06 19:06:03.832 I/chromium(14380): [INFO:tin_anti_tracking_renderer_url_loader_throttle_helper.cc(38)] [IAT] detector destroyed 0xbeb99b60
04-06 19:06:03.842 I/chromium(30649): [INFO:tin_six_tab_helper.cc(621)] ActivateTabAt 0,8
04-06 19:06:04.086 I/chromium(14445): [INFO:dispatcher.cc(1571)] CreateBindingsSystem
04-06 19:06:04.107 I/chromium(14445): [INFO:layer_tree_host_impl.cc(198)] SBRTOUCHLOG DidVisibilityChange = 0
04-06 19:06:04.107 I/chromium(14445): [INFO:layer_tree_host_impl.cc(4001)] SBRTOUCHLOG SetDeferCommitFlagForDebug = 1
04-06 19:06:04.108 I/chromium(14445): [INFO:layer_tree_host_impl.cc(4001)] SBRTOUCHLOG SetDeferCommitFlagForDebug = 0
04-06 19:06:04.108 I/chromium(14445): [INFO:tin_anti_tracking_renderer_url_loader_throttle_helper.cc(31)] [IAT] set delegate th 0x58c17e80 td 0x58a63660
04-06 19:06:04.108 I/chromium(14445): [INFO:tin_smart_protect_renderer.cc(16)] TinSmartProtectRenderer
04-06 19:06:04.109 I/chromium(14445): [INFO:tin_smart_protect_renderer.cc(33)] BindPendingReceiver bound=1
04-06 19:06:04.119 I/chromium(14445): [INFO:layer_tree_host_impl.cc(4001)] SBRTOUCHLOG SetDeferCommitFlagForDebug = 1
04-06 19:06:04.144 I/chromium(14445): [INFO:render_frame_impl.cc(3805)] LoaderLog didCommitProvisionalLoad
04-06 19:06:04.151 W/chromium(30649): [WARNING:window_android.cc(123)] TAB-STATUS observer removed
04-06 19:06:04.153 I/chromium(14380): [INFO:layer_tree_host_impl.cc(198)] SBRTOUCHLOG DidVisibilityChange = 0
04-06 19:06:04.153 I/chromium(30649): [INFO:render_widget_host_impl.cc(843)] SBRTOUCHLOG  RenderWidgetHostImpl::WasShown
04-06 19:06:04.153 W/chromium(30649): [WARNING:window_android.cc(109)] TAB-STATUS observer added
04-06 19:06:04.167 I/chromium(14380): [INFO:frame_loader.cc(274)] LoaderLog  SetDefersLoading  DeferType = 1
04-06 19:06:04.172 I/chromium(14445): [INFO:layer_tree_host_impl.cc(198)] SBRTOUCHLOG DidVisibilityChange = 1
04-06 19:06:04.209 I/chromium(14445): [INFO:memory_cache.cc(126)] MemoryCache MemberMemoryCache is disabled
04-06 19:06:04.240 I/chromium(14445): [INFO:layer_tree_host_impl.cc(4001)] SBRTOUCHLOG SetDeferCommitFlagForDebug = 0
04-06 19:06:04.247 I/chromium(14445): [INFO:layer_tree_impl.cc(1205)] DidUpdatePageScale IsActiveTree: 0 ScaleFactor: 1
04-06 19:06:04.247 I/chromium(14445): [INFO:layer_tree_impl.cc(1205)] DidUpdatePageScale IsActiveTree: 1 ScaleFactor: 1
04-06 19:06:05.149 I/chromium(30649): [INFO:render_process_host_impl.cc(4491)] [Renderer][Exit] ChildProcessLauncher::OnChildProcessDied called through JNI pid = 14473, renderer_id =0
04-06 19:06:05.364 I/chromium(14488): [INFO:dispatcher.cc(1571)] CreateBindingsSystem
04-06 19:06:05.386 I/chromium(14488): [INFO:layer_tree_host_impl.cc(198)] SBRTOUCHLOG DidVisibilityChange = 0
04-06 19:06:05.387 I/chromium(14488): [INFO:layer_tree_host_impl.cc(4001)] SBRTOUCHLOG SetDeferCommitFlagForDebug = 1
04-06 19:06:05.424 I/chromium(30649): [INFO:back_forward_cache_impl.cc(675)] BFCACHELOG  CanStorePageNow  result = No: not a main frame, related active contents exist: no BI swap result, HTTP status is not OK, scheme is not HTTP or HTTPS, frame is not fully loaded, main RenderFrameHost doesn't have response headers set, probably due not having successfully committed a navigation.
04-06 19:06:05.427 I/chromium(30649): [INFO:render_widget_host_impl.cc(843)] SBRTOUCHLOG  RenderWidgetHostImpl::WasShown
04-06 19:06:05.428 I/chromium(14488): [INFO:layer_tree_host_impl.cc(198)] SBRTOUCHLOG DidVisibilityChange = 0
04-06 19:06:05.428 I/chromium(14488): [INFO:layer_tree_host_impl.cc(4001)] SBRTOUCHLOG SetDeferCommitFlagForDebug = 1
04-06 19:06:05.452 I/chromium(30649): [INFO:back_forward_cache_impl.cc(675)] BFCACHELOG  CanStorePageNow  result = No: not a main frame, related active contents exist: no BI swap result, HTTP status is not OK, scheme is not HTTP or HTTPS, frame is not fully loaded, main RenderFrameHost doesn't have response headers set, probably due not having successfully committed a navigation.
04-06 19:06:05.453 I/chromium(30649): [INFO:render_widget_host_impl.cc(843)] SBRTOUCHLOG  RenderWidgetHostImpl::WasShown
04-06 19:06:05.468 I/chromium(14488): [INFO:layer_tree_host_impl.cc(198)] SBRTOUCHLOG DidVisibilityChange = 1
04-06 19:06:05.478 I/chromium(14488): [INFO:memory_cache.cc(126)] MemoryCache MemberMemoryCache is disabled
04-06 19:06:05.480 I/chromium(14488): [INFO:layer_tree_host_impl.cc(198)] SBRTOUCHLOG DidVisibilityChange = 1
04-06 19:06:06.568 I/chromium(14445): [INFO:progress_tracker.cc(112)] LoaderLog  FinishedParsing
04-06 19:06:06.583 I/chromium(14488): [INFO:layer_tree_host_impl.cc(198)] SBRTOUCHLOG DidVisibilityChange = 0
04-06 19:06:06.584 I/chromium(14488): [INFO:layer_tree_host_impl.cc(4001)] SBRTOUCHLOG SetDeferCommitFlagForDebug = 0
04-06 19:06:06.585 I/chromium(14488): [INFO:web_view_impl.cc(1439)] Blink ResizeWithBrowserControls old_size = 0 * 0, new_size = 720 * 1040
04-06 19:06:06.587 I/chromium(14488): [INFO:layer_tree_host_impl.cc(198)] SBRTOUCHLOG DidVisibilityChange = 0
04-06 19:06:06.589 I/chromium(14488): [INFO:layer_tree_host_impl.cc(4001)] SBRTOUCHLOG SetDeferCommitFlagForDebug = 0
04-06 19:06:06.793 I/chromium(14488): [INFO:layer_tree_host_impl.cc(198)] SBRTOUCHLOG DidVisibilityChange = 0
04-06 19:06:06.793 I/chromium(14488): [INFO:layer_tree_host_impl.cc(4001)] SBRTOUCHLOG SetDeferCommitFlagForDebug = 1
04-06 19:06:06.793 I/chromium(14488): [INFO:web_view_impl.cc(1439)] Blink ResizeWithBrowserControls old_size = 720 * 1040, new_size = 0 * 0
04-06 19:06:06.852 I/chromium(30649): [INFO:back_forward_cache_impl.cc(675)] BFCACHELOG  CanStorePageNow  result = No: not a main frame, related active contents exist: no BI swap result, HTTP status is not OK, scheme is not HTTP or HTTPS, main RenderFrameHost doesn't have response headers set, probably due not having successfully committed a navigation.
04-06 19:06:06.853 I/chromium(30649): [INFO:render_widget_host_impl.cc(843)] SBRTOUCHLOG  RenderWidgetHostImpl::WasShown
04-06 19:06:06.854 I/chromium(14488): [INFO:layer_tree_host_impl.cc(198)] SBRTOUCHLOG DidVisibilityChange = 1
04-06 19:06:07.315 I/chromium(30649): [INFO:web_contents_impl.cc(6549)] LoaderLog  progress completed
04-06 19:06:07.366 I/chromium(30649): [INFO:web_contents_impl.cc(6549)] LoaderLog  progress completed
04-06 19:06:08.004 I/chromium(14488): [INFO:layer_tree_host_impl.cc(198)] SBRTOUCHLOG DidVisibilityChange = 0
04-06 19:06:08.007 I/chromium(14488): [INFO:layer_tree_host_impl.cc(4001)] SBRTOUCHLOG SetDeferCommitFlagForDebug = 0
04-06 19:06:08.008 I/chromium(14488): [INFO:web_view_impl.cc(1439)] Blink ResizeWithBrowserControls old_size = 0 * 0, new_size = 720 * 1040
04-06 19:06:08.405 I/chromium(14488): [INFO:layer_tree_host_impl.cc(198)] SBRTOUCHLOG DidVisibilityChange = 0
04-06 19:06:08.405 I/chromium(14488): [INFO:layer_tree_host_impl.cc(4001)] SBRTOUCHLOG SetDeferCommitFlagForDebug = 1
04-06 19:06:08.406 I/chromium(14488): [INFO:web_view_impl.cc(1439)] Blink ResizeWithBrowserControls old_size = 720 * 1040, new_size = 0 * 0
04-06 19:06:08.469 I/chromium(30649): [INFO:back_forward_cache_impl.cc(675)] BFCACHELOG  CanStorePageNow  result = No: not a main frame, related active contents exist: no BI swap result, HTTP status is not OK, scheme is not HTTP or HTTPS, frame is not fully loaded, main RenderFrameHost doesn't have response headers set, probably due not having successfully committed a navigation.
04-06 19:06:08.470 I/chromium(30649): [INFO:render_widget_host_impl.cc(843)] SBRTOUCHLOG  RenderWidgetHostImpl::WasShown
04-06 19:06:08.471 I/chromium(14488): [INFO:layer_tree_host_impl.cc(198)] SBRTOUCHLOG DidVisibilityChange = 1
04-06 19:06:08.637 I/chromium(14488): [INFO:layer_tree_host_impl.cc(198)] SBRTOUCHLOG DidVisibilityChange = 0
04-06 19:06:08.638 I/chromium(14488): [INFO:layer_tree_host_impl.cc(4001)] SBRTOUCHLOG SetDeferCommitFlagForDebug = 1
04-06 19:06:08.709 I/chromium(30649): [INFO:back_forward_cache_impl.cc(675)] BFCACHELOG  CanStorePageNow  result = No: not a main frame, related active contents exist: no BI swap result, HTTP status is not OK, scheme is not HTTP or HTTPS, frame is not fully loaded, main RenderFrameHost doesn't have response headers set, probably due not having successfully committed a navigation.
04-06 19:06:08.710 I/chromium(30649): [INFO:render_widget_host_impl.cc(843)] SBRTOUCHLOG  RenderWidgetHostImpl::WasShown
04-06 19:06:08.720 I/chromium(14488): [INFO:layer_tree_host_impl.cc(198)] SBRTOUCHLOG DidVisibilityChange = 1
04-06 19:06:08.915 I/chromium(14523): [INFO:dispatcher.cc(1571)] CreateBindingsSystem
04-06 19:06:08.948 I/chromium(14523): [INFO:layer_tree_host_impl.cc(198)] SBRTOUCHLOG DidVisibilityChange = 0
04-06 19:06:08.949 I/chromium(14523): [INFO:layer_tree_host_impl.cc(4001)] SBRTOUCHLOG SetDeferCommitFlagForDebug = 1
04-06 19:06:09.003 I/chromium(30649): [INFO:back_forward_cache_impl.cc(675)] BFCACHELOG  CanStorePageNow  result = No: not a main frame, related active contents exist: no BI swap result, HTTP status is not OK, scheme is not HTTP or HTTPS, frame is not fully loaded, main RenderFrameHost doesn't have response headers set, probably due not having successfully committed a navigation.
04-06 19:06:09.005 I/chromium(14523): [INFO:layer_tree_host_impl.cc(198)] SBRTOUCHLOG DidVisibilityChange = 0
04-06 19:06:09.006 I/chromium(14523): [INFO:layer_tree_host_impl.cc(4001)] SBRTOUCHLOG SetDeferCommitFlagForDebug = 1
04-06 19:06:09.033 I/chromium(30649): [INFO:back_forward_cache_impl.cc(675)] BFCACHELOG  CanStorePageNow  result = No: not a main frame, related active contents exist: no BI swap result, HTTP status is not OK, scheme is not HTTP or HTTPS, main RenderFrameHost doesn't have response headers set, probably due not having successfully committed a navigation.
04-06 19:06:09.061 I/chromium(14523): [INFO:memory_cache.cc(126)] MemoryCache MemberMemoryCache is disabled
04-06 19:06:09.203 I/chromium(14488): [INFO:layer_tree_host_impl.cc(198)] SBRTOUCHLOG DidVisibilityChange = 0
04-06 19:06:09.203 I/chromium(14488): [INFO:web_view_impl.cc(1439)] Blink ResizeWithBrowserControls old_size = 0 * 0, new_size = 720 * 1040
04-06 19:06:09.204 I/chromium(14488): [INFO:layer_tree_host_impl.cc(4001)] SBRTOUCHLOG SetDeferCommitFlagForDebug = 0
04-06 19:06:09.221 I/chromium(14488): [INFO:layer_tree_host_impl.cc(198)] SBRTOUCHLOG DidVisibilityChange = 0
04-06 19:06:09.221 I/chromium(14488): [INFO:layer_tree_host_impl.cc(4001)] SBRTOUCHLOG SetDeferCommitFlagForDebug = 0
04-06 19:06:09.294 I/chromium(14523): [INFO:layer_tree_host_impl.cc(4001)] SBRTOUCHLOG SetDeferCommitFlagForDebug = 0
04-06 19:06:09.294 I/chromium(14523): [INFO:web_view_impl.cc(1439)] Blink ResizeWithBrowserControls old_size = 0 * 0, new_size = 720 * 1040
04-06 19:06:09.295 I/chromium(14523): [INFO:layer_tree_host_impl.cc(4001)] SBRTOUCHLOG SetDeferCommitFlagForDebug = 0
04-06 19:06:09.416 I/chromium(14488): [INFO:layer_tree_host_impl.cc(198)] SBRTOUCHLOG DidVisibilityChange = 0
04-06 19:06:09.417 I/chromium(14488): [INFO:layer_tree_host_impl.cc(4001)] SBRTOUCHLOG SetDeferCommitFlagForDebug = 1
04-06 19:06:09.417 I/chromium(14488): [INFO:web_view_impl.cc(1439)] Blink ResizeWithBrowserControls old_size = 720 * 1040, new_size = 0 * 0
04-06 19:06:09.693 I/chromium(30649): [INFO:back_forward_cache_impl.cc(675)] BFCACHELOG  CanStorePageNow  result = No: not a main frame, related active contents exist: no BI swap result, HTTP status is not OK, scheme is not HTTP or HTTPS, main RenderFrameHost doesn't have response headers set, probably due not having successfully committed a navigation.
04-06 19:06:09.694 I/chromium(30649): [INFO:render_widget_host_impl.cc(843)] SBRTOUCHLOG  RenderWidgetHostImpl::WasShown
04-06 19:06:09.702 I/chromium(14488): [INFO:layer_tree_host_impl.cc(198)] SBRTOUCHLOG DidVisibilityChange = 1
04-06 19:06:09.884 I/chromium(30649): [INFO:permission_service_impl.cc(151)] Permissions query about NOTIFICATIONS
04-06 19:06:10.222 I/chromium(14445): [INFO:progress_tracker.cc(112)] LoaderLog  FinishedParsing
04-06 19:06:10.649 I/chromium(14488): [INFO:layer_tree_host_impl.cc(198)] SBRTOUCHLOG DidVisibilityChange = 0
04-06 19:06:10.651 I/chromium(14488): [INFO:web_view_impl.cc(1439)] Blink ResizeWithBrowserControls old_size = 0 * 0, new_size = 720 * 1040
04-06 19:06:10.654 I/chromium(14488): [INFO:layer_tree_host_impl.cc(4001)] SBRTOUCHLOG SetDeferCommitFlagForDebug = 0
04-06 19:06:10.867 E/chromium(14523): [ERROR:content_block_element_hider.cc(93)] main frame is not a local frame
04-06 19:06:10.872 E/chromium(14523): [ERROR:content_block_element_hider.cc(93)] main frame is not a local frame
04-06 19:06:10.875 E/chromium(14523): [ERROR:content_block_element_hider.cc(93)] main frame is not a local frame
04-06 19:06:10.879 E/chromium(14523): [ERROR:content_block_element_hider.cc(93)] main frame is not a local frame
04-06 19:06:11.100 W/chromium(30649): [WARNING:render_widget_host_view_android.cc(1070)] SBRTOUCHLOG  OnTouchEvent, Action::DOWN
04-06 19:06:11.101 I/chromium(30649): [INFO:render_widget_host_input_event_router.cc(861)] SBRTOUCHLOG Set Touch sequence target view: 0xc10cbe00
04-06 19:06:11.101 W/chromium(30649): [WARNING:input_router_impl.cc(529)] SBRTOUCHLOG FilterAndSendWebInputEvent, kTouchStart
04-06 19:06:11.106 I/chromium(14445): [INFO:web_frame_widget_impl.cc(2748)] SBRTOUCHLOG Blink HandleInputEvent event received = PointerDown
04-06 19:06:11.113 I/chromium(30649): [INFO:input_router_impl.cc(641)] SBRTOUCHLOG InputRouterImpl::TouchEventHandled type: TouchStart & ack: NOT_CONSUMED
04-06 19:06:11.114 I/chromium(14445): [INFO:web_frame_widget_impl.cc(2748)] SBRTOUCHLOG Blink HandleInputEvent event received = PointerMove
04-06 19:06:11.114 I/chromium(14445): [INFO:web_frame_widget_impl.cc(2748)] SBRTOUCHLOG Blink HandleInputEvent event received = GestureTapDown
04-06 19:06:11.114 I/chromium(30649): [INFO:input_router_impl.cc(641)] SBRTOUCHLOG InputRouterImpl::TouchEventHandled type: TouchMove & ack: CONSUMED
04-06 19:06:11.133 I/chromium(14445): [INFO:web_frame_widget_impl.cc(2748)] SBRTOUCHLOG Blink HandleInputEvent event received = PointerMove
04-06 19:06:11.135 I/chromium(30649): [INFO:input_router_impl.cc(641)] SBRTOUCHLOG InputRouterImpl::TouchEventHandled type: TouchMove & ack: NOT_CONSUMED
04-06 19:06:11.136 I/chromium(30649): [INFO:input_router_impl.cc(641)] SBRTOUCHLOG InputRouterImpl::TouchEventHandled type: TouchMove & ack: NOT_CONSUMED
04-06 19:06:11.136 I/chromium(14445): [INFO:layer_tree_host_impl.cc(332)] SBRTOUCHLOG LayerTreeHostImpl::ScrollBegin defer_commit =  0
04-06 19:06:11.139 I/chromium(14445): [INFO:web_frame_widget_impl.cc(2748)] SBRTOUCHLOG Blink HandleInputEvent event received = GestureTapCancel
04-06 19:06:11.140 I/chromium(14445): [INFO:web_frame_widget_impl.cc(2748)] SBRTOUCHLOG Blink HandleInputEvent event received = PointerCausedUaAction
04-06 19:06:11.150 I/chromium(14445): [INFO:layer_tree_host_impl.cc(303)] SBRTOUCHLOG LayerTreeHostImpl::ScrollBy delta_y = 34.7344
04-06 19:06:11.151 I/chromium(14445): [INFO:web_frame_widget_impl.cc(2748)] SBRTOUCHLOG Blink HandleInputEvent event received = PointerMove
04-06 19:06:11.163 I/chromium(30649): [INFO:input_router_impl.cc(641)] SBRTOUCHLOG InputRouterImpl::TouchEventHandled type: TouchMove & ack: NOT_CONSUMED
04-06 19:06:11.168 I/chromium(14445): [INFO:web_frame_widget_impl.cc(2748)] SBRTOUCHLOG Blink HandleInputEvent event received = PointerMove
04-06 19:06:11.172 I/chromium(30649): [INFO:input_router_impl.cc(641)] SBRTOUCHLOG InputRouterImpl::TouchEventHandled type: TouchMove & ack: NOT_CONSUMED
04-06 19:06:11.186 I/chromium(14445): [INFO:web_frame_widget_impl.cc(2748)] SBRTOUCHLOG Blink HandleInputEvent event received = PointerMove
04-06 19:06:11.189 W/chromium(30649): [WARNING:window_android.cc(109)] TAB-STATUS observer added
