--------- beginning of main
04-15 16:17:13.807 E/chromium(23558): [ERROR:third_party/webrtc/p2p/base/stun_port.cc:123] Binding request timed out from 0.0.0.x:37954 (any)
04-15 16:18:02.458 W/chromium(24101): [WARNING:content/app/android/content_main_android.cc:82] android_setCpu already initialized
04-15 16:18:02.514 W/chromium(11852): [WARNING:net/cert/ev_root_ca_metadata.cc:118] Not implemented
04-15 16:18:02.802 W/chromium(24127): [WARNING:content/app/android/content_main_android.cc:82] android_setCpu already initialized
04-15 16:18:02.909 W/chromium(11852): [WARNING:net/cert/ev_root_ca_metadata.cc:118] Not implemented
04-15 16:18:03.547 W/chromium(11852): [WARNING:net/cert/ev_root_ca_metadata.cc:118] Not implemented
04-15 16:18:04.004 W/chromium(11852): [WARNING:net/cert/ev_root_ca_metadata.cc:118] Not implemented
04-15 16:18:04.311 W/chromium(11852): [WARNING:net/cert/ev_root_ca_metadata.cc:118] Not implemented
04-15 16:18:04.375 W/chromium(24159): [WARNING:content/app/android/content_main_android.cc:82] android_setCpu already initialized
04-15 16:18:04.503 W/chromium(24180): [WARNING:content/app/android/content_main_android.cc:82] android_setCpu already initialized
04-15 16:18:04.609 W/chromium(11852): [WARNING:net/cert/ev_root_ca_metadata.cc:118] Not implemented
04-15 16:18:04.702 W/chromium(11852): [WARNING:net/cert/ev_root_ca_metadata.cc:118] Not implemented
04-15 16:18:06.075 W/chromium(11852): [WARNING:net/cert/ev_root_ca_metadata.cc:118] Not implemented
04-15 16:18:06.728 W/chromium(11852): [WARNING:net/cert/ev_root_ca_metadata.cc:118] Not implemented
04-15 16:18:13.108 W/chromium(24272): [WARNING:content/app/android/content_main_android.cc:82] android_setCpu already initialized
04-15 16:18:13.798 W/chromium(11852): [WARNING:net/cert/ev_root_ca_metadata.cc:118] Not implemented
04-15 16:18:13.813 W/chromium(11852): [WARNING:net/cert/ev_root_ca_metadata.cc:118] Not implemented
04-15 16:20:50.339 W/chromium(11852): [WARNING:net/cert/ev_root_ca_metadata.cc:118] Not implemented
04-15 16:20:50.762 W/chromium(24652): [WARNING:content/app/android/content_main_android.cc:82] android_setCpu already initialized
04-15 16:20:53.358 E/chromium(13725): [ERROR:gpu/command_buffer/service/shared_image/shared_image_manager.cc:252] SharedImageManager::ProduceSkia: Trying to Produce a Skia representation from a non-existent mailbox.
04-15 16:20:53.358 E/chromium(13725): [ERROR:gpu/command_buffer/service/raster_decoder.cc:2331] [.BrowserCompositor-0x6a04e1db00]GL ERROR :GL_INVALID_VALUE : glReadbackImagePixels: Unknown mailbox
04-15 16:20:58.649 W/chromium(24822): [WARNING:content/app/android/content_main_android.cc:82] android_setCpu already initialized
04-15 16:21:01.247 W/chromium(24854): [WARNING:content/app/android/content_main_android.cc:82] android_setCpu already initialized
04-15 16:21:03.023 W/chromium(11852): [WARNING:net/cert/ev_root_ca_metadata.cc:118] Not implemented
04-15 16:21:03.149 W/chromium(11852): [WARNING:net/cert/ev_root_ca_metadata.cc:118] Not implemented
04-15 16:21:06.206 W/chromium(24923): [WARNING:content/app/android/content_main_android.cc:82] android_setCpu already initialized
04-15 16:21:06.435 W/chromium(24946): [WARNING:content/app/android/content_main_android.cc:82] android_setCpu already initialized
04-15 16:21:06.572 W/chromium(24969): [WARNING:content/app/android/content_main_android.cc:82] android_setCpu already initialized
04-15 16:21:07.005 I/chromium(24854): [INFO:third_party/blink/renderer/modules/peerconnection/peer_connection_dependency_factory.cc:941] Running WebRTC with a combined Network and Worker thread.
04-15 16:21:07.028 W/chromium(11852): [WARNING:chrome/browser/media/prefs/capture_device_ranking.h:255] Can't initialize the value of media.audio_input.user_preference_ranking because media.default_audio_capture_device isn't registered or is empty
04-15 16:21:07.028 W/chromium(11852): [WARNING:chrome/browser/media/prefs/capture_device_ranking.h:255] Can't initialize the value of media.video_input.user_preference_ranking because media.default_video_capture_Device isn't registered or is empty
04-15 16:21:07.063 W/chromium(11852): [WARNING:net/dns/host_resolver_dns_task.cc:934] Address list empty after RFC3484 sort
04-15 16:21:09.973 W/chromium(11852): [WARNING:net/dns/dns_config_service_android.cc:69] Failed to read DnsConfig.
04-15 16:21:10.103 E/chromium(13725): [ERROR:gpu/command_buffer/service/shared_image/shared_image_manager.cc:252] SharedImageManager::ProduceSkia: Trying to Produce a Skia representation from a non-existent mailbox.
04-15 16:21:10.103 E/chromium(13725): [ERROR:gpu/command_buffer/service/raster_decoder.cc:2331] [.BrowserCompositor-0x6a05aa0000]GL ERROR :GL_INVALID_VALUE : glReadbackImagePixels: Unknown mailbox
04-15 16:22:10.348 E/chromium(24854): [ERROR:third_party/webrtc/p2p/base/stun_port.cc:123] Binding request timed out from [0:0:0:x:x:x:x:x]:43600 (any)
04-15 16:22:20.614 E/chromium(24854): [ERROR:third_party/webrtc/p2p/base/stun_port.cc:123] Binding request timed out from 0.0.0.x:53096 (any)
04-15 16:24:09.797 I/WebViewFactory(21157): Loading com.google.android.webview version 146.0.7680.177 (code 768017703)
04-15 16:24:09.876 E/chromium(21157): [0415/162409.873872:ERROR:android_webview/browser/variations/variations_seed_loader.cc:39] Seed missing signature.
04-15 16:24:10.080 W/chromium(21157): [WARNING:android_webview/browser/network_service/net_helpers.cc:137] HTTP Cache size is: 49967952
04-15 16:25:25.791 W/chromium(26663): [WARNING:content/app/android/content_main_android.cc:82] android_setCpu already initialized
04-15 16:25:25.989 W/chromium(26688): [WARNING:content/app/android/content_main_android.cc:82] android_setCpu already initialized
04-15 16:25:26.137 W/chromium(26708): [WARNING:content/app/android/content_main_android.cc:82] android_setCpu already initialized
04-15 16:25:26.434 I/chromium(24854): [INFO:third_party/blink/renderer/modules/peerconnection/peer_connection_dependency_factory.cc:941] Running WebRTC with a combined Network and Worker thread.
04-15 16:25:26.468 W/chromium(11852): [WARNING:chrome/browser/media/prefs/capture_device_ranking.h:255] Can't initialize the value of media.audio_input.user_preference_ranking because media.default_audio_capture_device isn't registered or is empty
04-15 16:25:26.468 W/chromium(11852): [WARNING:chrome/browser/media/prefs/capture_device_ranking.h:255] Can't initialize the value of media.video_input.user_preference_ranking because media.default_video_capture_Device isn't registered or is empty
04-15 16:25:29.260 W/chromium(24854): [WARNING:third_party/webrtc/media/engine/webrtc_voice_engine.cc:802] Attempting to stop aecdump when no audio processing module is present
04-15 16:25:35.576 W/chromium(11852): [WARNING:net/cert/ev_root_ca_metadata.cc:118] Not implemented
04-15 16:25:35.994 W/chromium(11852): [WARNING:net/cert/ev_root_ca_metadata.cc:118] Not implemented
04-15 16:25:36.184 W/chromium(11852): [WARNING:net/cert/ev_root_ca_metadata.cc:118] Not implemented
04-15 16:26:06.444 E/chromium(24854): [ERROR:third_party/webrtc/p2p/base/stun_port.cc:123] Binding request timed out from [0:0:0:x:x:x:x:x]:51186 (any)
04-15 16:26:17.095 E/chromium(13725): [ERROR:gpu/command_buffer/service/shared_image/shared_image_manager.cc:252] SharedImageManager::ProduceSkia: Trying to Produce a Skia representation from a non-existent mailbox.
04-15 16:26:17.096 E/chromium(13725): [ERROR:gpu/command_buffer/service/raster_decoder.cc:2331] [.BrowserCompositor-0x6a05aad200]GL ERROR :GL_INVALID_VALUE : glReadbackImagePixels: Unknown mailbox
04-15 16:27:14.489 I/chromium(24854): [INFO:third_party/blink/renderer/modules/peerconnection/peer_connection_dependency_factory.cc:941] Running WebRTC with a combined Network and Worker thread.
04-15 16:27:14.503 W/chromium(27349): [WARNING:content/app/android/content_main_android.cc:82] android_setCpu already initialized
04-15 16:27:14.681 W/chromium(11852): [WARNING:net/dns/host_resolver_dns_task.cc:934] Address list empty after RFC3484 sort
04-15 16:27:14.911 W/chromium(27373): [WARNING:content/app/android/content_main_android.cc:82] android_setCpu already initialized
04-15 16:27:15.000 W/chromium(27383): [WARNING:content/app/android/content_main_android.cc:82] android_setCpu already initialized
04-15 16:27:15.250 W/chromium(24854): [WARNING:third_party/webrtc/media/engine/webrtc_voice_engine.cc:802] Attempting to stop aecdump when no audio processing module is present
04-15 16:27:15.270 W/chromium(11852): [WARNING:chrome/browser/media/prefs/capture_device_ranking.h:255] Can't initialize the value of media.audio_input.user_preference_ranking because media.default_audio_capture_device isn't registered or is empty
04-15 16:27:15.270 W/chromium(11852): [WARNING:chrome/browser/media/prefs/capture_device_ranking.h:255] Can't initialize the value of media.video_input.user_preference_ranking because media.default_video_capture_Device isn't registered or is empty
04-15 16:27:24.451 W/chromium(11852): [WARNING:net/cert/ev_root_ca_metadata.cc:118] Not implemented
04-15 16:27:24.787 W/chromium(11852): [WARNING:net/cert/ev_root_ca_metadata.cc:118] Not implemented
04-15 16:27:38.914 I/WebViewFactory(27474): Loading com.google.android.webview version 146.0.7680.177 (code 768017703)
04-15 16:27:54.734 E/chromium(24854): [ERROR:third_party/webrtc/p2p/base/stun_port.cc:123] Binding request timed out from [0:0:0:x:x:x:x:x]:54944 (any)
04-15 16:28:24.890 E/chromium(24854): [ERROR:third_party/webrtc/p2p/base/stun_port.cc:123] Binding request timed out from 0.0.0.x:45315 (any)
04-15 16:30:27.015 W/chromium(24854): [WARNING:third_party/webrtc/media/engine/webrtc_voice_engine.cc:802] Attempting to stop aecdump when no audio processing module is present
04-15 16:30:27.670 W/chromium(28784): [WARNING:content/app/android/content_main_android.cc:82] android_setCpu already initialized
04-15 16:30:27.842 W/chromium(28803): [WARNING:content/app/android/content_main_android.cc:82] android_setCpu already initialized
04-15 16:30:28.295 E/chromium(13725): [ERROR:gpu/command_buffer/service/shared_image/shared_image_manager.cc:252] SharedImageManager::ProduceSkia: Trying to Produce a Skia representation from a non-existent mailbox.
04-15 16:30:28.295 E/chromium(13725): [ERROR:gpu/command_buffer/service/raster_decoder.cc:2331] [.BrowserCompositor-0x6a004f2000]GL ERROR :GL_INVALID_VALUE : glReadbackImagePixels: Unknown mailbox
04-15 16:30:28.879 W/chromium(28848): [WARNING:content/app/android/content_main_android.cc:82] android_setCpu already initialized
04-15 16:30:35.509 W/chromium(11852): [WARNING:components/sync/engine/syncer_proto_util.cc:430] Error posting from syncer: Response Code (bogus on error): -1 Content-Length (bogus on error): -1 Server Status: CONNECTION_UNAVAILABLE
04-15 16:30:35.510 W/chromium(11852): [WARNING:components/sync/engine/commit.cc:182] Post commit failed
04-15 16:30:35.680 I/chromium(24854): [INFO:third_party/blink/renderer/modules/peerconnection/peer_connection_dependency_factory.cc:941] Running WebRTC with a combined Network and Worker thread.
04-15 16:30:36.182 E/chromium(11852): [ERROR:services/network/p2p/socket_manager.cc:137] Failed to resolve address for stun.l.google.com., errorcode: -106
04-15 16:30:36.187 E/chromium(11852): [ERROR:services/network/p2p/socket_manager.cc:137] Failed to resolve address for stun.l.google.com., errorcode: -106
04-15 16:30:36.187 W/chromium(24854): [WARNING:third_party/webrtc/p2p/base/stun_port.cc:470] Port[a526d80:0:1:0:host:Net[any:0.0.0.x/0:Wildcard:id=0]]: StunPort: stun host lookup received error -1
04-15 16:30:36.188 W/chromium(24854): [WARNING:third_party/webrtc/p2p/base/stun_port.cc:470] Port[884e680:0:1:0:host:Net[any:0:0:0:x:x:x:x:x/0:Wildcard:id=0]]: StunPort: stun host lookup received error -1
04-15 16:30:36.226 W/chromium(11852): [WARNING:chrome/browser/media/prefs/capture_device_ranking.h:255] Can't initialize the value of media.audio_input.user_preference_ranking because media.default_audio_capture_device isn't registered or is empty
04-15 16:30:36.226 W/chromium(11852): [WARNING:chrome/browser/media/prefs/capture_device_ranking.h:255] Can't initialize the value of media.video_input.user_preference_ranking because media.default_video_capture_Device isn't registered or is empty
04-15 16:30:56.667 I/WebViewFactory(29031): Loading com.google.android.webview version 146.0.7680.177 (code 768017703)
04-15 16:30:56.736 E/chromium(29031): [0415/163056.735708:ERROR:android_webview/browser/variations/variations_seed_loader.cc:39] Seed missing signature.
04-15 16:30:57.171 W/chromium(29031): [WARNING:net/dns/dns_config_service_android.cc:69] Failed to read DnsConfig.
04-15 16:30:57.200 W/chromium(29031): [WARNING:android_webview/browser/network_service/net_helpers.cc:137] HTTP Cache size is: 20971520
04-15 16:30:57.415 W/chromium(29162): [WARNING:content/app/android/content_main_android.cc:82] android_setCpu already initialized
04-15 16:30:57.506 W/chromium(29162): [WARNING:content/child/runtime_features.cc:563] Fenced frames cannot be enabled in this configuration. Use --enable-features=FencedFrames instead.
04-15 16:30:57.506 W/chromium(29162): [WARNING:content/child/runtime_features.cc:588] Topics cannot be enabled in this configuration. Use --enable-features=BrowsingTopics in addition.
04-15 16:30:57.506 W/chromium(29162): [WARNING:content/child/runtime_features.cc:609] SharedStorage cannot be enabled in this configuration. Use --enable-features=SharedStorageAPI in addition.
04-15 16:34:05.249 W/chromium(29622): [WARNING:content/app/android/content_main_android.cc:82] android_setCpu already initialized
04-15 16:34:05.604 E/chromium(13725): [ERROR:gpu/command_buffer/service/shared_image/shared_image_manager.cc:252] SharedImageManager::ProduceSkia: Trying to Produce a Skia representation from a non-existent mailbox.
04-15 16:34:05.604 E/chromium(13725): [ERROR:gpu/command_buffer/service/raster_decoder.cc:2331] [.BrowserCompositor-0x6a02be1c00]GL ERROR :GL_INVALID_VALUE : glReadbackImagePixels: Unknown mailbox
04-15 16:34:09.889 W/chromium(29715): [WARNING:content/app/android/content_main_android.cc:82] android_setCpu already initialized
04-15 16:34:11.058 W/chromium(29736): [WARNING:content/app/android/content_main_android.cc:82] android_setCpu already initialized
04-15 16:34:13.344 I/chromium(24854): [INFO:third_party/blink/renderer/modules/peerconnection/peer_connection_dependency_factory.cc:941] Running WebRTC with a combined Network and Worker thread.
04-15 16:34:13.403 W/chromium(11852): [WARNING:chrome/browser/media/prefs/capture_device_ranking.h:255] Can't initialize the value of media.audio_input.user_preference_ranking because media.default_audio_capture_device isn't registered or is empty
04-15 16:34:13.404 W/chromium(11852): [WARNING:chrome/browser/media/prefs/capture_device_ranking.h:255] Can't initialize the value of media.video_input.user_preference_ranking because media.default_video_capture_Device isn't registered or is empty
04-15 16:34:13.578 E/chromium(11852): [ERROR:services/network/p2p/socket_manager.cc:137] Failed to resolve address for stun.l.google.com., errorcode: -105
04-15 16:34:13.579 E/chromium(11852): [ERROR:services/network/p2p/socket_manager.cc:137] Failed to resolve address for stun.l.google.com., errorcode: -105
04-15 16:34:13.667 W/chromium(24854): [WARNING:third_party/webrtc/p2p/base/stun_port.cc:470] Port[4da300:0:1:0:host:Net[any:0.0.0.x/0:Wildcard:id=0]]: StunPort: stun host lookup received error -1
04-15 16:34:13.668 W/chromium(24854): [WARNING:third_party/webrtc/p2p/base/stun_port.cc:470] Port[4db800:0:1:0:host:Net[any:0:0:0:x:x:x:x:x/0:Wildcard:id=0]]: StunPort: stun host lookup received error -1
04-15 16:34:16.915 W/chromium(11852): [WARNING:components/sync/engine/syncer_proto_util.cc:430] Error posting from syncer: Response Code (bogus on error): -1 Content-Length (bogus on error): -1 Server Status: CONNECTION_UNAVAILABLE
04-15 16:34:16.915 W/chromium(11852): [WARNING:components/sync/engine/commit.cc:182] Post commit failed
04-15 16:34:31.172 W/chromium(29829): [WARNING:content/app/android/content_main_android.cc:82] android_setCpu already initialized
04-15 16:34:35.396 W/chromium(24854): [WARNING:third_party/webrtc/media/engine/webrtc_voice_engine.cc:802] Attempting to stop aecdump when no audio processing module is present
04-15 16:36:34.467 W/chromium(26318): [WARNING:content/app/android/content_main_android.cc:82] android_setCpu already initialized
04-15 16:36:34.520 W/chromium(26318): [WARNING:content/child/runtime_features.cc:563] Fenced frames cannot be enabled in this configuration. Use --enable-features=FencedFrames instead.
04-15 16:36:34.520 W/chromium(26318): [WARNING:content/child/runtime_features.cc:588] Topics cannot be enabled in this configuration. Use --enable-features=BrowsingTopics in addition.
04-15 16:36:34.520 W/chromium(26318): [WARNING:content/child/runtime_features.cc:609] SharedStorage cannot be enabled in this configuration. Use --enable-features=SharedStorageAPI in addition.
04-15 16:38:07.396 I/MainActivity(31438): Initializing Python runtime...
04-15 16:38:07.941 I/MainActivity(31438): Python runtime started
04-15 16:38:07.941 I/MainActivity(31438): Localization resource loader initialized
04-15 16:38:08.013 I/MainActivity(31438): Google Sign-In initialized with client ID: 265882853697-l421ndo...
04-15 16:38:08.013 I/MainActivity(31438): Initializing Google Play Billing...
04-15 16:38:08.054 I/CIRISApiClient(31438): [init] CIRISApiClient initialized with baseUrl=http://localhost:8080
04-15 16:38:08.071 I/MainActivity(31438): Google Play Billing initialized
04-15 16:38:08.073 I/MainActivity(31438): Google Play Integrity initialized (via Python API)
04-15 16:38:08.249 I/MainActivity(31438): Running CIRIS network diagnostics...
04-15 16:38:08.250 I/MainActivity(31438): Showing CIRISApp immediately for startup animation
04-15 16:38:08.251 I/MainActivity(31438): Starting PythonRuntimeService...
04-15 16:38:08.254 I/MainActivity(31438): Starting logcat reader (generation 1)
04-15 16:38:08.259 D/CIRISApp(31438): [INIT] CIRISApp composable invoked - googleSignInCallback=PRESENT (205064335)
04-15 16:38:08.268 I/CIRISApiClient(31438): [init] CIRISApiClient initialized with baseUrl=http://localhost:8080
04-15 16:38:08.273 I/TokenManager(31438): [setShared] Shared TokenManager instance set
04-15 16:38:08.283 I/InteractViewModel(31438): [init] InteractViewModel initialized (polling deferred until token available)
04-15 16:38:08.284 I/InteractViewModel(31438): [setDeviceAttestationCallback] Device attestation callback SET
04-15 16:38:08.284 I/InteractViewModel(31438): [observeLanguageChanges] Starting language observation for pipeline localization
04-15 16:38:08.288 I/SettingsViewModel(31438): [loadDisplaySettings] >>> Loading live_background_enabled from secure storage...
04-15 16:38:08.289 I/CIRISApiClient(31438): [getCirisServicesStatus] GET http://localhost:8080/v1/system/llm/ciris-services/status
04-15 16:38:08.305 I/BillingViewModel(31438): [init] BillingViewModel initialized
04-15 16:38:08.455 I/CIRISApp(31438): Test mode enabled on mobile — starting test automation server
04-15 16:38:08.456 I/CIRISApp(31438): Initializing localization...
04-15 16:38:08.458 I/MainActivity(31438): Setting purchase result callback
04-15 16:38:08.621 I/CIRISApp(31438): Initializing currency...
04-15 16:38:08.623 D/CIRISApp(31438): [INIT] CIRISApp composable invoked - googleSignInCallback=PRESENT (205064335)
04-15 16:38:08.624 I/InteractViewModel(31438): [setDeviceAttestationCallback] Device attestation callback SET
04-15 16:38:08.708 I/InteractViewModel(31438): [observeLanguageChanges] Updating pipeline labels for language: en (explicit=false)
04-15 16:38:08.712 E/CIRISApiClient(31438): [getCirisServicesStatus] Exception: ConnectException: Failed to connect to localhost/127.0.0.1:8080 | Context: getting CIRIS services status
04-15 16:38:08.712 E/CIRISApiClient(31438): java.net.ConnectException: Failed to connect to localhost/127.0.0.1:8080
04-15 16:38:08.712 E/CIRISApiClient(31438): 	at okhttp3.internal.connection.RealConnection.connectSocket(RealConnection.kt:297)
04-15 16:38:08.712 E/CIRISApiClient(31438): 	at okhttp3.internal.connection.RealConnection.connect(RealConnection.kt:207)
04-15 16:38:08.712 E/CIRISApiClient(31438): 	at okhttp3.internal.connection.ExchangeFinder.findConnection(ExchangeFinder.kt:226)
04-15 16:38:08.712 E/CIRISApiClient(31438): 	at okhttp3.internal.connection.ExchangeFinder.findHealthyConnection(ExchangeFinder.kt:106)
04-15 16:38:08.712 E/CIRISApiClient(31438): 	at okhttp3.internal.connection.ExchangeFinder.find(ExchangeFinder.kt:74)
04-15 16:38:08.712 E/CIRISApiClient(31438): 	at okhttp3.internal.connection.RealCall.initExchange$okhttp(RealCall.kt:255)
04-15 16:38:08.712 E/CIRISApiClient(31438): 	at okhttp3.internal.connection.ConnectInterceptor.intercept(ConnectInterceptor.kt:32)
04-15 16:38:08.712 E/CIRISApiClient(31438): 	at okhttp3.internal.http.RealInterceptorChain.proceed(RealInterceptorChain.kt:109)
04-15 16:38:08.712 E/CIRISApiClient(31438): 	at okhttp3.internal.cache.CacheInterceptor.intercept(CacheInterceptor.kt:95)
04-15 16:38:08.712 E/CIRISApiClient(31438): 	at okhttp3.internal.http.RealInterceptorChain.proceed(RealInterceptorChain.kt:109)
04-15 16:38:08.712 E/CIRISApiClient(31438): 	at okhttp3.internal.http.BridgeInterceptor.intercept(BridgeInterceptor.kt:83)
04-15 16:38:08.712 E/CIRISApiClient(31438): 	at okhttp3.internal.http.RealInterceptorChain.proceed(RealInterceptorChain.kt:109)
04-15 16:38:08.712 E/CIRISApiClient(31438): 	at okhttp3.internal.http.RetryAndFollowUpInterceptor.intercept(RetryAndFollowUpInterceptor.kt:76)
04-15 16:38:08.712 E/CIRISApiClient(31438): 	at okhttp3.internal.http.RealInterceptorChain.proceed(RealInterceptorChain.kt:109)
04-15 16:38:08.712 E/CIRISApiClient(31438): 	at okhttp3.internal.connection.RealCall.getResponseWithInterceptorChain$okhttp(RealCall.kt:201)
04-15 16:38:08.712 E/CIRISApiClient(31438): 	at okhttp3.internal.connection.RealCall$AsyncCall.run(RealCall.kt:517)
04-15 16:38:08.712 E/CIRISApiClient(31438): 	at java.util.concurrent.ThreadPoolExecutor.runWorker(ThreadPoolExecutor.java:1154)
04-15 16:38:08.712 E/CIRISApiClient(31438): 	at java.util.concurrent.ThreadPoolExecutor$Worker.run(ThreadPoolExecutor.java:652)
04-15 16:38:08.712 E/CIRISApiClient(31438): 	at java.lang.Thread.run(Thread.java:1564)
04-15 16:38:08.712 E/CIRISApiClient(31438): Caused by: java.net.ConnectException: failed to connect to localhost/127.0.0.1 (port 8080) from /127.0.0.1 (port 57362) after 5000ms: isConnected failed: ECONNREFUSED (Connection refused)
04-15 16:38:08.712 E/CIRISApiClient(31438): 	at libcore.io.IoBridge.isConnected(IoBridge.java:347)
04-15 16:38:08.712 E/CIRISApiClient(31438): 	at libcore.io.IoBridge.connectErrno(IoBridge.java:237)
04-15 16:38:08.712 E/CIRISApiClient(31438): 	at libcore.io.IoBridge.connect(IoBridge.java:179)
04-15 16:38:08.712 E/CIRISApiClient(31438): 	at java.net.PlainSocketImpl.socketConnect(PlainSocketImpl.java:142)
04-15 16:38:08.712 E/CIRISApiClient(31438): 	at java.net.AbstractPlainSocketImpl.doConnect(AbstractPlainSocketImpl.java:390)
04-15 16:38:08.712 E/CIRISApiClient(31438): 	at java.net.AbstractPlainSocketImpl.connectToAddress(AbstractPlainSocketImpl.java:230)
04-15 16:38:08.712 E/CIRISApiClient(31438): 	at java.net.AbstractPlainSocketImpl.connect(AbstractPlainSocketImpl.java:212)
04-15 16:38:08.712 E/CIRISApiClient(31438): 	at java.net.SocksSocketImpl.connect(SocksSocketImpl.java:436)
04-15 16:38:08.712 E/CIRISApiClient(31438): 	at java.net.Socket.connect(Socket.java:646)
04-15 16:38:08.712 E/CIRISApiClient(31438): 	at okhttp3.internal.platform.Platform.connectSocket(Platform.kt:128)
04-15 16:38:08.712 E/CIRISApiClient(31438): 	at okhttp3.internal.connection.RealConnection.connectSocket(RealConnection.kt:295)
04-15 16:38:08.712 E/CIRISApiClient(31438): 	... 18 more
04-15 16:38:08.712 E/CIRISApiClient(31438): Caused by: android.system.ErrnoException: isConnected failed: ECONNREFUSED (Connection refused)
04-15 16:38:08.712 E/CIRISApiClient(31438): 	at libcore.io.IoBridge.isConnected(IoBridge.java:334)
04-15 16:38:08.712 E/CIRISApiClient(31438): 	... 28 more
04-15 16:38:08.713 I/CIRISApiClient(31438): [getLlmBusStatus] GET http://localhost:8080/v1/system/llm/status
04-15 16:38:08.716 I/SettingsViewModel(31438): [loadDisplaySettings] >>> Raw value='null', parsed=true
04-15 16:38:08.716 I/SettingsViewModel(31438): [loadDisplaySettings] >>> Live background state set to: true
04-15 16:38:08.739 D/CIRISApp(31438): [INIT] CIRISApp composable invoked - googleSignInCallback=PRESENT (205064335)
04-15 16:38:08.740 I/InteractViewModel(31438): [setDeviceAttestationCallback] Device attestation callback SET
04-15 16:38:08.756 I/python.stdout(31438): ============================================================
04-15 16:38:08.756 I/python.stdout(31438): PYDANTIC_CORE NATIVE LIBRARY SETUP
04-15 16:38:08.756 I/python.stdout(31438): ============================================================
04-15 16:38:08.756 I/python.stdout(31438): [1/6] Architecture: arm64-v8a (machine=aarch64)
04-15 16:38:08.756 I/python.stdout(31438): [2/6] Extract target: /data/data/ai.ciris.mobile.debug/files/chaquopy/extract-packages
04-15 16:38:08.759 I/python.stdout(31438): [3/6] Found existing .so: _pydantic_core.cpython-310-aarch64-linux-android.so
04-15 16:38:08.759 I/python.stdout(31438): [4/6] No cached modules to clear
04-15 16:38:08.759 I/python.stdout(31438): [5/6] sys.path[0] = /data/data/ai.ciris.mobile.debug/files/chaquopy/extract-packages
04-15 16:38:08.759 I/python.stdout(31438): [5/6] Installed PydanticCoreFinder at meta_path[0]
04-15 16:38:08.759 I/python.stdout(31438): [6/6] Testing native library load...
04-15 16:38:08.763 D/MainActivity(31438): Prep step 1/6: [1/6] Architecture: arm64-v8a (machine=aarch64)
04-15 16:38:08.764 D/MainActivity(31438): Prep step 2/6: [2/6] Extract target: /data/data/ai.ciris.mobile.debug/files/chaquopy/extract-packages
04-15 16:38:08.765 D/MainActivity(31438): Prep step 3/6: [3/6] Found existing .so: _pydantic_core.cpython-310-aarch64-linux-android.so
04-15 16:38:08.765 D/MainActivity(31438): Prep step 4/6: [4/6] No cached modules to clear
04-15 16:38:08.766 D/MainActivity(31438): Prep step 5/6: [5/6] sys.path[0] = /data/data/ai.ciris.mobile.debug/files/chaquopy/extract-packages
04-15 16:38:08.767 D/MainActivity(31438): Prep step 5/6: [5/6] Installed PydanticCoreFinder at meta_path[0]
04-15 16:38:08.767 I/python.stdout(31438): [6/6] ctypes.CDLL: SUCCESS
04-15 16:38:08.767 W/python.stderr(31438): <frozen importlib._bootstrap>:914: ImportWarning: PydanticCoreFinder.find_spec() not found; falling back to find_module()
04-15 16:38:08.767 W/python.stderr(31438): <frozen importlib._bootstrap>:671: ImportWarning: PydanticCoreFinder.exec_module() not found; falling back to load_module()
04-15 16:38:08.769 D/MainActivity(31438): Prep step 6/6: [6/6] Testing native library load...
04-15 16:38:08.770 D/MainActivity(31438): Prep step 6/6: [6/6] ctypes.CDLL: SUCCESS
04-15 16:38:08.782 I/SettingsViewModel(31438): [loadDisplaySettings] >>> Color theme loaded: VAPOR
04-15 16:38:08.818 I/python.stdout(31438): [6/6] import pydantic_core: SUCCESS (v2.23.4)
04-15 16:38:08.818 I/python.stdout(31438): [6/6] Location: /data/data/ai.ciris.mobile.debug/files/chaquopy/extract-packages/pydantic_core/__init__.py
04-15 16:38:08.818 I/python.stdout(31438): ============================================================
04-15 16:38:08.818 I/python.stdout(31438): PYDANTIC_CORE READY
04-15 16:38:08.818 I/python.stdout(31438): ============================================================
04-15 16:38:08.819 I/python.stdout(31438): INFO: mobile_main: CIRIS Mobile - Full On-Device Runtime (LLM Remote)
04-15 16:38:08.819 D/MainActivity(31438): Prep step 6/6: [6/6] import pydantic_core: SUCCESS (v2.23.4)
04-15 16:38:08.820 D/MainActivity(31438): Prep step 6/6: [6/6] Location: /data/data/ai.ciris.mobile.debug/files/chaquopy/extract-packages/pydantic_core/__init__.py
04-15 16:38:08.822 D/CIRISApp(31438): [INIT] CIRISApp composable invoked - googleSignInCallback=PRESENT (205064335)
04-15 16:38:08.824 I/InteractViewModel(31438): [setDeviceAttestationCallback] Device attestation callback SET
04-15 16:38:08.875 E/CIRISApiClient(31438): [getLlmBusStatus] Exception: ConnectException: Failed to connect to localhost/127.0.0.1:8080 | Context: url=http://localhost:8080/v1/system/llm/status
04-15 16:38:08.875 E/CIRISApiClient(31438): java.net.ConnectException: Failed to connect to localhost/127.0.0.1:8080
04-15 16:38:08.875 E/CIRISApiClient(31438): 	at okhttp3.internal.connection.RealConnection.connectSocket(RealConnection.kt:297)
04-15 16:38:08.875 E/CIRISApiClient(31438): 	at okhttp3.internal.connection.RealConnection.connect(RealConnection.kt:207)
04-15 16:38:08.875 E/CIRISApiClient(31438): 	at okhttp3.internal.connection.ExchangeFinder.findConnection(ExchangeFinder.kt:226)
04-15 16:38:08.875 E/CIRISApiClient(31438): 	at okhttp3.internal.connection.ExchangeFinder.findHealthyConnection(ExchangeFinder.kt:106)
04-15 16:38:08.875 E/CIRISApiClient(31438): 	at okhttp3.internal.connection.ExchangeFinder.find(ExchangeFinder.kt:74)
04-15 16:38:08.875 E/CIRISApiClient(31438): 	at okhttp3.internal.connection.RealCall.initExchange$okhttp(RealCall.kt:255)
04-15 16:38:08.875 E/CIRISApiClient(31438): 	at okhttp3.internal.connection.ConnectInterceptor.intercept(ConnectInterceptor.kt:32)
04-15 16:38:08.875 E/CIRISApiClient(31438): 	at okhttp3.internal.http.RealInterceptorChain.proceed(RealInterceptorChain.kt:109)
04-15 16:38:08.875 E/CIRISApiClient(31438): 	at okhttp3.internal.cache.CacheInterceptor.intercept(CacheInterceptor.kt:95)
04-15 16:38:08.875 E/CIRISApiClient(31438): 	at okhttp3.internal.http.RealInterceptorChain.proceed(RealInterceptorChain.kt:109)
04-15 16:38:08.875 E/CIRISApiClient(31438): 	at okhttp3.internal.http.BridgeInterceptor.intercept(BridgeInterceptor.kt:83)
04-15 16:38:08.875 E/CIRISApiClient(31438): 	at okhttp3.internal.http.RealInterceptorChain.proceed(RealInterceptorChain.kt:109)
04-15 16:38:08.875 E/CIRISApiClient(31438): 	at okhttp3.internal.http.RetryAndFollowUpInterceptor.intercept(RetryAndFollowUpInterceptor.kt:76)
04-15 16:38:08.875 E/CIRISApiClient(31438): 	at okhttp3.internal.http.RealInterceptorChain.proceed(RealInterceptorChain.kt:109)
04-15 16:38:08.875 E/CIRISApiClient(31438): 	at okhttp3.internal.connection.RealCall.getResponseWithInterceptorChain$okhttp(RealCall.kt:201)
04-15 16:38:08.875 E/CIRISApiClient(31438): 	at okhttp3.internal.connection.RealCall$AsyncCall.run(RealCall.kt:517)
04-15 16:38:08.875 E/CIRISApiClient(31438): 	at java.util.concurrent.ThreadPoolExecutor.runWorker(ThreadPoolExecutor.java:1154)
04-15 16:38:08.875 E/CIRISApiClient(31438): 	at java.util.concurrent.ThreadPoolExecutor$Worker.run(ThreadPoolExecutor.java:652)
04-15 16:38:08.875 E/CIRISApiClient(31438): 	at java.lang.Thread.run(Thread.java:1564)
04-15 16:38:08.875 E/CIRISApiClient(31438): Caused by: java.net.ConnectException: failed to connect to localhost/127.0.0.1 (port 8080) from /127.0.0.1 (port 57384) after 5000ms: isConnected failed: ECONNREFUSED (Connection refused)
04-15 16:38:08.875 E/CIRISApiClient(31438): 	at libcore.io.IoBridge.isConnected(IoBridge.java:347)
04-15 16:38:08.875 E/CIRISApiClient(31438): 	at libcore.io.IoBridge.connectErrno(IoBridge.java:237)
04-15 16:38:08.875 E/CIRISApiClient(31438): 	at libcore.io.IoBridge.connect(IoBridge.java:179)
04-15 16:38:08.875 E/CIRISApiClient(31438): 	at java.net.PlainSocketImpl.socketConnect(PlainSocketImpl.java:142)
04-15 16:38:08.875 E/CIRISApiClient(31438): 	at java.net.AbstractPlainSocketImpl.doConnect(AbstractPlainSocketImpl.java:390)
04-15 16:38:08.875 E/CIRISApiClient(31438): 	at java.net.AbstractPlainSocketImpl.connectToAddress(AbstractPlainSocketImpl.java:230)
04-15 16:38:08.875 E/CIRISApiClient(31438): 	at java.net.AbstractPlainSocketImpl.connect(AbstractPlainSocketImpl.java:212)
04-15 16:38:08.875 E/CIRISApiClient(31438): 	at java.net.SocksSocketImpl.connect(SocksSocketImpl.java:436)
04-15 16:38:08.875 E/CIRISApiClient(31438): 	at java.net.Socket.connect(Socket.java:646)
04-15 16:38:08.875 E/CIRISApiClient(31438): 	at okhttp3.internal.platform.Platform.connectSocket(Platform.kt:128)
04-15 16:38:08.875 E/CIRISApiClient(31438): 	at okhttp3.internal.connection.RealConnection.connectSocket(RealConnection.kt:295)
04-15 16:38:08.875 E/CIRISApiClient(31438): 	... 18 more
04-15 16:38:08.875 E/CIRISApiClient(31438): Caused by: android.system.ErrnoException: isConnected failed: ECONNREFUSED (Connection refused)
04-15 16:38:08.875 E/CIRISApiClient(31438): 	at libcore.io.IoBridge.isConnected(IoBridge.java:334)
04-15 16:38:08.875 E/CIRISApiClient(31438): 	... 28 more
04-15 16:38:08.876 I/CIRISApiClient(31438): [getLlmProviders] GET http://localhost:8080/v1/system/llm/providers
04-15 16:38:08.881 I/SettingsViewModel(31438): [loadDisplaySettings] >>> Brightness preference loaded: SYSTEM
04-15 16:38:08.898 I/MainActivity(31438): Network diagnostics completed
04-15 16:38:08.913 E/CIRISApiClient(31438): [getSystemStatus] Exception: ConnectException: Failed to connect to localhost/127.0.0.1:8080 | Context: url=http://localhost:8080
04-15 16:38:08.913 E/CIRISApiClient(31438): java.net.ConnectException: Failed to connect to localhost/127.0.0.1:8080
04-15 16:38:08.913 E/CIRISApiClient(31438): 	at okhttp3.internal.connection.RealConnection.connectSocket(RealConnection.kt:297)
04-15 16:38:08.913 E/CIRISApiClient(31438): 	at okhttp3.internal.connection.RealConnection.connect(RealConnection.kt:207)
04-15 16:38:08.913 E/CIRISApiClient(31438): 	at okhttp3.internal.connection.ExchangeFinder.findConnection(ExchangeFinder.kt:226)
04-15 16:38:08.913 E/CIRISApiClient(31438): 	at okhttp3.internal.connection.ExchangeFinder.findHealthyConnection(ExchangeFinder.kt:106)
04-15 16:38:08.913 E/CIRISApiClient(31438): 	at okhttp3.internal.connection.ExchangeFinder.find(ExchangeFinder.kt:74)
04-15 16:38:08.913 E/CIRISApiClient(31438): 	at okhttp3.internal.connection.RealCall.initExchange$okhttp(RealCall.kt:255)
04-15 16:38:08.913 E/CIRISApiClient(31438): 	at okhttp3.internal.connection.ConnectInterceptor.intercept(ConnectInterceptor.kt:32)
04-15 16:38:08.913 E/CIRISApiClient(31438): 	at okhttp3.internal.http.RealInterceptorChain.proceed(RealInterceptorChain.kt:109)
04-15 16:38:08.913 E/CIRISApiClient(31438): 	at okhttp3.internal.cache.CacheInterceptor.intercept(CacheInterceptor.kt:95)
04-15 16:38:08.913 E/CIRISApiClient(31438): 	at okhttp3.internal.http.RealInterceptorChain.proceed(RealInterceptorChain.kt:109)
04-15 16:38:08.913 E/CIRISApiClient(31438): 	at okhttp3.internal.http.BridgeInterceptor.intercept(BridgeInterceptor.kt:83)
04-15 16:38:08.913 E/CIRISApiClient(31438): 	at okhttp3.internal.http.RealInterceptorChain.proceed(RealInterceptorChain.kt:109)
04-15 16:38:08.913 E/CIRISApiClient(31438): 	at okhttp3.internal.http.RetryAndFollowUpInterceptor.intercept(RetryAndFollowUpInterceptor.kt:76)
04-15 16:38:08.913 E/CIRISApiClient(31438): 	at okhttp3.internal.http.RealInterceptorChain.proceed(RealInterceptorChain.kt:109)
04-15 16:38:08.913 E/CIRISApiClient(31438): 	at okhttp3.internal.connection.RealCall.getResponseWithInterceptorChain$okhttp(RealCall.kt:201)
04-15 16:38:08.913 E/CIRISApiClient(31438): 	at okhttp3.internal.connection.RealCall$AsyncCall.run(RealCall.kt:517)
04-15 16:38:08.913 E/CIRISApiClient(31438): 	at java.util.concurrent.ThreadPoolExecutor.runWorker(ThreadPoolExecutor.java:1154)
04-15 16:38:08.913 E/CIRISApiClient(31438): 	at java.util.concurrent.ThreadPoolExecutor$Worker.run(ThreadPoolExecutor.java:652)
04-15 16:38:08.913 E/CIRISApiClient(31438): 	at java.lang.Thread.run(Thread.java:1564)
04-15 16:38:08.913 E/CIRISApiClient(31438): Caused by: java.net.ConnectException: failed to connect to localhost/127.0.0.1 (port 8080) from /127.0.0.1 (port 57390) after 5000ms: isConnected failed: ECONNREFUSED (Connection refused)
04-15 16:38:08.913 E/CIRISApiClient(31438): 	at libcore.io.IoBridge.isConnected(IoBridge.java:347)
04-15 16:38:08.913 E/CIRISApiClient(31438): 	at libcore.io.IoBridge.connectErrno(IoBridge.java:237)
04-15 16:38:08.913 E/CIRISApiClient(31438): 	at libcore.io.IoBridge.connect(IoBridge.java:179)
04-15 16:38:08.913 E/CIRISApiClient(31438): 	at java.net.PlainSocketImpl.socketConnect(PlainSocketImpl.java:142)
04-15 16:38:08.913 E/CIRISApiClient(31438): 	at java.net.AbstractPlainSocketImpl.doConnect(AbstractPlainSocketImpl.java:390)
04-15 16:38:08.913 E/CIRISApiClient(31438): 	at java.net.AbstractPlainSocketImpl.connectToAddress(AbstractPlainSocketImpl.java:230)
04-15 16:38:08.913 E/CIRISApiClient(31438): 	at java.net.AbstractPlainSocketImpl.connect(AbstractPlainSocketImpl.java:212)
04-15 16:38:08.913 E/CIRISApiClient(31438): 	at java.net.SocksSocketImpl.connect(SocksSocketImpl.java:436)
04-15 16:38:08.913 E/CIRISApiClient(31438): 	at java.net.Socket.connect(Socket.java:646)
04-15 16:38:08.913 E/CIRISApiClient(31438): 	at okhttp3.internal.platform.Platform.connectSocket(Platform.kt:128)
04-15 16:38:08.913 E/CIRISApiClient(31438): 	at okhttp3.internal.connection.RealConnection.connectSocket(RealConnection.kt:295)
04-15 16:38:08.913 E/CIRISApiClient(31438): 	... 18 more
04-15 16:38:08.913 E/CIRISApiClient(31438): Caused by: android.system.ErrnoException: isConnected failed: ECONNREFUSED (Connection refused)
04-15 16:38:08.913 E/CIRISApiClient(31438): 	at libcore.io.IoBridge.isConnected(IoBridge.java:334)
04-15 16:38:08.913 E/CIRISApiClient(31438): 	... 28 more
04-15 16:38:08.938 E/CIRISApiClient(31438): [getLlmProviders] Exception: ConnectException: Failed to connect to localhost/127.0.0.1:8080 | Context: url=http://localhost:8080/v1/system/llm/providers
04-15 16:38:08.938 E/CIRISApiClient(31438): java.net.ConnectException: Failed to connect to localhost/127.0.0.1:8080
04-15 16:38:08.938 E/CIRISApiClient(31438): 	at okhttp3.internal.connection.RealConnection.connectSocket(RealConnection.kt:297)
04-15 16:38:08.938 E/CIRISApiClient(31438): 	at okhttp3.internal.connection.RealConnection.connect(RealConnection.kt:207)
04-15 16:38:08.938 E/CIRISApiClient(31438): 	at okhttp3.internal.connection.ExchangeFinder.findConnection(ExchangeFinder.kt:226)
04-15 16:38:08.938 E/CIRISApiClient(31438): 	at okhttp3.internal.connection.ExchangeFinder.findHealthyConnection(ExchangeFinder.kt:106)
04-15 16:38:08.938 E/CIRISApiClient(31438): 	at okhttp3.internal.connection.ExchangeFinder.find(ExchangeFinder.kt:74)
04-15 16:38:08.938 E/CIRISApiClient(31438): 	at okhttp3.internal.connection.RealCall.initExchange$okhttp(RealCall.kt:255)
04-15 16:38:08.938 E/CIRISApiClient(31438): 	at okhttp3.internal.connection.ConnectInterceptor.intercept(ConnectInterceptor.kt:32)
04-15 16:38:08.938 E/CIRISApiClient(31438): 	at okhttp3.internal.http.RealInterceptorChain.proceed(RealInterceptorChain.kt:109)
04-15 16:38:08.938 E/CIRISApiClient(31438): 	at okhttp3.internal.cache.CacheInterceptor.intercept(CacheInterceptor.kt:95)
04-15 16:38:08.938 E/CIRISApiClient(31438): 	at okhttp3.internal.http.RealInterceptorChain.proceed(RealInterceptorChain.kt:109)
04-15 16:38:08.938 E/CIRISApiClient(31438): 	at okhttp3.internal.http.BridgeInterceptor.intercept(BridgeInterceptor.kt:83)
04-15 16:38:08.938 E/CIRISApiClient(31438): 	at okhttp3.internal.http.RealInterceptorChain.proceed(RealInterceptorChain.kt:109)
04-15 16:38:08.938 E/CIRISApiClient(31438): 	at okhttp3.internal.http.RetryAndFollowUpInterceptor.intercept(RetryAndFollowUpInterceptor.kt:76)
04-15 16:38:08.938 E/CIRISApiClient(31438): 	at okhttp3.internal.http.RealInterceptorChain.proceed(RealInterceptorChain.kt:109)
04-15 16:38:08.938 E/CIRISApiClient(31438): 	at okhttp3.internal.connection.RealCall.getResponseWithInterceptorChain$okhttp(RealCall.kt:201)
04-15 16:38:08.938 E/CIRISApiClient(31438): 	at okhttp3.internal.connection.RealCall$AsyncCall.run(RealCall.kt:517)
04-15 16:38:08.938 E/CIRISApiClient(31438): 	at java.util.concurrent.ThreadPoolExecutor.runWorker(ThreadPoolExecutor.java:1154)
04-15 16:38:08.938 E/CIRISApiClient(31438): 	at java.util.concurrent.ThreadPoolExecutor$Worker.run(ThreadPoolExecutor.java:652)
04-15 16:38:08.938 E/CIRISApiClient(31438): 	at java.lang.Thread.run(Thread.java:1564)
04-15 16:38:08.938 E/CIRISApiClient(31438): Caused by: java.net.ConnectException: failed to connect to localhost/127.0.0.1 (port 8080) from /127.0.0.1 (port 57406) after 5000ms: isConnected failed: ECONNREFUSED (Connection refused)
04-15 16:38:08.938 E/CIRISApiClient(31438): 	at libcore.io.IoBridge.isConnected(IoBridge.java:347)
04-15 16:38:08.938 E/CIRISApiClient(31438): 	at libcore.io.IoBridge.connectErrno(IoBridge.java:237)
04-15 16:38:08.938 E/CIRISApiClient(31438): 	at libcore.io.IoBridge.connect(IoBridge.java:179)
04-15 16:38:08.938 E/CIRISApiClient(31438): 	at java.net.PlainSocketImpl.socketConnect(PlainSocketImpl.java:142)
04-15 16:38:08.938 E/CIRISApiClient(31438): 	at java.net.AbstractPlainSocketImpl.doConnect(AbstractPlainSocketImpl.java:390)
04-15 16:38:08.938 E/CIRISApiClient(31438): 	at java.net.AbstractPlainSocketImpl.connectToAddress(AbstractPlainSocketImpl.java:230)
04-15 16:38:08.938 E/CIRISApiClient(31438): 	at java.net.AbstractPlainSocketImpl.connect(AbstractPlainSocketImpl.java:212)
04-15 16:38:08.938 E/CIRISApiClient(31438): 	at java.net.SocksSocketImpl.connect(SocksSocketImpl.java:436)
04-15 16:38:08.938 E/CIRISApiClient(31438): 	at java.net.Socket.connect(Socket.java:646)
04-15 16:38:08.938 E/CIRISApiClient(31438): 	at okhttp3.internal.platform.Platform.connectSocket(Platform.kt:128)
04-15 16:38:08.938 E/CIRISApiClient(31438): 	at okhttp3.internal.connection.RealConnection.connectSocket(RealConnection.kt:295)
04-15 16:38:08.938 E/CIRISApiClient(31438): 	... 18 more
04-15 16:38:08.938 E/CIRISApiClient(31438): Caused by: android.system.ErrnoException: isConnected failed: ECONNREFUSED (Connection refused)
04-15 16:38:08.938 E/CIRISApiClient(31438): 	at libcore.io.IoBridge.isConnected(IoBridge.java:334)
04-15 16:38:08.938 E/CIRISApiClient(31438): 	... 28 more
04-15 16:38:10.505 I/python.stdout(31438): INFO: ciris_engine.logic.utils.constants: [ACCORD] Loaded accord_1.2b_POLYGLOT.txt: 63819 chars
04-15 16:38:10.505 I/python.stdout(31438): INFO: ciris_engine.logic.utils.constants: [ACCORD] ACCORD_TEXT ready: 63819 chars total
04-15 16:38:10.505 I/python.stdout(31438): INFO: ciris_engine.logic.utils.constants: [ACCORD] Loaded accord_1.2b_POLYGLOT_compressed.txt: 7338 chars
04-15 16:38:10.505 I/python.stdout(31438): INFO: ciris_engine.logic.utils.constants: [ACCORD] Active mode: compressed (set via CIRIS_ACCORD_MODE env var)
04-15 16:38:10.505 I/python.stdout(31438): INFO: ciris_engine.logic.utils.constants: [ACCORD] Using compressed polyglot (~7338 chars) for system prompts
04-15 16:38:11.091 W/python.stderr(31438): stdlib/enum.py:289: DeprecationWarning: FUNCTIONS is deprecated and will be removed in future versions
04-15 16:38:11.420 I/python.stdout(31438): INFO: ciris_engine.logic.utils.path_resolution: [path_resolution] CIRIS_HOME configured: /data/data/ai.ciris.mobile.debug/files/ciris (platform: Android, os: linux)
04-15 16:38:11.422 I/python.stdout(31438): INFO: mobile_main: Android paths: CIRIS_HOME=/data/data/ai.ciris.mobile.debug/files/ciris, data=/data/data/ai.ciris.mobile.debug/files/ciris/data, logs=/data/data/ai.ciris.mobile.debug/files/ciris/logs
04-15 16:38:11.423 I/python.stdout(31438): INFO: mobile_main: Loading configuration from /data/data/ai.ciris.mobile.debug/files/ciris/.env
04-15 16:38:11.428 I/python.stdout(31438): INFO: mobile_main: Loaded .env - OPENAI_API_KEY set: True
04-15 16:38:11.428 I/python.stdout(31438): INFO: mobile_main: Loaded .env - OPENAI_API_BASE: http://127.0.0.1:8091/v1
04-15 16:38:11.428 I/python.stdout(31438): INFO: mobile_main: Verifying code integrity (parallel with imports)...
04-15 16:38:11.436 I/python.stdout(31438): [7/8] Hashing ciris_engine...
04-15 16:38:11.442 D/MainActivity(31438): Prep step 7/8: [7/8] Hashing ciris_engine...
04-15 16:38:11.635 I/python.stdout(31438): [7/8] ciris_engine: 708 files hashed
04-15 16:38:11.635 I/python.stdout(31438): [8/8] Hashing ciris_adapters...
04-15 16:38:11.637 D/MainActivity(31438): Prep step 7/8: [7/8] ciris_engine: 708 files hashed
04-15 16:38:11.639 D/MainActivity(31438): Prep step 8/8: [8/8] Hashing ciris_adapters...
04-15 16:38:11.695 D/CIRISApp(31438): [INIT] CIRISApp composable invoked - googleSignInCallback=PRESENT (205064335)
04-15 16:38:11.697 I/InteractViewModel(31438): [setDeviceAttestationCallback] Device attestation callback SET
04-15 16:38:11.778 I/python.stdout(31438): [8/8] ciris_adapters: 262 files hashed
04-15 16:38:11.779 I/python.stdout(31438): INFO: mobile_main: Code integrity check: 970/970 files hashed, total_hash=cf54185509b52aaa...
04-15 16:38:11.784 D/MainActivity(31438): Prep step 8/8: [8/8] ciris_adapters: 262 files hashed
04-15 16:38:11.785 I/python.stdout(31438): INFO: mobile_main: Saved 970 module hashes to /data/data/ai.ciris.mobile.debug/files/ciris/startup_python_hashes.json
04-15 16:38:13.285 W/python.stderr(31438): /data/data/ai.ciris.mobile.debug/files/chaquopy/AssetFinder/requirements/pydantic/_internal/_fields.py:132: UserWarning: Field "model_count" in DiscoveredLLMServer has conflict with protected namespace "model_".
04-15 16:38:13.285 W/python.stderr(31438): 
04-15 16:38:13.285 W/python.stderr(31438): You may be able to resolve this warning by setting `model_config['protected_namespaces'] = ()`.
04-15 16:38:13.501 W/python.stderr(31438): /data/data/ai.ciris.mobile.debug/files/chaquopy/AssetFinder/requirements/pydantic/_internal/_fields.py:132: UserWarning: Field "model_used" in ResourceCost has conflict with protected namespace "model_".
04-15 16:38:13.501 W/python.stderr(31438): 
04-15 16:38:13.501 W/python.stderr(31438): You may be able to resolve this warning by setting `model_config['protected_namespaces'] = ()`.
04-15 16:38:13.929 E/CIRISApiClient(31438): [getSystemStatus] Exception: ConnectException: Failed to connect to localhost/127.0.0.1:8080 | Context: url=http://localhost:8080
04-15 16:38:13.929 E/CIRISApiClient(31438): java.net.ConnectException: Failed to connect to localhost/127.0.0.1:8080
04-15 16:38:13.929 E/CIRISApiClient(31438): 	at okhttp3.internal.connection.RealConnection.connectSocket(RealConnection.kt:297)
04-15 16:38:13.929 E/CIRISApiClient(31438): 	at okhttp3.internal.connection.RealConnection.connect(RealConnection.kt:207)
04-15 16:38:13.929 E/CIRISApiClient(31438): 	at okhttp3.internal.connection.ExchangeFinder.findConnection(ExchangeFinder.kt:226)
04-15 16:38:13.929 E/CIRISApiClient(31438): 	at okhttp3.internal.connection.ExchangeFinder.findHealthyConnection(ExchangeFinder.kt:106)
04-15 16:38:13.929 E/CIRISApiClient(31438): 	at okhttp3.internal.connection.ExchangeFinder.find(ExchangeFinder.kt:74)
04-15 16:38:13.929 E/CIRISApiClient(31438): 	at okhttp3.internal.connection.RealCall.initExchange$okhttp(RealCall.kt:255)
04-15 16:38:13.929 E/CIRISApiClient(31438): 	at okhttp3.internal.connection.ConnectInterceptor.intercept(ConnectInterceptor.kt:32)
04-15 16:38:13.929 E/CIRISApiClient(31438): 	at okhttp3.internal.http.RealInterceptorChain.proceed(RealInterceptorChain.kt:109)
04-15 16:38:13.929 E/CIRISApiClient(31438): 	at okhttp3.internal.cache.CacheInterceptor.intercept(CacheInterceptor.kt:95)
04-15 16:38:13.929 E/CIRISApiClient(31438): 	at okhttp3.internal.http.RealInterceptorChain.proceed(RealInterceptorChain.kt:109)
04-15 16:38:13.929 E/CIRISApiClient(31438): 	at okhttp3.internal.http.BridgeInterceptor.intercept(BridgeInterceptor.kt:83)
04-15 16:38:13.929 E/CIRISApiClient(31438): 	at okhttp3.internal.http.RealInterceptorChain.proceed(RealInterceptorChain.kt:109)
04-15 16:38:13.929 E/CIRISApiClient(31438): 	at okhttp3.internal.http.RetryAndFollowUpInterceptor.intercept(RetryAndFollowUpInterceptor.kt:76)
04-15 16:38:13.929 E/CIRISApiClient(31438): 	at okhttp3.internal.http.RealInterceptorChain.proceed(RealInterceptorChain.kt:109)
04-15 16:38:13.929 E/CIRISApiClient(31438): 	at okhttp3.internal.connection.RealCall.getResponseWithInterceptorChain$okhttp(RealCall.kt:201)
04-15 16:38:13.929 E/CIRISApiClient(31438): 	at okhttp3.internal.connection.RealCall$AsyncCall.run(RealCall.kt:517)
04-15 16:38:13.929 E/CIRISApiClient(31438): 	at java.util.concurrent.ThreadPoolExecutor.runWorker(ThreadPoolExecutor.java:1154)
04-15 16:38:13.929 E/CIRISApiClient(31438): 	at java.util.concurrent.ThreadPoolExecutor$Worker.run(ThreadPoolExecutor.java:652)
04-15 16:38:13.929 E/CIRISApiClient(31438): 	at java.lang.Thread.run(Thread.java:1564)
04-15 16:38:13.929 E/CIRISApiClient(31438): Caused by: java.net.ConnectException: failed to connect to localhost/127.0.0.1 (port 8080) from /127.0.0.1 (port 57470) after 5000ms: isConnected failed: ECONNREFUSED (Connection refused)
04-15 16:38:13.929 E/CIRISApiClient(31438): 	at libcore.io.IoBridge.isConnected(IoBridge.java:347)
04-15 16:38:13.929 E/CIRISApiClient(31438): 	at libcore.io.IoBridge.connectErrno(IoBridge.java:237)
04-15 16:38:13.929 E/CIRISApiClient(31438): 	at libcore.io.IoBridge.connect(IoBridge.java:179)
04-15 16:38:13.929 E/CIRISApiClient(31438): 	at java.net.PlainSocketImpl.socketConnect(PlainSocketImpl.java:142)
04-15 16:38:13.929 E/CIRISApiClient(31438): 	at java.net.AbstractPlainSocketImpl.doConnect(AbstractPlainSocketImpl.java:390)
04-15 16:38:13.929 E/CIRISApiClient(31438): 	at java.net.AbstractPlainSocketImpl.connectToAddress(AbstractPlainSocketImpl.java:230)
04-15 16:38:13.929 E/CIRISApiClient(31438): 	at java.net.AbstractPlainSocketImpl.connect(AbstractPlainSocketImpl.java:212)
04-15 16:38:13.929 E/CIRISApiClient(31438): 	at java.net.SocksSocketImpl.connect(SocksSocketImpl.java:436)
04-15 16:38:13.929 E/CIRISApiClient(31438): 	at java.net.Socket.connect(Socket.java:646)
04-15 16:38:13.929 E/CIRISApiClient(31438): 	at okhttp3.internal.platform.Platform.connectSocket(Platform.kt:128)
