04-13 14:35:38.156 D/CIRISApp(31480): [INIT] CIRISApp composable invoked - googleSignInCallback=PRESENT (245222836)
04-13 14:35:38.157 I/InteractViewModel(31480): [setDeviceAttestationCallback] Device attestation callback SET
04-13 14:35:38.201 I/CIRISApp(31480): [Screen.Adapters] Fetching adapters and starting polling
04-13 14:35:38.203 I/CIRISApiClient(31480): [listAdapters] Listing adapters
04-13 14:35:39.958 I/CIRISApiClient(31480): [listAdapters] API response: total=8, running=8, adapters.size=8
04-13 14:35:39.960 I/CIRISApiClient(31480): [listAdapters]   API adapter[0]: id=cirisverify_bootstrap, type=cirisverify, running=true, needsReauth=false, hasAuthStep=false
04-13 14:35:39.961 I/CIRISApiClient(31480): [listAdapters]   API adapter[1]: id=wallet_bootstrap, type=wallet, running=true, needsReauth=false, hasAuthStep=false
04-13 14:35:39.962 I/CIRISApiClient(31480): [listAdapters]   API adapter[2]: id=api_bootstrap, type=api, running=true, needsReauth=false, hasAuthStep=false
04-13 14:35:39.964 I/CIRISApiClient(31480): [listAdapters]   API adapter[3]: id=ciris_accord_metrics, type=ciris_accord_metrics, running=true, needsReauth=false, hasAuthStep=false
04-13 14:35:39.965 I/CIRISApiClient(31480): [listAdapters]   API adapter[4]: id=ciris_hosted_tools, type=ciris_hosted_tools, running=true, needsReauth=false, hasAuthStep=false
04-13 14:35:39.966 I/CIRISApiClient(31480): [listAdapters]   API adapter[5]: id=weather, type=weather, running=true, needsReauth=false, hasAuthStep=false
04-13 14:35:39.967 I/CIRISApiClient(31480): [listAdapters]   API adapter[6]: id=home_assistant, type=home_assistant, running=true, needsReauth=true, hasAuthStep=true
04-13 14:35:39.969 I/CIRISApiClient(31480): [listAdapters]   API adapter[7]: id=navigation, type=navigation, running=true, needsReauth=false, hasAuthStep=false
04-13 14:35:40.637 I/CIRISApp(31480): [Screen.Adapters] Re-auth for: home_assistant, authStepId=oauth
04-13 14:35:40.641 I/CIRISApiClient(31480): [startAdapterConfiguration] Starting configuration for adapter type: home_assistant, startStepId: oauth
04-13 14:35:43.815 I/CIRISApiClient(31480): [startAdapterConfiguration] Config session started: sessionId=c81f09cf-1c6e-4c4e-9129-2134a9c6466c, step=1/5
04-13 14:35:44.873 I/CIRISApp(31480): [AdapterWizard] Initiating OAuth
04-13 14:35:44.889 I/CIRISApiClient(31480): [executeConfigurationStep] === EXECUTE CONFIG STEP ===
04-13 14:35:44.891 I/CIRISApiClient(31480): [executeConfigurationStep] Session: c81f09cf-1c6e-4c4e-9129-2134a9c6466c
04-13 14:35:44.893 I/CIRISApiClient(31480): [executeConfigurationStep] Step data keys: [callback_base_url]
04-13 14:35:44.895 I/CIRISApiClient(31480): [executeConfigurationStep] Step data values: {callback_base_url=http://127.0.0.1:8080}
04-13 14:35:45.373 D/EnvFileUpdater(31480): Found CIRIS_HOME from env: /data/user/0/ai.ciris.mobile.debug/files/ciris
04-13 14:35:47.659 I/CIRISApiClient(31480): [executeConfigurationStep] Response HTTP status: 200
04-13 14:35:47.667 I/CIRISApiClient(31480): [executeConfigurationStep] Response data: success=true, error=null, nextStepIndex=null
04-13 14:35:47.668 I/CIRISApiClient(31480): [executeConfigurationStep] Response data keys: [oauth_url, code_challenge]
04-13 14:35:47.671 I/CIRISApiClient(31480): [executeConfigurationStep] Response data.data: oauth_url="http://homeassistant.local:8123/auth/authorize?client_id=http%3A%2F%2F127.0.0.1%3A8080&redirect_uri, code_challenge="rjvwB0BdXaXyu60QhDAMJ6HOXqPJHpW2DwQd9wxibCM"
04-13 14:35:47.673 I/CIRISApiClient(31480): [executeConfigurationStep] Step result: success=true, nextStep=null, isDiscovery=false, isComplete=false
04-13 14:35:47.674 I/CIRISApiClient(31480): [executeConfigurationStep] === OAUTH URL EXTRACTION ===
04-13 14:35:47.676 I/CIRISApiClient(31480): [executeConfigurationStep] oauth_url present in data: true
04-13 14:35:47.677 I/CIRISApiClient(31480): [executeConfigurationStep] awaiting_callback present in data: false
04-13 14:35:47.678 I/CIRISApiClient(31480): [executeConfigurationStep] Extracted OAuth URL (full): http://homeassistant.local:8123/auth/authorize?client_id=http%3A%2F%2F127.0.0.1%3A8080&redirect_uri=http%3A%2F%2F127.0.0.1%3A8080%2Fv1%2Fsystem%2Fadapters%2Fconfigure%2Fc81f09cf-1c6e-4c4e-9129-2134a9c6466c%2Foauth%2Fcallback&response_type=code&state=c81f09cf-1c6e-4c4e-9129-2134a9c6466c&code_challenge=VBemvnlYbSvb9GOW4PkjJEJzJWXKcpO0D37AUzlIQuw&code_challenge_method=S256
04-13 14:35:47.680 I/CIRISApiClient(31480): [executeConfigurationStep] awaitingCallback: false
04-13 14:35:47.942 I/CIRISApiClient(31480): [getWAStatus] Fetching WA status
04-13 14:35:48.210 I/CIRISApiClient(31480): [listAdapters] Listing adapters
04-13 14:35:48.420 I/chromium(30459): [INFO:tin_six_tab_helper.cc(147)] OnTabAdded
04-13 14:35:48.420 I/chromium(30459): [INFO:tin_six_tab_helper.cc(736)] InsertWebContentsAt 0,13 :0xc6984700
04-13 14:35:48.492 I/chromium(30459): [INFO:tin_six_tab_helper.cc(84)] OnCurrentTabChanged 0,13
04-13 14:35:48.492 I/chromium(30459): [INFO:tin_six_tab_helper.cc(640)] ForceActivateTabAt 0,13
04-13 14:35:48.550 I/chromium(30459): [INFO:render_widget_host_impl.cc(843)] SBRTOUCHLOG  RenderWidgetHostImpl::WasShown
04-13 14:35:48.553 W/chromium(30459): [WARNING:window_android.cc(109)] TAB-STATUS observer added
04-13 14:35:48.554 W/chromium(30459): [WARNING:render_widget_host_view_android.cc(1906)] TAB-STATUS it is still showing
04-13 14:35:48.554 W/chromium(30459): [WARNING:window_android.cc(123)] TAB-STATUS observer removed
04-13 14:35:48.554 W/chromium(30459): [WARNING:window_android.cc(109)] TAB-STATUS observer added
04-13 14:35:48.555 I/chromium(30459): [INFO:tin_six_tab_helper.cc(621)] ActivateTabAt 0,13
04-13 14:35:48.596 I/chromium(30459): [INFO:tin_auto_https_upgrade_throttle.cc(208)] AutoHTTPSUpgrade
04-13 14:35:48.667 I/chromium(30459): [INFO:tin_auto_https_upgrade_throttle.cc(261)] AutoHTTPSUpgrade  GetNetErrorCode = -105
04-13 14:35:48.667 I/chromium(30459): [INFO:tin_auto_https_upgrade_throttle.cc(411)] AutoHTTPSUpgrade  FallbackToHttp
04-13 14:35:48.685 I/chromium(30459): [INFO:tin_six_tab_helper.cc(621)] ActivateTabAt 0,13
04-13 14:35:48.692 I/chromium(30459): [INFO:tin_six_tab_helper.cc(621)] ActivateTabAt 0,13
04-13 14:35:48.695 I/chromium(30664): [INFO:layer_tree_host_impl.cc(198)] SBRTOUCHLOG DidVisibilityChange = 0
04-13 14:35:48.696 I/chromium(30664): [INFO:layer_tree_host_impl.cc(4001)] SBRTOUCHLOG SetDeferCommitFlagForDebug = 1
04-13 14:35:48.699 I/chromium(30664): [INFO:tin_anti_tracking_renderer_url_loader_throttle_helper.cc(31)] [IAT] set delegate th 0xc5a07d40 td 0xc7260780
04-13 14:35:48.699 I/chromium(30664): [INFO:tin_smart_protect_renderer.cc(16)] TinSmartProtectRenderer
04-13 14:35:48.699 I/chromium(30664): [INFO:tin_smart_protect_renderer.cc(33)] BindPendingReceiver bound=1
04-13 14:35:48.702 I/chromium(30664): [INFO:tin_anti_tracking_renderer_url_loader_throttle_helper.cc(38)] [IAT] detector destroyed 0xc7260780
04-13 14:35:48.702 I/CIRISApiClient(31480): [getConfigurationSessionStatus] Getting session status for: c81f09cf-1c6e-4c4e-9129-2134a9c6466c
04-13 14:35:48.796 I/chromium(30459): [INFO:tin_six_tab_helper.cc(84)] OnCurrentTabChanged 0,13
04-13 14:35:48.796 I/chromium(30459): [INFO:tin_six_tab_helper.cc(640)] ForceActivateTabAt 0,13
04-13 14:35:48.820 I/chromium(30459): [INFO:layer_tree_host_impl.cc(198)] SBRTOUCHLOG DidVisibilityChange = 1
04-13 14:35:48.850 I/chromium(30459): [INFO:browser_gpu_channel_host_factory.cc(364)] EstablishGpuChannel: establishing gpu_channel
04-13 14:35:48.865 I/chromium(30459): [INFO:browser_gpu_channel_host_factory.cc(391)] EstablishGpuChannel: gpu_channel_ exists run callback 0xc690f900
04-13 14:35:48.883 I/chromium(30459): [INFO:ui_resource_layer_manager.cc(290)] CC-HideUrlbar: EnableUIResourceLayer LayerType: 0 Drawable true
04-13 14:35:48.891 I/chromium(30459): [INFO:tin_six_tab_helper.cc(84)] OnCurrentTabChanged 0,13
04-13 14:35:48.891 I/chromium(30459): [INFO:tin_six_tab_helper.cc(640)] ForceActivateTabAt 0,13
04-13 14:35:48.893 I/chromium(30459): [INFO:tin_six_tab_helper.cc(84)] OnCurrentTabChanged 0,13
04-13 14:35:48.893 I/chromium(30459): [INFO:tin_six_tab_helper.cc(640)] ForceActivateTabAt 0,13
04-13 14:35:48.924 I/chromium(30459): [INFO:ui_resource_layer_manager.cc(290)] CC-HideUrlbar: EnableUIResourceLayer LayerType: 1 Drawable true
04-13 14:35:49.244 I/chromium(30664): [INFO:layer_tree_host_impl.cc(198)] SBRTOUCHLOG DidVisibilityChange = 0
04-13 14:35:49.245 I/chromium(30664): [INFO:layer_tree_host_impl.cc(4001)] SBRTOUCHLOG SetDeferCommitFlagForDebug = 1
04-13 14:35:49.245 I/chromium(30664): [INFO:layer_tree_host_impl.cc(4001)] SBRTOUCHLOG SetDeferCommitFlagForDebug = 0
04-13 14:35:49.246 I/chromium(30664): [INFO:tin_anti_tracking_renderer_url_loader_throttle_helper.cc(31)] [IAT] set delegate th 0xc5a07d40 td 0xc726a780
04-13 14:35:49.246 I/chromium(30664): [INFO:tin_smart_protect_renderer.cc(16)] TinSmartProtectRenderer
04-13 14:35:49.247 I/chromium(30664): [INFO:tin_smart_protect_renderer.cc(33)] BindPendingReceiver bound=1
04-13 14:35:49.251 I/chromium(30459): [INFO:tin_six_tab_helper.cc(621)] ActivateTabAt 0,13
04-13 14:35:49.256 I/chromium(30664): [INFO:render_frame_impl.cc(2979)] LoaderLog  CommitFailedNavigation  reason = -105
04-13 14:35:49.267 I/chromium(30664): [INFO:layer_tree_host_impl.cc(4001)] SBRTOUCHLOG SetDeferCommitFlagForDebug = 1
04-13 14:35:49.301 I/chromium(30664): [INFO:render_frame_impl.cc(3805)] LoaderLog didCommitProvisionalLoad
04-13 14:35:49.302 W/chromium(30459): [WARNING:window_android.cc(123)] TAB-STATUS observer removed
04-13 14:35:49.304 I/chromium(30459): [INFO:back_forward_cache_impl.cc(675)] BFCACHELOG  CanStorePageNow  result = No: related active contents exist: no BI swap result, HTTP status is not OK, scheme is not HTTP or HTTPS, frame is not fully loaded, main RenderFrameHost doesn't have response headers set, probably due not having successfully committed a navigation.
04-13 14:35:49.304 I/chromium(30459): [INFO:render_widget_host_impl.cc(843)] SBRTOUCHLOG  RenderWidgetHostImpl::WasShown
04-13 14:35:49.304 W/chromium(30459): [WARNING:window_android.cc(109)] TAB-STATUS observer added
04-13 14:35:49.310 I/chromium(30664): [INFO:layer_tree_host_impl.cc(198)] SBRTOUCHLOG DidVisibilityChange = 1
04-13 14:35:49.320 I/chromium(30664): [INFO:layer_tree_host_impl.cc(4001)] SBRTOUCHLOG SetDeferCommitFlagForDebug = 0
04-13 14:35:49.325 I/chromium(30664): [INFO:layer_tree_host_impl.cc(4001)] SBRTOUCHLOG SetDeferCommitFlagForDebug = 1
04-13 14:35:49.364 I/chromium(30664): [INFO:progress_tracker.cc(112)] LoaderLog  FinishedParsing
04-13 14:35:49.381 I/chromium(30664): [INFO:layer_tree_impl.cc(1205)] DidUpdatePageScale IsActiveTree: 0 ScaleFactor: 1
04-13 14:35:49.382 I/chromium(30664): [INFO:render_frame_impl.cc(4027)] LoaderLog didFinishLoad
04-13 14:35:49.383 I/chromium(30664): [INFO:frame_loader.cc(402)] LoaderLog Completed totalBytes = 40008
04-13 14:35:49.383 I/chromium(30664): [INFO:render_frame_impl.cc(5114)] LoaderLog didStopLoading
04-13 14:35:49.388 I/chromium(30459): [INFO:web_contents_impl.cc(6549)] LoaderLog  progress completed
04-13 14:35:49.395 I/chromium(30664): [INFO:layer_tree_impl.cc(1205)] DidUpdatePageScale IsActiveTree: 1 ScaleFactor: 1
04-13 14:35:49.441 I/chromium(30459): [INFO:tin_six_tab_helper.cc(621)] ActivateTabAt 0,13
04-13 14:35:49.807 I/CIRISApiClient(31480): [getConfigurationSessionStatus] Getting session status for: c81f09cf-1c6e-4c4e-9129-2134a9c6466c
04-13 14:35:50.337 I/chromium(30459): [INFO:net_error_auto_reloader.cc(289)] LoaderLog  Auto-Reload  1
04-13 14:35:50.346 I/chromium(30459): [INFO:tin_six_tab_helper.cc(621)] ActivateTabAt 0,13
04-13 14:35:50.451 I/chromium(30459): [INFO:tin_six_tab_helper.cc(621)] ActivateTabAt 0,13
04-13 14:35:50.613 I/CIRISApiClient(31480): [getWAStatus] WA Status: healthy=true, activeWAs=1, pendingDeferrals=0, deferrals24h=0, subscribers=2
04-13 14:35:51.378 I/chromium(30459): [INFO:render_process_host_impl.cc(4491)] [Renderer][Exit] ChildProcessLauncher::OnChildProcessDied called through JNI pid = 994, renderer_id =0
04-13 14:35:51.691 I/CIRISApiClient(31480): [getConfigurationSessionStatus] Session status: step=1/5, status=awaiting_oauth, stepType=oauth
04-13 14:35:51.692 I/CIRISApiClient(31480): [getConfigurationSessionStatus] Collected config keys: [base_url, callback_base_url]
04-13 14:35:51.817 I/CIRISApiClient(31480): [getConfigurationSessionStatus] Getting session status for: c81f09cf-1c6e-4c4e-9129-2134a9c6466c
04-13 14:35:52.699 I/CIRISApiClient(31480): [getConfigurationSessionStatus] Getting session status for: c81f09cf-1c6e-4c4e-9129-2134a9c6466c
04-13 14:35:52.992 I/chromium(30459): [INFO:render_process_host_impl.cc(4491)] [Renderer][Exit] ChildProcessLauncher::OnChildProcessDied called through JNI pid = 1020, renderer_id =0
04-13 14:35:53.825 I/CIRISApiClient(31480): [getConfigurationSessionStatus] Getting session status for: c81f09cf-1c6e-4c4e-9129-2134a9c6466c
04-13 14:35:54.022 I/CIRISApiClient(31480): [getConfigurationSessionStatus] Session status: step=1/5, status=awaiting_oauth, stepType=oauth
04-13 14:35:54.023 I/CIRISApiClient(31480): [getConfigurationSessionStatus] Collected config keys: [base_url, callback_base_url]
04-13 14:35:54.077 I/CIRISApiClient(31480): [listAdapters] API response: total=8, running=8, adapters.size=8
04-13 14:35:54.078 I/CIRISApiClient(31480): [listAdapters]   API adapter[0]: id=cirisverify_bootstrap, type=cirisverify, running=true, needsReauth=false, hasAuthStep=false
04-13 14:35:54.080 I/CIRISApiClient(31480): [listAdapters]   API adapter[1]: id=wallet_bootstrap, type=wallet, running=true, needsReauth=false, hasAuthStep=false
04-13 14:35:54.081 I/CIRISApiClient(31480): [listAdapters]   API adapter[2]: id=api_bootstrap, type=api, running=true, needsReauth=false, hasAuthStep=false
04-13 14:35:54.082 I/CIRISApiClient(31480): [listAdapters]   API adapter[3]: id=ciris_accord_metrics, type=ciris_accord_metrics, running=true, needsReauth=false, hasAuthStep=false
04-13 14:35:54.083 I/CIRISApiClient(31480): [listAdapters]   API adapter[4]: id=ciris_hosted_tools, type=ciris_hosted_tools, running=true, needsReauth=false, hasAuthStep=false
04-13 14:35:54.084 I/CIRISApiClient(31480): [listAdapters]   API adapter[5]: id=weather, type=weather, running=true, needsReauth=false, hasAuthStep=false
04-13 14:35:54.085 I/CIRISApiClient(31480): [listAdapters]   API adapter[6]: id=home_assistant, type=home_assistant, running=true, needsReauth=true, hasAuthStep=true
04-13 14:35:54.086 I/CIRISApiClient(31480): [listAdapters]   API adapter[7]: id=navigation, type=navigation, running=true, needsReauth=false, hasAuthStep=false
04-13 14:35:55.374 D/EnvFileUpdater(31480): Found CIRIS_HOME from env: /data/user/0/ai.ciris.mobile.debug/files/ciris
04-13 14:35:55.421 I/chromium(30459): [INFO:net_error_auto_reloader.cc(289)] LoaderLog  Auto-Reload  2
04-13 14:35:55.428 I/chromium(30459): [INFO:tin_six_tab_helper.cc(621)] ActivateTabAt 0,13
04-13 14:35:55.547 I/chromium(30459): [INFO:tin_six_tab_helper.cc(621)] ActivateTabAt 0,13
04-13 14:35:55.833 I/CIRISApiClient(31480): [getConfigurationSessionStatus] Getting session status for: c81f09cf-1c6e-4c4e-9129-2134a9c6466c
04-13 14:35:56.170 I/CIRISApiClient(31480): [getConfigurationSessionStatus] Session status: step=1/5, status=awaiting_oauth, stepType=oauth
04-13 14:35:56.172 I/CIRISApiClient(31480): [getConfigurationSessionStatus] Collected config keys: [base_url, callback_base_url]
04-13 14:35:57.847 I/CIRISApiClient(31480): [getConfigurationSessionStatus] Getting session status for: c81f09cf-1c6e-4c4e-9129-2134a9c6466c
04-13 14:35:58.091 I/chromium(30459): [INFO:render_process_host_impl.cc(4491)] [Renderer][Exit] ChildProcessLauncher::OnChildProcessDied called through JNI pid = 1048, renderer_id =0
04-13 14:35:58.401 I/CIRISApiClient(31480): [getConfigurationSessionStatus] Session status: step=1/5, status=awaiting_oauth, stepType=oauth
04-13 14:35:58.404 I/CIRISApiClient(31480): [getConfigurationSessionStatus] Collected config keys: [base_url, callback_base_url]
04-13 14:35:59.413 I/CIRISApiClient(31480): [getConfigurationSessionStatus] Getting session status for: c81f09cf-1c6e-4c4e-9129-2134a9c6466c
04-13 14:35:59.583 I/CIRISApiClient(31480): [getConfigurationSessionStatus] Session status: step=1/5, status=awaiting_oauth, stepType=oauth
04-13 14:35:59.585 I/CIRISApiClient(31480): [getConfigurationSessionStatus] Collected config keys: [base_url, callback_base_url]
04-13 14:35:59.594 I/CIRISApiClient(31480): [getConfigurationSessionStatus] Session status: step=1/5, status=awaiting_oauth, stepType=oauth
04-13 14:35:59.595 I/CIRISApiClient(31480): [getConfigurationSessionStatus] Collected config keys: [base_url, callback_base_url]
04-13 14:35:59.856 I/CIRISApiClient(31480): [getConfigurationSessionStatus] Getting session status for: c81f09cf-1c6e-4c4e-9129-2134a9c6466c
04-13 14:36:00.829 I/CIRISApiClient(31480): [getConfigurationSessionStatus] Session status: step=1/5, status=awaiting_oauth, stepType=oauth
04-13 14:36:00.831 I/CIRISApiClient(31480): [getConfigurationSessionStatus] Collected config keys: [base_url, callback_base_url]
04-13 14:36:01.870 I/CIRISApiClient(31480): [getConfigurationSessionStatus] Getting session status for: c81f09cf-1c6e-4c4e-9129-2134a9c6466c
04-13 14:36:02.174 I/CIRISApiClient(31480): [getConfigurationSessionStatus] Session status: step=1/5, status=awaiting_oauth, stepType=oauth
04-13 14:36:02.176 I/CIRISApiClient(31480): [getConfigurationSessionStatus] Collected config keys: [base_url, callback_base_url]
04-13 14:36:03.184 I/CIRISApiClient(31480): [getConfigurationSessionStatus] Getting session status for: c81f09cf-1c6e-4c4e-9129-2134a9c6466c
04-13 14:36:03.323 I/CIRISApiClient(31480): [getConfigurationSessionStatus] Session status: step=1/5, status=awaiting_oauth, stepType=oauth
04-13 14:36:03.324 I/CIRISApiClient(31480): [getConfigurationSessionStatus] Collected config keys: [base_url, callback_base_url]
04-13 14:36:03.882 I/CIRISApiClient(31480): [getConfigurationSessionStatus] Getting session status for: c81f09cf-1c6e-4c4e-9129-2134a9c6466c
04-13 14:36:04.099 I/CIRISApiClient(31480): [listAdapters] Listing adapters
04-13 14:36:05.375 D/EnvFileUpdater(31480): Found CIRIS_HOME from env: /data/user/0/ai.ciris.mobile.debug/files/ciris
04-13 14:36:05.763 W/chromium(30459): [WARNING:render_widget_host_view_android.cc(1861)] TAB-STATUS observation kept while hiding
04-13 14:36:05.765 I/chromium(30664): [INFO:layer_tree_host_impl.cc(198)] SBRTOUCHLOG DidVisibilityChange = 0
04-13 14:36:05.890 I/CIRISApiClient(31480): [getConfigurationSessionStatus] Getting session status for: c81f09cf-1c6e-4c4e-9129-2134a9c6466c
04-13 14:36:05.899 I/chromium(30459): [INFO:layer_tree_host_impl.cc(198)] SBRTOUCHLOG DidVisibilityChange = 0
04-13 14:36:06.281 W/chromium(30459): [WARNING:window_android.cc(123)] TAB-STATUS observer removed
04-13 14:36:06.571 I/CIRISApiClient(31480): [getConfigurationSessionStatus] Session status: step=1/5, status=awaiting_oauth, stepType=oauth
04-13 14:36:06.572 I/CIRISApiClient(31480): [getConfigurationSessionStatus] Collected config keys: [base_url, callback_base_url]
04-13 14:36:06.686 I/CIRISApiClient(31480): [getConfigurationSessionStatus] Session status: step=1/5, status=awaiting_oauth, stepType=oauth
04-13 14:36:06.687 I/CIRISApiClient(31480): [getConfigurationSessionStatus] Collected config keys: [base_url, callback_base_url]
04-13 14:36:06.695 I/CIRISApiClient(31480): [getConfigurationSessionStatus] Session status: step=1/5, status=awaiting_oauth, stepType=oauth
04-13 14:36:06.697 I/CIRISApiClient(31480): [getConfigurationSessionStatus] Collected config keys: [base_url, callback_base_url]
04-13 14:36:07.698 I/CIRISApiClient(31480): [getConfigurationSessionStatus] Getting session status for: c81f09cf-1c6e-4c4e-9129-2134a9c6466c
04-13 14:36:07.903 I/CIRISApiClient(31480): [getConfigurationSessionStatus] Getting session status for: c81f09cf-1c6e-4c4e-9129-2134a9c6466c
04-13 14:36:09.719 I/chromium(30459): [INFO:render_widget_host_impl.cc(843)] SBRTOUCHLOG  RenderWidgetHostImpl::WasShown
04-13 14:36:09.719 I/chromium(30459): [INFO:render_widget_host_impl.cc(845)] SBRTOUCHLOG  ClearDisplayedGraphics was called
04-13 14:36:09.720 W/chromium(30459): [WARNING:window_android.cc(109)] TAB-STATUS observer added
04-13 14:36:09.720 I/chromium(30664): [INFO:layer_tree_host_impl.cc(198)] SBRTOUCHLOG DidVisibilityChange = 1
04-13 14:36:09.721 I/chromium(30459): [INFO:ui_resource_layer_manager.cc(290)] CC-HideUrlbar: EnableUIResourceLayer LayerType: 0 Drawable true
04-13 14:36:09.724 I/chromium(30459): [INFO:ui_resource_layer_manager.cc(290)] CC-HideUrlbar: EnableUIResourceLayer LayerType: 1 Drawable true
04-13 14:36:09.777 I/chromium(30459): [INFO:tin_six_tab_helper.cc(84)] OnCurrentTabChanged 0,13
04-13 14:36:09.778 I/chromium(30459): [INFO:tin_six_tab_helper.cc(640)] ForceActivateTabAt 0,13
04-13 14:36:09.795 I/chromium(30459): [INFO:layer_tree_host_impl.cc(198)] SBRTOUCHLOG DidVisibilityChange = 1
04-13 14:36:09.808 I/chromium(30459): [INFO:browser_gpu_channel_host_factory.cc(364)] EstablishGpuChannel: establishing gpu_channel
04-13 14:36:09.815 I/chromium(30459): [INFO:browser_gpu_channel_host_factory.cc(391)] EstablishGpuChannel: gpu_channel_ exists run callback 0xc690f900
04-13 14:36:09.852 I/chromium(30459): [INFO:tin_six_tab_helper.cc(84)] OnCurrentTabChanged 0,13
04-13 14:36:09.852 I/chromium(30459): [INFO:tin_six_tab_helper.cc(640)] ForceActivateTabAt 0,13
04-13 14:36:09.854 I/chromium(30459): [INFO:tin_six_tab_helper.cc(84)] OnCurrentTabChanged 0,13
04-13 14:36:09.854 I/chromium(30459): [INFO:tin_six_tab_helper.cc(640)] ForceActivateTabAt 0,13
04-13 14:36:09.911 I/CIRISApiClient(31480): [getConfigurationSessionStatus] Getting session status for: c81f09cf-1c6e-4c4e-9129-2134a9c6466c
04-13 14:36:11.242 I/CIRISApiClient(31480): [getConfigurationSessionStatus] Session status: step=1/5, status=awaiting_oauth, stepType=oauth
04-13 14:36:11.244 I/CIRISApiClient(31480): [getConfigurationSessionStatus] Collected config keys: [base_url, callback_base_url]
04-13 14:36:11.618 I/CIRISApiClient(31480): [getConfigurationSessionStatus] Session status: step=1/5, status=awaiting_oauth, stepType=oauth
04-13 14:36:11.620 I/CIRISApiClient(31480): [getConfigurationSessionStatus] Collected config keys: [base_url, callback_base_url]
04-13 14:36:11.629 I/CIRISApiClient(31480): [getConfigurationSessionStatus] Session status: step=1/5, status=awaiting_oauth, stepType=oauth
04-13 14:36:11.631 I/CIRISApiClient(31480): [getConfigurationSessionStatus] Collected config keys: [base_url, callback_base_url]
04-13 14:36:11.687 I/CIRISApiClient(31480): [listAdapters] API response: total=8, running=8, adapters.size=8
04-13 14:36:11.689 I/CIRISApiClient(31480): [listAdapters]   API adapter[0]: id=cirisverify_bootstrap, type=cirisverify, running=true, needsReauth=false, hasAuthStep=false
04-13 14:36:11.690 I/CIRISApiClient(31480): [listAdapters]   API adapter[1]: id=wallet_bootstrap, type=wallet, running=true, needsReauth=false, hasAuthStep=false
04-13 14:36:11.691 I/CIRISApiClient(31480): [listAdapters]   API adapter[2]: id=api_bootstrap, type=api, running=true, needsReauth=false, hasAuthStep=false
04-13 14:36:11.692 I/CIRISApiClient(31480): [listAdapters]   API adapter[3]: id=ciris_accord_metrics, type=ciris_accord_metrics, running=true, needsReauth=false, hasAuthStep=false
04-13 14:36:11.694 I/CIRISApiClient(31480): [listAdapters]   API adapter[4]: id=ciris_hosted_tools, type=ciris_hosted_tools, running=true, needsReauth=false, hasAuthStep=false
04-13 14:36:11.695 I/CIRISApiClient(31480): [listAdapters]   API adapter[5]: id=weather, type=weather, running=true, needsReauth=false, hasAuthStep=false
04-13 14:36:11.696 I/CIRISApiClient(31480): [listAdapters]   API adapter[6]: id=home_assistant, type=home_assistant, running=true, needsReauth=true, hasAuthStep=true
04-13 14:36:11.697 I/CIRISApiClient(31480): [listAdapters]   API adapter[7]: id=navigation, type=navigation, running=true, needsReauth=false, hasAuthStep=false
04-13 14:36:11.919 I/CIRISApiClient(31480): [getConfigurationSessionStatus] Getting session status for: c81f09cf-1c6e-4c4e-9129-2134a9c6466c
04-13 14:36:12.159 W/chromium(30459): [WARNING:window_android.cc(123)] TAB-STATUS observer removed
04-13 14:36:12.160 I/chromium(30664): [INFO:layer_tree_host_impl.cc(198)] SBRTOUCHLOG DidVisibilityChange = 0
04-13 14:36:12.625 I/CIRISApiClient(31480): [getConfigurationSessionStatus] Getting session status for: c81f09cf-1c6e-4c4e-9129-2134a9c6466c
04-13 14:36:13.820 I/CIRISApiClient(31480): [getConfigurationSessionStatus] Session status: step=1/5, status=awaiting_oauth, stepType=oauth
04-13 14:36:13.823 I/CIRISApiClient(31480): [getConfigurationSessionStatus] Collected config keys: [base_url, callback_base_url]
04-13 14:36:13.930 I/CIRISApiClient(31480): [getConfigurationSessionStatus] Getting session status for: c81f09cf-1c6e-4c4e-9129-2134a9c6466c
04-13 14:36:14.867 I/chromium(30459): [INFO:tin_six_tab_helper.cc(84)] OnCurrentTabChanged 0,13
04-13 14:36:14.867 I/chromium(30459): [INFO:tin_six_tab_helper.cc(640)] ForceActivateTabAt 0,13
04-13 14:36:14.867 I/chromium(30459): [INFO:tin_six_tab_helper.cc(84)] OnCurrentTabChanged 0,13
04-13 14:36:14.867 I/chromium(30459): [INFO:tin_six_tab_helper.cc(640)] ForceActivateTabAt 0,13
04-13 14:36:14.910 I/CIRISApiClient(31480): [getConfigurationSessionStatus] Session status: step=1/5, status=awaiting_oauth, stepType=oauth
04-13 14:36:14.912 I/CIRISApiClient(31480): [getConfigurationSessionStatus] Collected config keys: [base_url, callback_base_url]
04-13 14:36:15.376 D/EnvFileUpdater(31480): Found CIRIS_HOME from env: /data/user/0/ai.ciris.mobile.debug/files/ciris
04-13 14:36:15.949 I/CIRISApiClient(31480): [getConfigurationSessionStatus] Getting session status for: c81f09cf-1c6e-4c4e-9129-2134a9c6466c
04-13 14:36:16.086 I/CIRISApiClient(31480): [getConfigurationSessionStatus] Session status: step=1/5, status=awaiting_oauth, stepType=oauth
04-13 14:36:16.089 I/CIRISApiClient(31480): [getConfigurationSessionStatus] Collected config keys: [base_url, callback_base_url]
04-13 14:36:16.891 I/chromium(30459): [INFO:ui_resource_layer_manager.cc(317)] CC-HideUrlbar: EnableUIResourceLayer LayerType: 0 disabled Bitmap Composition
04-13 14:36:16.891 I/chromium(30459): [INFO:ui_resource_layer_manager.cc(317)] CC-HideUrlbar: EnableUIResourceLayer LayerType: 1 disabled Bitmap Composition
04-13 14:36:17.053 I/chromium(30459): [INFO:layer_tree_host_impl.cc(198)] SBRTOUCHLOG DidVisibilityChange = 0
04-13 14:36:17.093 I/CIRISApiClient(31480): [getConfigurationSessionStatus] Getting session status for: c81f09cf-1c6e-4c4e-9129-2134a9c6466c
04-13 14:36:17.183 I/CIRISApiClient(31480): [getConfigurationSessionStatus] Session status: step=1/5, status=awaiting_oauth, stepType=oauth
04-13 14:36:17.185 I/CIRISApiClient(31480): [getConfigurationSessionStatus] Collected config keys: [base_url, callback_base_url]
04-13 14:36:17.965 I/CIRISApiClient(31480): [getConfigurationSessionStatus] Getting session status for: c81f09cf-1c6e-4c4e-9129-2134a9c6466c
04-13 14:36:18.512 I/CIRISApiClient(31480): [getConfigurationSessionStatus] Session status: step=1/5, status=awaiting_oauth, stepType=oauth
04-13 14:36:18.515 I/CIRISApiClient(31480): [getConfigurationSessionStatus] Collected config keys: [base_url, callback_base_url]
04-13 14:36:19.700 I/chromium(30459): [INFO:tin_six_tab_helper.cc(84)] OnCurrentTabChanged 0,13
04-13 14:36:19.700 I/chromium(30459): [INFO:tin_six_tab_helper.cc(640)] ForceActivateTabAt 0,13
04-13 14:36:19.735 I/chromium(30459): [INFO:layer_tree_host_impl.cc(198)] SBRTOUCHLOG DidVisibilityChange = 1
04-13 14:36:19.760 I/chromium(30459): [INFO:browser_gpu_channel_host_factory.cc(364)] EstablishGpuChannel: establishing gpu_channel
04-13 14:36:19.768 I/chromium(30459): [INFO:browser_gpu_channel_host_factory.cc(391)] EstablishGpuChannel: gpu_channel_ exists run callback 0xc690f900
04-13 14:36:19.825 I/chromium(30459): [INFO:tin_six_tab_helper.cc(84)] OnCurrentTabChanged 0,13
04-13 14:36:19.826 I/chromium(30459): [INFO:tin_six_tab_helper.cc(640)] ForceActivateTabAt 0,13
04-13 14:36:19.826 I/chromium(30459): [INFO:tin_six_tab_helper.cc(84)] OnCurrentTabChanged 0,13
04-13 14:36:19.826 I/chromium(30459): [INFO:tin_six_tab_helper.cc(640)] ForceActivateTabAt 0,13
04-13 14:36:19.973 I/CIRISApiClient(31480): [getConfigurationSessionStatus] Getting session status for: c81f09cf-1c6e-4c4e-9129-2134a9c6466c
04-13 14:36:21.200 I/CIRISApiClient(31480): [getConfigurationSessionStatus] Session status: step=1/5, status=awaiting_oauth, stepType=oauth
04-13 14:36:21.204 I/CIRISApiClient(31480): [getConfigurationSessionStatus] Collected config keys: [base_url, callback_base_url]
04-13 14:36:21.710 I/CIRISApiClient(31480): [listAdapters] Listing adapters
04-13 14:36:21.984 I/CIRISApiClient(31480): [getConfigurationSessionStatus] Getting session status for: c81f09cf-1c6e-4c4e-9129-2134a9c6466c
04-13 14:36:22.208 I/CIRISApiClient(31480): [getConfigurationSessionStatus] Getting session status for: c81f09cf-1c6e-4c4e-9129-2134a9c6466c
04-13 14:36:22.437 I/CIRISApiClient(31480): [getConfigurationSessionStatus] Session status: step=1/5, status=awaiting_oauth, stepType=oauth
04-13 14:36:22.440 I/CIRISApiClient(31480): [getConfigurationSessionStatus] Collected config keys: [base_url, callback_base_url]
04-13 14:36:23.515 I/CIRISApiClient(31480): [getConfigurationSessionStatus] Session status: step=1/5, status=awaiting_oauth, stepType=oauth
04-13 14:36:23.516 I/CIRISApiClient(31480): [getConfigurationSessionStatus] Collected config keys: [base_url, callback_base_url]
04-13 14:36:23.722 I/chromium(30459): [INFO:render_widget_host_impl.cc(843)] SBRTOUCHLOG  RenderWidgetHostImpl::WasShown
04-13 14:36:23.722 I/chromium(30459): [INFO:render_widget_host_impl.cc(845)] SBRTOUCHLOG  ClearDisplayedGraphics was called
04-13 14:36:23.723 W/chromium(30459): [WARNING:window_android.cc(109)] TAB-STATUS observer added
04-13 14:36:23.723 I/chromium(30664): [INFO:layer_tree_host_impl.cc(198)] SBRTOUCHLOG DidVisibilityChange = 1
04-13 14:36:23.724 I/chromium(30459): [INFO:ui_resource_layer_manager.cc(290)] CC-HideUrlbar: EnableUIResourceLayer LayerType: 0 Drawable true
04-13 14:36:23.728 I/chromium(30459): [INFO:ui_resource_layer_manager.cc(290)] CC-HideUrlbar: EnableUIResourceLayer LayerType: 1 Drawable true
04-13 14:36:24.002 I/CIRISApiClient(31480): [getConfigurationSessionStatus] Getting session status for: c81f09cf-1c6e-4c4e-9129-2134a9c6466c
04-13 14:36:25.378 D/EnvFileUpdater(31480): Found CIRIS_HOME from env: /data/user/0/ai.ciris.mobile.debug/files/ciris
04-13 14:36:26.020 I/CIRISApiClient(31480): [getConfigurationSessionStatus] Getting session status for: c81f09cf-1c6e-4c4e-9129-2134a9c6466c
04-13 14:36:28.039 I/CIRISApiClient(31480): [getConfigurationSessionStatus] Getting session status for: c81f09cf-1c6e-4c4e-9129-2134a9c6466c
04-13 14:36:30.058 I/CIRISApiClient(31480): [getConfigurationSessionStatus] Getting session status for: c81f09cf-1c6e-4c4e-9129-2134a9c6466c
04-13 14:36:30.131 I/CIRISApiClient(31480): [getConfigurationSessionStatus] Session status: step=1/5, status=awaiting_oauth, stepType=oauth
04-13 14:36:30.135 I/CIRISApiClient(31480): [getConfigurationSessionStatus] Collected config keys: [base_url, callback_base_url]
04-13 14:36:30.153 I/CIRISApiClient(31480): [getConfigurationSessionStatus] Session status: step=1/5, status=awaiting_oauth, stepType=oauth
04-13 14:36:30.155 I/CIRISApiClient(31480): [getConfigurationSessionStatus] Collected config keys: [base_url, callback_base_url]
04-13 14:36:30.474 I/CIRISApiClient(31480): [getConfigurationSessionStatus] Session status: step=1/5, status=awaiting_oauth, stepType=oauth
04-13 14:36:30.477 I/CIRISApiClient(31480): [getConfigurationSessionStatus] Collected config keys: [base_url, callback_base_url]
04-13 14:36:30.494 I/CIRISApiClient(31480): [getConfigurationSessionStatus] Session status: step=1/5, status=awaiting_oauth, stepType=oauth
04-13 14:36:30.496 I/CIRISApiClient(31480): [getConfigurationSessionStatus] Collected config keys: [base_url, callback_base_url]
04-13 14:36:31.160 I/CIRISApiClient(31480): [getConfigurationSessionStatus] Getting session status for: c81f09cf-1c6e-4c4e-9129-2134a9c6466c
04-13 14:36:32.074 I/CIRISApiClient(31480): [getConfigurationSessionStatus] Getting session status for: c81f09cf-1c6e-4c4e-9129-2134a9c6466c
04-13 14:36:33.076 I/CIRISApiClient(31480): [listAdapters] API response: total=8, running=8, adapters.size=8
04-13 14:36:33.077 I/CIRISApiClient(31480): [listAdapters]   API adapter[0]: id=cirisverify_bootstrap, type=cirisverify, running=true, needsReauth=false, hasAuthStep=false
04-13 14:36:33.078 I/CIRISApiClient(31480): [listAdapters]   API adapter[1]: id=wallet_bootstrap, type=wallet, running=true, needsReauth=false, hasAuthStep=false
04-13 14:36:33.080 I/CIRISApiClient(31480): [listAdapters]   API adapter[2]: id=api_bootstrap, type=api, running=true, needsReauth=false, hasAuthStep=false
04-13 14:36:33.081 I/CIRISApiClient(31480): [listAdapters]   API adapter[3]: id=ciris_accord_metrics, type=ciris_accord_metrics, running=true, needsReauth=false, hasAuthStep=false
04-13 14:36:33.082 I/CIRISApiClient(31480): [listAdapters]   API adapter[4]: id=ciris_hosted_tools, type=ciris_hosted_tools, running=true, needsReauth=false, hasAuthStep=false
04-13 14:36:33.084 I/CIRISApiClient(31480): [listAdapters]   API adapter[5]: id=weather, type=weather, running=true, needsReauth=false, hasAuthStep=false
04-13 14:36:33.085 I/CIRISApiClient(31480): [listAdapters]   API adapter[6]: id=home_assistant, type=home_assistant, running=true, needsReauth=true, hasAuthStep=true
04-13 14:36:33.086 I/CIRISApiClient(31480): [listAdapters]   API adapter[7]: id=navigation, type=navigation, running=true, needsReauth=false, hasAuthStep=false
04-13 14:36:34.086 I/CIRISApiClient(31480): [getConfigurationSessionStatus] Getting session status for: c81f09cf-1c6e-4c4e-9129-2134a9c6466c
04-13 14:36:35.380 D/EnvFileUpdater(31480): Found CIRIS_HOME from env: /data/user/0/ai.ciris.mobile.debug/files/ciris
04-13 14:36:36.101 I/CIRISApiClient(31480): [getConfigurationSessionStatus] Getting session status for: c81f09cf-1c6e-4c4e-9129-2134a9c6466c
04-13 14:36:36.275 E/CIRISApiClient(31480): [getSystemStatus] Exception: HttpRequestTimeoutException: Request timeout has expired [url=http://localhost:8080/v1/system/health, request_timeout=10000 ms] | Context: url=http://localhost:8080
04-13 14:36:36.275 E/CIRISApiClient(31480): io.ktor.client.plugins.HttpRequestTimeoutException: Request timeout has expired [url=http://localhost:8080/v1/system/health, request_timeout=10000 ms]
04-13 14:36:36.275 E/CIRISApiClient(31480): 	at io.ktor.client.plugins.HttpTimeout$Plugin$install$1$1$killer$1.invokeSuspend(HttpTimeout.kt:165)
04-13 14:36:36.275 E/CIRISApiClient(31480): 	at kotlin.coroutines.jvm.internal.BaseContinuationImpl.resumeWith(ContinuationImpl.kt:33)
04-13 14:36:36.275 E/CIRISApiClient(31480): 	at kotlinx.coroutines.DispatchedTask.run(DispatchedTask.kt:104)
04-13 14:36:36.275 E/CIRISApiClient(31480): 	at kotlinx.coroutines.internal.LimitedDispatcher$Worker.run(LimitedDispatcher.kt:111)
04-13 14:36:36.275 E/CIRISApiClient(31480): 	at kotlinx.coroutines.scheduling.TaskImpl.run(Tasks.kt:99)
04-13 14:36:36.275 E/CIRISApiClient(31480): 	at kotlinx.coroutines.scheduling.CoroutineScheduler.runSafely(CoroutineScheduler.kt:585)
04-13 14:36:36.275 E/CIRISApiClient(31480): 	at kotlinx.coroutines.scheduling.CoroutineScheduler$Worker.executeTask(CoroutineScheduler.kt:802)
04-13 14:36:36.275 E/CIRISApiClient(31480): 	at kotlinx.coroutines.scheduling.CoroutineScheduler$Worker.runWorker(CoroutineScheduler.kt:706)
04-13 14:36:36.275 E/CIRISApiClient(31480): 	at kotlinx.coroutines.scheduling.CoroutineScheduler$Worker.run(CoroutineScheduler.kt:693)
04-13 14:36:36.299 I/CIRISApiClient(31480): [getConfigurationSessionStatus] Session status: step=1/5, status=awaiting_oauth, stepType=oauth
04-13 14:36:36.302 I/CIRISApiClient(31480): [getConfigurationSessionStatus] Collected config keys: [base_url, callback_base_url]
04-13 14:36:36.317 I/CIRISApiClient(31480): [getConfigurationSessionStatus] Session status: step=1/5, status=awaiting_oauth, stepType=oauth
04-13 14:36:36.319 I/CIRISApiClient(31480): [getConfigurationSessionStatus] Collected config keys: [base_url, callback_base_url]
04-13 14:36:38.119 I/CIRISApiClient(31480): [getConfigurationSessionStatus] Getting session status for: c81f09cf-1c6e-4c4e-9129-2134a9c6466c
04-13 14:36:38.648 I/CIRISApiClient(31480): [getConfigurationSessionStatus] Session status: step=1/5, status=awaiting_oauth, stepType=oauth
04-13 14:36:38.651 I/CIRISApiClient(31480): [getConfigurationSessionStatus] Collected config keys: [base_url, callback_base_url]
04-13 14:36:38.664 I/CIRISApiClient(31480): [getConfigurationSessionStatus] Session status: step=1/5, status=awaiting_oauth, stepType=oauth
04-13 14:36:38.666 I/CIRISApiClient(31480): [getConfigurationSessionStatus] Collected config keys: [base_url, callback_base_url]
04-13 14:36:38.681 I/CIRISApiClient(31480): [getConfigurationSessionStatus] Session status: step=1/5, status=awaiting_oauth, stepType=oauth
04-13 14:36:38.683 I/CIRISApiClient(31480): [getConfigurationSessionStatus] Collected config keys: [base_url, callback_base_url]
04-13 14:36:38.694 I/CIRISApiClient(31480): [getConfigurationSessionStatus] Session status: step=1/5, status=awaiting_oauth, stepType=oauth
04-13 14:36:38.696 I/CIRISApiClient(31480): [getConfigurationSessionStatus] Collected config keys: [base_url, callback_base_url]
04-13 14:36:39.655 I/CIRISApiClient(31480): [getConfigurationSessionStatus] Getting session status for: c81f09cf-1c6e-4c4e-9129-2134a9c6466c
04-13 14:36:40.137 I/CIRISApiClient(31480): [getConfigurationSessionStatus] Getting session status for: c81f09cf-1c6e-4c4e-9129-2134a9c6466c
04-13 14:36:40.958 I/CIRISApiClient(31480): [getConfigurationSessionStatus] Session status: step=1/5, status=awaiting_oauth, stepType=oauth
04-13 14:36:40.962 I/CIRISApiClient(31480): [getConfigurationSessionStatus] Collected config keys: [base_url, callback_base_url]
04-13 14:36:42.154 I/CIRISApiClient(31480): [getConfigurationSessionStatus] Getting session status for: c81f09cf-1c6e-4c4e-9129-2134a9c6466c
04-13 14:36:43.101 I/CIRISApiClient(31480): [getConfigurationSessionStatus] Session status: step=1/5, status=awaiting_oauth, stepType=oauth
04-13 14:36:43.105 I/CIRISApiClient(31480): [getConfigurationSessionStatus] Collected config keys: [base_url, callback_base_url]
04-13 14:36:43.112 I/CIRISApiClient(31480): [listAdapters] Listing adapters
04-13 14:36:43.343 I/CIRISApiClient(31480): [getConfigurationSessionStatus] Session status: step=1/5, status=awaiting_oauth, stepType=oauth
04-13 14:36:43.347 I/CIRISApiClient(31480): [getConfigurationSessionStatus] Collected config keys: [base_url, callback_base_url]
04-13 14:36:44.113 I/CIRISApiClient(31480): [getConfigurationSessionStatus] Getting session status for: c81f09cf-1c6e-4c4e-9129-2134a9c6466c
04-13 14:36:44.170 I/CIRISApiClient(31480): [getConfigurationSessionStatus] Getting session status for: c81f09cf-1c6e-4c4e-9129-2134a9c6466c
04-13 14:36:45.383 D/EnvFileUpdater(31480): Found CIRIS_HOME from env: /data/user/0/ai.ciris.mobile.debug/files/ciris
04-13 14:36:46.186 I/CIRISApiClient(31480): [getConfigurationSessionStatus] Getting session status for: c81f09cf-1c6e-4c4e-9129-2134a9c6466c
04-13 14:36:46.946 I/CIRISApiClient(31480): [getConfigurationSessionStatus] Session status: step=1/5, status=awaiting_oauth, stepType=oauth
04-13 14:36:46.948 I/CIRISApiClient(31480): [getConfigurationSessionStatus] Collected config keys: [base_url, callback_base_url]
04-13 14:36:48.153 I/CIRISApiClient(31480): [getConfigurationSessionStatus] Session status: step=1/5, status=awaiting_oauth, stepType=oauth
04-13 14:36:48.155 I/CIRISApiClient(31480): [getConfigurationSessionStatus] Collected config keys: [base_url, callback_base_url]
04-13 14:36:48.193 I/CIRISApiClient(31480): [getConfigurationSessionStatus] Getting session status for: c81f09cf-1c6e-4c4e-9129-2134a9c6466c
04-13 14:36:49.158 I/CIRISApiClient(31480): [getConfigurationSessionStatus] Getting session status for: c81f09cf-1c6e-4c4e-9129-2134a9c6466c
04-13 14:36:50.200 I/CIRISApiClient(31480): [getConfigurationSessionStatus] Getting session status for: c81f09cf-1c6e-4c4e-9129-2134a9c6466c
04-13 14:36:50.275 I/CIRISApiClient(31480): [getConfigurationSessionStatus] Session status: step=1/5, status=awaiting_oauth, stepType=oauth
04-13 14:36:50.277 I/CIRISApiClient(31480): [getConfigurationSessionStatus] Collected config keys: [base_url, callback_base_url]
04-13 14:36:50.333 I/CIRISApiClient(31480): [listAdapters] API response: total=8, running=8, adapters.size=8
04-13 14:36:50.334 I/CIRISApiClient(31480): [listAdapters]   API adapter[0]: id=cirisverify_bootstrap, type=cirisverify, running=true, needsReauth=false, hasAuthStep=false
04-13 14:36:50.336 I/CIRISApiClient(31480): [listAdapters]   API adapter[1]: id=wallet_bootstrap, type=wallet, running=true, needsReauth=false, hasAuthStep=false
04-13 14:36:50.337 I/CIRISApiClient(31480): [listAdapters]   API adapter[2]: id=api_bootstrap, type=api, running=true, needsReauth=false, hasAuthStep=false
04-13 14:36:50.339 I/CIRISApiClient(31480): [listAdapters]   API adapter[3]: id=ciris_accord_metrics, type=ciris_accord_metrics, running=true, needsReauth=false, hasAuthStep=false
04-13 14:36:50.340 I/CIRISApiClient(31480): [listAdapters]   API adapter[4]: id=ciris_hosted_tools, type=ciris_hosted_tools, running=true, needsReauth=false, hasAuthStep=false
04-13 14:36:50.341 I/CIRISApiClient(31480): [listAdapters]   API adapter[5]: id=weather, type=weather, running=true, needsReauth=false, hasAuthStep=false
04-13 14:36:50.343 I/CIRISApiClient(31480): [listAdapters]   API adapter[6]: id=home_assistant, type=home_assistant, running=true, needsReauth=true, hasAuthStep=true
04-13 14:36:50.344 I/CIRISApiClient(31480): [listAdapters]   API adapter[7]: id=navigation, type=navigation, running=true, needsReauth=false, hasAuthStep=false
04-13 14:36:51.507 I/CIRISApiClient(31480): [getConfigurationSessionStatus] Session status: step=1/5, status=awaiting_oauth, stepType=oauth
04-13 14:36:51.508 I/CIRISApiClient(31480): [getConfigurationSessionStatus] Collected config keys: [base_url, callback_base_url]
04-13 14:36:52.207 I/CIRISApiClient(31480): [getConfigurationSessionStatus] Getting session status for: c81f09cf-1c6e-4c4e-9129-2134a9c6466c
04-13 14:36:53.723 I/chromium(30459): [INFO:net_error_auto_reloader.cc(289)] LoaderLog  Auto-Reload  3
04-13 14:36:53.731 I/chromium(30459): [INFO:tin_six_tab_helper.cc(621)] ActivateTabAt 0,13
04-13 14:36:53.817 I/CIRISApiClient(31480): [getWAStatus] Fetching WA status
04-13 14:36:53.833 I/CIRISApiClient(31480): [getConfigurationSessionStatus] Session status: step=1/5, status=awaiting_oauth, stepType=oauth
04-13 14:36:53.835 I/CIRISApiClient(31480): [getConfigurationSessionStatus] Collected config keys: [base_url, callback_base_url]
04-13 14:36:53.853 I/chromium(30459): [INFO:tin_six_tab_helper.cc(621)] ActivateTabAt 0,13
04-13 14:36:54.214 I/CIRISApiClient(31480): [getConfigurationSessionStatus] Getting session status for: c81f09cf-1c6e-4c4e-9129-2134a9c6466c
04-13 14:36:54.905 I/CIRISApiClient(31480): [getConfigurationSessionStatus] Session status: step=1/5, status=awaiting_oauth, stepType=oauth
04-13 14:36:54.907 I/CIRISApiClient(31480): [getConfigurationSessionStatus] Collected config keys: [base_url, callback_base_url]
04-13 14:36:54.913 I/CIRISApiClient(31480): [getConfigurationSessionStatus] Session status: step=1/5, status=awaiting_oauth, stepType=oauth
04-13 14:36:54.915 I/CIRISApiClient(31480): [getConfigurationSessionStatus] Collected config keys: [base_url, callback_base_url]
04-13 14:36:55.332 I/CIRISApiClient(31480): [getConfigurationSessionStatus] Session status: step=1/5, status=awaiting_oauth, stepType=oauth
04-13 14:36:55.334 I/CIRISApiClient(31480): [getConfigurationSessionStatus] Collected config keys: [base_url, callback_base_url]
04-13 14:36:55.384 D/EnvFileUpdater(31480): Found CIRIS_HOME from env: /data/user/0/ai.ciris.mobile.debug/files/ciris
04-13 14:36:55.909 I/CIRISApiClient(31480): [getConfigurationSessionStatus] Getting session status for: c81f09cf-1c6e-4c4e-9129-2134a9c6466c
04-13 14:36:56.222 I/CIRISApiClient(31480): [getConfigurationSessionStatus] Getting session status for: c81f09cf-1c6e-4c4e-9129-2134a9c6466c
04-13 14:36:56.459 I/chromium(30459): [INFO:render_process_host_impl.cc(4491)] [Renderer][Exit] ChildProcessLauncher::OnChildProcessDied called through JNI pid = 1237, renderer_id =0
04-13 14:36:58.229 I/CIRISApiClient(31480): [getConfigurationSessionStatus] Getting session status for: c81f09cf-1c6e-4c4e-9129-2134a9c6466c
04-13 14:36:59.631 I/CIRISApiClient(31480): [getConfigurationSessionStatus] Session status: step=1/5, status=awaiting_oauth, stepType=oauth
04-13 14:36:59.632 I/CIRISApiClient(31480): [getConfigurationSessionStatus] Collected config keys: [base_url, callback_base_url]
04-13 14:36:59.750 I/CIRISApiClient(31480): [getConfigurationSessionStatus] Session status: step=1/5, status=awaiting_oauth, stepType=oauth
04-13 14:36:59.751 I/CIRISApiClient(31480): [getConfigurationSessionStatus] Collected config keys: [base_url, callback_base_url]
04-13 14:36:59.757 I/CIRISApiClient(31480): [getConfigurationSessionStatus] Session status: step=1/5, status=awaiting_oauth, stepType=oauth
04-13 14:36:59.759 I/CIRISApiClient(31480): [getConfigurationSessionStatus] Collected config keys: [base_url, callback_base_url]
04-13 14:37:00.236 I/CIRISApiClient(31480): [getConfigurationSessionStatus] Getting session status for: c81f09cf-1c6e-4c4e-9129-2134a9c6466c
04-13 14:37:00.358 I/CIRISApiClient(31480): [listAdapters] Listing adapters
04-13 14:37:00.753 I/CIRISApiClient(31480): [getConfigurationSessionStatus] Getting session status for: c81f09cf-1c6e-4c4e-9129-2134a9c6466c
04-13 14:37:00.846 I/CIRISApiClient(31480): [getWAStatus] WA Status: healthy=true, activeWAs=1, pendingDeferrals=0, deferrals24h=0, subscribers=2
04-13 14:37:02.243 I/CIRISApiClient(31480): [getConfigurationSessionStatus] Getting session status for: c81f09cf-1c6e-4c4e-9129-2134a9c6466c
04-13 14:37:04.041 I/CIRISApiClient(31480): [getConfigurationSessionStatus] Session status: step=1/5, status=awaiting_oauth, stepType=oauth
04-13 14:37:04.042 I/CIRISApiClient(31480): [getConfigurationSessionStatus] Collected config keys: [base_url, callback_base_url]
04-13 14:37:04.249 I/CIRISApiClient(31480): [getConfigurationSessionStatus] Getting session status for: c81f09cf-1c6e-4c4e-9129-2134a9c6466c
04-13 14:37:05.366 I/CIRISApiClient(31480): [getConfigurationSessionStatus] Session status: step=1/5, status=awaiting_oauth, stepType=oauth
04-13 14:37:05.368 I/CIRISApiClient(31480): [getConfigurationSessionStatus] Collected config keys: [base_url, callback_base_url]
04-13 14:37:05.375 I/CIRISApiClient(31480): [getConfigurationSessionStatus] Session status: step=1/5, status=awaiting_oauth, stepType=oauth
04-13 14:37:05.376 I/CIRISApiClient(31480): [getConfigurationSessionStatus] Collected config keys: [base_url, callback_base_url]
04-13 14:37:05.385 D/EnvFileUpdater(31480): Found CIRIS_HOME from env: /data/user/0/ai.ciris.mobile.debug/files/ciris
04-13 14:37:06.256 I/CIRISApiClient(31480): [getConfigurationSessionStatus] Getting session status for: c81f09cf-1c6e-4c4e-9129-2134a9c6466c
04-13 14:37:06.378 I/CIRISApiClient(31480): [getConfigurationSessionStatus] Getting session status for: c81f09cf-1c6e-4c4e-9129-2134a9c6466c
04-13 14:37:08.263 I/CIRISApiClient(31480): [getConfigurationSessionStatus] Getting session status for: c81f09cf-1c6e-4c4e-9129-2134a9c6466c
04-13 14:37:10.044 I/CIRISApiClient(31480): [getConfigurationSessionStatus] Session status: step=1/5, status=awaiting_oauth, stepType=oauth
04-13 14:37:10.046 I/CIRISApiClient(31480): [getConfigurationSessionStatus] Collected config keys: [base_url, callback_base_url]
04-13 14:37:10.062 I/CIRISApiClient(31480): [getConfigurationSessionStatus] Session status: step=1/5, status=awaiting_oauth, stepType=oauth
04-13 14:37:10.064 I/CIRISApiClient(31480): [getConfigurationSessionStatus] Collected config keys: [base_url, callback_base_url]
04-13 14:37:10.120 I/CIRISApiClient(31480): [listAdapters] API response: total=8, running=8, adapters.size=8
04-13 14:37:10.122 I/CIRISApiClient(31480): [listAdapters]   API adapter[0]: id=cirisverify_bootstrap, type=cirisverify, running=true, needsReauth=false, hasAuthStep=false
04-13 14:37:10.123 I/CIRISApiClient(31480): [listAdapters]   API adapter[1]: id=wallet_bootstrap, type=wallet, running=true, needsReauth=false, hasAuthStep=false
04-13 14:37:10.125 I/CIRISApiClient(31480): [listAdapters]   API adapter[2]: id=api_bootstrap, type=api, running=true, needsReauth=false, hasAuthStep=false
04-13 14:37:10.126 I/CIRISApiClient(31480): [listAdapters]   API adapter[3]: id=ciris_accord_metrics, type=ciris_accord_metrics, running=true, needsReauth=false, hasAuthStep=false
04-13 14:37:10.127 I/CIRISApiClient(31480): [listAdapters]   API adapter[4]: id=ciris_hosted_tools, type=ciris_hosted_tools, running=true, needsReauth=false, hasAuthStep=false
04-13 14:37:10.128 I/CIRISApiClient(31480): [listAdapters]   API adapter[5]: id=weather, type=weather, running=true, needsReauth=false, hasAuthStep=false
04-13 14:37:10.130 I/CIRISApiClient(31480): [listAdapters]   API adapter[6]: id=home_assistant, type=home_assistant, running=true, needsReauth=true, hasAuthStep=true
04-13 14:37:10.131 I/CIRISApiClient(31480): [listAdapters]   API adapter[7]: id=navigation, type=navigation, running=true, needsReauth=false, hasAuthStep=false
04-13 14:37:10.177 I/CIRISApiClient(31480): [getConfigurationSessionStatus] Session status: step=1/5, status=awaiting_oauth, stepType=oauth
