04-06 15:36:02.902 I/python.stdout(26221): [FIRST-RUN] [SERVICE 15/22] AuthenticationService STARTED
04-06 15:36:02.903 D/MainActivity(26221): Service 15 started (9/22)
04-06 15:36:02.938 I/python.stdout(26221): [FIRST-RUN] [SERVICE 13/22] WiseAuthority STARTED
04-06 15:36:02.940 D/MainActivity(26221): Service 13 started (10/22)
04-06 15:36:02.947 I/python.stdout(26221): [FIRST-RUN] ✓ 10/10 minimal services started - ready for setup wizard
04-06 15:36:03.013 D/EnvFileUpdater(26221): Found CIRIS_HOME from env: /data/user/0/ai.ciris.mobile.debug/files/ciris
04-06 15:36:04.236 W/python.stderr(26221): /data/data/ai.ciris.mobile.debug/files/chaquopy/AssetFinder/requirements/pydantic/_internal/_config.py:291: PydanticDeprecatedSince20: Support for class-based `config` is deprecated, use ConfigDict instead. Deprecated in Pydantic V2.0 to be removed in V3.0. See Pydantic V2 Migration Guide at https://errors.pydantic.dev/2.9/migration/
04-06 15:36:04.813 E/CIRISApiClient(26221): [getSystemStatus] Exception: ConnectException: Failed to connect to localhost/127.0.0.1:8080 | Context: url=http://localhost:8080
04-06 15:36:04.813 E/CIRISApiClient(26221): java.net.ConnectException: Failed to connect to localhost/127.0.0.1:8080
04-06 15:36:04.813 E/CIRISApiClient(26221): 	at okhttp3.internal.connection.RealConnection.connectSocket(RealConnection.kt:297)
04-06 15:36:04.813 E/CIRISApiClient(26221): 	at okhttp3.internal.connection.RealConnection.connect(RealConnection.kt:207)
04-06 15:36:04.813 E/CIRISApiClient(26221): 	at okhttp3.internal.connection.ExchangeFinder.findConnection(ExchangeFinder.kt:226)
04-06 15:36:04.813 E/CIRISApiClient(26221): 	at okhttp3.internal.connection.ExchangeFinder.findHealthyConnection(ExchangeFinder.kt:106)
04-06 15:36:04.813 E/CIRISApiClient(26221): 	at okhttp3.internal.connection.ExchangeFinder.find(ExchangeFinder.kt:74)
04-06 15:36:04.813 E/CIRISApiClient(26221): 	at okhttp3.internal.connection.RealCall.initExchange$okhttp(RealCall.kt:255)
04-06 15:36:04.813 E/CIRISApiClient(26221): 	at okhttp3.internal.connection.ConnectInterceptor.intercept(ConnectInterceptor.kt:32)
04-06 15:36:04.813 E/CIRISApiClient(26221): 	at okhttp3.internal.http.RealInterceptorChain.proceed(RealInterceptorChain.kt:109)
04-06 15:36:04.813 E/CIRISApiClient(26221): 	at okhttp3.internal.cache.CacheInterceptor.intercept(CacheInterceptor.kt:95)
04-06 15:36:04.813 E/CIRISApiClient(26221): 	at okhttp3.internal.http.RealInterceptorChain.proceed(RealInterceptorChain.kt:109)
04-06 15:36:04.813 E/CIRISApiClient(26221): 	at okhttp3.internal.http.BridgeInterceptor.intercept(BridgeInterceptor.kt:83)
04-06 15:36:04.813 E/CIRISApiClient(26221): 	at okhttp3.internal.http.RealInterceptorChain.proceed(RealInterceptorChain.kt:109)
04-06 15:36:04.813 E/CIRISApiClient(26221): 	at okhttp3.internal.http.RetryAndFollowUpInterceptor.intercept(RetryAndFollowUpInterceptor.kt:76)
04-06 15:36:04.813 E/CIRISApiClient(26221): 	at okhttp3.internal.http.RealInterceptorChain.proceed(RealInterceptorChain.kt:109)
04-06 15:36:04.813 E/CIRISApiClient(26221): 	at okhttp3.internal.connection.RealCall.getResponseWithInterceptorChain$okhttp(RealCall.kt:201)
04-06 15:36:04.813 E/CIRISApiClient(26221): 	at okhttp3.internal.connection.RealCall$AsyncCall.run(RealCall.kt:517)
04-06 15:36:04.813 E/CIRISApiClient(26221): 	at java.util.concurrent.ThreadPoolExecutor.runWorker(ThreadPoolExecutor.java:1133)
04-06 15:36:04.813 E/CIRISApiClient(26221): 	at java.util.concurrent.ThreadPoolExecutor$Worker.run(ThreadPoolExecutor.java:607)
04-06 15:36:04.813 E/CIRISApiClient(26221): 	at java.lang.Thread.run(Thread.java:762)
04-06 15:36:04.813 E/CIRISApiClient(26221): Caused by: java.net.ConnectException: Connection refused
04-06 15:36:04.813 E/CIRISApiClient(26221): 	at java.net.PlainSocketImpl.socketConnect(Native Method)
04-06 15:36:04.813 E/CIRISApiClient(26221): 	at java.net.AbstractPlainSocketImpl.doConnect(AbstractPlainSocketImpl.java:334)
04-06 15:36:04.813 E/CIRISApiClient(26221): 	at java.net.AbstractPlainSocketImpl.connectToAddress(AbstractPlainSocketImpl.java:196)
04-06 15:36:04.813 E/CIRISApiClient(26221): 	at java.net.AbstractPlainSocketImpl.connect(AbstractPlainSocketImpl.java:178)
04-06 15:36:04.813 E/CIRISApiClient(26221): 	at java.net.SocksSocketImpl.connect(SocksSocketImpl.java:356)
04-06 15:36:04.813 E/CIRISApiClient(26221): 	at java.net.Socket.connect(Socket.java:605)
04-06 15:36:04.813 E/CIRISApiClient(26221): 	at okhttp3.internal.platform.AndroidPlatform.connectSocket(AndroidPlatform.kt:63)
04-06 15:36:04.813 E/CIRISApiClient(26221): 	at okhttp3.internal.connection.RealConnection.connectSocket(RealConnection.kt:295)
04-06 15:36:04.813 E/CIRISApiClient(26221): 	... 18 more
04-06 15:36:04.983 I/InteractViewModel(26221): [observeLanguageChanges] Updating pipeline labels for language: ja (explicit=true)
04-06 15:36:04.987 D/CIRISApp(26221): [INIT] CIRISApp composable invoked - googleSignInCallback=PRESENT (101126751)
04-06 15:36:04.988 I/InteractViewModel(26221): [setDeviceAttestationCallback] Device attestation callback SET
04-06 15:36:06.518 I/python.stdout(26221): [STARTUP] Checking port 8080 availability...
04-06 15:36:06.520 I/python.stdout(26221): [STARTUP] Binding to port 8080...
04-06 15:36:06.535 I/python.stdout(26221): 
04-06 15:36:06.535 I/python.stdout(26221): ============================================================
04-06 15:36:06.535 I/python.stdout(26221):   CIRIS Setup Required
04-06 15:36:06.535 I/python.stdout(26221): ============================================================
04-06 15:36:06.535 I/python.stdout(26221): 
04-06 15:36:06.535 I/python.stdout(26221):   Open your browser to complete setup:
04-06 15:36:06.535 I/python.stdout(26221): 
04-06 15:36:06.536 I/python.stdout(26221):     http://0.0.0.0:8080
04-06 15:36:06.536 I/python.stdout(26221): 
04-06 15:36:06.536 I/python.stdout(26221): ============================================================
04-06 15:36:06.536 I/python.stdout(26221): 
04-06 15:36:06.536 I/python.stdout(26221): [STARTUP] Starting server...
04-06 15:36:06.577 I/python.stdout(26221): Starting CIRIS API...
04-06 15:36:06.789 D/CIRISApp(26221): [INIT] CIRISApp composable invoked - googleSignInCallback=PRESENT (101126751)
04-06 15:36:06.790 I/InteractViewModel(26221): [setDeviceAttestationCallback] Device attestation callback SET
04-06 15:36:07.539 I/python.stdout(26221): [STARTUP] API server listening on port 8080
04-06 15:36:07.539 I/python.stdout(26221): [STARTUP] Server ready for connections
04-06 15:36:09.356 I/InteractViewModel(26221): [observeLanguageChanges] Updating pipeline labels for language: ko (explicit=true)
04-06 15:36:09.376 D/CIRISApp(26221): [INIT] CIRISApp composable invoked - googleSignInCallback=PRESENT (101126751)
04-06 15:36:09.377 I/InteractViewModel(26221): [setDeviceAttestationCallback] Device attestation callback SET
04-06 15:36:11.860 I/InteractViewModel(26221): [observeLanguageChanges] Updating pipeline labels for language: pt (explicit=true)
04-06 15:36:11.865 D/CIRISApp(26221): [INIT] CIRISApp composable invoked - googleSignInCallback=PRESENT (101126751)
04-06 15:36:11.866 I/InteractViewModel(26221): [setDeviceAttestationCallback] Device attestation callback SET
04-06 15:36:11.929 D/CIRISApp(26221): [INIT] CIRISApp composable invoked - googleSignInCallback=PRESENT (101126751)
04-06 15:36:11.931 I/InteractViewModel(26221): [setDeviceAttestationCallback] Device attestation callback SET
04-06 15:36:11.964 D/CIRISApp(26221): [INFO] Startup READY, checking first-run status...
04-06 15:36:12.026 I/CIRISApiClient(26221): [init] CIRISApiClient initialized with baseUrl=http://localhost:8080
04-06 15:36:12.091 I/InteractViewModel(26221): [observeLanguageChanges] Updating pipeline labels for language: en (explicit=true)
04-06 15:36:12.098 D/CIRISApp(26221): [INIT] CIRISApp composable invoked - googleSignInCallback=PRESENT (101126751)
04-06 15:36:12.100 I/InteractViewModel(26221): [setDeviceAttestationCallback] Device attestation callback SET
04-06 15:36:12.205 I/CIRISApiClient(26221): [getSetupStatus] Setup status: required=true, firstRun=true, configExists=false
04-06 15:36:12.209 D/CIRISApp(26221): [INFO] First run check result: true
04-06 15:36:12.209 D/CIRISApp(26221): [INFO] First run detected, navigating to Login
04-06 15:36:12.217 D/CIRISApp(26221): [INIT] CIRISApp composable invoked - googleSignInCallback=PRESENT (101126751)
04-06 15:36:12.223 I/InteractViewModel(26221): [setDeviceAttestationCallback] Device attestation callback SET
04-06 15:36:12.229 D/CIRISApp(26221): [DEBUG][Screen.Login] Rendering login screen, googleSignInCallback=PRESENT, isFirstRun=true
04-06 15:36:13.015 D/EnvFileUpdater(26221): Found CIRIS_HOME from env: /data/user/0/ai.ciris.mobile.debug/files/ciris
04-06 15:36:19.731 D/WebViewFactory( 2825): Setting new address space to 152174344
04-06 15:36:19.922 V/WebViewFactory(28511): RelroFileCreator (64bit = false),  32-bit lib: /data/app/com.android.chrome-2/base.apk!/lib/armeabi-v7a/libmonochrome.so, 64-bit lib: 
04-06 15:36:23.016 D/EnvFileUpdater(26221): Found CIRIS_HOME from env: /data/user/0/ai.ciris.mobile.debug/files/ciris
04-06 15:36:33.018 D/EnvFileUpdater(26221): Found CIRIS_HOME from env: /data/user/0/ai.ciris.mobile.debug/files/ciris
04-06 15:36:43.021 D/EnvFileUpdater(26221): Found CIRIS_HOME from env: /data/user/0/ai.ciris.mobile.debug/files/ciris
04-06 15:36:53.024 D/EnvFileUpdater(26221): Found CIRIS_HOME from env: /data/user/0/ai.ciris.mobile.debug/files/ciris
04-06 15:37:03.026 D/EnvFileUpdater(26221): Found CIRIS_HOME from env: /data/user/0/ai.ciris.mobile.debug/files/ciris
04-06 15:37:13.030 D/EnvFileUpdater(26221): Found CIRIS_HOME from env: /data/user/0/ai.ciris.mobile.debug/files/ciris
04-06 15:37:23.033 D/EnvFileUpdater(26221): Found CIRIS_HOME from env: /data/user/0/ai.ciris.mobile.debug/files/ciris
04-06 15:37:33.036 D/EnvFileUpdater(26221): Found CIRIS_HOME from env: /data/user/0/ai.ciris.mobile.debug/files/ciris
04-06 15:37:40.837 D/CIRISApp(26221): [INFO][onGoogleSignIn] Button click handler invoked, googleSignInCallback=PRESENT
04-06 15:37:40.837 D/CIRISApp(26221): [INFO][onGoogleSignIn] Callback is not null, calling onGoogleSignInRequested...
04-06 15:37:40.845 I/MainActivity(26221): Google Sign-In requested from CIRISApp (interactive)
04-06 15:37:41.010 D/CIRISApp(26221): [DEBUG][Screen.Login] Rendering login screen, googleSignInCallback=PRESENT, isFirstRun=true
04-06 15:37:43.037 D/EnvFileUpdater(26221): Found CIRIS_HOME from env: /data/user/0/ai.ciris.mobile.debug/files/ciris
04-06 15:37:43.601 I/MainActivity(26221): Google Sign-In successful: ciristest1@gmail.com
04-06 15:37:43.605 D/CIRISApp(26221): [INFO][onGoogleSignIn] Got result from native sign-in: Success
04-06 15:37:43.606 D/CIRISApp(26221): [DEBUG][onGoogleSignIn] Processing result: Success(idToken=eyJhbGciOiJSUzI1NiIsImtpZCI6ImNjZTRlMDI0YTUxYWEwYzFjNDFjMWE0NTE1YTQxZGQ3ZTk2MTkzNmIiLCJ0eXAiOiJKV1QifQ.eyJpc3MiOiJodHRwczovL2FjY291bnRzLmdvb2dsZS5jb20iLCJhenAiOiIyNjU4ODI4NTM2OTctOGM1M20zaG4yZDcwczdvcWxtMmgxNjdmN2hyZDFhdTYuYXBwcy5nb29nbGV1c2VyY29udGVudC5jb20iLCJhdWQiOiIyNjU4ODI4NTM2OTctbDQyMW5kb2pjczVubTdsa2xuNTNqajI5a2Y3a2NrOTEuYXBwcy5nb29nbGV1c2VyY29udGVudC5jb20iLCJzdWIiOiIxMDI3NzM3NDkwMzM2ODE2NzEwODMiLCJlbWFpbCI6ImNpcmlzdGVzdDFAZ21haWwuY29tIiwiZW1haWxfdmVyaWZpZWQiOnRydWUsIm5hbWUiOiJDSVJJUyBURVNUIiwicGljdHVyZSI6Imh0dHBzOi8vbGgzLmdvb2dsZXVzZXJjb250ZW50LmNvbS9hL0FDZzhvY0t3ZzEwUXB2U1oxWDl2YWZ3eW5kSW51X0RlOGpTdXNqcExZanA0RFdOT253RFBVUT1zOTYtYyIsImdpdmVuX25hbWUiOiJDSVJJUyIsImZhbWlseV9uYW1lIjoiVEVTVCIsImlhdCI6MTc3NTUwNzYzMCwiZXhwIjoxNzc1NTExMjMwfQ.g6ZBQqJzvky3kqdDs6Enz04JsjP0HbEpuY08mlt3n7m3T7So7cBHCIuhDIZLnr0ic4zN0Z8Fw0HIQcP8y594TmxaAWeMMJr42YgN0Z500NVhY7WlEbV7IdTpYJ2i2zPdYr8YXSDxYuGYSqHFnekVRa2msMh1ZU6IK4DNG4HwLIOfAJ1g7GPio_Hw--bdRHhfzCQdleWdgYEjm1rnyspO4razL8bESZf2GoVSB0vs9M758nsZSsGW3Xb7kiRL3LzdyTWuLF7a5gBpV9_zckZhxaCv5OVQhU66c3aEM_84C5Epclp3ieH45NLogYSCtivuHIvat0PRTn80Qrc710q4vQ, userId=102773749033681671083, email=ciristest1@gmail.com, displayName=CIRIS TEST, provider=google)
04-06 15:37:43.606 D/CIRISApp(26221): [INFO] Sign-in success: userId=102773749033681671083, email=ciristest1@gmail.com
04-06 15:37:43.616 D/CIRISApp(26221): [INFO] Checking setup status at http://localhost:8080...
04-06 15:37:43.659 I/CIRISApiClient(26221): [init] CIRISApiClient initialized with baseUrl=http://localhost:8080
04-06 15:37:43.685 D/CIRISApp(26221): [DEBUG][Screen.Login] Rendering login screen, googleSignInCallback=PRESENT, isFirstRun=true
04-06 15:37:43.839 I/CIRISApiClient(26221): [getSetupStatus] Setup status: required=true, firstRun=true, configExists=false
04-06 15:37:43.842 D/CIRISApp(26221): [INFO] Setup required check result: true
04-06 15:37:43.842 D/CIRISApp(26221): [INFO] Setup required - storing tokens and navigating to Setup wizard (provider=google)
04-06 15:37:43.843 I/TokenManager(26221): [setCurrentProvider] Provider set to: google
04-06 15:37:43.848 D/CIRISApp(26221): [INFO] Navigating to Screen.Setup
04-06 15:37:43.850 D/CIRISApp(26221): [INIT] CIRISApp composable invoked - googleSignInCallback=PRESENT (101126751)
04-06 15:37:43.854 I/InteractViewModel(26221): [setDeviceAttestationCallback] Device attestation callback SET
04-06 15:37:43.861 D/CIRISApp(26221): [DEBUG][Screen.Setup] Rendering setup screen
04-06 15:37:47.756 I/CIRISApiClient(26221): [connectToNode] Initiating device auth for node: https://portal.ciris.ai
04-06 15:37:53.025 W/chromium(30649): [WARNING:library_prefetcher.cc(201)] Incorrect code ordering
04-06 15:37:53.025 W/chromium(30649): [WARNING:library_prefetcher.cc(270)] Cannot prefetch the library. status = 1
04-06 15:37:53.038 D/EnvFileUpdater(26221): Found CIRIS_HOME from env: /data/user/0/ai.ciris.mobile.debug/files/ciris
04-06 15:37:53.850 E/chromium(30649): [ERROR:filesystem_posix.cc(62)] mkdir : No such file or directory (2)
04-06 15:37:53.927 I/chromium(30649): [INFO:tin_browser_process_impl.cc(116)] Init
04-06 15:37:54.038 I/chromium(30649): [INFO:extension_system_impl.cc(201)] Init extensions_enabled:1
04-06 15:37:54.040 I/chromium(30649): [INFO:extension_service.cc(512)] Init
04-06 15:37:54.091 I/chromium(30649): [INFO:permissions_updater.cc(704)] NotifyDefaultPolicyHostRestrictionsUpdated
04-06 15:37:54.455 I/chromium(30649): [INFO:tin_anti_tracking_controller.cc(32)] [IAT] Initializing feature data structures.
04-06 15:37:54.533 I/chromium(30649): [INFO:tin_anti_tracking_preferences.cc(76)] [IAT]  state = 0 anti_tracking_gc = 1 bounce_gc = 1 storage_access_state = 2 cs cookie cap state = 1
04-06 15:37:54.601 I/chromium(30649): [INFO:tin_extensions_loader.cc(379)] GetMaskedExtensionsList Not an ext: ahfgeienlihckogmohjhadlkjgocpleb
04-06 15:37:55.079 I/chromium(30649): [INFO:layer_tree_host_impl.cc(198)] SBRTOUCHLOG DidVisibilityChange = 0
04-06 15:37:55.080 I/chromium(30649): [INFO:layer_tree_host_impl.cc(198)] SBRTOUCHLOG DidVisibilityChange = 1
04-06 15:37:55.118 I/chromium(30649): [INFO:browser_gpu_channel_host_factory.cc(364)] EstablishGpuChannel: establishing gpu_channel
04-06 15:37:55.169 I/chromium(30649): [INFO:tin_bfcache_controller.cc(133)] SetConfigSetting BFCACHELOG BFCacheTimeToLive : 180
04-06 15:37:55.169 I/chromium(30649): [INFO:tin_bfcache_controller.cc(133)] SetConfigSetting BFCACHELOG BFCacheRefreshAllowCount : 3
04-06 15:37:55.169 I/chromium(30649): [INFO:tin_bfcache_controller.cc(133)] SetConfigSetting BFCACHELOG BFCacheRefreshCheckingTime : 30
04-06 15:37:55.319 I/chromium(30649): [INFO:layer_tree_impl.cc(1205)] DidUpdatePageScale IsActiveTree: 1 ScaleFactor: 1
04-06 15:37:55.498 I/chromium(30649): [INFO:tin_six_tab_helper.cc(311)] OnTabStateLoaded
04-06 15:37:55.611 I/chromium(30649): [INFO:tin_six_tab_helper.cc(84)] OnCurrentTabChanged 0,1
04-06 15:37:55.611 I/chromium(30649): [INFO:tin_six_tab_helper.cc(1329)] GetWebContentsAtImpl Failed to find: 1 in: 0 entries.
04-06 15:37:55.611 I/chromium(30649): [INFO:tin_six_tab_helper.cc(736)] InsertWebContentsAt 0,1 :0xc1186300
04-06 15:37:55.611 I/chromium(30649): [INFO:tin_six_tab_helper.cc(640)] ForceActivateTabAt 0,1
04-06 15:37:55.697 I/chromium(30649): [INFO:render_widget_host_impl.cc(843)] SBRTOUCHLOG  RenderWidgetHostImpl::WasShown
04-06 15:37:55.697 W/chromium(30649): [WARNING:window_android.cc(109)] TAB-STATUS observer added
04-06 15:37:55.712 W/chromium(30649): [WARNING:render_widget_host_view_android.cc(1906)] TAB-STATUS it is still showing
04-06 15:37:55.712 W/chromium(30649): [WARNING:window_android.cc(123)] TAB-STATUS observer removed
04-06 15:37:55.712 W/chromium(30649): [WARNING:window_android.cc(109)] TAB-STATUS observer added
04-06 15:37:55.714 I/chromium(30649): [INFO:tin_six_tab_helper.cc(621)] ActivateTabAt 0,1
04-06 15:37:55.787 I/chromium(30649): [INFO:tin_anti_tracking_service.cc(40)] [IAT] Service init done. IsOffTheRecord 0
04-06 15:37:55.868 I/chromium(30712): [INFO:dispatcher.cc(1571)] CreateBindingsSystem
04-06 15:37:55.963 I/chromium(30712): [INFO:layer_tree_host_impl.cc(198)] SBRTOUCHLOG DidVisibilityChange = 0
04-06 15:37:55.964 I/chromium(30712): [INFO:layer_tree_host_impl.cc(4001)] SBRTOUCHLOG SetDeferCommitFlagForDebug = 1
04-06 15:37:55.981 E/chromium(30649): [ERROR:tin_metadata_controller.cc(42)] [IAT] No feature prefs found in metadata.
04-06 15:37:56.006 I/chromium(30712): [INFO:tin_anti_tracking_renderer_url_loader_throttle_helper.cc(31)] [IAT] set delegate th 0xbfe80120 td 0xc1262da0
04-06 15:37:56.007 I/chromium(30712): [INFO:tin_smart_protect_renderer.cc(16)] TinSmartProtectRenderer
04-06 15:37:56.010 I/chromium(30712): [INFO:tin_smart_protect_renderer.cc(33)] BindPendingReceiver bound=1
04-06 15:37:56.012 I/chromium(30712): [INFO:layer_tree_host_impl.cc(198)] SBRTOUCHLOG DidVisibilityChange = 1
04-06 15:37:56.019 I/chromium(30649): [INFO:tin_extension_util.cc(156)] IsInstalledInNative Extension Not Installed: khmmfcceknncifmkiimjnnjldibgajpl
04-06 15:37:56.028 I/chromium(30649): [INFO:tin_extension_util.cc(156)] IsInstalledInNative Extension Not Installed: khmmfcceknncifmkiimjnnjldibgajpl
04-06 15:37:56.147 I/chromium(30712): [INFO:memory_cache.cc(126)] MemoryCache MemberMemoryCache is disabled
04-06 15:37:56.188 I/chromium(30649): [INFO:ui_resource_layer_manager.cc(290)] CC-HideUrlbar: EnableUIResourceLayer LayerType: 0 Drawable true
04-06 15:37:56.319 I/chromium(30649): [INFO:ui_resource_layer_manager.cc(290)] CC-HideUrlbar: EnableUIResourceLayer LayerType: 1 Drawable true
04-06 15:37:56.606 I/chromium(30649): [INFO:tin_whitelist_controller.cc(50)] [IAT] Allowlist-0 Parse succeeded with v1.0
04-06 15:37:56.606 I/chromium(30649): [INFO:tin_whitelist_controller.cc(100)] [IAT] Allowlist-1 Parse succeeded with v1.0
04-06 15:37:56.606 E/chromium(30649): [ERROR:tin_whitelist_controller.cc(159)] [IAT] Allowlist-2 not found in v0.0
04-06 15:37:56.606 I/chromium(30649): [INFO:tin_whitelist_controller.cc(104)] [IAT] Allowlist parse succeeded with JSON v1.0
04-06 15:37:56.607 I/chromium(30649): [INFO:tin_blacklist_controller.cc(47)] [IAT] Blocklist parse succeeded with JSON v1.0
04-06 15:37:56.609 I/chromium(30649): [INFO:tin_referrer_whitelist_controller.cc(44)] [IAT] Referrer whitelist parse succeeded
04-06 15:37:56.635 I/chromium(30649): [INFO:tin_six_tab_helper.cc(621)] ActivateTabAt 0,1
04-06 15:37:56.654 I/chromium(30712): [INFO:render_frame_impl.cc(3805)] LoaderLog didCommitProvisionalLoad
04-06 15:37:56.674 I/chromium(30649): [INFO:tin_auto_https_upgrade_monitor.cc(27)] AutoHTTPSUpgrade  FallbackList  size = 0
04-06 15:37:56.825 I/chromium(30712): [INFO:progress_tracker.cc(112)] LoaderLog  FinishedParsing
04-06 15:37:56.828 I/chromium(30712): [INFO:layer_tree_host_impl.cc(4001)] SBRTOUCHLOG SetDeferCommitFlagForDebug = 0
04-06 15:37:57.105 I/chromium(30712): [INFO:layer_tree_impl.cc(1205)] DidUpdatePageScale IsActiveTree: 0 ScaleFactor: 1
04-06 15:37:57.111 I/chromium(30712): [INFO:layer_tree_impl.cc(1205)] DidUpdatePageScale IsActiveTree: 1 ScaleFactor: 1
04-06 15:37:57.472 I/chromium(30649): [INFO:web_contents_impl.cc(6549)] LoaderLog  progress completed
04-06 15:37:57.473 I/chromium(30712): [INFO:render_frame_impl.cc(4027)] LoaderLog didFinishLoad
04-06 15:37:57.474 I/chromium(30712): [INFO:frame_loader.cc(402)] LoaderLog Completed totalBytes = 106022
04-06 15:37:57.474 I/chromium(30712): [INFO:render_frame_impl.cc(5114)] LoaderLog didStopLoading
04-06 15:37:57.556 I/chromium(30712): [INFO:document_loader.cc(793)] LoaderLog UpdateForSameDocumentNavigation  was_loading = 0  is_client_redirect_ = 0  replaces_history_item_ = 1
04-06 15:37:57.556 I/chromium(30712): [INFO:render_frame_impl.cc(5114)] LoaderLog didStopLoading
04-06 15:37:57.581 I/chromium(30649): [INFO:tin_six_tab_helper.cc(621)] ActivateTabAt 0,1
04-06 15:37:57.644 I/chromium(30649): [INFO:tin_six_tab_helper.cc(621)] ActivateTabAt 0,1
04-06 15:37:57.722 I/chromium(30712): [INFO:frame_loader.cc(618)] LoaderLog  StartNavigation  ClientRedirect = 0
04-06 15:37:57.733 I/chromium(30649): [INFO:tin_six_tab_helper.cc(621)] ActivateTabAt 0,1
04-06 15:37:57.735 I/chromium(30712): [INFO:layer_tree_host_impl.cc(198)] SBRTOUCHLOG DidVisibilityChange = 0
04-06 15:37:57.736 I/chromium(30712): [INFO:layer_tree_host_impl.cc(4001)] SBRTOUCHLOG SetDeferCommitFlagForDebug = 1
04-06 15:37:57.736 I/chromium(30712): [INFO:layer_tree_host_impl.cc(4001)] SBRTOUCHLOG SetDeferCommitFlagForDebug = 0
04-06 15:37:57.736 I/chromium(30712): [INFO:tin_anti_tracking_renderer_url_loader_throttle_helper.cc(31)] [IAT] set delegate th 0xbfe80120 td 0xc126bf40
04-06 15:37:57.736 I/chromium(30712): [INFO:tin_smart_protect_renderer.cc(16)] TinSmartProtectRenderer
04-06 15:37:57.737 I/chromium(30712): [INFO:tin_smart_protect_renderer.cc(33)] BindPendingReceiver bound=1
04-06 15:37:57.829 I/chromium(30649): [INFO:url_request_job.cc(191)] LoaderLog  RedirectResponse  status_code = 302
04-06 15:37:57.878 I/chromium(30649): [INFO:tin_six_tab_helper.cc(621)] ActivateTabAt 0,1
04-06 15:37:57.895 I/chromium(30712): [INFO:layer_tree_host_impl.cc(4001)] SBRTOUCHLOG SetDeferCommitFlagForDebug = 1
04-06 15:37:57.915 I/chromium(30712): [INFO:render_frame_impl.cc(3805)] LoaderLog didCommitProvisionalLoad
04-06 15:37:57.919 W/chromium(30649): [WARNING:window_android.cc(123)] TAB-STATUS observer removed
04-06 15:37:57.921 I/chromium(30712): [INFO:layer_tree_host_impl.cc(198)] SBRTOUCHLOG DidVisibilityChange = 0
04-06 15:37:57.924 I/chromium(30649): [INFO:render_widget_host_impl.cc(843)] SBRTOUCHLOG  RenderWidgetHostImpl::WasShown
04-06 15:37:57.924 W/chromium(30649): [WARNING:window_android.cc(109)] TAB-STATUS observer added
04-06 15:37:57.926 I/chromium(30712): [INFO:frame_loader.cc(274)] LoaderLog  SetDefersLoading  DeferType = 1
04-06 15:37:57.926 I/chromium(30712): [INFO:layer_tree_host_impl.cc(198)] SBRTOUCHLOG DidVisibilityChange = 1
04-06 15:37:58.055 I/chromium(30712): [INFO:layer_tree_host_impl.cc(4001)] SBRTOUCHLOG SetDeferCommitFlagForDebug = 0
04-06 15:37:58.295 I/chromium(30712): [INFO:progress_tracker.cc(112)] LoaderLog  FinishedParsing
04-06 15:37:58.316 I/chromium(30712): [INFO:render_frame_impl.cc(4027)] LoaderLog didFinishLoad
04-06 15:37:58.317 I/chromium(30712): [INFO:frame_loader.cc(402)] LoaderLog Completed totalBytes = 105830
04-06 15:37:58.317 I/chromium(30712): [INFO:render_frame_impl.cc(5114)] LoaderLog didStopLoading
04-06 15:37:58.334 I/chromium(30649): [INFO:web_contents_impl.cc(6549)] LoaderLog  progress completed
04-06 15:37:58.371 I/chromium(30712): [INFO:document_loader.cc(793)] LoaderLog UpdateForSameDocumentNavigation  was_loading = 0  is_client_redirect_ = 0  replaces_history_item_ = 1
04-06 15:37:58.371 I/chromium(30712): [INFO:render_frame_impl.cc(5114)] LoaderLog didStopLoading
04-06 15:37:58.382 I/chromium(30649): [INFO:tin_six_tab_helper.cc(621)] ActivateTabAt 0,1
04-06 15:37:58.441 I/chromium(30649): [INFO:tin_six_tab_helper.cc(621)] ActivateTabAt 0,1
04-06 15:37:58.629 I/chromium(30712): [INFO:layer_tree_impl.cc(1205)] DidUpdatePageScale IsActiveTree: 0 ScaleFactor: 1
04-06 15:37:58.677 I/chromium(30712): [INFO:layer_tree_impl.cc(1205)] DidUpdatePageScale IsActiveTree: 1 ScaleFactor: 1
04-06 15:38:00.163 W/chromium(30649): [WARNING:render_widget_host_view_android.cc(1070)] SBRTOUCHLOG  OnTouchEvent, Action::DOWN
04-06 15:38:00.166 I/chromium(30649): [INFO:render_widget_host_input_event_router.cc(861)] SBRTOUCHLOG Set Touch sequence target view: 0xc10c8200
04-06 15:38:00.166 W/chromium(30649): [WARNING:input_router_impl.cc(529)] SBRTOUCHLOG FilterAndSendWebInputEvent, kTouchStart
04-06 15:38:00.174 I/chromium(30712): [INFO:web_frame_widget_impl.cc(2748)] SBRTOUCHLOG Blink HandleInputEvent event received = PointerDown
04-06 15:38:00.186 I/chromium(30712): [INFO:web_frame_widget_impl.cc(2748)] SBRTOUCHLOG Blink HandleInputEvent event received = PointerMove
04-06 15:38:00.187 I/chromium(30712): [INFO:web_frame_widget_impl.cc(2748)] SBRTOUCHLOG Blink HandleInputEvent event received = GestureTapDown
04-06 15:38:00.204 I/chromium(30712): [INFO:web_frame_widget_impl.cc(2748)] SBRTOUCHLOG Blink HandleInputEvent event received = PointerMove
04-06 15:38:00.204 I/chromium(30712): [INFO:layer_tree_host_impl.cc(332)] SBRTOUCHLOG LayerTreeHostImpl::ScrollBegin defer_commit =  0
04-06 15:38:00.205 I/chromium(30712): [INFO:layer_tree_host_impl.cc(303)] SBRTOUCHLOG LayerTreeHostImpl::ScrollBy delta_y = 4.5773
04-06 15:38:00.207 I/chromium(30712): [INFO:web_frame_widget_impl.cc(2748)] SBRTOUCHLOG Blink HandleInputEvent event received = GestureTapCancel
04-06 15:38:00.207 I/chromium(30712): [INFO:web_frame_widget_impl.cc(2748)] SBRTOUCHLOG Blink HandleInputEvent event received = PointerCausedUaAction
04-06 15:38:00.241 I/chromium(30712): [INFO:web_frame_widget_impl.cc(2748)] SBRTOUCHLOG Blink HandleInputEvent event received = PointerMove
04-06 15:38:00.288 I/chromium(30712): [INFO:layer_tree_host_impl.cc(2438)] SBRTOUCHLOG AsyncLayerTreeFrameSink::SubmitCompositorFrame
04-06 15:38:00.306 I/chromium(30712): [INFO:layer_tree_host_impl.cc(303)] SBRTOUCHLOG LayerTreeHostImpl::ScrollBy delta_y = 21.5806
04-06 15:38:00.372 I/chromium(30712): [INFO:layer_tree_host_impl.cc(2438)] SBRTOUCHLOG AsyncLayerTreeFrameSink::SubmitCompositorFrame
04-06 15:38:00.387 I/chromium(30712): [INFO:layer_tree_host_impl.cc(303)] SBRTOUCHLOG LayerTreeHostImpl::ScrollBy delta_y = 29.5144
04-06 15:38:00.439 I/chromium(30712): [INFO:web_frame_widget_impl.cc(2748)] SBRTOUCHLOG Blink HandleInputEvent event received = PointerMove
04-06 15:38:00.441 I/chromium(30712): [INFO:web_frame_widget_impl.cc(2748)] SBRTOUCHLOG Blink HandleInputEvent event received = PointerUp
04-06 15:38:00.444 W/chromium(30649): [WARNING:window_android.cc(109)] TAB-STATUS observer added
04-06 15:38:00.455 I/chromium(30712): [INFO:layer_tree_host_impl.cc(2438)] SBRTOUCHLOG AsyncLayerTreeFrameSink::SubmitCompositorFrame
04-06 15:38:00.471 I/chromium(30712): [INFO:layer_tree_host_impl.cc(303)] SBRTOUCHLOG LayerTreeHostImpl::ScrollBy delta_y = 23.3813
04-06 15:38:00.538 I/chromium(30712): [INFO:layer_tree_host_impl.cc(2438)] SBRTOUCHLOG AsyncLayerTreeFrameSink::SubmitCompositorFrame
04-06 15:38:00.555 I/chromium(30712): [INFO:layer_tree_host_impl.cc(303)] SBRTOUCHLOG LayerTreeHostImpl::ScrollBy delta_y = 39.9343
04-06 15:38:00.588 W/chromium(30649): [WARNING:window_android.cc(123)] TAB-STATUS observer removed
04-06 15:38:00.604 I/chromium(30712): [INFO:layer_tree_host_impl.cc(344)] SBRTOUCHLOG LayerTreeHostImpl::ScrollEnd
04-06 15:38:01.203 W/chromium(30649): [WARNING:render_widget_host_view_android.cc(1070)] SBRTOUCHLOG  OnTouchEvent, Action::DOWN
04-06 15:38:01.205 I/chromium(30649): [INFO:render_widget_host_input_event_router.cc(861)] SBRTOUCHLOG Set Touch sequence target view: 0xc10c8200
04-06 15:38:01.205 W/chromium(30649): [WARNING:input_router_impl.cc(529)] SBRTOUCHLOG FilterAndSendWebInputEvent, kTouchStart
04-06 15:38:01.206 I/chromium(30712): [INFO:web_frame_widget_impl.cc(2748)] SBRTOUCHLOG Blink HandleInputEvent event received = PointerDown
04-06 15:38:01.212 I/chromium(30712): [INFO:web_frame_widget_impl.cc(2748)] SBRTOUCHLOG Blink HandleInputEvent event received = GestureTapDown
04-06 15:38:01.242 I/chromium(30712): [INFO:web_frame_widget_impl.cc(2748)] SBRTOUCHLOG Blink HandleInputEvent event received = PointerMove
04-06 15:38:01.255 I/chromium(30712): [INFO:web_frame_widget_impl.cc(2748)] SBRTOUCHLOG Blink HandleInputEvent event received = PointerMove
04-06 15:38:01.272 I/chromium(30712): [INFO:web_frame_widget_impl.cc(2748)] SBRTOUCHLOG Blink HandleInputEvent event received = PointerMove
04-06 15:38:01.280 I/chromium(30712): [INFO:web_frame_widget_impl.cc(2748)] SBRTOUCHLOG Blink HandleInputEvent event received = PointerMove
04-06 15:38:01.281 I/chromium(30712): [INFO:layer_tree_host_impl.cc(332)] SBRTOUCHLOG LayerTreeHostImpl::ScrollBegin defer_commit =  0
04-06 15:38:01.281 I/chromium(30712): [INFO:layer_tree_host_impl.cc(303)] SBRTOUCHLOG LayerTreeHostImpl::ScrollBy delta_y = -8.24954
04-06 15:38:01.284 I/chromium(30712): [INFO:web_frame_widget_impl.cc(2748)] SBRTOUCHLOG Blink HandleInputEvent event received = GestureTapCancel
04-06 15:38:01.285 I/chromium(30712): [INFO:web_frame_widget_impl.cc(2748)] SBRTOUCHLOG Blink HandleInputEvent event received = PointerCausedUaAction
04-06 15:38:01.289 I/chromium(30712): [INFO:web_frame_widget_impl.cc(2748)] SBRTOUCHLOG Blink HandleInputEvent event received = PointerMove
04-06 15:38:01.357 I/chromium(30712): [INFO:layer_tree_host_impl.cc(2438)] SBRTOUCHLOG AsyncLayerTreeFrameSink::SubmitCompositorFrame
04-06 15:38:01.372 I/chromium(30712): [INFO:layer_tree_host_impl.cc(303)] SBRTOUCHLOG LayerTreeHostImpl::ScrollBy delta_y = -45.3298
04-06 15:38:01.383 W/chromium(30649): [WARNING:window_android.cc(109)] TAB-STATUS observer added
04-06 15:38:01.383 I/chromium(30712): [INFO:web_frame_widget_impl.cc(2748)] SBRTOUCHLOG Blink HandleInputEvent event received = PointerMove
04-06 15:38:01.385 I/chromium(30712): [INFO:web_frame_widget_impl.cc(2748)] SBRTOUCHLOG Blink HandleInputEvent event received = PointerUp
04-06 15:38:01.442 I/chromium(30712): [INFO:layer_tree_host_impl.cc(2438)] SBRTOUCHLOG AsyncLayerTreeFrameSink::SubmitCompositorFrame
04-06 15:38:01.458 I/chromium(30712): [INFO:layer_tree_host_impl.cc(303)] SBRTOUCHLOG LayerTreeHostImpl::ScrollBy delta_y = -60.0073
04-06 15:38:01.524 W/chromium(30649): [WARNING:window_android.cc(123)] TAB-STATUS observer removed
04-06 15:38:01.539 I/chromium(30712): [INFO:layer_tree_host_impl.cc(344)] SBRTOUCHLOG LayerTreeHostImpl::ScrollEnd
04-06 15:38:01.957 W/chromium(30649): [WARNING:render_widget_host_view_android.cc(1070)] SBRTOUCHLOG  OnTouchEvent, Action::DOWN
04-06 15:38:01.957 I/chromium(30649): [INFO:render_widget_host_input_event_router.cc(861)] SBRTOUCHLOG Set Touch sequence target view: 0xc10c8200
04-06 15:38:01.957 W/chromium(30649): [WARNING:input_router_impl.cc(529)] SBRTOUCHLOG FilterAndSendWebInputEvent, kTouchStart
04-06 15:38:01.958 I/chromium(30712): [INFO:web_frame_widget_impl.cc(2748)] SBRTOUCHLOG Blink HandleInputEvent event received = PointerDown
04-06 15:38:01.963 I/chromium(30712): [INFO:web_frame_widget_impl.cc(2748)] SBRTOUCHLOG Blink HandleInputEvent event received = GestureTapDown
04-06 15:38:01.973 I/chromium(30712): [INFO:web_frame_widget_impl.cc(2748)] SBRTOUCHLOG Blink HandleInputEvent event received = PointerMove
04-06 15:38:01.990 I/chromium(30712): [INFO:web_frame_widget_impl.cc(2748)] SBRTOUCHLOG Blink HandleInputEvent event received = PointerMove
04-06 15:38:02.006 I/chromium(30712): [INFO:web_frame_widget_impl.cc(2748)] SBRTOUCHLOG Blink HandleInputEvent event received = PointerMove
04-06 15:38:02.014 I/chromium(30712): [INFO:web_frame_widget_impl.cc(2748)] SBRTOUCHLOG Blink HandleInputEvent event received = PointerMove
04-06 15:38:02.014 I/chromium(30712): [INFO:layer_tree_host_impl.cc(332)] SBRTOUCHLOG LayerTreeHostImpl::ScrollBegin defer_commit =  0
04-06 15:38:02.014 I/chromium(30712): [INFO:layer_tree_host_impl.cc(303)] SBRTOUCHLOG LayerTreeHostImpl::ScrollBy delta_y = 4.39718
04-06 15:38:02.016 I/chromium(30712): [INFO:web_frame_widget_impl.cc(2748)] SBRTOUCHLOG Blink HandleInputEvent event received = GestureTapCancel
04-06 15:38:02.016 I/chromium(30712): [INFO:web_frame_widget_impl.cc(2748)] SBRTOUCHLOG Blink HandleInputEvent event received = PointerCausedUaAction
04-06 15:38:02.023 I/chromium(30712): [INFO:web_frame_widget_impl.cc(2748)] SBRTOUCHLOG Blink HandleInputEvent event received = PointerMove
04-06 15:38:02.074 I/chromium(30712): [INFO:layer_tree_host_impl.cc(2438)] SBRTOUCHLOG AsyncLayerTreeFrameSink::SubmitCompositorFrame
04-06 15:38:02.090 I/chromium(30712): [INFO:layer_tree_host_impl.cc(303)] SBRTOUCHLOG LayerTreeHostImpl::ScrollBy delta_y = 17.5674
04-06 15:38:02.158 I/chromium(30712): [INFO:layer_tree_host_impl.cc(2438)] SBRTOUCHLOG AsyncLayerTreeFrameSink::SubmitCompositorFrame
04-06 15:38:02.174 I/chromium(30712): [INFO:layer_tree_host_impl.cc(303)] SBRTOUCHLOG LayerTreeHostImpl::ScrollBy delta_y = 23.5807
04-06 15:38:02.225 I/chromium(30712): [INFO:web_frame_widget_impl.cc(2748)] SBRTOUCHLOG Blink HandleInputEvent event received = PointerMove
04-06 15:38:02.241 I/chromium(30712): [INFO:layer_tree_host_impl.cc(2438)] SBRTOUCHLOG AsyncLayerTreeFrameSink::SubmitCompositorFrame
04-06 15:38:02.257 I/chromium(30712): [INFO:layer_tree_host_impl.cc(303)] SBRTOUCHLOG LayerTreeHostImpl::ScrollBy delta_y = 15.8712
04-06 15:38:02.308 W/chromium(30649): [WARNING:window_android.cc(109)] TAB-STATUS observer added
04-06 15:38:02.309 I/chromium(30712): [INFO:web_frame_widget_impl.cc(2748)] SBRTOUCHLOG Blink HandleInputEvent event received = PointerMove
04-06 15:38:02.311 I/chromium(30712): [INFO:web_frame_widget_impl.cc(2748)] SBRTOUCHLOG Blink HandleInputEvent event received = PointerUp
04-06 15:38:02.341 I/chromium(30712): [INFO:layer_tree_host_impl.cc(2438)] SBRTOUCHLOG AsyncLayerTreeFrameSink::SubmitCompositorFrame
04-06 15:38:02.357 I/chromium(30712): [INFO:layer_tree_host_impl.cc(303)] SBRTOUCHLOG LayerTreeHostImpl::ScrollBy delta_y = 13.696
04-06 15:38:03.042 D/EnvFileUpdater(26221): Found CIRIS_HOME from env: /data/user/0/ai.ciris.mobile.debug/files/ciris
04-06 15:38:03.159 I/chromium(30712): [INFO:layer_tree_host_impl.cc(344)] SBRTOUCHLOG LayerTreeHostImpl::ScrollEnd
04-06 15:38:03.159 W/chromium(30649): [WARNING:window_android.cc(123)] TAB-STATUS observer removed
04-06 15:38:09.023 W/chromium(30649): [WARNING:render_widget_host_view_android.cc(1070)] SBRTOUCHLOG  OnTouchEvent, Action::DOWN
04-06 15:38:09.024 I/chromium(30649): [INFO:render_widget_host_input_event_router.cc(861)] SBRTOUCHLOG Set Touch sequence target view: 0xc10c8200
04-06 15:38:09.024 W/chromium(30649): [WARNING:input_router_impl.cc(529)] SBRTOUCHLOG FilterAndSendWebInputEvent, kTouchStart
04-06 15:38:09.025 I/chromium(30712): [INFO:web_frame_widget_impl.cc(2748)] SBRTOUCHLOG Blink HandleInputEvent event received = PointerDown
04-06 15:38:09.030 I/chromium(30712): [INFO:web_frame_widget_impl.cc(2748)] SBRTOUCHLOG Blink HandleInputEvent event received = GestureTapDown
04-06 15:38:09.083 I/chromium(30712): [INFO:web_frame_widget_impl.cc(2748)] SBRTOUCHLOG Blink HandleInputEvent event received = PointerMove
04-06 15:38:09.093 I/chromium(30712): [INFO:web_frame_widget_impl.cc(2748)] SBRTOUCHLOG Blink HandleInputEvent event received = PointerUp
04-06 15:38:09.103 I/chromium(30649): [INFO:input_router_impl.cc(641)] SBRTOUCHLOG InputRouterImpl::TouchEventHandled type: TouchEnd & ack: NOT_CONSUMED
04-06 15:38:09.104 I/chromium(30712): [INFO:web_frame_widget_impl.cc(2748)] SBRTOUCHLOG Blink HandleInputEvent event received = GestureShowPress
04-06 15:38:09.112 I/chromium(30712): [INFO:web_frame_widget_impl.cc(2748)] SBRTOUCHLOG Blink HandleInputEvent event received = GestureTap
04-06 15:38:09.348 I/chromium(30712): [INFO:frame_loader.cc(618)] LoaderLog  StartNavigation  ClientRedirect = 0
04-06 15:38:09.363 I/chromium(30649): [INFO:tin_six_tab_helper.cc(621)] ActivateTabAt 0,1
04-06 15:38:09.372 I/chromium(30712): [INFO:layer_tree_host_impl.cc(198)] SBRTOUCHLOG DidVisibilityChange = 0
04-06 15:38:09.372 I/chromium(30712): [INFO:layer_tree_host_impl.cc(4001)] SBRTOUCHLOG SetDeferCommitFlagForDebug = 1
04-06 15:38:09.372 I/chromium(30712): [INFO:layer_tree_host_impl.cc(4001)] SBRTOUCHLOG SetDeferCommitFlagForDebug = 0
04-06 15:38:09.373 I/chromium(30712): [INFO:tin_anti_tracking_renderer_url_loader_throttle_helper.cc(31)] [IAT] set delegate th 0xbfe80120 td 0xc1266220
04-06 15:38:09.373 I/chromium(30712): [INFO:tin_smart_protect_renderer.cc(16)] TinSmartProtectRenderer
04-06 15:38:09.374 I/chromium(30712): [INFO:tin_smart_protect_renderer.cc(33)] BindPendingReceiver bound=1
04-06 15:38:09.671 I/chromium(30649): [INFO:url_request_job.cc(191)] LoaderLog  RedirectResponse  status_code = 302
04-06 15:38:09.804 I/chromium(30649): [INFO:tin_six_tab_helper.cc(621)] ActivateTabAt 0,1
04-06 15:38:09.832 I/chromium(30712): [INFO:layer_tree_host_impl.cc(4001)] SBRTOUCHLOG SetDeferCommitFlagForDebug = 1
04-06 15:38:09.862 I/chromium(30712): [INFO:render_frame_impl.cc(3805)] LoaderLog didCommitProvisionalLoad
04-06 15:38:09.866 W/chromium(30649): [WARNING:window_android.cc(123)] TAB-STATUS observer removed
04-06 15:38:09.868 I/chromium(30712): [INFO:layer_tree_host_impl.cc(198)] SBRTOUCHLOG DidVisibilityChange = 0
04-06 15:38:09.868 I/chromium(30649): [INFO:render_widget_host_impl.cc(843)] SBRTOUCHLOG  RenderWidgetHostImpl::WasShown
04-06 15:38:09.869 W/chromium(30649): [WARNING:window_android.cc(109)] TAB-STATUS observer added
04-06 15:38:09.899 I/chromium(30712): [INFO:frame_loader.cc(274)] LoaderLog  SetDefersLoading  DeferType = 1
04-06 15:38:09.901 I/chromium(30712): [INFO:layer_tree_host_impl.cc(198)] SBRTOUCHLOG DidVisibilityChange = 1
04-06 15:38:09.940 I/chromium(30649): [INFO:render_frame_host_impl.cc(5780)] BFCACHELOG  Eviction  reason = No: cache limit
04-06 15:38:09.947 I/chromium(30712): [INFO:render_frame_impl.cc(5114)] LoaderLog didStopLoading
04-06 15:38:09.948 I/chromium(30712): [INFO:layer_tree_host_impl.cc(4001)] SBRTOUCHLOG SetDeferCommitFlagForDebug = 1
04-06 15:38:09.952 I/chromium(30712): [INFO:layer_tree_host_impl.cc(4001)] SBRTOUCHLOG SetDeferCommitFlagForDebug = 0
04-06 15:38:10.456 I/chromium(30712): [INFO:layer_tree_host_impl.cc(4001)] SBRTOUCHLOG SetDeferCommitFlagForDebug = 0
04-06 15:38:10.605 I/chromium(30712): [INFO:layer_tree_impl.cc(1205)] DidUpdatePageScale IsActiveTree: 0 ScaleFactor: 1
04-06 15:38:10.608 I/chromium(30712): [INFO:layer_tree_impl.cc(1205)] DidUpdatePageScale IsActiveTree: 1 ScaleFactor: 1
04-06 15:38:10.645 I/chromium(30649): [INFO:tin_ml_util_classifier.cc(60)] [IAT] Initialize model for classification
04-06 15:38:11.060 I/chromium(30712): [INFO:progress_tracker.cc(112)] LoaderLog  FinishedParsing
04-06 15:38:11.061 I/chromium(30649): [INFO:web_contents_impl.cc(6549)] LoaderLog  progress completed
04-06 15:38:11.769 I/chromium(30712): [INFO:document_loader.cc(793)] LoaderLog UpdateForSameDocumentNavigation  was_loading = 1  is_client_redirect_ = 0  replaces_history_item_ = 1
04-06 15:38:12.065 W/chromium(30649): [WARNING:render_widget_host_view_android.cc(1070)] SBRTOUCHLOG  OnTouchEvent, Action::DOWN
04-06 15:38:12.066 I/chromium(30649): [INFO:render_widget_host_input_event_router.cc(861)] SBRTOUCHLOG Set Touch sequence target view: 0xc10cbe00
04-06 15:38:12.066 W/chromium(30649): [WARNING:input_router_impl.cc(529)] SBRTOUCHLOG FilterAndSendWebInputEvent, kTouchStart
04-06 15:38:12.187 I/chromium(30712): [INFO:web_frame_widget_impl.cc(2748)] SBRTOUCHLOG Blink HandleInputEvent event received = PointerDown
04-06 15:38:12.193 I/chromium(30712): [INFO:web_frame_widget_impl.cc(2748)] SBRTOUCHLOG Blink HandleInputEvent event received = GestureTapDown
04-06 15:38:12.193 I/chromium(30712): [INFO:web_frame_widget_impl.cc(2748)] SBRTOUCHLOG Blink HandleInputEvent event received = PointerMove
04-06 15:38:12.194 I/chromium(30712): [INFO:web_frame_widget_impl.cc(2748)] SBRTOUCHLOG Blink HandleInputEvent event received = GestureShowPress
04-06 15:38:12.200 I/chromium(30712): [INFO:web_frame_widget_impl.cc(2748)] SBRTOUCHLOG Blink HandleInputEvent event received = PointerUp
04-06 15:38:12.204 I/chromium(30649): [INFO:input_router_impl.cc(641)] SBRTOUCHLOG InputRouterImpl::TouchEventHandled type: TouchEnd & ack: NOT_CONSUMED
04-06 15:38:12.208 I/chromium(30712): [INFO:web_frame_widget_impl.cc(2748)] SBRTOUCHLOG Blink HandleInputEvent event received = GestureTap
04-06 15:38:12.751 I/chromium(30712): [INFO:render_frame_impl.cc(4027)] LoaderLog didFinishLoad
04-06 15:38:12.755 I/chromium(30712): [INFO:frame_loader.cc(402)] LoaderLog Completed totalBytes = 1390187
04-06 15:38:12.755 I/chromium(30712): [INFO:render_frame_impl.cc(5114)] LoaderLog didStopLoading
04-06 15:38:12.758 I/chromium(30649): [INFO:tin_six_tab_helper.cc(621)] ActivateTabAt 0,1
04-06 15:38:12.898 I/chromium(30649): [INFO:tin_six_tab_helper.cc(621)] ActivateTabAt 0,1
04-06 15:38:13.044 D/EnvFileUpdater(26221): Found CIRIS_HOME from env: /data/user/0/ai.ciris.mobile.debug/files/ciris
04-06 15:38:13.599 W/chromium(30649): [WARNING:render_widget_host_view_android.cc(1070)] SBRTOUCHLOG  OnTouchEvent, Action::DOWN
04-06 15:38:13.600 I/chromium(30649): [INFO:render_widget_host_input_event_router.cc(861)] SBRTOUCHLOG Set Touch sequence target view: 0xc10cbe00
04-06 15:38:13.600 W/chromium(30649): [WARNING:input_router_impl.cc(529)] SBRTOUCHLOG FilterAndSendWebInputEvent, kTouchStart
04-06 15:38:13.728 I/chromium(30649): [INFO:tin_six_tab_helper.cc(621)] ActivateTabAt 0,1
04-06 15:38:14.411 I/chromium(30712): [INFO:web_frame_widget_impl.cc(2748)] SBRTOUCHLOG Blink HandleInputEvent event received = PointerDown
04-06 15:38:14.484 I/chromium(30712): [INFO:web_frame_widget_impl.cc(2748)] SBRTOUCHLOG Blink HandleInputEvent event received = GestureTapDown
04-06 15:38:14.485 I/chromium(30712): [INFO:web_frame_widget_impl.cc(2748)] SBRTOUCHLOG Blink HandleInputEvent event received = PointerUp
04-06 15:38:14.557 I/chromium(30649): [INFO:input_router_impl.cc(641)] SBRTOUCHLOG InputRouterImpl::TouchEventHandled type: TouchEnd & ack: NOT_CONSUMED
04-06 15:38:14.562 I/chromium(30712): [INFO:web_frame_widget_impl.cc(2748)] SBRTOUCHLOG Blink HandleInputEvent event received = GestureShowPress
04-06 15:38:14.563 I/chromium(30712): [INFO:web_frame_widget_impl.cc(2748)] SBRTOUCHLOG Blink HandleInputEvent event received = GestureTap
04-06 15:38:14.835 I/chromium(30712): [INFO:web_frame_widget_impl.cc(2748)] SBRTOUCHLOG Blink HandleInputEvent event received = RawKeyDown
04-06 15:38:14.847 I/chromium(30649): [INFO:url_request_job.cc(191)] LoaderLog  RedirectResponse  status_code = 301
04-06 15:38:14.916 I/chromium(30712): [INFO:web_frame_widget_impl.cc(2748)] SBRTOUCHLOG Blink HandleInputEvent event received = KeyUp
04-06 15:38:15.078 I/chromium(30712): [INFO:web_frame_widget_impl.cc(2748)] SBRTOUCHLOG Blink HandleInputEvent event received = RawKeyDown
04-06 15:38:15.147 I/chromium(30712): [INFO:web_frame_widget_impl.cc(2748)] SBRTOUCHLOG Blink HandleInputEvent event received = KeyUp
04-06 15:38:15.248 I/chromium(30712): [INFO:web_frame_widget_impl.cc(2748)] SBRTOUCHLOG Blink HandleInputEvent event received = RawKeyDown
04-06 15:38:15.313 I/chromium(30712): [INFO:web_frame_widget_impl.cc(2748)] SBRTOUCHLOG Blink HandleInputEvent event received = KeyUp
04-06 15:38:15.458 I/chromium(30712): [INFO:web_frame_widget_impl.cc(2748)] SBRTOUCHLOG Blink HandleInputEvent event received = RawKeyDown
04-06 15:38:15.521 I/chromium(30712): [INFO:web_frame_widget_impl.cc(2748)] SBRTOUCHLOG Blink HandleInputEvent event received = KeyUp
04-06 15:38:15.630 I/chromium(30712): [INFO:web_frame_widget_impl.cc(2748)] SBRTOUCHLOG Blink HandleInputEvent event received = RawKeyDown
04-06 15:38:15.681 I/chromium(30712): [INFO:web_frame_widget_impl.cc(2748)] SBRTOUCHLOG Blink HandleInputEvent event received = KeyUp
04-06 15:38:17.191 I/chromium(30712): [INFO:web_frame_widget_impl.cc(2748)] SBRTOUCHLOG Blink HandleInputEvent event received = RawKeyDown
04-06 15:38:17.239 I/chromium(30712): [INFO:web_frame_widget_impl.cc(2748)] SBRTOUCHLOG Blink HandleInputEvent event received = KeyUp
04-06 15:38:17.381 I/chromium(30712): [INFO:web_frame_widget_impl.cc(2748)] SBRTOUCHLOG Blink HandleInputEvent event received = RawKeyDown
04-06 15:38:17.430 I/chromium(30712): [INFO:web_frame_widget_impl.cc(2748)] SBRTOUCHLOG Blink HandleInputEvent event received = KeyUp
04-06 15:38:17.542 I/chromium(30712): [INFO:web_frame_widget_impl.cc(2748)] SBRTOUCHLOG Blink HandleInputEvent event received = RawKeyDown
04-06 15:38:17.582 I/chromium(30712): [INFO:web_frame_widget_impl.cc(2748)] SBRTOUCHLOG Blink HandleInputEvent event received = KeyUp
04-06 15:38:17.648 I/chromium(30712): [INFO:web_frame_widget_impl.cc(2748)] SBRTOUCHLOG Blink HandleInputEvent event received = RawKeyDown
04-06 15:38:17.699 I/chromium(30712): [INFO:web_frame_widget_impl.cc(2748)] SBRTOUCHLOG Blink HandleInputEvent event received = KeyUp
04-06 15:38:18.858 I/chromium(30712): [INFO:web_frame_widget_impl.cc(2748)] SBRTOUCHLOG Blink HandleInputEvent event received = RawKeyDown
04-06 15:38:18.901 I/chromium(30712): [INFO:web_frame_widget_impl.cc(2748)] SBRTOUCHLOG Blink HandleInputEvent event received = KeyUp
04-06 15:38:19.733 I/chromium(30712): [INFO:web_frame_widget_impl.cc(2748)] SBRTOUCHLOG Blink HandleInputEvent event received = RawKeyDown
04-06 15:38:19.776 I/chromium(30712): [INFO:web_frame_widget_impl.cc(2748)] SBRTOUCHLOG Blink HandleInputEvent event received = KeyUp
04-06 15:38:19.795 I/chromium(30712): [INFO:web_frame_widget_impl.cc(2748)] SBRTOUCHLOG Blink HandleInputEvent event received = RawKeyDown
04-06 15:38:19.817 I/chromium(30712): [INFO:web_frame_widget_impl.cc(2748)] SBRTOUCHLOG Blink HandleInputEvent event received = KeyUp
04-06 15:38:19.837 I/chromium(30712): [INFO:web_frame_widget_impl.cc(2748)] SBRTOUCHLOG Blink HandleInputEvent event received = RawKeyDown
04-06 15:38:19.870 I/chromium(30712): [INFO:web_frame_widget_impl.cc(2748)] SBRTOUCHLOG Blink HandleInputEvent event received = KeyUp
04-06 15:38:20.223 I/chromium(30712): [INFO:web_frame_widget_impl.cc(2748)] SBRTOUCHLOG Blink HandleInputEvent event received = RawKeyDown
04-06 15:38:20.268 I/chromium(30712): [INFO:web_frame_widget_impl.cc(2748)] SBRTOUCHLOG Blink HandleInputEvent event received = KeyUp
04-06 15:38:20.400 I/chromium(30712): [INFO:web_frame_widget_impl.cc(2748)] SBRTOUCHLOG Blink HandleInputEvent event received = RawKeyDown
04-06 15:38:20.447 I/chromium(30712): [INFO:web_frame_widget_impl.cc(2748)] SBRTOUCHLOG Blink HandleInputEvent event received = KeyUp
04-06 15:38:20.523 I/chromium(30712): [INFO:web_frame_widget_impl.cc(2748)] SBRTOUCHLOG Blink HandleInputEvent event received = RawKeyDown
04-06 15:38:20.561 I/chromium(30712): [INFO:web_frame_widget_impl.cc(2748)] SBRTOUCHLOG Blink HandleInputEvent event received = KeyUp
04-06 15:38:20.668 I/chromium(30712): [INFO:web_frame_widget_impl.cc(2748)] SBRTOUCHLOG Blink HandleInputEvent event received = RawKeyDown
04-06 15:38:20.711 I/chromium(30712): [INFO:web_frame_widget_impl.cc(2748)] SBRTOUCHLOG Blink HandleInputEvent event received = KeyUp
04-06 15:38:20.829 I/chromium(30712): [INFO:web_frame_widget_impl.cc(2748)] SBRTOUCHLOG Blink HandleInputEvent event received = RawKeyDown
04-06 15:38:20.877 I/chromium(30712): [INFO:web_frame_widget_impl.cc(2748)] SBRTOUCHLOG Blink HandleInputEvent event received = KeyUp
04-06 15:38:21.658 I/chromium(30712): [INFO:web_frame_widget_impl.cc(2748)] SBRTOUCHLOG Blink HandleInputEvent event received = RawKeyDown
04-06 15:38:21.704 I/chromium(30712): [INFO:web_frame_widget_impl.cc(2748)] SBRTOUCHLOG Blink HandleInputEvent event received = KeyUp
04-06 15:38:22.190 W/chromium(30649): [WARNING:render_widget_host_view_android.cc(1070)] SBRTOUCHLOG  OnTouchEvent, Action::DOWN
04-06 15:38:22.191 I/chromium(30649): [INFO:render_widget_host_input_event_router.cc(861)] SBRTOUCHLOG Set Touch sequence target view: 0xc10cbe00
04-06 15:38:22.191 W/chromium(30649): [WARNING:input_router_impl.cc(529)] SBRTOUCHLOG FilterAndSendWebInputEvent, kTouchStart
04-06 15:38:22.217 I/chromium(30712): [INFO:web_frame_widget_impl.cc(2748)] SBRTOUCHLOG Blink HandleInputEvent event received = PointerDown
04-06 15:38:22.228 I/chromium(30712): [INFO:layer_tree_host_impl.cc(332)] SBRTOUCHLOG LayerTreeHostImpl::ScrollBegin defer_commit =  0
04-06 15:38:22.229 I/chromium(30712): [INFO:layer_tree_host_impl.cc(303)] SBRTOUCHLOG LayerTreeHostImpl::ScrollBy delta_y = 4.9077
04-06 15:38:22.245 I/chromium(30712): [INFO:web_frame_widget_impl.cc(2748)] SBRTOUCHLOG Blink HandleInputEvent event received = GestureTapDown
04-06 15:38:22.246 I/chromium(30712): [INFO:web_frame_widget_impl.cc(2748)] SBRTOUCHLOG Blink HandleInputEvent event received = PointerMove
04-06 15:38:22.263 I/chromium(30712): [INFO:web_frame_widget_impl.cc(2748)] SBRTOUCHLOG Blink HandleInputEvent event received = GestureTapCancel
04-06 15:38:22.264 I/chromium(30712): [INFO:web_frame_widget_impl.cc(2748)] SBRTOUCHLOG Blink HandleInputEvent event received = PointerCausedUaAction
04-06 15:38:22.277 I/chromium(30712): [INFO:web_frame_widget_impl.cc(2748)] SBRTOUCHLOG Blink HandleInputEvent event received = PointerMove
04-06 15:38:22.300 I/chromium(30712): [INFO:layer_tree_host_impl.cc(2438)] SBRTOUCHLOG AsyncLayerTreeFrameSink::SubmitCompositorFrame
04-06 15:38:22.316 I/chromium(30712): [INFO:layer_tree_host_impl.cc(303)] SBRTOUCHLOG LayerTreeHostImpl::ScrollBy delta_y = 19.8855
04-06 15:38:22.377 W/chromium(30649): [WARNING:window_android.cc(109)] TAB-STATUS observer added
04-06 15:38:22.378 I/chromium(30712): [INFO:web_frame_widget_impl.cc(2748)] SBRTOUCHLOG Blink HandleInputEvent event received = PointerMove
04-06 15:38:22.384 I/chromium(30712): [INFO:layer_tree_host_impl.cc(2438)] SBRTOUCHLOG AsyncLayerTreeFrameSink::SubmitCompositorFrame
04-06 15:38:22.390 I/chromium(30712): [INFO:web_frame_widget_impl.cc(2748)] SBRTOUCHLOG Blink HandleInputEvent event received = PointerUp
