04-06 15:38:22.400 I/chromium(30712): [INFO:layer_tree_host_impl.cc(303)] SBRTOUCHLOG LayerTreeHostImpl::ScrollBy delta_y = 6.50261
04-06 15:38:22.467 I/chromium(30712): [INFO:layer_tree_host_impl.cc(2438)] SBRTOUCHLOG AsyncLayerTreeFrameSink::SubmitCompositorFrame
04-06 15:38:22.484 I/chromium(30712): [INFO:layer_tree_host_impl.cc(303)] SBRTOUCHLOG LayerTreeHostImpl::ScrollBy delta_y = 22.048
04-06 15:38:22.553 I/chromium(30712): [INFO:layer_tree_host_impl.cc(2438)] SBRTOUCHLOG AsyncLayerTreeFrameSink::SubmitCompositorFrame
04-06 15:38:22.570 I/chromium(30712): [INFO:layer_tree_host_impl.cc(303)] SBRTOUCHLOG LayerTreeHostImpl::ScrollBy delta_y = 16.047
04-06 15:38:22.752 W/chromium(30649): [WARNING:window_android.cc(123)] TAB-STATUS observer removed
04-06 15:38:22.767 I/chromium(30712): [INFO:layer_tree_host_impl.cc(344)] SBRTOUCHLOG LayerTreeHostImpl::ScrollEnd
04-06 15:38:23.046 D/EnvFileUpdater(26221): Found CIRIS_HOME from env: /data/user/0/ai.ciris.mobile.debug/files/ciris
04-06 15:38:23.241 W/chromium(30649): [WARNING:render_widget_host_view_android.cc(1070)] SBRTOUCHLOG  OnTouchEvent, Action::DOWN
04-06 15:38:23.242 I/chromium(30649): [INFO:render_widget_host_input_event_router.cc(861)] SBRTOUCHLOG Set Touch sequence target view: 0xc10cbe00
04-06 15:38:23.242 W/chromium(30649): [WARNING:input_router_impl.cc(529)] SBRTOUCHLOG FilterAndSendWebInputEvent, kTouchStart
04-06 15:38:23.243 I/chromium(30712): [INFO:web_frame_widget_impl.cc(2748)] SBRTOUCHLOG Blink HandleInputEvent event received = PointerDown
04-06 15:38:23.280 I/chromium(30712): [INFO:web_frame_widget_impl.cc(2748)] SBRTOUCHLOG Blink HandleInputEvent event received = GestureTapDown
04-06 15:38:23.284 I/chromium(30712): [INFO:web_frame_widget_impl.cc(2748)] SBRTOUCHLOG Blink HandleInputEvent event received = PointerMove
04-06 15:38:23.293 I/chromium(30712): [INFO:web_frame_widget_impl.cc(2748)] SBRTOUCHLOG Blink HandleInputEvent event received = PointerUp
04-06 15:38:23.331 I/chromium(30649): [INFO:input_router_impl.cc(641)] SBRTOUCHLOG InputRouterImpl::TouchEventHandled type: TouchEnd & ack: NOT_CONSUMED
04-06 15:38:23.335 I/chromium(30712): [INFO:web_frame_widget_impl.cc(2748)] SBRTOUCHLOG Blink HandleInputEvent event received = GestureShowPress
04-06 15:38:23.343 I/chromium(30712): [INFO:web_frame_widget_impl.cc(2748)] SBRTOUCHLOG Blink HandleInputEvent event received = GestureTap
04-06 15:38:24.836 I/chromium(30712): [INFO:document_loader.cc(793)] LoaderLog UpdateForSameDocumentNavigation  was_loading = 0  is_client_redirect_ = 0  replaces_history_item_ = 0
04-06 15:38:24.837 I/chromium(30712): [INFO:render_frame_impl.cc(5114)] LoaderLog didStopLoading
04-06 15:38:24.841 I/chromium(30649): [INFO:navigation_controller_impl.cc(1633)] LoaderLog in-page navigation
04-06 15:38:24.847 I/chromium(30649): [INFO:tin_bfcache_tab_helper.cc(233)] NavigationEntryCommitted  BFCACHELOG  SamePageNav
04-06 15:38:24.926 I/chromium(30649): [INFO:tin_six_tab_helper.cc(621)] ActivateTabAt 0,1
04-06 15:38:26.121 I/chromium(30649): [INFO:tin_six_tab_helper.cc(621)] ActivateTabAt 0,1
04-06 15:38:27.553 W/chromium(30649): [WARNING:render_widget_host_view_android.cc(1070)] SBRTOUCHLOG  OnTouchEvent, Action::DOWN
04-06 15:38:27.553 I/chromium(30649): [INFO:render_widget_host_input_event_router.cc(861)] SBRTOUCHLOG Set Touch sequence target view: 0xc10cbe00
04-06 15:38:27.553 W/chromium(30649): [WARNING:input_router_impl.cc(529)] SBRTOUCHLOG FilterAndSendWebInputEvent, kTouchStart
04-06 15:38:27.555 I/chromium(30712): [INFO:web_frame_widget_impl.cc(2748)] SBRTOUCHLOG Blink HandleInputEvent event received = PointerDown
04-06 15:38:27.613 I/chromium(30712): [INFO:web_frame_widget_impl.cc(2748)] SBRTOUCHLOG Blink HandleInputEvent event received = GestureTapDown
04-06 15:38:27.614 I/chromium(30712): [INFO:web_frame_widget_impl.cc(2748)] SBRTOUCHLOG Blink HandleInputEvent event received = PointerMove
04-06 15:38:27.628 I/chromium(30712): [INFO:web_frame_widget_impl.cc(2748)] SBRTOUCHLOG Blink HandleInputEvent event received = PointerUp
04-06 15:38:27.670 I/chromium(30649): [INFO:input_router_impl.cc(641)] SBRTOUCHLOG InputRouterImpl::TouchEventHandled type: TouchEnd & ack: NOT_CONSUMED
04-06 15:38:27.671 I/chromium(30712): [INFO:web_frame_widget_impl.cc(2748)] SBRTOUCHLOG Blink HandleInputEvent event received = GestureShowPress
04-06 15:38:27.672 I/chromium(30712): [INFO:web_frame_widget_impl.cc(2748)] SBRTOUCHLOG Blink HandleInputEvent event received = GestureTap
04-06 15:38:28.515 I/chromium(30712): [INFO:web_frame_widget_impl.cc(2748)] SBRTOUCHLOG Blink HandleInputEvent event received = RawKeyDown
04-06 15:38:28.583 I/chromium(30712): [INFO:web_frame_widget_impl.cc(2748)] SBRTOUCHLOG Blink HandleInputEvent event received = KeyUp
04-06 15:38:28.858 I/chromium(30712): [INFO:web_frame_widget_impl.cc(2748)] SBRTOUCHLOG Blink HandleInputEvent event received = RawKeyDown
04-06 15:38:28.916 I/chromium(30712): [INFO:web_frame_widget_impl.cc(2748)] SBRTOUCHLOG Blink HandleInputEvent event received = KeyUp
04-06 15:38:29.182 I/chromium(30712): [INFO:web_frame_widget_impl.cc(2748)] SBRTOUCHLOG Blink HandleInputEvent event received = RawKeyDown
04-06 15:38:29.235 I/chromium(30712): [INFO:web_frame_widget_impl.cc(2748)] SBRTOUCHLOG Blink HandleInputEvent event received = KeyUp
04-06 15:38:29.839 I/chromium(30712): [INFO:web_frame_widget_impl.cc(2748)] SBRTOUCHLOG Blink HandleInputEvent event received = RawKeyDown
04-06 15:38:29.898 I/chromium(30712): [INFO:web_frame_widget_impl.cc(2748)] SBRTOUCHLOG Blink HandleInputEvent event received = KeyUp
04-06 15:38:30.200 I/chromium(30712): [INFO:web_frame_widget_impl.cc(2748)] SBRTOUCHLOG Blink HandleInputEvent event received = RawKeyDown
04-06 15:38:30.254 I/chromium(30712): [INFO:web_frame_widget_impl.cc(2748)] SBRTOUCHLOG Blink HandleInputEvent event received = KeyUp
04-06 15:38:30.705 I/chromium(30712): [INFO:web_frame_widget_impl.cc(2748)] SBRTOUCHLOG Blink HandleInputEvent event received = RawKeyDown
04-06 15:38:30.759 I/chromium(30712): [INFO:web_frame_widget_impl.cc(2748)] SBRTOUCHLOG Blink HandleInputEvent event received = KeyUp
04-06 15:38:31.406 I/chromium(30712): [INFO:web_frame_widget_impl.cc(2748)] SBRTOUCHLOG Blink HandleInputEvent event received = KeyUp
04-06 15:38:32.097 I/chromium(30712): [INFO:web_frame_widget_impl.cc(2748)] SBRTOUCHLOG Blink HandleInputEvent event received = KeyUp
04-06 15:38:32.858 I/chromium(30712): [INFO:web_frame_widget_impl.cc(2748)] SBRTOUCHLOG Blink HandleInputEvent event received = RawKeyDown
04-06 15:38:32.911 I/chromium(30712): [INFO:web_frame_widget_impl.cc(2748)] SBRTOUCHLOG Blink HandleInputEvent event received = KeyUp
04-06 15:38:33.048 D/EnvFileUpdater(26221): Found CIRIS_HOME from env: /data/user/0/ai.ciris.mobile.debug/files/ciris
04-06 15:38:33.172 I/chromium(30712): [INFO:web_frame_widget_impl.cc(2748)] SBRTOUCHLOG Blink HandleInputEvent event received = RawKeyDown
04-06 15:38:33.221 I/chromium(30712): [INFO:web_frame_widget_impl.cc(2748)] SBRTOUCHLOG Blink HandleInputEvent event received = KeyUp
04-06 15:38:33.886 I/chromium(30712): [INFO:web_frame_widget_impl.cc(2748)] SBRTOUCHLOG Blink HandleInputEvent event received = RawKeyDown
04-06 15:38:33.940 I/chromium(30712): [INFO:web_frame_widget_impl.cc(2748)] SBRTOUCHLOG Blink HandleInputEvent event received = KeyUp
04-06 15:38:34.239 I/chromium(30712): [INFO:web_frame_widget_impl.cc(2748)] SBRTOUCHLOG Blink HandleInputEvent event received = RawKeyDown
04-06 15:38:34.290 I/chromium(30712): [INFO:web_frame_widget_impl.cc(2748)] SBRTOUCHLOG Blink HandleInputEvent event received = KeyUp
04-06 15:38:34.857 W/chromium(30649): [WARNING:render_widget_host_view_android.cc(1070)] SBRTOUCHLOG  OnTouchEvent, Action::DOWN
04-06 15:38:34.858 I/chromium(30649): [INFO:render_widget_host_input_event_router.cc(861)] SBRTOUCHLOG Set Touch sequence target view: 0xc10cbe00
04-06 15:38:34.858 W/chromium(30649): [WARNING:input_router_impl.cc(529)] SBRTOUCHLOG FilterAndSendWebInputEvent, kTouchStart
04-06 15:38:34.859 I/chromium(30712): [INFO:web_frame_widget_impl.cc(2748)] SBRTOUCHLOG Blink HandleInputEvent event received = PointerDown
04-06 15:38:34.914 I/chromium(30712): [INFO:layer_tree_host_impl.cc(332)] SBRTOUCHLOG LayerTreeHostImpl::ScrollBegin defer_commit =  0
04-06 15:38:34.915 I/chromium(30712): [INFO:layer_tree_host_impl.cc(303)] SBRTOUCHLOG LayerTreeHostImpl::ScrollBy delta_y = 7.01828
04-06 15:38:34.918 I/chromium(30712): [INFO:web_frame_widget_impl.cc(2748)] SBRTOUCHLOG Blink HandleInputEvent event received = GestureTapDown
04-06 15:38:34.919 I/chromium(30712): [INFO:web_frame_widget_impl.cc(2748)] SBRTOUCHLOG Blink HandleInputEvent event received = PointerMove
04-06 15:38:34.943 I/chromium(30712): [INFO:web_frame_widget_impl.cc(2748)] SBRTOUCHLOG Blink HandleInputEvent event received = GestureTapCancel
04-06 15:38:34.944 I/chromium(30712): [INFO:web_frame_widget_impl.cc(2748)] SBRTOUCHLOG Blink HandleInputEvent event received = PointerCausedUaAction
04-06 15:38:34.950 I/chromium(30712): [INFO:web_frame_widget_impl.cc(2748)] SBRTOUCHLOG Blink HandleInputEvent event received = PointerMove
04-06 15:38:34.983 I/chromium(30712): [INFO:layer_tree_host_impl.cc(2438)] SBRTOUCHLOG AsyncLayerTreeFrameSink::SubmitCompositorFrame
04-06 15:38:34.999 I/chromium(30712): [INFO:layer_tree_host_impl.cc(303)] SBRTOUCHLOG LayerTreeHostImpl::ScrollBy delta_y = 30.6988
04-06 15:38:35.037 W/chromium(30649): [WARNING:window_android.cc(109)] TAB-STATUS observer added
04-06 15:38:35.039 I/chromium(30712): [INFO:web_frame_widget_impl.cc(2748)] SBRTOUCHLOG Blink HandleInputEvent event received = PointerMove
04-06 15:38:35.055 I/chromium(30712): [INFO:web_frame_widget_impl.cc(2748)] SBRTOUCHLOG Blink HandleInputEvent event received = PointerUp
04-06 15:38:35.068 I/chromium(30712): [INFO:layer_tree_host_impl.cc(2438)] SBRTOUCHLOG AsyncLayerTreeFrameSink::SubmitCompositorFrame
04-06 15:38:35.083 I/chromium(30712): [INFO:layer_tree_host_impl.cc(303)] SBRTOUCHLOG LayerTreeHostImpl::ScrollBy delta_y = 36.9653
04-06 15:38:35.151 I/chromium(30712): [INFO:layer_tree_host_impl.cc(2438)] SBRTOUCHLOG AsyncLayerTreeFrameSink::SubmitCompositorFrame
04-06 15:38:35.166 I/chromium(30712): [INFO:layer_tree_host_impl.cc(303)] SBRTOUCHLOG LayerTreeHostImpl::ScrollBy delta_y = 30.3454
04-06 15:38:35.200 W/chromium(30649): [WARNING:window_android.cc(123)] TAB-STATUS observer removed
04-06 15:38:35.216 I/chromium(30712): [INFO:layer_tree_host_impl.cc(344)] SBRTOUCHLOG LayerTreeHostImpl::ScrollEnd
04-06 15:38:35.753 W/chromium(30649): [WARNING:render_widget_host_view_android.cc(1070)] SBRTOUCHLOG  OnTouchEvent, Action::DOWN
04-06 15:38:35.754 I/chromium(30649): [INFO:render_widget_host_input_event_router.cc(861)] SBRTOUCHLOG Set Touch sequence target view: 0xc10cbe00
04-06 15:38:35.754 W/chromium(30649): [WARNING:input_router_impl.cc(529)] SBRTOUCHLOG FilterAndSendWebInputEvent, kTouchStart
04-06 15:38:35.755 I/chromium(30712): [INFO:web_frame_widget_impl.cc(2748)] SBRTOUCHLOG Blink HandleInputEvent event received = PointerDown
04-06 15:38:35.802 I/chromium(30712): [INFO:web_frame_widget_impl.cc(2748)] SBRTOUCHLOG Blink HandleInputEvent event received = GestureTapDown
04-06 15:38:35.803 I/chromium(30712): [INFO:web_frame_widget_impl.cc(2748)] SBRTOUCHLOG Blink HandleInputEvent event received = PointerMove
04-06 15:38:35.815 I/chromium(30712): [INFO:web_frame_widget_impl.cc(2748)] SBRTOUCHLOG Blink HandleInputEvent event received = PointerMove
04-06 15:38:35.827 I/chromium(30712): [INFO:web_frame_widget_impl.cc(2748)] SBRTOUCHLOG Blink HandleInputEvent event received = PointerUp
04-06 15:38:35.862 I/chromium(30649): [INFO:input_router_impl.cc(641)] SBRTOUCHLOG InputRouterImpl::TouchEventHandled type: TouchEnd & ack: NOT_CONSUMED
04-06 15:38:35.865 I/chromium(30712): [INFO:web_frame_widget_impl.cc(2748)] SBRTOUCHLOG Blink HandleInputEvent event received = GestureShowPress
04-06 15:38:35.874 I/chromium(30712): [INFO:web_frame_widget_impl.cc(2748)] SBRTOUCHLOG Blink HandleInputEvent event received = GestureTap
04-06 15:38:37.469 I/chromium(30712): [INFO:frame_loader.cc(618)] LoaderLog  StartNavigation  ClientRedirect = 0
04-06 15:38:37.494 I/chromium(30649): [INFO:tin_six_tab_helper.cc(621)] ActivateTabAt 0,1
04-06 15:38:37.506 I/chromium(30712): [INFO:layer_tree_host_impl.cc(198)] SBRTOUCHLOG DidVisibilityChange = 0
04-06 15:38:37.506 I/chromium(30712): [INFO:layer_tree_host_impl.cc(4001)] SBRTOUCHLOG SetDeferCommitFlagForDebug = 1
04-06 15:38:37.507 I/chromium(30712): [INFO:layer_tree_host_impl.cc(4001)] SBRTOUCHLOG SetDeferCommitFlagForDebug = 0
04-06 15:38:37.507 I/chromium(30712): [INFO:tin_anti_tracking_renderer_url_loader_throttle_helper.cc(31)] [IAT] set delegate th 0xbfe80120 td 0x5d647480
04-06 15:38:37.508 I/chromium(30712): [INFO:tin_smart_protect_renderer.cc(16)] TinSmartProtectRenderer
04-06 15:38:37.509 I/chromium(30712): [INFO:tin_smart_protect_renderer.cc(33)] BindPendingReceiver bound=1
04-06 15:38:37.646 I/chromium(30649): [INFO:url_request_job.cc(191)] LoaderLog  RedirectResponse  status_code = 302
04-06 15:38:37.908 I/chromium(30649): [INFO:url_request_job.cc(191)] LoaderLog  RedirectResponse  status_code = 302
04-06 15:38:38.267 I/chromium(30649): [INFO:url_request_job.cc(191)] LoaderLog  RedirectResponse  status_code = 302
04-06 15:38:38.313 I/chromium(30649): [INFO:tin_six_tab_helper.cc(621)] ActivateTabAt 0,1
04-06 15:38:38.332 I/chromium(30712): [INFO:layer_tree_host_impl.cc(4001)] SBRTOUCHLOG SetDeferCommitFlagForDebug = 1
04-06 15:38:38.351 I/chromium(30712): [INFO:render_frame_impl.cc(3805)] LoaderLog didCommitProvisionalLoad
04-06 15:38:38.358 W/chromium(30649): [WARNING:window_android.cc(123)] TAB-STATUS observer removed
04-06 15:38:38.359 I/chromium(30649): [INFO:back_forward_cache_impl.cc(675)] BFCACHELOG  CanStorePageNow  result = No: BackForwardCache::DisableForRenderFrameHost() was called: 2:8:WebBluetooth
04-06 15:38:38.366 I/chromium(30712): [INFO:layer_tree_host_impl.cc(198)] SBRTOUCHLOG DidVisibilityChange = 0
04-06 15:38:38.367 I/chromium(30712): [INFO:render_frame_impl.cc(5114)] LoaderLog didStopLoading
04-06 15:38:38.367 I/chromium(30649): [INFO:render_widget_host_impl.cc(843)] SBRTOUCHLOG  RenderWidgetHostImpl::WasShown
04-06 15:38:38.367 W/chromium(30649): [WARNING:window_android.cc(109)] TAB-STATUS observer added
04-06 15:38:38.383 I/chromium(30712): [INFO:layer_tree_host_impl.cc(4001)] SBRTOUCHLOG SetDeferCommitFlagForDebug = 1
04-06 15:38:38.386 I/chromium(30649): [INFO:render_frame_host_impl.cc(5780)] BFCACHELOG  Eviction  reason = No: cache flushed
04-06 15:38:38.398 I/chromium(30712): [INFO:layer_tree_host_impl.cc(4001)] SBRTOUCHLOG SetDeferCommitFlagForDebug = 0
04-06 15:38:38.410 I/chromium(30712): [INFO:layer_tree_host_impl.cc(198)] SBRTOUCHLOG DidVisibilityChange = 1
04-06 15:38:38.418 I/chromium(30750): [INFO:display_scheduler.cc(477)] AttemptDrawAndSwap Skip draw as frame sink is already destroyed
04-06 15:38:38.437 I/chromium(30712): [INFO:render_frame_impl.cc(5114)] LoaderLog didStopLoading
04-06 15:38:38.438 I/chromium(30712): [INFO:layer_tree_host_impl.cc(4001)] SBRTOUCHLOG SetDeferCommitFlagForDebug = 1
04-06 15:38:38.440 I/chromium(30712): [INFO:layer_tree_host_impl.cc(4001)] SBRTOUCHLOG SetDeferCommitFlagForDebug = 0
04-06 15:38:38.514 I/chromium(30712): [INFO:layer_tree_host_impl.cc(4001)] SBRTOUCHLOG SetDeferCommitFlagForDebug = 0
04-06 15:38:38.529 I/chromium(30712): [INFO:progress_tracker.cc(112)] LoaderLog  FinishedParsing
04-06 15:38:38.534 I/chromium(30712): [INFO:layer_tree_impl.cc(1205)] DidUpdatePageScale IsActiveTree: 0 ScaleFactor: 1
04-06 15:38:38.541 I/chromium(30712): [INFO:layer_tree_impl.cc(1205)] DidUpdatePageScale IsActiveTree: 1 ScaleFactor: 1
04-06 15:38:38.863 I/chromium(30712): [INFO:render_frame_impl.cc(4027)] LoaderLog didFinishLoad
04-06 15:38:38.864 I/chromium(30712): [INFO:frame_loader.cc(402)] LoaderLog Completed totalBytes = 106022
04-06 15:38:38.864 I/chromium(30712): [INFO:render_frame_impl.cc(5114)] LoaderLog didStopLoading
04-06 15:38:38.866 I/chromium(30649): [INFO:web_contents_impl.cc(6549)] LoaderLog  progress completed
04-06 15:38:38.934 I/chromium(30649): [INFO:tin_six_tab_helper.cc(621)] ActivateTabAt 0,1
04-06 15:38:38.940 I/chromium(30712): [INFO:document_loader.cc(793)] LoaderLog UpdateForSameDocumentNavigation  was_loading = 0  is_client_redirect_ = 0  replaces_history_item_ = 1
04-06 15:38:38.940 I/chromium(30712): [INFO:render_frame_impl.cc(5114)] LoaderLog didStopLoading
04-06 15:38:39.392 I/chromium(30649): [INFO:tin_password_manager_presenter.cc(82)] TinPasswordManagerPresenter::UpdatePasswordLists()
04-06 15:38:39.392 I/chromium(30649): [INFO:tin_password_manager_presenter.cc(190)] TinPasswordManagerPresenter::PasswordListPopulater::Populate()
04-06 15:38:39.502 I/chromium(30649): [INFO:tin_six_tab_helper.cc(621)] ActivateTabAt 0,1
04-06 15:38:39.507 I/chromium(30649): [INFO:tin_password_manager_presenter.cc(203)] TinPasswordManagerPresenter::PasswordListPopulater::OnGetPasswordStoreResults()
04-06 15:38:39.507 I/chromium(30649): [INFO:tin_password_manager_presenter.cc(150)] TinPasswordManagerPresenter::SetPasswordList()
04-06 15:38:42.949 W/chromium(30649): [WARNING:render_widget_host_view_android.cc(1070)] SBRTOUCHLOG  OnTouchEvent, Action::DOWN
04-06 15:38:42.949 I/chromium(30649): [INFO:render_widget_host_input_event_router.cc(861)] SBRTOUCHLOG Set Touch sequence target view: 0xc10c3c00
04-06 15:38:42.949 W/chromium(30649): [WARNING:input_router_impl.cc(529)] SBRTOUCHLOG FilterAndSendWebInputEvent, kTouchStart
04-06 15:38:42.951 I/chromium(30712): [INFO:web_frame_widget_impl.cc(2748)] SBRTOUCHLOG Blink HandleInputEvent event received = PointerDown
04-06 15:38:42.963 I/chromium(30712): [INFO:web_frame_widget_impl.cc(2748)] SBRTOUCHLOG Blink HandleInputEvent event received = GestureTapDown
04-06 15:38:42.976 I/chromium(30712): [INFO:web_frame_widget_impl.cc(2748)] SBRTOUCHLOG Blink HandleInputEvent event received = PointerMove
04-06 15:38:42.993 I/chromium(30712): [INFO:web_frame_widget_impl.cc(2748)] SBRTOUCHLOG Blink HandleInputEvent event received = PointerMove
04-06 15:38:43.005 I/chromium(30712): [INFO:web_frame_widget_impl.cc(2748)] SBRTOUCHLOG Blink HandleInputEvent event received = PointerMove
04-06 15:38:43.005 I/chromium(30712): [INFO:layer_tree_host_impl.cc(332)] SBRTOUCHLOG LayerTreeHostImpl::ScrollBegin defer_commit =  0
04-06 15:38:43.006 I/chromium(30712): [INFO:layer_tree_host_impl.cc(303)] SBRTOUCHLOG LayerTreeHostImpl::ScrollBy delta_y = 4.9077
04-06 15:38:43.007 I/chromium(30712): [INFO:web_frame_widget_impl.cc(2748)] SBRTOUCHLOG Blink HandleInputEvent event received = GestureTapCancel
04-06 15:38:43.008 I/chromium(30712): [INFO:web_frame_widget_impl.cc(2748)] SBRTOUCHLOG Blink HandleInputEvent event received = PointerCausedUaAction
04-06 15:38:43.043 I/chromium(30712): [INFO:web_frame_widget_impl.cc(2748)] SBRTOUCHLOG Blink HandleInputEvent event received = PointerMove
04-06 15:38:43.050 D/EnvFileUpdater(26221): Found CIRIS_HOME from env: /data/user/0/ai.ciris.mobile.debug/files/ciris
04-06 15:38:43.095 I/chromium(30712): [INFO:layer_tree_host_impl.cc(2438)] SBRTOUCHLOG AsyncLayerTreeFrameSink::SubmitCompositorFrame
04-06 15:38:43.110 I/chromium(30712): [INFO:layer_tree_host_impl.cc(303)] SBRTOUCHLOG LayerTreeHostImpl::ScrollBy delta_y = 52.2595
04-06 15:38:43.174 W/chromium(30649): [WARNING:window_android.cc(109)] TAB-STATUS observer added
04-06 15:38:43.174 I/chromium(30712): [INFO:web_frame_widget_impl.cc(2748)] SBRTOUCHLOG Blink HandleInputEvent event received = PointerMove
04-06 15:38:43.176 I/chromium(30712): [INFO:web_frame_widget_impl.cc(2748)] SBRTOUCHLOG Blink HandleInputEvent event received = PointerUp
04-06 15:38:43.177 I/chromium(30712): [INFO:layer_tree_host_impl.cc(2438)] SBRTOUCHLOG AsyncLayerTreeFrameSink::SubmitCompositorFrame
04-06 15:38:43.193 I/chromium(30712): [INFO:layer_tree_host_impl.cc(303)] SBRTOUCHLOG LayerTreeHostImpl::ScrollBy delta_y = 4.37013
04-06 15:38:43.261 I/chromium(30712): [INFO:layer_tree_host_impl.cc(2438)] SBRTOUCHLOG AsyncLayerTreeFrameSink::SubmitCompositorFrame
04-06 15:38:43.277 I/chromium(30712): [INFO:layer_tree_host_impl.cc(303)] SBRTOUCHLOG LayerTreeHostImpl::ScrollBy delta_y = 58.9728
04-06 15:38:43.347 I/chromium(30712): [INFO:layer_tree_host_impl.cc(2438)] SBRTOUCHLOG AsyncLayerTreeFrameSink::SubmitCompositorFrame
04-06 15:38:43.362 I/chromium(30712): [INFO:layer_tree_host_impl.cc(303)] SBRTOUCHLOG LayerTreeHostImpl::ScrollBy delta_y = 48.5167
04-06 15:38:43.882 W/chromium(30649): [WARNING:render_widget_host_view_android.cc(1070)] SBRTOUCHLOG  OnTouchEvent, Action::DOWN
04-06 15:38:43.882 I/chromium(30649): [INFO:render_widget_host_input_event_router.cc(861)] SBRTOUCHLOG Set Touch sequence target view: 0xc10c3c00
04-06 15:38:43.882 W/chromium(30649): [WARNING:input_router_impl.cc(529)] SBRTOUCHLOG FilterAndSendWebInputEvent, kTouchStart
04-06 15:38:43.884 I/chromium(30712): [INFO:web_frame_widget_impl.cc(2748)] SBRTOUCHLOG Blink HandleInputEvent event received = PointerDown
04-06 15:38:43.886 W/chromium(30649): [WARNING:window_android.cc(123)] TAB-STATUS observer removed
04-06 15:38:43.894 I/chromium(30712): [INFO:layer_tree_host_impl.cc(344)] SBRTOUCHLOG LayerTreeHostImpl::ScrollEnd
04-06 15:38:43.894 I/chromium(30712): [INFO:web_frame_widget_impl.cc(2748)] SBRTOUCHLOG Blink HandleInputEvent event received = PointerMove
04-06 15:38:43.912 I/chromium(30712): [INFO:web_frame_widget_impl.cc(2748)] SBRTOUCHLOG Blink HandleInputEvent event received = PointerMove
04-06 15:38:43.928 I/chromium(30712): [INFO:web_frame_widget_impl.cc(2748)] SBRTOUCHLOG Blink HandleInputEvent event received = PointerMove
04-06 15:38:43.937 I/chromium(30712): [INFO:layer_tree_host_impl.cc(332)] SBRTOUCHLOG LayerTreeHostImpl::ScrollBegin defer_commit =  0
04-06 15:38:43.938 I/chromium(30712): [INFO:web_frame_widget_impl.cc(2748)] SBRTOUCHLOG Blink HandleInputEvent event received = PointerMove
04-06 15:38:43.938 I/chromium(30712): [INFO:layer_tree_host_impl.cc(303)] SBRTOUCHLOG LayerTreeHostImpl::ScrollBy delta_y = 2.4096
04-06 15:38:43.940 I/chromium(30712): [INFO:web_frame_widget_impl.cc(2748)] SBRTOUCHLOG Blink HandleInputEvent event received = PointerCausedUaAction
04-06 15:38:43.963 I/chromium(30712): [INFO:web_frame_widget_impl.cc(2748)] SBRTOUCHLOG Blink HandleInputEvent event received = PointerMove
04-06 15:38:44.013 I/chromium(30712): [INFO:layer_tree_host_impl.cc(2438)] SBRTOUCHLOG AsyncLayerTreeFrameSink::SubmitCompositorFrame
04-06 15:38:44.028 I/chromium(30712): [INFO:layer_tree_host_impl.cc(303)] SBRTOUCHLOG LayerTreeHostImpl::ScrollBy delta_y = 14.7866
04-06 15:38:44.097 I/chromium(30712): [INFO:layer_tree_host_impl.cc(2438)] SBRTOUCHLOG AsyncLayerTreeFrameSink::SubmitCompositorFrame
04-06 15:38:44.113 I/chromium(30712): [INFO:layer_tree_host_impl.cc(303)] SBRTOUCHLOG LayerTreeHostImpl::ScrollBy delta_y = 9.46735
04-06 15:38:44.165 I/chromium(30712): [INFO:web_frame_widget_impl.cc(2748)] SBRTOUCHLOG Blink HandleInputEvent event received = PointerMove
04-06 15:38:44.180 I/chromium(30712): [INFO:layer_tree_host_impl.cc(2438)] SBRTOUCHLOG AsyncLayerTreeFrameSink::SubmitCompositorFrame
04-06 15:38:44.197 I/chromium(30712): [INFO:layer_tree_host_impl.cc(303)] SBRTOUCHLOG LayerTreeHostImpl::ScrollBy delta_y = 8.62222
04-06 15:38:44.265 I/chromium(30712): [INFO:layer_tree_host_impl.cc(2438)] SBRTOUCHLOG AsyncLayerTreeFrameSink::SubmitCompositorFrame
04-06 15:38:44.279 I/chromium(30712): [INFO:layer_tree_host_impl.cc(303)] SBRTOUCHLOG LayerTreeHostImpl::ScrollBy delta_y = 35.7671
04-06 15:38:44.365 I/chromium(30712): [INFO:web_frame_widget_impl.cc(2748)] SBRTOUCHLOG Blink HandleInputEvent event received = PointerMove
04-06 15:38:44.368 W/chromium(30649): [WARNING:window_android.cc(109)] TAB-STATUS observer added
04-06 15:38:44.371 I/chromium(30712): [INFO:web_frame_widget_impl.cc(2748)] SBRTOUCHLOG Blink HandleInputEvent event received = PointerUp
04-06 15:38:45.842 W/chromium(30649): [WARNING:render_widget_host_view_android.cc(1070)] SBRTOUCHLOG  OnTouchEvent, Action::DOWN
04-06 15:38:45.842 I/chromium(30649): [INFO:render_widget_host_input_event_router.cc(861)] SBRTOUCHLOG Set Touch sequence target view: 0xc10c3c00
04-06 15:38:45.842 W/chromium(30649): [WARNING:input_router_impl.cc(529)] SBRTOUCHLOG FilterAndSendWebInputEvent, kTouchStart
04-06 15:38:45.844 I/chromium(30712): [INFO:web_frame_widget_impl.cc(2748)] SBRTOUCHLOG Blink HandleInputEvent event received = PointerDown
04-06 15:38:45.845 W/chromium(30649): [WARNING:window_android.cc(123)] TAB-STATUS observer removed
04-06 15:38:45.848 I/chromium(30712): [INFO:layer_tree_host_impl.cc(344)] SBRTOUCHLOG LayerTreeHostImpl::ScrollEnd
04-06 15:38:45.850 I/chromium(30712): [INFO:web_frame_widget_impl.cc(2748)] SBRTOUCHLOG Blink HandleInputEvent event received = GestureTapDown
04-06 15:38:45.864 I/chromium(30712): [INFO:web_frame_widget_impl.cc(2748)] SBRTOUCHLOG Blink HandleInputEvent event received = PointerMove
04-06 15:38:45.881 I/chromium(30712): [INFO:web_frame_widget_impl.cc(2748)] SBRTOUCHLOG Blink HandleInputEvent event received = PointerMove
04-06 15:38:45.897 I/chromium(30712): [INFO:web_frame_widget_impl.cc(2748)] SBRTOUCHLOG Blink HandleInputEvent event received = PointerMove
04-06 15:38:45.913 I/chromium(30712): [INFO:web_frame_widget_impl.cc(2748)] SBRTOUCHLOG Blink HandleInputEvent event received = PointerMove
04-06 15:38:45.918 I/chromium(30712): [INFO:web_frame_widget_impl.cc(2748)] SBRTOUCHLOG Blink HandleInputEvent event received = PointerMove
04-06 15:38:45.918 I/chromium(30712): [INFO:layer_tree_host_impl.cc(332)] SBRTOUCHLOG LayerTreeHostImpl::ScrollBegin defer_commit =  0
04-06 15:38:45.919 I/chromium(30712): [INFO:layer_tree_host_impl.cc(303)] SBRTOUCHLOG LayerTreeHostImpl::ScrollBy delta_y = 3.86251
04-06 15:38:45.921 I/chromium(30712): [INFO:web_frame_widget_impl.cc(2748)] SBRTOUCHLOG Blink HandleInputEvent event received = GestureTapCancel
04-06 15:38:45.922 I/chromium(30712): [INFO:web_frame_widget_impl.cc(2748)] SBRTOUCHLOG Blink HandleInputEvent event received = PointerCausedUaAction
04-06 15:38:45.931 I/chromium(30712): [INFO:web_frame_widget_impl.cc(2748)] SBRTOUCHLOG Blink HandleInputEvent event received = PointerMove
04-06 15:38:45.981 I/chromium(30712): [INFO:layer_tree_host_impl.cc(2438)] SBRTOUCHLOG AsyncLayerTreeFrameSink::SubmitCompositorFrame
04-06 15:38:45.997 I/chromium(30712): [INFO:layer_tree_host_impl.cc(303)] SBRTOUCHLOG LayerTreeHostImpl::ScrollBy delta_y = 10.3971
04-06 15:38:46.066 I/chromium(30712): [INFO:layer_tree_host_impl.cc(2438)] SBRTOUCHLOG AsyncLayerTreeFrameSink::SubmitCompositorFrame
04-06 15:38:46.080 I/chromium(30712): [INFO:layer_tree_host_impl.cc(303)] SBRTOUCHLOG LayerTreeHostImpl::ScrollBy delta_y = 38.3668
04-06 15:38:46.132 I/chromium(30712): [INFO:web_frame_widget_impl.cc(2748)] SBRTOUCHLOG Blink HandleInputEvent event received = PointerMove
04-06 15:38:46.146 W/chromium(30649): [WARNING:window_android.cc(109)] TAB-STATUS observer added
04-06 15:38:46.147 I/chromium(30712): [INFO:web_frame_widget_impl.cc(2748)] SBRTOUCHLOG Blink HandleInputEvent event received = PointerUp
04-06 15:38:46.165 I/chromium(30712): [INFO:layer_tree_host_impl.cc(2438)] SBRTOUCHLOG AsyncLayerTreeFrameSink::SubmitCompositorFrame
04-06 15:38:46.181 I/chromium(30712): [INFO:layer_tree_host_impl.cc(303)] SBRTOUCHLOG LayerTreeHostImpl::ScrollBy delta_y = 50.5702
04-06 15:38:46.215 W/chromium(30649): [WARNING:window_android.cc(123)] TAB-STATUS observer removed
04-06 15:38:46.230 I/chromium(30712): [INFO:layer_tree_host_impl.cc(344)] SBRTOUCHLOG LayerTreeHostImpl::ScrollEnd
04-06 15:38:46.776 W/chromium(30649): [WARNING:render_widget_host_view_android.cc(1070)] SBRTOUCHLOG  OnTouchEvent, Action::DOWN
04-06 15:38:46.776 I/chromium(30649): [INFO:render_widget_host_input_event_router.cc(861)] SBRTOUCHLOG Set Touch sequence target view: 0xc10c3c00
04-06 15:38:46.776 W/chromium(30649): [WARNING:input_router_impl.cc(529)] SBRTOUCHLOG FilterAndSendWebInputEvent, kTouchStart
04-06 15:38:46.777 I/chromium(30712): [INFO:web_frame_widget_impl.cc(2748)] SBRTOUCHLOG Blink HandleInputEvent event received = PointerDown
04-06 15:38:46.783 I/chromium(30712): [INFO:web_frame_widget_impl.cc(2748)] SBRTOUCHLOG Blink HandleInputEvent event received = GestureTapDown
04-06 15:38:46.848 I/chromium(30712): [INFO:web_frame_widget_impl.cc(2748)] SBRTOUCHLOG Blink HandleInputEvent event received = PointerMove
04-06 15:38:46.860 I/chromium(30712): [INFO:web_frame_widget_impl.cc(2748)] SBRTOUCHLOG Blink HandleInputEvent event received = PointerUp
04-06 15:38:46.865 I/chromium(30649): [INFO:input_router_impl.cc(641)] SBRTOUCHLOG InputRouterImpl::TouchEventHandled type: TouchEnd & ack: NOT_CONSUMED
04-06 15:38:46.866 I/chromium(30712): [INFO:web_frame_widget_impl.cc(2748)] SBRTOUCHLOG Blink HandleInputEvent event received = GestureShowPress
04-06 15:38:46.869 I/chromium(30712): [INFO:web_frame_widget_impl.cc(2748)] SBRTOUCHLOG Blink HandleInputEvent event received = GestureTap
04-06 15:38:47.759 I/chromium(30712): [INFO:frame_loader.cc(618)] LoaderLog  StartNavigation  ClientRedirect = 0
04-06 15:38:47.797 I/chromium(30649): [INFO:tin_six_tab_helper.cc(621)] ActivateTabAt 0,1
04-06 15:38:47.801 I/chromium(30712): [INFO:layer_tree_host_impl.cc(198)] SBRTOUCHLOG DidVisibilityChange = 0
04-06 15:38:47.802 I/chromium(30712): [INFO:layer_tree_host_impl.cc(4001)] SBRTOUCHLOG SetDeferCommitFlagForDebug = 1
04-06 15:38:47.803 I/chromium(30712): [INFO:layer_tree_host_impl.cc(4001)] SBRTOUCHLOG SetDeferCommitFlagForDebug = 0
04-06 15:38:47.804 I/chromium(30712): [INFO:tin_anti_tracking_renderer_url_loader_throttle_helper.cc(31)] [IAT] set delegate th 0xbfe80120 td 0x5d721740
04-06 15:38:47.805 I/chromium(30712): [INFO:tin_smart_protect_renderer.cc(16)] TinSmartProtectRenderer
04-06 15:38:47.807 I/chromium(30712): [INFO:tin_smart_protect_renderer.cc(33)] BindPendingReceiver bound=1
04-06 15:38:48.011 I/chromium(30712): [INFO:tin_anti_tracking_renderer_url_loader_throttle_helper.cc(38)] [IAT] detector destroyed 0x5d721740
04-06 15:38:48.021 I/chromium(30649): [INFO:tin_six_tab_helper.cc(621)] ActivateTabAt 0,1
04-06 15:38:48.410 I/chromium(31159): [INFO:dispatcher.cc(1571)] CreateBindingsSystem
04-06 15:38:48.433 I/chromium(31159): [INFO:layer_tree_host_impl.cc(198)] SBRTOUCHLOG DidVisibilityChange = 0
04-06 15:38:48.433 I/chromium(31159): [INFO:layer_tree_host_impl.cc(4001)] SBRTOUCHLOG SetDeferCommitFlagForDebug = 1
04-06 15:38:48.434 I/chromium(31159): [INFO:layer_tree_host_impl.cc(4001)] SBRTOUCHLOG SetDeferCommitFlagForDebug = 0
04-06 15:38:48.434 I/chromium(31159): [INFO:tin_anti_tracking_renderer_url_loader_throttle_helper.cc(31)] [IAT] set delegate th 0xc0417e20 td 0xc1263660
04-06 15:38:48.434 I/chromium(31159): [INFO:tin_smart_protect_renderer.cc(16)] TinSmartProtectRenderer
04-06 15:38:48.435 I/chromium(31159): [INFO:tin_smart_protect_renderer.cc(33)] BindPendingReceiver bound=1
04-06 15:38:48.445 I/chromium(31159): [INFO:layer_tree_host_impl.cc(4001)] SBRTOUCHLOG SetDeferCommitFlagForDebug = 1
04-06 15:38:48.469 I/chromium(31159): [INFO:render_frame_impl.cc(3805)] LoaderLog didCommitProvisionalLoad
04-06 15:38:48.472 W/chromium(30649): [WARNING:window_android.cc(123)] TAB-STATUS observer removed
04-06 15:38:48.473 I/chromium(30712): [INFO:layer_tree_host_impl.cc(198)] SBRTOUCHLOG DidVisibilityChange = 0
04-06 15:38:48.474 I/chromium(30649): [INFO:render_widget_host_impl.cc(843)] SBRTOUCHLOG  RenderWidgetHostImpl::WasShown
04-06 15:38:48.474 W/chromium(30649): [WARNING:window_android.cc(109)] TAB-STATUS observer added
04-06 15:38:48.480 I/chromium(30712): [INFO:frame_loader.cc(274)] LoaderLog  SetDefersLoading  DeferType = 1
04-06 15:38:48.508 I/chromium(31159): [INFO:layer_tree_host_impl.cc(198)] SBRTOUCHLOG DidVisibilityChange = 1
04-06 15:38:48.537 I/chromium(31159): [INFO:memory_cache.cc(126)] MemoryCache MemberMemoryCache is disabled
04-06 15:38:48.567 I/chromium(31159): [INFO:layer_tree_host_impl.cc(4001)] SBRTOUCHLOG SetDeferCommitFlagForDebug = 0
04-06 15:38:48.578 I/chromium(31159): [INFO:layer_tree_impl.cc(1205)] DidUpdatePageScale IsActiveTree: 0 ScaleFactor: 1
04-06 15:38:48.579 I/chromium(31159): [INFO:layer_tree_impl.cc(1205)] DidUpdatePageScale IsActiveTree: 1 ScaleFactor: 1
04-06 15:38:49.453 I/chromium(30649): [INFO:render_process_host_impl.cc(4491)] [Renderer][Exit] ChildProcessLauncher::OnChildProcessDied called through JNI pid = 31187, renderer_id =0
04-06 15:38:49.491 I/chromium(31159): [INFO:progress_tracker.cc(112)] LoaderLog  FinishedParsing
04-06 15:38:49.674 I/chromium(31200): [INFO:dispatcher.cc(1571)] CreateBindingsSystem
04-06 15:38:49.699 I/chromium(31200): [INFO:layer_tree_host_impl.cc(198)] SBRTOUCHLOG DidVisibilityChange = 0
04-06 15:38:49.701 I/chromium(31200): [INFO:layer_tree_host_impl.cc(4001)] SBRTOUCHLOG SetDeferCommitFlagForDebug = 1
04-06 15:38:49.745 I/chromium(30649): [INFO:back_forward_cache_impl.cc(675)] BFCACHELOG  CanStorePageNow  result = No: not a main frame, related active contents exist: no BI swap result, HTTP status is not OK, scheme is not HTTP or HTTPS, frame is not fully loaded, main RenderFrameHost doesn't have response headers set, probably due not having successfully committed a navigation.
04-06 15:38:49.746 I/chromium(30649): [INFO:render_widget_host_impl.cc(843)] SBRTOUCHLOG  RenderWidgetHostImpl::WasShown
04-06 15:38:49.746 I/chromium(31200): [INFO:layer_tree_host_impl.cc(198)] SBRTOUCHLOG DidVisibilityChange = 0
04-06 15:38:49.746 I/chromium(31200): [INFO:layer_tree_host_impl.cc(4001)] SBRTOUCHLOG SetDeferCommitFlagForDebug = 1
04-06 15:38:49.771 I/chromium(30649): [INFO:back_forward_cache_impl.cc(675)] BFCACHELOG  CanStorePageNow  result = No: not a main frame, related active contents exist: no BI swap result, HTTP status is not OK, scheme is not HTTP or HTTPS, frame is not fully loaded, main RenderFrameHost doesn't have response headers set, probably due not having successfully committed a navigation.
04-06 15:38:49.772 I/chromium(30649): [INFO:render_widget_host_impl.cc(843)] SBRTOUCHLOG  RenderWidgetHostImpl::WasShown
04-06 15:38:49.787 I/chromium(31200): [INFO:layer_tree_host_impl.cc(198)] SBRTOUCHLOG DidVisibilityChange = 1
04-06 15:38:49.820 I/chromium(31200): [INFO:memory_cache.cc(126)] MemoryCache MemberMemoryCache is disabled
04-06 15:38:49.823 I/chromium(31200): [INFO:layer_tree_host_impl.cc(198)] SBRTOUCHLOG DidVisibilityChange = 1
04-06 15:38:50.112 I/chromium(31200): [INFO:layer_tree_host_impl.cc(198)] SBRTOUCHLOG DidVisibilityChange = 0
04-06 15:38:50.115 I/chromium(31200): [INFO:layer_tree_host_impl.cc(4001)] SBRTOUCHLOG SetDeferCommitFlagForDebug = 0
04-06 15:38:50.118 I/chromium(31200): [INFO:web_view_impl.cc(1439)] Blink ResizeWithBrowserControls old_size = 0 * 0, new_size = 720 * 1040
04-06 15:38:50.119 I/chromium(30649): [INFO:web_contents_impl.cc(6549)] LoaderLog  progress completed
04-06 15:38:50.119 I/chromium(31200): [INFO:layer_tree_host_impl.cc(198)] SBRTOUCHLOG DidVisibilityChange = 0
04-06 15:38:50.121 I/chromium(31200): [INFO:layer_tree_host_impl.cc(4001)] SBRTOUCHLOG SetDeferCommitFlagForDebug = 0
04-06 15:38:51.306 I/chromium(31200): [INFO:layer_tree_host_impl.cc(198)] SBRTOUCHLOG DidVisibilityChange = 0
04-06 15:38:51.306 I/chromium(31200): [INFO:layer_tree_host_impl.cc(4001)] SBRTOUCHLOG SetDeferCommitFlagForDebug = 1
04-06 15:38:51.307 I/chromium(31200): [INFO:web_view_impl.cc(1439)] Blink ResizeWithBrowserControls old_size = 720 * 1040, new_size = 0 * 0
04-06 15:38:51.406 I/chromium(30649): [INFO:back_forward_cache_impl.cc(675)] BFCACHELOG  CanStorePageNow  result = No: not a main frame, related active contents exist: no BI swap result, HTTP status is not OK, scheme is not HTTP or HTTPS, main RenderFrameHost doesn't have response headers set, probably due not having successfully committed a navigation.
04-06 15:38:51.407 I/chromium(30649): [INFO:render_widget_host_impl.cc(843)] SBRTOUCHLOG  RenderWidgetHostImpl::WasShown
04-06 15:38:51.408 I/chromium(31200): [INFO:layer_tree_host_impl.cc(198)] SBRTOUCHLOG DidVisibilityChange = 1
04-06 15:38:51.542 I/chromium(31200): [INFO:layer_tree_host_impl.cc(198)] SBRTOUCHLOG DidVisibilityChange = 0
04-06 15:38:51.545 I/chromium(31200): [INFO:web_view_impl.cc(1439)] Blink ResizeWithBrowserControls old_size = 0 * 0, new_size = 720 * 1040
04-06 15:38:51.545 I/chromium(31200): [INFO:layer_tree_host_impl.cc(4001)] SBRTOUCHLOG SetDeferCommitFlagForDebug = 0
04-06 15:38:52.713 I/chromium(31200): [INFO:layer_tree_host_impl.cc(198)] SBRTOUCHLOG DidVisibilityChange = 0
04-06 15:38:52.714 I/chromium(31200): [INFO:web_view_impl.cc(1439)] Blink ResizeWithBrowserControls old_size = 720 * 1040, new_size = 0 * 0
04-06 15:38:52.716 I/chromium(31200): [INFO:layer_tree_host_impl.cc(4001)] SBRTOUCHLOG SetDeferCommitFlagForDebug = 1
04-06 15:38:52.816 I/chromium(30649): [INFO:back_forward_cache_impl.cc(675)] BFCACHELOG  CanStorePageNow  result = No: not a main frame, related active contents exist: no BI swap result, HTTP status is not OK, scheme is not HTTP or HTTPS, frame is not fully loaded, main RenderFrameHost doesn't have response headers set, probably due not having successfully committed a navigation.
04-06 15:38:52.818 I/chromium(30649): [INFO:render_widget_host_impl.cc(843)] SBRTOUCHLOG  RenderWidgetHostImpl::WasShown
04-06 15:38:52.821 I/chromium(31200): [INFO:layer_tree_host_impl.cc(198)] SBRTOUCHLOG DidVisibilityChange = 1
04-06 15:38:53.002 I/chromium(31200): [INFO:layer_tree_host_impl.cc(198)] SBRTOUCHLOG DidVisibilityChange = 0
04-06 15:38:53.003 I/chromium(31200): [INFO:layer_tree_host_impl.cc(4001)] SBRTOUCHLOG SetDeferCommitFlagForDebug = 1
04-06 15:38:53.030 I/chromium(30649): [INFO:back_forward_cache_impl.cc(675)] BFCACHELOG  CanStorePageNow  result = No: not a main frame, related active contents exist: no BI swap result, HTTP status is not OK, scheme is not HTTP or HTTPS, frame is not fully loaded, main RenderFrameHost doesn't have response headers set, probably due not having successfully committed a navigation.
04-06 15:38:53.031 I/chromium(30649): [INFO:render_widget_host_impl.cc(843)] SBRTOUCHLOG  RenderWidgetHostImpl::WasShown
04-06 15:38:53.032 I/chromium(31200): [INFO:layer_tree_host_impl.cc(198)] SBRTOUCHLOG DidVisibilityChange = 1
04-06 15:38:53.056 D/EnvFileUpdater(26221): Found CIRIS_HOME from env: /data/user/0/ai.ciris.mobile.debug/files/ciris
04-06 15:38:53.306 I/chromium(31246): [INFO:dispatcher.cc(1571)] CreateBindingsSystem
04-06 15:38:53.341 I/chromium(31246): [INFO:layer_tree_host_impl.cc(198)] SBRTOUCHLOG DidVisibilityChange = 0
04-06 15:38:53.342 I/chromium(31246): [INFO:layer_tree_host_impl.cc(4001)] SBRTOUCHLOG SetDeferCommitFlagForDebug = 1
04-06 15:38:53.391 I/chromium(30649): [INFO:back_forward_cache_impl.cc(675)] BFCACHELOG  CanStorePageNow  result = No: not a main frame, related active contents exist: no BI swap result, HTTP status is not OK, scheme is not HTTP or HTTPS, frame is not fully loaded, main RenderFrameHost doesn't have response headers set, probably due not having successfully committed a navigation.
04-06 15:38:53.395 I/chromium(31246): [INFO:layer_tree_host_impl.cc(198)] SBRTOUCHLOG DidVisibilityChange = 0
04-06 15:38:53.395 I/chromium(31246): [INFO:layer_tree_host_impl.cc(4001)] SBRTOUCHLOG SetDeferCommitFlagForDebug = 1
04-06 15:38:53.417 I/chromium(30649): [INFO:back_forward_cache_impl.cc(675)] BFCACHELOG  CanStorePageNow  result = No: not a main frame, related active contents exist: no BI swap result, HTTP status is not OK, scheme is not HTTP or HTTPS, main RenderFrameHost doesn't have response headers set, probably due not having successfully committed a navigation.
04-06 15:38:53.439 I/chromium(31246): [INFO:memory_cache.cc(126)] MemoryCache MemberMemoryCache is disabled
04-06 15:38:53.570 I/chromium(31200): [INFO:layer_tree_host_impl.cc(198)] SBRTOUCHLOG DidVisibilityChange = 0
04-06 15:38:53.571 I/chromium(31200): [INFO:layer_tree_host_impl.cc(4001)] SBRTOUCHLOG SetDeferCommitFlagForDebug = 0
04-06 15:38:53.571 I/chromium(31200): [INFO:web_view_impl.cc(1439)] Blink ResizeWithBrowserControls old_size = 0 * 0, new_size = 720 * 1040
04-06 15:38:53.577 I/chromium(31200): [INFO:layer_tree_host_impl.cc(198)] SBRTOUCHLOG DidVisibilityChange = 0
04-06 15:38:53.578 I/chromium(31200): [INFO:layer_tree_host_impl.cc(4001)] SBRTOUCHLOG SetDeferCommitFlagForDebug = 0
04-06 15:38:53.680 I/chromium(31246): [INFO:web_view_impl.cc(1439)] Blink ResizeWithBrowserControls old_size = 0 * 0, new_size = 720 * 1040
04-06 15:38:53.680 I/chromium(31246): [INFO:layer_tree_host_impl.cc(4001)] SBRTOUCHLOG SetDeferCommitFlagForDebug = 0
04-06 15:38:53.680 I/chromium(31246): [INFO:layer_tree_host_impl.cc(4001)] SBRTOUCHLOG SetDeferCommitFlagForDebug = 0
04-06 15:38:54.121 I/chromium(31200): [INFO:layer_tree_host_impl.cc(198)] SBRTOUCHLOG DidVisibilityChange = 0
04-06 15:38:54.121 I/chromium(31200): [INFO:layer_tree_host_impl.cc(4001)] SBRTOUCHLOG SetDeferCommitFlagForDebug = 1
04-06 15:38:54.121 I/chromium(31200): [INFO:web_view_impl.cc(1439)] Blink ResizeWithBrowserControls old_size = 720 * 1040, new_size = 0 * 0
04-06 15:38:54.229 I/chromium(30649): [INFO:back_forward_cache_impl.cc(675)] BFCACHELOG  CanStorePageNow  result = No: not a main frame, related active contents exist: no BI swap result, HTTP status is not OK, scheme is not HTTP or HTTPS, frame is not fully loaded, main RenderFrameHost doesn't have response headers set, probably due not having successfully committed a navigation.
04-06 15:38:54.230 I/chromium(30649): [INFO:render_widget_host_impl.cc(843)] SBRTOUCHLOG  RenderWidgetHostImpl::WasShown
04-06 15:38:54.231 I/chromium(31200): [INFO:layer_tree_host_impl.cc(198)] SBRTOUCHLOG DidVisibilityChange = 1
04-06 15:38:54.448 I/chromium(30649): [INFO:permission_service_impl.cc(151)] Permissions query about NOTIFICATIONS
04-06 15:38:54.804 I/chromium(31246): [INFO:layer_tree_host_impl.cc(198)] SBRTOUCHLOG DidVisibilityChange = 0
04-06 15:38:54.805 I/chromium(31246): [INFO:layer_tree_host_impl.cc(4001)] SBRTOUCHLOG SetDeferCommitFlagForDebug = 1
04-06 15:38:54.805 I/chromium(31246): [INFO:web_view_impl.cc(1439)] Blink ResizeWithBrowserControls old_size = 720 * 1040, new_size = 0 * 0
04-06 15:38:54.830 I/chromium(30649): [INFO:back_forward_cache_impl.cc(675)] BFCACHELOG  CanStorePageNow  result = No: not a main frame, related active contents exist: no BI swap result, HTTP status is not OK, scheme is not HTTP or HTTPS, frame is not fully loaded, main RenderFrameHost doesn't have response headers set, probably due not having successfully committed a navigation.
04-06 15:38:54.831 I/chromium(30649): [INFO:render_widget_host_impl.cc(843)] SBRTOUCHLOG  RenderWidgetHostImpl::WasShown
04-06 15:38:54.843 I/chromium(30649): [INFO:render_widget_host_impl.cc(843)] SBRTOUCHLOG  RenderWidgetHostImpl::WasShown
04-06 15:38:54.881 I/chromium(31246): [INFO:layer_tree_host_impl.cc(198)] SBRTOUCHLOG DidVisibilityChange = 1
04-06 15:38:54.898 I/chromium(31246): [INFO:layer_tree_host_impl.cc(198)] SBRTOUCHLOG DidVisibilityChange = 0
04-06 15:38:54.898 I/chromium(31246): [INFO:layer_tree_host_impl.cc(198)] SBRTOUCHLOG DidVisibilityChange = 1
04-06 15:38:54.898 I/chromium(31246): [INFO:layer_tree_host_impl.cc(4001)] SBRTOUCHLOG SetDeferCommitFlagForDebug = 0
04-06 15:38:54.945 I/chromium(31200): [INFO:layer_tree_host_impl.cc(198)] SBRTOUCHLOG DidVisibilityChange = 0
04-06 15:38:54.947 I/chromium(31200): [INFO:layer_tree_host_impl.cc(4001)] SBRTOUCHLOG SetDeferCommitFlagForDebug = 0
04-06 15:38:54.947 I/chromium(31200): [INFO:web_view_impl.cc(1439)] Blink ResizeWithBrowserControls old_size = 0 * 0, new_size = 720 * 1040
04-06 15:38:54.958 I/chromium(31246): [INFO:layer_tree_impl.cc(1205)] DidUpdatePageScale IsActiveTree: 0 ScaleFactor: 1
04-06 15:38:54.959 I/chromium(31246): [INFO:layer_tree_impl.cc(1205)] DidUpdatePageScale IsActiveTree: 1 ScaleFactor: 1
04-06 15:38:54.979 I/chromium(31246): [INFO:layer_tree_host_impl.cc(198)] SBRTOUCHLOG DidVisibilityChange = 0
04-06 15:38:54.981 I/chromium(31246): [INFO:web_view_impl.cc(1439)] Blink ResizeWithBrowserControls old_size = 0 * 0, new_size = 720 * 1040
04-06 15:38:56.276 E/chromium(31246): [ERROR:content_block_element_hider.cc(93)] main frame is not a local frame
04-06 15:38:56.281 E/chromium(31246): [ERROR:content_block_element_hider.cc(93)] main frame is not a local frame
04-06 15:38:56.285 E/chromium(31246): [ERROR:content_block_element_hider.cc(93)] main frame is not a local frame
04-06 15:38:56.290 E/chromium(31246): [ERROR:content_block_element_hider.cc(93)] main frame is not a local frame
04-06 15:38:57.588 E/chromium(31246): [ERROR:tin_smart_protect_renderer_url_loader_throttle.cc(113)] GetServiceBridgeForFrame no local root frame
04-06 15:38:57.601 E/chromium(31246): [ERROR:tin_smart_protect_renderer_url_loader_throttle.cc(113)] GetServiceBridgeForFrame no local root frame
04-06 15:38:57.731 I/chromium(31159): [INFO:render_frame_impl.cc(4027)] LoaderLog didFinishLoad
04-06 15:38:57.735 I/chromium(31159): [INFO:frame_loader.cc(402)] LoaderLog Completed totalBytes = 4921186
04-06 15:38:57.735 I/chromium(31159): [INFO:render_frame_impl.cc(5114)] LoaderLog didStopLoading
04-06 15:38:57.739 I/chromium(30649): [INFO:tin_six_tab_helper.cc(621)] ActivateTabAt 0,1
04-06 15:39:00.424 E/chromium(31246): [ERROR:gin_java_bridge_dispatcher.cc(130)] HasJavaMethod method toString not found, returning
04-06 15:39:00.425 E/chromium(31246): [ERROR:gin_java_bridge_dispatcher.cc(130)] HasJavaMethod method name not found, returning
04-06 15:39:00.425 E/chromium(31246): [ERROR:gin_java_bridge_dispatcher.cc(130)] HasJavaMethod method toString not found, returning
04-06 15:39:00.425 E/chromium(31246): [ERROR:gin_java_bridge_dispatcher.cc(130)] HasJavaMethod method name not found, returning
04-06 15:39:02.542 E/chromium(31246): [ERROR:gin_java_bridge_dispatcher.cc(130)] HasJavaMethod method toString not found, returning
04-06 15:39:02.542 E/chromium(31246): [ERROR:gin_java_bridge_dispatcher.cc(130)] HasJavaMethod method name not found, returning
04-06 15:39:02.542 E/chromium(31246): [ERROR:gin_java_bridge_dispatcher.cc(130)] HasJavaMethod method toString not found, returning
04-06 15:39:02.542 E/chromium(31246): [ERROR:gin_java_bridge_dispatcher.cc(130)] HasJavaMethod method name not found, returning
04-06 15:39:03.058 D/EnvFileUpdater(26221): Found CIRIS_HOME from env: /data/user/0/ai.ciris.mobile.debug/files/ciris
04-06 15:39:05.967 W/chromium(30649): [WARNING:render_widget_host_view_android.cc(1070)] SBRTOUCHLOG  OnTouchEvent, Action::DOWN
04-06 15:39:05.968 I/chromium(30649): [INFO:render_widget_host_input_event_router.cc(861)] SBRTOUCHLOG Set Touch sequence target view: 0xc10c5a00
04-06 15:39:05.968 W/chromium(30649): [WARNING:input_router_impl.cc(529)] SBRTOUCHLOG FilterAndSendWebInputEvent, kTouchStart
04-06 15:39:05.970 I/chromium(31159): [INFO:web_frame_widget_impl.cc(2748)] SBRTOUCHLOG Blink HandleInputEvent event received = PointerDown
04-06 15:39:05.987 I/chromium(30649): [INFO:input_router_impl.cc(641)] SBRTOUCHLOG InputRouterImpl::TouchEventHandled type: TouchStart & ack: NOT_CONSUMED
04-06 15:39:05.988 I/chromium(31159): [INFO:web_frame_widget_impl.cc(2748)] SBRTOUCHLOG Blink HandleInputEvent event received = PointerMove
04-06 15:39:05.989 I/chromium(31159): [INFO:web_frame_widget_impl.cc(2748)] SBRTOUCHLOG Blink HandleInputEvent event received = GestureTapDown
04-06 15:39:05.989 I/chromium(30649): [INFO:input_router_impl.cc(641)] SBRTOUCHLOG InputRouterImpl::TouchEventHandled type: TouchMove & ack: CONSUMED
04-06 15:39:06.007 I/chromium(31159): [INFO:web_frame_widget_impl.cc(2748)] SBRTOUCHLOG Blink HandleInputEvent event received = PointerMove
04-06 15:39:06.008 I/chromium(30649): [INFO:input_router_impl.cc(641)] SBRTOUCHLOG InputRouterImpl::TouchEventHandled type: TouchMove & ack: NOT_CONSUMED
04-06 15:39:06.008 I/chromium(30649): [INFO:input_router_impl.cc(641)] SBRTOUCHLOG InputRouterImpl::TouchEventHandled type: TouchMove & ack: NOT_CONSUMED
04-06 15:39:06.010 I/chromium(31159): [INFO:layer_tree_host_impl.cc(332)] SBRTOUCHLOG LayerTreeHostImpl::ScrollBegin defer_commit =  0
04-06 15:39:06.010 I/chromium(31159): [INFO:web_frame_widget_impl.cc(2748)] SBRTOUCHLOG Blink HandleInputEvent event received = GestureTapCancel
04-06 15:39:06.011 I/chromium(31159): [INFO:web_frame_widget_impl.cc(2748)] SBRTOUCHLOG Blink HandleInputEvent event received = PointerCausedUaAction
04-06 15:39:06.017 I/chromium(31159): [INFO:web_frame_widget_impl.cc(2748)] SBRTOUCHLOG Blink HandleInputEvent event received = PointerUp
04-06 15:39:06.019 I/chromium(30649): [INFO:input_router_impl.cc(641)] SBRTOUCHLOG InputRouterImpl::TouchEventHandled type: TouchEnd & ack: NOT_CONSUMED
04-06 15:39:06.019 W/chromium(30649): [WARNING:window_android.cc(109)] TAB-STATUS observer added
04-06 15:39:06.022 I/chromium(31159): [INFO:layer_tree_host_impl.cc(303)] SBRTOUCHLOG LayerTreeHostImpl::ScrollBy delta_y = 18.7258
04-06 15:39:06.092 I/chromium(31159): [INFO:layer_tree_host_impl.cc(2438)] SBRTOUCHLOG AsyncLayerTreeFrameSink::SubmitCompositorFrame
04-06 15:39:06.106 I/chromium(31159): [INFO:layer_tree_host_impl.cc(303)] SBRTOUCHLOG LayerTreeHostImpl::ScrollBy delta_y = 10.3402
04-06 15:39:06.175 I/chromium(31159): [INFO:layer_tree_host_impl.cc(2438)] SBRTOUCHLOG AsyncLayerTreeFrameSink::SubmitCompositorFrame
04-06 15:39:06.191 I/chromium(31159): [INFO:layer_tree_host_impl.cc(303)] SBRTOUCHLOG LayerTreeHostImpl::ScrollBy delta_y = 7.42632
04-06 15:39:06.236 I/chromium(31200): [INFO:web_view_impl.cc(1439)] Blink ResizeWithBrowserControls old_size = 720 * 1040, new_size = 720 * 1232
04-06 15:39:06.238 I/chromium(31246): [INFO:web_view_impl.cc(1439)] Blink ResizeWithBrowserControls old_size = 720 * 1040, new_size = 720 * 1232
