03-25 20:24:29.520 E/CIRISApiClient(18302): [getAuditEntries] Exception: UnknownHostException: Unable to resolve host "localhost": No address associated with hostname
03-25 20:24:29.608 D/EnvFileUpdater(18302): Found CIRIS_HOME from env: /data/user/0/ai.ciris.mobile/files/ciris
03-25 20:24:30.053 D/PythonRuntime(30439): [checkHealth] Exception: Failed to connect to localhost/127.0.0.1:8080
03-25 20:24:30.838 E/CIRISApiClient(18302): [getSystemStatus] Exception: UnknownHostException: Unable to resolve host "localhost": No address associated with hostname
03-25 20:24:31.475 E/CIRISApiClient(18302): [getLlmConfig] Exception: UnknownHostException: Unable to resolve host "localhost": No address associated with hostname
03-25 20:24:31.477 W/InteractViewModel(18302): [fetchHealthData] Failed to fetch LLM config from API: Unable to resolve host "localhost": No address associated with hostname
03-25 20:24:31.484 E/CIRISApiClient(18302): [getVerifyStatus] Exception: UnknownHostException: Unable to resolve host "localhost": No address associated with hostname
03-25 20:24:32.128 D/PythonRuntime(30439): [checkHealth] Exception: Failed to connect to localhost/127.0.0.1:8080
03-25 20:24:32.535 E/CIRISApiClient(18302): [getMessages] Exception: UnknownHostException: Unable to resolve host "localhost": No address associated with hostname | Context: limit=50, is401=false, tokenPresent=true, tokenPreview=ciris_ad...0BKc
03-25 20:24:32.537 W/InteractViewModel(18302): [fetchHistory] Non-auth error: UnknownHostException: Unable to resolve host "localhost": No address associated with hostname
03-25 20:24:32.542 E/CIRISApiClient(18302): [getAuditEntries] Exception: UnknownHostException: Unable to resolve host "localhost": No address associated with hostname
03-25 20:24:32.811 D/EnvFileUpdater(30439): Found CIRIS_HOME from env: /data/user/0/ai.ciris.mobile.debug/files/ciris
03-25 20:24:34.141 I/CIRISApiClient(18302): [listAdapters] Listing adapters
03-25 20:24:34.153 E/CIRISApiClient(18302): [listAdapters] Exception: UnknownHostException: Unable to resolve host "localhost": No address associated with hostname
03-25 20:24:34.155 E/AdaptersViewModel(18302): [fetchAdaptersInternal] Exception: UnknownHostException: Unable to resolve host "localhost": No address associated with hostname
03-25 20:24:34.157 E/AdaptersViewModel(18302): [fetchAdaptersInternal] Stack trace: java.net.UnknownHostException: Unable to resolve host "localhost": No address associated with hostname
03-25 20:24:34.157 E/AdaptersViewModel(18302): 	at java.net.Inet6AddressImpl.lookupHostByName(Inet6AddressImpl.java:124)
03-25 20:24:34.157 E/AdaptersViewModel(18302): 	at java.net.Inet6AddressImpl.lookupAllHostAddr(Inet6AddressImpl.java:103)
03-25 20:24:34.157 E/AdaptersViewModel(18302): 	at java.net.InetAddress.getAllByName(InetAddress.java:1152)
03-25 20:24:34.157 E/AdaptersViewModel(18302): 	at okhttp3.Dns$Companion$DnsSystem.lookup(Dns.kt:49)
03-25 20:24:34.157 E/AdaptersViewModel(18302): 	at okhttp3.internal.connection.RouteSelector.resetNextInetSocketAddress(RouteSelector.kt:169)
03-25 20:24:34.157 E/AdaptersViewModel(18302): 	at okhttp3.internal.connection.RouteS
03-25 20:24:34.158 E/AdaptersViewModel(18302): [startPolling] Polling failed: Unable to resolve host "localhost": No address associated with hostname
03-25 20:24:34.190 D/PythonRuntime(30439): [checkHealth] Exception: Failed to connect to localhost/127.0.0.1:8080
03-25 20:24:35.553 E/CIRISApiClient(18302): [getMessages] Exception: UnknownHostException: Unable to resolve host "localhost": No address associated with hostname | Context: limit=50, is401=false, tokenPresent=true, tokenPreview=ciris_ad...0BKc
03-25 20:24:35.555 W/InteractViewModel(18302): [fetchHistory] Non-auth error: UnknownHostException: Unable to resolve host "localhost": No address associated with hostname
03-25 20:24:35.558 E/CIRISApiClient(18302): [getAuditEntries] Exception: UnknownHostException: Unable to resolve host "localhost": No address associated with hostname
03-25 20:24:35.851 E/CIRISApiClient(18302): [getSystemStatus] Exception: UnknownHostException: Unable to resolve host "localhost": No address associated with hostname
03-25 20:24:36.263 D/PythonRuntime(30439): [checkHealth] Exception: Failed to connect to localhost/127.0.0.1:8080
03-25 20:24:38.341 D/PythonRuntime(30439): [checkHealth] Exception: Failed to connect to localhost/127.0.0.1:8080
03-25 20:24:38.575 E/CIRISApiClient(18302): [getMessages] Exception: UnknownHostException: Unable to resolve host "localhost": No address associated with hostname | Context: limit=50, is401=false, tokenPresent=true, tokenPreview=ciris_ad...0BKc
03-25 20:24:38.578 W/InteractViewModel(18302): [fetchHistory] Non-auth error: UnknownHostException: Unable to resolve host "localhost": No address associated with hostname
03-25 20:24:38.585 E/CIRISApiClient(18302): [getAuditEntries] Exception: UnknownHostException: Unable to resolve host "localhost": No address associated with hostname
03-25 20:24:39.611 D/EnvFileUpdater(18302): Found CIRIS_HOME from env: /data/user/0/ai.ciris.mobile/files/ciris
03-25 20:24:40.415 D/PythonRuntime(30439): [checkHealth] Exception: Failed to connect to localhost/127.0.0.1:8080
03-25 20:24:40.872 E/CIRISApiClient(18302): [getSystemStatus] Exception: UnknownHostException: Unable to resolve host "localhost": No address associated with hostname
03-25 20:24:41.603 E/CIRISApiClient(18302): [getMessages] Exception: UnknownHostException: Unable to resolve host "localhost": No address associated with hostname | Context: limit=50, is401=false, tokenPresent=true, tokenPreview=ciris_ad...0BKc
03-25 20:24:41.607 W/InteractViewModel(18302): [fetchHistory] Non-auth error: UnknownHostException: Unable to resolve host "localhost": No address associated with hostname
03-25 20:24:41.615 E/CIRISApiClient(18302): [getAuditEntries] Exception: UnknownHostException: Unable to resolve host "localhost": No address associated with hostname
03-25 20:24:42.491 D/PythonRuntime(30439): [checkHealth] Exception: Failed to connect to localhost/127.0.0.1:8080
03-25 20:24:42.815 D/EnvFileUpdater(30439): Found CIRIS_HOME from env: /data/user/0/ai.ciris.mobile.debug/files/ciris
03-25 20:24:44.162 I/CIRISApiClient(18302): [listAdapters] Listing adapters
03-25 20:24:44.181 E/CIRISApiClient(18302): [listAdapters] Exception: UnknownHostException: Unable to resolve host "localhost": No address associated with hostname
03-25 20:24:44.183 E/AdaptersViewModel(18302): [fetchAdaptersInternal] Exception: UnknownHostException: Unable to resolve host "localhost": No address associated with hostname
03-25 20:24:44.185 E/AdaptersViewModel(18302): [fetchAdaptersInternal] Stack trace: java.net.UnknownHostException: Unable to resolve host "localhost": No address associated with hostname
03-25 20:24:44.185 E/AdaptersViewModel(18302): 	at java.net.Inet6AddressImpl.lookupHostByName(Inet6AddressImpl.java:156)
03-25 20:24:44.185 E/AdaptersViewModel(18302): 	at java.net.Inet6AddressImpl.lookupAllHostAddr(Inet6AddressImpl.java:103)
03-25 20:24:44.185 E/AdaptersViewModel(18302): 	at java.net.InetAddress.getAllByName(InetAddress.java:1152)
03-25 20:24:44.185 E/AdaptersViewModel(18302): 	at okhttp3.Dns$Companion$DnsSystem.lookup(Dns.kt:49)
03-25 20:24:44.185 E/AdaptersViewModel(18302): 	at okhttp3.internal.connection.RouteSelector.resetNextInetSocketAddress(RouteSelector.kt:169)
03-25 20:24:44.185 E/AdaptersViewModel(18302): 	at okhttp3.internal.connection.RouteS
03-25 20:24:44.186 E/AdaptersViewModel(18302): [startPolling] Polling failed: Unable to resolve host "localhost": No address associated with hostname
03-25 20:24:44.567 D/PythonRuntime(30439): [checkHealth] Exception: Failed to connect to localhost/127.0.0.1:8080
03-25 20:24:44.629 E/CIRISApiClient(18302): [getMessages] Exception: UnknownHostException: Unable to resolve host "localhost": No address associated with hostname | Context: limit=50, is401=false, tokenPresent=true, tokenPreview=ciris_ad...0BKc
03-25 20:24:44.633 W/InteractViewModel(18302): [fetchHistory] Non-auth error: UnknownHostException: Unable to resolve host "localhost": No address associated with hostname
03-25 20:24:44.641 E/CIRISApiClient(18302): [getAuditEntries] Exception: UnknownHostException: Unable to resolve host "localhost": No address associated with hostname
03-25 20:24:45.890 E/CIRISApiClient(18302): [getSystemStatus] Exception: UnknownHostException: Unable to resolve host "localhost": No address associated with hostname
03-25 20:24:46.657 D/PythonRuntime(30439): [checkHealth] Exception: Failed to connect to localhost/127.0.0.1:8080
03-25 20:24:47.655 E/CIRISApiClient(18302): [getMessages] Exception: UnknownHostException: Unable to resolve host "localhost": No address associated with hostname | Context: limit=50, is401=false, tokenPresent=true, tokenPreview=ciris_ad...0BKc
03-25 20:24:47.658 W/InteractViewModel(18302): [fetchHistory] Non-auth error: UnknownHostException: Unable to resolve host "localhost": No address associated with hostname
03-25 20:24:47.666 E/CIRISApiClient(18302): [getAuditEntries] Exception: UnknownHostException: Unable to resolve host "localhost": No address associated with hostname
03-25 20:24:48.744 D/PythonRuntime(30439): [checkHealth] Exception: Failed to connect to localhost/127.0.0.1:8080
03-25 20:24:49.614 D/EnvFileUpdater(18302): Found CIRIS_HOME from env: /data/user/0/ai.ciris.mobile/files/ciris
03-25 20:24:50.687 E/CIRISApiClient(18302): [getMessages] Exception: UnknownHostException: Unable to resolve host "localhost": No address associated with hostname | Context: limit=50, is401=false, tokenPresent=true, tokenPreview=ciris_ad...0BKc
03-25 20:24:50.690 W/InteractViewModel(18302): [fetchHistory] Non-auth error: UnknownHostException: Unable to resolve host "localhost": No address associated with hostname
03-25 20:24:50.697 E/CIRISApiClient(18302): [getAuditEntries] Exception: UnknownHostException: Unable to resolve host "localhost": No address associated with hostname
03-25 20:24:50.809 D/PythonRuntime(30439): [checkHealth] Exception: Failed to connect to localhost/127.0.0.1:8080
03-25 20:24:50.902 E/CIRISApiClient(18302): [getSystemStatus] Exception: UnknownHostException: Unable to resolve host "localhost": No address associated with hostname
03-25 20:24:52.820 D/EnvFileUpdater(30439): Found CIRIS_HOME from env: /data/user/0/ai.ciris.mobile.debug/files/ciris
03-25 20:24:52.881 D/PythonRuntime(30439): [checkHealth] Exception: Failed to connect to localhost/127.0.0.1:8080
03-25 20:24:53.715 E/CIRISApiClient(18302): [getMessages] Exception: UnknownHostException: Unable to resolve host "localhost": No address associated with hostname | Context: limit=50, is401=false, tokenPresent=true, tokenPreview=ciris_ad...0BKc
03-25 20:24:53.719 W/InteractViewModel(18302): [fetchHistory] Non-auth error: UnknownHostException: Unable to resolve host "localhost": No address associated with hostname
03-25 20:24:53.726 E/CIRISApiClient(18302): [getAuditEntries] Exception: UnknownHostException: Unable to resolve host "localhost": No address associated with hostname
03-25 20:24:54.172 I/InteractViewModel(18302): [startSseStream] SSE disconnected
03-25 20:24:54.174 I/InteractViewModel(18302): [startSseStream] Reconnecting in 30000ms...
03-25 20:24:54.188 I/CIRISApiClient(18302): [listAdapters] Listing adapters
03-25 20:24:54.196 E/CIRISApiClient(18302): [listAdapters] Exception: UnknownHostException: Unable to resolve host "localhost": No address associated with hostname
03-25 20:24:54.198 E/AdaptersViewModel(18302): [fetchAdaptersInternal] Exception: UnknownHostException: Unable to resolve host "localhost": No address associated with hostname
03-25 20:24:54.200 E/AdaptersViewModel(18302): [fetchAdaptersInternal] Stack trace: java.net.UnknownHostException: Unable to resolve host "localhost": No address associated with hostname
03-25 20:24:54.200 E/AdaptersViewModel(18302): 	at java.net.Inet6AddressImpl.lookupHostByName(Inet6AddressImpl.java:124)
03-25 20:24:54.200 E/AdaptersViewModel(18302): 	at java.net.Inet6AddressImpl.lookupAllHostAddr(Inet6AddressImpl.java:103)
03-25 20:24:54.200 E/AdaptersViewModel(18302): 	at java.net.InetAddress.getAllByName(InetAddress.java:1152)
03-25 20:24:54.200 E/AdaptersViewModel(18302): 	at okhttp3.Dns$Companion$DnsSystem.lookup(Dns.kt:49)
03-25 20:24:54.200 E/AdaptersViewModel(18302): 	at okhttp3.internal.connection.RouteSelector.resetNextInetSocketAddress(RouteSelector.kt:169)
03-25 20:24:54.200 E/AdaptersViewModel(18302): 	at okhttp3.internal.connection.RouteS
03-25 20:24:54.201 E/AdaptersViewModel(18302): [startPolling] Polling failed: Unable to resolve host "localhost": No address associated with hostname
03-25 20:24:54.958 D/PythonRuntime(30439): [checkHealth] Exception: Failed to connect to localhost/127.0.0.1:8080
03-25 20:24:55.925 E/CIRISApiClient(18302): [getSystemStatus] Exception: UnknownHostException: Unable to resolve host "localhost": No address associated with hostname
03-25 20:24:56.741 E/CIRISApiClient(18302): [getMessages] Exception: UnknownHostException: Unable to resolve host "localhost": No address associated with hostname | Context: limit=50, is401=false, tokenPresent=true, tokenPreview=ciris_ad...0BKc
03-25 20:24:56.745 W/InteractViewModel(18302): [fetchHistory] Non-auth error: UnknownHostException: Unable to resolve host "localhost": No address associated with hostname
03-25 20:24:56.752 E/CIRISApiClient(18302): [getAuditEntries] Exception: UnknownHostException: Unable to resolve host "localhost": No address associated with hostname
03-25 20:24:57.037 D/PythonRuntime(30439): [checkHealth] Exception: Failed to connect to localhost/127.0.0.1:8080
03-25 20:24:59.119 D/PythonRuntime(30439): [checkHealth] Exception: Failed to connect to localhost/127.0.0.1:8080
03-25 20:24:59.618 D/EnvFileUpdater(18302): Found CIRIS_HOME from env: /data/user/0/ai.ciris.mobile/files/ciris
03-25 20:24:59.775 E/CIRISApiClient(18302): [getMessages] Exception: UnknownHostException: Unable to resolve host "localhost": No address associated with hostname | Context: limit=50, is401=false, tokenPresent=true, tokenPreview=ciris_ad...0BKc
03-25 20:24:59.778 W/InteractViewModel(18302): [fetchHistory] Non-auth error: UnknownHostException: Unable to resolve host "localhost": No address associated with hostname
03-25 20:24:59.784 E/CIRISApiClient(18302): [getAuditEntries] Exception: UnknownHostException: Unable to resolve host "localhost": No address associated with hostname
03-25 20:25:00.936 E/CIRISApiClient(18302): [getSystemStatus] Exception: UnknownHostException: Unable to resolve host "localhost": No address associated with hostname
03-25 20:25:01.193 D/PythonRuntime(30439): [checkHealth] Exception: Failed to connect to localhost/127.0.0.1:8080
03-25 20:25:01.502 E/CIRISApiClient(18302): [getLlmConfig] Exception: UnknownHostException: Unable to resolve host "localhost": No address associated with hostname
03-25 20:25:01.506 W/InteractViewModel(18302): [fetchHealthData] Failed to fetch LLM config from API: Unable to resolve host "localhost": No address associated with hostname
03-25 20:25:01.514 E/CIRISApiClient(18302): [getVerifyStatus] Exception: UnknownHostException: Unable to resolve host "localhost": No address associated with hostname
03-25 20:25:02.805 E/CIRISApiClient(18302): [getMessages] Exception: UnknownHostException: Unable to resolve host "localhost": No address associated with hostname | Context: limit=50, is401=false, tokenPresent=true, tokenPreview=ciris_ad...0BKc
03-25 20:25:02.808 W/InteractViewModel(18302): [fetchHistory] Non-auth error: UnknownHostException: Unable to resolve host "localhost": No address associated with hostname
03-25 20:25:02.815 E/CIRISApiClient(18302): [getAuditEntries] Exception: UnknownHostException: Unable to resolve host "localhost": No address associated with hostname
03-25 20:25:02.826 D/EnvFileUpdater(30439): Found CIRIS_HOME from env: /data/user/0/ai.ciris.mobile.debug/files/ciris
03-25 20:25:03.284 D/PythonRuntime(30439): [checkHealth] Exception: Failed to connect to localhost/127.0.0.1:8080
03-25 20:25:04.204 I/CIRISApiClient(18302): [listAdapters] Listing adapters
03-25 20:25:04.217 E/CIRISApiClient(18302): [listAdapters] Exception: UnknownHostException: Unable to resolve host "localhost": No address associated with hostname
03-25 20:25:04.219 E/AdaptersViewModel(18302): [fetchAdaptersInternal] Exception: UnknownHostException: Unable to resolve host "localhost": No address associated with hostname
03-25 20:25:04.221 E/AdaptersViewModel(18302): [fetchAdaptersInternal] Stack trace: java.net.UnknownHostException: Unable to resolve host "localhost": No address associated with hostname
03-25 20:25:04.221 E/AdaptersViewModel(18302): 	at java.net.Inet6AddressImpl.lookupHostByName(Inet6AddressImpl.java:124)
03-25 20:25:04.221 E/AdaptersViewModel(18302): 	at java.net.Inet6AddressImpl.lookupAllHostAddr(Inet6AddressImpl.java:103)
03-25 20:25:04.221 E/AdaptersViewModel(18302): 	at java.net.InetAddress.getAllByName(InetAddress.java:1152)
03-25 20:25:04.221 E/AdaptersViewModel(18302): 	at okhttp3.Dns$Companion$DnsSystem.lookup(Dns.kt:49)
03-25 20:25:04.221 E/AdaptersViewModel(18302): 	at okhttp3.internal.connection.RouteSelector.resetNextInetSocketAddress(RouteSelector.kt:169)
03-25 20:25:04.221 E/AdaptersViewModel(18302): 	at okhttp3.internal.connection.RouteS
03-25 20:25:04.222 E/AdaptersViewModel(18302): [startPolling] Polling failed: Unable to resolve host "localhost": No address associated with hostname
03-25 20:25:05.140 E/StartupViewModel(30439): [STARTUP] === Startup sequence FAILED: Timeout waiting for services (0/22 online) ===
03-25 20:25:05.172 D/CIRISApp(30439): [INIT] CIRISApp composable invoked - googleSignInCallback=PRESENT (22976436)
03-25 20:25:05.183 I/InteractViewModel(30439): [setDeviceAttestationCallback] Device attestation callback SET
03-25 20:25:05.833 E/CIRISApiClient(18302): [getMessages] Exception: UnknownHostException: Unable to resolve host "localhost": No address associated with hostname | Context: limit=50, is401=false, tokenPresent=true, tokenPreview=ciris_ad...0BKc
03-25 20:25:05.837 W/InteractViewModel(18302): [fetchHistory] Non-auth error: UnknownHostException: Unable to resolve host "localhost": No address associated with hostname
03-25 20:25:05.849 E/CIRISApiClient(18302): [getAuditEntries] Exception: UnknownHostException: Unable to resolve host "localhost": No address associated with hostname
03-25 20:25:05.948 E/CIRISApiClient(18302): [getSystemStatus] Exception: UnknownHostException: Unable to resolve host "localhost": No address associated with hostname
03-25 20:25:08.865 E/CIRISApiClient(18302): [getMessages] Exception: UnknownHostException: Unable to resolve host "localhost": No address associated with hostname | Context: limit=50, is401=false, tokenPresent=true, tokenPreview=ciris_ad...0BKc
03-25 20:25:08.868 W/InteractViewModel(18302): [fetchHistory] Non-auth error: UnknownHostException: Unable to resolve host "localhost": No address associated with hostname
03-25 20:25:08.876 E/CIRISApiClient(18302): [getAuditEntries] Exception: UnknownHostException: Unable to resolve host "localhost": No address associated with hostname
03-25 20:25:09.620 D/EnvFileUpdater(18302): Found CIRIS_HOME from env: /data/user/0/ai.ciris.mobile/files/ciris
03-25 20:25:10.965 E/CIRISApiClient(18302): [getSystemStatus] Exception: UnknownHostException: Unable to resolve host "localhost": No address associated with hostname
03-25 20:25:11.888 E/CIRISApiClient(18302): [getMessages] Exception: UnknownHostException: Unable to resolve host "localhost": No address associated with hostname | Context: limit=50, is401=false, tokenPresent=true, tokenPreview=ciris_ad...0BKc
03-25 20:25:11.891 W/InteractViewModel(18302): [fetchHistory] Non-auth error: UnknownHostException: Unable to resolve host "localhost": No address associated with hostname
03-25 20:25:11.898 E/CIRISApiClient(18302): [getAuditEntries] Exception: UnknownHostException: Unable to resolve host "localhost": No address associated with hostname
03-25 20:25:12.832 D/EnvFileUpdater(30439): Found CIRIS_HOME from env: /data/user/0/ai.ciris.mobile.debug/files/ciris
03-25 20:25:14.227 I/CIRISApiClient(18302): [listAdapters] Listing adapters
03-25 20:25:14.246 E/CIRISApiClient(18302): [listAdapters] Exception: UnknownHostException: Unable to resolve host "localhost": No address associated with hostname
03-25 20:25:14.248 E/AdaptersViewModel(18302): [fetchAdaptersInternal] Exception: UnknownHostException: Unable to resolve host "localhost": No address associated with hostname
03-25 20:25:14.250 E/AdaptersViewModel(18302): [fetchAdaptersInternal] Stack trace: java.net.UnknownHostException: Unable to resolve host "localhost": No address associated with hostname
03-25 20:25:14.250 E/AdaptersViewModel(18302): 	at java.net.Inet6AddressImpl.lookupHostByName(Inet6AddressImpl.java:156)
03-25 20:25:14.250 E/AdaptersViewModel(18302): 	at java.net.Inet6AddressImpl.lookupAllHostAddr(Inet6AddressImpl.java:103)
03-25 20:25:14.250 E/AdaptersViewModel(18302): 	at java.net.InetAddress.getAllByName(InetAddress.java:1152)
03-25 20:25:14.250 E/AdaptersViewModel(18302): 	at okhttp3.Dns$Companion$DnsSystem.lookup(Dns.kt:49)
03-25 20:25:14.250 E/AdaptersViewModel(18302): 	at okhttp3.internal.connection.RouteSelector.resetNextInetSocketAddress(RouteSelector.kt:169)
03-25 20:25:14.250 E/AdaptersViewModel(18302): 	at okhttp3.internal.connection.RouteS
03-25 20:25:14.251 E/AdaptersViewModel(18302): [startPolling] Polling failed: Unable to resolve host "localhost": No address associated with hostname
03-25 20:25:14.909 E/CIRISApiClient(18302): [getMessages] Exception: UnknownHostException: Unable to resolve host "localhost": No address associated with hostname | Context: limit=50, is401=false, tokenPresent=true, tokenPreview=ciris_ad...0BKc
03-25 20:25:14.912 W/InteractViewModel(18302): [fetchHistory] Non-auth error: UnknownHostException: Unable to resolve host "localhost": No address associated with hostname
03-25 20:25:14.917 E/CIRISApiClient(18302): [getAuditEntries] Exception: UnknownHostException: Unable to resolve host "localhost": No address associated with hostname
03-25 20:25:15.974 E/CIRISApiClient(18302): [getSystemStatus] Exception: UnknownHostException: Unable to resolve host "localhost": No address associated with hostname
03-25 20:25:17.931 E/CIRISApiClient(18302): [getMessages] Exception: UnknownHostException: Unable to resolve host "localhost": No address associated with hostname | Context: limit=50, is401=false, tokenPresent=true, tokenPreview=ciris_ad...0BKc
03-25 20:25:17.934 W/InteractViewModel(18302): [fetchHistory] Non-auth error: UnknownHostException: Unable to resolve host "localhost": No address associated with hostname
03-25 20:25:17.940 E/CIRISApiClient(18302): [getAuditEntries] Exception: UnknownHostException: Unable to resolve host "localhost": No address associated with hostname
03-25 20:25:19.625 D/EnvFileUpdater(18302): Found CIRIS_HOME from env: /data/user/0/ai.ciris.mobile/files/ciris
03-25 20:25:20.953 E/CIRISApiClient(18302): [getMessages] Exception: UnknownHostException: Unable to resolve host "localhost": No address associated with hostname | Context: limit=50, is401=false, tokenPresent=true, tokenPreview=ciris_ad...0BKc
03-25 20:25:20.955 W/InteractViewModel(18302): [fetchHistory] Non-auth error: UnknownHostException: Unable to resolve host "localhost": No address associated with hostname
03-25 20:25:20.962 E/CIRISApiClient(18302): [getAuditEntries] Exception: UnknownHostException: Unable to resolve host "localhost": No address associated with hostname
03-25 20:25:20.982 E/CIRISApiClient(18302): [getSystemStatus] Exception: UnknownHostException: Unable to resolve host "localhost": No address associated with hostname
03-25 20:25:22.835 D/EnvFileUpdater(30439): Found CIRIS_HOME from env: /data/user/0/ai.ciris.mobile.debug/files/ciris
03-25 20:25:23.976 E/CIRISApiClient(18302): [getMessages] Exception: UnknownHostException: Unable to resolve host "localhost": No address associated with hostname | Context: limit=50, is401=false, tokenPresent=true, tokenPreview=ciris_ad...0BKc
03-25 20:25:23.977 W/InteractViewModel(18302): [fetchHistory] Non-auth error: UnknownHostException: Unable to resolve host "localhost": No address associated with hostname
03-25 20:25:23.981 E/CIRISApiClient(18302): [getAuditEntries] Exception: UnknownHostException: Unable to resolve host "localhost": No address associated with hostname
03-25 20:25:24.180 I/InteractViewModel(18302): [startSseStream] SSE disconnected
03-25 20:25:24.182 I/InteractViewModel(18302): [startSseStream] Reconnecting in 30000ms...
03-25 20:25:24.251 I/CIRISApiClient(18302): [listAdapters] Listing adapters
03-25 20:25:24.257 E/CIRISApiClient(18302): [listAdapters] Exception: UnknownHostException: Unable to resolve host "localhost": No address associated with hostname
03-25 20:25:24.259 E/AdaptersViewModel(18302): [fetchAdaptersInternal] Exception: UnknownHostException: Unable to resolve host "localhost": No address associated with hostname
03-25 20:25:24.260 E/AdaptersViewModel(18302): [fetchAdaptersInternal] Stack trace: java.net.UnknownHostException: Unable to resolve host "localhost": No address associated with hostname
03-25 20:25:24.260 E/AdaptersViewModel(18302): 	at java.net.Inet6AddressImpl.lookupHostByName(Inet6AddressImpl.java:124)
03-25 20:25:24.260 E/AdaptersViewModel(18302): 	at java.net.Inet6AddressImpl.lookupAllHostAddr(Inet6AddressImpl.java:103)
03-25 20:25:24.260 E/AdaptersViewModel(18302): 	at java.net.InetAddress.getAllByName(InetAddress.java:1152)
03-25 20:25:24.260 E/AdaptersViewModel(18302): 	at okhttp3.Dns$Companion$DnsSystem.lookup(Dns.kt:49)
03-25 20:25:24.260 E/AdaptersViewModel(18302): 	at okhttp3.internal.connection.RouteSelector.resetNextInetSocketAddress(RouteSelector.kt:169)
03-25 20:25:24.260 E/AdaptersViewModel(18302): 	at okhttp3.internal.connection.RouteS
03-25 20:25:24.260 E/AdaptersViewModel(18302): [startPolling] Polling failed: Unable to resolve host "localhost": No address associated with hostname
03-25 20:25:25.997 E/CIRISApiClient(18302): [getSystemStatus] Exception: UnknownHostException: Unable to resolve host "localhost": No address associated with hostname
03-25 20:25:26.994 E/CIRISApiClient(18302): [getMessages] Exception: UnknownHostException: Unable to resolve host "localhost": No address associated with hostname | Context: limit=50, is401=false, tokenPresent=true, tokenPreview=ciris_ad...0BKc
03-25 20:25:26.997 W/InteractViewModel(18302): [fetchHistory] Non-auth error: UnknownHostException: Unable to resolve host "localhost": No address associated with hostname
03-25 20:25:27.006 E/CIRISApiClient(18302): [getAuditEntries] Exception: UnknownHostException: Unable to resolve host "localhost": No address associated with hostname
03-25 20:25:29.629 D/EnvFileUpdater(18302): Found CIRIS_HOME from env: /data/user/0/ai.ciris.mobile/files/ciris
03-25 20:25:30.022 E/CIRISApiClient(18302): [getMessages] Exception: UnknownHostException: Unable to resolve host "localhost": No address associated with hostname | Context: limit=50, is401=false, tokenPresent=true, tokenPreview=ciris_ad...0BKc
03-25 20:25:30.025 W/InteractViewModel(18302): [fetchHistory] Non-auth error: UnknownHostException: Unable to resolve host "localhost": No address associated with hostname
03-25 20:25:30.033 E/CIRISApiClient(18302): [getAuditEntries] Exception: UnknownHostException: Unable to resolve host "localhost": No address associated with hostname
03-25 20:25:31.011 E/CIRISApiClient(18302): [getSystemStatus] Exception: UnknownHostException: Unable to resolve host "localhost": No address associated with hostname
03-25 20:25:31.529 E/CIRISApiClient(18302): [getLlmConfig] Exception: UnknownHostException: Unable to resolve host "localhost": No address associated with hostname
03-25 20:25:31.532 W/InteractViewModel(18302): [fetchHealthData] Failed to fetch LLM config from API: Unable to resolve host "localhost": No address associated with hostname
03-25 20:25:31.541 E/CIRISApiClient(18302): [getVerifyStatus] Exception: UnknownHostException: Unable to resolve host "localhost": No address associated with hostname
03-25 20:25:32.837 D/EnvFileUpdater(30439): Found CIRIS_HOME from env: /data/user/0/ai.ciris.mobile.debug/files/ciris
03-25 20:25:33.057 E/CIRISApiClient(18302): [getMessages] Exception: UnknownHostException: Unable to resolve host "localhost": No address associated with hostname | Context: limit=50, is401=false, tokenPresent=true, tokenPreview=ciris_ad...0BKc
03-25 20:25:33.061 W/InteractViewModel(18302): [fetchHistory] Non-auth error: UnknownHostException: Unable to resolve host "localhost": No address associated with hostname
03-25 20:25:33.068 E/CIRISApiClient(18302): [getAuditEntries] Exception: UnknownHostException: Unable to resolve host "localhost": No address associated with hostname
03-25 20:25:34.263 I/CIRISApiClient(18302): [listAdapters] Listing adapters
03-25 20:25:34.274 E/CIRISApiClient(18302): [listAdapters] Exception: UnknownHostException: Unable to resolve host "localhost": No address associated with hostname
03-25 20:25:34.276 E/AdaptersViewModel(18302): [fetchAdaptersInternal] Exception: UnknownHostException: Unable to resolve host "localhost": No address associated with hostname
03-25 20:25:34.277 E/AdaptersViewModel(18302): [fetchAdaptersInternal] Stack trace: java.net.UnknownHostException: Unable to resolve host "localhost": No address associated with hostname
03-25 20:25:34.277 E/AdaptersViewModel(18302): 	at java.net.Inet6AddressImpl.lookupHostByName(Inet6AddressImpl.java:124)
03-25 20:25:34.277 E/AdaptersViewModel(18302): 	at java.net.Inet6AddressImpl.lookupAllHostAddr(Inet6AddressImpl.java:103)
03-25 20:25:34.277 E/AdaptersViewModel(18302): 	at java.net.InetAddress.getAllByName(InetAddress.java:1152)
03-25 20:25:34.277 E/AdaptersViewModel(18302): 	at okhttp3.Dns$Companion$DnsSystem.lookup(Dns.kt:49)
03-25 20:25:34.277 E/AdaptersViewModel(18302): 	at okhttp3.internal.connection.RouteSelector.resetNextInetSocketAddress(RouteSelector.kt:169)
03-25 20:25:34.277 E/AdaptersViewModel(18302): 	at okhttp3.internal.connection.RouteS
03-25 20:25:34.277 E/AdaptersViewModel(18302): [startPolling] Polling failed: Unable to resolve host "localhost": No address associated with hostname
03-25 20:25:36.028 E/CIRISApiClient(18302): [getSystemStatus] Exception: UnknownHostException: Unable to resolve host "localhost": No address associated with hostname
03-25 20:25:36.077 E/CIRISApiClient(18302): [getMessages] Exception: UnknownHostException: Unable to resolve host "localhost": No address associated with hostname | Context: limit=50, is401=false, tokenPresent=true, tokenPreview=ciris_ad...0BKc
03-25 20:25:36.079 W/InteractViewModel(18302): [fetchHistory] Non-auth error: UnknownHostException: Unable to resolve host "localhost": No address associated with hostname
03-25 20:25:36.086 E/CIRISApiClient(18302): [getAuditEntries] Exception: UnknownHostException: Unable to resolve host "localhost": No address associated with hostname
03-25 20:25:39.104 E/CIRISApiClient(18302): [getMessages] Exception: UnknownHostException: Unable to resolve host "localhost": No address associated with hostname | Context: limit=50, is401=false, tokenPresent=true, tokenPreview=ciris_ad...0BKc
03-25 20:25:39.108 W/InteractViewModel(18302): [fetchHistory] Non-auth error: UnknownHostException: Unable to resolve host "localhost": No address associated with hostname
03-25 20:25:39.115 E/CIRISApiClient(18302): [getAuditEntries] Exception: UnknownHostException: Unable to resolve host "localhost": No address associated with hostname
03-25 20:25:39.631 D/EnvFileUpdater(18302): Found CIRIS_HOME from env: /data/user/0/ai.ciris.mobile/files/ciris
03-25 20:25:41.044 E/CIRISApiClient(18302): [getSystemStatus] Exception: UnknownHostException: Unable to resolve host "localhost": No address associated with hostname
03-25 20:25:42.138 E/CIRISApiClient(18302): [getMessages] Exception: UnknownHostException: Unable to resolve host "localhost": No address associated with hostname | Context: limit=50, is401=false, tokenPresent=true, tokenPreview=ciris_ad...0BKc
03-25 20:25:42.141 W/InteractViewModel(18302): [fetchHistory] Non-auth error: UnknownHostException: Unable to resolve host "localhost": No address associated with hostname
03-25 20:25:42.146 E/CIRISApiClient(18302): [getAuditEntries] Exception: UnknownHostException: Unable to resolve host "localhost": No address associated with hostname
03-25 20:25:42.841 D/EnvFileUpdater(30439): Found CIRIS_HOME from env: /data/user/0/ai.ciris.mobile.debug/files/ciris
03-25 20:25:44.281 I/CIRISApiClient(18302): [listAdapters] Listing adapters
03-25 20:25:44.295 E/CIRISApiClient(18302): [listAdapters] Exception: UnknownHostException: Unable to resolve host "localhost": No address associated with hostname
03-25 20:25:44.298 E/AdaptersViewModel(18302): [fetchAdaptersInternal] Exception: UnknownHostException: Unable to resolve host "localhost": No address associated with hostname
03-25 20:25:44.300 E/AdaptersViewModel(18302): [fetchAdaptersInternal] Stack trace: java.net.UnknownHostException: Unable to resolve host "localhost": No address associated with hostname
03-25 20:25:44.300 E/AdaptersViewModel(18302): 	at java.net.Inet6AddressImpl.lookupHostByName(Inet6AddressImpl.java:156)
03-25 20:25:44.300 E/AdaptersViewModel(18302): 	at java.net.Inet6AddressImpl.lookupAllHostAddr(Inet6AddressImpl.java:103)
03-25 20:25:44.300 E/AdaptersViewModel(18302): 	at java.net.InetAddress.getAllByName(InetAddress.java:1152)
03-25 20:25:44.300 E/AdaptersViewModel(18302): 	at okhttp3.Dns$Companion$DnsSystem.lookup(Dns.kt:49)
03-25 20:25:44.300 E/AdaptersViewModel(18302): 	at okhttp3.internal.connection.RouteSelector.resetNextInetSocketAddress(RouteSelector.kt:169)
03-25 20:25:44.300 E/AdaptersViewModel(18302): 	at okhttp3.internal.connection.RouteS
03-25 20:25:44.301 E/AdaptersViewModel(18302): [startPolling] Polling failed: Unable to resolve host "localhost": No address associated with hostname
03-25 20:25:45.158 E/CIRISApiClient(18302): [getMessages] Exception: UnknownHostException: Unable to resolve host "localhost": No address associated with hostname | Context: limit=50, is401=false, tokenPresent=true, tokenPreview=ciris_ad...0BKc
03-25 20:25:45.162 W/InteractViewModel(18302): [fetchHistory] Non-auth error: UnknownHostException: Unable to resolve host "localhost": No address associated with hostname
03-25 20:25:45.169 E/CIRISApiClient(18302): [getAuditEntries] Exception: UnknownHostException: Unable to resolve host "localhost": No address associated with hostname
03-25 20:25:46.054 E/CIRISApiClient(18302): [getSystemStatus] Exception: UnknownHostException: Unable to resolve host "localhost": No address associated with hostname
03-25 20:25:48.186 E/CIRISApiClient(18302): [getMessages] Exception: UnknownHostException: Unable to resolve host "localhost": No address associated with hostname | Context: limit=50, is401=false, tokenPresent=true, tokenPreview=ciris_ad...0BKc
03-25 20:25:48.189 W/InteractViewModel(18302): [fetchHistory] Non-auth error: UnknownHostException: Unable to resolve host "localhost": No address associated with hostname
03-25 20:25:48.198 E/CIRISApiClient(18302): [getAuditEntries] Exception: UnknownHostException: Unable to resolve host "localhost": No address associated with hostname
03-25 20:25:49.635 D/EnvFileUpdater(18302): Found CIRIS_HOME from env: /data/user/0/ai.ciris.mobile/files/ciris
03-25 20:25:51.072 E/CIRISApiClient(18302): [getSystemStatus] Exception: UnknownHostException: Unable to resolve host "localhost": No address associated with hostname
03-25 20:25:51.213 E/CIRISApiClient(18302): [getMessages] Exception: UnknownHostException: Unable to resolve host "localhost": No address associated with hostname | Context: limit=50, is401=false, tokenPresent=true, tokenPreview=ciris_ad...0BKc
03-25 20:25:51.217 W/InteractViewModel(18302): [fetchHistory] Non-auth error: UnknownHostException: Unable to resolve host "localhost": No address associated with hostname
03-25 20:25:51.224 E/CIRISApiClient(18302): [getAuditEntries] Exception: UnknownHostException: Unable to resolve host "localhost": No address associated with hostname
03-25 20:25:52.846 D/EnvFileUpdater(30439): Found CIRIS_HOME from env: /data/user/0/ai.ciris.mobile.debug/files/ciris
03-25 20:25:54.204 I/InteractViewModel(18302): [startSseStream] SSE disconnected
03-25 20:25:54.206 I/InteractViewModel(18302): [startSseStream] Reconnecting in 30000ms...
03-25 20:25:54.233 E/CIRISApiClient(18302): [getMessages] Exception: UnknownHostException: Unable to resolve host "localhost": No address associated with hostname | Context: limit=50, is401=false, tokenPresent=true, tokenPreview=ciris_ad...0BKc
03-25 20:25:54.236 W/InteractViewModel(18302): [fetchHistory] Non-auth error: UnknownHostException: Unable to resolve host "localhost": No address associated with hostname
03-25 20:25:54.242 E/CIRISApiClient(18302): [getAuditEntries] Exception: UnknownHostException: Unable to resolve host "localhost": No address associated with hostname
03-25 20:25:54.303 I/CIRISApiClient(18302): [listAdapters] Listing adapters
03-25 20:25:54.314 E/CIRISApiClient(18302): [listAdapters] Exception: UnknownHostException: Unable to resolve host "localhost": No address associated with hostname
03-25 20:25:54.316 E/AdaptersViewModel(18302): [fetchAdaptersInternal] Exception: UnknownHostException: Unable to resolve host "localhost": No address associated with hostname
03-25 20:25:54.318 E/AdaptersViewModel(18302): [fetchAdaptersInternal] Stack trace: java.net.UnknownHostException: Unable to resolve host "localhost": No address associated with hostname
03-25 20:25:54.318 E/AdaptersViewModel(18302): 	at java.net.Inet6AddressImpl.lookupHostByName(Inet6AddressImpl.java:124)
03-25 20:25:54.318 E/AdaptersViewModel(18302): 	at java.net.Inet6AddressImpl.lookupAllHostAddr(Inet6AddressImpl.java:103)
03-25 20:25:54.318 E/AdaptersViewModel(18302): 	at java.net.InetAddress.getAllByName(InetAddress.java:1152)
03-25 20:25:54.318 E/AdaptersViewModel(18302): 	at okhttp3.Dns$Companion$DnsSystem.lookup(Dns.kt:49)
03-25 20:25:54.318 E/AdaptersViewModel(18302): 	at okhttp3.internal.connection.RouteSelector.resetNextInetSocketAddress(RouteSelector.kt:169)
03-25 20:25:54.318 E/AdaptersViewModel(18302): 	at okhttp3.internal.connection.RouteS
03-25 20:25:54.319 E/AdaptersViewModel(18302): [startPolling] Polling failed: Unable to resolve host "localhost": No address associated with hostname
03-25 20:25:56.088 E/CIRISApiClient(18302): [getSystemStatus] Exception: UnknownHostException: Unable to resolve host "localhost": No address associated with hostname
03-25 20:25:57.260 E/CIRISApiClient(18302): [getMessages] Exception: UnknownHostException: Unable to resolve host "localhost": No address associated with hostname | Context: limit=50, is401=false, tokenPresent=true, tokenPreview=ciris_ad...0BKc
03-25 20:25:57.263 W/InteractViewModel(18302): [fetchHistory] Non-auth error: UnknownHostException: Unable to resolve host "localhost": No address associated with hostname
03-25 20:25:57.270 E/CIRISApiClient(18302): [getAuditEntries] Exception: UnknownHostException: Unable to resolve host "localhost": No address associated with hostname
03-25 20:25:59.637 D/EnvFileUpdater(18302): Found CIRIS_HOME from env: /data/user/0/ai.ciris.mobile/files/ciris
03-25 20:26:00.286 E/CIRISApiClient(18302): [getMessages] Exception: UnknownHostException: Unable to resolve host "localhost": No address associated with hostname | Context: limit=50, is401=false, tokenPresent=true, tokenPreview=ciris_ad...0BKc
03-25 20:26:00.290 W/InteractViewModel(18302): [fetchHistory] Non-auth error: UnknownHostException: Unable to resolve host "localhost": No address associated with hostname
03-25 20:26:00.297 E/CIRISApiClient(18302): [getAuditEntries] Exception: UnknownHostException: Unable to resolve host "localhost": No address associated with hostname
03-25 20:26:01.101 E/CIRISApiClient(18302): [getSystemStatus] Exception: UnknownHostException: Unable to resolve host "localhost": No address associated with hostname
03-25 20:26:01.558 E/CIRISApiClient(18302): [getLlmConfig] Exception: UnknownHostException: Unable to resolve host "localhost": No address associated with hostname
03-25 20:26:01.561 W/InteractViewModel(18302): [fetchHealthData] Failed to fetch LLM config from API: Unable to resolve host "localhost": No address associated with hostname
03-25 20:26:01.569 E/CIRISApiClient(18302): [getVerifyStatus] Exception: UnknownHostException: Unable to resolve host "localhost": No address associated with hostname
03-25 20:26:02.854 D/EnvFileUpdater(30439): Found CIRIS_HOME from env: /data/user/0/ai.ciris.mobile.debug/files/ciris
03-25 20:26:03.308 E/CIRISApiClient(18302): [getMessages] Exception: UnknownHostException: Unable to resolve host "localhost": No address associated with hostname | Context: limit=50, is401=false, tokenPresent=true, tokenPreview=ciris_ad...0BKc
03-25 20:26:03.310 W/InteractViewModel(18302): [fetchHistory] Non-auth error: UnknownHostException: Unable to resolve host "localhost": No address associated with hostname
03-25 20:26:03.314 E/CIRISApiClient(18302): [getAuditEntries] Exception: UnknownHostException: Unable to resolve host "localhost": No address associated with hostname
03-25 20:26:04.323 I/CIRISApiClient(18302): [listAdapters] Listing adapters
03-25 20:26:04.334 E/CIRISApiClient(18302): [listAdapters] Exception: UnknownHostException: Unable to resolve host "localhost": No address associated with hostname
03-25 20:26:04.337 E/AdaptersViewModel(18302): [fetchAdaptersInternal] Exception: UnknownHostException: Unable to resolve host "localhost": No address associated with hostname
03-25 20:26:04.339 E/AdaptersViewModel(18302): [fetchAdaptersInternal] Stack trace: java.net.UnknownHostException: Unable to resolve host "localhost": No address associated with hostname
03-25 20:26:04.339 E/AdaptersViewModel(18302): 	at java.net.Inet6AddressImpl.lookupHostByName(Inet6AddressImpl.java:124)
03-25 20:26:04.339 E/AdaptersViewModel(18302): 	at java.net.Inet6AddressImpl.lookupAllHostAddr(Inet6AddressImpl.java:103)
03-25 20:26:04.339 E/AdaptersViewModel(18302): 	at java.net.InetAddress.getAllByName(InetAddress.java:1152)
03-25 20:26:04.339 E/AdaptersViewModel(18302): 	at okhttp3.Dns$Companion$DnsSystem.lookup(Dns.kt:49)
03-25 20:26:04.339 E/AdaptersViewModel(18302): 	at okhttp3.internal.connection.RouteSelector.resetNextInetSocketAddress(RouteSelector.kt:169)
03-25 20:26:04.339 E/AdaptersViewModel(18302): 	at okhttp3.internal.connection.RouteS
03-25 20:26:04.340 E/AdaptersViewModel(18302): [startPolling] Polling failed: Unable to resolve host "localhost": No address associated with hostname
03-25 20:26:06.120 E/CIRISApiClient(18302): [getSystemStatus] Exception: UnknownHostException: Unable to resolve host "localhost": No address associated with hostname
03-25 20:26:06.328 E/CIRISApiClient(18302): [getMessages] Exception: UnknownHostException: Unable to resolve host "localhost": No address associated with hostname | Context: limit=50, is401=false, tokenPresent=true, tokenPreview=ciris_ad...0BKc
03-25 20:26:06.331 W/InteractViewModel(18302): [fetchHistory] Non-auth error: UnknownHostException: Unable to resolve host "localhost": No address associated with hostname
03-25 20:26:06.339 E/CIRISApiClient(18302): [getAuditEntries] Exception: UnknownHostException: Unable to resolve host "localhost": No address associated with hostname
03-25 20:26:09.358 E/CIRISApiClient(18302): [getMessages] Exception: UnknownHostException: Unable to resolve host "localhost": No address associated with hostname | Context: limit=50, is401=false, tokenPresent=true, tokenPreview=ciris_ad...0BKc
03-25 20:26:09.361 W/InteractViewModel(18302): [fetchHistory] Non-auth error: UnknownHostException: Unable to resolve host "localhost": No address associated with hostname
03-25 20:26:09.369 E/CIRISApiClient(18302): [getAuditEntries] Exception: UnknownHostException: Unable to resolve host "localhost": No address associated with hostname
03-25 20:26:09.643 D/EnvFileUpdater(18302): Found CIRIS_HOME from env: /data/user/0/ai.ciris.mobile/files/ciris
03-25 20:26:11.138 E/CIRISApiClient(18302): [getSystemStatus] Exception: UnknownHostException: Unable to resolve host "localhost": No address associated with hostname
03-25 20:26:12.389 E/CIRISApiClient(18302): [getMessages] Exception: UnknownHostException: Unable to resolve host "localhost": No address associated with hostname | Context: limit=50, is401=false, tokenPresent=true, tokenPreview=ciris_ad...0BKc
03-25 20:26:12.393 W/InteractViewModel(18302): [fetchHistory] Non-auth error: UnknownHostException: Unable to resolve host "localhost": No address associated with hostname
03-25 20:26:12.400 E/CIRISApiClient(18302): [getAuditEntries] Exception: UnknownHostException: Unable to resolve host "localhost": No address associated with hostname
03-25 20:26:12.861 D/EnvFileUpdater(30439): Found CIRIS_HOME from env: /data/user/0/ai.ciris.mobile.debug/files/ciris
03-25 20:26:14.345 I/CIRISApiClient(18302): [listAdapters] Listing adapters
03-25 20:26:14.358 E/CIRISApiClient(18302): [listAdapters] Exception: UnknownHostException: Unable to resolve host "localhost": No address associated with hostname
03-25 20:26:14.360 E/AdaptersViewModel(18302): [fetchAdaptersInternal] Exception: UnknownHostException: Unable to resolve host "localhost": No address associated with hostname
03-25 20:26:14.362 E/AdaptersViewModel(18302): [fetchAdaptersInternal] Stack trace: java.net.UnknownHostException: Unable to resolve host "localhost": No address associated with hostname
03-25 20:26:14.362 E/AdaptersViewModel(18302): 	at java.net.Inet6AddressImpl.lookupHostByName(Inet6AddressImpl.java:124)
03-25 20:26:14.362 E/AdaptersViewModel(18302): 	at java.net.Inet6AddressImpl.lookupAllHostAddr(Inet6AddressImpl.java:103)
03-25 20:26:14.362 E/AdaptersViewModel(18302): 	at java.net.InetAddress.getAllByName(InetAddress.java:1152)
03-25 20:26:14.362 E/AdaptersViewModel(18302): 	at okhttp3.Dns$Companion$DnsSystem.lookup(Dns.kt:49)
03-25 20:26:14.362 E/AdaptersViewModel(18302): 	at okhttp3.internal.connection.RouteSelector.resetNextInetSocketAddress(RouteSelector.kt:169)
03-25 20:26:14.362 E/AdaptersViewModel(18302): 	at okhttp3.internal.connection.RouteS
03-25 20:26:14.363 E/AdaptersViewModel(18302): [startPolling] Polling failed: Unable to resolve host "localhost": No address associated with hostname
03-25 20:26:15.417 E/CIRISApiClient(18302): [getMessages] Exception: UnknownHostException: Unable to resolve host "localhost": No address associated with hostname | Context: limit=50, is401=false, tokenPresent=true, tokenPreview=ciris_ad...0BKc
03-25 20:26:15.420 W/InteractViewModel(18302): [fetchHistory] Non-auth error: UnknownHostException: Unable to resolve host "localhost": No address associated with hostname
03-25 20:26:15.428 E/CIRISApiClient(18302): [getAuditEntries] Exception: UnknownHostException: Unable to resolve host "localhost": No address associated with hostname
03-25 20:26:16.154 E/CIRISApiClient(18302): [getSystemStatus] Exception: UnknownHostException: Unable to resolve host "localhost": No address associated with hostname
03-25 20:26:18.449 E/CIRISApiClient(18302): [getMessages] Exception: UnknownHostException: Unable to resolve host "localhost": No address associated with hostname | Context: limit=50, is401=false, tokenPresent=true, tokenPreview=ciris_ad...0BKc
03-25 20:26:18.452 W/InteractViewModel(18302): [fetchHistory] Non-auth error: UnknownHostException: Unable to resolve host "localhost": No address associated with hostname
03-25 20:26:18.459 E/CIRISApiClient(18302): [getAuditEntries] Exception: UnknownHostException: Unable to resolve host "localhost": No address associated with hostname
03-25 20:26:19.645 D/EnvFileUpdater(18302): Found CIRIS_HOME from env: /data/user/0/ai.ciris.mobile/files/ciris
03-25 20:26:21.176 E/CIRISApiClient(18302): [getSystemStatus] Exception: UnknownHostException: Unable to resolve host "localhost": No address associated with hostname
03-25 20:26:21.475 E/CIRISApiClient(18302): [getMessages] Exception: UnknownHostException: Unable to resolve host "localhost": No address associated with hostname | Context: limit=50, is401=false, tokenPresent=true, tokenPreview=ciris_ad...0BKc
03-25 20:26:21.478 W/InteractViewModel(18302): [fetchHistory] Non-auth error: UnknownHostException: Unable to resolve host "localhost": No address associated with hostname
03-25 20:26:21.485 E/CIRISApiClient(18302): [getAuditEntries] Exception: UnknownHostException: Unable to resolve host "localhost": No address associated with hostname
03-25 20:26:22.867 D/EnvFileUpdater(30439): Found CIRIS_HOME from env: /data/user/0/ai.ciris.mobile.debug/files/ciris
03-25 20:26:24.228 I/InteractViewModel(18302): [startSseStream] SSE disconnected
03-25 20:26:24.230 I/InteractViewModel(18302): [startSseStream] Reconnecting in 30000ms...
03-25 20:26:24.366 I/CIRISApiClient(18302): [listAdapters] Listing adapters
03-25 20:26:24.378 E/CIRISApiClient(18302): [listAdapters] Exception: UnknownHostException: Unable to resolve host "localhost": No address associated with hostname
03-25 20:26:24.381 E/AdaptersViewModel(18302): [fetchAdaptersInternal] Exception: UnknownHostException: Unable to resolve host "localhost": No address associated with hostname
03-25 20:26:24.382 E/AdaptersViewModel(18302): [fetchAdaptersInternal] Stack trace: java.net.UnknownHostException: Unable to resolve host "localhost": No address associated with hostname
03-25 20:26:24.382 E/AdaptersViewModel(18302): 	at java.net.Inet6AddressImpl.lookupHostByName(Inet6AddressImpl.java:124)
03-25 20:26:24.382 E/AdaptersViewModel(18302): 	at java.net.Inet6AddressImpl.lookupAllHostAddr(Inet6AddressImpl.java:103)
