04-16 20:55:09.402 E/chromium(27036): [ERROR:cc/tiles/tile_manager.cc:997] WARNING: tile memory limits exceeded, some content may not draw
04-16 20:55:09.402 E/chromium(27036): [ERROR:cc/tiles/tile_manager.cc:997] WARNING: tile memory limits exceeded, some content may not draw
04-16 20:55:09.419 E/chromium(27036): [ERROR:cc/tiles/tile_manager.cc:997] WARNING: tile memory limits exceeded, some content may not draw
04-16 20:55:09.419 E/chromium(27036): [ERROR:cc/tiles/tile_manager.cc:997] WARNING: tile memory limits exceeded, some content may not draw
04-16 20:55:09.420 E/chromium(27036): [ERROR:cc/tiles/tile_manager.cc:997] WARNING: tile memory limits exceeded, some content may not draw
04-16 20:55:09.435 E/chromium(27036): [ERROR:cc/tiles/tile_manager.cc:997] WARNING: tile memory limits exceeded, some content may not draw
04-16 20:55:09.435 E/chromium(27036): [ERROR:cc/tiles/tile_manager.cc:997] WARNING: tile memory limits exceeded, some content may not draw
04-16 20:55:09.454 E/chromium(27036): [ERROR:cc/tiles/tile_manager.cc:997] WARNING: tile memory limits exceeded, some content may not draw
04-16 20:55:09.454 E/chromium(27036): [ERROR:cc/tiles/tile_manager.cc:997] WARNING: tile memory limits exceeded, some content may not draw
04-16 20:55:10.824 E/CIRISApiClient(16714): [getMessages] Exception: UnknownHostException: Unable to resolve host "localhost": No address associated with hostname | Context: limit=50, is401=false, tokenPresent=true, tokenPreview=ciris_ad...pyiw
04-16 20:55:10.829 W/InteractViewModel(16714): [fetchHistory] Non-auth error: UnknownHostException: Unable to resolve host "localhost": No address associated with hostname
04-16 20:55:10.839 E/CIRISApiClient(16714): [getAuditEntries] Exception: UnknownHostException: Unable to resolve host "localhost": No address associated with hostname
04-16 20:55:11.186 E/CIRISApiClient(16714): [getSystemStatus] Exception: UnknownHostException: Unable to resolve host "localhost": No address associated with hostname | Context: url=http://localhost:8080
04-16 20:55:13.006 E/CIRISApiClient(16714): [getSystemStatus] Exception: UnknownHostException: Unable to resolve host "localhost": No address associated with hostname | Context: url=http://localhost:8080
04-16 20:55:13.851 E/CIRISApiClient(16714): [getMessages] Exception: UnknownHostException: Unable to resolve host "localhost": No address associated with hostname | Context: limit=50, is401=false, tokenPresent=true, tokenPreview=ciris_ad...pyiw
04-16 20:55:13.854 W/InteractViewModel(16714): [fetchHistory] Non-auth error: UnknownHostException: Unable to resolve host "localhost": No address associated with hostname
04-16 20:55:13.861 E/CIRISApiClient(16714): [getAuditEntries] Exception: UnknownHostException: Unable to resolve host "localhost": No address associated with hostname
04-16 20:55:15.294 E/chromium(27036): [ERROR:cc/tiles/tile_manager.cc:997] WARNING: tile memory limits exceeded, some content may not draw
04-16 20:55:15.295 E/chromium(27036): [ERROR:cc/tiles/tile_manager.cc:997] WARNING: tile memory limits exceeded, some content may not draw
04-16 20:55:15.312 E/chromium(27036): [ERROR:cc/tiles/tile_manager.cc:997] WARNING: tile memory limits exceeded, some content may not draw
04-16 20:55:15.314 E/chromium(27036): [ERROR:cc/tiles/tile_manager.cc:997] WARNING: tile memory limits exceeded, some content may not draw
04-16 20:55:15.323 E/chromium(27036): [ERROR:cc/tiles/tile_manager.cc:997] WARNING: tile memory limits exceeded, some content may not draw
04-16 20:55:15.325 E/chromium(27036): [ERROR:cc/tiles/tile_manager.cc:997] WARNING: tile memory limits exceeded, some content may not draw
04-16 20:55:15.325 E/chromium(27036): [ERROR:cc/tiles/tile_manager.cc:997] WARNING: tile memory limits exceeded, some content may not draw
04-16 20:55:15.326 E/chromium(27036): [ERROR:cc/tiles/tile_manager.cc:997] WARNING: tile memory limits exceeded, some content may not draw
04-16 20:55:15.348 E/chromium(27036): [ERROR:cc/tiles/tile_manager.cc:997] WARNING: tile memory limits exceeded, some content may not draw
04-16 20:55:15.349 E/chromium(27036): [ERROR:cc/tiles/tile_manager.cc:997] WARNING: tile memory limits exceeded, some content may not draw
04-16 20:55:15.349 E/chromium(27036): [ERROR:cc/tiles/tile_manager.cc:997] WARNING: tile memory limits exceeded, some content may not draw
04-16 20:55:15.366 E/chromium(27036): [ERROR:cc/tiles/tile_manager.cc:997] WARNING: tile memory limits exceeded, some content may not draw
04-16 20:55:15.366 E/chromium(27036): [ERROR:cc/tiles/tile_manager.cc:997] WARNING: tile memory limits exceeded, some content may not draw
04-16 20:55:15.367 E/chromium(27036): [ERROR:cc/tiles/tile_manager.cc:997] WARNING: tile memory limits exceeded, some content may not draw
04-16 20:55:15.381 E/chromium(27036): [ERROR:cc/tiles/tile_manager.cc:997] WARNING: tile memory limits exceeded, some content may not draw
04-16 20:55:15.382 E/chromium(27036): [ERROR:cc/tiles/tile_manager.cc:997] WARNING: tile memory limits exceeded, some content may not draw
04-16 20:55:15.401 E/chromium(27036): [ERROR:cc/tiles/tile_manager.cc:997] WARNING: tile memory limits exceeded, some content may not draw
04-16 20:55:15.403 E/chromium(27036): [ERROR:cc/tiles/tile_manager.cc:997] WARNING: tile memory limits exceeded, some content may not draw
04-16 20:55:15.832 D/EnvFileUpdater(16714): Found CIRIS_HOME from env: /data/user/0/ai.ciris.mobile/files/ciris
04-16 20:55:16.043 E/chromium(27036): [ERROR:cc/tiles/tile_manager.cc:997] WARNING: tile memory limits exceeded, some content may not draw
04-16 20:55:16.043 E/chromium(27036): [ERROR:cc/tiles/tile_manager.cc:997] WARNING: tile memory limits exceeded, some content may not draw
04-16 20:55:16.051 E/chromium(27036): [ERROR:cc/tiles/tile_manager.cc:997] WARNING: tile memory limits exceeded, some content may not draw
04-16 20:55:16.053 E/chromium(27036): [ERROR:cc/tiles/tile_manager.cc:997] WARNING: tile memory limits exceeded, some content may not draw
04-16 20:55:16.064 E/chromium(27036): [ERROR:cc/tiles/tile_manager.cc:997] WARNING: tile memory limits exceeded, some content may not draw
04-16 20:55:16.065 E/chromium(27036): [ERROR:cc/tiles/tile_manager.cc:997] WARNING: tile memory limits exceeded, some content may not draw
04-16 20:55:16.067 E/chromium(27036): [ERROR:cc/tiles/tile_manager.cc:997] WARNING: tile memory limits exceeded, some content may not draw
04-16 20:55:16.085 E/chromium(27036): [ERROR:cc/tiles/tile_manager.cc:997] WARNING: tile memory limits exceeded, some content may not draw
04-16 20:55:16.085 E/chromium(27036): [ERROR:cc/tiles/tile_manager.cc:997] WARNING: tile memory limits exceeded, some content may not draw
04-16 20:55:16.085 E/chromium(27036): [ERROR:cc/tiles/tile_manager.cc:997] WARNING: tile memory limits exceeded, some content may not draw
04-16 20:55:16.098 E/chromium(27036): [ERROR:cc/tiles/tile_manager.cc:997] WARNING: tile memory limits exceeded, some content may not draw
04-16 20:55:16.098 E/chromium(27036): [ERROR:cc/tiles/tile_manager.cc:997] WARNING: tile memory limits exceeded, some content may not draw
04-16 20:55:16.103 E/chromium(27036): [ERROR:cc/tiles/tile_manager.cc:997] WARNING: tile memory limits exceeded, some content may not draw
04-16 20:55:16.113 E/chromium(27036): [ERROR:cc/tiles/tile_manager.cc:997] WARNING: tile memory limits exceeded, some content may not draw
04-16 20:55:16.114 E/chromium(27036): [ERROR:cc/tiles/tile_manager.cc:997] WARNING: tile memory limits exceeded, some content may not draw
04-16 20:55:16.114 E/chromium(27036): [ERROR:cc/tiles/tile_manager.cc:997] WARNING: tile memory limits exceeded, some content may not draw
04-16 20:55:16.114 E/chromium(27036): [ERROR:cc/tiles/tile_manager.cc:997] WARNING: tile memory limits exceeded, some content may not draw
04-16 20:55:16.130 E/chromium(27036): [ERROR:cc/tiles/tile_manager.cc:997] WARNING: tile memory limits exceeded, some content may not draw
04-16 20:55:16.130 E/chromium(27036): [ERROR:cc/tiles/tile_manager.cc:997] WARNING: tile memory limits exceeded, some content may not draw
04-16 20:55:16.149 E/chromium(27036): [ERROR:cc/tiles/tile_manager.cc:997] WARNING: tile memory limits exceeded, some content may not draw
04-16 20:55:16.150 E/chromium(27036): [ERROR:cc/tiles/tile_manager.cc:997] WARNING: tile memory limits exceeded, some content may not draw
04-16 20:55:16.203 E/CIRISApiClient(16714): [getSystemStatus] Exception: UnknownHostException: Unable to resolve host "localhost": No address associated with hostname | Context: url=http://localhost:8080
04-16 20:55:16.264 E/chromium(27036): [ERROR:cc/tiles/tile_manager.cc:997] WARNING: tile memory limits exceeded, some content may not draw
04-16 20:55:16.265 E/chromium(27036): [ERROR:cc/tiles/tile_manager.cc:997] WARNING: tile memory limits exceeded, some content may not draw
04-16 20:55:16.280 E/chromium(27036): [ERROR:cc/tiles/tile_manager.cc:997] WARNING: tile memory limits exceeded, some content may not draw
04-16 20:55:16.281 E/chromium(27036): [ERROR:cc/tiles/tile_manager.cc:997] WARNING: tile memory limits exceeded, some content may not draw
04-16 20:55:16.281 E/chromium(27036): [ERROR:cc/tiles/tile_manager.cc:997] WARNING: tile memory limits exceeded, some content may not draw
04-16 20:55:16.299 E/chromium(27036): [ERROR:cc/tiles/tile_manager.cc:997] WARNING: tile memory limits exceeded, some content may not draw
04-16 20:55:16.300 E/chromium(27036): [ERROR:cc/tiles/tile_manager.cc:997] WARNING: tile memory limits exceeded, some content may not draw
04-16 20:55:16.300 E/chromium(27036): [ERROR:cc/tiles/tile_manager.cc:997] WARNING: tile memory limits exceeded, some content may not draw
04-16 20:55:16.300 E/chromium(27036): [ERROR:cc/tiles/tile_manager.cc:997] WARNING: tile memory limits exceeded, some content may not draw
04-16 20:55:16.313 E/chromium(27036): [ERROR:cc/tiles/tile_manager.cc:997] WARNING: tile memory limits exceeded, some content may not draw
04-16 20:55:16.313 E/chromium(27036): [ERROR:cc/tiles/tile_manager.cc:997] WARNING: tile memory limits exceeded, some content may not draw
04-16 20:55:16.314 E/chromium(27036): [ERROR:cc/tiles/tile_manager.cc:997] WARNING: tile memory limits exceeded, some content may not draw
04-16 20:55:16.331 E/chromium(27036): [ERROR:cc/tiles/tile_manager.cc:997] WARNING: tile memory limits exceeded, some content may not draw
04-16 20:55:16.332 E/chromium(27036): [ERROR:cc/tiles/tile_manager.cc:997] WARNING: tile memory limits exceeded, some content may not draw
04-16 20:55:16.346 E/chromium(27036): [ERROR:cc/tiles/tile_manager.cc:997] WARNING: tile memory limits exceeded, some content may not draw
04-16 20:55:16.347 E/chromium(27036): [ERROR:cc/tiles/tile_manager.cc:997] WARNING: tile memory limits exceeded, some content may not draw
04-16 20:55:16.365 E/chromium(27036): [ERROR:cc/tiles/tile_manager.cc:997] WARNING: tile memory limits exceeded, some content may not draw
04-16 20:55:16.366 E/chromium(27036): [ERROR:cc/tiles/tile_manager.cc:997] WARNING: tile memory limits exceeded, some content may not draw
04-16 20:55:16.874 E/CIRISApiClient(16714): [getMessages] Exception: UnknownHostException: Unable to resolve host "localhost": No address associated with hostname | Context: limit=50, is401=false, tokenPresent=true, tokenPreview=ciris_ad...pyiw
04-16 20:55:16.877 W/InteractViewModel(16714): [fetchHistory] Non-auth error: UnknownHostException: Unable to resolve host "localhost": No address associated with hostname
04-16 20:55:16.889 E/CIRISApiClient(16714): [getAuditEntries] Exception: UnknownHostException: Unable to resolve host "localhost": No address associated with hostname
04-16 20:55:18.018 E/CIRISApiClient(16714): [getSystemStatus] Exception: UnknownHostException: Unable to resolve host "localhost": No address associated with hostname | Context: url=http://localhost:8080
04-16 20:55:19.901 E/CIRISApiClient(16714): [getMessages] Exception: UnknownHostException: Unable to resolve host "localhost": No address associated with hostname | Context: limit=50, is401=false, tokenPresent=true, tokenPreview=ciris_ad...pyiw
04-16 20:55:19.903 W/InteractViewModel(16714): [fetchHistory] Non-auth error: UnknownHostException: Unable to resolve host "localhost": No address associated with hostname
04-16 20:55:19.909 E/CIRISApiClient(16714): [getAuditEntries] Exception: UnknownHostException: Unable to resolve host "localhost": No address associated with hostname
04-16 20:55:21.066 W/chromium(27194): [WARNING:net/cert/ev_root_ca_metadata.cc:118] Not implemented
04-16 20:55:21.067 W/chromium(27194): [WARNING:net/cert/ev_root_ca_metadata.cc:118] Not implemented
04-16 20:55:21.207 W/chromium(27194): [WARNING:net/cert/ev_root_ca_metadata.cc:118] Not implemented
04-16 20:55:21.223 E/CIRISApiClient(16714): [getSystemStatus] Exception: UnknownHostException: Unable to resolve host "localhost": No address associated with hostname | Context: url=http://localhost:8080
04-16 20:55:21.388 W/chromium(27194): [WARNING:net/cert/ev_root_ca_metadata.cc:118] Not implemented
04-16 20:55:21.713 W/chromium(21660): [WARNING:content/app/android/content_main_android.cc:82] android_setCpu already initialized
04-16 20:55:21.721 E/CIRISApiClient(16714): [getLlmConfig] Exception: UnknownHostException: Unable to resolve host "localhost": No address associated with hostname
04-16 20:55:21.723 W/InteractViewModel(16714): [fetchHealthData] Failed to fetch LLM config from API: Unable to resolve host "localhost": No address associated with hostname
04-16 20:55:21.747 E/CIRISApiClient(16714): [getVerifyStatus] Exception: UnknownHostException: Unable to resolve host "localhost": No address associated with hostname
04-16 20:55:21.749 I/CIRISApiClient(16714): [getWAStatus] Fetching WA status
04-16 20:55:21.764 E/CIRISApiClient(16714): [getWAStatus] Exception: UnknownHostException: Unable to resolve host "localhost": No address associated with hostname
04-16 20:55:21.765 I/CIRISApiClient(16714): [getSystemHealth] Fetching system health
04-16 20:55:21.787 E/CIRISApiClient(16714): [getSystemHealth] Exception: UnknownHostException: Unable to resolve host "localhost": No address associated with hostname
04-16 20:55:21.833 W/chromium(27194): [WARNING:net/cert/ev_root_ca_metadata.cc:118] Not implemented
04-16 20:55:22.247 W/chromium(27194): [WARNING:net/cert/ev_root_ca_metadata.cc:118] Not implemented
04-16 20:55:22.264 W/chromium(27194): [WARNING:net/cert/ev_root_ca_metadata.cc:118] Not implemented
04-16 20:55:22.287 E/chromium(27036): [ERROR:cc/tiles/tile_manager.cc:997] WARNING: tile memory limits exceeded, some content may not draw
04-16 20:55:22.288 E/chromium(27036): [ERROR:cc/tiles/tile_manager.cc:997] WARNING: tile memory limits exceeded, some content may not draw
04-16 20:55:22.288 W/chromium(27194): [WARNING:net/cert/ev_root_ca_metadata.cc:118] Not implemented
04-16 20:55:22.304 W/chromium(27194): [WARNING:net/cert/ev_root_ca_metadata.cc:118] Not implemented
04-16 20:55:22.942 E/CIRISApiClient(16714): [getMessages] Exception: UnknownHostException: Unable to resolve host "localhost": No address associated with hostname | Context: limit=50, is401=false, tokenPresent=true, tokenPreview=ciris_ad...pyiw
04-16 20:55:22.945 W/InteractViewModel(16714): [fetchHistory] Non-auth error: UnknownHostException: Unable to resolve host "localhost": No address associated with hostname
04-16 20:55:22.954 E/CIRISApiClient(16714): [getAuditEntries] Exception: UnknownHostException: Unable to resolve host "localhost": No address associated with hostname
04-16 20:55:23.017 W/chromium(21731): [WARNING:content/app/android/content_main_android.cc:82] android_setCpu already initialized
04-16 20:55:23.036 E/CIRISApiClient(16714): [getSystemStatus] Exception: UnknownHostException: Unable to resolve host "localhost": No address associated with hostname | Context: url=http://localhost:8080
04-16 20:55:25.836 D/EnvFileUpdater(16714): Found CIRIS_HOME from env: /data/user/0/ai.ciris.mobile/files/ciris
04-16 20:55:25.981 E/CIRISApiClient(16714): [getMessages] Exception: UnknownHostException: Unable to resolve host "localhost": No address associated with hostname | Context: limit=50, is401=false, tokenPresent=true, tokenPreview=ciris_ad...pyiw
04-16 20:55:25.985 W/InteractViewModel(16714): [fetchHistory] Non-auth error: UnknownHostException: Unable to resolve host "localhost": No address associated with hostname
04-16 20:55:25.992 E/CIRISApiClient(16714): [getAuditEntries] Exception: UnknownHostException: Unable to resolve host "localhost": No address associated with hostname
04-16 20:55:26.247 E/CIRISApiClient(16714): [getSystemStatus] Exception: UnknownHostException: Unable to resolve host "localhost": No address associated with hostname | Context: url=http://localhost:8080
04-16 20:55:29.884 E/CIRISApiClient(16714): [getSystemStatus] Exception: UnknownHostException: Unable to resolve host "localhost": No address associated with hostname | Context: url=http://localhost:8080
04-16 20:55:30.833 E/CIRISApiClient(16714): [getMessages] Exception: UnknownHostException: Unable to resolve host "localhost": No address associated with hostname | Context: limit=50, is401=false, tokenPresent=true, tokenPreview=ciris_ad...pyiw
04-16 20:55:30.836 W/InteractViewModel(16714): [fetchHistory] Non-auth error: UnknownHostException: Unable to resolve host "localhost": No address associated with hostname
04-16 20:55:30.849 E/CIRISApiClient(16714): [getAuditEntries] Exception: UnknownHostException: Unable to resolve host "localhost": No address associated with hostname
04-16 20:55:41.603 E/CIRISApiClient(16714): [getSystemStatus] Exception: UnknownHostException: Unable to resolve host "localhost": No address associated with hostname | Context: url=http://localhost:8080
04-16 20:55:52.970 E/CIRISApiClient(16714): [getMessages] Exception: UnknownHostException: Unable to resolve host "localhost": No address associated with hostname | Context: limit=50, is401=false, tokenPresent=true, tokenPreview=ciris_ad...pyiw
04-16 20:55:52.972 W/InteractViewModel(16714): [fetchHistory] Non-auth error: UnknownHostException: Unable to resolve host "localhost": No address associated with hostname
04-16 20:55:52.979 E/CIRISApiClient(16714): [getAuditEntries] Exception: UnknownHostException: Unable to resolve host "localhost": No address associated with hostname
04-16 20:55:55.639 E/CIRISApiClient(16714): [getSystemStatus] Exception: UnknownHostException: Unable to resolve host "localhost": No address associated with hostname | Context: url=http://localhost:8080
04-16 20:56:05.208 E/CIRISApiClient(16714): [getMessages] Exception: UnknownHostException: Unable to resolve host "localhost": No address associated with hostname | Context: limit=50, is401=false, tokenPresent=true, tokenPreview=ciris_ad...pyiw
04-16 20:56:05.211 W/InteractViewModel(16714): [fetchHistory] Non-auth error: UnknownHostException: Unable to resolve host "localhost": No address associated with hostname
04-16 20:56:05.222 E/CIRISApiClient(16714): [getAuditEntries] Exception: UnknownHostException: Unable to resolve host "localhost": No address associated with hostname
04-16 20:56:07.133 D/EnvFileUpdater(16714): Found CIRIS_HOME from env: /data/user/0/ai.ciris.mobile/files/ciris
04-16 20:56:09.779 E/CIRISApiClient(16714): [getSystemStatus] Exception: UnknownHostException: Unable to resolve host "localhost": No address associated with hostname | Context: url=http://localhost:8080
04-16 20:56:10.238 W/chromium(27194): [WARNING:components/sync/engine/syncer_proto_util.cc:430] Error posting from syncer: Response Code (bogus on error): -1 Content-Length (bogus on error): -1 Server Status: CONNECTION_UNAVAILABLE
04-16 20:56:10.238 W/chromium(27194): [WARNING:components/sync/engine/commit.cc:182] Post commit failed
04-16 20:56:11.743 E/CIRISApiClient(16714): [getSystemStatus] Exception: UnknownHostException: Unable to resolve host "localhost": No address associated with hostname | Context: url=http://localhost:8080
04-16 20:56:11.746 E/CIRISApiClient(16714): [getMessages] Exception: UnknownHostException: Unable to resolve host "localhost": No address associated with hostname | Context: limit=50, is401=false, tokenPresent=true, tokenPreview=ciris_ad...pyiw
04-16 20:56:11.747 W/InteractViewModel(16714): [fetchHistory] Non-auth error: UnknownHostException: Unable to resolve host "localhost": No address associated with hostname
04-16 20:56:11.753 E/CIRISApiClient(16714): [getAuditEntries] Exception: UnknownHostException: Unable to resolve host "localhost": No address associated with hostname
04-16 20:56:19.571 E/CIRISApiClient(16714): [getMessages] Exception: UnknownHostException: Unable to resolve host "localhost": No address associated with hostname | Context: limit=50, is401=false, tokenPresent=true, tokenPreview=ciris_ad...pyiw
04-16 20:56:19.574 W/InteractViewModel(16714): [fetchHistory] Non-auth error: UnknownHostException: Unable to resolve host "localhost": No address associated with hostname
04-16 20:56:19.600 E/CIRISApiClient(16714): [getAuditEntries] Exception: UnknownHostException: Unable to resolve host "localhost": No address associated with hostname
04-16 20:56:19.672 E/CIRISApiClient(16714): [getSystemStatus] Exception: UnknownHostException: Unable to resolve host "localhost": No address associated with hostname | Context: url=http://localhost:8080
04-16 20:56:21.579 E/CIRISApiClient(16714): [getSystemStatus] Exception: UnknownHostException: Unable to resolve host "localhost": No address associated with hostname | Context: url=http://localhost:8080
04-16 20:56:22.620 E/CIRISApiClient(16714): [getMessages] Exception: UnknownHostException: Unable to resolve host "localhost": No address associated with hostname | Context: limit=50, is401=false, tokenPresent=true, tokenPreview=ciris_ad...pyiw
04-16 20:56:22.622 W/InteractViewModel(16714): [fetchHistory] Non-auth error: UnknownHostException: Unable to resolve host "localhost": No address associated with hostname
04-16 20:56:22.634 E/CIRISApiClient(16714): [getAuditEntries] Exception: UnknownHostException: Unable to resolve host "localhost": No address associated with hostname
04-16 20:56:24.096 D/EnvFileUpdater(16714): Found CIRIS_HOME from env: /data/user/0/ai.ciris.mobile/files/ciris
04-16 20:56:24.697 E/CIRISApiClient(16714): [getSystemStatus] Exception: UnknownHostException: Unable to resolve host "localhost": No address associated with hostname | Context: url=http://localhost:8080
04-16 20:56:25.644 E/CIRISApiClient(16714): [getMessages] Exception: UnknownHostException: Unable to resolve host "localhost": No address associated with hostname | Context: limit=50, is401=false, tokenPresent=true, tokenPreview=ciris_ad...pyiw
04-16 20:56:25.646 W/InteractViewModel(16714): [fetchHistory] Non-auth error: UnknownHostException: Unable to resolve host "localhost": No address associated with hostname
04-16 20:56:25.656 E/CIRISApiClient(16714): [getAuditEntries] Exception: UnknownHostException: Unable to resolve host "localhost": No address associated with hostname
04-16 20:56:26.596 E/CIRISApiClient(16714): [getSystemStatus] Exception: UnknownHostException: Unable to resolve host "localhost": No address associated with hostname | Context: url=http://localhost:8080
04-16 20:56:28.666 E/CIRISApiClient(16714): [getMessages] Exception: UnknownHostException: Unable to resolve host "localhost": No address associated with hostname | Context: limit=50, is401=false, tokenPresent=true, tokenPreview=ciris_ad...pyiw
04-16 20:56:28.670 W/InteractViewModel(16714): [fetchHistory] Non-auth error: UnknownHostException: Unable to resolve host "localhost": No address associated with hostname
04-16 20:56:28.678 E/CIRISApiClient(16714): [getAuditEntries] Exception: UnknownHostException: Unable to resolve host "localhost": No address associated with hostname
04-16 20:56:29.716 E/CIRISApiClient(16714): [getSystemStatus] Exception: UnknownHostException: Unable to resolve host "localhost": No address associated with hostname | Context: url=http://localhost:8080
04-16 20:56:30.061 E/CIRISApiClient(16714): [getLlmConfig] Exception: UnknownHostException: Unable to resolve host "localhost": No address associated with hostname
04-16 20:56:30.064 W/InteractViewModel(16714): [fetchHealthData] Failed to fetch LLM config from API: Unable to resolve host "localhost": No address associated with hostname
04-16 20:56:30.078 E/CIRISApiClient(16714): [getVerifyStatus] Exception: UnknownHostException: Unable to resolve host "localhost": No address associated with hostname
04-16 20:56:30.080 I/CIRISApiClient(16714): [getWAStatus] Fetching WA status
04-16 20:56:30.092 E/CIRISApiClient(16714): [getWAStatus] Exception: UnknownHostException: Unable to resolve host "localhost": No address associated with hostname
04-16 20:56:30.095 I/CIRISApiClient(16714): [getSystemHealth] Fetching system health
04-16 20:56:30.105 E/CIRISApiClient(16714): [getSystemHealth] Exception: UnknownHostException: Unable to resolve host "localhost": No address associated with hostname
04-16 20:56:31.620 E/CIRISApiClient(16714): [getSystemStatus] Exception: UnknownHostException: Unable to resolve host "localhost": No address associated with hostname | Context: url=http://localhost:8080
04-16 20:56:31.690 E/CIRISApiClient(16714): [getMessages] Exception: UnknownHostException: Unable to resolve host "localhost": No address associated with hostname | Context: limit=50, is401=false, tokenPresent=true, tokenPreview=ciris_ad...pyiw
04-16 20:56:31.692 W/InteractViewModel(16714): [fetchHistory] Non-auth error: UnknownHostException: Unable to resolve host "localhost": No address associated with hostname
04-16 20:56:31.698 E/CIRISApiClient(16714): [getAuditEntries] Exception: UnknownHostException: Unable to resolve host "localhost": No address associated with hostname
04-16 20:56:34.097 D/EnvFileUpdater(16714): Found CIRIS_HOME from env: /data/user/0/ai.ciris.mobile/files/ciris
04-16 20:56:34.711 E/CIRISApiClient(16714): [getMessages] Exception: UnknownHostException: Unable to resolve host "localhost": No address associated with hostname | Context: limit=50, is401=false, tokenPresent=true, tokenPreview=ciris_ad...pyiw
04-16 20:56:34.714 W/InteractViewModel(16714): [fetchHistory] Non-auth error: UnknownHostException: Unable to resolve host "localhost": No address associated with hostname
04-16 20:56:34.727 E/CIRISApiClient(16714): [getAuditEntries] Exception: UnknownHostException: Unable to resolve host "localhost": No address associated with hostname
04-16 20:56:34.743 E/CIRISApiClient(16714): [getSystemStatus] Exception: UnknownHostException: Unable to resolve host "localhost": No address associated with hostname | Context: url=http://localhost:8080
04-16 20:56:36.641 E/CIRISApiClient(16714): [getSystemStatus] Exception: UnknownHostException: Unable to resolve host "localhost": No address associated with hostname | Context: url=http://localhost:8080
04-16 20:56:37.747 E/CIRISApiClient(16714): [getMessages] Exception: UnknownHostException: Unable to resolve host "localhost": No address associated with hostname | Context: limit=50, is401=false, tokenPresent=true, tokenPreview=ciris_ad...pyiw
04-16 20:56:37.750 W/InteractViewModel(16714): [fetchHistory] Non-auth error: UnknownHostException: Unable to resolve host "localhost": No address associated with hostname
04-16 20:56:37.759 E/CIRISApiClient(16714): [getAuditEntries] Exception: UnknownHostException: Unable to resolve host "localhost": No address associated with hostname
04-16 20:56:39.766 E/CIRISApiClient(16714): [getSystemStatus] Exception: UnknownHostException: Unable to resolve host "localhost": No address associated with hostname | Context: url=http://localhost:8080
04-16 20:56:40.775 E/CIRISApiClient(16714): [getMessages] Exception: UnknownHostException: Unable to resolve host "localhost": No address associated with hostname | Context: limit=50, is401=false, tokenPresent=true, tokenPreview=ciris_ad...pyiw
04-16 20:56:40.777 W/InteractViewModel(16714): [fetchHistory] Non-auth error: UnknownHostException: Unable to resolve host "localhost": No address associated with hostname
04-16 20:56:40.784 E/CIRISApiClient(16714): [getAuditEntries] Exception: UnknownHostException: Unable to resolve host "localhost": No address associated with hostname
04-16 20:56:41.662 E/CIRISApiClient(16714): [getSystemStatus] Exception: UnknownHostException: Unable to resolve host "localhost": No address associated with hostname | Context: url=http://localhost:8080
04-16 20:56:43.796 E/CIRISApiClient(16714): [getMessages] Exception: UnknownHostException: Unable to resolve host "localhost": No address associated with hostname | Context: limit=50, is401=false, tokenPresent=true, tokenPreview=ciris_ad...pyiw
04-16 20:56:43.798 W/InteractViewModel(16714): [fetchHistory] Non-auth error: UnknownHostException: Unable to resolve host "localhost": No address associated with hostname
04-16 20:56:43.803 E/CIRISApiClient(16714): [getAuditEntries] Exception: UnknownHostException: Unable to resolve host "localhost": No address associated with hostname
04-16 20:56:44.098 D/EnvFileUpdater(16714): Found CIRIS_HOME from env: /data/user/0/ai.ciris.mobile/files/ciris
04-16 20:56:44.781 E/CIRISApiClient(16714): [getSystemStatus] Exception: UnknownHostException: Unable to resolve host "localhost": No address associated with hostname | Context: url=http://localhost:8080
04-16 20:56:46.687 E/CIRISApiClient(16714): [getSystemStatus] Exception: UnknownHostException: Unable to resolve host "localhost": No address associated with hostname | Context: url=http://localhost:8080
04-16 20:56:46.817 E/CIRISApiClient(16714): [getMessages] Exception: UnknownHostException: Unable to resolve host "localhost": No address associated with hostname | Context: limit=50, is401=false, tokenPresent=true, tokenPreview=ciris_ad...pyiw
04-16 20:56:46.820 W/InteractViewModel(16714): [fetchHistory] Non-auth error: UnknownHostException: Unable to resolve host "localhost": No address associated with hostname
04-16 20:56:46.834 E/CIRISApiClient(16714): [getAuditEntries] Exception: UnknownHostException: Unable to resolve host "localhost": No address associated with hostname
04-16 20:56:49.803 E/CIRISApiClient(16714): [getSystemStatus] Exception: UnknownHostException: Unable to resolve host "localhost": No address associated with hostname | Context: url=http://localhost:8080
04-16 20:56:49.849 E/CIRISApiClient(16714): [getMessages] Exception: UnknownHostException: Unable to resolve host "localhost": No address associated with hostname | Context: limit=50, is401=false, tokenPresent=true, tokenPreview=ciris_ad...pyiw
04-16 20:56:49.852 W/InteractViewModel(16714): [fetchHistory] Non-auth error: UnknownHostException: Unable to resolve host "localhost": No address associated with hostname
04-16 20:56:49.861 E/CIRISApiClient(16714): [getAuditEntries] Exception: UnknownHostException: Unable to resolve host "localhost": No address associated with hostname
04-16 20:56:51.706 E/CIRISApiClient(16714): [getSystemStatus] Exception: UnknownHostException: Unable to resolve host "localhost": No address associated with hostname | Context: url=http://localhost:8080
04-16 20:56:52.883 E/CIRISApiClient(16714): [getMessages] Exception: UnknownHostException: Unable to resolve host "localhost": No address associated with hostname | Context: limit=50, is401=false, tokenPresent=true, tokenPreview=ciris_ad...pyiw
04-16 20:56:52.887 W/InteractViewModel(16714): [fetchHistory] Non-auth error: UnknownHostException: Unable to resolve host "localhost": No address associated with hostname
04-16 20:56:52.898 E/CIRISApiClient(16714): [getAuditEntries] Exception: UnknownHostException: Unable to resolve host "localhost": No address associated with hostname
04-16 20:56:54.099 D/EnvFileUpdater(16714): Found CIRIS_HOME from env: /data/user/0/ai.ciris.mobile/files/ciris
04-16 20:56:54.826 E/CIRISApiClient(16714): [getSystemStatus] Exception: UnknownHostException: Unable to resolve host "localhost": No address associated with hostname | Context: url=http://localhost:8080
04-16 20:56:55.916 E/CIRISApiClient(16714): [getMessages] Exception: UnknownHostException: Unable to resolve host "localhost": No address associated with hostname | Context: limit=50, is401=false, tokenPresent=true, tokenPreview=ciris_ad...pyiw
04-16 20:56:55.919 W/InteractViewModel(16714): [fetchHistory] Non-auth error: UnknownHostException: Unable to resolve host "localhost": No address associated with hostname
04-16 20:56:55.927 E/CIRISApiClient(16714): [getAuditEntries] Exception: UnknownHostException: Unable to resolve host "localhost": No address associated with hostname
04-16 20:56:56.724 E/CIRISApiClient(16714): [getSystemStatus] Exception: UnknownHostException: Unable to resolve host "localhost": No address associated with hostname | Context: url=http://localhost:8080
04-16 20:56:58.941 E/CIRISApiClient(16714): [getMessages] Exception: UnknownHostException: Unable to resolve host "localhost": No address associated with hostname | Context: limit=50, is401=false, tokenPresent=true, tokenPreview=ciris_ad...pyiw
04-16 20:56:58.944 W/InteractViewModel(16714): [fetchHistory] Non-auth error: UnknownHostException: Unable to resolve host "localhost": No address associated with hostname
04-16 20:56:58.951 E/CIRISApiClient(16714): [getAuditEntries] Exception: UnknownHostException: Unable to resolve host "localhost": No address associated with hostname
04-16 20:56:59.850 E/CIRISApiClient(16714): [getSystemStatus] Exception: UnknownHostException: Unable to resolve host "localhost": No address associated with hostname | Context: url=http://localhost:8080
04-16 20:57:00.126 E/CIRISApiClient(16714): [getLlmConfig] Exception: UnknownHostException: Unable to resolve host "localhost": No address associated with hostname
04-16 20:57:00.130 W/InteractViewModel(16714): [fetchHealthData] Failed to fetch LLM config from API: Unable to resolve host "localhost": No address associated with hostname
04-16 20:57:00.150 E/CIRISApiClient(16714): [getVerifyStatus] Exception: UnknownHostException: Unable to resolve host "localhost": No address associated with hostname
04-16 20:57:00.152 I/CIRISApiClient(16714): [getWAStatus] Fetching WA status
04-16 20:57:00.167 E/CIRISApiClient(16714): [getWAStatus] Exception: UnknownHostException: Unable to resolve host "localhost": No address associated with hostname
04-16 20:57:00.168 I/CIRISApiClient(16714): [getSystemHealth] Fetching system health
04-16 20:57:00.205 E/CIRISApiClient(16714): [getSystemHealth] Exception: UnknownHostException: Unable to resolve host "localhost": No address associated with hostname
04-16 20:57:01.746 E/CIRISApiClient(16714): [getSystemStatus] Exception: UnknownHostException: Unable to resolve host "localhost": No address associated with hostname | Context: url=http://localhost:8080
04-16 20:57:01.968 E/CIRISApiClient(16714): [getMessages] Exception: UnknownHostException: Unable to resolve host "localhost": No address associated with hostname | Context: limit=50, is401=false, tokenPresent=true, tokenPreview=ciris_ad...pyiw
04-16 20:57:01.972 W/InteractViewModel(16714): [fetchHistory] Non-auth error: UnknownHostException: Unable to resolve host "localhost": No address associated with hostname
04-16 20:57:01.983 E/CIRISApiClient(16714): [getAuditEntries] Exception: UnknownHostException: Unable to resolve host "localhost": No address associated with hostname
04-16 20:57:04.100 D/EnvFileUpdater(16714): Found CIRIS_HOME from env: /data/user/0/ai.ciris.mobile/files/ciris
04-16 20:57:04.873 E/CIRISApiClient(16714): [getSystemStatus] Exception: UnknownHostException: Unable to resolve host "localhost": No address associated with hostname | Context: url=http://localhost:8080
04-16 20:57:04.997 E/CIRISApiClient(16714): [getMessages] Exception: UnknownHostException: Unable to resolve host "localhost": No address associated with hostname | Context: limit=50, is401=false, tokenPresent=true, tokenPreview=ciris_ad...pyiw
04-16 20:57:05.000 W/InteractViewModel(16714): [fetchHistory] Non-auth error: UnknownHostException: Unable to resolve host "localhost": No address associated with hostname
04-16 20:57:05.010 E/CIRISApiClient(16714): [getAuditEntries] Exception: UnknownHostException: Unable to resolve host "localhost": No address associated with hostname
04-16 20:57:06.767 E/CIRISApiClient(16714): [getSystemStatus] Exception: UnknownHostException: Unable to resolve host "localhost": No address associated with hostname | Context: url=http://localhost:8080
04-16 20:57:08.033 E/CIRISApiClient(16714): [getMessages] Exception: UnknownHostException: Unable to resolve host "localhost": No address associated with hostname | Context: limit=50, is401=false, tokenPresent=true, tokenPreview=ciris_ad...pyiw
04-16 20:57:08.036 W/InteractViewModel(16714): [fetchHistory] Non-auth error: UnknownHostException: Unable to resolve host "localhost": No address associated with hostname
04-16 20:57:08.045 E/CIRISApiClient(16714): [getAuditEntries] Exception: UnknownHostException: Unable to resolve host "localhost": No address associated with hostname
04-16 20:57:09.894 E/CIRISApiClient(16714): [getSystemStatus] Exception: UnknownHostException: Unable to resolve host "localhost": No address associated with hostname | Context: url=http://localhost:8080
04-16 20:57:11.066 E/CIRISApiClient(16714): [getMessages] Exception: UnknownHostException: Unable to resolve host "localhost": No address associated with hostname | Context: limit=50, is401=false, tokenPresent=true, tokenPreview=ciris_ad...pyiw
04-16 20:57:11.069 W/InteractViewModel(16714): [fetchHistory] Non-auth error: UnknownHostException: Unable to resolve host "localhost": No address associated with hostname
04-16 20:57:11.081 E/CIRISApiClient(16714): [getAuditEntries] Exception: UnknownHostException: Unable to resolve host "localhost": No address associated with hostname
04-16 20:57:11.779 E/CIRISApiClient(16714): [getSystemStatus] Exception: UnknownHostException: Unable to resolve host "localhost": No address associated with hostname | Context: url=http://localhost:8080
04-16 20:57:14.096 E/CIRISApiClient(16714): [getMessages] Exception: UnknownHostException: Unable to resolve host "localhost": No address associated with hostname | Context: limit=50, is401=false, tokenPresent=true, tokenPreview=ciris_ad...pyiw
04-16 20:57:14.098 W/InteractViewModel(16714): [fetchHistory] Non-auth error: UnknownHostException: Unable to resolve host "localhost": No address associated with hostname
04-16 20:57:14.101 D/EnvFileUpdater(16714): Found CIRIS_HOME from env: /data/user/0/ai.ciris.mobile/files/ciris
04-16 20:57:14.110 E/CIRISApiClient(16714): [getAuditEntries] Exception: UnknownHostException: Unable to resolve host "localhost": No address associated with hostname
04-16 20:57:14.908 E/CIRISApiClient(16714): [getSystemStatus] Exception: UnknownHostException: Unable to resolve host "localhost": No address associated with hostname | Context: url=http://localhost:8080
04-16 20:57:16.793 E/CIRISApiClient(16714): [getSystemStatus] Exception: UnknownHostException: Unable to resolve host "localhost": No address associated with hostname | Context: url=http://localhost:8080
04-16 20:57:17.122 E/CIRISApiClient(16714): [getMessages] Exception: UnknownHostException: Unable to resolve host "localhost": No address associated with hostname | Context: limit=50, is401=false, tokenPresent=true, tokenPreview=ciris_ad...pyiw
04-16 20:57:17.124 W/InteractViewModel(16714): [fetchHistory] Non-auth error: UnknownHostException: Unable to resolve host "localhost": No address associated with hostname
04-16 20:57:17.131 E/CIRISApiClient(16714): [getAuditEntries] Exception: UnknownHostException: Unable to resolve host "localhost": No address associated with hostname
04-16 20:57:19.940 E/CIRISApiClient(16714): [getSystemStatus] Exception: UnknownHostException: Unable to resolve host "localhost": No address associated with hostname | Context: url=http://localhost:8080
04-16 20:57:20.147 E/CIRISApiClient(16714): [getMessages] Exception: UnknownHostException: Unable to resolve host "localhost": No address associated with hostname | Context: limit=50, is401=false, tokenPresent=true, tokenPreview=ciris_ad...pyiw
04-16 20:57:20.150 W/InteractViewModel(16714): [fetchHistory] Non-auth error: UnknownHostException: Unable to resolve host "localhost": No address associated with hostname
04-16 20:57:20.162 E/CIRISApiClient(16714): [getAuditEntries] Exception: UnknownHostException: Unable to resolve host "localhost": No address associated with hostname
04-16 20:57:21.813 E/CIRISApiClient(16714): [getSystemStatus] Exception: UnknownHostException: Unable to resolve host "localhost": No address associated with hostname | Context: url=http://localhost:8080
04-16 20:57:23.183 E/CIRISApiClient(16714): [getMessages] Exception: UnknownHostException: Unable to resolve host "localhost": No address associated with hostname | Context: limit=50, is401=false, tokenPresent=true, tokenPreview=ciris_ad...pyiw
04-16 20:57:23.187 W/InteractViewModel(16714): [fetchHistory] Non-auth error: UnknownHostException: Unable to resolve host "localhost": No address associated with hostname
04-16 20:57:23.199 E/CIRISApiClient(16714): [getAuditEntries] Exception: UnknownHostException: Unable to resolve host "localhost": No address associated with hostname
04-16 20:57:24.103 D/EnvFileUpdater(16714): Found CIRIS_HOME from env: /data/user/0/ai.ciris.mobile/files/ciris
04-16 20:57:24.961 E/CIRISApiClient(16714): [getSystemStatus] Exception: UnknownHostException: Unable to resolve host "localhost": No address associated with hostname | Context: url=http://localhost:8080
04-16 20:57:26.220 E/CIRISApiClient(16714): [getMessages] Exception: UnknownHostException: Unable to resolve host "localhost": No address associated with hostname | Context: limit=50, is401=false, tokenPresent=true, tokenPreview=ciris_ad...pyiw
04-16 20:57:26.230 W/InteractViewModel(16714): [fetchHistory] Non-auth error: UnknownHostException: Unable to resolve host "localhost": No address associated with hostname
04-16 20:57:26.238 E/CIRISApiClient(16714): [getAuditEntries] Exception: UnknownHostException: Unable to resolve host "localhost": No address associated with hostname
04-16 20:57:26.828 E/CIRISApiClient(16714): [getSystemStatus] Exception: UnknownHostException: Unable to resolve host "localhost": No address associated with hostname | Context: url=http://localhost:8080
04-16 20:57:29.251 E/CIRISApiClient(16714): [getMessages] Exception: UnknownHostException: Unable to resolve host "localhost": No address associated with hostname | Context: limit=50, is401=false, tokenPresent=true, tokenPreview=ciris_ad...pyiw
04-16 20:57:29.255 W/InteractViewModel(16714): [fetchHistory] Non-auth error: UnknownHostException: Unable to resolve host "localhost": No address associated with hostname
04-16 20:57:29.263 E/CIRISApiClient(16714): [getAuditEntries] Exception: UnknownHostException: Unable to resolve host "localhost": No address associated with hostname
04-16 20:57:29.976 E/CIRISApiClient(16714): [getSystemStatus] Exception: UnknownHostException: Unable to resolve host "localhost": No address associated with hostname | Context: url=http://localhost:8080
04-16 20:57:30.217 E/CIRISApiClient(16714): [getLlmConfig] Exception: UnknownHostException: Unable to resolve host "localhost": No address associated with hostname
04-16 20:57:30.220 W/InteractViewModel(16714): [fetchHealthData] Failed to fetch LLM config from API: Unable to resolve host "localhost": No address associated with hostname
04-16 20:57:30.232 E/CIRISApiClient(16714): [getVerifyStatus] Exception: UnknownHostException: Unable to resolve host "localhost": No address associated with hostname
04-16 20:57:30.235 I/CIRISApiClient(16714): [getWAStatus] Fetching WA status
04-16 20:57:30.243 E/CIRISApiClient(16714): [getWAStatus] Exception: UnknownHostException: Unable to resolve host "localhost": No address associated with hostname
04-16 20:57:30.244 I/CIRISApiClient(16714): [getSystemHealth] Fetching system health
04-16 20:57:30.253 E/CIRISApiClient(16714): [getSystemHealth] Exception: UnknownHostException: Unable to resolve host "localhost": No address associated with hostname
04-16 20:57:31.845 E/CIRISApiClient(16714): [getSystemStatus] Exception: UnknownHostException: Unable to resolve host "localhost": No address associated with hostname | Context: url=http://localhost:8080
04-16 20:57:32.281 E/CIRISApiClient(16714): [getMessages] Exception: UnknownHostException: Unable to resolve host "localhost": No address associated with hostname | Context: limit=50, is401=false, tokenPresent=true, tokenPreview=ciris_ad...pyiw
04-16 20:57:32.284 W/InteractViewModel(16714): [fetchHistory] Non-auth error: UnknownHostException: Unable to resolve host "localhost": No address associated with hostname
04-16 20:57:32.295 E/CIRISApiClient(16714): [getAuditEntries] Exception: UnknownHostException: Unable to resolve host "localhost": No address associated with hostname
04-16 20:57:34.105 D/EnvFileUpdater(16714): Found CIRIS_HOME from env: /data/user/0/ai.ciris.mobile/files/ciris
04-16 20:57:35.001 E/CIRISApiClient(16714): [getSystemStatus] Exception: UnknownHostException: Unable to resolve host "localhost": No address associated with hostname | Context: url=http://localhost:8080
04-16 20:57:35.315 E/CIRISApiClient(16714): [getMessages] Exception: UnknownHostException: Unable to resolve host "localhost": No address associated with hostname | Context: limit=50, is401=false, tokenPresent=true, tokenPreview=ciris_ad...pyiw
04-16 20:57:35.319 W/InteractViewModel(16714): [fetchHistory] Non-auth error: UnknownHostException: Unable to resolve host "localhost": No address associated with hostname
04-16 20:57:35.330 E/CIRISApiClient(16714): [getAuditEntries] Exception: UnknownHostException: Unable to resolve host "localhost": No address associated with hostname
04-16 20:57:36.859 E/CIRISApiClient(16714): [getSystemStatus] Exception: UnknownHostException: Unable to resolve host "localhost": No address associated with hostname | Context: url=http://localhost:8080
04-16 20:57:38.343 E/CIRISApiClient(16714): [getMessages] Exception: UnknownHostException: Unable to resolve host "localhost": No address associated with hostname | Context: limit=50, is401=false, tokenPresent=true, tokenPreview=ciris_ad...pyiw
04-16 20:57:38.345 W/InteractViewModel(16714): [fetchHistory] Non-auth error: UnknownHostException: Unable to resolve host "localhost": No address associated with hostname
04-16 20:57:38.352 E/CIRISApiClient(16714): [getAuditEntries] Exception: UnknownHostException: Unable to resolve host "localhost": No address associated with hostname
04-16 20:57:40.022 E/CIRISApiClient(16714): [getSystemStatus] Exception: UnknownHostException: Unable to resolve host "localhost": No address associated with hostname | Context: url=http://localhost:8080
04-16 20:57:41.370 E/CIRISApiClient(16714): [getMessages] Exception: UnknownHostException: Unable to resolve host "localhost": No address associated with hostname | Context: limit=50, is401=false, tokenPresent=true, tokenPreview=ciris_ad...pyiw
04-16 20:57:41.372 W/InteractViewModel(16714): [fetchHistory] Non-auth error: UnknownHostException: Unable to resolve host "localhost": No address associated with hostname
04-16 20:57:41.379 E/CIRISApiClient(16714): [getAuditEntries] Exception: UnknownHostException: Unable to resolve host "localhost": No address associated with hostname
04-16 20:57:41.877 E/CIRISApiClient(16714): [getSystemStatus] Exception: UnknownHostException: Unable to resolve host "localhost": No address associated with hostname | Context: url=http://localhost:8080
04-16 20:57:44.106 D/EnvFileUpdater(16714): Found CIRIS_HOME from env: /data/user/0/ai.ciris.mobile/files/ciris
04-16 20:57:44.400 E/CIRISApiClient(16714): [getMessages] Exception: UnknownHostException: Unable to resolve host "localhost": No address associated with hostname | Context: limit=50, is401=false, tokenPresent=true, tokenPreview=ciris_ad...pyiw
04-16 20:57:44.403 W/InteractViewModel(16714): [fetchHistory] Non-auth error: UnknownHostException: Unable to resolve host "localhost": No address associated with hostname
04-16 20:57:44.412 E/CIRISApiClient(16714): [getAuditEntries] Exception: UnknownHostException: Unable to resolve host "localhost": No address associated with hostname
04-16 20:57:45.040 E/CIRISApiClient(16714): [getSystemStatus] Exception: UnknownHostException: Unable to resolve host "localhost": No address associated with hostname | Context: url=http://localhost:8080
04-16 20:57:46.895 E/CIRISApiClient(16714): [getSystemStatus] Exception: UnknownHostException: Unable to resolve host "localhost": No address associated with hostname | Context: url=http://localhost:8080
04-16 20:57:47.421 E/CIRISApiClient(16714): [getMessages] Exception: UnknownHostException: Unable to resolve host "localhost": No address associated with hostname | Context: limit=50, is401=false, tokenPresent=true, tokenPreview=ciris_ad...pyiw
04-16 20:57:47.423 W/InteractViewModel(16714): [fetchHistory] Non-auth error: UnknownHostException: Unable to resolve host "localhost": No address associated with hostname
04-16 20:57:47.435 E/CIRISApiClient(16714): [getAuditEntries] Exception: UnknownHostException: Unable to resolve host "localhost": No address associated with hostname
04-16 20:57:50.059 E/CIRISApiClient(16714): [getSystemStatus] Exception: UnknownHostException: Unable to resolve host "localhost": No address associated with hostname | Context: url=http://localhost:8080
04-16 20:57:50.445 E/CIRISApiClient(16714): [getMessages] Exception: UnknownHostException: Unable to resolve host "localhost": No address associated with hostname | Context: limit=50, is401=false, tokenPresent=true, tokenPreview=ciris_ad...pyiw
