04-16 21:00:00.641 E/CIRISApiClient(16714): [getAuditEntries] Exception: UnknownHostException: Unable to resolve host "localhost": No address associated with hostname
04-16 21:00:02.310 E/CIRISApiClient(16714): [getSystemStatus] Exception: UnknownHostException: Unable to resolve host "localhost": No address associated with hostname | Context: url=http://localhost:8080
04-16 21:00:03.652 E/CIRISApiClient(16714): [getMessages] Exception: UnknownHostException: Unable to resolve host "localhost": No address associated with hostname | Context: limit=50, is401=false, tokenPresent=true, tokenPreview=ciris_ad...pyiw
04-16 21:00:03.654 W/InteractViewModel(16714): [fetchHistory] Non-auth error: UnknownHostException: Unable to resolve host "localhost": No address associated with hostname
04-16 21:00:03.660 E/CIRISApiClient(16714): [getAuditEntries] Exception: UnknownHostException: Unable to resolve host "localhost": No address associated with hostname
04-16 21:00:04.129 D/EnvFileUpdater(16714): Found CIRIS_HOME from env: /data/user/0/ai.ciris.mobile/files/ciris
04-16 21:00:05.511 E/CIRISApiClient(16714): [getSystemStatus] Exception: UnknownHostException: Unable to resolve host "localhost": No address associated with hostname | Context: url=http://localhost:8080
04-16 21:00:06.668 E/CIRISApiClient(16714): [getMessages] Exception: UnknownHostException: Unable to resolve host "localhost": No address associated with hostname | Context: limit=50, is401=false, tokenPresent=true, tokenPreview=ciris_ad...pyiw
04-16 21:00:06.670 W/InteractViewModel(16714): [fetchHistory] Non-auth error: UnknownHostException: Unable to resolve host "localhost": No address associated with hostname
04-16 21:00:06.675 E/CIRISApiClient(16714): [getAuditEntries] Exception: UnknownHostException: Unable to resolve host "localhost": No address associated with hostname
04-16 21:00:07.326 E/CIRISApiClient(16714): [getSystemStatus] Exception: UnknownHostException: Unable to resolve host "localhost": No address associated with hostname | Context: url=http://localhost:8080
04-16 21:00:08.504 W/chromium(24809): [WARNING:content/app/android/content_main_android.cc:82] android_setCpu already initialized
04-16 21:00:08.655 W/chromium(24831): [WARNING:content/app/android/content_main_android.cc:82] android_setCpu already initialized
04-16 21:00:09.049 W/chromium(27401): [WARNING:net/cert/ev_root_ca_metadata.cc:118] Not implemented
04-16 21:00:09.404 W/chromium(24866): [WARNING:content/app/android/content_main_android.cc:82] android_setCpu already initialized
04-16 21:00:09.434 W/chromium(27401): [WARNING:net/cert/ev_root_ca_metadata.cc:118] Not implemented
04-16 21:00:09.689 E/CIRISApiClient(16714): [getMessages] Exception: UnknownHostException: Unable to resolve host "localhost": No address associated with hostname | Context: limit=50, is401=false, tokenPresent=true, tokenPreview=ciris_ad...pyiw
04-16 21:00:09.694 W/InteractViewModel(16714): [fetchHistory] Non-auth error: UnknownHostException: Unable to resolve host "localhost": No address associated with hostname
04-16 21:00:09.704 E/CIRISApiClient(16714): [getAuditEntries] Exception: UnknownHostException: Unable to resolve host "localhost": No address associated with hostname
04-16 21:00:09.930 W/chromium(27401): [WARNING:net/cert/ev_root_ca_metadata.cc:118] Not implemented
04-16 21:00:10.069 W/chromium(27401): [WARNING:net/cert/ev_root_ca_metadata.cc:118] Not implemented
04-16 21:00:10.418 W/chromium(27401): [WARNING:net/cert/ev_root_ca_metadata.cc:118] Not implemented
04-16 21:00:10.515 W/chromium(27401): [WARNING:net/cert/ev_root_ca_metadata.cc:118] Not implemented
04-16 21:00:10.524 E/CIRISApiClient(16714): [getSystemStatus] Exception: UnknownHostException: Unable to resolve host "localhost": No address associated with hostname | Context: url=http://localhost:8080
04-16 21:00:10.526 W/chromium(27401): [WARNING:net/cert/ev_root_ca_metadata.cc:118] Not implemented
04-16 21:00:10.584 W/chromium(27401): [WARNING:net/cert/ev_root_ca_metadata.cc:118] Not implemented
04-16 21:00:10.923 W/chromium(27401): [WARNING:net/cert/ev_root_ca_metadata.cc:118] Not implemented
04-16 21:00:12.331 W/chromium(27401): [WARNING:net/cert/ev_root_ca_metadata.cc:118] Not implemented
04-16 21:00:12.350 E/CIRISApiClient(16714): [getSystemStatus] Exception: UnknownHostException: Unable to resolve host "localhost": No address associated with hostname | Context: url=http://localhost:8080
04-16 21:00:12.713 E/CIRISApiClient(16714): [getMessages] Exception: UnknownHostException: Unable to resolve host "localhost": No address associated with hostname | Context: limit=50, is401=false, tokenPresent=true, tokenPreview=ciris_ad...pyiw
04-16 21:00:12.715 W/InteractViewModel(16714): [fetchHistory] Non-auth error: UnknownHostException: Unable to resolve host "localhost": No address associated with hostname
04-16 21:00:12.722 E/CIRISApiClient(16714): [getAuditEntries] Exception: UnknownHostException: Unable to resolve host "localhost": No address associated with hostname
04-16 21:00:14.131 D/EnvFileUpdater(16714): Found CIRIS_HOME from env: /data/user/0/ai.ciris.mobile/files/ciris
04-16 21:00:15.547 E/CIRISApiClient(16714): [getSystemStatus] Exception: UnknownHostException: Unable to resolve host "localhost": No address associated with hostname | Context: url=http://localhost:8080
04-16 21:00:15.738 E/CIRISApiClient(16714): [getMessages] Exception: UnknownHostException: Unable to resolve host "localhost": No address associated with hostname | Context: limit=50, is401=false, tokenPresent=true, tokenPreview=ciris_ad...pyiw
04-16 21:00:15.739 W/InteractViewModel(16714): [fetchHistory] Non-auth error: UnknownHostException: Unable to resolve host "localhost": No address associated with hostname
04-16 21:00:15.746 E/CIRISApiClient(16714): [getAuditEntries] Exception: UnknownHostException: Unable to resolve host "localhost": No address associated with hostname
04-16 21:00:17.369 E/CIRISApiClient(16714): [getSystemStatus] Exception: UnknownHostException: Unable to resolve host "localhost": No address associated with hostname | Context: url=http://localhost:8080
04-16 21:00:17.901 E/chromium(13613): [ERROR:third_party/webrtc/p2p/base/stun_port.cc:123] Binding request timed out from [0:0:0:x:x:x:x:x]:41170 (any)
04-16 21:00:18.766 E/CIRISApiClient(16714): [getMessages] Exception: UnknownHostException: Unable to resolve host "localhost": No address associated with hostname | Context: limit=50, is401=false, tokenPresent=true, tokenPreview=ciris_ad...pyiw
04-16 21:00:18.768 W/InteractViewModel(16714): [fetchHistory] Non-auth error: UnknownHostException: Unable to resolve host "localhost": No address associated with hostname
04-16 21:00:18.776 E/CIRISApiClient(16714): [getAuditEntries] Exception: UnknownHostException: Unable to resolve host "localhost": No address associated with hostname
04-16 21:00:20.564 E/CIRISApiClient(16714): [getSystemStatus] Exception: UnknownHostException: Unable to resolve host "localhost": No address associated with hostname | Context: url=http://localhost:8080
04-16 21:00:21.788 E/CIRISApiClient(16714): [getMessages] Exception: UnknownHostException: Unable to resolve host "localhost": No address associated with hostname | Context: limit=50, is401=false, tokenPresent=true, tokenPreview=ciris_ad...pyiw
04-16 21:00:21.790 W/InteractViewModel(16714): [fetchHistory] Non-auth error: UnknownHostException: Unable to resolve host "localhost": No address associated with hostname
04-16 21:00:21.799 E/CIRISApiClient(16714): [getAuditEntries] Exception: UnknownHostException: Unable to resolve host "localhost": No address associated with hostname
04-16 21:00:22.381 E/CIRISApiClient(16714): [getSystemStatus] Exception: UnknownHostException: Unable to resolve host "localhost": No address associated with hostname | Context: url=http://localhost:8080
04-16 21:00:24.132 D/EnvFileUpdater(16714): Found CIRIS_HOME from env: /data/user/0/ai.ciris.mobile/files/ciris
04-16 21:00:24.813 E/CIRISApiClient(16714): [getMessages] Exception: UnknownHostException: Unable to resolve host "localhost": No address associated with hostname | Context: limit=50, is401=false, tokenPresent=true, tokenPreview=ciris_ad...pyiw
04-16 21:00:24.816 W/InteractViewModel(16714): [fetchHistory] Non-auth error: UnknownHostException: Unable to resolve host "localhost": No address associated with hostname
04-16 21:00:24.827 E/CIRISApiClient(16714): [getAuditEntries] Exception: UnknownHostException: Unable to resolve host "localhost": No address associated with hostname
04-16 21:00:25.578 E/CIRISApiClient(16714): [getSystemStatus] Exception: UnknownHostException: Unable to resolve host "localhost": No address associated with hostname | Context: url=http://localhost:8080
04-16 21:00:27.402 E/CIRISApiClient(16714): [getSystemStatus] Exception: UnknownHostException: Unable to resolve host "localhost": No address associated with hostname | Context: url=http://localhost:8080
04-16 21:00:27.840 E/CIRISApiClient(16714): [getMessages] Exception: UnknownHostException: Unable to resolve host "localhost": No address associated with hostname | Context: limit=50, is401=false, tokenPresent=true, tokenPreview=ciris_ad...pyiw
04-16 21:00:27.842 W/InteractViewModel(16714): [fetchHistory] Non-auth error: UnknownHostException: Unable to resolve host "localhost": No address associated with hostname
04-16 21:00:27.849 E/CIRISApiClient(16714): [getAuditEntries] Exception: UnknownHostException: Unable to resolve host "localhost": No address associated with hostname
04-16 21:00:27.903 E/chromium(13613): [ERROR:third_party/webrtc/p2p/base/stun_port.cc:123] Binding request timed out from 0.0.0.x:40698 (any)
04-16 21:00:30.502 E/CIRISApiClient(16714): [getLlmConfig] Exception: UnknownHostException: Unable to resolve host "localhost": No address associated with hostname
04-16 21:00:30.504 W/InteractViewModel(16714): [fetchHealthData] Failed to fetch LLM config from API: Unable to resolve host "localhost": No address associated with hostname
04-16 21:00:30.512 E/CIRISApiClient(16714): [getVerifyStatus] Exception: UnknownHostException: Unable to resolve host "localhost": No address associated with hostname
04-16 21:00:30.515 I/CIRISApiClient(16714): [getWAStatus] Fetching WA status
04-16 21:00:30.523 E/CIRISApiClient(16714): [getWAStatus] Exception: UnknownHostException: Unable to resolve host "localhost": No address associated with hostname
04-16 21:00:30.524 I/CIRISApiClient(16714): [getSystemHealth] Fetching system health
04-16 21:00:30.530 E/CIRISApiClient(16714): [getSystemHealth] Exception: UnknownHostException: Unable to resolve host "localhost": No address associated with hostname
04-16 21:00:30.594 E/CIRISApiClient(16714): [getSystemStatus] Exception: UnknownHostException: Unable to resolve host "localhost": No address associated with hostname | Context: url=http://localhost:8080
04-16 21:00:30.863 E/CIRISApiClient(16714): [getMessages] Exception: UnknownHostException: Unable to resolve host "localhost": No address associated with hostname | Context: limit=50, is401=false, tokenPresent=true, tokenPreview=ciris_ad...pyiw
04-16 21:00:30.865 W/InteractViewModel(16714): [fetchHistory] Non-auth error: UnknownHostException: Unable to resolve host "localhost": No address associated with hostname
04-16 21:00:30.872 E/CIRISApiClient(16714): [getAuditEntries] Exception: UnknownHostException: Unable to resolve host "localhost": No address associated with hostname
04-16 21:00:32.415 E/CIRISApiClient(16714): [getSystemStatus] Exception: UnknownHostException: Unable to resolve host "localhost": No address associated with hostname | Context: url=http://localhost:8080
04-16 21:00:33.899 E/CIRISApiClient(16714): [getMessages] Exception: UnknownHostException: Unable to resolve host "localhost": No address associated with hostname | Context: limit=50, is401=false, tokenPresent=true, tokenPreview=ciris_ad...pyiw
04-16 21:00:33.901 W/InteractViewModel(16714): [fetchHistory] Non-auth error: UnknownHostException: Unable to resolve host "localhost": No address associated with hostname
04-16 21:00:33.909 E/CIRISApiClient(16714): [getAuditEntries] Exception: UnknownHostException: Unable to resolve host "localhost": No address associated with hostname
04-16 21:00:34.134 D/EnvFileUpdater(16714): Found CIRIS_HOME from env: /data/user/0/ai.ciris.mobile/files/ciris
04-16 21:00:35.607 E/CIRISApiClient(16714): [getSystemStatus] Exception: UnknownHostException: Unable to resolve host "localhost": No address associated with hostname | Context: url=http://localhost:8080
04-16 21:00:36.921 E/CIRISApiClient(16714): [getMessages] Exception: UnknownHostException: Unable to resolve host "localhost": No address associated with hostname | Context: limit=50, is401=false, tokenPresent=true, tokenPreview=ciris_ad...pyiw
04-16 21:00:36.923 W/InteractViewModel(16714): [fetchHistory] Non-auth error: UnknownHostException: Unable to resolve host "localhost": No address associated with hostname
04-16 21:00:36.931 E/CIRISApiClient(16714): [getAuditEntries] Exception: UnknownHostException: Unable to resolve host "localhost": No address associated with hostname
04-16 21:00:37.426 E/CIRISApiClient(16714): [getSystemStatus] Exception: UnknownHostException: Unable to resolve host "localhost": No address associated with hostname | Context: url=http://localhost:8080
04-16 21:00:39.944 E/CIRISApiClient(16714): [getMessages] Exception: UnknownHostException: Unable to resolve host "localhost": No address associated with hostname | Context: limit=50, is401=false, tokenPresent=true, tokenPreview=ciris_ad...pyiw
04-16 21:00:39.946 W/InteractViewModel(16714): [fetchHistory] Non-auth error: UnknownHostException: Unable to resolve host "localhost": No address associated with hostname
04-16 21:00:39.955 E/CIRISApiClient(16714): [getAuditEntries] Exception: UnknownHostException: Unable to resolve host "localhost": No address associated with hostname
04-16 21:00:40.621 E/CIRISApiClient(16714): [getSystemStatus] Exception: UnknownHostException: Unable to resolve host "localhost": No address associated with hostname | Context: url=http://localhost:8080
04-16 21:00:42.440 E/CIRISApiClient(16714): [getSystemStatus] Exception: UnknownHostException: Unable to resolve host "localhost": No address associated with hostname | Context: url=http://localhost:8080
04-16 21:00:42.966 E/CIRISApiClient(16714): [getMessages] Exception: UnknownHostException: Unable to resolve host "localhost": No address associated with hostname | Context: limit=50, is401=false, tokenPresent=true, tokenPreview=ciris_ad...pyiw
04-16 21:00:42.968 W/InteractViewModel(16714): [fetchHistory] Non-auth error: UnknownHostException: Unable to resolve host "localhost": No address associated with hostname
04-16 21:00:42.975 E/CIRISApiClient(16714): [getAuditEntries] Exception: UnknownHostException: Unable to resolve host "localhost": No address associated with hostname
04-16 21:00:44.137 D/EnvFileUpdater(16714): Found CIRIS_HOME from env: /data/user/0/ai.ciris.mobile/files/ciris
04-16 21:00:45.645 E/CIRISApiClient(16714): [getSystemStatus] Exception: UnknownHostException: Unable to resolve host "localhost": No address associated with hostname | Context: url=http://localhost:8080
04-16 21:00:45.991 E/CIRISApiClient(16714): [getMessages] Exception: UnknownHostException: Unable to resolve host "localhost": No address associated with hostname | Context: limit=50, is401=false, tokenPresent=true, tokenPreview=ciris_ad...pyiw
04-16 21:00:45.994 W/InteractViewModel(16714): [fetchHistory] Non-auth error: UnknownHostException: Unable to resolve host "localhost": No address associated with hostname
04-16 21:00:46.004 E/CIRISApiClient(16714): [getAuditEntries] Exception: UnknownHostException: Unable to resolve host "localhost": No address associated with hostname
04-16 21:00:47.453 E/CIRISApiClient(16714): [getSystemStatus] Exception: UnknownHostException: Unable to resolve host "localhost": No address associated with hostname | Context: url=http://localhost:8080
04-16 21:00:49.018 E/CIRISApiClient(16714): [getMessages] Exception: UnknownHostException: Unable to resolve host "localhost": No address associated with hostname | Context: limit=50, is401=false, tokenPresent=true, tokenPreview=ciris_ad...pyiw
04-16 21:00:49.021 W/InteractViewModel(16714): [fetchHistory] Non-auth error: UnknownHostException: Unable to resolve host "localhost": No address associated with hostname
04-16 21:00:49.028 E/CIRISApiClient(16714): [getAuditEntries] Exception: UnknownHostException: Unable to resolve host "localhost": No address associated with hostname
04-16 21:00:50.659 E/CIRISApiClient(16714): [getSystemStatus] Exception: UnknownHostException: Unable to resolve host "localhost": No address associated with hostname | Context: url=http://localhost:8080
04-16 21:00:52.041 E/CIRISApiClient(16714): [getMessages] Exception: UnknownHostException: Unable to resolve host "localhost": No address associated with hostname | Context: limit=50, is401=false, tokenPresent=true, tokenPreview=ciris_ad...pyiw
04-16 21:00:52.043 W/InteractViewModel(16714): [fetchHistory] Non-auth error: UnknownHostException: Unable to resolve host "localhost": No address associated with hostname
04-16 21:00:52.052 E/CIRISApiClient(16714): [getAuditEntries] Exception: UnknownHostException: Unable to resolve host "localhost": No address associated with hostname
04-16 21:00:52.463 E/CIRISApiClient(16714): [getSystemStatus] Exception: UnknownHostException: Unable to resolve host "localhost": No address associated with hostname | Context: url=http://localhost:8080
04-16 21:00:54.139 D/EnvFileUpdater(16714): Found CIRIS_HOME from env: /data/user/0/ai.ciris.mobile/files/ciris
04-16 21:00:55.064 E/CIRISApiClient(16714): [getMessages] Exception: UnknownHostException: Unable to resolve host "localhost": No address associated with hostname | Context: limit=50, is401=false, tokenPresent=true, tokenPreview=ciris_ad...pyiw
04-16 21:00:55.067 W/InteractViewModel(16714): [fetchHistory] Non-auth error: UnknownHostException: Unable to resolve host "localhost": No address associated with hostname
04-16 21:00:55.073 E/CIRISApiClient(16714): [getAuditEntries] Exception: UnknownHostException: Unable to resolve host "localhost": No address associated with hostname
04-16 21:00:55.669 E/CIRISApiClient(16714): [getSystemStatus] Exception: UnknownHostException: Unable to resolve host "localhost": No address associated with hostname | Context: url=http://localhost:8080
04-16 21:00:57.486 E/CIRISApiClient(16714): [getSystemStatus] Exception: UnknownHostException: Unable to resolve host "localhost": No address associated with hostname | Context: url=http://localhost:8080
04-16 21:00:58.082 E/CIRISApiClient(16714): [getMessages] Exception: UnknownHostException: Unable to resolve host "localhost": No address associated with hostname | Context: limit=50, is401=false, tokenPresent=true, tokenPreview=ciris_ad...pyiw
04-16 21:00:58.084 W/InteractViewModel(16714): [fetchHistory] Non-auth error: UnknownHostException: Unable to resolve host "localhost": No address associated with hostname
04-16 21:00:58.090 E/CIRISApiClient(16714): [getAuditEntries] Exception: UnknownHostException: Unable to resolve host "localhost": No address associated with hostname
04-16 21:01:00.547 E/CIRISApiClient(16714): [getLlmConfig] Exception: UnknownHostException: Unable to resolve host "localhost": No address associated with hostname
04-16 21:01:00.549 W/InteractViewModel(16714): [fetchHealthData] Failed to fetch LLM config from API: Unable to resolve host "localhost": No address associated with hostname
04-16 21:01:00.558 E/CIRISApiClient(16714): [getVerifyStatus] Exception: UnknownHostException: Unable to resolve host "localhost": No address associated with hostname
04-16 21:01:00.560 I/CIRISApiClient(16714): [getWAStatus] Fetching WA status
04-16 21:01:00.567 E/CIRISApiClient(16714): [getWAStatus] Exception: UnknownHostException: Unable to resolve host "localhost": No address associated with hostname
04-16 21:01:00.568 I/CIRISApiClient(16714): [getSystemHealth] Fetching system health
04-16 21:01:00.581 E/CIRISApiClient(16714): [getSystemHealth] Exception: UnknownHostException: Unable to resolve host "localhost": No address associated with hostname
04-16 21:01:00.682 E/CIRISApiClient(16714): [getSystemStatus] Exception: UnknownHostException: Unable to resolve host "localhost": No address associated with hostname | Context: url=http://localhost:8080
04-16 21:01:01.103 E/CIRISApiClient(16714): [getMessages] Exception: UnknownHostException: Unable to resolve host "localhost": No address associated with hostname | Context: limit=50, is401=false, tokenPresent=true, tokenPreview=ciris_ad...pyiw
04-16 21:01:01.106 W/InteractViewModel(16714): [fetchHistory] Non-auth error: UnknownHostException: Unable to resolve host "localhost": No address associated with hostname
04-16 21:01:01.113 E/CIRISApiClient(16714): [getAuditEntries] Exception: UnknownHostException: Unable to resolve host "localhost": No address associated with hostname
04-16 21:01:02.508 E/CIRISApiClient(16714): [getSystemStatus] Exception: UnknownHostException: Unable to resolve host "localhost": No address associated with hostname | Context: url=http://localhost:8080
04-16 21:01:04.133 E/CIRISApiClient(16714): [getMessages] Exception: UnknownHostException: Unable to resolve host "localhost": No address associated with hostname | Context: limit=50, is401=false, tokenPresent=true, tokenPreview=ciris_ad...pyiw
04-16 21:01:04.135 W/InteractViewModel(16714): [fetchHistory] Non-auth error: UnknownHostException: Unable to resolve host "localhost": No address associated with hostname
04-16 21:01:04.140 D/EnvFileUpdater(16714): Found CIRIS_HOME from env: /data/user/0/ai.ciris.mobile/files/ciris
04-16 21:01:04.143 E/CIRISApiClient(16714): [getAuditEntries] Exception: UnknownHostException: Unable to resolve host "localhost": No address associated with hostname
04-16 21:01:05.701 E/CIRISApiClient(16714): [getSystemStatus] Exception: UnknownHostException: Unable to resolve host "localhost": No address associated with hostname | Context: url=http://localhost:8080
04-16 21:01:07.162 E/CIRISApiClient(16714): [getMessages] Exception: UnknownHostException: Unable to resolve host "localhost": No address associated with hostname | Context: limit=50, is401=false, tokenPresent=true, tokenPreview=ciris_ad...pyiw
04-16 21:01:07.167 W/InteractViewModel(16714): [fetchHistory] Non-auth error: UnknownHostException: Unable to resolve host "localhost": No address associated with hostname
04-16 21:01:07.195 E/CIRISApiClient(16714): [getAuditEntries] Exception: UnknownHostException: Unable to resolve host "localhost": No address associated with hostname
04-16 21:01:07.544 E/CIRISApiClient(16714): [getSystemStatus] Exception: UnknownHostException: Unable to resolve host "localhost": No address associated with hostname | Context: url=http://localhost:8080
04-16 21:01:08.579 I/MainActivity(25540): Initializing Python runtime...
04-16 21:01:09.074 I/MainActivity(25540): Python runtime started
04-16 21:01:09.075 I/MainActivity(25540): Localization resource loader initialized
04-16 21:01:10.209 E/CIRISApiClient(16714): [getMessages] Exception: UnknownHostException: Unable to resolve host "localhost": No address associated with hostname | Context: limit=50, is401=false, tokenPresent=true, tokenPreview=ciris_ad...pyiw
04-16 21:01:10.210 W/InteractViewModel(16714): [fetchHistory] Non-auth error: UnknownHostException: Unable to resolve host "localhost": No address associated with hostname
04-16 21:01:10.218 E/CIRISApiClient(16714): [getAuditEntries] Exception: UnknownHostException: Unable to resolve host "localhost": No address associated with hostname
04-16 21:01:10.714 E/CIRISApiClient(16714): [getSystemStatus] Exception: UnknownHostException: Unable to resolve host "localhost": No address associated with hostname | Context: url=http://localhost:8080
04-16 21:01:12.563 E/CIRISApiClient(16714): [getSystemStatus] Exception: UnknownHostException: Unable to resolve host "localhost": No address associated with hostname | Context: url=http://localhost:8080
04-16 21:01:13.232 E/CIRISApiClient(16714): [getMessages] Exception: UnknownHostException: Unable to resolve host "localhost": No address associated with hostname | Context: limit=50, is401=false, tokenPresent=true, tokenPreview=ciris_ad...pyiw
04-16 21:01:13.235 W/InteractViewModel(16714): [fetchHistory] Non-auth error: UnknownHostException: Unable to resolve host "localhost": No address associated with hostname
04-16 21:01:13.246 E/CIRISApiClient(16714): [getAuditEntries] Exception: UnknownHostException: Unable to resolve host "localhost": No address associated with hostname
04-16 21:01:14.142 D/EnvFileUpdater(16714): Found CIRIS_HOME from env: /data/user/0/ai.ciris.mobile/files/ciris
04-16 21:01:15.737 E/CIRISApiClient(16714): [getSystemStatus] Exception: UnknownHostException: Unable to resolve host "localhost": No address associated with hostname | Context: url=http://localhost:8080
04-16 21:01:16.253 E/CIRISApiClient(16714): [getMessages] Exception: UnknownHostException: Unable to resolve host "localhost": No address associated with hostname | Context: limit=50, is401=false, tokenPresent=true, tokenPreview=ciris_ad...pyiw
04-16 21:01:16.255 W/InteractViewModel(16714): [fetchHistory] Non-auth error: UnknownHostException: Unable to resolve host "localhost": No address associated with hostname
04-16 21:01:16.261 E/CIRISApiClient(16714): [getAuditEntries] Exception: UnknownHostException: Unable to resolve host "localhost": No address associated with hostname
04-16 21:01:17.588 E/CIRISApiClient(16714): [getSystemStatus] Exception: UnknownHostException: Unable to resolve host "localhost": No address associated with hostname | Context: url=http://localhost:8080
04-16 21:01:19.272 E/CIRISApiClient(16714): [getMessages] Exception: UnknownHostException: Unable to resolve host "localhost": No address associated with hostname | Context: limit=50, is401=false, tokenPresent=true, tokenPreview=ciris_ad...pyiw
04-16 21:01:19.274 W/InteractViewModel(16714): [fetchHistory] Non-auth error: UnknownHostException: Unable to resolve host "localhost": No address associated with hostname
04-16 21:01:19.282 E/CIRISApiClient(16714): [getAuditEntries] Exception: UnknownHostException: Unable to resolve host "localhost": No address associated with hostname
04-16 21:01:20.169 I/MainActivity(25868): Initializing Python runtime...
04-16 21:01:20.361 I/MainActivity(25868): Python runtime started
04-16 21:01:20.362 I/MainActivity(25868): Localization resource loader initialized
04-16 21:01:20.749 E/CIRISApiClient(16714): [getSystemStatus] Exception: UnknownHostException: Unable to resolve host "localhost": No address associated with hostname | Context: url=http://localhost:8080
04-16 21:01:21.417 I/MainActivity(25941): Initializing Python runtime...
04-16 21:01:21.611 I/MainActivity(25941): Python runtime started
04-16 21:01:21.612 I/MainActivity(25941): Localization resource loader initialized
04-16 21:01:22.291 E/CIRISApiClient(16714): [getMessages] Exception: UnknownHostException: Unable to resolve host "localhost": No address associated with hostname | Context: limit=50, is401=false, tokenPresent=true, tokenPreview=ciris_ad...pyiw
04-16 21:01:22.293 W/InteractViewModel(16714): [fetchHistory] Non-auth error: UnknownHostException: Unable to resolve host "localhost": No address associated with hostname
04-16 21:01:22.298 E/CIRISApiClient(16714): [getAuditEntries] Exception: UnknownHostException: Unable to resolve host "localhost": No address associated with hostname
04-16 21:01:22.600 E/CIRISApiClient(16714): [getSystemStatus] Exception: UnknownHostException: Unable to resolve host "localhost": No address associated with hostname | Context: url=http://localhost:8080
04-16 21:01:24.143 D/EnvFileUpdater(16714): Found CIRIS_HOME from env: /data/user/0/ai.ciris.mobile/files/ciris
04-16 21:01:25.311 E/CIRISApiClient(16714): [getMessages] Exception: UnknownHostException: Unable to resolve host "localhost": No address associated with hostname | Context: limit=50, is401=false, tokenPresent=true, tokenPreview=ciris_ad...pyiw
04-16 21:01:25.312 W/InteractViewModel(16714): [fetchHistory] Non-auth error: UnknownHostException: Unable to resolve host "localhost": No address associated with hostname
04-16 21:01:25.319 E/CIRISApiClient(16714): [getAuditEntries] Exception: UnknownHostException: Unable to resolve host "localhost": No address associated with hostname
04-16 21:01:25.758 E/CIRISApiClient(16714): [getSystemStatus] Exception: UnknownHostException: Unable to resolve host "localhost": No address associated with hostname | Context: url=http://localhost:8080
04-16 21:01:27.615 E/CIRISApiClient(16714): [getSystemStatus] Exception: UnknownHostException: Unable to resolve host "localhost": No address associated with hostname | Context: url=http://localhost:8080
04-16 21:01:28.330 E/CIRISApiClient(16714): [getMessages] Exception: UnknownHostException: Unable to resolve host "localhost": No address associated with hostname | Context: limit=50, is401=false, tokenPresent=true, tokenPreview=ciris_ad...pyiw
04-16 21:01:28.334 W/InteractViewModel(16714): [fetchHistory] Non-auth error: UnknownHostException: Unable to resolve host "localhost": No address associated with hostname
04-16 21:01:28.345 E/CIRISApiClient(16714): [getAuditEntries] Exception: UnknownHostException: Unable to resolve host "localhost": No address associated with hostname
04-16 21:01:30.594 E/CIRISApiClient(16714): [getLlmConfig] Exception: UnknownHostException: Unable to resolve host "localhost": No address associated with hostname
04-16 21:01:30.596 W/InteractViewModel(16714): [fetchHealthData] Failed to fetch LLM config from API: Unable to resolve host "localhost": No address associated with hostname
04-16 21:01:30.603 E/CIRISApiClient(16714): [getVerifyStatus] Exception: UnknownHostException: Unable to resolve host "localhost": No address associated with hostname
04-16 21:01:30.605 I/CIRISApiClient(16714): [getWAStatus] Fetching WA status
04-16 21:01:30.611 E/CIRISApiClient(16714): [getWAStatus] Exception: UnknownHostException: Unable to resolve host "localhost": No address associated with hostname
04-16 21:01:30.612 I/CIRISApiClient(16714): [getSystemHealth] Fetching system health
04-16 21:01:30.619 E/CIRISApiClient(16714): [getSystemHealth] Exception: UnknownHostException: Unable to resolve host "localhost": No address associated with hostname
04-16 21:01:30.768 E/CIRISApiClient(16714): [getSystemStatus] Exception: UnknownHostException: Unable to resolve host "localhost": No address associated with hostname | Context: url=http://localhost:8080
04-16 21:01:31.354 E/CIRISApiClient(16714): [getMessages] Exception: UnknownHostException: Unable to resolve host "localhost": No address associated with hostname | Context: limit=50, is401=false, tokenPresent=true, tokenPreview=ciris_ad...pyiw
04-16 21:01:31.355 W/InteractViewModel(16714): [fetchHistory] Non-auth error: UnknownHostException: Unable to resolve host "localhost": No address associated with hostname
04-16 21:01:31.361 E/CIRISApiClient(16714): [getAuditEntries] Exception: UnknownHostException: Unable to resolve host "localhost": No address associated with hostname
04-16 21:01:32.636 E/CIRISApiClient(16714): [getSystemStatus] Exception: UnknownHostException: Unable to resolve host "localhost": No address associated with hostname | Context: url=http://localhost:8080
04-16 21:01:34.146 D/EnvFileUpdater(16714): Found CIRIS_HOME from env: /data/user/0/ai.ciris.mobile/files/ciris
04-16 21:01:34.377 E/CIRISApiClient(16714): [getMessages] Exception: UnknownHostException: Unable to resolve host "localhost": No address associated with hostname | Context: limit=50, is401=false, tokenPresent=true, tokenPreview=ciris_ad...pyiw
04-16 21:01:34.380 W/InteractViewModel(16714): [fetchHistory] Non-auth error: UnknownHostException: Unable to resolve host "localhost": No address associated with hostname
04-16 21:01:34.394 E/CIRISApiClient(16714): [getAuditEntries] Exception: UnknownHostException: Unable to resolve host "localhost": No address associated with hostname
04-16 21:01:35.780 E/CIRISApiClient(16714): [getSystemStatus] Exception: UnknownHostException: Unable to resolve host "localhost": No address associated with hostname | Context: url=http://localhost:8080
04-16 21:01:37.409 E/CIRISApiClient(16714): [getMessages] Exception: UnknownHostException: Unable to resolve host "localhost": No address associated with hostname | Context: limit=50, is401=false, tokenPresent=true, tokenPreview=ciris_ad...pyiw
04-16 21:01:37.411 W/InteractViewModel(16714): [fetchHistory] Non-auth error: UnknownHostException: Unable to resolve host "localhost": No address associated with hostname
04-16 21:01:37.418 E/CIRISApiClient(16714): [getAuditEntries] Exception: UnknownHostException: Unable to resolve host "localhost": No address associated with hostname
04-16 21:01:37.656 E/CIRISApiClient(16714): [getSystemStatus] Exception: UnknownHostException: Unable to resolve host "localhost": No address associated with hostname | Context: url=http://localhost:8080
04-16 21:01:40.436 E/CIRISApiClient(16714): [getMessages] Exception: UnknownHostException: Unable to resolve host "localhost": No address associated with hostname | Context: limit=50, is401=false, tokenPresent=true, tokenPreview=ciris_ad...pyiw
04-16 21:01:40.440 W/InteractViewModel(16714): [fetchHistory] Non-auth error: UnknownHostException: Unable to resolve host "localhost": No address associated with hostname
04-16 21:01:40.452 E/CIRISApiClient(16714): [getAuditEntries] Exception: UnknownHostException: Unable to resolve host "localhost": No address associated with hostname
04-16 21:01:40.797 E/CIRISApiClient(16714): [getSystemStatus] Exception: UnknownHostException: Unable to resolve host "localhost": No address associated with hostname | Context: url=http://localhost:8080
04-16 21:01:42.676 E/CIRISApiClient(16714): [getSystemStatus] Exception: UnknownHostException: Unable to resolve host "localhost": No address associated with hostname | Context: url=http://localhost:8080
04-16 21:01:43.462 E/CIRISApiClient(16714): [getMessages] Exception: UnknownHostException: Unable to resolve host "localhost": No address associated with hostname | Context: limit=50, is401=false, tokenPresent=true, tokenPreview=ciris_ad...pyiw
04-16 21:01:43.464 W/InteractViewModel(16714): [fetchHistory] Non-auth error: UnknownHostException: Unable to resolve host "localhost": No address associated with hostname
04-16 21:01:43.470 E/CIRISApiClient(16714): [getAuditEntries] Exception: UnknownHostException: Unable to resolve host "localhost": No address associated with hostname
04-16 21:01:44.148 D/EnvFileUpdater(16714): Found CIRIS_HOME from env: /data/user/0/ai.ciris.mobile/files/ciris
04-16 21:01:45.820 E/CIRISApiClient(16714): [getSystemStatus] Exception: UnknownHostException: Unable to resolve host "localhost": No address associated with hostname | Context: url=http://localhost:8080
04-16 21:01:46.486 E/CIRISApiClient(16714): [getMessages] Exception: UnknownHostException: Unable to resolve host "localhost": No address associated with hostname | Context: limit=50, is401=false, tokenPresent=true, tokenPreview=ciris_ad...pyiw
04-16 21:01:46.491 W/InteractViewModel(16714): [fetchHistory] Non-auth error: UnknownHostException: Unable to resolve host "localhost": No address associated with hostname
04-16 21:01:46.502 E/CIRISApiClient(16714): [getAuditEntries] Exception: UnknownHostException: Unable to resolve host "localhost": No address associated with hostname
04-16 21:01:47.693 E/CIRISApiClient(16714): [getSystemStatus] Exception: UnknownHostException: Unable to resolve host "localhost": No address associated with hostname | Context: url=http://localhost:8080
04-16 21:01:49.525 E/CIRISApiClient(16714): [getMessages] Exception: UnknownHostException: Unable to resolve host "localhost": No address associated with hostname | Context: limit=50, is401=false, tokenPresent=true, tokenPreview=ciris_ad...pyiw
04-16 21:01:49.528 W/InteractViewModel(16714): [fetchHistory] Non-auth error: UnknownHostException: Unable to resolve host "localhost": No address associated with hostname
04-16 21:01:49.538 E/CIRISApiClient(16714): [getAuditEntries] Exception: UnknownHostException: Unable to resolve host "localhost": No address associated with hostname
04-16 21:01:50.841 E/CIRISApiClient(16714): [getSystemStatus] Exception: UnknownHostException: Unable to resolve host "localhost": No address associated with hostname | Context: url=http://localhost:8080
04-16 21:01:52.551 E/CIRISApiClient(16714): [getMessages] Exception: UnknownHostException: Unable to resolve host "localhost": No address associated with hostname | Context: limit=50, is401=false, tokenPresent=true, tokenPreview=ciris_ad...pyiw
04-16 21:01:52.553 W/InteractViewModel(16714): [fetchHistory] Non-auth error: UnknownHostException: Unable to resolve host "localhost": No address associated with hostname
04-16 21:01:52.558 E/CIRISApiClient(16714): [getAuditEntries] Exception: UnknownHostException: Unable to resolve host "localhost": No address associated with hostname
04-16 21:01:52.707 E/CIRISApiClient(16714): [getSystemStatus] Exception: UnknownHostException: Unable to resolve host "localhost": No address associated with hostname | Context: url=http://localhost:8080
04-16 21:01:54.149 D/EnvFileUpdater(16714): Found CIRIS_HOME from env: /data/user/0/ai.ciris.mobile/files/ciris
04-16 21:01:55.567 E/CIRISApiClient(16714): [getMessages] Exception: UnknownHostException: Unable to resolve host "localhost": No address associated with hostname | Context: limit=50, is401=false, tokenPresent=true, tokenPreview=ciris_ad...pyiw
04-16 21:01:55.569 W/InteractViewModel(16714): [fetchHistory] Non-auth error: UnknownHostException: Unable to resolve host "localhost": No address associated with hostname
04-16 21:01:55.575 E/CIRISApiClient(16714): [getAuditEntries] Exception: UnknownHostException: Unable to resolve host "localhost": No address associated with hostname
04-16 21:01:55.857 E/CIRISApiClient(16714): [getSystemStatus] Exception: UnknownHostException: Unable to resolve host "localhost": No address associated with hostname | Context: url=http://localhost:8080
04-16 21:01:57.726 E/CIRISApiClient(16714): [getSystemStatus] Exception: UnknownHostException: Unable to resolve host "localhost": No address associated with hostname | Context: url=http://localhost:8080
04-16 21:01:58.583 E/CIRISApiClient(16714): [getMessages] Exception: UnknownHostException: Unable to resolve host "localhost": No address associated with hostname | Context: limit=50, is401=false, tokenPresent=true, tokenPreview=ciris_ad...pyiw
04-16 21:01:58.585 W/InteractViewModel(16714): [fetchHistory] Non-auth error: UnknownHostException: Unable to resolve host "localhost": No address associated with hostname
04-16 21:01:58.590 E/CIRISApiClient(16714): [getAuditEntries] Exception: UnknownHostException: Unable to resolve host "localhost": No address associated with hostname
04-16 21:02:00.630 E/CIRISApiClient(16714): [getLlmConfig] Exception: UnknownHostException: Unable to resolve host "localhost": No address associated with hostname
04-16 21:02:00.631 W/InteractViewModel(16714): [fetchHealthData] Failed to fetch LLM config from API: Unable to resolve host "localhost": No address associated with hostname
04-16 21:02:00.636 E/CIRISApiClient(16714): [getVerifyStatus] Exception: UnknownHostException: Unable to resolve host "localhost": No address associated with hostname
04-16 21:02:00.637 I/CIRISApiClient(16714): [getWAStatus] Fetching WA status
04-16 21:02:00.642 E/CIRISApiClient(16714): [getWAStatus] Exception: UnknownHostException: Unable to resolve host "localhost": No address associated with hostname
04-16 21:02:00.643 I/CIRISApiClient(16714): [getSystemHealth] Fetching system health
04-16 21:02:00.648 E/CIRISApiClient(16714): [getSystemHealth] Exception: UnknownHostException: Unable to resolve host "localhost": No address associated with hostname
04-16 21:02:00.868 E/CIRISApiClient(16714): [getSystemStatus] Exception: UnknownHostException: Unable to resolve host "localhost": No address associated with hostname | Context: url=http://localhost:8080
04-16 21:02:01.599 E/CIRISApiClient(16714): [getMessages] Exception: UnknownHostException: Unable to resolve host "localhost": No address associated with hostname | Context: limit=50, is401=false, tokenPresent=true, tokenPreview=ciris_ad...pyiw
04-16 21:02:01.601 W/InteractViewModel(16714): [fetchHistory] Non-auth error: UnknownHostException: Unable to resolve host "localhost": No address associated with hostname
04-16 21:02:01.606 E/CIRISApiClient(16714): [getAuditEntries] Exception: UnknownHostException: Unable to resolve host "localhost": No address associated with hostname
04-16 21:02:02.739 E/CIRISApiClient(16714): [getSystemStatus] Exception: UnknownHostException: Unable to resolve host "localhost": No address associated with hostname | Context: url=http://localhost:8080
04-16 21:02:04.150 D/EnvFileUpdater(16714): Found CIRIS_HOME from env: /data/user/0/ai.ciris.mobile/files/ciris
04-16 21:02:04.614 E/CIRISApiClient(16714): [getMessages] Exception: UnknownHostException: Unable to resolve host "localhost": No address associated with hostname | Context: limit=50, is401=false, tokenPresent=true, tokenPreview=ciris_ad...pyiw
04-16 21:02:04.616 W/InteractViewModel(16714): [fetchHistory] Non-auth error: UnknownHostException: Unable to resolve host "localhost": No address associated with hostname
04-16 21:02:04.622 E/CIRISApiClient(16714): [getAuditEntries] Exception: UnknownHostException: Unable to resolve host "localhost": No address associated with hostname
04-16 21:02:05.882 E/CIRISApiClient(16714): [getSystemStatus] Exception: UnknownHostException: Unable to resolve host "localhost": No address associated with hostname | Context: url=http://localhost:8080
04-16 21:02:07.630 E/CIRISApiClient(16714): [getMessages] Exception: UnknownHostException: Unable to resolve host "localhost": No address associated with hostname | Context: limit=50, is401=false, tokenPresent=true, tokenPreview=ciris_ad...pyiw
04-16 21:02:07.631 W/InteractViewModel(16714): [fetchHistory] Non-auth error: UnknownHostException: Unable to resolve host "localhost": No address associated with hostname
04-16 21:02:07.638 E/CIRISApiClient(16714): [getAuditEntries] Exception: UnknownHostException: Unable to resolve host "localhost": No address associated with hostname
04-16 21:02:07.751 E/CIRISApiClient(16714): [getSystemStatus] Exception: UnknownHostException: Unable to resolve host "localhost": No address associated with hostname | Context: url=http://localhost:8080
04-16 21:02:10.648 E/CIRISApiClient(16714): [getMessages] Exception: UnknownHostException: Unable to resolve host "localhost": No address associated with hostname | Context: limit=50, is401=false, tokenPresent=true, tokenPreview=ciris_ad...pyiw
04-16 21:02:10.650 W/InteractViewModel(16714): [fetchHistory] Non-auth error: UnknownHostException: Unable to resolve host "localhost": No address associated with hostname
04-16 21:02:10.655 E/CIRISApiClient(16714): [getAuditEntries] Exception: UnknownHostException: Unable to resolve host "localhost": No address associated with hostname
04-16 21:02:10.895 E/CIRISApiClient(16714): [getSystemStatus] Exception: UnknownHostException: Unable to resolve host "localhost": No address associated with hostname | Context: url=http://localhost:8080
04-16 21:02:12.765 E/CIRISApiClient(16714): [getSystemStatus] Exception: UnknownHostException: Unable to resolve host "localhost": No address associated with hostname | Context: url=http://localhost:8080
04-16 21:02:13.665 E/CIRISApiClient(16714): [getMessages] Exception: UnknownHostException: Unable to resolve host "localhost": No address associated with hostname | Context: limit=50, is401=false, tokenPresent=true, tokenPreview=ciris_ad...pyiw
04-16 21:02:13.667 W/InteractViewModel(16714): [fetchHistory] Non-auth error: UnknownHostException: Unable to resolve host "localhost": No address associated with hostname
04-16 21:02:13.673 E/CIRISApiClient(16714): [getAuditEntries] Exception: UnknownHostException: Unable to resolve host "localhost": No address associated with hostname
04-16 21:02:14.151 D/EnvFileUpdater(16714): Found CIRIS_HOME from env: /data/user/0/ai.ciris.mobile/files/ciris
04-16 21:02:15.910 E/CIRISApiClient(16714): [getSystemStatus] Exception: UnknownHostException: Unable to resolve host "localhost": No address associated with hostname | Context: url=http://localhost:8080
04-16 21:02:16.682 E/CIRISApiClient(16714): [getMessages] Exception: UnknownHostException: Unable to resolve host "localhost": No address associated with hostname | Context: limit=50, is401=false, tokenPresent=true, tokenPreview=ciris_ad...pyiw
04-16 21:02:16.684 W/InteractViewModel(16714): [fetchHistory] Non-auth error: UnknownHostException: Unable to resolve host "localhost": No address associated with hostname
04-16 21:02:16.690 E/CIRISApiClient(16714): [getAuditEntries] Exception: UnknownHostException: Unable to resolve host "localhost": No address associated with hostname
04-16 21:02:17.776 E/CIRISApiClient(16714): [getSystemStatus] Exception: UnknownHostException: Unable to resolve host "localhost": No address associated with hostname | Context: url=http://localhost:8080
04-16 21:02:19.703 E/CIRISApiClient(16714): [getMessages] Exception: UnknownHostException: Unable to resolve host "localhost": No address associated with hostname | Context: limit=50, is401=false, tokenPresent=true, tokenPreview=ciris_ad...pyiw
04-16 21:02:19.705 W/InteractViewModel(16714): [fetchHistory] Non-auth error: UnknownHostException: Unable to resolve host "localhost": No address associated with hostname
04-16 21:02:19.710 E/CIRISApiClient(16714): [getAuditEntries] Exception: UnknownHostException: Unable to resolve host "localhost": No address associated with hostname
04-16 21:02:20.919 E/CIRISApiClient(16714): [getSystemStatus] Exception: UnknownHostException: Unable to resolve host "localhost": No address associated with hostname | Context: url=http://localhost:8080
04-16 21:02:22.722 E/CIRISApiClient(16714): [getMessages] Exception: UnknownHostException: Unable to resolve host "localhost": No address associated with hostname | Context: limit=50, is401=false, tokenPresent=true, tokenPreview=ciris_ad...pyiw
04-16 21:02:22.724 W/InteractViewModel(16714): [fetchHistory] Non-auth error: UnknownHostException: Unable to resolve host "localhost": No address associated with hostname
04-16 21:02:22.730 E/CIRISApiClient(16714): [getAuditEntries] Exception: UnknownHostException: Unable to resolve host "localhost": No address associated with hostname
04-16 21:02:22.785 E/CIRISApiClient(16714): [getSystemStatus] Exception: UnknownHostException: Unable to resolve host "localhost": No address associated with hostname | Context: url=http://localhost:8080
04-16 21:02:24.152 D/EnvFileUpdater(16714): Found CIRIS_HOME from env: /data/user/0/ai.ciris.mobile/files/ciris
04-16 21:02:25.743 E/CIRISApiClient(16714): [getMessages] Exception: UnknownHostException: Unable to resolve host "localhost": No address associated with hostname | Context: limit=50, is401=false, tokenPresent=true, tokenPreview=ciris_ad...pyiw
04-16 21:02:25.745 W/InteractViewModel(16714): [fetchHistory] Non-auth error: UnknownHostException: Unable to resolve host "localhost": No address associated with hostname
04-16 21:02:25.757 E/CIRISApiClient(16714): [getAuditEntries] Exception: UnknownHostException: Unable to resolve host "localhost": No address associated with hostname
04-16 21:02:25.930 E/CIRISApiClient(16714): [getSystemStatus] Exception: UnknownHostException: Unable to resolve host "localhost": No address associated with hostname | Context: url=http://localhost:8080
04-16 21:02:27.796 E/CIRISApiClient(16714): [getSystemStatus] Exception: UnknownHostException: Unable to resolve host "localhost": No address associated with hostname | Context: url=http://localhost:8080
04-16 21:02:28.765 E/CIRISApiClient(16714): [getMessages] Exception: UnknownHostException: Unable to resolve host "localhost": No address associated with hostname | Context: limit=50, is401=false, tokenPresent=true, tokenPreview=ciris_ad...pyiw
04-16 21:02:28.767 W/InteractViewModel(16714): [fetchHistory] Non-auth error: UnknownHostException: Unable to resolve host "localhost": No address associated with hostname
04-16 21:02:28.772 E/CIRISApiClient(16714): [getAuditEntries] Exception: UnknownHostException: Unable to resolve host "localhost": No address associated with hostname
