04-16 20:49:06.254 E/CIRISApiClient(16714): [getAuditEntries] Exception: UnknownHostException: Unable to resolve host "localhost": No address associated with hostname
04-16 20:49:06.855 E/CIRISApiClient(16714): [getSystemStatus] Exception: UnknownHostException: Unable to resolve host "localhost": No address associated with hostname | Context: url=http://localhost:8080
04-16 20:49:07.403 D/EnvFileUpdater(16714): Found CIRIS_HOME from env: /data/user/0/ai.ciris.mobile/files/ciris
04-16 20:49:08.830 E/CIRISApiClient(16714): [getSystemStatus] Exception: UnknownHostException: Unable to resolve host "localhost": No address associated with hostname | Context: url=http://localhost:8080
04-16 20:49:09.274 E/CIRISApiClient(16714): [getMessages] Exception: UnknownHostException: Unable to resolve host "localhost": No address associated with hostname | Context: limit=50, is401=false, tokenPresent=true, tokenPreview=ciris_ad...pyiw
04-16 20:49:09.278 W/InteractViewModel(16714): [fetchHistory] Non-auth error: UnknownHostException: Unable to resolve host "localhost": No address associated with hostname
04-16 20:49:09.290 E/CIRISApiClient(16714): [getAuditEntries] Exception: UnknownHostException: Unable to resolve host "localhost": No address associated with hostname
04-16 20:49:11.874 E/CIRISApiClient(16714): [getSystemStatus] Exception: UnknownHostException: Unable to resolve host "localhost": No address associated with hostname | Context: url=http://localhost:8080
04-16 20:49:12.304 E/CIRISApiClient(16714): [getMessages] Exception: UnknownHostException: Unable to resolve host "localhost": No address associated with hostname | Context: limit=50, is401=false, tokenPresent=true, tokenPreview=ciris_ad...pyiw
04-16 20:49:12.307 W/InteractViewModel(16714): [fetchHistory] Non-auth error: UnknownHostException: Unable to resolve host "localhost": No address associated with hostname
04-16 20:49:12.316 E/CIRISApiClient(16714): [getAuditEntries] Exception: UnknownHostException: Unable to resolve host "localhost": No address associated with hostname
04-16 20:49:13.152 E/CIRISApiClient(16714): [getLlmConfig] Exception: UnknownHostException: Unable to resolve host "localhost": No address associated with hostname
04-16 20:49:13.153 W/InteractViewModel(16714): [fetchHealthData] Failed to fetch LLM config from API: Unable to resolve host "localhost": No address associated with hostname
04-16 20:49:13.163 E/CIRISApiClient(16714): [getVerifyStatus] Exception: UnknownHostException: Unable to resolve host "localhost": No address associated with hostname
04-16 20:49:13.165 I/CIRISApiClient(16714): [getWAStatus] Fetching WA status
04-16 20:49:13.174 E/CIRISApiClient(16714): [getWAStatus] Exception: UnknownHostException: Unable to resolve host "localhost": No address associated with hostname
04-16 20:49:13.175 I/CIRISApiClient(16714): [getSystemHealth] Fetching system health
04-16 20:49:13.183 E/CIRISApiClient(16714): [getSystemHealth] Exception: UnknownHostException: Unable to resolve host "localhost": No address associated with hostname
04-16 20:49:13.842 E/CIRISApiClient(16714): [getSystemStatus] Exception: UnknownHostException: Unable to resolve host "localhost": No address associated with hostname | Context: url=http://localhost:8080
04-16 20:49:15.327 E/CIRISApiClient(16714): [getMessages] Exception: UnknownHostException: Unable to resolve host "localhost": No address associated with hostname | Context: limit=50, is401=false, tokenPresent=true, tokenPreview=ciris_ad...pyiw
04-16 20:49:15.329 W/InteractViewModel(16714): [fetchHistory] Non-auth error: UnknownHostException: Unable to resolve host "localhost": No address associated with hostname
04-16 20:49:15.336 E/CIRISApiClient(16714): [getAuditEntries] Exception: UnknownHostException: Unable to resolve host "localhost": No address associated with hostname
04-16 20:49:16.889 E/CIRISApiClient(16714): [getSystemStatus] Exception: UnknownHostException: Unable to resolve host "localhost": No address associated with hostname | Context: url=http://localhost:8080
04-16 20:49:17.404 D/EnvFileUpdater(16714): Found CIRIS_HOME from env: /data/user/0/ai.ciris.mobile/files/ciris
04-16 20:49:18.350 E/CIRISApiClient(16714): [getMessages] Exception: UnknownHostException: Unable to resolve host "localhost": No address associated with hostname | Context: limit=50, is401=false, tokenPresent=true, tokenPreview=ciris_ad...pyiw
04-16 20:49:18.352 W/InteractViewModel(16714): [fetchHistory] Non-auth error: UnknownHostException: Unable to resolve host "localhost": No address associated with hostname
04-16 20:49:18.360 E/CIRISApiClient(16714): [getAuditEntries] Exception: UnknownHostException: Unable to resolve host "localhost": No address associated with hostname
04-16 20:49:18.863 E/CIRISApiClient(16714): [getSystemStatus] Exception: UnknownHostException: Unable to resolve host "localhost": No address associated with hostname | Context: url=http://localhost:8080
04-16 20:49:21.372 E/CIRISApiClient(16714): [getMessages] Exception: UnknownHostException: Unable to resolve host "localhost": No address associated with hostname | Context: limit=50, is401=false, tokenPresent=true, tokenPreview=ciris_ad...pyiw
04-16 20:49:21.374 W/InteractViewModel(16714): [fetchHistory] Non-auth error: UnknownHostException: Unable to resolve host "localhost": No address associated with hostname
04-16 20:49:21.382 E/CIRISApiClient(16714): [getAuditEntries] Exception: UnknownHostException: Unable to resolve host "localhost": No address associated with hostname
04-16 20:49:21.903 E/CIRISApiClient(16714): [getSystemStatus] Exception: UnknownHostException: Unable to resolve host "localhost": No address associated with hostname | Context: url=http://localhost:8080
04-16 20:49:23.881 E/CIRISApiClient(16714): [getSystemStatus] Exception: UnknownHostException: Unable to resolve host "localhost": No address associated with hostname | Context: url=http://localhost:8080
04-16 20:49:24.396 E/CIRISApiClient(16714): [getMessages] Exception: UnknownHostException: Unable to resolve host "localhost": No address associated with hostname | Context: limit=50, is401=false, tokenPresent=true, tokenPreview=ciris_ad...pyiw
04-16 20:49:24.399 W/InteractViewModel(16714): [fetchHistory] Non-auth error: UnknownHostException: Unable to resolve host "localhost": No address associated with hostname
04-16 20:49:24.407 E/CIRISApiClient(16714): [getAuditEntries] Exception: UnknownHostException: Unable to resolve host "localhost": No address associated with hostname
04-16 20:49:26.922 E/CIRISApiClient(16714): [getSystemStatus] Exception: UnknownHostException: Unable to resolve host "localhost": No address associated with hostname | Context: url=http://localhost:8080
04-16 20:49:27.406 D/EnvFileUpdater(16714): Found CIRIS_HOME from env: /data/user/0/ai.ciris.mobile/files/ciris
04-16 20:49:27.419 E/CIRISApiClient(16714): [getMessages] Exception: UnknownHostException: Unable to resolve host "localhost": No address associated with hostname | Context: limit=50, is401=false, tokenPresent=true, tokenPreview=ciris_ad...pyiw
04-16 20:49:27.421 W/InteractViewModel(16714): [fetchHistory] Non-auth error: UnknownHostException: Unable to resolve host "localhost": No address associated with hostname
04-16 20:49:27.430 E/CIRISApiClient(16714): [getAuditEntries] Exception: UnknownHostException: Unable to resolve host "localhost": No address associated with hostname
04-16 20:49:28.894 E/CIRISApiClient(16714): [getSystemStatus] Exception: UnknownHostException: Unable to resolve host "localhost": No address associated with hostname | Context: url=http://localhost:8080
04-16 20:49:30.448 E/CIRISApiClient(16714): [getMessages] Exception: UnknownHostException: Unable to resolve host "localhost": No address associated with hostname | Context: limit=50, is401=false, tokenPresent=true, tokenPreview=ciris_ad...pyiw
04-16 20:49:30.452 W/InteractViewModel(16714): [fetchHistory] Non-auth error: UnknownHostException: Unable to resolve host "localhost": No address associated with hostname
04-16 20:49:30.464 E/CIRISApiClient(16714): [getAuditEntries] Exception: UnknownHostException: Unable to resolve host "localhost": No address associated with hostname
04-16 20:49:31.938 E/CIRISApiClient(16714): [getSystemStatus] Exception: UnknownHostException: Unable to resolve host "localhost": No address associated with hostname | Context: url=http://localhost:8080
04-16 20:49:33.479 E/CIRISApiClient(16714): [getMessages] Exception: UnknownHostException: Unable to resolve host "localhost": No address associated with hostname | Context: limit=50, is401=false, tokenPresent=true, tokenPreview=ciris_ad...pyiw
04-16 20:49:33.482 W/InteractViewModel(16714): [fetchHistory] Non-auth error: UnknownHostException: Unable to resolve host "localhost": No address associated with hostname
04-16 20:49:33.491 E/CIRISApiClient(16714): [getAuditEntries] Exception: UnknownHostException: Unable to resolve host "localhost": No address associated with hostname
04-16 20:49:33.909 E/CIRISApiClient(16714): [getSystemStatus] Exception: UnknownHostException: Unable to resolve host "localhost": No address associated with hostname | Context: url=http://localhost:8080
04-16 20:49:36.512 E/CIRISApiClient(16714): [getMessages] Exception: UnknownHostException: Unable to resolve host "localhost": No address associated with hostname | Context: limit=50, is401=false, tokenPresent=true, tokenPreview=ciris_ad...pyiw
04-16 20:49:36.516 W/InteractViewModel(16714): [fetchHistory] Non-auth error: UnknownHostException: Unable to resolve host "localhost": No address associated with hostname
04-16 20:49:36.530 E/CIRISApiClient(16714): [getAuditEntries] Exception: UnknownHostException: Unable to resolve host "localhost": No address associated with hostname
04-16 20:49:36.952 E/CIRISApiClient(16714): [getSystemStatus] Exception: UnknownHostException: Unable to resolve host "localhost": No address associated with hostname | Context: url=http://localhost:8080
04-16 20:49:37.408 D/EnvFileUpdater(16714): Found CIRIS_HOME from env: /data/user/0/ai.ciris.mobile/files/ciris
04-16 20:49:38.928 E/CIRISApiClient(16714): [getSystemStatus] Exception: UnknownHostException: Unable to resolve host "localhost": No address associated with hostname | Context: url=http://localhost:8080
04-16 20:49:39.548 E/CIRISApiClient(16714): [getMessages] Exception: UnknownHostException: Unable to resolve host "localhost": No address associated with hostname | Context: limit=50, is401=false, tokenPresent=true, tokenPreview=ciris_ad...pyiw
04-16 20:49:39.550 W/InteractViewModel(16714): [fetchHistory] Non-auth error: UnknownHostException: Unable to resolve host "localhost": No address associated with hostname
04-16 20:49:39.558 E/CIRISApiClient(16714): [getAuditEntries] Exception: UnknownHostException: Unable to resolve host "localhost": No address associated with hostname
04-16 20:49:41.975 E/CIRISApiClient(16714): [getSystemStatus] Exception: UnknownHostException: Unable to resolve host "localhost": No address associated with hostname | Context: url=http://localhost:8080
04-16 20:49:42.573 E/CIRISApiClient(16714): [getMessages] Exception: UnknownHostException: Unable to resolve host "localhost": No address associated with hostname | Context: limit=50, is401=false, tokenPresent=true, tokenPreview=ciris_ad...pyiw
04-16 20:49:42.579 W/InteractViewModel(16714): [fetchHistory] Non-auth error: UnknownHostException: Unable to resolve host "localhost": No address associated with hostname
04-16 20:49:42.586 E/CIRISApiClient(16714): [getAuditEntries] Exception: UnknownHostException: Unable to resolve host "localhost": No address associated with hostname
04-16 20:49:43.195 E/CIRISApiClient(16714): [getLlmConfig] Exception: UnknownHostException: Unable to resolve host "localhost": No address associated with hostname
04-16 20:49:43.197 W/InteractViewModel(16714): [fetchHealthData] Failed to fetch LLM config from API: Unable to resolve host "localhost": No address associated with hostname
04-16 20:49:43.208 E/CIRISApiClient(16714): [getVerifyStatus] Exception: UnknownHostException: Unable to resolve host "localhost": No address associated with hostname
04-16 20:49:43.210 I/CIRISApiClient(16714): [getWAStatus] Fetching WA status
04-16 20:49:43.216 E/CIRISApiClient(16714): [getWAStatus] Exception: UnknownHostException: Unable to resolve host "localhost": No address associated with hostname
04-16 20:49:43.217 I/CIRISApiClient(16714): [getSystemHealth] Fetching system health
04-16 20:49:43.223 E/CIRISApiClient(16714): [getSystemHealth] Exception: UnknownHostException: Unable to resolve host "localhost": No address associated with hostname
04-16 20:49:43.943 E/CIRISApiClient(16714): [getSystemStatus] Exception: UnknownHostException: Unable to resolve host "localhost": No address associated with hostname | Context: url=http://localhost:8080
04-16 20:49:45.602 E/CIRISApiClient(16714): [getMessages] Exception: UnknownHostException: Unable to resolve host "localhost": No address associated with hostname | Context: limit=50, is401=false, tokenPresent=true, tokenPreview=ciris_ad...pyiw
04-16 20:49:45.604 W/InteractViewModel(16714): [fetchHistory] Non-auth error: UnknownHostException: Unable to resolve host "localhost": No address associated with hostname
04-16 20:49:45.612 E/CIRISApiClient(16714): [getAuditEntries] Exception: UnknownHostException: Unable to resolve host "localhost": No address associated with hostname
04-16 20:49:46.997 E/CIRISApiClient(16714): [getSystemStatus] Exception: UnknownHostException: Unable to resolve host "localhost": No address associated with hostname | Context: url=http://localhost:8080
04-16 20:49:47.411 D/EnvFileUpdater(16714): Found CIRIS_HOME from env: /data/user/0/ai.ciris.mobile/files/ciris
04-16 20:49:48.636 E/CIRISApiClient(16714): [getMessages] Exception: UnknownHostException: Unable to resolve host "localhost": No address associated with hostname | Context: limit=50, is401=false, tokenPresent=true, tokenPreview=ciris_ad...pyiw
04-16 20:49:48.641 W/InteractViewModel(16714): [fetchHistory] Non-auth error: UnknownHostException: Unable to resolve host "localhost": No address associated with hostname
04-16 20:49:48.654 E/CIRISApiClient(16714): [getAuditEntries] Exception: UnknownHostException: Unable to resolve host "localhost": No address associated with hostname
04-16 20:49:48.969 E/CIRISApiClient(16714): [getSystemStatus] Exception: UnknownHostException: Unable to resolve host "localhost": No address associated with hostname | Context: url=http://localhost:8080
04-16 20:49:51.680 E/CIRISApiClient(16714): [getMessages] Exception: UnknownHostException: Unable to resolve host "localhost": No address associated with hostname | Context: limit=50, is401=false, tokenPresent=true, tokenPreview=ciris_ad...pyiw
04-16 20:49:51.684 W/InteractViewModel(16714): [fetchHistory] Non-auth error: UnknownHostException: Unable to resolve host "localhost": No address associated with hostname
04-16 20:49:51.698 E/CIRISApiClient(16714): [getAuditEntries] Exception: UnknownHostException: Unable to resolve host "localhost": No address associated with hostname
04-16 20:49:52.020 E/CIRISApiClient(16714): [getSystemStatus] Exception: UnknownHostException: Unable to resolve host "localhost": No address associated with hostname | Context: url=http://localhost:8080
04-16 20:49:53.987 E/CIRISApiClient(16714): [getSystemStatus] Exception: UnknownHostException: Unable to resolve host "localhost": No address associated with hostname | Context: url=http://localhost:8080
04-16 20:49:54.710 E/CIRISApiClient(16714): [getMessages] Exception: UnknownHostException: Unable to resolve host "localhost": No address associated with hostname | Context: limit=50, is401=false, tokenPresent=true, tokenPreview=ciris_ad...pyiw
04-16 20:49:54.712 W/InteractViewModel(16714): [fetchHistory] Non-auth error: UnknownHostException: Unable to resolve host "localhost": No address associated with hostname
04-16 20:49:54.718 E/CIRISApiClient(16714): [getAuditEntries] Exception: UnknownHostException: Unable to resolve host "localhost": No address associated with hostname
04-16 20:49:57.036 E/CIRISApiClient(16714): [getSystemStatus] Exception: UnknownHostException: Unable to resolve host "localhost": No address associated with hostname | Context: url=http://localhost:8080
04-16 20:49:57.414 D/EnvFileUpdater(16714): Found CIRIS_HOME from env: /data/user/0/ai.ciris.mobile/files/ciris
04-16 20:49:57.737 E/CIRISApiClient(16714): [getMessages] Exception: UnknownHostException: Unable to resolve host "localhost": No address associated with hostname | Context: limit=50, is401=false, tokenPresent=true, tokenPreview=ciris_ad...pyiw
04-16 20:49:57.740 W/InteractViewModel(16714): [fetchHistory] Non-auth error: UnknownHostException: Unable to resolve host "localhost": No address associated with hostname
04-16 20:49:57.748 E/CIRISApiClient(16714): [getAuditEntries] Exception: UnknownHostException: Unable to resolve host "localhost": No address associated with hostname
04-16 20:49:59.001 E/CIRISApiClient(16714): [getSystemStatus] Exception: UnknownHostException: Unable to resolve host "localhost": No address associated with hostname | Context: url=http://localhost:8080
04-16 20:50:00.768 E/CIRISApiClient(16714): [getMessages] Exception: UnknownHostException: Unable to resolve host "localhost": No address associated with hostname | Context: limit=50, is401=false, tokenPresent=true, tokenPreview=ciris_ad...pyiw
04-16 20:50:00.771 W/InteractViewModel(16714): [fetchHistory] Non-auth error: UnknownHostException: Unable to resolve host "localhost": No address associated with hostname
04-16 20:50:00.779 E/CIRISApiClient(16714): [getAuditEntries] Exception: UnknownHostException: Unable to resolve host "localhost": No address associated with hostname
04-16 20:50:02.055 E/CIRISApiClient(16714): [getSystemStatus] Exception: UnknownHostException: Unable to resolve host "localhost": No address associated with hostname | Context: url=http://localhost:8080
04-16 20:50:03.798 E/CIRISApiClient(16714): [getMessages] Exception: UnknownHostException: Unable to resolve host "localhost": No address associated with hostname | Context: limit=50, is401=false, tokenPresent=true, tokenPreview=ciris_ad...pyiw
04-16 20:50:03.799 W/InteractViewModel(16714): [fetchHistory] Non-auth error: UnknownHostException: Unable to resolve host "localhost": No address associated with hostname
04-16 20:50:03.808 E/CIRISApiClient(16714): [getAuditEntries] Exception: UnknownHostException: Unable to resolve host "localhost": No address associated with hostname
04-16 20:50:04.012 E/CIRISApiClient(16714): [getSystemStatus] Exception: UnknownHostException: Unable to resolve host "localhost": No address associated with hostname | Context: url=http://localhost:8080
04-16 20:50:06.826 E/CIRISApiClient(16714): [getMessages] Exception: UnknownHostException: Unable to resolve host "localhost": No address associated with hostname | Context: limit=50, is401=false, tokenPresent=true, tokenPreview=ciris_ad...pyiw
04-16 20:50:06.829 W/InteractViewModel(16714): [fetchHistory] Non-auth error: UnknownHostException: Unable to resolve host "localhost": No address associated with hostname
04-16 20:50:06.837 E/CIRISApiClient(16714): [getAuditEntries] Exception: UnknownHostException: Unable to resolve host "localhost": No address associated with hostname
04-16 20:50:07.081 E/CIRISApiClient(16714): [getSystemStatus] Exception: UnknownHostException: Unable to resolve host "localhost": No address associated with hostname | Context: url=http://localhost:8080
04-16 20:50:07.416 D/EnvFileUpdater(16714): Found CIRIS_HOME from env: /data/user/0/ai.ciris.mobile/files/ciris
04-16 20:50:13.830 E/CIRISApiClient(16714): [getSystemStatus] Exception: UnknownHostException: Unable to resolve host "localhost": No address associated with hostname | Context: url=http://localhost:8080
04-16 20:50:16.580 E/CIRISApiClient(16714): [getMessages] Exception: UnknownHostException: Unable to resolve host "localhost": No address associated with hostname | Context: limit=50, is401=false, tokenPresent=true, tokenPreview=ciris_ad...pyiw
04-16 20:50:16.583 W/InteractViewModel(16714): [fetchHistory] Non-auth error: UnknownHostException: Unable to resolve host "localhost": No address associated with hostname
04-16 20:50:16.589 E/CIRISApiClient(16714): [getAuditEntries] Exception: UnknownHostException: Unable to resolve host "localhost": No address associated with hostname
04-16 20:50:24.197 E/CIRISApiClient(16714): [getSystemStatus] Exception: UnknownHostException: Unable to resolve host "localhost": No address associated with hostname | Context: url=http://localhost:8080
04-16 20:50:35.500 E/CIRISApiClient(16714): [getMessages] Exception: UnknownHostException: Unable to resolve host "localhost": No address associated with hostname | Context: limit=50, is401=false, tokenPresent=true, tokenPreview=ciris_ad...pyiw
04-16 20:50:35.502 W/InteractViewModel(16714): [fetchHistory] Non-auth error: UnknownHostException: Unable to resolve host "localhost": No address associated with hostname
04-16 20:50:35.508 E/CIRISApiClient(16714): [getAuditEntries] Exception: UnknownHostException: Unable to resolve host "localhost": No address associated with hostname
04-16 20:50:35.598 E/CIRISApiClient(16714): [getLlmConfig] Exception: UnknownHostException: Unable to resolve host "localhost": No address associated with hostname
04-16 20:50:35.600 W/InteractViewModel(16714): [fetchHealthData] Failed to fetch LLM config from API: Unable to resolve host "localhost": No address associated with hostname
04-16 20:50:35.607 E/CIRISApiClient(16714): [getVerifyStatus] Exception: UnknownHostException: Unable to resolve host "localhost": No address associated with hostname
04-16 20:50:35.609 I/CIRISApiClient(16714): [getWAStatus] Fetching WA status
04-16 20:50:35.615 E/CIRISApiClient(16714): [getWAStatus] Exception: UnknownHostException: Unable to resolve host "localhost": No address associated with hostname
04-16 20:50:35.616 I/CIRISApiClient(16714): [getSystemHealth] Fetching system health
04-16 20:50:35.621 E/CIRISApiClient(16714): [getSystemHealth] Exception: UnknownHostException: Unable to resolve host "localhost": No address associated with hostname
04-16 20:50:44.801 E/CIRISApiClient(16714): [getSystemStatus] Exception: UnknownHostException: Unable to resolve host "localhost": No address associated with hostname | Context: url=http://localhost:8080
04-16 20:51:13.932 E/CIRISApiClient(16714): [getMessages] Exception: UnknownHostException: Unable to resolve host "localhost": No address associated with hostname | Context: limit=50, is401=false, tokenPresent=true, tokenPreview=ciris_ad...pyiw
04-16 20:51:13.933 W/InteractViewModel(16714): [fetchHistory] Non-auth error: UnknownHostException: Unable to resolve host "localhost": No address associated with hostname
04-16 20:51:13.938 E/CIRISApiClient(16714): [getAuditEntries] Exception: UnknownHostException: Unable to resolve host "localhost": No address associated with hostname
04-16 20:51:45.915 E/CIRISApiClient(16714): [getSystemStatus] Exception: UnknownHostException: Unable to resolve host "localhost": No address associated with hostname | Context: url=http://localhost:8080
04-16 20:51:46.166 D/EnvFileUpdater(16714): Found CIRIS_HOME from env: /data/user/0/ai.ciris.mobile/files/ciris
04-16 20:51:57.296 E/CIRISApiClient(16714): [getSystemStatus] Exception: UnknownHostException: Unable to resolve host "localhost": No address associated with hostname | Context: url=http://localhost:8080
04-16 20:51:57.731 E/CIRISApiClient(16714): [getMessages] Exception: UnknownHostException: Unable to resolve host "localhost": No address associated with hostname | Context: limit=50, is401=false, tokenPresent=true, tokenPreview=ciris_ad...pyiw
04-16 20:51:57.734 W/InteractViewModel(16714): [fetchHistory] Non-auth error: UnknownHostException: Unable to resolve host "localhost": No address associated with hostname
04-16 20:51:57.745 E/CIRISApiClient(16714): [getAuditEntries] Exception: UnknownHostException: Unable to resolve host "localhost": No address associated with hostname
04-16 20:52:05.425 E/CIRISApiClient(16714): [getSystemStatus] Exception: UnknownHostException: Unable to resolve host "localhost": No address associated with hostname | Context: url=http://localhost:8080
04-16 20:52:05.801 E/CIRISApiClient(16714): [getMessages] Exception: UnknownHostException: Unable to resolve host "localhost": No address associated with hostname | Context: limit=50, is401=false, tokenPresent=true, tokenPreview=ciris_ad...pyiw
04-16 20:52:05.808 W/InteractViewModel(16714): [fetchHistory] Non-auth error: UnknownHostException: Unable to resolve host "localhost": No address associated with hostname
04-16 20:52:05.836 E/CIRISApiClient(16714): [getAuditEntries] Exception: UnknownHostException: Unable to resolve host "localhost": No address associated with hostname
04-16 20:52:07.330 E/CIRISApiClient(16714): [getSystemStatus] Exception: UnknownHostException: Unable to resolve host "localhost": No address associated with hostname | Context: url=http://localhost:8080
04-16 20:52:08.847 E/CIRISApiClient(16714): [getMessages] Exception: UnknownHostException: Unable to resolve host "localhost": No address associated with hostname | Context: limit=50, is401=false, tokenPresent=true, tokenPreview=ciris_ad...pyiw
04-16 20:52:08.849 W/InteractViewModel(16714): [fetchHistory] Non-auth error: UnknownHostException: Unable to resolve host "localhost": No address associated with hostname
04-16 20:52:08.855 E/CIRISApiClient(16714): [getAuditEntries] Exception: UnknownHostException: Unable to resolve host "localhost": No address associated with hostname
04-16 20:52:09.668 E/chromium(27036): [ERROR:cc/tiles/tile_manager.cc:997] WARNING: tile memory limits exceeded, some content may not draw
04-16 20:52:09.669 E/chromium(27036): [ERROR:cc/tiles/tile_manager.cc:997] WARNING: tile memory limits exceeded, some content may not draw
04-16 20:52:09.690 E/chromium(27036): [ERROR:cc/tiles/tile_manager.cc:997] WARNING: tile memory limits exceeded, some content may not draw
04-16 20:52:09.691 E/chromium(27036): [ERROR:cc/tiles/tile_manager.cc:997] WARNING: tile memory limits exceeded, some content may not draw
04-16 20:52:09.707 E/chromium(27036): [ERROR:cc/tiles/tile_manager.cc:997] WARNING: tile memory limits exceeded, some content may not draw
04-16 20:52:09.707 E/chromium(27036): [ERROR:cc/tiles/tile_manager.cc:997] WARNING: tile memory limits exceeded, some content may not draw
04-16 20:52:09.740 E/chromium(27036): [ERROR:cc/tiles/tile_manager.cc:997] WARNING: tile memory limits exceeded, some content may not draw
04-16 20:52:09.740 E/chromium(27036): [ERROR:cc/tiles/tile_manager.cc:997] WARNING: tile memory limits exceeded, some content may not draw
04-16 20:52:09.743 E/chromium(27036): [ERROR:cc/tiles/tile_manager.cc:997] WARNING: tile memory limits exceeded, some content may not draw
04-16 20:52:09.743 E/chromium(27036): [ERROR:cc/tiles/tile_manager.cc:997] WARNING: tile memory limits exceeded, some content may not draw
04-16 20:52:09.773 E/chromium(27036): [ERROR:cc/tiles/tile_manager.cc:997] WARNING: tile memory limits exceeded, some content may not draw
04-16 20:52:09.775 E/chromium(27036): [ERROR:cc/tiles/tile_manager.cc:997] WARNING: tile memory limits exceeded, some content may not draw
04-16 20:52:10.438 E/CIRISApiClient(16714): [getSystemStatus] Exception: UnknownHostException: Unable to resolve host "localhost": No address associated with hostname | Context: url=http://localhost:8080
04-16 20:52:10.659 D/EnvFileUpdater(16714): Found CIRIS_HOME from env: /data/user/0/ai.ciris.mobile/files/ciris
04-16 20:52:10.976 E/chromium(27036): [ERROR:cc/tiles/tile_manager.cc:997] WARNING: tile memory limits exceeded, some content may not draw
04-16 20:52:10.978 E/chromium(27036): [ERROR:cc/tiles/tile_manager.cc:997] WARNING: tile memory limits exceeded, some content may not draw
04-16 20:52:11.007 E/chromium(27036): [ERROR:cc/tiles/tile_manager.cc:997] WARNING: tile memory limits exceeded, some content may not draw
04-16 20:52:11.007 E/chromium(27036): [ERROR:cc/tiles/tile_manager.cc:997] WARNING: tile memory limits exceeded, some content may not draw
04-16 20:52:11.869 E/CIRISApiClient(16714): [getMessages] Exception: UnknownHostException: Unable to resolve host "localhost": No address associated with hostname | Context: limit=50, is401=false, tokenPresent=true, tokenPreview=ciris_ad...pyiw
04-16 20:52:11.871 W/InteractViewModel(16714): [fetchHistory] Non-auth error: UnknownHostException: Unable to resolve host "localhost": No address associated with hostname
04-16 20:52:11.880 E/CIRISApiClient(16714): [getAuditEntries] Exception: UnknownHostException: Unable to resolve host "localhost": No address associated with hostname
04-16 20:52:12.344 E/CIRISApiClient(16714): [getSystemStatus] Exception: UnknownHostException: Unable to resolve host "localhost": No address associated with hostname | Context: url=http://localhost:8080
04-16 20:52:13.116 E/chromium(27036): [ERROR:cc/tiles/tile_manager.cc:997] WARNING: tile memory limits exceeded, some content may not draw
04-16 20:52:13.117 E/chromium(27036): [ERROR:cc/tiles/tile_manager.cc:997] WARNING: tile memory limits exceeded, some content may not draw
04-16 20:52:13.124 E/chromium(27036): [ERROR:cc/tiles/tile_manager.cc:997] WARNING: tile memory limits exceeded, some content may not draw
04-16 20:52:13.124 E/chromium(27036): [ERROR:cc/tiles/tile_manager.cc:997] WARNING: tile memory limits exceeded, some content may not draw
04-16 20:52:13.138 E/chromium(27036): [ERROR:cc/tiles/tile_manager.cc:997] WARNING: tile memory limits exceeded, some content may not draw
04-16 20:52:13.145 E/chromium(27036): [ERROR:cc/tiles/tile_manager.cc:997] WARNING: tile memory limits exceeded, some content may not draw
04-16 20:52:13.151 E/chromium(27036): [ERROR:cc/tiles/tile_manager.cc:997] WARNING: tile memory limits exceeded, some content may not draw
04-16 20:52:13.151 E/chromium(27036): [ERROR:cc/tiles/tile_manager.cc:997] WARNING: tile memory limits exceeded, some content may not draw
04-16 20:52:13.157 E/chromium(27036): [ERROR:cc/tiles/tile_manager.cc:997] WARNING: tile memory limits exceeded, some content may not draw
04-16 20:52:13.158 E/chromium(27036): [ERROR:cc/tiles/tile_manager.cc:997] WARNING: tile memory limits exceeded, some content may not draw
04-16 20:52:13.171 E/chromium(27036): [ERROR:cc/tiles/tile_manager.cc:997] WARNING: tile memory limits exceeded, some content may not draw
04-16 20:52:13.172 E/chromium(27036): [ERROR:cc/tiles/tile_manager.cc:997] WARNING: tile memory limits exceeded, some content may not draw
04-16 20:52:13.172 E/chromium(27036): [ERROR:cc/tiles/tile_manager.cc:997] WARNING: tile memory limits exceeded, some content may not draw
04-16 20:52:13.187 E/chromium(27036): [ERROR:cc/tiles/tile_manager.cc:997] WARNING: tile memory limits exceeded, some content may not draw
04-16 20:52:13.191 E/chromium(27036): [ERROR:cc/tiles/tile_manager.cc:997] WARNING: tile memory limits exceeded, some content may not draw
04-16 20:52:13.204 E/chromium(27036): [ERROR:cc/tiles/tile_manager.cc:997] WARNING: tile memory limits exceeded, some content may not draw
04-16 20:52:13.204 E/chromium(27036): [ERROR:cc/tiles/tile_manager.cc:997] WARNING: tile memory limits exceeded, some content may not draw
04-16 20:52:13.221 E/chromium(27036): [ERROR:cc/tiles/tile_manager.cc:997] WARNING: tile memory limits exceeded, some content may not draw
04-16 20:52:13.222 E/chromium(27036): [ERROR:cc/tiles/tile_manager.cc:997] WARNING: tile memory limits exceeded, some content may not draw
04-16 20:52:14.902 E/CIRISApiClient(16714): [getMessages] Exception: UnknownHostException: Unable to resolve host "localhost": No address associated with hostname | Context: limit=50, is401=false, tokenPresent=true, tokenPreview=ciris_ad...pyiw
04-16 20:52:14.904 W/InteractViewModel(16714): [fetchHistory] Non-auth error: UnknownHostException: Unable to resolve host "localhost": No address associated with hostname
04-16 20:52:14.913 E/CIRISApiClient(16714): [getAuditEntries] Exception: UnknownHostException: Unable to resolve host "localhost": No address associated with hostname
04-16 20:52:15.448 E/CIRISApiClient(16714): [getSystemStatus] Exception: UnknownHostException: Unable to resolve host "localhost": No address associated with hostname | Context: url=http://localhost:8080
04-16 20:52:17.368 E/CIRISApiClient(16714): [getSystemStatus] Exception: UnknownHostException: Unable to resolve host "localhost": No address associated with hostname | Context: url=http://localhost:8080
04-16 20:52:17.936 E/CIRISApiClient(16714): [getMessages] Exception: UnknownHostException: Unable to resolve host "localhost": No address associated with hostname | Context: limit=50, is401=false, tokenPresent=true, tokenPreview=ciris_ad...pyiw
04-16 20:52:17.939 W/InteractViewModel(16714): [fetchHistory] Non-auth error: UnknownHostException: Unable to resolve host "localhost": No address associated with hostname
04-16 20:52:17.950 E/CIRISApiClient(16714): [getAuditEntries] Exception: UnknownHostException: Unable to resolve host "localhost": No address associated with hostname
04-16 20:52:20.475 E/CIRISApiClient(16714): [getSystemStatus] Exception: UnknownHostException: Unable to resolve host "localhost": No address associated with hostname | Context: url=http://localhost:8080
04-16 20:52:20.661 D/EnvFileUpdater(16714): Found CIRIS_HOME from env: /data/user/0/ai.ciris.mobile/files/ciris
04-16 20:52:20.960 E/CIRISApiClient(16714): [getMessages] Exception: UnknownHostException: Unable to resolve host "localhost": No address associated with hostname | Context: limit=50, is401=false, tokenPresent=true, tokenPreview=ciris_ad...pyiw
04-16 20:52:20.961 W/InteractViewModel(16714): [fetchHistory] Non-auth error: UnknownHostException: Unable to resolve host "localhost": No address associated with hostname
04-16 20:52:20.967 E/CIRISApiClient(16714): [getAuditEntries] Exception: UnknownHostException: Unable to resolve host "localhost": No address associated with hostname
04-16 20:52:22.391 E/CIRISApiClient(16714): [getSystemStatus] Exception: UnknownHostException: Unable to resolve host "localhost": No address associated with hostname | Context: url=http://localhost:8080
04-16 20:52:40.627 E/CIRISApiClient(16714): [getMessages] Exception: UnknownHostException: Unable to resolve host "localhost": No address associated with hostname | Context: limit=50, is401=false, tokenPresent=true, tokenPreview=ciris_ad...pyiw
04-16 20:52:40.630 W/InteractViewModel(16714): [fetchHistory] Non-auth error: UnknownHostException: Unable to resolve host "localhost": No address associated with hostname
04-16 20:52:40.639 E/CIRISApiClient(16714): [getAuditEntries] Exception: UnknownHostException: Unable to resolve host "localhost": No address associated with hostname
04-16 20:53:18.570 E/CIRISApiClient(16714): [getSystemStatus] Exception: UnknownHostException: Unable to resolve host "localhost": No address associated with hostname | Context: url=http://localhost:8080
04-16 20:53:19.258 E/CIRISApiClient(16714): [getLlmConfig] Exception: UnknownHostException: Unable to resolve host "localhost": No address associated with hostname
04-16 20:53:19.260 W/InteractViewModel(16714): [fetchHealthData] Failed to fetch LLM config from API: Unable to resolve host "localhost": No address associated with hostname
04-16 20:53:19.268 E/CIRISApiClient(16714): [getVerifyStatus] Exception: UnknownHostException: Unable to resolve host "localhost": No address associated with hostname
04-16 20:53:19.269 I/CIRISApiClient(16714): [getWAStatus] Fetching WA status
04-16 20:53:19.276 E/CIRISApiClient(16714): [getWAStatus] Exception: UnknownHostException: Unable to resolve host "localhost": No address associated with hostname
04-16 20:53:19.277 I/CIRISApiClient(16714): [getSystemHealth] Fetching system health
04-16 20:53:19.285 E/CIRISApiClient(16714): [getSystemHealth] Exception: UnknownHostException: Unable to resolve host "localhost": No address associated with hostname
04-16 20:53:41.081 E/CIRISApiClient(16714): [getMessages] Exception: UnknownHostException: Unable to resolve host "localhost": No address associated with hostname | Context: limit=50, is401=false, tokenPresent=true, tokenPreview=ciris_ad...pyiw
04-16 20:53:41.086 W/InteractViewModel(16714): [fetchHistory] Non-auth error: UnknownHostException: Unable to resolve host "localhost": No address associated with hostname
04-16 20:53:41.094 E/CIRISApiClient(16714): [getAuditEntries] Exception: UnknownHostException: Unable to resolve host "localhost": No address associated with hostname
04-16 20:53:41.392 E/CIRISApiClient(16714): [getSystemStatus] Exception: UnknownHostException: Unable to resolve host "localhost": No address associated with hostname | Context: url=http://localhost:8080
04-16 20:54:04.379 E/CIRISApiClient(16714): [getMessages] Exception: UnknownHostException: Unable to resolve host "localhost": No address associated with hostname | Context: limit=50, is401=false, tokenPresent=true, tokenPreview=ciris_ad...pyiw
04-16 20:54:04.383 W/InteractViewModel(16714): [fetchHistory] Non-auth error: UnknownHostException: Unable to resolve host "localhost": No address associated with hostname
04-16 20:54:04.393 E/CIRISApiClient(16714): [getAuditEntries] Exception: UnknownHostException: Unable to resolve host "localhost": No address associated with hostname
04-16 20:54:06.788 D/EnvFileUpdater(16714): Found CIRIS_HOME from env: /data/user/0/ai.ciris.mobile/files/ciris
04-16 20:54:06.978 E/CIRISApiClient(16714): [getSystemStatus] Exception: UnknownHostException: Unable to resolve host "localhost": No address associated with hostname | Context: url=http://localhost:8080
04-16 20:54:16.425 E/CIRISApiClient(16714): [getSystemStatus] Exception: UnknownHostException: Unable to resolve host "localhost": No address associated with hostname | Context: url=http://localhost:8080
04-16 20:54:21.415 E/CIRISApiClient(16714): [getMessages] Exception: UnknownHostException: Unable to resolve host "localhost": No address associated with hostname | Context: limit=50, is401=false, tokenPresent=true, tokenPreview=ciris_ad...pyiw
04-16 20:54:21.416 W/InteractViewModel(16714): [fetchHistory] Non-auth error: UnknownHostException: Unable to resolve host "localhost": No address associated with hostname
04-16 20:54:21.427 E/CIRISApiClient(16714): [getAuditEntries] Exception: UnknownHostException: Unable to resolve host "localhost": No address associated with hostname
04-16 20:54:45.119 E/CIRISApiClient(16714): [getSystemStatus] Exception: UnknownHostException: Unable to resolve host "localhost": No address associated with hostname | Context: url=http://localhost:8080
04-16 20:55:01.752 E/CIRISApiClient(16714): [getMessages] Exception: UnknownHostException: Unable to resolve host "localhost": No address associated with hostname | Context: limit=50, is401=false, tokenPresent=true, tokenPreview=ciris_ad...pyiw
04-16 20:55:01.754 W/InteractViewModel(16714): [fetchHistory] Non-auth error: UnknownHostException: Unable to resolve host "localhost": No address associated with hostname
04-16 20:55:01.764 E/CIRISApiClient(16714): [getAuditEntries] Exception: UnknownHostException: Unable to resolve host "localhost": No address associated with hostname
04-16 20:55:02.975 E/CIRISApiClient(16714): [getSystemStatus] Exception: UnknownHostException: Unable to resolve host "localhost": No address associated with hostname | Context: url=http://localhost:8080
04-16 20:55:03.433 E/chromium(27036): [ERROR:cc/tiles/tile_manager.cc:997] WARNING: tile memory limits exceeded, some content may not draw
04-16 20:55:03.445 E/chromium(27036): [ERROR:cc/tiles/tile_manager.cc:997] WARNING: tile memory limits exceeded, some content may not draw
04-16 20:55:03.465 E/chromium(27036): [ERROR:cc/tiles/tile_manager.cc:997] WARNING: tile memory limits exceeded, some content may not draw
04-16 20:55:03.475 E/chromium(27036): [ERROR:cc/tiles/tile_manager.cc:997] WARNING: tile memory limits exceeded, some content may not draw
04-16 20:55:03.491 E/chromium(27036): [ERROR:cc/tiles/tile_manager.cc:997] WARNING: tile memory limits exceeded, some content may not draw
04-16 20:55:03.495 E/chromium(27036): [ERROR:cc/tiles/tile_manager.cc:997] WARNING: tile memory limits exceeded, some content may not draw
04-16 20:55:03.496 E/chromium(27036): [ERROR:cc/tiles/tile_manager.cc:997] WARNING: tile memory limits exceeded, some content may not draw
04-16 20:55:03.498 E/chromium(27036): [ERROR:cc/tiles/tile_manager.cc:997] WARNING: tile memory limits exceeded, some content may not draw
04-16 20:55:03.519 E/chromium(27036): [ERROR:cc/tiles/tile_manager.cc:997] WARNING: tile memory limits exceeded, some content may not draw
04-16 20:55:03.519 E/chromium(27036): [ERROR:cc/tiles/tile_manager.cc:997] WARNING: tile memory limits exceeded, some content may not draw
04-16 20:55:04.776 E/CIRISApiClient(16714): [getMessages] Exception: UnknownHostException: Unable to resolve host "localhost": No address associated with hostname | Context: limit=50, is401=false, tokenPresent=true, tokenPreview=ciris_ad...pyiw
04-16 20:55:04.778 W/InteractViewModel(16714): [fetchHistory] Non-auth error: UnknownHostException: Unable to resolve host "localhost": No address associated with hostname
04-16 20:55:04.784 E/CIRISApiClient(16714): [getAuditEntries] Exception: UnknownHostException: Unable to resolve host "localhost": No address associated with hostname
04-16 20:55:05.831 D/EnvFileUpdater(16714): Found CIRIS_HOME from env: /data/user/0/ai.ciris.mobile/files/ciris
04-16 20:55:05.834 E/chromium(27036): [ERROR:cc/tiles/tile_manager.cc:997] WARNING: tile memory limits exceeded, some content may not draw
04-16 20:55:05.838 E/chromium(27036): [ERROR:cc/tiles/tile_manager.cc:997] WARNING: tile memory limits exceeded, some content may not draw
04-16 20:55:05.844 E/chromium(27036): [ERROR:cc/tiles/tile_manager.cc:997] WARNING: tile memory limits exceeded, some content may not draw
04-16 20:55:05.845 E/chromium(27036): [ERROR:cc/tiles/tile_manager.cc:997] WARNING: tile memory limits exceeded, some content may not draw
04-16 20:55:05.857 E/chromium(27036): [ERROR:cc/tiles/tile_manager.cc:997] WARNING: tile memory limits exceeded, some content may not draw
04-16 20:55:05.858 E/chromium(27036): [ERROR:cc/tiles/tile_manager.cc:997] WARNING: tile memory limits exceeded, some content may not draw
04-16 20:55:05.867 E/chromium(27036): [ERROR:cc/tiles/tile_manager.cc:997] WARNING: tile memory limits exceeded, some content may not draw
04-16 20:55:05.874 E/chromium(27036): [ERROR:cc/tiles/tile_manager.cc:997] WARNING: tile memory limits exceeded, some content may not draw
04-16 20:55:05.874 E/chromium(27036): [ERROR:cc/tiles/tile_manager.cc:997] WARNING: tile memory limits exceeded, some content may not draw
04-16 20:55:05.874 E/chromium(27036): [ERROR:cc/tiles/tile_manager.cc:997] WARNING: tile memory limits exceeded, some content may not draw
04-16 20:55:05.875 E/chromium(27036): [ERROR:cc/tiles/tile_manager.cc:997] WARNING: tile memory limits exceeded, some content may not draw
04-16 20:55:05.890 E/chromium(27036): [ERROR:cc/tiles/tile_manager.cc:997] WARNING: tile memory limits exceeded, some content may not draw
04-16 20:55:05.891 E/chromium(27036): [ERROR:cc/tiles/tile_manager.cc:997] WARNING: tile memory limits exceeded, some content may not draw
04-16 20:55:05.891 E/chromium(27036): [ERROR:cc/tiles/tile_manager.cc:997] WARNING: tile memory limits exceeded, some content may not draw
04-16 20:55:05.907 E/chromium(27036): [ERROR:cc/tiles/tile_manager.cc:997] WARNING: tile memory limits exceeded, some content may not draw
04-16 20:55:05.907 E/chromium(27036): [ERROR:cc/tiles/tile_manager.cc:997] WARNING: tile memory limits exceeded, some content may not draw
04-16 20:55:05.908 E/chromium(27036): [ERROR:cc/tiles/tile_manager.cc:997] WARNING: tile memory limits exceeded, some content may not draw
04-16 20:55:05.908 E/chromium(27036): [ERROR:cc/tiles/tile_manager.cc:997] WARNING: tile memory limits exceeded, some content may not draw
04-16 20:55:05.924 E/chromium(27036): [ERROR:cc/tiles/tile_manager.cc:997] WARNING: tile memory limits exceeded, some content may not draw
04-16 20:55:05.924 E/chromium(27036): [ERROR:cc/tiles/tile_manager.cc:997] WARNING: tile memory limits exceeded, some content may not draw
04-16 20:55:05.943 E/chromium(27036): [ERROR:cc/tiles/tile_manager.cc:997] WARNING: tile memory limits exceeded, some content may not draw
04-16 20:55:05.943 E/chromium(27036): [ERROR:cc/tiles/tile_manager.cc:997] WARNING: tile memory limits exceeded, some content may not draw
04-16 20:55:06.171 E/CIRISApiClient(16714): [getSystemStatus] Exception: UnknownHostException: Unable to resolve host "localhost": No address associated with hostname | Context: url=http://localhost:8080
04-16 20:55:07.395 E/chromium(27036): [ERROR:cc/tiles/tile_manager.cc:997] WARNING: tile memory limits exceeded, some content may not draw
04-16 20:55:07.396 E/chromium(27036): [ERROR:cc/tiles/tile_manager.cc:997] WARNING: tile memory limits exceeded, some content may not draw
04-16 20:55:07.411 E/chromium(27036): [ERROR:cc/tiles/tile_manager.cc:997] WARNING: tile memory limits exceeded, some content may not draw
04-16 20:55:07.411 E/chromium(27036): [ERROR:cc/tiles/tile_manager.cc:997] WARNING: tile memory limits exceeded, some content may not draw
04-16 20:55:07.421 E/chromium(27036): [ERROR:cc/tiles/tile_manager.cc:997] WARNING: tile memory limits exceeded, some content may not draw
04-16 20:55:07.422 E/chromium(27036): [ERROR:cc/tiles/tile_manager.cc:997] WARNING: tile memory limits exceeded, some content may not draw
04-16 20:55:07.430 E/chromium(27036): [ERROR:cc/tiles/tile_manager.cc:997] WARNING: tile memory limits exceeded, some content may not draw
04-16 20:55:07.431 E/chromium(27036): [ERROR:cc/tiles/tile_manager.cc:997] WARNING: tile memory limits exceeded, some content may not draw
04-16 20:55:07.438 E/chromium(27036): [ERROR:cc/tiles/tile_manager.cc:997] WARNING: tile memory limits exceeded, some content may not draw
04-16 20:55:07.438 E/chromium(27036): [ERROR:cc/tiles/tile_manager.cc:997] WARNING: tile memory limits exceeded, some content may not draw
04-16 20:55:07.438 E/chromium(27036): [ERROR:cc/tiles/tile_manager.cc:997] WARNING: tile memory limits exceeded, some content may not draw
04-16 20:55:07.455 E/chromium(27036): [ERROR:cc/tiles/tile_manager.cc:997] WARNING: tile memory limits exceeded, some content may not draw
04-16 20:55:07.455 E/chromium(27036): [ERROR:cc/tiles/tile_manager.cc:997] WARNING: tile memory limits exceeded, some content may not draw
04-16 20:55:07.456 E/chromium(27036): [ERROR:cc/tiles/tile_manager.cc:997] WARNING: tile memory limits exceeded, some content may not draw
04-16 20:55:07.472 E/chromium(27036): [ERROR:cc/tiles/tile_manager.cc:997] WARNING: tile memory limits exceeded, some content may not draw
04-16 20:55:07.474 E/chromium(27036): [ERROR:cc/tiles/tile_manager.cc:997] WARNING: tile memory limits exceeded, some content may not draw
04-16 20:55:07.492 E/chromium(27036): [ERROR:cc/tiles/tile_manager.cc:997] WARNING: tile memory limits exceeded, some content may not draw
04-16 20:55:07.492 E/chromium(27036): [ERROR:cc/tiles/tile_manager.cc:997] WARNING: tile memory limits exceeded, some content may not draw
04-16 20:55:07.799 E/CIRISApiClient(16714): [getMessages] Exception: UnknownHostException: Unable to resolve host "localhost": No address associated with hostname | Context: limit=50, is401=false, tokenPresent=true, tokenPreview=ciris_ad...pyiw
04-16 20:55:07.801 W/InteractViewModel(16714): [fetchHistory] Non-auth error: UnknownHostException: Unable to resolve host "localhost": No address associated with hostname
04-16 20:55:07.809 E/CIRISApiClient(16714): [getAuditEntries] Exception: UnknownHostException: Unable to resolve host "localhost": No address associated with hostname
04-16 20:55:07.988 E/CIRISApiClient(16714): [getSystemStatus] Exception: UnknownHostException: Unable to resolve host "localhost": No address associated with hostname | Context: url=http://localhost:8080
04-16 20:55:09.346 E/chromium(27036): [ERROR:cc/tiles/tile_manager.cc:997] WARNING: tile memory limits exceeded, some content may not draw
04-16 20:55:09.347 E/chromium(27036): [ERROR:cc/tiles/tile_manager.cc:997] WARNING: tile memory limits exceeded, some content may not draw
04-16 20:55:09.355 E/chromium(27036): [ERROR:cc/tiles/tile_manager.cc:997] WARNING: tile memory limits exceeded, some content may not draw
04-16 20:55:09.357 E/chromium(27036): [ERROR:cc/tiles/tile_manager.cc:997] WARNING: tile memory limits exceeded, some content may not draw
04-16 20:55:09.369 E/chromium(27036): [ERROR:cc/tiles/tile_manager.cc:997] WARNING: tile memory limits exceeded, some content may not draw
04-16 20:55:09.371 E/chromium(27036): [ERROR:cc/tiles/tile_manager.cc:997] WARNING: tile memory limits exceeded, some content may not draw
04-16 20:55:09.381 E/chromium(27036): [ERROR:cc/tiles/tile_manager.cc:997] WARNING: tile memory limits exceeded, some content may not draw
04-16 20:55:09.382 E/chromium(27036): [ERROR:cc/tiles/tile_manager.cc:997] WARNING: tile memory limits exceeded, some content may not draw
04-16 20:55:09.390 E/chromium(27036): [ERROR:cc/tiles/tile_manager.cc:997] WARNING: tile memory limits exceeded, some content may not draw
04-16 20:55:09.390 E/chromium(27036): [ERROR:cc/tiles/tile_manager.cc:997] WARNING: tile memory limits exceeded, some content may not draw
04-16 20:55:09.401 E/chromium(27036): [ERROR:cc/tiles/tile_manager.cc:997] WARNING: tile memory limits exceeded, some content may not draw
04-16 20:55:09.402 E/chromium(27036): [ERROR:cc/tiles/tile_manager.cc:997] WARNING: tile memory limits exceeded, some content may not draw
