04-15 21:36:16.853 E/CIRISApiClient( 6602): [getSystemStatus] Exception: UnknownHostException: Unable to resolve host "localhost": No address associated with hostname | Context: url=http://localhost:8080
04-15 21:36:17.083 E/CIRISApiClient( 6602): [getSystemStatus] Exception: UnknownHostException: Unable to resolve host "localhost": No address associated with hostname | Context: url=http://localhost:8080
04-15 21:36:17.306 E/CIRISApiClient( 6602): [getSystemStatus] Exception: UnknownHostException: Unable to resolve host "localhost": No address associated with hostname | Context: url=http://localhost:8080
04-15 21:36:17.529 E/CIRISApiClient( 6602): [getSystemStatus] Exception: UnknownHostException: Unable to resolve host "localhost": No address associated with hostname | Context: url=http://localhost:8080
04-15 21:36:17.758 E/CIRISApiClient( 6602): [getSystemStatus] Exception: UnknownHostException: Unable to resolve host "localhost": No address associated with hostname | Context: url=http://localhost:8080
04-15 21:36:17.984 E/CIRISApiClient( 6602): [getSystemStatus] Exception: UnknownHostException: Unable to resolve host "localhost": No address associated with hostname | Context: url=http://localhost:8080
04-15 21:36:18.208 E/CIRISApiClient( 6602): [getSystemStatus] Exception: UnknownHostException: Unable to resolve host "localhost": No address associated with hostname | Context: url=http://localhost:8080
04-15 21:36:18.430 E/CIRISApiClient( 6602): [getSystemStatus] Exception: UnknownHostException: Unable to resolve host "localhost": No address associated with hostname | Context: url=http://localhost:8080
04-15 21:36:18.661 E/CIRISApiClient( 6602): [getSystemStatus] Exception: UnknownHostException: Unable to resolve host "localhost": No address associated with hostname | Context: url=http://localhost:8080
04-15 21:36:18.880 E/CIRISApiClient( 6602): [getSystemStatus] Exception: UnknownHostException: Unable to resolve host "localhost": No address associated with hostname | Context: url=http://localhost:8080
04-15 21:36:19.000 E/CIRISApiClient( 6602): [getMessages] Exception: UnknownHostException: Unable to resolve host "localhost": No address associated with hostname | Context: limit=50, is401=false, tokenPresent=true, tokenPreview=ciris_ad...2voM
04-15 21:36:19.004 W/InteractViewModel( 6602): [fetchHistory] Non-auth error: UnknownHostException: Unable to resolve host "localhost": No address associated with hostname
04-15 21:36:19.019 E/CIRISApiClient( 6602): [getAuditEntries] Exception: UnknownHostException: Unable to resolve host "localhost": No address associated with hostname
04-15 21:36:19.107 E/CIRISApiClient( 6602): [getSystemStatus] Exception: UnknownHostException: Unable to resolve host "localhost": No address associated with hostname | Context: url=http://localhost:8080
04-15 21:36:19.329 E/CIRISApiClient( 6602): [getSystemStatus] Exception: UnknownHostException: Unable to resolve host "localhost": No address associated with hostname | Context: url=http://localhost:8080
04-15 21:36:19.550 E/CIRISApiClient( 6602): [getSystemStatus] Exception: UnknownHostException: Unable to resolve host "localhost": No address associated with hostname | Context: url=http://localhost:8080
04-15 21:36:19.779 E/CIRISApiClient( 6602): [getSystemStatus] Exception: UnknownHostException: Unable to resolve host "localhost": No address associated with hostname | Context: url=http://localhost:8080
04-15 21:36:20.000 E/CIRISApiClient( 6602): [getSystemStatus] Exception: UnknownHostException: Unable to resolve host "localhost": No address associated with hostname | Context: url=http://localhost:8080
04-15 21:36:20.216 E/CIRISApiClient( 6602): [getSystemStatus] Exception: UnknownHostException: Unable to resolve host "localhost": No address associated with hostname | Context: url=http://localhost:8080
04-15 21:36:20.224 E/CIRISApiClient( 6602): [getSystemStatus] Exception: UnknownHostException: Unable to resolve host "localhost": No address associated with hostname | Context: url=http://localhost:8080
04-15 21:36:20.444 E/CIRISApiClient( 6602): [getSystemStatus] Exception: UnknownHostException: Unable to resolve host "localhost": No address associated with hostname | Context: url=http://localhost:8080
04-15 21:36:20.667 E/CIRISApiClient( 6602): [getSystemStatus] Exception: UnknownHostException: Unable to resolve host "localhost": No address associated with hostname | Context: url=http://localhost:8080
04-15 21:36:20.889 E/CIRISApiClient( 6602): [getSystemStatus] Exception: UnknownHostException: Unable to resolve host "localhost": No address associated with hostname | Context: url=http://localhost:8080
04-15 21:36:21.113 E/CIRISApiClient( 6602): [getSystemStatus] Exception: UnknownHostException: Unable to resolve host "localhost": No address associated with hostname | Context: url=http://localhost:8080
04-15 21:36:21.337 E/CIRISApiClient( 6602): [getSystemStatus] Exception: UnknownHostException: Unable to resolve host "localhost": No address associated with hostname | Context: url=http://localhost:8080
04-15 21:36:21.568 E/CIRISApiClient( 6602): [getSystemStatus] Exception: UnknownHostException: Unable to resolve host "localhost": No address associated with hostname | Context: url=http://localhost:8080
04-15 21:36:21.794 E/CIRISApiClient( 6602): [getSystemStatus] Exception: UnknownHostException: Unable to resolve host "localhost": No address associated with hostname | Context: url=http://localhost:8080
04-15 21:36:22.017 E/CIRISApiClient( 6602): [getSystemStatus] Exception: UnknownHostException: Unable to resolve host "localhost": No address associated with hostname | Context: url=http://localhost:8080
04-15 21:36:22.038 E/CIRISApiClient( 6602): [getMessages] Exception: UnknownHostException: Unable to resolve host "localhost": No address associated with hostname | Context: limit=50, is401=false, tokenPresent=true, tokenPreview=ciris_ad...2voM
04-15 21:36:22.042 W/InteractViewModel( 6602): [fetchHistory] Non-auth error: UnknownHostException: Unable to resolve host "localhost": No address associated with hostname
04-15 21:36:22.060 E/CIRISApiClient( 6602): [getAuditEntries] Exception: UnknownHostException: Unable to resolve host "localhost": No address associated with hostname
04-15 21:36:22.237 E/CIRISApiClient( 6602): [getSystemStatus] Exception: UnknownHostException: Unable to resolve host "localhost": No address associated with hostname | Context: url=http://localhost:8080
04-15 21:36:22.457 E/CIRISApiClient( 6602): [getSystemStatus] Exception: UnknownHostException: Unable to resolve host "localhost": No address associated with hostname | Context: url=http://localhost:8080
04-15 21:36:22.678 E/CIRISApiClient( 6602): [getSystemStatus] Exception: UnknownHostException: Unable to resolve host "localhost": No address associated with hostname | Context: url=http://localhost:8080
04-15 21:36:22.900 E/CIRISApiClient( 6602): [getSystemStatus] Exception: UnknownHostException: Unable to resolve host "localhost": No address associated with hostname | Context: url=http://localhost:8080
04-15 21:36:23.120 E/CIRISApiClient( 6602): [getSystemStatus] Exception: UnknownHostException: Unable to resolve host "localhost": No address associated with hostname | Context: url=http://localhost:8080
04-15 21:36:23.340 E/CIRISApiClient( 6602): [getSystemStatus] Exception: UnknownHostException: Unable to resolve host "localhost": No address associated with hostname | Context: url=http://localhost:8080
04-15 21:36:23.561 E/CIRISApiClient( 6602): [getSystemStatus] Exception: UnknownHostException: Unable to resolve host "localhost": No address associated with hostname | Context: url=http://localhost:8080
04-15 21:36:23.583 D/EnvFileUpdater( 6602): Found CIRIS_HOME from env: /data/user/0/ai.ciris.mobile.debug/files/ciris
04-15 21:36:23.781 E/CIRISApiClient( 6602): [getSystemStatus] Exception: UnknownHostException: Unable to resolve host "localhost": No address associated with hostname | Context: url=http://localhost:8080
04-15 21:36:24.011 E/CIRISApiClient( 6602): [getSystemStatus] Exception: UnknownHostException: Unable to resolve host "localhost": No address associated with hostname | Context: url=http://localhost:8080
04-15 21:36:24.233 E/CIRISApiClient( 6602): [getSystemStatus] Exception: UnknownHostException: Unable to resolve host "localhost": No address associated with hostname | Context: url=http://localhost:8080
04-15 21:36:24.456 E/CIRISApiClient( 6602): [getSystemStatus] Exception: UnknownHostException: Unable to resolve host "localhost": No address associated with hostname | Context: url=http://localhost:8080
04-15 21:36:24.680 E/CIRISApiClient( 6602): [getSystemStatus] Exception: UnknownHostException: Unable to resolve host "localhost": No address associated with hostname | Context: url=http://localhost:8080
04-15 21:36:24.909 E/CIRISApiClient( 6602): [getSystemStatus] Exception: UnknownHostException: Unable to resolve host "localhost": No address associated with hostname | Context: url=http://localhost:8080
04-15 21:36:25.081 E/CIRISApiClient( 6602): [getMessages] Exception: UnknownHostException: Unable to resolve host "localhost": No address associated with hostname | Context: limit=50, is401=false, tokenPresent=true, tokenPreview=ciris_ad...2voM
04-15 21:36:25.085 W/InteractViewModel( 6602): [fetchHistory] Non-auth error: UnknownHostException: Unable to resolve host "localhost": No address associated with hostname
04-15 21:36:25.100 E/CIRISApiClient( 6602): [getAuditEntries] Exception: UnknownHostException: Unable to resolve host "localhost": No address associated with hostname
04-15 21:36:25.133 E/CIRISApiClient( 6602): [getSystemStatus] Exception: UnknownHostException: Unable to resolve host "localhost": No address associated with hostname | Context: url=http://localhost:8080
04-15 21:36:25.242 E/CIRISApiClient( 6602): [getSystemStatus] Exception: UnknownHostException: Unable to resolve host "localhost": No address associated with hostname | Context: url=http://localhost:8080
04-15 21:36:25.353 E/CIRISApiClient( 6602): [getSystemStatus] Exception: UnknownHostException: Unable to resolve host "localhost": No address associated with hostname | Context: url=http://localhost:8080
04-15 21:36:25.583 E/CIRISApiClient( 6602): [getSystemStatus] Exception: UnknownHostException: Unable to resolve host "localhost": No address associated with hostname | Context: url=http://localhost:8080
04-15 21:36:25.799 E/CIRISApiClient( 6602): [getSystemStatus] Exception: UnknownHostException: Unable to resolve host "localhost": No address associated with hostname | Context: url=http://localhost:8080
04-15 21:36:26.018 E/CIRISApiClient( 6602): [getSystemStatus] Exception: UnknownHostException: Unable to resolve host "localhost": No address associated with hostname | Context: url=http://localhost:8080
04-15 21:36:26.237 E/CIRISApiClient( 6602): [getSystemStatus] Exception: UnknownHostException: Unable to resolve host "localhost": No address associated with hostname | Context: url=http://localhost:8080
04-15 21:36:26.467 E/CIRISApiClient( 6602): [getSystemStatus] Exception: UnknownHostException: Unable to resolve host "localhost": No address associated with hostname | Context: url=http://localhost:8080
04-15 21:36:26.688 E/CIRISApiClient( 6602): [getSystemStatus] Exception: UnknownHostException: Unable to resolve host "localhost": No address associated with hostname | Context: url=http://localhost:8080
04-15 21:36:26.912 E/CIRISApiClient( 6602): [getSystemStatus] Exception: UnknownHostException: Unable to resolve host "localhost": No address associated with hostname | Context: url=http://localhost:8080
04-15 21:36:27.137 E/CIRISApiClient( 6602): [getSystemStatus] Exception: UnknownHostException: Unable to resolve host "localhost": No address associated with hostname | Context: url=http://localhost:8080
04-15 21:36:27.357 E/CIRISApiClient( 6602): [getSystemStatus] Exception: UnknownHostException: Unable to resolve host "localhost": No address associated with hostname | Context: url=http://localhost:8080
04-15 21:36:27.583 E/CIRISApiClient( 6602): [getSystemStatus] Exception: UnknownHostException: Unable to resolve host "localhost": No address associated with hostname | Context: url=http://localhost:8080
04-15 21:36:27.808 E/CIRISApiClient( 6602): [getSystemStatus] Exception: UnknownHostException: Unable to resolve host "localhost": No address associated with hostname | Context: url=http://localhost:8080
04-15 21:36:28.031 E/CIRISApiClient( 6602): [getSystemStatus] Exception: UnknownHostException: Unable to resolve host "localhost": No address associated with hostname | Context: url=http://localhost:8080
04-15 21:36:28.116 E/CIRISApiClient( 6602): [getMessages] Exception: UnknownHostException: Unable to resolve host "localhost": No address associated with hostname | Context: limit=50, is401=false, tokenPresent=true, tokenPreview=ciris_ad...2voM
04-15 21:36:28.120 W/InteractViewModel( 6602): [fetchHistory] Non-auth error: UnknownHostException: Unable to resolve host "localhost": No address associated with hostname
04-15 21:36:28.134 E/CIRISApiClient( 6602): [getAuditEntries] Exception: UnknownHostException: Unable to resolve host "localhost": No address associated with hostname
04-15 21:36:28.262 E/CIRISApiClient( 6602): [getSystemStatus] Exception: UnknownHostException: Unable to resolve host "localhost": No address associated with hostname | Context: url=http://localhost:8080
04-15 21:36:28.497 E/CIRISApiClient( 6602): [getSystemStatus] Exception: UnknownHostException: Unable to resolve host "localhost": No address associated with hostname | Context: url=http://localhost:8080
04-15 21:36:28.728 E/CIRISApiClient( 6602): [getSystemStatus] Exception: UnknownHostException: Unable to resolve host "localhost": No address associated with hostname | Context: url=http://localhost:8080
04-15 21:36:28.949 E/CIRISApiClient( 6602): [getSystemStatus] Exception: UnknownHostException: Unable to resolve host "localhost": No address associated with hostname | Context: url=http://localhost:8080
04-15 21:36:29.176 E/CIRISApiClient( 6602): [getSystemStatus] Exception: UnknownHostException: Unable to resolve host "localhost": No address associated with hostname | Context: url=http://localhost:8080
04-15 21:36:29.411 E/CIRISApiClient( 6602): [getSystemStatus] Exception: UnknownHostException: Unable to resolve host "localhost": No address associated with hostname | Context: url=http://localhost:8080
04-15 21:36:29.633 E/CIRISApiClient( 6602): [getSystemStatus] Exception: UnknownHostException: Unable to resolve host "localhost": No address associated with hostname | Context: url=http://localhost:8080
04-15 21:36:29.862 E/CIRISApiClient( 6602): [getSystemStatus] Exception: UnknownHostException: Unable to resolve host "localhost": No address associated with hostname | Context: url=http://localhost:8080
04-15 21:36:30.103 E/CIRISApiClient( 6602): [getSystemStatus] Exception: UnknownHostException: Unable to resolve host "localhost": No address associated with hostname | Context: url=http://localhost:8080
04-15 21:36:30.279 E/CIRISApiClient( 6602): [getSystemStatus] Exception: UnknownHostException: Unable to resolve host "localhost": No address associated with hostname | Context: url=http://localhost:8080
04-15 21:36:30.332 E/CIRISApiClient( 6602): [getSystemStatus] Exception: UnknownHostException: Unable to resolve host "localhost": No address associated with hostname | Context: url=http://localhost:8080
04-15 21:36:30.557 E/CIRISApiClient( 6602): [getSystemStatus] Exception: UnknownHostException: Unable to resolve host "localhost": No address associated with hostname | Context: url=http://localhost:8080
04-15 21:36:30.787 E/CIRISApiClient( 6602): [getSystemStatus] Exception: UnknownHostException: Unable to resolve host "localhost": No address associated with hostname | Context: url=http://localhost:8080
04-15 21:36:31.017 E/CIRISApiClient( 6602): [getSystemStatus] Exception: UnknownHostException: Unable to resolve host "localhost": No address associated with hostname | Context: url=http://localhost:8080
04-15 21:36:31.167 E/CIRISApiClient( 6602): [getMessages] Exception: UnknownHostException: Unable to resolve host "localhost": No address associated with hostname | Context: limit=50, is401=false, tokenPresent=true, tokenPreview=ciris_ad...2voM
04-15 21:36:31.172 W/InteractViewModel( 6602): [fetchHistory] Non-auth error: UnknownHostException: Unable to resolve host "localhost": No address associated with hostname
04-15 21:36:31.190 E/CIRISApiClient( 6602): [getAuditEntries] Exception: UnknownHostException: Unable to resolve host "localhost": No address associated with hostname
04-15 21:36:31.258 E/CIRISApiClient( 6602): [getSystemStatus] Exception: UnknownHostException: Unable to resolve host "localhost": No address associated with hostname | Context: url=http://localhost:8080
04-15 21:36:31.492 E/CIRISApiClient( 6602): [getSystemStatus] Exception: UnknownHostException: Unable to resolve host "localhost": No address associated with hostname | Context: url=http://localhost:8080
04-15 21:36:31.729 E/CIRISApiClient( 6602): [getSystemStatus] Exception: UnknownHostException: Unable to resolve host "localhost": No address associated with hostname | Context: url=http://localhost:8080
04-15 21:36:31.965 E/CIRISApiClient( 6602): [getSystemStatus] Exception: UnknownHostException: Unable to resolve host "localhost": No address associated with hostname | Context: url=http://localhost:8080
04-15 21:36:32.202 E/CIRISApiClient( 6602): [getSystemStatus] Exception: UnknownHostException: Unable to resolve host "localhost": No address associated with hostname | Context: url=http://localhost:8080
04-15 21:36:32.439 E/CIRISApiClient( 6602): [getSystemStatus] Exception: UnknownHostException: Unable to resolve host "localhost": No address associated with hostname | Context: url=http://localhost:8080
04-15 21:36:32.674 E/CIRISApiClient( 6602): [getSystemStatus] Exception: UnknownHostException: Unable to resolve host "localhost": No address associated with hostname | Context: url=http://localhost:8080
04-15 21:36:32.914 E/CIRISApiClient( 6602): [getSystemStatus] Exception: UnknownHostException: Unable to resolve host "localhost": No address associated with hostname | Context: url=http://localhost:8080
04-15 21:36:33.144 E/CIRISApiClient( 6602): [getSystemStatus] Exception: UnknownHostException: Unable to resolve host "localhost": No address associated with hostname | Context: url=http://localhost:8080
04-15 21:36:33.381 E/CIRISApiClient( 6602): [getSystemStatus] Exception: UnknownHostException: Unable to resolve host "localhost": No address associated with hostname | Context: url=http://localhost:8080
04-15 21:36:33.589 D/EnvFileUpdater( 6602): Found CIRIS_HOME from env: /data/user/0/ai.ciris.mobile.debug/files/ciris
04-15 21:36:33.614 E/CIRISApiClient( 6602): [getSystemStatus] Exception: UnknownHostException: Unable to resolve host "localhost": No address associated with hostname | Context: url=http://localhost:8080
04-15 21:36:33.849 E/CIRISApiClient( 6602): [getSystemStatus] Exception: UnknownHostException: Unable to resolve host "localhost": No address associated with hostname | Context: url=http://localhost:8080
04-15 21:36:34.076 E/CIRISApiClient( 6602): [getSystemStatus] Exception: UnknownHostException: Unable to resolve host "localhost": No address associated with hostname | Context: url=http://localhost:8080
04-15 21:36:34.227 E/CIRISApiClient( 6602): [getMessages] Exception: UnknownHostException: Unable to resolve host "localhost": No address associated with hostname | Context: limit=50, is401=false, tokenPresent=true, tokenPreview=ciris_ad...2voM
04-15 21:36:34.235 W/InteractViewModel( 6602): [fetchHistory] Non-auth error: UnknownHostException: Unable to resolve host "localhost": No address associated with hostname
04-15 21:36:34.253 E/CIRISApiClient( 6602): [getAuditEntries] Exception: UnknownHostException: Unable to resolve host "localhost": No address associated with hostname
04-15 21:36:34.307 E/CIRISApiClient( 6602): [getSystemStatus] Exception: UnknownHostException: Unable to resolve host "localhost": No address associated with hostname | Context: url=http://localhost:8080
04-15 21:36:34.536 E/CIRISApiClient( 6602): [getSystemStatus] Exception: UnknownHostException: Unable to resolve host "localhost": No address associated with hostname | Context: url=http://localhost:8080
04-15 21:36:34.776 E/CIRISApiClient( 6602): [getSystemStatus] Exception: UnknownHostException: Unable to resolve host "localhost": No address associated with hostname | Context: url=http://localhost:8080
04-15 21:36:34.997 E/CIRISApiClient( 6602): [getSystemStatus] Exception: UnknownHostException: Unable to resolve host "localhost": No address associated with hostname | Context: url=http://localhost:8080
04-15 21:36:35.214 E/CIRISApiClient( 6602): [getSystemStatus] Exception: UnknownHostException: Unable to resolve host "localhost": No address associated with hostname | Context: url=http://localhost:8080
04-15 21:36:35.317 E/CIRISApiClient( 6602): [getSystemStatus] Exception: UnknownHostException: Unable to resolve host "localhost": No address associated with hostname | Context: url=http://localhost:8080
04-15 21:36:35.436 E/CIRISApiClient( 6602): [getSystemStatus] Exception: UnknownHostException: Unable to resolve host "localhost": No address associated with hostname | Context: url=http://localhost:8080
04-15 21:36:35.671 E/CIRISApiClient( 6602): [getSystemStatus] Exception: UnknownHostException: Unable to resolve host "localhost": No address associated with hostname | Context: url=http://localhost:8080
04-15 21:36:35.905 E/CIRISApiClient( 6602): [getSystemStatus] Exception: UnknownHostException: Unable to resolve host "localhost": No address associated with hostname | Context: url=http://localhost:8080
04-15 21:36:36.139 E/CIRISApiClient( 6602): [getSystemStatus] Exception: UnknownHostException: Unable to resolve host "localhost": No address associated with hostname | Context: url=http://localhost:8080
04-15 21:36:36.380 E/CIRISApiClient( 6602): [getSystemStatus] Exception: UnknownHostException: Unable to resolve host "localhost": No address associated with hostname | Context: url=http://localhost:8080
04-15 21:36:36.617 E/CIRISApiClient( 6602): [getSystemStatus] Exception: UnknownHostException: Unable to resolve host "localhost": No address associated with hostname | Context: url=http://localhost:8080
04-15 21:36:36.831 E/CIRISApiClient( 6602): [getLlmConfig] Exception: UnknownHostException: Unable to resolve host "localhost": No address associated with hostname
04-15 21:36:36.835 W/InteractViewModel( 6602): [fetchHealthData] Failed to fetch LLM config from API: Unable to resolve host "localhost": No address associated with hostname
04-15 21:36:36.844 E/CIRISApiClient( 6602): [getSystemStatus] Exception: UnknownHostException: Unable to resolve host "localhost": No address associated with hostname | Context: url=http://localhost:8080
04-15 21:36:36.848 E/CIRISApiClient( 6602): [getVerifyStatus] Exception: UnknownHostException: Unable to resolve host "localhost": No address associated with hostname
04-15 21:36:36.850 I/CIRISApiClient( 6602): [getWAStatus] Fetching WA status
04-15 21:36:36.859 E/CIRISApiClient( 6602): [getWAStatus] Exception: UnknownHostException: Unable to resolve host "localhost": No address associated with hostname
04-15 21:36:36.861 I/CIRISApiClient( 6602): [getSystemHealth] Fetching system health
04-15 21:36:36.870 E/CIRISApiClient( 6602): [getSystemHealth] Exception: UnknownHostException: Unable to resolve host "localhost": No address associated with hostname
04-15 21:36:37.075 E/CIRISApiClient( 6602): [getSystemStatus] Exception: UnknownHostException: Unable to resolve host "localhost": No address associated with hostname | Context: url=http://localhost:8080
04-15 21:36:37.278 E/CIRISApiClient( 6602): [getMessages] Exception: UnknownHostException: Unable to resolve host "localhost": No address associated with hostname | Context: limit=50, is401=false, tokenPresent=true, tokenPreview=ciris_ad...2voM
04-15 21:36:37.282 W/InteractViewModel( 6602): [fetchHistory] Non-auth error: UnknownHostException: Unable to resolve host "localhost": No address associated with hostname
04-15 21:36:37.296 E/CIRISApiClient( 6602): [getAuditEntries] Exception: UnknownHostException: Unable to resolve host "localhost": No address associated with hostname
04-15 21:36:37.299 E/CIRISApiClient( 6602): [getSystemStatus] Exception: UnknownHostException: Unable to resolve host "localhost": No address associated with hostname | Context: url=http://localhost:8080
04-15 21:36:37.523 E/CIRISApiClient( 6602): [getSystemStatus] Exception: UnknownHostException: Unable to resolve host "localhost": No address associated with hostname | Context: url=http://localhost:8080
04-15 21:36:37.758 E/CIRISApiClient( 6602): [getSystemStatus] Exception: UnknownHostException: Unable to resolve host "localhost": No address associated with hostname | Context: url=http://localhost:8080
04-15 21:36:37.993 E/CIRISApiClient( 6602): [getSystemStatus] Exception: UnknownHostException: Unable to resolve host "localhost": No address associated with hostname | Context: url=http://localhost:8080
04-15 21:36:38.227 E/CIRISApiClient( 6602): [getSystemStatus] Exception: UnknownHostException: Unable to resolve host "localhost": No address associated with hostname | Context: url=http://localhost:8080
04-15 21:36:38.467 E/CIRISApiClient( 6602): [getSystemStatus] Exception: UnknownHostException: Unable to resolve host "localhost": No address associated with hostname | Context: url=http://localhost:8080
04-15 21:36:38.704 E/CIRISApiClient( 6602): [getSystemStatus] Exception: UnknownHostException: Unable to resolve host "localhost": No address associated with hostname | Context: url=http://localhost:8080
04-15 21:36:38.939 E/CIRISApiClient( 6602): [getSystemStatus] Exception: UnknownHostException: Unable to resolve host "localhost": No address associated with hostname | Context: url=http://localhost:8080
04-15 21:36:39.177 E/CIRISApiClient( 6602): [getSystemStatus] Exception: UnknownHostException: Unable to resolve host "localhost": No address associated with hostname | Context: url=http://localhost:8080
04-15 21:36:39.414 E/CIRISApiClient( 6602): [getSystemStatus] Exception: UnknownHostException: Unable to resolve host "localhost": No address associated with hostname | Context: url=http://localhost:8080
04-15 21:36:39.635 E/CIRISApiClient( 6602): [getSystemStatus] Exception: UnknownHostException: Unable to resolve host "localhost": No address associated with hostname | Context: url=http://localhost:8080
04-15 21:36:39.864 E/CIRISApiClient( 6602): [getSystemStatus] Exception: UnknownHostException: Unable to resolve host "localhost": No address associated with hostname | Context: url=http://localhost:8080
04-15 21:36:40.099 E/CIRISApiClient( 6602): [getSystemStatus] Exception: UnknownHostException: Unable to resolve host "localhost": No address associated with hostname | Context: url=http://localhost:8080
04-15 21:36:40.318 E/CIRISApiClient( 6602): [getMessages] Exception: UnknownHostException: Unable to resolve host "localhost": No address associated with hostname | Context: limit=50, is401=false, tokenPresent=true, tokenPreview=ciris_ad...2voM
04-15 21:36:40.321 W/InteractViewModel( 6602): [fetchHistory] Non-auth error: UnknownHostException: Unable to resolve host "localhost": No address associated with hostname
04-15 21:36:40.330 E/CIRISApiClient( 6602): [getSystemStatus] Exception: UnknownHostException: Unable to resolve host "localhost": No address associated with hostname | Context: url=http://localhost:8080
04-15 21:36:40.338 E/CIRISApiClient( 6602): [getAuditEntries] Exception: UnknownHostException: Unable to resolve host "localhost": No address associated with hostname
04-15 21:36:40.343 E/CIRISApiClient( 6602): [getSystemStatus] Exception: UnknownHostException: Unable to resolve host "localhost": No address associated with hostname | Context: url=http://localhost:8080
04-15 21:36:40.550 E/CIRISApiClient( 6602): [getSystemStatus] Exception: UnknownHostException: Unable to resolve host "localhost": No address associated with hostname | Context: url=http://localhost:8080
04-15 21:36:40.782 E/CIRISApiClient( 6602): [getSystemStatus] Exception: UnknownHostException: Unable to resolve host "localhost": No address associated with hostname | Context: url=http://localhost:8080
04-15 21:36:41.013 E/CIRISApiClient( 6602): [getSystemStatus] Exception: UnknownHostException: Unable to resolve host "localhost": No address associated with hostname | Context: url=http://localhost:8080
04-15 21:36:41.254 E/CIRISApiClient( 6602): [getSystemStatus] Exception: UnknownHostException: Unable to resolve host "localhost": No address associated with hostname | Context: url=http://localhost:8080
04-15 21:36:41.488 E/CIRISApiClient( 6602): [getSystemStatus] Exception: UnknownHostException: Unable to resolve host "localhost": No address associated with hostname | Context: url=http://localhost:8080
04-15 21:36:41.724 E/CIRISApiClient( 6602): [getSystemStatus] Exception: UnknownHostException: Unable to resolve host "localhost": No address associated with hostname | Context: url=http://localhost:8080
04-15 21:36:41.961 E/CIRISApiClient( 6602): [getSystemStatus] Exception: UnknownHostException: Unable to resolve host "localhost": No address associated with hostname | Context: url=http://localhost:8080
04-15 21:36:42.200 E/CIRISApiClient( 6602): [getSystemStatus] Exception: UnknownHostException: Unable to resolve host "localhost": No address associated with hostname | Context: url=http://localhost:8080
04-15 21:36:42.430 E/CIRISApiClient( 6602): [getSystemStatus] Exception: UnknownHostException: Unable to resolve host "localhost": No address associated with hostname | Context: url=http://localhost:8080
04-15 21:36:42.668 E/CIRISApiClient( 6602): [getSystemStatus] Exception: UnknownHostException: Unable to resolve host "localhost": No address associated with hostname | Context: url=http://localhost:8080
04-15 21:36:42.902 E/CIRISApiClient( 6602): [getSystemStatus] Exception: UnknownHostException: Unable to resolve host "localhost": No address associated with hostname | Context: url=http://localhost:8080
04-15 21:36:43.137 E/CIRISApiClient( 6602): [getSystemStatus] Exception: UnknownHostException: Unable to resolve host "localhost": No address associated with hostname | Context: url=http://localhost:8080
04-15 21:36:43.364 E/CIRISApiClient( 6602): [getMessages] Exception: UnknownHostException: Unable to resolve host "localhost": No address associated with hostname | Context: limit=50, is401=false, tokenPresent=true, tokenPreview=ciris_ad...2voM
04-15 21:36:43.369 W/InteractViewModel( 6602): [fetchHistory] Non-auth error: UnknownHostException: Unable to resolve host "localhost": No address associated with hostname
04-15 21:36:43.381 E/CIRISApiClient( 6602): [getSystemStatus] Exception: UnknownHostException: Unable to resolve host "localhost": No address associated with hostname | Context: url=http://localhost:8080
04-15 21:36:43.385 E/CIRISApiClient( 6602): [getAuditEntries] Exception: UnknownHostException: Unable to resolve host "localhost": No address associated with hostname
04-15 21:36:43.593 D/EnvFileUpdater( 6602): Found CIRIS_HOME from env: /data/user/0/ai.ciris.mobile.debug/files/ciris
04-15 21:36:43.600 E/CIRISApiClient( 6602): [getSystemStatus] Exception: UnknownHostException: Unable to resolve host "localhost": No address associated with hostname | Context: url=http://localhost:8080
04-15 21:36:43.817 E/CIRISApiClient( 6602): [getSystemStatus] Exception: UnknownHostException: Unable to resolve host "localhost": No address associated with hostname | Context: url=http://localhost:8080
04-15 21:36:44.050 E/CIRISApiClient( 6602): [getSystemStatus] Exception: UnknownHostException: Unable to resolve host "localhost": No address associated with hostname | Context: url=http://localhost:8080
04-15 21:36:44.276 E/CIRISApiClient( 6602): [getSystemStatus] Exception: UnknownHostException: Unable to resolve host "localhost": No address associated with hostname | Context: url=http://localhost:8080
04-15 21:36:44.510 E/CIRISApiClient( 6602): [getSystemStatus] Exception: UnknownHostException: Unable to resolve host "localhost": No address associated with hostname | Context: url=http://localhost:8080
04-15 21:36:44.749 E/CIRISApiClient( 6602): [getSystemStatus] Exception: UnknownHostException: Unable to resolve host "localhost": No address associated with hostname | Context: url=http://localhost:8080
04-15 21:36:44.989 E/CIRISApiClient( 6602): [getSystemStatus] Exception: UnknownHostException: Unable to resolve host "localhost": No address associated with hostname | Context: url=http://localhost:8080
04-15 21:36:45.221 E/CIRISApiClient( 6602): [getSystemStatus] Exception: UnknownHostException: Unable to resolve host "localhost": No address associated with hostname | Context: url=http://localhost:8080
04-15 21:36:45.376 E/CIRISApiClient( 6602): [getSystemStatus] Exception: UnknownHostException: Unable to resolve host "localhost": No address associated with hostname | Context: url=http://localhost:8080
04-15 21:36:45.452 E/CIRISApiClient( 6602): [getSystemStatus] Exception: UnknownHostException: Unable to resolve host "localhost": No address associated with hostname | Context: url=http://localhost:8080
04-15 21:36:45.674 E/CIRISApiClient( 6602): [getSystemStatus] Exception: UnknownHostException: Unable to resolve host "localhost": No address associated with hostname | Context: url=http://localhost:8080
04-15 21:36:45.892 E/CIRISApiClient( 6602): [getSystemStatus] Exception: UnknownHostException: Unable to resolve host "localhost": No address associated with hostname | Context: url=http://localhost:8080
04-15 21:36:46.113 E/CIRISApiClient( 6602): [getSystemStatus] Exception: UnknownHostException: Unable to resolve host "localhost": No address associated with hostname | Context: url=http://localhost:8080
04-15 21:36:46.341 E/CIRISApiClient( 6602): [getSystemStatus] Exception: UnknownHostException: Unable to resolve host "localhost": No address associated with hostname | Context: url=http://localhost:8080
04-15 21:36:46.411 E/CIRISApiClient( 6602): [getMessages] Exception: UnknownHostException: Unable to resolve host "localhost": No address associated with hostname | Context: limit=50, is401=false, tokenPresent=true, tokenPreview=ciris_ad...2voM
04-15 21:36:46.418 W/InteractViewModel( 6602): [fetchHistory] Non-auth error: UnknownHostException: Unable to resolve host "localhost": No address associated with hostname
04-15 21:36:46.439 E/CIRISApiClient( 6602): [getAuditEntries] Exception: UnknownHostException: Unable to resolve host "localhost": No address associated with hostname
04-15 21:36:46.579 E/CIRISApiClient( 6602): [getSystemStatus] Exception: UnknownHostException: Unable to resolve host "localhost": No address associated with hostname | Context: url=http://localhost:8080
04-15 21:36:46.803 E/CIRISApiClient( 6602): [getSystemStatus] Exception: UnknownHostException: Unable to resolve host "localhost": No address associated with hostname | Context: url=http://localhost:8080
04-15 21:36:47.030 E/CIRISApiClient( 6602): [getSystemStatus] Exception: UnknownHostException: Unable to resolve host "localhost": No address associated with hostname | Context: url=http://localhost:8080
04-15 21:36:47.250 E/CIRISApiClient( 6602): [getSystemStatus] Exception: UnknownHostException: Unable to resolve host "localhost": No address associated with hostname | Context: url=http://localhost:8080
04-15 21:36:47.467 E/CIRISApiClient( 6602): [getSystemStatus] Exception: UnknownHostException: Unable to resolve host "localhost": No address associated with hostname | Context: url=http://localhost:8080
04-15 21:36:47.687 E/CIRISApiClient( 6602): [getSystemStatus] Exception: UnknownHostException: Unable to resolve host "localhost": No address associated with hostname | Context: url=http://localhost:8080
04-15 21:36:47.910 E/CIRISApiClient( 6602): [getSystemStatus] Exception: UnknownHostException: Unable to resolve host "localhost": No address associated with hostname | Context: url=http://localhost:8080
04-15 21:36:48.140 E/CIRISApiClient( 6602): [getSystemStatus] Exception: UnknownHostException: Unable to resolve host "localhost": No address associated with hostname | Context: url=http://localhost:8080
04-15 21:36:48.362 E/CIRISApiClient( 6602): [getSystemStatus] Exception: UnknownHostException: Unable to resolve host "localhost": No address associated with hostname | Context: url=http://localhost:8080
04-15 21:36:48.580 E/CIRISApiClient( 6602): [getSystemStatus] Exception: UnknownHostException: Unable to resolve host "localhost": No address associated with hostname | Context: url=http://localhost:8080
04-15 21:36:48.806 E/CIRISApiClient( 6602): [getSystemStatus] Exception: UnknownHostException: Unable to resolve host "localhost": No address associated with hostname | Context: url=http://localhost:8080
04-15 21:36:49.025 E/CIRISApiClient( 6602): [getSystemStatus] Exception: UnknownHostException: Unable to resolve host "localhost": No address associated with hostname | Context: url=http://localhost:8080
04-15 21:36:49.245 E/CIRISApiClient( 6602): [getSystemStatus] Exception: UnknownHostException: Unable to resolve host "localhost": No address associated with hostname | Context: url=http://localhost:8080
04-15 21:36:49.463 E/CIRISApiClient( 6602): [getMessages] Exception: UnknownHostException: Unable to resolve host "localhost": No address associated with hostname | Context: limit=50, is401=false, tokenPresent=true, tokenPreview=ciris_ad...2voM
04-15 21:36:49.467 W/InteractViewModel( 6602): [fetchHistory] Non-auth error: UnknownHostException: Unable to resolve host "localhost": No address associated with hostname
04-15 21:36:49.474 E/CIRISApiClient( 6602): [getSystemStatus] Exception: UnknownHostException: Unable to resolve host "localhost": No address associated with hostname | Context: url=http://localhost:8080
04-15 21:36:49.478 E/CIRISApiClient( 6602): [getAuditEntries] Exception: UnknownHostException: Unable to resolve host "localhost": No address associated with hostname
04-15 21:36:49.695 E/CIRISApiClient( 6602): [getSystemStatus] Exception: UnknownHostException: Unable to resolve host "localhost": No address associated with hostname | Context: url=http://localhost:8080
04-15 21:36:49.918 E/CIRISApiClient( 6602): [getSystemStatus] Exception: UnknownHostException: Unable to resolve host "localhost": No address associated with hostname | Context: url=http://localhost:8080
04-15 21:36:50.142 E/CIRISApiClient( 6602): [getSystemStatus] Exception: UnknownHostException: Unable to resolve host "localhost": No address associated with hostname | Context: url=http://localhost:8080
04-15 21:36:50.369 E/CIRISApiClient( 6602): [getSystemStatus] Exception: UnknownHostException: Unable to resolve host "localhost": No address associated with hostname | Context: url=http://localhost:8080
04-15 21:36:50.407 E/CIRISApiClient( 6602): [getSystemStatus] Exception: UnknownHostException: Unable to resolve host "localhost": No address associated with hostname | Context: url=http://localhost:8080
04-15 21:36:50.589 E/CIRISApiClient( 6602): [getSystemStatus] Exception: UnknownHostException: Unable to resolve host "localhost": No address associated with hostname | Context: url=http://localhost:8080
04-15 21:36:50.807 E/CIRISApiClient( 6602): [getSystemStatus] Exception: UnknownHostException: Unable to resolve host "localhost": No address associated with hostname | Context: url=http://localhost:8080
04-15 21:36:51.024 E/CIRISApiClient( 6602): [getSystemStatus] Exception: UnknownHostException: Unable to resolve host "localhost": No address associated with hostname | Context: url=http://localhost:8080
04-15 21:36:51.241 E/CIRISApiClient( 6602): [getSystemStatus] Exception: UnknownHostException: Unable to resolve host "localhost": No address associated with hostname | Context: url=http://localhost:8080
04-15 21:36:51.462 E/CIRISApiClient( 6602): [getSystemStatus] Exception: UnknownHostException: Unable to resolve host "localhost": No address associated with hostname | Context: url=http://localhost:8080
04-15 21:36:51.686 E/CIRISApiClient( 6602): [getSystemStatus] Exception: UnknownHostException: Unable to resolve host "localhost": No address associated with hostname | Context: url=http://localhost:8080
04-15 21:36:51.908 E/CIRISApiClient( 6602): [getSystemStatus] Exception: UnknownHostException: Unable to resolve host "localhost": No address associated with hostname | Context: url=http://localhost:8080
04-15 21:36:52.130 E/CIRISApiClient( 6602): [getSystemStatus] Exception: UnknownHostException: Unable to resolve host "localhost": No address associated with hostname | Context: url=http://localhost:8080
04-15 21:36:52.353 E/CIRISApiClient( 6602): [getSystemStatus] Exception: UnknownHostException: Unable to resolve host "localhost": No address associated with hostname | Context: url=http://localhost:8080
04-15 21:36:52.499 E/CIRISApiClient( 6602): [getMessages] Exception: UnknownHostException: Unable to resolve host "localhost": No address associated with hostname | Context: limit=50, is401=false, tokenPresent=true, tokenPreview=ciris_ad...2voM
04-15 21:36:52.504 W/InteractViewModel( 6602): [fetchHistory] Non-auth error: UnknownHostException: Unable to resolve host "localhost": No address associated with hostname
04-15 21:36:52.517 E/CIRISApiClient( 6602): [getAuditEntries] Exception: UnknownHostException: Unable to resolve host "localhost": No address associated with hostname
04-15 21:36:52.576 E/CIRISApiClient( 6602): [getSystemStatus] Exception: UnknownHostException: Unable to resolve host "localhost": No address associated with hostname | Context: url=http://localhost:8080
04-15 21:36:52.798 E/CIRISApiClient( 6602): [getSystemStatus] Exception: UnknownHostException: Unable to resolve host "localhost": No address associated with hostname | Context: url=http://localhost:8080
04-15 21:36:53.028 E/CIRISApiClient( 6602): [getSystemStatus] Exception: UnknownHostException: Unable to resolve host "localhost": No address associated with hostname | Context: url=http://localhost:8080
04-15 21:36:53.207 W/chromium( 9707): [WARNING:components/viz/service/frame_sinks/compositor_frame_sink_support.cc:1769] Surface SurfaceId(FrameSinkId(3, 3), LocalSurfaceId(8, 1, B946...)) is destroyed while there is an outstanding CopyOutputRequest specificc for it.
04-15 21:36:53.268 E/CIRISApiClient( 6602): [getSystemStatus] Exception: UnknownHostException: Unable to resolve host "localhost": No address associated with hostname | Context: url=http://localhost:8080
04-15 21:36:53.290 W/chromium( 9541): [WARNING:net/cert/ev_root_ca_metadata.cc:118] Not implemented
04-15 21:36:53.290 W/chromium( 9541): [WARNING:net/cert/ev_root_ca_metadata.cc:118] Not implemented
04-15 21:36:53.304 W/chromium( 9541): [WARNING:net/cert/ev_root_ca_metadata.cc:118] Not implemented
04-15 21:36:53.488 E/CIRISApiClient( 6602): [getSystemStatus] Exception: UnknownHostException: Unable to resolve host "localhost": No address associated with hostname | Context: url=http://localhost:8080
04-15 21:36:53.492 W/chromium( 9541): [WARNING:net/cert/ev_root_ca_metadata.cc:118] Not implemented
04-15 21:36:53.512 W/chromium( 9541): [WARNING:net/cert/ev_root_ca_metadata.cc:118] Not implemented
04-15 21:36:53.591 W/chromium( 9541): [WARNING:net/cert/ev_root_ca_metadata.cc:118] Not implemented
04-15 21:36:53.596 W/chromium( 9541): [WARNING:net/cert/ev_root_ca_metadata.cc:118] Not implemented
04-15 21:36:53.597 D/EnvFileUpdater( 6602): Found CIRIS_HOME from env: /data/user/0/ai.ciris.mobile.debug/files/ciris
04-15 21:36:53.711 E/CIRISApiClient( 6602): [getSystemStatus] Exception: UnknownHostException: Unable to resolve host "localhost": No address associated with hostname | Context: url=http://localhost:8080
04-15 21:36:53.900 W/chromium( 9541): [WARNING:net/cert/ev_root_ca_metadata.cc:118] Not implemented
04-15 21:36:53.938 E/CIRISApiClient( 6602): [getSystemStatus] Exception: UnknownHostException: Unable to resolve host "localhost": No address associated with hostname | Context: url=http://localhost:8080
04-15 21:36:53.971 W/chromium( 9541): [WARNING:net/cert/ev_root_ca_metadata.cc:118] Not implemented
04-15 21:36:53.972 W/chromium( 9541): [WARNING:net/cert/ev_root_ca_metadata.cc:118] Not implemented
04-15 21:36:54.003 W/chromium(12968): [WARNING:content/app/android/content_main_android.cc:82] android_setCpu already initialized
04-15 21:36:54.036 W/chromium( 9541): [WARNING:net/cert/ev_root_ca_metadata.cc:118] Not implemented
04-15 21:36:54.159 E/CIRISApiClient( 6602): [getSystemStatus] Exception: UnknownHostException: Unable to resolve host "localhost": No address associated with hostname | Context: url=http://localhost:8080
04-15 21:36:54.190 W/chromium( 9541): [WARNING:net/cert/ev_root_ca_metadata.cc:118] Not implemented
04-15 21:36:54.232 W/chromium( 9541): [WARNING:net/cert/ev_root_ca_metadata.cc:118] Not implemented
04-15 21:36:54.392 E/CIRISApiClient( 6602): [getSystemStatus] Exception: UnknownHostException: Unable to resolve host "localhost": No address associated with hostname | Context: url=http://localhost:8080
04-15 21:36:54.616 E/CIRISApiClient( 6602): [getSystemStatus] Exception: UnknownHostException: Unable to resolve host "localhost": No address associated with hostname | Context: url=http://localhost:8080
04-15 21:36:54.849 E/CIRISApiClient( 6602): [getSystemStatus] Exception: UnknownHostException: Unable to resolve host "localhost": No address associated with hostname | Context: url=http://localhost:8080
04-15 21:36:55.075 E/CIRISApiClient( 6602): [getSystemStatus] Exception: UnknownHostException: Unable to resolve host "localhost": No address associated with hostname | Context: url=http://localhost:8080
04-15 21:36:55.303 E/CIRISApiClient( 6602): [getSystemStatus] Exception: UnknownHostException: Unable to resolve host "localhost": No address associated with hostname | Context: url=http://localhost:8080
04-15 21:36:55.430 E/CIRISApiClient( 6602): [getSystemStatus] Exception: UnknownHostException: Unable to resolve host "localhost": No address associated with hostname | Context: url=http://localhost:8080
04-15 21:36:55.531 E/CIRISApiClient( 6602): [getSystemStatus] Exception: UnknownHostException: Unable to resolve host "localhost": No address associated with hostname | Context: url=http://localhost:8080
04-15 21:36:55.536 E/CIRISApiClient( 6602): [getMessages] Exception: UnknownHostException: Unable to resolve host "localhost": No address associated with hostname | Context: limit=50, is401=false, tokenPresent=true, tokenPreview=ciris_ad...2voM
04-15 21:36:55.540 W/InteractViewModel( 6602): [fetchHistory] Non-auth error: UnknownHostException: Unable to resolve host "localhost": No address associated with hostname
04-15 21:36:55.553 E/CIRISApiClient( 6602): [getAuditEntries] Exception: UnknownHostException: Unable to resolve host "localhost": No address associated with hostname
04-15 21:36:55.754 E/CIRISApiClient( 6602): [getSystemStatus] Exception: UnknownHostException: Unable to resolve host "localhost": No address associated with hostname | Context: url=http://localhost:8080
04-15 21:36:55.982 E/CIRISApiClient( 6602): [getSystemStatus] Exception: UnknownHostException: Unable to resolve host "localhost": No address associated with hostname | Context: url=http://localhost:8080
04-15 21:36:56.209 E/CIRISApiClient( 6602): [getSystemStatus] Exception: UnknownHostException: Unable to resolve host "localhost": No address associated with hostname | Context: url=http://localhost:8080
04-15 21:36:56.434 E/CIRISApiClient( 6602): [getSystemStatus] Exception: UnknownHostException: Unable to resolve host "localhost": No address associated with hostname | Context: url=http://localhost:8080
04-15 21:36:56.654 E/CIRISApiClient( 6602): [getSystemStatus] Exception: UnknownHostException: Unable to resolve host "localhost": No address associated with hostname | Context: url=http://localhost:8080
04-15 21:36:56.879 E/CIRISApiClient( 6602): [getSystemStatus] Exception: UnknownHostException: Unable to resolve host "localhost": No address associated with hostname | Context: url=http://localhost:8080
04-15 21:36:57.107 E/CIRISApiClient( 6602): [getSystemStatus] Exception: UnknownHostException: Unable to resolve host "localhost": No address associated with hostname | Context: url=http://localhost:8080
04-15 21:36:57.329 E/CIRISApiClient( 6602): [getSystemStatus] Exception: UnknownHostException: Unable to resolve host "localhost": No address associated with hostname | Context: url=http://localhost:8080
04-15 21:36:57.554 E/CIRISApiClient( 6602): [getSystemStatus] Exception: UnknownHostException: Unable to resolve host "localhost": No address associated with hostname | Context: url=http://localhost:8080
04-15 21:36:57.778 E/CIRISApiClient( 6602): [getSystemStatus] Exception: UnknownHostException: Unable to resolve host "localhost": No address associated with hostname | Context: url=http://localhost:8080
04-15 21:36:58.001 E/CIRISApiClient( 6602): [getSystemStatus] Exception: UnknownHostException: Unable to resolve host "localhost": No address associated with hostname | Context: url=http://localhost:8080
04-15 21:36:58.226 E/CIRISApiClient( 6602): [getSystemStatus] Exception: UnknownHostException: Unable to resolve host "localhost": No address associated with hostname | Context: url=http://localhost:8080
04-15 21:36:58.446 E/CIRISApiClient( 6602): [getSystemStatus] Exception: UnknownHostException: Unable to resolve host "localhost": No address associated with hostname | Context: url=http://localhost:8080
