04-06 15:39:42.908 I/chromium(31384): [INFO:web_frame_widget_impl.cc(2748)] SBRTOUCHLOG Blink HandleInputEvent event received = PointerDown
04-06 15:39:42.918 I/chromium(31384): [INFO:web_frame_widget_impl.cc(2748)] SBRTOUCHLOG Blink HandleInputEvent event received = GestureTapDown
04-06 15:39:42.937 I/chromium(31384): [INFO:web_frame_widget_impl.cc(2748)] SBRTOUCHLOG Blink HandleInputEvent event received = PointerMove
04-06 15:39:42.954 I/chromium(31384): [INFO:web_frame_widget_impl.cc(2748)] SBRTOUCHLOG Blink HandleInputEvent event received = PointerMove
04-06 15:39:42.958 I/chromium(31384): [INFO:web_frame_widget_impl.cc(2748)] SBRTOUCHLOG Blink HandleInputEvent event received = PointerMove
04-06 15:39:42.958 I/chromium(31384): [INFO:layer_tree_host_impl.cc(332)] SBRTOUCHLOG LayerTreeHostImpl::ScrollBegin defer_commit =  0
04-06 15:39:42.958 I/chromium(31384): [INFO:layer_tree_host_impl.cc(303)] SBRTOUCHLOG LayerTreeHostImpl::ScrollBy delta_y = 2.42374
04-06 15:39:42.961 I/chromium(31384): [INFO:web_frame_widget_impl.cc(2748)] SBRTOUCHLOG Blink HandleInputEvent event received = GestureTapCancel
04-06 15:39:42.962 I/chromium(31384): [INFO:web_frame_widget_impl.cc(2748)] SBRTOUCHLOG Blink HandleInputEvent event received = PointerCausedUaAction
04-06 15:39:42.988 I/chromium(31384): [INFO:web_frame_widget_impl.cc(2748)] SBRTOUCHLOG Blink HandleInputEvent event received = PointerMove
04-06 15:39:43.040 I/chromium(31384): [INFO:layer_tree_host_impl.cc(2438)] SBRTOUCHLOG AsyncLayerTreeFrameSink::SubmitCompositorFrame
04-06 15:39:43.054 I/chromium(31384): [INFO:layer_tree_host_impl.cc(303)] SBRTOUCHLOG LayerTreeHostImpl::ScrollBy delta_y = 28.6234
04-06 15:39:43.068 D/EnvFileUpdater(26221): Found CIRIS_HOME from env: /data/user/0/ai.ciris.mobile.debug/files/ciris
04-06 15:39:43.138 I/chromium(31384): [INFO:layer_tree_host_impl.cc(303)] SBRTOUCHLOG LayerTreeHostImpl::ScrollBy delta_y = 22.847
04-06 15:39:43.166 W/chromium(30649): [WARNING:window_android.cc(109)] TAB-STATUS observer added
04-06 15:39:43.167 I/chromium(31384): [INFO:web_frame_widget_impl.cc(2748)] SBRTOUCHLOG Blink HandleInputEvent event received = PointerMove
04-06 15:39:43.170 I/chromium(31384): [INFO:web_frame_widget_impl.cc(2748)] SBRTOUCHLOG Blink HandleInputEvent event received = PointerUp
04-06 15:39:43.172 W/chromium(30649): [WARNING:window_android.cc(123)] TAB-STATUS observer removed
04-06 15:39:43.188 I/chromium(31384): [INFO:layer_tree_host_impl.cc(344)] SBRTOUCHLOG LayerTreeHostImpl::ScrollEnd
04-06 15:39:45.070 W/chromium(30649): [WARNING:window_android.cc(123)] TAB-STATUS observer removed
04-06 15:39:45.071 I/chromium(31384): [INFO:layer_tree_host_impl.cc(198)] SBRTOUCHLOG DidVisibilityChange = 0
04-06 15:39:45.341 I/chromium(30649): [INFO:layer_tree_host_impl.cc(198)] SBRTOUCHLOG DidVisibilityChange = 0
04-06 15:39:53.070 D/EnvFileUpdater(26221): Found CIRIS_HOME from env: /data/user/0/ai.ciris.mobile.debug/files/ciris
04-06 15:39:57.696 I/SetupViewModel(26221): pollNodeAuthStatus: COMPLETE - keyId=null, signingKeyB64=null...
04-06 15:39:57.701 I/SetupViewModel(26221): pollNodeAuthStatus: template=default, adapters=null
04-06 15:40:03.079 D/EnvFileUpdater(26221): Found CIRIS_HOME from env: /data/user/0/ai.ciris.mobile.debug/files/ciris
04-06 15:40:05.645 I/CIRISApiClient(26221): [init] CIRISApiClient initialized with baseUrl=http://127.0.0.1:8080
04-06 15:40:05.648 I/CIRISApiClient(26221): [searchLocations] Searching locations: query=sc, countryCode=null, limit=10
04-06 15:40:06.641 I/CIRISApiClient(26221): [searchLocations] Searching locations: query=sch, countryCode=null, limit=10
04-06 15:40:08.877 I/CIRISApiClient(26221): [searchLocations] Searching locations: query=scha, countryCode=null, limit=10
04-06 15:40:11.094 I/chromium(30649): [INFO:render_process_host_impl.cc(4491)] [Renderer][Exit] ChildProcessLauncher::OnChildProcessDied called through JNI pid = 31200, renderer_id =0
04-06 15:40:13.082 D/EnvFileUpdater(26221): Found CIRIS_HOME from env: /data/user/0/ai.ciris.mobile.debug/files/ciris
04-06 15:40:15.165 I/CIRISApiClient(26221): [getSetupAdapters] Fetched 9 adapters
04-06 15:40:18.580 I/CIRISApiClient(26221): [getSetupTemplates] Fetched 5 templates
04-06 15:40:23.083 D/EnvFileUpdater(26221): Found CIRIS_HOME from env: /data/user/0/ai.ciris.mobile.debug/files/ciris
04-06 15:40:33.085 D/EnvFileUpdater(26221): Found CIRIS_HOME from env: /data/user/0/ai.ciris.mobile.debug/files/ciris
04-06 15:40:42.363 I/SetupViewModel(26221): buildSetupRequest: isNodeFlow=true, deviceAuth.status=COMPLETE
04-06 15:40:42.364 I/SetupViewModel(26221): buildSetupRequest: deviceAuth.keyId=null, signingKeyB64=null...
04-06 15:40:42.369 I/SetupViewModel(26221): Node flow COMPLETE - extracting NodeFlowData: keyId=null, signingKeyB64=null...
04-06 15:40:42.373 I/SetupViewModel(26221): completeSetup: signing_key_id=null, signing_key_provisioned=true
04-06 15:40:42.375 I/SetupViewModel(26221): completeSetup: provisioned_signing_key_b64=null...
04-06 15:40:42.379 I/CIRISApiClient(26221): [completeSetup] Completing setup: provider=other, template=default, username=oauth_google_user
04-06 15:40:42.819 I/python.stdout(26221): [SETUP_COMPLETE] Calling _create_setup_users(username=oauth_google_user, db=/data/data/ai.ciris.mobile.debug/files/ciris/data/ciris_audit.db)
04-06 15:40:43.086 D/EnvFileUpdater(26221): Found CIRIS_HOME from env: /data/user/0/ai.ciris.mobile.debug/files/ciris
04-06 15:40:43.625 I/python.stdout(26221): [SETUP_COMPLETE] ✅ Founding partnership created: consent/wa-2026-04-06-C6B711 (PARTNERED)
04-06 15:40:43.762 I/python.stdout(26221): [SETUP_COMPLETE] _create_setup_users completed successfully
04-06 15:40:43.860 I/CIRISApiClient(26221): [completeSetup] Setup complete: success=true, message=Setup completed successfully. Starting agent processor...
04-06 15:40:45.947 D/CIRISApp(26221): [INFO] onSetupComplete called - exchanging tokens...
04-06 15:40:45.949 I/CIRISApp(26221):  Exchanging OAuth ID token for CIRIS access token (provider=google)
04-06 15:40:45.954 I/CIRISApiClient(26221): [nativeAuth] Attempting native auth: provider=google, userId=102773749033681671083
04-06 15:40:45.955 I/python.stdout(26221): [SERVICES] === RESUME (12 remaining services) PHASE ===
04-06 15:40:45.958 I/CIRISApiClient(26221): [googleAuth] Attempting Google auth: userId=102773749033681671083, idToken=eyJhbGci...q4vQ
04-06 15:40:46.002 I/python.stdout(26221): [RESUME (12 remaining services)] [SERVICE 9/22] TelemetryService STARTED
04-06 15:40:46.004 D/MainActivity(26221): Service 9 started (11/22)
04-06 15:40:46.272 I/python.stdout(26221): [RESUME (12 remaining services)] [SERVICE 14/22] LLMService STARTED
04-06 15:40:46.274 D/MainActivity(26221): Service 14 started (12/22)
04-06 15:40:46.845 I/python.stdout(26221): [RESUME (12 remaining services)] [SERVICE 8/22] AuditService STARTED
04-06 15:40:46.847 D/MainActivity(26221): Service 8 started (13/22)
04-06 15:40:46.926 I/python.stdout(26221): [RESUME (12 remaining services)] [SERVICE 10/22] IncidentManagement STARTED
04-06 15:40:46.927 D/MainActivity(26221): Service 10 started (14/22)
04-06 15:40:47.025 I/python.stdout(26221): [RESUME (12 remaining services)] [SERVICE 19/22] AdaptiveFilter STARTED
04-06 15:40:47.026 D/MainActivity(26221): Service 19 started (15/22)
04-06 15:40:47.063 I/python.stdout(26221): [RESUME (12 remaining services)] [SERVICE 18/22] TaskScheduler STARTED
04-06 15:40:47.065 D/MainActivity(26221): Service 18 started (16/22)
04-06 15:40:48.034 I/python.stdout(26221): [RESUME (12 remaining services)] [SERVICE 11/22] TSDBConsolidation STARTED
04-06 15:40:48.035 D/MainActivity(26221): Service 11 started (17/22)
04-06 15:40:48.041 I/python.stdout(26221): [RESUME (12 remaining services)] [SERVICE 16/22] DatabaseMaintenance STARTED
04-06 15:40:48.042 D/MainActivity(26221): Service 16 started (18/22)
04-06 15:40:48.473 I/python.stdout(26221): [RESUME (12 remaining services)] [SERVICE 21/22] SelfObservation STARTED
04-06 15:40:48.474 D/MainActivity(26221): Service 21 started (19/22)
04-06 15:40:48.485 I/python.stdout(26221): [RESUME (12 remaining services)] [SERVICE 20/22] VisibilityService STARTED
04-06 15:40:48.486 D/MainActivity(26221): Service 20 started (20/22)
04-06 15:40:48.488 I/python.stdout(26221): [RESUME (12 remaining services)] [SERVICE 12/22] ConsentService STARTED
04-06 15:40:48.489 D/MainActivity(26221): Service 12 started (21/22)
04-06 15:40:48.534 I/python.stdout(26221): [RESUME (12 remaining services)] [SERVICE 17/22] RuntimeControl STARTED
04-06 15:40:48.535 D/MainActivity(26221): Service 17 started (22/22)
04-06 15:40:49.349 I/python.stdout(26221): [RESUME (12 remaining services)] [SERVICE 14/22] LLMService STARTED
04-06 15:40:49.350 D/MainActivity(26221): Service 14 started (22/22)
04-06 15:40:50.664 I/python.stdout(26221): [CONSOLIDATOR] Checking for missed windows...
04-06 15:40:51.822 I/python.stdout(26221): [15:40:51.821] [STATE] Transition: shutdown -> work
04-06 15:40:53.087 D/EnvFileUpdater(26221): Found CIRIS_HOME from env: /data/user/0/ai.ciris.mobile.debug/files/ciris
04-06 15:40:54.381 I/CIRISApiClient(26221): [googleAuth] Google auth successful: userId=google:102773749033681671083, role=SYSTEM_ADMIN
04-06 15:40:54.383 I/CIRISApp(26221):  Got CIRIS access token: ciris_ad...LAyg
04-06 15:40:54.529 I/CIRISApp(26221):  Token saved to secure storage
04-06 15:40:54.532 I/CIRISApp(26221):  Writing OAuth ID token to .env for Python billing...
04-06 15:40:54.536 D/EnvFileUpdater(26221): Found CIRIS_HOME from env: /data/user/0/ai.ciris.mobile.debug/files/ciris
04-06 15:40:54.538 I/EnvFileUpdater(26221): Read .env file (7708 bytes)
04-06 15:40:54.543 I/EnvFileUpdater(26221): CIRIS proxy mode detected - updating OPENAI_API_KEY
04-06 15:40:54.545 I/EnvFileUpdater(26221): Updated OPENAI_API_KEY
04-06 15:40:54.549 I/EnvFileUpdater(26221): Updated CIRIS_BILLING_GOOGLE_ID_TOKEN
04-06 15:40:54.551 I/EnvFileUpdater(26221): .env file updated (proxy mode: true)
04-06 15:40:54.551 D/EnvFileUpdater(26221): Found CIRIS_HOME from env: /data/user/0/ai.ciris.mobile.debug/files/ciris
04-06 15:40:54.552 I/EnvFileUpdater(26221): Config reload signal written to /data/user/0/ai.ciris.mobile.debug/files/ciris/.config_reload
04-06 15:40:54.553 I/CIRISApp(26221):  .env updated, .config_reload signal written
04-06 15:40:54.555 I/CIRISApiClient(26221): [setAccessToken] Setting access token: ciris_ad...LAyg, length=55
04-06 15:40:54.559 I/CIRISApiClient(26221): [setAccessToken] Bearer token set on all API instances (13 APIs)
04-06 15:40:54.562 I/MainActivity(26221): Token updated, setting on billing apiClient
04-06 15:40:54.562 I/CIRISApiClient(26221): [setAccessToken] Setting access token: ciris_ad...LAyg, length=55
04-06 15:40:54.565 I/CIRISApiClient(26221): [setAccessToken] Bearer token set on all API instances (13 APIs)
04-06 15:40:54.567 I/CIRISApiClient(26221): [logTokenState] === TOKEN STATE DEBUG ===
04-06 15:40:54.568 I/CIRISApiClient(26221): [logTokenState] accessToken present: true
04-06 15:40:54.570 I/CIRISApiClient(26221): [logTokenState] accessToken preview: ciris_ad...LAyg
04-06 15:40:54.572 I/CIRISApiClient(26221): [logTokenState] accessToken length: 55
04-06 15:40:54.574 I/CIRISApiClient(26221): [logTokenState] authHeader() returns: Bearer <token>
04-06 15:40:54.576 I/CIRISApiClient(26221): [logTokenState] =========================
04-06 15:40:54.577 I/CIRISApp(26221):  Waiting 1.5s for Python to reload billing token...
04-06 15:40:54.581 D/CIRISApp(26221): [INIT] CIRISApp composable invoked - googleSignInCallback=PRESENT (101126751)
04-06 15:40:54.584 I/InteractViewModel(26221): [setDeviceAttestationCallback] Device attestation callback SET
04-06 15:40:54.602 D/CIRISApp(26221): [DEBUG][Screen.Setup] Rendering setup screen
04-06 15:40:56.080 I/CIRISApp(26221):  Python reload wait complete
04-06 15:40:56.085 I/TokenManager(26221): [handleNewToken] Processing new token (length: 1096, provider: google)
04-06 15:40:56.101 I/TokenManager(26221): [handleNewToken] New token expiry: 1775511230 (3174s remaining)
04-06 15:40:56.105 I/CIRISApp(26221):  OAuth ID token refreshed by TokenManager (provider=google), exchanging for CIRIS token
04-06 15:40:56.111 I/CIRISApp(26221):  Triggering billingViewModel.loadBalance()...
04-06 15:40:56.115 I/BillingViewModel(26221): [loadBalance] Loading credit balance...
04-06 15:40:56.136 I/CIRISApiClient(26221): [listAdapters] Listing adapters
04-06 15:40:56.149 I/CIRISApiClient(26221): [nativeAuth] Attempting native auth: provider=google, userId=null
04-06 15:40:56.151 I/CIRISApiClient(26221): [googleAuth] Attempting Google auth: userId=null, idToken=eyJhbGci...q4vQ
04-06 15:40:56.167 I/TokenManager(26221): [startPeriodicRefresh] Starting periodic refresh (interval: 45 minutes)
04-06 15:40:56.172 D/CIRISApp(26221): [INIT] CIRISApp composable invoked - googleSignInCallback=PRESENT (101126751)
04-06 15:40:56.174 I/InteractViewModel(26221): [setDeviceAttestationCallback] Device attestation callback SET
04-06 15:40:57.567 D/CIRISApp(26221): [INIT] CIRISApp composable invoked - googleSignInCallback=PRESENT (101126751)
04-06 15:40:57.569 I/InteractViewModel(26221): [setDeviceAttestationCallback] Device attestation callback SET
04-06 15:40:57.592 D/CIRISApp(26221): [INFO] Startup READY, checking first-run status...
04-06 15:40:57.592 D/CIRISApp(26221): [INFO] Just completed setup, waiting for agent WORK state...
04-06 15:40:59.172 I/CIRISApiClient(26221): [listAdapters] API response: total=7, running=7, adapters.size=7
04-06 15:40:59.174 I/CIRISApiClient(26221): [listAdapters]   API adapter[0]: id=cirisverify_bootstrap, type=cirisverify, running=true
04-06 15:40:59.175 I/CIRISApiClient(26221): [listAdapters]   API adapter[1]: id=wallet_bootstrap, type=wallet, running=true
04-06 15:40:59.177 I/CIRISApiClient(26221): [listAdapters]   API adapter[2]: id=api_bootstrap, type=api, running=true
04-06 15:40:59.178 I/CIRISApiClient(26221): [listAdapters]   API adapter[3]: id=cirishostedtools_bootstrap, type=cirishostedtools, running=true
04-06 15:40:59.180 I/CIRISApiClient(26221): [listAdapters]   API adapter[4]: id=accordmetrics_bootstrap, type=accordmetrics, running=true
04-06 15:40:59.182 I/CIRISApiClient(26221): [listAdapters]   API adapter[5]: id=navigation_bootstrap, type=navigation, running=true
04-06 15:40:59.184 I/CIRISApiClient(26221): [listAdapters]   API adapter[6]: id=weather_bootstrap, type=weather, running=true
04-06 15:40:59.208 I/CIRISApp(26221):  Agent state: WORK
04-06 15:40:59.212 I/CIRISApp(26221):  Agent reached WORK state!
04-06 15:40:59.717 I/InteractViewModel(26221): [startPolling] Starting polling and SSE streams
04-06 15:40:59.718 I/InteractViewModel(26221): [startStatusPolling] Starting status polling (fast until agent ready)
04-06 15:40:59.724 I/InteractViewModel(26221): [startMessagePolling] Starting message polling (interval=3000ms)
04-06 15:40:59.734 I/InteractViewModel(26221): [startHealthPolling] Starting health polling (fast until LLM ready)
04-06 15:40:59.741 I/InteractViewModel(26221): [startTrustPendingPolling] Starting trust pending polling (interval=5000ms)
04-06 15:40:59.742 I/InteractViewModel(26221): [startSseStream] Starting SSE reasoning stream
04-06 15:40:59.753 I/InteractViewModel(26221): [startFileInjectionObserver] Starting file injection observer for test automation
04-06 15:40:59.757 I/InteractViewModel(26221): [fetchWalletStatus] Fetching adapters list to check wallet status
04-06 15:40:59.758 I/CIRISApiClient(26221): [listAdapters] Listing adapters
04-06 15:40:59.765 D/CIRISApp(26221): [INIT] CIRISApp composable invoked - googleSignInCallback=PRESENT (101126751)
04-06 15:40:59.767 I/InteractViewModel(26221): [setDeviceAttestationCallback] Device attestation callback SET
04-06 15:40:59.775 D/CIRISApp(26221): [CIRISApp] >>> liveBackgroundEnabled=true, apiClient=present
04-06 15:41:00.170 I/CIRISApiClient(26221): [getGraphData] >>> START: hours=24, scope=ALL_SCOPES, type=null, limit=200
04-06 15:41:00.172 I/CIRISApiClient(26221): [getGraphData] Fetching timeline: http://localhost:8080/v1/memory/timeline?hours=24&include_edges=true&include_metrics=false
04-06 15:41:00.319 I/BillingViewModel(26221): [loadBalance] Credit status loaded: hasCredit=true, creditsRemaining=37, freeUsesRemaining=0, dailyFreeUsesRemaining=2, planName=CIRIS Mobile
04-06 15:41:00.321 I/BillingViewModel(26221): [loadBalance] Total credits calculated: 39
04-06 15:41:00.335 I/CIRISApiClient(26221): [googleAuth] Google auth successful: userId=google:102773749033681671083, role=SYSTEM_ADMIN
04-06 15:41:00.336 I/CIRISApp(26221):  Got CIRIS access token: ciris_ad...IKFI
04-06 15:41:00.338 I/CIRISApiClient(26221): [setAccessToken] Setting access token: ciris_ad...IKFI, length=55
04-06 15:41:00.340 I/CIRISApiClient(26221): [setAccessToken] Bearer token set on all API instances (13 APIs)
04-06 15:41:00.341 I/MainActivity(26221): Token updated, setting on billing apiClient
04-06 15:41:00.342 I/CIRISApiClient(26221): [setAccessToken] Setting access token: ciris_ad...IKFI, length=55
04-06 15:41:00.343 I/CIRISApiClient(26221): [setAccessToken] Bearer token set on all API instances (13 APIs)
04-06 15:41:00.345 I/CIRISApiClient(26221): [logTokenState] === TOKEN STATE DEBUG ===
04-06 15:41:00.346 I/CIRISApiClient(26221): [logTokenState] accessToken present: true
04-06 15:41:00.348 I/CIRISApiClient(26221): [logTokenState] accessToken preview: ciris_ad...IKFI
04-06 15:41:00.349 I/CIRISApiClient(26221): [logTokenState] accessToken length: 55
04-06 15:41:00.350 I/CIRISApiClient(26221): [logTokenState] authHeader() returns: Bearer <token>
04-06 15:41:00.352 I/CIRISApiClient(26221): [logTokenState] =========================
04-06 15:41:00.355 D/CIRISApp(26221): [INIT] CIRISApp composable invoked - googleSignInCallback=PRESENT (101126751)
04-06 15:41:00.356 I/InteractViewModel(26221): [setDeviceAttestationCallback] Device attestation callback SET
04-06 15:41:00.362 D/CIRISApp(26221): [CIRISApp] >>> liveBackgroundEnabled=true, apiClient=present
04-06 15:41:00.420 I/CIRISApp(26221):  Refreshed CIRIS token saved to secure storage
04-06 15:41:00.421 I/CIRISApp(26221):  Writing OAuth ID token to .env for Python billing...
04-06 15:41:00.428 D/EnvFileUpdater(26221): Found CIRIS_HOME from env: /data/user/0/ai.ciris.mobile.debug/files/ciris
04-06 15:41:00.430 I/EnvFileUpdater(26221): Read .env file (7708 bytes)
04-06 15:41:00.431 I/EnvFileUpdater(26221): CIRIS proxy mode detected - updating OPENAI_API_KEY
04-06 15:41:00.433 I/EnvFileUpdater(26221): Updated OPENAI_API_KEY
04-06 15:41:00.436 I/EnvFileUpdater(26221): Updated CIRIS_BILLING_GOOGLE_ID_TOKEN
04-06 15:41:00.438 I/EnvFileUpdater(26221): .env file updated (proxy mode: true)
04-06 15:41:00.438 D/EnvFileUpdater(26221): Found CIRIS_HOME from env: /data/user/0/ai.ciris.mobile.debug/files/ciris
04-06 15:41:00.439 I/EnvFileUpdater(26221): Config reload signal written to /data/user/0/ai.ciris.mobile.debug/files/ciris/.config_reload
04-06 15:41:00.442 I/CIRISApp(26221):  .env updated, .config_reload signal written
04-06 15:41:00.443 I/CIRISApp(26221):  Waiting 1.5s for Python to reload billing token...
04-06 15:41:01.946 I/CIRISApp(26221):  Python reload wait complete
04-06 15:41:03.089 D/EnvFileUpdater(26221): Found CIRIS_HOME from env: /data/user/0/ai.ciris.mobile.debug/files/ciris
04-06 15:41:05.895 I/InteractViewModel(26221): [startStatusPolling] Agent ready with state: WORK
04-06 15:41:05.897 I/InteractViewModel(26221): [startStatusPolling] Connection state changed: false -> true
04-06 15:41:06.175 I/InteractViewModel(26221): [startSseStream] SSE connected
04-06 15:41:06.212 I/InteractViewModel(26221): [fetchTrustStatus] Trust level changed: 0 -> 1
04-06 15:41:06.214 I/InteractViewModel(26221): [fetchTrustStatus] Level pending changed: false -> true
04-06 15:41:06.215 I/InteractViewModel(26221): [startTrustPendingPolling] Level pending=true, triggering device attestation automatically...
04-06 15:41:06.216 I/MainActivity(26221): Device attestation requested
04-06 15:41:06.218 I/CIRISApiClient(26221): [getPlayIntegrityNonce] Requesting Play Integrity nonce from Python API
04-06 15:41:06.517 I/CIRISApiClient(26221): [getGraphData] <<< DONE in 6347ms (single API call)
04-06 15:41:06.519 I/CIRISApiClient(26221): [getGraphData]     Nodes: 51 ({local=49, identity=2})
04-06 15:41:06.520 I/CIRISApiClient(26221): [getGraphData]     Edges: 0 total, 0 visible
04-06 15:41:06.522 I/CIRISApiClient(26221): [getGraphData]     Edge types: {}
04-06 15:41:06.523 I/CIRISApiClient(26221): [getGraphData]     INFO: No edges found - nodes may not have relationships yet
04-06 15:41:06.733 I/CIRISApiClient(26221): [listAdapters] API response: total=7, running=7, adapters.size=7
04-06 15:41:06.734 I/CIRISApiClient(26221): [listAdapters]   API adapter[0]: id=cirisverify_bootstrap, type=cirisverify, running=true
04-06 15:41:06.735 I/CIRISApiClient(26221): [listAdapters]   API adapter[1]: id=wallet_bootstrap, type=wallet, running=true
04-06 15:41:06.736 I/CIRISApiClient(26221): [listAdapters]   API adapter[2]: id=api_bootstrap, type=api, running=true
04-06 15:41:06.738 I/CIRISApiClient(26221): [listAdapters]   API adapter[3]: id=cirishostedtools_bootstrap, type=cirishostedtools, running=true
04-06 15:41:06.740 I/CIRISApiClient(26221): [listAdapters]   API adapter[4]: id=accordmetrics_bootstrap, type=accordmetrics, running=true
04-06 15:41:06.741 I/CIRISApiClient(26221): [listAdapters]   API adapter[5]: id=navigation_bootstrap, type=navigation, running=true
04-06 15:41:06.742 I/CIRISApiClient(26221): [listAdapters]   API adapter[6]: id=weather_bootstrap, type=weather, running=true
04-06 15:41:06.744 I/InteractViewModel(26221): [fetchWalletStatus] Wallet adapter found: isRunning=true
04-06 15:41:08.453 I/CIRISApiClient(26221): [getPlayIntegrityNonce] Got nonce: njpM_C_XoiADE4q92QNv...
04-06 15:41:08.490 I/InteractViewModel(26221): [startHealthPolling] LLM health ready: provider=other
04-06 15:41:08.565 I/InteractViewModel(26221): [startMessagePolling] First load complete
04-06 15:41:10.063 D/CIRISApp(26221): [INFO] Opening Trust page
04-06 15:41:10.067 D/CIRISApp(26221): [INIT] CIRISApp composable invoked - googleSignInCallback=PRESENT (101126751)
04-06 15:41:10.069 I/InteractViewModel(26221): [setDeviceAttestationCallback] Device attestation callback SET
04-06 15:41:10.358 I/MainActivity(26221): Device attestation requested
04-06 15:41:10.358 I/CIRISApiClient(26221): [getPlayIntegrityNonce] Requesting Play Integrity nonce from Python API
04-06 15:41:10.497 I/CIRISApiClient(26221): [getPlayIntegrityNonce] Got nonce: wtrUTasM64yghq9JLnpn...
04-06 15:41:13.090 D/EnvFileUpdater(26221): Found CIRIS_HOME from env: /data/user/0/ai.ciris.mobile.debug/files/ciris
04-06 15:41:14.229 I/MainActivity(26221): Device attestation result: Error(message=Failed to get Play Integrity token: -16: Integrity API error (-16): The provided cloud project number is invalid.
04-06 15:41:14.229 I/MainActivity(26221): Use the cloud project number which can be found in Project info in your Google Cloud Console for the cloud project where Play Integrity API is enabled.
04-06 15:41:14.229 I/MainActivity(26221):  (https://developer.android.com/google/play/integrity/reference/com/google/android/play/core/integrity/model/IntegrityErrorCode.html#CLOUD_PROJECT_NUMBER_IS_INVALID).)
04-06 15:41:14.229 I/InteractViewModel(26221): [startTrustPendingPolling] Device attestation completed: Error(message=Failed to get Play Integrity token: -16: Integrity API error (-16): The provided cloud project number is invalid.
04-06 15:41:14.229 I/InteractViewModel(26221): Use the cloud project number which can be found in Project info in your Google Cloud Console for the cloud project where Play Integrity API is enabled.
04-06 15:41:14.229 I/InteractViewModel(26221):  (https://developer.android.com/google/play/integrity/reference/com/google/android/play/core/integrity/model/IntegrityErrorCode.html#CLOUD_PROJECT_NUMBER_IS_INVALID).)
04-06 15:41:14.826 I/MainActivity(26221): Device attestation result: Error(message=Failed to get Play Integrity token: -16: Integrity API error (-16): The provided cloud project number is invalid.
04-06 15:41:14.826 I/MainActivity(26221): Use the cloud project number which can be found in Project info in your Google Cloud Console for the cloud project where Play Integrity API is enabled.
04-06 15:41:14.826 I/MainActivity(26221):  (https://developer.android.com/google/play/integrity/reference/com/google/android/play/core/integrity/model/IntegrityErrorCode.html#CLOUD_PROJECT_NUMBER_IS_INVALID).)
04-06 15:41:16.293 I/InteractViewModel(26221): [startTrustPendingPolling] Trust status refreshed after device attestation
04-06 15:41:19.108 I/CIRISApp(26221): [Screen.Trust] Navigating back to Interact
04-06 15:41:19.112 D/CIRISApp(26221): [INIT] CIRISApp composable invoked - googleSignInCallback=PRESENT (101126751)
04-06 15:41:19.113 I/InteractViewModel(26221): [setDeviceAttestationCallback] Device attestation callback SET
04-06 15:41:19.119 D/CIRISApp(26221): [CIRISApp] >>> liveBackgroundEnabled=true, apiClient=present
04-06 15:41:19.298 I/CIRISApiClient(26221): [getGraphData] >>> START: hours=24, scope=ALL_SCOPES, type=null, limit=200
04-06 15:41:19.300 I/CIRISApiClient(26221): [getGraphData] Fetching timeline: http://localhost:8080/v1/memory/timeline?hours=24&include_edges=true&include_metrics=false
04-06 15:41:20.260 D/CIRISApp(26221): [INFO] Opening Trust page
04-06 15:41:20.264 D/CIRISApp(26221): [INIT] CIRISApp composable invoked - googleSignInCallback=PRESENT (101126751)
04-06 15:41:20.265 I/InteractViewModel(26221): [setDeviceAttestationCallback] Device attestation callback SET
04-06 15:41:20.356 E/CIRISApiClient(26221): [getGraphData] Exception: CancellationException: The coroutine scope left the composition
04-06 15:41:20.356 E/CIRISApiClient(26221): java.util.concurrent.CancellationException: The coroutine scope left the composition
04-06 15:41:20.356 E/CIRISApiClient(26221): 	at io.ktor.client.engine.UtilsKt$attachToUserJob$cleanupHandler$1.invoke(Utils.kt:98)
04-06 15:41:20.356 E/CIRISApiClient(26221): 	at io.ktor.client.engine.UtilsKt$attachToUserJob$cleanupHandler$1.invoke(Utils.kt:96)
04-06 15:41:20.356 E/CIRISApiClient(26221): 	at kotlinx.coroutines.InvokeOnCancelling.invoke(JobSupport.kt:1428)
04-06 15:41:20.356 E/CIRISApiClient(26221): 	at kotlinx.coroutines.JobSupport.notifyCancelling(JobSupport.kt:1473)
04-06 15:41:20.356 E/CIRISApiClient(26221): 	at kotlinx.coroutines.JobSupport.tryMakeCancelling(JobSupport.kt:796)
04-06 15:41:20.356 E/CIRISApiClient(26221): 	at kotlinx.coroutines.JobSupport.makeCancelling(JobSupport.kt:756)
04-06 15:41:20.356 E/CIRISApiClient(26221): 	at kotlinx.coroutines.JobSupport.cancelImpl$kotlinx_coroutines_core(JobSupport.kt:672)
04-06 15:41:20.356 E/CIRISApiClient(26221): 	at kotlinx.coroutines.JobSupport.cancelInternal(JobSupport.kt:633)
04-06 15:41:20.356 E/CIRISApiClient(26221): 	at kotlinx.coroutines.JobSupport.cancel(JobSupport.kt:618)
04-06 15:41:20.356 E/CIRISApiClient(26221): 	at androidx.compose.runtime.LaunchedEffectImpl.onForgotten(Effects.kt:295)
04-06 15:41:20.356 E/CIRISApiClient(26221): 	at androidx.compose.runtime.CompositionImpl$RememberEventDispatcher.dispatchRememberObservers(Composition.kt:1276)
04-06 15:41:20.356 E/CIRISApiClient(26221): 	at androidx.compose.runtime.CompositionImpl.dispose(Composition.kt:769)
04-06 15:41:20.356 E/CIRISApiClient(26221): 	at androidx.compose.ui.layout.LayoutNodeSubcompositionsState.disposeCurrentNodes(SubcomposeLayout.kt:593)
04-06 15:41:20.356 E/CIRISApiClient(26221): 	at androidx.compose.ui.layout.LayoutNodeSubcompositionsState.onRelease(SubcomposeLayout.kt:407)
04-06 15:41:20.356 E/CIRISApiClient(26221): 	at androidx.compose.ui.node.LayoutNode.onRelease(LayoutNode.kt:1362)
04-06 15:41:20.356 E/CIRISApiClient(26221): 	at androidx.compose.runtime.CompositionImpl$RememberEventDispatcher.dispatchRememberObservers(Composition.kt:1281)
04-06 15:41:20.356 E/CIRISApiClient(26221): 	at androidx.compose.runtime.CompositionImpl.applyChangesInLocked(Composition.kt:984)
04-06 15:41:20.356 E/CIRISApiClient(26221): 	at androidx.compose.runtime.CompositionImpl.applyChanges(Composition.kt:1005)
04-06 15:41:20.356 E/CIRISApiClient(26221): 	at androidx.compose.runtime.Recomposer$runRecomposeAndApplyChanges$2$1.invoke(Recomposer.kt:639)
04-06 15:41:20.356 E/CIRISApiClient(26221): 	at androidx.compose.runtime.Recomposer$runRecomposeAndApplyChanges$2$1.invoke(Recomposer.kt:551)
04-06 15:41:20.356 E/CIRISApiClient(26221): 	at androidx.compose.ui.platform.AndroidUiFrameClock$withFrameNanos$2$callback$1.doFrame(AndroidUiFrameClock.android.kt:41)
04-06 15:41:20.356 E/CIRISApiClient(26221): 	at androidx.compose.ui.platform.AndroidUiDispatcher.performFrameDispatch(AndroidUiDispatcher.android.kt:109)
04-06 15:41:20.356 E/CIRISApiClient(26221): 	at androidx.compose.ui.platform.AndroidUiDispatcher.access$performFrameDispatch(AndroidUiDispatcher.android.kt:41)
04-06 15:41:20.356 E/CIRISApiClient(26221): 	at androidx.compose.ui.platform.AndroidUiDispatcher$dispatchCallback$1.doFrame(AndroidUiDispatcher.android.kt:69)
04-06 15:41:20.356 E/CIRISApiClient(26221): 	at android.view.Choreographer$CallbackRecord.run(Choreographer.java:928)
04-06 15:41:20.356 E/CIRISApiClient(26221): 	at android.view.Choreographer.doCallbacks(Choreographer.java:705)
04-06 15:41:20.356 E/CIRISApiClient(26221): 	at android.view.Choreographer.doFrame(Choreographer.java:637)
04-06 15:41:20.356 E/CIRISApiClient(26221): 	at android.view.Choreographer$FrameDisplayEventReceiver.run(Choreographer.java:916)
04-06 15:41:20.356 E/CIRISApiClient(26221): 	at android.os.Handler.handleCallback(Handler.java:751)
04-06 15:41:20.356 E/CIRISApiClient(26221): 	at android.os.Handler.dispatchMessage(Handler.java:95)
04-06 15:41:20.356 E/CIRISApiClient(26221): 	at android.os.Looper.loop(Looper.java:154)
04-06 15:41:20.356 E/CIRISApiClient(26221): 	at android.app.ActivityThread.main(ActivityThread.java:6816)
04-06 15:41:20.356 E/CIRISApiClient(26221): 	at java.lang.reflect.Method.invoke(Native Method)
04-06 15:41:20.356 E/CIRISApiClient(26221): 	at com.android.internal.os.ZygoteInit$MethodAndArgsCaller.run(ZygoteInit.java:1563)
04-06 15:41:20.356 E/CIRISApiClient(26221): 	at com.android.internal.os.ZygoteInit.main(ZygoteInit.java:1451)
04-06 15:41:20.801 I/MainActivity(26221): Device attestation requested
04-06 15:41:20.802 I/CIRISApiClient(26221): [getPlayIntegrityNonce] Requesting Play Integrity nonce from Python API
04-06 15:41:20.916 I/CIRISApiClient(26221): [getPlayIntegrityNonce] Got nonce: NkJ6OjR9VTERxhoQ3Gfj...
04-06 15:41:23.091 D/EnvFileUpdater(26221): Found CIRIS_HOME from env: /data/user/0/ai.ciris.mobile.debug/files/ciris
04-06 15:41:23.189 I/MainActivity(26221): Device attestation result: Error(message=Failed to get Play Integrity token: -16: Integrity API error (-16): The provided cloud project number is invalid.
04-06 15:41:23.189 I/MainActivity(26221): Use the cloud project number which can be found in Project info in your Google Cloud Console for the cloud project where Play Integrity API is enabled.
04-06 15:41:23.189 I/MainActivity(26221):  (https://developer.android.com/google/play/integrity/reference/com/google/android/play/core/integrity/model/IntegrityErrorCode.html#CLOUD_PROJECT_NUMBER_IS_INVALID).)
04-06 15:41:25.470 I/CIRISApp(26221): [Screen.Trust] Navigating back to Interact
04-06 15:41:25.476 D/CIRISApp(26221): [INIT] CIRISApp composable invoked - googleSignInCallback=PRESENT (101126751)
04-06 15:41:25.478 I/InteractViewModel(26221): [setDeviceAttestationCallback] Device attestation callback SET
04-06 15:41:25.485 D/CIRISApp(26221): [CIRISApp] >>> liveBackgroundEnabled=true, apiClient=present
04-06 15:41:25.687 I/CIRISApiClient(26221): [getGraphData] >>> START: hours=24, scope=ALL_SCOPES, type=null, limit=200
04-06 15:41:25.689 I/CIRISApiClient(26221): [getGraphData] Fetching timeline: http://localhost:8080/v1/memory/timeline?hours=24&include_edges=true&include_metrics=false
04-06 15:41:27.471 I/CIRISApiClient(26221): [getGraphData] <<< DONE in 1784ms (single API call)
04-06 15:41:27.473 I/CIRISApiClient(26221): [getGraphData]     Nodes: 51 ({local=49, identity=2})
04-06 15:41:27.474 I/CIRISApiClient(26221): [getGraphData]     Edges: 0 total, 0 visible
04-06 15:41:27.475 I/CIRISApiClient(26221): [getGraphData]     Edge types: {}
04-06 15:41:27.477 I/CIRISApiClient(26221): [getGraphData]     INFO: No edges found - nodes may not have relationships yet
04-06 15:41:29.102 I/InteractViewModel(26221): [sendMessage] Sending message: 'hello...' with 0 attachments
04-06 15:41:29.110 I/CIRISApiClient(26221): [sendMessage] Sending message: 'hello...' to channel=mobile_app, images=0, docs=0
04-06 15:41:32.497 I/InteractViewModel(26221): [fetchHistory] Added 1 new messages to chat
04-06 15:41:33.100 D/EnvFileUpdater(26221): Found CIRIS_HOME from env: /data/user/0/ai.ciris.mobile.debug/files/ciris
04-06 15:41:33.901 I/CIRISApiClient(26221): [getGraphData] >>> START: hours=24, scope=ALL_SCOPES, type=null, limit=200
04-06 15:41:33.902 I/CIRISApiClient(26221): [getGraphData] Fetching timeline: http://localhost:8080/v1/memory/timeline?hours=24&include_edges=true&include_metrics=false
04-06 15:41:35.257 I/CIRISApiClient(26221): [getGraphData] <<< DONE in 1356ms (single API call)
04-06 15:41:35.259 I/CIRISApiClient(26221): [getGraphData]     Nodes: 53 ({local=50, identity=3})
04-06 15:41:35.260 I/CIRISApiClient(26221): [getGraphData]     Edges: 0 total, 0 visible
04-06 15:41:35.262 I/CIRISApiClient(26221): [getGraphData]     Edge types: {}
04-06 15:41:35.263 I/CIRISApiClient(26221): [getGraphData]     INFO: No edges found - nodes may not have relationships yet
04-06 15:41:43.115 D/EnvFileUpdater(26221): Found CIRIS_HOME from env: /data/user/0/ai.ciris.mobile.debug/files/ciris
04-06 15:41:44.290 I/CIRISApiClient(26221): [getGraphData] >>> START: hours=24, scope=ALL_SCOPES, type=null, limit=200
04-06 15:41:44.292 I/CIRISApiClient(26221): [getGraphData] Fetching timeline: http://localhost:8080/v1/memory/timeline?hours=24&include_edges=true&include_metrics=false
04-06 15:41:45.253 W/python.stderr(26221): <frozen importlib._bootstrap>:914: ImportWarning: PydanticCoreFinder.find_spec() not found; falling back to find_module()
04-06 15:41:48.474 I/chromium(30649): [INFO:render_frame_host_impl.cc(5780)] BFCACHELOG  Eviction  reason = No: timeout
04-06 15:41:48.488 I/chromium(30649): [INFO:render_process_host_impl.cc(4491)] [Renderer][Exit] ChildProcessLauncher::OnChildProcessDied called through JNI pid = 30712, renderer_id =0
04-06 15:41:50.181 I/CIRISApiClient(26221): [getGraphData] <<< DONE in 5890ms (single API call)
04-06 15:41:50.182 I/CIRISApiClient(26221): [getGraphData]     Nodes: 55 ({local=52, identity=3})
04-06 15:41:50.183 I/CIRISApiClient(26221): [getGraphData]     Edges: 0 total, 0 visible
04-06 15:41:50.185 I/CIRISApiClient(26221): [getGraphData]     Edge types: {}
04-06 15:41:50.186 I/CIRISApiClient(26221): [getGraphData]     INFO: No edges found - nodes may not have relationships yet
04-06 15:41:51.150 I/CIRISApiClient(26221): [getGraphData] >>> START: hours=24, scope=ALL_SCOPES, type=null, limit=200
04-06 15:41:51.151 I/CIRISApiClient(26221): [getGraphData] Fetching timeline: http://localhost:8080/v1/memory/timeline?hours=24&include_edges=true&include_metrics=false
04-06 15:41:52.563 I/CIRISApiClient(26221): [getGraphData] <<< DONE in 1414ms (single API call)
04-06 15:41:52.565 I/CIRISApiClient(26221): [getGraphData]     Nodes: 55 ({local=52, identity=3})
04-06 15:41:52.566 I/CIRISApiClient(26221): [getGraphData]     Edges: 0 total, 0 visible
04-06 15:41:52.568 I/CIRISApiClient(26221): [getGraphData]     Edge types: {}
04-06 15:41:52.569 I/CIRISApiClient(26221): [getGraphData]     INFO: No edges found - nodes may not have relationships yet
04-06 15:41:53.158 D/EnvFileUpdater(26221): Found CIRIS_HOME from env: /data/user/0/ai.ciris.mobile.debug/files/ciris
04-06 15:41:59.162 E/CIRISApiClient(26221): [sendMessage] Exception: HttpRequestTimeoutException: Request timeout has expired [url=http://localhost:8080/v1/agent/interact, request_timeout=30000 ms] | Context: message='hello...', channelId=mobile_app, hasToken=true
04-06 15:41:59.162 E/CIRISApiClient(26221): io.ktor.client.plugins.HttpRequestTimeoutException: Request timeout has expired [url=http://localhost:8080/v1/agent/interact, request_timeout=30000 ms]
04-06 15:41:59.162 E/CIRISApiClient(26221): 	at io.ktor.client.plugins.HttpTimeout$Plugin$install$1$1$killer$1.invokeSuspend(HttpTimeout.kt:165)
04-06 15:41:59.162 E/CIRISApiClient(26221): 	at kotlin.coroutines.jvm.internal.BaseContinuationImpl.resumeWith(ContinuationImpl.kt:33)
04-06 15:41:59.162 E/CIRISApiClient(26221): 	at kotlinx.coroutines.DispatchedTask.run(DispatchedTask.kt:104)
04-06 15:41:59.162 E/CIRISApiClient(26221): 	at kotlinx.coroutines.internal.LimitedDispatcher$Worker.run(LimitedDispatcher.kt:111)
04-06 15:41:59.162 E/CIRISApiClient(26221): 	at kotlinx.coroutines.scheduling.TaskImpl.run(Tasks.kt:99)
04-06 15:41:59.162 E/CIRISApiClient(26221): 	at kotlinx.coroutines.scheduling.CoroutineScheduler.runSafely(CoroutineScheduler.kt:585)
04-06 15:41:59.162 E/CIRISApiClient(26221): 	at kotlinx.coroutines.scheduling.CoroutineScheduler$Worker.executeTask(CoroutineScheduler.kt:802)
04-06 15:41:59.162 E/CIRISApiClient(26221): 	at kotlinx.coroutines.scheduling.CoroutineScheduler$Worker.runWorker(CoroutineScheduler.kt:706)
04-06 15:41:59.162 E/CIRISApiClient(26221): 	at kotlinx.coroutines.scheduling.CoroutineScheduler$Worker.run(CoroutineScheduler.kt:693)
04-06 15:41:59.164 E/InteractViewModel(26221): [sendMessage] Failed to send message: HttpRequestTimeoutException: Request timeout has expired [url=http://localhost:8080/v1/agent/interact, request_timeout=30000 ms]
04-06 15:41:59.166 E/InteractViewModel(26221): [sendMessage] Stack trace: io.ktor.client.plugins.HttpRequestTimeoutException: Request timeout has expired [url=http://localhost:8080/v1/agent/interact, request_timeout=30000 ms]
04-06 15:41:59.166 E/InteractViewModel(26221): 	at io.ktor.client.plugins.HttpTimeout$Plugin$install$1$1$killer$1.invokeSuspend(HttpTimeout.kt:165)
04-06 15:41:59.166 E/InteractViewModel(26221): 	at kotlin.coroutines.jvm.internal.BaseContinuationImpl.resumeWith(ContinuationImpl.kt:33)
04-06 15:41:59.166 E/InteractViewModel(26221): 	at kotlinx.coroutines.DispatchedTask.run(DispatchedTask.kt:104)
04-06 15:41:59.166 E/InteractViewModel(26221): 	at kotlinx.coroutines.internal.LimitedDispatcher$Worker.run(LimitedDispatcher.kt:111)
04-06 15:41:59.166 E/InteractViewModel(26221): 	at 
04-06 15:41:59.167 I/InteractViewModel(26221): [sendMessage] Timeout during send - response will arrive via SSE
04-06 15:42:01.901 I/CIRISApiClient(26221): [getGraphData] >>> START: hours=24, scope=ALL_SCOPES, type=null, limit=200
04-06 15:42:01.903 I/CIRISApiClient(26221): [getGraphData] Fetching timeline: http://localhost:8080/v1/memory/timeline?hours=24&include_edges=true&include_metrics=false
04-06 15:42:03.163 D/EnvFileUpdater(26221): Found CIRIS_HOME from env: /data/user/0/ai.ciris.mobile.debug/files/ciris
04-06 15:42:03.457 I/CIRISApiClient(26221): [getGraphData] <<< DONE in 1556ms (single API call)
04-06 15:42:03.459 I/CIRISApiClient(26221): [getGraphData]     Nodes: 55 ({local=52, identity=3})
04-06 15:42:03.460 I/CIRISApiClient(26221): [getGraphData]     Edges: 0 total, 0 visible
04-06 15:42:03.461 I/CIRISApiClient(26221): [getGraphData]     Edge types: {}
04-06 15:42:03.462 I/CIRISApiClient(26221): [getGraphData]     INFO: No edges found - nodes may not have relationships yet
04-06 15:42:03.874 I/python.stdout(26221): [15:42:03.874] [DISPATCHER] Handler SpeakHandler completed for action speak on thought th_seed_4c2d384f_09f46c48-dcf - created follow-up thought th_followup_th_seed__969a9651-a41
04-06 15:42:05.594 I/InteractViewModel(26221): [fetchHistory] Added 1 new messages to chat
04-06 15:42:09.932 I/CIRISApiClient(26221): [getGraphData] >>> START: hours=24, scope=ALL_SCOPES, type=null, limit=200
04-06 15:42:09.934 I/CIRISApiClient(26221): [getGraphData] Fetching timeline: http://localhost:8080/v1/memory/timeline?hours=24&include_edges=true&include_metrics=false
04-06 15:42:12.574 I/CIRISApiClient(26221): [getGraphData] <<< DONE in 2642ms (single API call)
04-06 15:42:12.576 I/CIRISApiClient(26221): [getGraphData]     Nodes: 56 ({local=53, identity=3})
04-06 15:42:12.577 I/CIRISApiClient(26221): [getGraphData]     Edges: 0 total, 0 visible
04-06 15:42:12.578 I/CIRISApiClient(26221): [getGraphData]     Edge types: {}
04-06 15:42:12.579 I/CIRISApiClient(26221): [getGraphData]     INFO: No edges found - nodes may not have relationships yet
04-06 15:42:13.164 D/EnvFileUpdater(26221): Found CIRIS_HOME from env: /data/user/0/ai.ciris.mobile.debug/files/ciris
04-06 15:42:16.593 I/CIRISApiClient(26221): [getGraphData] >>> START: hours=24, scope=ALL_SCOPES, type=null, limit=200
04-06 15:42:16.595 I/CIRISApiClient(26221): [getGraphData] Fetching timeline: http://localhost:8080/v1/memory/timeline?hours=24&include_edges=true&include_metrics=false
04-06 15:42:19.697 I/CIRISApiClient(26221): [getGraphData] <<< DONE in 3104ms (single API call)
04-06 15:42:19.698 I/CIRISApiClient(26221): [getGraphData]     Nodes: 56 ({local=53, identity=3})
04-06 15:42:19.699 I/CIRISApiClient(26221): [getGraphData]     Edges: 0 total, 0 visible
04-06 15:42:19.701 I/CIRISApiClient(26221): [getGraphData]     Edge types: {}
04-06 15:42:19.702 I/CIRISApiClient(26221): [getGraphData]     INFO: No edges found - nodes may not have relationships yet
04-06 15:42:21.820 I/python.stdout(26221): [15:42:21.820] [DISPATCHER] Handler TaskCompleteHandler completed for action task_complete on thought th_followup_th_seed__969a9651-a41
04-06 15:42:23.190 D/EnvFileUpdater(26221): Found CIRIS_HOME from env: /data/user/0/ai.ciris.mobile.debug/files/ciris
04-06 15:42:24.621 I/CIRISApiClient(26221): [getGraphData] >>> START: hours=24, scope=ALL_SCOPES, type=null, limit=200
04-06 15:42:24.622 I/CIRISApiClient(26221): [getGraphData] Fetching timeline: http://localhost:8080/v1/memory/timeline?hours=24&include_edges=true&include_metrics=false
04-06 15:42:27.833 I/CIRISApiClient(26221): [getGraphData] <<< DONE in 3212ms (single API call)
04-06 15:42:27.835 I/CIRISApiClient(26221): [getGraphData]     Nodes: 57 ({local=54, identity=3})
04-06 15:42:27.836 I/CIRISApiClient(26221): [getGraphData]     Edges: 0 total, 0 visible
04-06 15:42:27.838 I/CIRISApiClient(26221): [getGraphData]     Edge types: {}
04-06 15:42:27.839 I/CIRISApiClient(26221): [getGraphData]     INFO: No edges found - nodes may not have relationships yet
04-06 15:42:33.196 D/EnvFileUpdater(26221): Found CIRIS_HOME from env: /data/user/0/ai.ciris.mobile.debug/files/ciris
--------- beginning of system
04-06 15:42:39.992 D/CIRISApp(26221): [INIT] CIRISApp composable invoked - googleSignInCallback=PRESENT (101126751)
04-06 15:42:39.994 I/InteractViewModel(26221): [setDeviceAttestationCallback] Device attestation callback SET
04-06 15:42:40.119 I/SettingsViewModel(26221): [loadLlmConfig] Loading LLM configuration
04-06 15:42:41.234 I/SettingsViewModel(26221): [loadLlmConfig] LLM config loaded from API: provider=other, isCirisProxy=true, model=default
04-06 15:42:41.237 I/SettingsViewModel(26221): [loadLlmConfig] Configuration loaded successfully from API
04-06 15:42:43.197 D/EnvFileUpdater(26221): Found CIRIS_HOME from env: /data/user/0/ai.ciris.mobile.debug/files/ciris
04-06 15:42:45.963 D/CIRISApp(26221): [INIT] CIRISApp composable invoked - googleSignInCallback=PRESENT (101126751)
04-06 15:42:45.964 I/InteractViewModel(26221): [setDeviceAttestationCallback] Device attestation callback SET
04-06 15:42:45.971 D/CIRISApp(26221): [CIRISApp] >>> liveBackgroundEnabled=true, apiClient=present
04-06 15:42:46.207 I/CIRISApiClient(26221): [getGraphData] >>> START: hours=24, scope=ALL_SCOPES, type=null, limit=200
04-06 15:42:46.209 I/CIRISApiClient(26221): [getGraphData] Fetching timeline: http://localhost:8080/v1/memory/timeline?hours=24&include_edges=true&include_metrics=false
04-06 15:42:48.594 I/CIRISApiClient(26221): [getGraphData] <<< DONE in 2387ms (single API call)
04-06 15:42:48.596 I/CIRISApiClient(26221): [getGraphData]     Nodes: 57 ({local=54, identity=3})
04-06 15:42:48.597 I/CIRISApiClient(26221): [getGraphData]     Edges: 0 total, 0 visible
04-06 15:42:48.598 I/CIRISApiClient(26221): [getGraphData]     Edge types: {}
04-06 15:42:48.600 I/CIRISApiClient(26221): [getGraphData]     INFO: No edges found - nodes may not have relationships yet
04-06 15:42:53.208 D/EnvFileUpdater(26221): Found CIRIS_HOME from env: /data/user/0/ai.ciris.mobile.debug/files/ciris
04-06 15:43:03.225 D/EnvFileUpdater(26221): Found CIRIS_HOME from env: /data/user/0/ai.ciris.mobile.debug/files/ciris
04-06 15:43:13.228 D/EnvFileUpdater(26221): Found CIRIS_HOME from env: /data/user/0/ai.ciris.mobile.debug/files/ciris
04-06 15:43:23.231 D/EnvFileUpdater(26221): Found CIRIS_HOME from env: /data/user/0/ai.ciris.mobile.debug/files/ciris
04-06 15:43:27.205 D/CIRISApp(26221): [INIT] CIRISApp composable invoked - googleSignInCallback=PRESENT (101126751)
04-06 15:43:27.206 I/InteractViewModel(26221): [setDeviceAttestationCallback] Device attestation callback SET
04-06 15:43:27.332 I/CIRISApp(26221): [Screen.Users] Loading users on screen entry
04-06 15:43:27.342 I/CIRISApiClient(26221): [listUsers] Listing users: page=1, pageSize=20, search=null, authType=null, apiRole=null
04-06 15:43:28.700 I/CIRISApiClient(26221): [listUsers] Users: total=5, page=1/1
04-06 15:43:31.006 I/CIRISApp(26221): [Screen.Users] User selected: wa-2026-04-06-C6B711
04-06 15:43:31.012 I/CIRISApiClient(26221): [getUser] Fetching user: wa-2026-04-06-C6B711
04-06 15:43:32.380 I/CIRISApiClient(26221): [getUser] User fetched: userId=wa-2026-04-06-C6B711, username=oauth_google_user, role=SYSTEM_ADMIN
04-06 15:43:33.233 D/EnvFileUpdater(26221): Found CIRIS_HOME from env: /data/user/0/ai.ciris.mobile.debug/files/ciris
04-06 15:43:36.613 I/CIRISApp(26221): [Screen.Users] Clear selection
04-06 15:43:41.531 D/CIRISApp(26221): [INIT] CIRISApp composable invoked - googleSignInCallback=PRESENT (101126751)
04-06 15:43:41.532 I/InteractViewModel(26221): [setDeviceAttestationCallback] Device attestation callback SET
04-06 15:43:41.538 D/CIRISApp(26221): [CIRISApp] >>> liveBackgroundEnabled=true, apiClient=present
04-06 15:43:41.772 I/CIRISApiClient(26221): [getGraphData] >>> START: hours=24, scope=ALL_SCOPES, type=null, limit=200
04-06 15:43:41.773 I/CIRISApiClient(26221): [getGraphData] Fetching timeline: http://localhost:8080/v1/memory/timeline?hours=24&include_edges=true&include_metrics=false
04-06 15:43:43.137 I/CIRISApiClient(26221): [getGraphData] <<< DONE in 1365ms (single API call)
04-06 15:43:43.139 I/CIRISApiClient(26221): [getGraphData]     Nodes: 58 ({local=55, identity=3})
04-06 15:43:43.141 I/CIRISApiClient(26221): [getGraphData]     Edges: 0 total, 0 visible
04-06 15:43:43.143 I/CIRISApiClient(26221): [getGraphData]     Edge types: {}
04-06 15:43:43.144 I/CIRISApiClient(26221): [getGraphData]     INFO: No edges found - nodes may not have relationships yet
04-06 15:43:43.251 D/EnvFileUpdater(26221): Found CIRIS_HOME from env: /data/user/0/ai.ciris.mobile.debug/files/ciris
04-06 15:43:51.461 I/InteractViewModel(26221): [sendMessage] Sending message: 'please use english...' with 0 attachments
04-06 15:43:51.463 I/CIRISApiClient(26221): [sendMessage] Sending message: 'please use english...' to channel=mobile_app, images=0, docs=0
04-06 15:43:53.181 I/CIRISApiClient(26221): [getGraphData] >>> START: hours=24, scope=ALL_SCOPES, type=null, limit=200
04-06 15:43:53.183 I/CIRISApiClient(26221): [getGraphData] Fetching timeline: http://localhost:8080/v1/memory/timeline?hours=24&include_edges=true&include_metrics=false
04-06 15:43:53.253 D/EnvFileUpdater(26221): Found CIRIS_HOME from env: /data/user/0/ai.ciris.mobile.debug/files/ciris
04-06 15:43:55.653 I/CIRISApiClient(26221): [getGraphData] <<< DONE in 2471ms (single API call)
04-06 15:43:55.654 I/CIRISApiClient(26221): [getGraphData]     Nodes: 58 ({local=55, identity=3})
04-06 15:43:55.656 I/CIRISApiClient(26221): [getGraphData]     Edges: 0 total, 0 visible
04-06 15:43:55.657 I/CIRISApiClient(26221): [getGraphData]     Edge types: {}
04-06 15:43:55.658 I/CIRISApiClient(26221): [getGraphData]     INFO: No edges found - nodes may not have relationships yet
04-06 15:44:03.271 D/EnvFileUpdater(26221): Found CIRIS_HOME from env: /data/user/0/ai.ciris.mobile.debug/files/ciris
04-06 15:44:10.677 I/CIRISApiClient(26221): [getGraphData] >>> START: hours=24, scope=ALL_SCOPES, type=null, limit=200
04-06 15:44:10.678 I/CIRISApiClient(26221): [getGraphData] Fetching timeline: http://localhost:8080/v1/memory/timeline?hours=24&include_edges=true&include_metrics=false
04-06 15:44:12.356 I/CIRISApiClient(26221): [getGraphData] <<< DONE in 1679ms (single API call)
04-06 15:44:12.358 I/CIRISApiClient(26221): [getGraphData]     Nodes: 58 ({local=55, identity=3})
04-06 15:44:12.359 I/CIRISApiClient(26221): [getGraphData]     Edges: 0 total, 0 visible
04-06 15:44:12.361 I/CIRISApiClient(26221): [getGraphData]     Edge types: {}
04-06 15:44:12.363 I/CIRISApiClient(26221): [getGraphData]     INFO: No edges found - nodes may not have relationships yet
04-06 15:44:13.276 D/EnvFileUpdater(26221): Found CIRIS_HOME from env: /data/user/0/ai.ciris.mobile.debug/files/ciris
04-06 15:44:18.713 I/CIRISApiClient(26221): [getGraphData] >>> START: hours=24, scope=ALL_SCOPES, type=null, limit=200
04-06 15:44:18.717 I/CIRISApiClient(26221): [getGraphData] Fetching timeline: http://localhost:8080/v1/memory/timeline?hours=24&include_edges=true&include_metrics=false
