04-10 17:37:30.815 I/chromium(30649): [INFO:tin_six_tab_helper.cc(621)] ActivateTabAt 0,9
04-10 17:37:30.822 I/CIRISApiClient(26150): [getConfigurationSessionStatus] Getting session status for: 39c1cbb1-54f4-4aec-bc51-6d651b04556c
04-10 17:37:31.537 I/chromium(30649): [INFO:tin_six_tab_helper.cc(84)] OnCurrentTabChanged 0,9
04-10 17:37:31.537 I/chromium(30649): [INFO:tin_six_tab_helper.cc(640)] ForceActivateTabAt 0,9
04-10 17:37:31.552 I/chromium(30649): [INFO:layer_tree_host_impl.cc(198)] SBRTOUCHLOG DidVisibilityChange = 1
04-10 17:37:31.584 I/chromium(30649): [INFO:browser_gpu_channel_host_factory.cc(364)] EstablishGpuChannel: establishing gpu_channel
04-10 17:37:31.606 I/chromium(30649): [INFO:browser_gpu_channel_host_factory.cc(391)] EstablishGpuChannel: gpu_channel_ exists run callback 0xb93e5300
04-10 17:37:31.630 I/chromium(30649): [INFO:ui_resource_layer_manager.cc(290)] CC-HideUrlbar: EnableUIResourceLayer LayerType: 0 Drawable true
04-10 17:37:31.638 I/chromium(30649): [INFO:tin_six_tab_helper.cc(84)] OnCurrentTabChanged 0,9
04-10 17:37:31.638 I/chromium(30649): [INFO:tin_six_tab_helper.cc(640)] ForceActivateTabAt 0,9
04-10 17:37:31.640 I/chromium(30649): [INFO:tin_six_tab_helper.cc(84)] OnCurrentTabChanged 0,9
04-10 17:37:31.640 I/chromium(30649): [INFO:tin_six_tab_helper.cc(640)] ForceActivateTabAt 0,9
04-10 17:37:31.696 I/chromium(30649): [INFO:ui_resource_layer_manager.cc(290)] CC-HideUrlbar: EnableUIResourceLayer LayerType: 1 Drawable true
04-10 17:37:31.865 I/chromium(30649): [INFO:tin_six_tab_helper.cc(621)] ActivateTabAt 0,9
04-10 17:37:31.898 I/CIRISApiClient(26150): [getConfigurationSessionStatus] Getting session status for: 39c1cbb1-54f4-4aec-bc51-6d651b04556c
04-10 17:37:32.868 D/EnvFileUpdater(26150): Found CIRIS_HOME from env: /data/user/0/ai.ciris.mobile.debug/files/ciris
04-10 17:37:33.300 I/CIRISApiClient(26150): [getConfigurationSessionStatus] Session status: step=1/5, status=awaiting_oauth, stepType=oauth
04-10 17:37:33.304 I/CIRISApiClient(26150): [getConfigurationSessionStatus] Collected config keys: [base_url, callback_base_url]
04-10 17:37:33.790 I/chromium(28214): [INFO:dispatcher.cc(1571)] CreateBindingsSystem
04-10 17:37:33.867 I/chromium(28214): [INFO:layer_tree_host_impl.cc(198)] SBRTOUCHLOG DidVisibilityChange = 0
04-10 17:37:33.868 I/chromium(28214): [INFO:layer_tree_host_impl.cc(4001)] SBRTOUCHLOG SetDeferCommitFlagForDebug = 1
04-10 17:37:33.907 I/CIRISApiClient(26150): [getConfigurationSessionStatus] Getting session status for: 39c1cbb1-54f4-4aec-bc51-6d651b04556c
04-10 17:37:33.911 I/chromium(28214): [INFO:tin_anti_tracking_renderer_url_loader_throttle_helper.cc(31)] [IAT] set delegate th 0xbfc80230 td 0xc14632a0
04-10 17:37:33.911 I/chromium(28214): [INFO:tin_smart_protect_renderer.cc(16)] TinSmartProtectRenderer
04-10 17:37:33.913 I/chromium(28214): [INFO:tin_smart_protect_renderer.cc(33)] BindPendingReceiver bound=1
04-10 17:37:33.914 I/chromium(28214): [INFO:layer_tree_host_impl.cc(198)] SBRTOUCHLOG DidVisibilityChange = 1
04-10 17:37:33.940 I/chromium(28214): [INFO:render_frame_impl.cc(3805)] LoaderLog didCommitProvisionalLoad
04-10 17:37:33.962 I/chromium(30649): [INFO:tin_auto_https_upgrade_monitor.cc(27)] AutoHTTPSUpgrade  FallbackList  size = 0
04-10 17:37:34.009 I/chromium(28214): [INFO:memory_cache.cc(126)] MemoryCache MemberMemoryCache is disabled
04-10 17:37:34.019 I/chromium(28214): [INFO:layer_tree_host_impl.cc(4001)] SBRTOUCHLOG SetDeferCommitFlagForDebug = 0
04-10 17:37:34.315 I/CIRISApiClient(26150): [getConfigurationSessionStatus] Getting session status for: 39c1cbb1-54f4-4aec-bc51-6d651b04556c
04-10 17:37:34.315 I/chromium(28214): [INFO:layer_tree_impl.cc(1205)] DidUpdatePageScale IsActiveTree: 0 ScaleFactor: 1
04-10 17:37:34.316 I/chromium(28214): [INFO:layer_tree_impl.cc(1205)] DidUpdatePageScale IsActiveTree: 1 ScaleFactor: 1
04-10 17:37:34.332 I/chromium(28214): [INFO:progress_tracker.cc(112)] LoaderLog  FinishedParsing
04-10 17:37:34.440 I/chromium(30649): [INFO:web_contents_impl.cc(6549)] LoaderLog  progress completed
04-10 17:37:35.263 I/chromium(28214): [INFO:render_frame_impl.cc(4027)] LoaderLog didFinishLoad
04-10 17:37:35.264 I/chromium(28214): [INFO:frame_loader.cc(402)] LoaderLog Completed totalBytes = 550092
04-10 17:37:35.264 I/chromium(28214): [INFO:render_frame_impl.cc(5114)] LoaderLog didStopLoading
04-10 17:37:35.268 I/chromium(30649): [INFO:tin_six_tab_helper.cc(621)] ActivateTabAt 0,9
04-10 17:37:35.920 I/CIRISApiClient(26150): [getConfigurationSessionStatus] Getting session status for: 39c1cbb1-54f4-4aec-bc51-6d651b04556c
04-10 17:37:37.055 I/CIRISApiClient(26150): [getConfigurationSessionStatus] Session status: step=1/5, status=awaiting_oauth, stepType=oauth
04-10 17:37:37.057 I/CIRISApiClient(26150): [getConfigurationSessionStatus] Collected config keys: [base_url, callback_base_url]
04-10 17:37:37.185 W/chromium(30649): [WARNING:render_widget_host_view_android.cc(1070)] SBRTOUCHLOG  OnTouchEvent, Action::DOWN
04-10 17:37:37.185 I/chromium(30649): [INFO:render_widget_host_input_event_router.cc(861)] SBRTOUCHLOG Set Touch sequence target view: 0xc10cb400
04-10 17:37:37.186 W/chromium(30649): [WARNING:input_router_impl.cc(529)] SBRTOUCHLOG FilterAndSendWebInputEvent, kTouchStart
04-10 17:37:37.189 I/chromium(28214): [INFO:web_frame_widget_impl.cc(2748)] SBRTOUCHLOG Blink HandleInputEvent event received = PointerDown
04-10 17:37:37.196 I/chromium(28214): [INFO:web_frame_widget_impl.cc(2748)] SBRTOUCHLOG Blink HandleInputEvent event received = PointerMove
04-10 17:37:37.197 I/chromium(28214): [INFO:web_frame_widget_impl.cc(2748)] SBRTOUCHLOG Blink HandleInputEvent event received = GestureTapDown
04-10 17:37:37.213 I/chromium(28214): [INFO:web_frame_widget_impl.cc(2748)] SBRTOUCHLOG Blink HandleInputEvent event received = PointerUp
04-10 17:37:37.214 I/chromium(30649): [INFO:input_router_impl.cc(641)] SBRTOUCHLOG InputRouterImpl::TouchEventHandled type: TouchEnd & ack: NOT_CONSUMED
04-10 17:37:37.215 I/chromium(28214): [INFO:web_frame_widget_impl.cc(2748)] SBRTOUCHLOG Blink HandleInputEvent event received = GestureShowPress
04-10 17:37:37.219 I/chromium(28214): [INFO:web_frame_widget_impl.cc(2748)] SBRTOUCHLOG Blink HandleInputEvent event received = GestureTap
04-10 17:37:37.249 I/CIRISApiClient(26150): [listAdapters] Listing adapters
04-10 17:37:37.930 I/CIRISApiClient(26150): [getConfigurationSessionStatus] Getting session status for: 39c1cbb1-54f4-4aec-bc51-6d651b04556c
04-10 17:37:38.384 I/CIRISApiClient(26150): [getConfigurationSessionStatus] Session status: step=1/5, status=awaiting_oauth, stepType=oauth
04-10 17:37:38.386 I/CIRISApiClient(26150): [getConfigurationSessionStatus] Collected config keys: [base_url, callback_base_url]
04-10 17:37:39.472 I/CIRISApiClient(26150): [getConfigurationSessionStatus] Session status: step=1/5, status=awaiting_oauth, stepType=oauth
04-10 17:37:39.473 I/CIRISApiClient(26150): [getConfigurationSessionStatus] Collected config keys: [base_url, callback_base_url]
04-10 17:37:39.938 I/CIRISApiClient(26150): [getConfigurationSessionStatus] Getting session status for: 39c1cbb1-54f4-4aec-bc51-6d651b04556c
04-10 17:37:40.183 I/chromium(28214): [INFO:web_frame_widget_impl.cc(2748)] SBRTOUCHLOG Blink HandleInputEvent event received = KeyDown
04-10 17:37:40.225 I/chromium(28214): [INFO:web_frame_widget_impl.cc(2748)] SBRTOUCHLOG Blink HandleInputEvent event received = KeyUp
04-10 17:37:40.477 I/CIRISApiClient(26150): [getConfigurationSessionStatus] Getting session status for: 39c1cbb1-54f4-4aec-bc51-6d651b04556c
04-10 17:37:40.713 I/chromium(28214): [INFO:web_frame_widget_impl.cc(2748)] SBRTOUCHLOG Blink HandleInputEvent event received = KeyDown
04-10 17:37:40.790 I/chromium(28214): [INFO:web_frame_widget_impl.cc(2748)] SBRTOUCHLOG Blink HandleInputEvent event received = KeyUp
04-10 17:37:41.946 I/CIRISApiClient(26150): [getConfigurationSessionStatus] Getting session status for: 39c1cbb1-54f4-4aec-bc51-6d651b04556c
04-10 17:37:42.709 I/CIRISApiClient(26150): [getConfigurationSessionStatus] Session status: step=1/5, status=awaiting_oauth, stepType=oauth
04-10 17:37:42.710 I/CIRISApiClient(26150): [getConfigurationSessionStatus] Collected config keys: [base_url, callback_base_url]
04-10 17:37:42.870 D/EnvFileUpdater(26150): Found CIRIS_HOME from env: /data/user/0/ai.ciris.mobile.debug/files/ciris
04-10 17:37:43.954 I/CIRISApiClient(26150): [getConfigurationSessionStatus] Getting session status for: 39c1cbb1-54f4-4aec-bc51-6d651b04556c
04-10 17:37:44.042 I/CIRISApiClient(26150): [getConfigurationSessionStatus] Session status: step=1/5, status=awaiting_oauth, stepType=oauth
04-10 17:37:44.043 I/CIRISApiClient(26150): [getConfigurationSessionStatus] Collected config keys: [base_url, callback_base_url]
04-10 17:37:45.396 I/CIRISApiClient(26150): [getConfigurationSessionStatus] Session status: step=1/5, status=awaiting_oauth, stepType=oauth
04-10 17:37:45.397 I/CIRISApiClient(26150): [getConfigurationSessionStatus] Collected config keys: [base_url, callback_base_url]
04-10 17:37:45.963 I/CIRISApiClient(26150): [getConfigurationSessionStatus] Getting session status for: 39c1cbb1-54f4-4aec-bc51-6d651b04556c
04-10 17:37:46.060 I/chromium(28214): [INFO:web_frame_widget_impl.cc(2748)] SBRTOUCHLOG Blink HandleInputEvent event received = RawKeyDown
04-10 17:37:46.099 I/chromium(28214): [INFO:web_frame_widget_impl.cc(2748)] SBRTOUCHLOG Blink HandleInputEvent event received = KeyUp
04-10 17:37:46.263 I/chromium(28214): [INFO:web_frame_widget_impl.cc(2748)] SBRTOUCHLOG Blink HandleInputEvent event received = RawKeyDown
04-10 17:37:46.281 I/chromium(28214): [INFO:web_frame_widget_impl.cc(2748)] SBRTOUCHLOG Blink HandleInputEvent event received = KeyUp
04-10 17:37:46.609 I/chromium(28214): [INFO:web_frame_widget_impl.cc(2748)] SBRTOUCHLOG Blink HandleInputEvent event received = RawKeyDown
04-10 17:37:46.622 I/chromium(28214): [INFO:web_frame_widget_impl.cc(2748)] SBRTOUCHLOG Blink HandleInputEvent event received = KeyUp
04-10 17:37:46.705 I/CIRISApiClient(26150): [listAdapters] API response: total=3, running=3, adapters.size=3
04-10 17:37:46.706 I/CIRISApiClient(26150): [listAdapters]   API adapter[0]: id=cirisverify_bootstrap, type=cirisverify, running=true
04-10 17:37:46.708 I/CIRISApiClient(26150): [listAdapters]   API adapter[1]: id=wallet_bootstrap, type=wallet, running=true
04-10 17:37:46.709 I/CIRISApiClient(26150): [listAdapters]   API adapter[2]: id=api_bootstrap, type=api, running=true
04-10 17:37:46.759 I/chromium(28214): [INFO:web_frame_widget_impl.cc(2748)] SBRTOUCHLOG Blink HandleInputEvent event received = RawKeyDown
04-10 17:37:46.771 I/chromium(28214): [INFO:web_frame_widget_impl.cc(2748)] SBRTOUCHLOG Blink HandleInputEvent event received = KeyUp
04-10 17:37:46.821 I/CIRISApiClient(26150): [getConfigurationSessionStatus] Session status: step=1/5, status=awaiting_oauth, stepType=oauth
04-10 17:37:46.822 I/CIRISApiClient(26150): [getConfigurationSessionStatus] Collected config keys: [base_url, callback_base_url]
04-10 17:37:46.897 I/chromium(28214): [INFO:web_frame_widget_impl.cc(2748)] SBRTOUCHLOG Blink HandleInputEvent event received = RawKeyDown
04-10 17:37:46.909 I/chromium(28214): [INFO:web_frame_widget_impl.cc(2748)] SBRTOUCHLOG Blink HandleInputEvent event received = KeyUp
04-10 17:37:47.058 I/chromium(28214): [INFO:web_frame_widget_impl.cc(2748)] SBRTOUCHLOG Blink HandleInputEvent event received = RawKeyDown
04-10 17:37:47.069 I/chromium(28214): [INFO:web_frame_widget_impl.cc(2748)] SBRTOUCHLOG Blink HandleInputEvent event received = KeyUp
04-10 17:37:47.658 W/chromium(30649): [WARNING:render_widget_host_view_android.cc(1070)] SBRTOUCHLOG  OnTouchEvent, Action::DOWN
04-10 17:37:47.658 I/chromium(30649): [INFO:render_widget_host_input_event_router.cc(861)] SBRTOUCHLOG Set Touch sequence target view: 0xc10cb400
04-10 17:37:47.658 W/chromium(30649): [WARNING:input_router_impl.cc(529)] SBRTOUCHLOG FilterAndSendWebInputEvent, kTouchStart
04-10 17:37:47.659 I/chromium(28214): [INFO:web_frame_widget_impl.cc(2748)] SBRTOUCHLOG Blink HandleInputEvent event received = PointerDown
04-10 17:37:47.662 I/chromium(28214): [INFO:web_frame_widget_impl.cc(2748)] SBRTOUCHLOG Blink HandleInputEvent event received = GestureTapDown
04-10 17:37:47.749 I/chromium(28214): [INFO:web_frame_widget_impl.cc(2748)] SBRTOUCHLOG Blink HandleInputEvent event received = PointerUp
04-10 17:37:47.750 I/chromium(30649): [INFO:input_router_impl.cc(641)] SBRTOUCHLOG InputRouterImpl::TouchEventHandled type: TouchEnd & ack: NOT_CONSUMED
04-10 17:37:47.751 I/chromium(28214): [INFO:web_frame_widget_impl.cc(2748)] SBRTOUCHLOG Blink HandleInputEvent event received = GestureShowPress
04-10 17:37:47.756 I/chromium(28214): [INFO:web_frame_widget_impl.cc(2748)] SBRTOUCHLOG Blink HandleInputEvent event received = GestureTap
04-10 17:37:47.827 I/CIRISApiClient(26150): [getConfigurationSessionStatus] Getting session status for: 39c1cbb1-54f4-4aec-bc51-6d651b04556c
04-10 17:37:47.970 I/CIRISApiClient(26150): [getConfigurationSessionStatus] Getting session status for: 39c1cbb1-54f4-4aec-bc51-6d651b04556c
04-10 17:37:48.893 I/chromium(28214): [INFO:web_frame_widget_impl.cc(2748)] SBRTOUCHLOG Blink HandleInputEvent event received = RawKeyDown
04-10 17:37:48.911 I/chromium(28214): [INFO:web_frame_widget_impl.cc(2748)] SBRTOUCHLOG Blink HandleInputEvent event received = KeyUp
04-10 17:37:49.070 I/chromium(28214): [INFO:web_frame_widget_impl.cc(2748)] SBRTOUCHLOG Blink HandleInputEvent event received = RawKeyDown
04-10 17:37:49.085 I/CIRISApiClient(26150): [getConfigurationSessionStatus] Session status: step=1/5, status=awaiting_oauth, stepType=oauth
04-10 17:37:49.086 I/CIRISApiClient(26150): [getConfigurationSessionStatus] Collected config keys: [base_url, callback_base_url]
04-10 17:37:49.088 I/chromium(28214): [INFO:web_frame_widget_impl.cc(2748)] SBRTOUCHLOG Blink HandleInputEvent event received = KeyUp
04-10 17:37:49.216 I/chromium(28214): [INFO:web_frame_widget_impl.cc(2748)] SBRTOUCHLOG Blink HandleInputEvent event received = RawKeyDown
04-10 17:37:49.232 I/chromium(28214): [INFO:web_frame_widget_impl.cc(2748)] SBRTOUCHLOG Blink HandleInputEvent event received = KeyUp
04-10 17:37:49.401 I/chromium(28214): [INFO:web_frame_widget_impl.cc(2748)] SBRTOUCHLOG Blink HandleInputEvent event received = RawKeyDown
04-10 17:37:49.413 I/chromium(28214): [INFO:web_frame_widget_impl.cc(2748)] SBRTOUCHLOG Blink HandleInputEvent event received = KeyUp
04-10 17:37:49.551 I/chromium(28214): [INFO:web_frame_widget_impl.cc(2748)] SBRTOUCHLOG Blink HandleInputEvent event received = RawKeyDown
04-10 17:37:49.563 I/chromium(28214): [INFO:web_frame_widget_impl.cc(2748)] SBRTOUCHLOG Blink HandleInputEvent event received = KeyUp
04-10 17:37:49.955 I/chromium(28214): [INFO:web_frame_widget_impl.cc(2748)] SBRTOUCHLOG Blink HandleInputEvent event received = RawKeyDown
04-10 17:37:49.967 I/chromium(28214): [INFO:web_frame_widget_impl.cc(2748)] SBRTOUCHLOG Blink HandleInputEvent event received = KeyUp
04-10 17:37:49.981 I/CIRISApiClient(26150): [getConfigurationSessionStatus] Getting session status for: 39c1cbb1-54f4-4aec-bc51-6d651b04556c
04-10 17:37:50.141 I/chromium(28214): [INFO:web_frame_widget_impl.cc(2748)] SBRTOUCHLOG Blink HandleInputEvent event received = RawKeyDown
04-10 17:37:50.152 I/chromium(28214): [INFO:web_frame_widget_impl.cc(2748)] SBRTOUCHLOG Blink HandleInputEvent event received = KeyUp
04-10 17:37:50.290 I/chromium(28214): [INFO:web_frame_widget_impl.cc(2748)] SBRTOUCHLOG Blink HandleInputEvent event received = RawKeyDown
04-10 17:37:50.301 I/chromium(28214): [INFO:web_frame_widget_impl.cc(2748)] SBRTOUCHLOG Blink HandleInputEvent event received = KeyUp
04-10 17:37:50.475 I/chromium(28214): [INFO:web_frame_widget_impl.cc(2748)] SBRTOUCHLOG Blink HandleInputEvent event received = RawKeyDown
04-10 17:37:50.486 I/chromium(28214): [INFO:web_frame_widget_impl.cc(2748)] SBRTOUCHLOG Blink HandleInputEvent event received = KeyUp
04-10 17:37:50.890 I/chromium(28214): [INFO:web_frame_widget_impl.cc(2748)] SBRTOUCHLOG Blink HandleInputEvent event received = RawKeyDown
04-10 17:37:50.903 I/chromium(28214): [INFO:web_frame_widget_impl.cc(2748)] SBRTOUCHLOG Blink HandleInputEvent event received = KeyUp
04-10 17:37:51.336 I/CIRISApiClient(26150): [getConfigurationSessionStatus] Session status: step=1/5, status=awaiting_oauth, stepType=oauth
04-10 17:37:51.338 I/CIRISApiClient(26150): [getConfigurationSessionStatus] Collected config keys: [base_url, callback_base_url]
04-10 17:37:51.358 I/CIRISApiClient(26150): [getConfigurationSessionStatus] Session status: step=1/5, status=awaiting_oauth, stepType=oauth
04-10 17:37:51.360 I/CIRISApiClient(26150): [getConfigurationSessionStatus] Collected config keys: [base_url, callback_base_url]
04-10 17:37:51.765 I/chromium(28214): [INFO:web_frame_widget_impl.cc(2748)] SBRTOUCHLOG Blink HandleInputEvent event received = KeyDown
04-10 17:37:51.821 I/chromium(28214): [INFO:web_frame_widget_impl.cc(2748)] SBRTOUCHLOG Blink HandleInputEvent event received = KeyUp
04-10 17:37:51.991 I/CIRISApiClient(26150): [getConfigurationSessionStatus] Getting session status for: 39c1cbb1-54f4-4aec-bc51-6d651b04556c
04-10 17:37:52.448 I/CIRISApiClient(26150): [getConfigurationSessionStatus] Session status: step=1/5, status=awaiting_oauth, stepType=oauth
04-10 17:37:52.451 I/CIRISApiClient(26150): [getConfigurationSessionStatus] Collected config keys: [base_url, callback_base_url]
04-10 17:37:52.466 I/CIRISApiClient(26150): [getConfigurationSessionStatus] Session status: step=1/5, status=awaiting_oauth, stepType=oauth
04-10 17:37:52.469 I/CIRISApiClient(26150): [getConfigurationSessionStatus] Collected config keys: [base_url, callback_base_url]
04-10 17:37:52.871 D/EnvFileUpdater(26150): Found CIRIS_HOME from env: /data/user/0/ai.ciris.mobile.debug/files/ciris
04-10 17:37:52.992 I/chromium(28214): [INFO:frame_loader.cc(618)] LoaderLog  StartNavigation  ClientRedirect = 0
04-10 17:37:53.024 I/chromium(30649): [INFO:tin_six_tab_helper.cc(621)] ActivateTabAt 0,9
04-10 17:37:53.076 I/chromium(28214): [INFO:layer_tree_host_impl.cc(198)] SBRTOUCHLOG DidVisibilityChange = 0
04-10 17:37:53.077 I/chromium(28214): [INFO:layer_tree_host_impl.cc(4001)] SBRTOUCHLOG SetDeferCommitFlagForDebug = 1
04-10 17:37:53.077 I/chromium(28214): [INFO:layer_tree_host_impl.cc(4001)] SBRTOUCHLOG SetDeferCommitFlagForDebug = 0
04-10 17:37:53.078 I/chromium(28214): [INFO:tin_anti_tracking_renderer_url_loader_throttle_helper.cc(31)] [IAT] set delegate th 0xbfc80230 td 0xbdab58c0
04-10 17:37:53.078 I/chromium(28214): [INFO:tin_smart_protect_renderer.cc(16)] TinSmartProtectRenderer
04-10 17:37:53.079 I/chromium(28214): [INFO:tin_smart_protect_renderer.cc(33)] BindPendingReceiver bound=1
04-10 17:37:53.456 I/CIRISApiClient(26150): [getConfigurationSessionStatus] Getting session status for: 39c1cbb1-54f4-4aec-bc51-6d651b04556c
04-10 17:37:53.577 I/CIRISApiClient(26150): [getConfigurationSessionStatus] Session status: step=1/5, status=awaiting_oauth, stepType=oauth
04-10 17:37:53.579 I/CIRISApiClient(26150): [getConfigurationSessionStatus] Collected config keys: [base_url, callback_base_url]
04-10 17:37:54.007 I/CIRISApiClient(26150): [getConfigurationSessionStatus] Getting session status for: 39c1cbb1-54f4-4aec-bc51-6d651b04556c
04-10 17:37:54.715 I/CIRISApiClient(26150): [getConfigurationSessionStatus] Session status: step=1/5, status=awaiting_oauth, stepType=oauth
04-10 17:37:54.719 I/CIRISApiClient(26150): [getConfigurationSessionStatus] Collected config keys: [base_url, callback_base_url]
04-10 17:37:54.733 W/python.stderr(26150): stdlib/asyncio/selector_events.py:710: ResourceWarning: unclosed transport <_SelectorSocketTransport fd=100 read=idle write=<idle, bufsize=0>>
04-10 17:37:54.734 W/python.stderr(26150): ResourceWarning: Enable tracemalloc to get the object allocation traceback
04-10 17:37:54.736 W/python.stderr(26150): /data/data/ai.ciris.mobile.debug/files/chaquopy/AssetFinder/app/ciris_engine/logic/persistence/models/graph.py:434: ResourceWarning: unclosed <socket.socket fd=145, family=AddressFamily.AF_INET, type=SocketKind.SOCK_STREAM, proto=6, laddr=('192.168.50.125', 45321), raddr=('46.224.81.217', 443)>
04-10 17:37:54.737 W/python.stderr(26150):   rows = cursor.fetchall()
04-10 17:37:54.737 W/python.stderr(26150): ResourceWarning: Enable tracemalloc to get the object allocation traceback
04-10 17:37:54.738 W/python.stderr(26150): stdlib/asyncio/selector_events.py:710: ResourceWarning: unclosed transport <_SelectorSocketTransport fd=145 read=idle write=<idle, bufsize=0>>
04-10 17:37:54.738 W/python.stderr(26150): ResourceWarning: Enable tracemalloc to get the object allocation traceback
04-10 17:37:55.771 W/chromium(30649): [WARNING:render_widget_host_view_android.cc(1070)] SBRTOUCHLOG  OnTouchEvent, Action::DOWN
04-10 17:37:55.771 I/chromium(30649): [INFO:render_widget_host_input_event_router.cc(861)] SBRTOUCHLOG Set Touch sequence target view: 0xc10cb400
04-10 17:37:55.772 W/chromium(30649): [WARNING:input_router_impl.cc(529)] SBRTOUCHLOG FilterAndSendWebInputEvent, kTouchStart
04-10 17:37:55.773 I/chromium(28214): [INFO:web_frame_widget_impl.cc(2748)] SBRTOUCHLOG Blink HandleInputEvent event received = PointerDown
04-10 17:37:55.775 I/chromium(28214): [INFO:web_frame_widget_impl.cc(2748)] SBRTOUCHLOG Blink HandleInputEvent event received = GestureTapDown
04-10 17:37:55.833 I/chromium(28214): [INFO:web_frame_widget_impl.cc(2748)] SBRTOUCHLOG Blink HandleInputEvent event received = PointerMove
04-10 17:37:55.838 I/chromium(28214): [INFO:web_frame_widget_impl.cc(2748)] SBRTOUCHLOG Blink HandleInputEvent event received = PointerUp
04-10 17:37:55.840 I/chromium(30649): [INFO:input_router_impl.cc(641)] SBRTOUCHLOG InputRouterImpl::TouchEventHandled type: TouchEnd & ack: NOT_CONSUMED
04-10 17:37:55.840 I/chromium(28214): [INFO:web_frame_widget_impl.cc(2748)] SBRTOUCHLOG Blink HandleInputEvent event received = GestureShowPress
04-10 17:37:55.845 I/chromium(28214): [INFO:web_frame_widget_impl.cc(2748)] SBRTOUCHLOG Blink HandleInputEvent event received = GestureTap
04-10 17:37:55.905 I/chromium(30649): [INFO:tin_six_tab_helper.cc(621)] ActivateTabAt 0,9
04-10 17:37:56.027 I/CIRISApiClient(26150): [getConfigurationSessionStatus] Getting session status for: 39c1cbb1-54f4-4aec-bc51-6d651b04556c
04-10 17:37:56.717 I/CIRISApiClient(26150): [listAdapters] Listing adapters
04-10 17:37:57.093 I/CIRISApiClient(26150): [getWAStatus] Fetching WA status
04-10 17:37:57.110 I/CIRISApiClient(26150): [getConfigurationSessionStatus] Session status: step=1/5, status=awaiting_oauth, stepType=oauth
04-10 17:37:57.112 I/CIRISApiClient(26150): [getConfigurationSessionStatus] Collected config keys: [base_url, callback_base_url]
04-10 17:37:58.046 I/CIRISApiClient(26150): [getConfigurationSessionStatus] Getting session status for: 39c1cbb1-54f4-4aec-bc51-6d651b04556c
04-10 17:37:58.114 I/CIRISApiClient(26150): [getConfigurationSessionStatus] Getting session status for: 39c1cbb1-54f4-4aec-bc51-6d651b04556c
04-10 17:37:58.257 I/CIRISApiClient(26150): [getConfigurationSessionStatus] Session status: step=1/5, status=awaiting_oauth, stepType=oauth
04-10 17:37:58.258 I/CIRISApiClient(26150): [getConfigurationSessionStatus] Collected config keys: [base_url, callback_base_url]
04-10 17:37:58.435 I/CIRISApiClient(26150): [getConfigurationSessionStatus] Session status: step=1/5, status=awaiting_oauth, stepType=oauth
04-10 17:37:58.437 I/CIRISApiClient(26150): [getConfigurationSessionStatus] Collected config keys: [base_url, callback_base_url]
04-10 17:38:00.063 I/CIRISApiClient(26150): [getConfigurationSessionStatus] Getting session status for: 39c1cbb1-54f4-4aec-bc51-6d651b04556c
04-10 17:38:01.741 I/chromium(28214): [INFO:layer_tree_host_impl.cc(4001)] SBRTOUCHLOG SetDeferCommitFlagForDebug = 1
04-10 17:38:01.761 I/chromium(28214): [INFO:render_frame_impl.cc(3805)] LoaderLog didCommitProvisionalLoad
04-10 17:38:01.765 W/chromium(30649): [WARNING:window_android.cc(123)] TAB-STATUS observer removed
04-10 17:38:01.766 I/chromium(28214): [INFO:layer_tree_host_impl.cc(198)] SBRTOUCHLOG DidVisibilityChange = 0
04-10 17:38:01.767 I/chromium(30649): [INFO:render_widget_host_impl.cc(843)] SBRTOUCHLOG  RenderWidgetHostImpl::WasShown
04-10 17:38:01.768 W/chromium(30649): [WARNING:window_android.cc(109)] TAB-STATUS observer added
04-10 17:38:01.773 I/chromium(28214): [INFO:frame_loader.cc(274)] LoaderLog  SetDefersLoading  DeferType = 1
04-10 17:38:01.774 I/chromium(28214): [INFO:layer_tree_host_impl.cc(198)] SBRTOUCHLOG DidVisibilityChange = 1
04-10 17:38:01.812 I/chromium(30649): [INFO:back_forward_cache_impl.cc(675)] BFCACHELOG  CanStorePageNow  result = No: blocklisted features: AppFeature
04-10 17:38:01.812 I/chromium(30649): [INFO:render_frame_host_impl.cc(5780)] BFCACHELOG  Eviction  reason = No: blocklisted features: AppFeature
04-10 17:38:01.825 I/chromium(28214): [INFO:frame_loader.cc(402)] LoaderLog Completed totalBytes = 36
04-10 17:38:01.825 I/chromium(28214): [INFO:render_frame_impl.cc(5114)] LoaderLog didStopLoading
04-10 17:38:01.826 I/chromium(28214): [INFO:layer_tree_host_impl.cc(4001)] SBRTOUCHLOG SetDeferCommitFlagForDebug = 1
04-10 17:38:01.828 I/chromium(28214): [INFO:layer_tree_host_impl.cc(4001)] SBRTOUCHLOG SetDeferCommitFlagForDebug = 0
04-10 17:38:02.076 I/CIRISApiClient(26150): [getConfigurationSessionStatus] Getting session status for: 39c1cbb1-54f4-4aec-bc51-6d651b04556c
04-10 17:38:02.873 D/EnvFileUpdater(26150): Found CIRIS_HOME from env: /data/user/0/ai.ciris.mobile.debug/files/ciris
04-10 17:38:03.973 I/chromium(28214): [INFO:layer_tree_host_impl.cc(4001)] SBRTOUCHLOG SetDeferCommitFlagForDebug = 0
04-10 17:38:03.986 I/CIRISApiClient(26150): [getConfigurationSessionStatus] Session status: step=1/5, status=awaiting_oauth, stepType=oauth
04-10 17:38:03.988 I/CIRISApiClient(26150): [getConfigurationSessionStatus] Collected config keys: [base_url, callback_base_url]
04-10 17:38:03.988 I/chromium(28214): [INFO:layer_tree_impl.cc(1205)] DidUpdatePageScale IsActiveTree: 0 ScaleFactor: 1
04-10 17:38:03.991 I/chromium(28214): [INFO:progress_tracker.cc(112)] LoaderLog  FinishedParsing
04-10 17:38:03.992 I/chromium(28214): [INFO:render_frame_impl.cc(4027)] LoaderLog didFinishLoad
04-10 17:38:03.993 I/chromium(28214): [INFO:frame_loader.cc(402)] LoaderLog Completed totalBytes = 767
04-10 17:38:03.993 I/chromium(28214): [INFO:render_frame_impl.cc(5114)] LoaderLog didStopLoading
04-10 17:38:03.997 I/CIRISApiClient(26150): [getConfigurationSessionStatus] Session status: step=1/5, status=awaiting_oauth, stepType=oauth
04-10 17:38:03.998 I/CIRISApiClient(26150): [getConfigurationSessionStatus] Collected config keys: [base_url, callback_base_url]
04-10 17:38:03.998 I/chromium(30649): [INFO:web_contents_impl.cc(6549)] LoaderLog  progress completed
04-10 17:38:04.004 I/chromium(28214): [INFO:layer_tree_impl.cc(1205)] DidUpdatePageScale IsActiveTree: 1 ScaleFactor: 1
04-10 17:38:04.046 I/chromium(30649): [INFO:tin_six_tab_helper.cc(621)] ActivateTabAt 0,9
04-10 17:38:04.092 I/CIRISApiClient(26150): [getConfigurationSessionStatus] Getting session status for: 39c1cbb1-54f4-4aec-bc51-6d651b04556c
04-10 17:38:05.001 I/CIRISApiClient(26150): [getConfigurationSessionStatus] Getting session status for: 39c1cbb1-54f4-4aec-bc51-6d651b04556c
04-10 17:38:05.069 I/CIRISApiClient(26150): [getConfigurationSessionStatus] Session status: step=2/5, status=active, stepType=select
04-10 17:38:05.070 I/CIRISApiClient(26150): [getConfigurationSessionStatus] Collected config keys: [base_url, callback_base_url, oauth_tokens]
04-10 17:38:05.090 E/CIRISApiClient(26150): [getConfigurationSessionStatus] Exception: CancellationException: StandaloneCoroutine was cancelled | Context: sessionId=39c1cbb1-54f4-4aec-bc51-6d651b04556c
04-10 17:38:05.090 E/CIRISApiClient(26150): java.util.concurrent.CancellationException: StandaloneCoroutine was cancelled
04-10 17:38:05.090 E/CIRISApiClient(26150): 	at io.ktor.client.engine.UtilsKt$attachToUserJob$cleanupHandler$1.invoke(Utils.kt:98)
04-10 17:38:05.090 E/CIRISApiClient(26150): 	at io.ktor.client.engine.UtilsKt$attachToUserJob$cleanupHandler$1.invoke(Utils.kt:96)
04-10 17:38:05.090 E/CIRISApiClient(26150): 	at kotlinx.coroutines.InvokeOnCancelling.invoke(JobSupport.kt:1428)
04-10 17:38:05.090 E/CIRISApiClient(26150): 	at kotlinx.coroutines.JobSupport.notifyCancelling(JobSupport.kt:1473)
04-10 17:38:05.090 E/CIRISApiClient(26150): 	at kotlinx.coroutines.JobSupport.tryMakeCancelling(JobSupport.kt:796)
04-10 17:38:05.090 E/CIRISApiClient(26150): 	at kotlinx.coroutines.JobSupport.makeCancelling(JobSupport.kt:756)
04-10 17:38:05.090 E/CIRISApiClient(26150): 	at kotlinx.coroutines.JobSupport.cancelImpl$kotlinx_coroutines_core(JobSupport.kt:672)
04-10 17:38:05.090 E/CIRISApiClient(26150): 	at kotlinx.coroutines.JobSupport.cancelInternal(JobSupport.kt:633)
04-10 17:38:05.090 E/CIRISApiClient(26150): 	at kotlinx.coroutines.JobSupport.cancel(JobSupport.kt:618)
04-10 17:38:05.090 E/CIRISApiClient(26150): 	at kotlinx.coroutines.Job$DefaultImpls.cancel$default(Job.kt:195)
04-10 17:38:05.090 E/CIRISApiClient(26150): 	at ai.ciris.mobile.shared.viewmodels.AdaptersViewModel$checkOAuthOnResume$1.invokeSuspend(AdaptersViewModel.kt:836)
04-10 17:38:05.090 E/CIRISApiClient(26150): 	at kotlin.coroutines.jvm.internal.BaseContinuationImpl.resumeWith(ContinuationImpl.kt:33)
04-10 17:38:05.090 E/CIRISApiClient(26150): 	at kotlinx.coroutines.DispatchedTask.run(DispatchedTask.kt:104)
04-10 17:38:05.090 E/CIRISApiClient(26150): 	at android.os.Handler.handleCallback(Handler.java:751)
04-10 17:38:05.090 E/CIRISApiClient(26150): 	at android.os.Handler.dispatchMessage(Handler.java:95)
04-10 17:38:05.090 E/CIRISApiClient(26150): 	at android.os.Looper.loop(Looper.java:154)
04-10 17:38:05.090 E/CIRISApiClient(26150): 	at android.app.ActivityThread.main(ActivityThread.java:6816)
04-10 17:38:05.090 E/CIRISApiClient(26150): 	at java.lang.reflect.Method.invoke(Native Method)
04-10 17:38:05.090 E/CIRISApiClient(26150): 	at com.android.internal.os.ZygoteInit$MethodAndArgsCaller.run(ZygoteInit.java:1563)
04-10 17:38:05.090 E/CIRISApiClient(26150): 	at com.android.internal.os.ZygoteInit.main(ZygoteInit.java:1451)
04-10 17:38:05.103 I/CIRISApiClient(26150): [executeConfigurationStep] === EXECUTE CONFIG STEP ===
04-10 17:38:05.105 I/CIRISApiClient(26150): [executeConfigurationStep] Session: 39c1cbb1-54f4-4aec-bc51-6d651b04556c
04-10 17:38:05.106 I/CIRISApiClient(26150): [executeConfigurationStep] Step data keys: []
04-10 17:38:05.107 I/CIRISApiClient(26150): [executeConfigurationStep] Step data values: {}
04-10 17:38:05.282 I/CIRISApiClient(26150): [listAdapters] API response: total=3, running=3, adapters.size=3
04-10 17:38:05.284 I/CIRISApiClient(26150): [listAdapters]   API adapter[0]: id=cirisverify_bootstrap, type=cirisverify, running=true
04-10 17:38:05.286 I/CIRISApiClient(26150): [listAdapters]   API adapter[1]: id=wallet_bootstrap, type=wallet, running=true
04-10 17:38:05.288 I/CIRISApiClient(26150): [listAdapters]   API adapter[2]: id=api_bootstrap, type=api, running=true
04-10 17:38:06.279 I/CIRISApiClient(26150): [getWAStatus] WA Status: healthy=true, activeWAs=1, pendingDeferrals=0, deferrals24h=0, subscribers=1
04-10 17:38:06.916 W/chromium(30649): [WARNING:window_android.cc(123)] TAB-STATUS observer removed
04-10 17:38:06.917 I/chromium(28214): [INFO:layer_tree_host_impl.cc(198)] SBRTOUCHLOG DidVisibilityChange = 0
04-10 17:38:07.144 I/chromium(30649): [INFO:layer_tree_host_impl.cc(198)] SBRTOUCHLOG DidVisibilityChange = 0
04-10 17:38:08.448 I/CIRISApiClient(26150): [getConfigurationSessionStatus] Session status: step=2/5, status=active, stepType=select
04-10 17:38:08.452 I/CIRISApiClient(26150): [getConfigurationSessionStatus] Collected config keys: [base_url, callback_base_url, oauth_tokens]
04-10 17:38:08.467 I/CIRISApiClient(26150): [executeConfigurationStep] === EXECUTE CONFIG STEP ===
04-10 17:38:08.469 I/CIRISApiClient(26150): [executeConfigurationStep] Session: 39c1cbb1-54f4-4aec-bc51-6d651b04556c
04-10 17:38:08.471 I/CIRISApiClient(26150): [executeConfigurationStep] Step data keys: []
04-10 17:38:08.473 I/CIRISApiClient(26150): [executeConfigurationStep] Step data values: {}
04-10 17:38:09.617 I/CIRISApiClient(26150): [getConfigurationSessionStatus] Session status: step=2/5, status=active, stepType=select
04-10 17:38:09.622 I/CIRISApiClient(26150): [getConfigurationSessionStatus] Collected config keys: [base_url, callback_base_url, oauth_tokens]
04-10 17:38:09.637 I/CIRISApiClient(26150): [executeConfigurationStep] === EXECUTE CONFIG STEP ===
04-10 17:38:09.640 I/CIRISApiClient(26150): [executeConfigurationStep] Session: 39c1cbb1-54f4-4aec-bc51-6d651b04556c
04-10 17:38:09.643 I/CIRISApiClient(26150): [executeConfigurationStep] Step data keys: []
04-10 17:38:09.645 I/CIRISApiClient(26150): [executeConfigurationStep] Step data values: {}
04-10 17:38:09.765 I/CIRISApiClient(26150): [executeConfigurationStep] Response HTTP status: 200
04-10 17:38:09.780 I/CIRISApiClient(26150): [executeConfigurationStep] Response data: success=true, error=null, nextStepIndex=null
04-10 17:38:09.784 I/CIRISApiClient(26150): [executeConfigurationStep] Response data keys: [options]
04-10 17:38:09.789 I/CIRISApiClient(26150): [executeConfigurationStep] Response data.data: options=[{"id":"device_control","label":"Device Control","description":"Control lights, switches, and other 
04-10 17:38:09.793 I/CIRISApiClient(26150): [executeConfigurationStep] Step result: success=true, nextStep=null, isDiscovery=false, isComplete=false
04-10 17:38:09.796 I/CIRISApiClient(26150): [executeConfigurationStep] === OAUTH URL EXTRACTION ===
04-10 17:38:09.800 I/CIRISApiClient(26150): [executeConfigurationStep] oauth_url present in data: false
04-10 17:38:09.802 I/CIRISApiClient(26150): [executeConfigurationStep] awaiting_callback present in data: false
04-10 17:38:09.804 I/CIRISApiClient(26150): [executeConfigurationStep] No oauth_url extracted from response
04-10 17:38:09.806 I/CIRISApiClient(26150): [executeConfigurationStep] awaitingCallback: false
04-10 17:38:09.812 I/CIRISApiClient(26150): [executeConfigurationStep] Parsed 6 select options
04-10 17:38:12.031 I/CIRISApiClient(26150): [executeConfigurationStep] Response HTTP status: 200
04-10 17:38:12.042 I/CIRISApiClient(26150): [executeConfigurationStep] Response data: success=true, error=null, nextStepIndex=null
04-10 17:38:12.045 I/CIRISApiClient(26150): [executeConfigurationStep] Response data keys: [options]
04-10 17:38:12.051 I/CIRISApiClient(26150): [executeConfigurationStep] Response data.data: options=[{"id":"device_control","label":"Device Control","description":"Control lights, switches, and other 
04-10 17:38:12.054 I/CIRISApiClient(26150): [executeConfigurationStep] Step result: success=true, nextStep=null, isDiscovery=false, isComplete=false
04-10 17:38:12.057 I/CIRISApiClient(26150): [executeConfigurationStep] === OAUTH URL EXTRACTION ===
04-10 17:38:12.060 I/CIRISApiClient(26150): [executeConfigurationStep] oauth_url present in data: false
04-10 17:38:12.064 I/CIRISApiClient(26150): [executeConfigurationStep] awaiting_callback present in data: false
04-10 17:38:12.068 I/CIRISApiClient(26150): [executeConfigurationStep] No oauth_url extracted from response
04-10 17:38:12.071 I/CIRISApiClient(26150): [executeConfigurationStep] awaitingCallback: false
04-10 17:38:12.074 I/CIRISApiClient(26150): [executeConfigurationStep] Parsed 6 select options
04-10 17:38:12.088 I/CIRISApiClient(26150): [executeConfigurationStep] Response HTTP status: 200
04-10 17:38:12.095 I/CIRISApiClient(26150): [executeConfigurationStep] Response data: success=true, error=null, nextStepIndex=null
04-10 17:38:12.097 I/CIRISApiClient(26150): [executeConfigurationStep] Response data keys: [options]
04-10 17:38:12.100 I/CIRISApiClient(26150): [executeConfigurationStep] Response data.data: options=[{"id":"device_control","label":"Device Control","description":"Control lights, switches, and other 
04-10 17:38:12.103 I/CIRISApiClient(26150): [executeConfigurationStep] Step result: success=true, nextStep=null, isDiscovery=false, isComplete=false
04-10 17:38:12.105 I/CIRISApiClient(26150): [executeConfigurationStep] === OAUTH URL EXTRACTION ===
04-10 17:38:12.107 I/CIRISApiClient(26150): [executeConfigurationStep] oauth_url present in data: false
04-10 17:38:12.109 I/CIRISApiClient(26150): [executeConfigurationStep] awaiting_callback present in data: false
04-10 17:38:12.111 I/CIRISApiClient(26150): [executeConfigurationStep] No oauth_url extracted from response
04-10 17:38:12.113 I/CIRISApiClient(26150): [executeConfigurationStep] awaitingCallback: false
04-10 17:38:12.115 I/CIRISApiClient(26150): [executeConfigurationStep] Parsed 6 select options
04-10 17:38:12.875 D/EnvFileUpdater(26150): Found CIRIS_HOME from env: /data/user/0/ai.ciris.mobile.debug/files/ciris
04-10 17:38:14.886 I/CIRISApp(26150): [AdapterWizard] Submitting step with 1 fields
04-10 17:38:14.892 I/CIRISApiClient(26150): [executeConfigurationStep] === EXECUTE CONFIG STEP ===
04-10 17:38:14.894 I/CIRISApiClient(26150): [executeConfigurationStep] Session: 39c1cbb1-54f4-4aec-bc51-6d651b04556c
04-10 17:38:14.896 I/CIRISApiClient(26150): [executeConfigurationStep] Step data keys: [selection]
04-10 17:38:14.898 I/CIRISApiClient(26150): [executeConfigurationStep] Step data values: {selection=notifications,sensor_data,automation_trigger,device_control}
04-10 17:38:15.297 I/CIRISApiClient(26150): [listAdapters] Listing adapters
04-10 17:38:17.667 I/CIRISApiClient(26150): [executeConfigurationStep] Response HTTP status: 200
04-10 17:38:17.677 I/CIRISApiClient(26150): [executeConfigurationStep] Response data: success=true, error=null, nextStepIndex=3
04-10 17:38:17.681 I/CIRISApiClient(26150): [executeConfigurationStep] Response data keys: []
04-10 17:38:17.684 I/CIRISApiClient(26150): [executeConfigurationStep] Response data.data: 
04-10 17:38:17.687 I/CIRISApiClient(26150): [executeConfigurationStep] Step result: success=true, nextStep=3, isDiscovery=false, isComplete=false
04-10 17:38:17.690 I/CIRISApiClient(26150): [executeConfigurationStep] === OAUTH URL EXTRACTION ===
04-10 17:38:17.693 I/CIRISApiClient(26150): [executeConfigurationStep] oauth_url present in data: false
04-10 17:38:17.697 I/CIRISApiClient(26150): [executeConfigurationStep] awaiting_callback present in data: false
04-10 17:38:17.700 I/CIRISApiClient(26150): [executeConfigurationStep] No oauth_url extracted from response
04-10 17:38:17.703 I/CIRISApiClient(26150): [executeConfigurationStep] awaitingCallback: false
04-10 17:38:17.704 I/CIRISApiClient(26150): [getConfigurationSessionStatus] Getting session status for: 39c1cbb1-54f4-4aec-bc51-6d651b04556c
04-10 17:38:17.740 I/CIRISApiClient(26150): [listAdapters] API response: total=3, running=3, adapters.size=3
04-10 17:38:17.742 I/CIRISApiClient(26150): [listAdapters]   API adapter[0]: id=cirisverify_bootstrap, type=cirisverify, running=true
04-10 17:38:17.744 I/CIRISApiClient(26150): [listAdapters]   API adapter[1]: id=wallet_bootstrap, type=wallet, running=true
04-10 17:38:17.745 I/CIRISApiClient(26150): [listAdapters]   API adapter[2]: id=api_bootstrap, type=api, running=true
04-10 17:38:19.095 I/CIRISApiClient(26150): [getConfigurationSessionStatus] Session status: step=3/5, status=active, stepType=select
04-10 17:38:19.097 I/CIRISApiClient(26150): [getConfigurationSessionStatus] Collected config keys: [base_url, callback_base_url, oauth_tokens, select_features]
04-10 17:38:19.104 I/CIRISApiClient(26150): [executeConfigurationStep] === EXECUTE CONFIG STEP ===
04-10 17:38:19.106 I/CIRISApiClient(26150): [executeConfigurationStep] Session: 39c1cbb1-54f4-4aec-bc51-6d651b04556c
04-10 17:38:19.107 I/CIRISApiClient(26150): [executeConfigurationStep] Step data keys: []
04-10 17:38:19.109 I/CIRISApiClient(26150): [executeConfigurationStep] Step data values: {}
04-10 17:38:20.275 I/CIRISApiClient(26150): [executeConfigurationStep] Response HTTP status: 200
04-10 17:38:20.285 I/CIRISApiClient(26150): [executeConfigurationStep] Response data: success=true, error=null, nextStepIndex=null
04-10 17:38:20.289 I/CIRISApiClient(26150): [executeConfigurationStep] Response data keys: [options]
04-10 17:38:20.292 I/CIRISApiClient(26150): [executeConfigurationStep] Response data.data: options=[{"id":"camera.back_door_camera","label":"Back door camera","description":"Camera entity: camera.bac
04-10 17:38:20.296 I/CIRISApiClient(26150): [executeConfigurationStep] Step result: success=true, nextStep=null, isDiscovery=false, isComplete=false
04-10 17:38:20.299 I/CIRISApiClient(26150): [executeConfigurationStep] === OAUTH URL EXTRACTION ===
04-10 17:38:20.303 I/CIRISApiClient(26150): [executeConfigurationStep] oauth_url present in data: false
04-10 17:38:20.305 I/CIRISApiClient(26150): [executeConfigurationStep] awaiting_callback present in data: false
04-10 17:38:20.307 I/CIRISApiClient(26150): [executeConfigurationStep] No oauth_url extracted from response
04-10 17:38:20.309 I/CIRISApiClient(26150): [executeConfigurationStep] awaitingCallback: false
04-10 17:38:20.311 I/CIRISApiClient(26150): [executeConfigurationStep] Parsed 3 select options
04-10 17:38:22.877 D/EnvFileUpdater(26150): Found CIRIS_HOME from env: /data/user/0/ai.ciris.mobile.debug/files/ciris
04-10 17:38:23.155 I/CIRISApp(26150): [AdapterWizard] Submitting step with 1 fields
04-10 17:38:23.160 I/CIRISApiClient(26150): [executeConfigurationStep] === EXECUTE CONFIG STEP ===
04-10 17:38:23.162 I/CIRISApiClient(26150): [executeConfigurationStep] Session: 39c1cbb1-54f4-4aec-bc51-6d651b04556c
04-10 17:38:23.164 I/CIRISApiClient(26150): [executeConfigurationStep] Step data keys: [selection]
04-10 17:38:23.166 I/CIRISApiClient(26150): [executeConfigurationStep] Step data values: {selection=skip}
04-10 17:38:24.419 I/CIRISApiClient(26150): [executeConfigurationStep] Response HTTP status: 200
04-10 17:38:24.424 I/CIRISApiClient(26150): [executeConfigurationStep] Response data: success=true, error=null, nextStepIndex=4
04-10 17:38:24.425 I/CIRISApiClient(26150): [executeConfigurationStep] Response data keys: []
04-10 17:38:24.427 I/CIRISApiClient(26150): [executeConfigurationStep] Response data.data: 
04-10 17:38:24.428 I/CIRISApiClient(26150): [executeConfigurationStep] Step result: success=true, nextStep=4, isDiscovery=false, isComplete=false
04-10 17:38:24.429 I/CIRISApiClient(26150): [executeConfigurationStep] === OAUTH URL EXTRACTION ===
04-10 17:38:24.431 I/CIRISApiClient(26150): [executeConfigurationStep] oauth_url present in data: false
04-10 17:38:24.432 I/CIRISApiClient(26150): [executeConfigurationStep] awaiting_callback present in data: false
04-10 17:38:24.434 I/CIRISApiClient(26150): [executeConfigurationStep] No oauth_url extracted from response
04-10 17:38:24.435 I/CIRISApiClient(26150): [executeConfigurationStep] awaitingCallback: false
04-10 17:38:24.436 I/CIRISApiClient(26150): [getConfigurationSessionStatus] Getting session status for: 39c1cbb1-54f4-4aec-bc51-6d651b04556c
04-10 17:38:25.890 I/CIRISApiClient(26150): [getConfigurationSessionStatus] Session status: step=4/5, status=active, stepType=confirm
04-10 17:38:25.894 I/CIRISApiClient(26150): [getConfigurationSessionStatus] Collected config keys: [base_url, callback_base_url, oauth_tokens, select_features, select_cameras]
04-10 17:38:27.756 I/CIRISApiClient(26150): [listAdapters] Listing adapters
04-10 17:38:29.986 I/CIRISApiClient(26150): [listAdapters] API response: total=3, running=3, adapters.size=3
04-10 17:38:29.988 I/CIRISApiClient(26150): [listAdapters]   API adapter[0]: id=cirisverify_bootstrap, type=cirisverify, running=true
04-10 17:38:29.990 I/CIRISApiClient(26150): [listAdapters]   API adapter[1]: id=wallet_bootstrap, type=wallet, running=true
04-10 17:38:29.991 I/CIRISApiClient(26150): [listAdapters]   API adapter[2]: id=api_bootstrap, type=api, running=true
04-10 17:38:32.327 I/CIRISApp(26150): [AdapterWizard] Submitting step with 0 fields
04-10 17:38:32.332 I/CIRISApiClient(26150): [executeConfigurationStep] === EXECUTE CONFIG STEP ===
04-10 17:38:32.335 I/CIRISApiClient(26150): [executeConfigurationStep] Session: 39c1cbb1-54f4-4aec-bc51-6d651b04556c
04-10 17:38:32.337 I/CIRISApiClient(26150): [executeConfigurationStep] Step data keys: []
04-10 17:38:32.339 I/CIRISApiClient(26150): [executeConfigurationStep] Step data values: {}
04-10 17:38:32.879 D/EnvFileUpdater(26150): Found CIRIS_HOME from env: /data/user/0/ai.ciris.mobile.debug/files/ciris
04-10 17:38:33.475 I/CIRISApiClient(26150): [executeConfigurationStep] Response HTTP status: 200
04-10 17:38:33.479 I/CIRISApiClient(26150): [executeConfigurationStep] Response data: success=true, error=null, nextStepIndex=5
04-10 17:38:33.481 I/CIRISApiClient(26150): [executeConfigurationStep] Response data keys: [config_summary]
04-10 17:38:33.483 I/CIRISApiClient(26150): [executeConfigurationStep] Response data.data: config_summary={"base_url":"http://192.168.50.243:8123","callback_base_url":"http://127.0.0.1:8080","oauth_tokens":
04-10 17:38:33.484 I/CIRISApiClient(26150): [executeConfigurationStep] Step result: success=true, nextStep=5, isDiscovery=false, isComplete=false
04-10 17:38:33.486 I/CIRISApiClient(26150): [executeConfigurationStep] === OAUTH URL EXTRACTION ===
04-10 17:38:33.487 I/CIRISApiClient(26150): [executeConfigurationStep] oauth_url present in data: false
04-10 17:38:33.488 I/CIRISApiClient(26150): [executeConfigurationStep] awaiting_callback present in data: false
04-10 17:38:33.489 I/CIRISApiClient(26150): [executeConfigurationStep] No oauth_url extracted from response
04-10 17:38:33.490 I/CIRISApiClient(26150): [executeConfigurationStep] awaitingCallback: false
04-10 17:38:33.492 I/CIRISApiClient(26150): [getConfigurationSessionStatus] Getting session status for: 39c1cbb1-54f4-4aec-bc51-6d651b04556c
04-10 17:38:35.810 I/CIRISApiClient(26150): [getConfigurationSessionStatus] Session status: step=5/5, status=active, stepType=null
04-10 17:38:35.812 I/CIRISApiClient(26150): [getConfigurationSessionStatus] Collected config keys: [base_url, callback_base_url, oauth_tokens, select_features, select_cameras]
04-10 17:38:35.818 I/CIRISApiClient(26150): [completeAdapterConfiguration] Completing configuration for session: 39c1cbb1-54f4-4aec-bc51-6d651b04556c, persist=true
04-10 17:38:39.626 W/python.stderr(26150): /data/data/ai.ciris.mobile.debug/files/chaquopy/AssetFinder/requirements/pydantic/main.py:390: UserWarning: Pydantic serializer warnings:
04-10 17:38:39.626 W/python.stderr(26150):   Expected `dict[str, nullable]` but got `AdapterConfig` with value `AdapterConfig(adapter_typ...': '', 'persist': True})` - serialized value may not be as expected
04-10 17:38:40.001 I/CIRISApiClient(26150): [listAdapters] Listing adapters
04-10 17:38:40.328 I/CIRISApiClient(26150): [completeAdapterConfiguration] Config complete: success=true, adapterType=home_assistant
04-10 17:38:40.334 I/CIRISApiClient(26150): [listAdapters] Listing adapters
04-10 17:38:42.879 D/EnvFileUpdater(26150): Found CIRIS_HOME from env: /data/user/0/ai.ciris.mobile.debug/files/ciris
04-10 17:38:44.063 I/CIRISApiClient(26150): [listAdapters] API response: total=4, running=4, adapters.size=4
04-10 17:38:44.065 I/CIRISApiClient(26150): [listAdapters]   API adapter[0]: id=cirisverify_bootstrap, type=cirisverify, running=true
04-10 17:38:44.066 I/CIRISApiClient(26150): [listAdapters]   API adapter[1]: id=wallet_bootstrap, type=wallet, running=true
04-10 17:38:44.067 I/CIRISApiClient(26150): [listAdapters]   API adapter[2]: id=api_bootstrap, type=api, running=true
04-10 17:38:44.068 I/CIRISApiClient(26150): [listAdapters]   API adapter[3]: id=home_assistant_beec10b9, type=home_assistant, running=true
04-10 17:38:45.175 I/CIRISApiClient(26150): [listAdapters] API response: total=4, running=4, adapters.size=4
04-10 17:38:45.176 I/CIRISApiClient(26150): [listAdapters]   API adapter[0]: id=cirisverify_bootstrap, type=cirisverify, running=true
04-10 17:38:45.178 I/CIRISApiClient(26150): [listAdapters]   API adapter[1]: id=wallet_bootstrap, type=wallet, running=true
04-10 17:38:45.179 I/CIRISApiClient(26150): [listAdapters]   API adapter[2]: id=api_bootstrap, type=api, running=true
04-10 17:38:45.181 I/CIRISApiClient(26150): [listAdapters]   API adapter[3]: id=home_assistant_beec10b9, type=home_assistant, running=true
04-10 17:38:46.768 I/CIRISApiClient(26150): [getWAStatus] Fetching WA status
04-10 17:38:46.843 I/CIRISApp(26150): [Screen.Adapters] Navigating back to Interact
04-10 17:38:46.849 D/CIRISApp(26150): [INIT] CIRISApp composable invoked - googleSignInCallback=PRESENT (65333514)
04-10 17:38:46.853 I/InteractViewModel(26150): [setDeviceAttestationCallback] Device attestation callback SET
04-10 17:38:46.862 D/CIRISApp(26150): [CIRISApp] >>> liveBackgroundEnabled=true, apiClient=present
04-10 17:38:46.879 I/CIRISApp(26150): [Screen.Adapters] Stopping adapter polling
04-10 17:38:47.088 I/CIRISApiClient(26150): [getGraphData] >>> START: hours=24, scope=ALL_SCOPES, type=null, limit=200
04-10 17:38:47.090 I/CIRISApiClient(26150): [getGraphData] Fetching timeline: http://localhost:8080/v1/memory/timeline?hours=24&include_edges=true&include_metrics=false
04-10 17:38:48.006 I/CIRISApiClient(26150): [getWAStatus] WA Status: healthy=true, activeWAs=1, pendingDeferrals=0, deferrals24h=0, subscribers=1
04-10 17:38:49.300 I/CIRISApiClient(26150): [getGraphData] <<< DONE in 2212ms (single API call)
04-10 17:38:49.302 I/CIRISApiClient(26150): [getGraphData]     Nodes: 64 ({local=37, identity=27})
04-10 17:38:49.303 I/CIRISApiClient(26150): [getGraphData]     Edges: 73 total, 60 visible
