04-06 18:17:50.138 E/CIRISApiClient(32191): 	at okhttp3.internal.connection.RealConnection.connect(RealConnection.kt:207)
04-06 18:17:50.138 E/CIRISApiClient(32191): 	at okhttp3.internal.connection.ExchangeFinder.findConnection(ExchangeFinder.kt:226)
04-06 18:17:50.138 E/CIRISApiClient(32191): 	at okhttp3.internal.connection.ExchangeFinder.findHealthyConnection(ExchangeFinder.kt:106)
04-06 18:17:50.138 E/CIRISApiClient(32191): 	at okhttp3.internal.connection.ExchangeFinder.find(ExchangeFinder.kt:74)
04-06 18:17:50.138 E/CIRISApiClient(32191): 	at okhttp3.internal.connection.RealCall.initExchange$okhttp(RealCall.kt:255)
04-06 18:17:50.138 E/CIRISApiClient(32191): 	at okhttp3.internal.connection.ConnectInterceptor.intercept(ConnectInterceptor.kt:32)
04-06 18:17:50.138 E/CIRISApiClient(32191): 	at okhttp3.internal.http.RealInterceptorChain.proceed(RealInterceptorChain.kt:109)
04-06 18:17:50.138 E/CIRISApiClient(32191): 	at okhttp3.internal.cache.CacheInterceptor.intercept(CacheInterceptor.kt:95)
04-06 18:17:50.138 E/CIRISApiClient(32191): 	at okhttp3.internal.http.RealInterceptorChain.proceed(RealInterceptorChain.kt:109)
04-06 18:17:50.138 E/CIRISApiClient(32191): 	at okhttp3.internal.http.BridgeInterceptor.intercept(BridgeInterceptor.kt:83)
04-06 18:17:50.138 E/CIRISApiClient(32191): 	at okhttp3.internal.http.RealInterceptorChain.proceed(RealInterceptorChain.kt:109)
04-06 18:17:50.138 E/CIRISApiClient(32191): 	at okhttp3.internal.http.RetryAndFollowUpInterceptor.intercept(RetryAndFollowUpInterceptor.kt:76)
04-06 18:17:50.138 E/CIRISApiClient(32191): 	at okhttp3.internal.http.RealInterceptorChain.proceed(RealInterceptorChain.kt:109)
04-06 18:17:50.138 E/CIRISApiClient(32191): 	at okhttp3.internal.connection.RealCall.getResponseWithInterceptorChain$okhttp(RealCall.kt:201)
04-06 18:17:50.138 E/CIRISApiClient(32191): 	at okhttp3.internal.connection.RealCall$AsyncCall.run(RealCall.kt:517)
04-06 18:17:50.138 E/CIRISApiClient(32191): 	at java.util.concurrent.ThreadPoolExecutor.runWorker(ThreadPoolExecutor.java:1133)
04-06 18:17:50.138 E/CIRISApiClient(32191): 	at java.util.concurrent.ThreadPoolExecutor$Worker.run(ThreadPoolExecutor.java:607)
04-06 18:17:50.138 E/CIRISApiClient(32191): 	at java.lang.Thread.run(Thread.java:762)
04-06 18:17:50.138 E/CIRISApiClient(32191): Caused by: java.net.ConnectException: Connection refused
04-06 18:17:50.138 E/CIRISApiClient(32191): 	at java.net.PlainSocketImpl.socketConnect(Native Method)
04-06 18:17:50.138 E/CIRISApiClient(32191): 	at java.net.AbstractPlainSocketImpl.doConnect(AbstractPlainSocketImpl.java:334)
04-06 18:17:50.138 E/CIRISApiClient(32191): 	at java.net.AbstractPlainSocketImpl.connectToAddress(AbstractPlainSocketImpl.java:196)
04-06 18:17:50.138 E/CIRISApiClient(32191): 	at java.net.AbstractPlainSocketImpl.connect(AbstractPlainSocketImpl.java:178)
04-06 18:17:50.138 E/CIRISApiClient(32191): 	at java.net.SocksSocketImpl.connect(SocksSocketImpl.java:356)
04-06 18:17:50.138 E/CIRISApiClient(32191): 	at java.net.Socket.connect(Socket.java:605)
04-06 18:17:50.138 E/CIRISApiClient(32191): 	at okhttp3.internal.platform.AndroidPlatform.connectSocket(AndroidPlatform.kt:63)
04-06 18:17:50.138 E/CIRISApiClient(32191): 	at okhttp3.internal.connection.RealConnection.connectSocket(RealConnection.kt:295)
04-06 18:17:50.138 E/CIRISApiClient(32191): 	... 18 more
04-06 18:17:50.738 I/python.stdout(32191): [8/8] ciris_adapters: 256 files hashed
04-06 18:17:50.742 I/python.stdout(32191): INFO: mobile_main: Code integrity check: 957/957 files hashed, total_hash=c8f581e891820c55...
04-06 18:17:50.744 D/MainActivity(32191): Prep step 8/8: [8/8] ciris_adapters: 256 files hashed
04-06 18:17:50.768 I/python.stdout(32191): INFO: mobile_main: Saved 957 module hashes to /data/data/ai.ciris.mobile.debug/files/ciris/startup_python_hashes.json
04-06 18:17:51.452 I/python.stdout(32191): INFO: mobile_main: Code integrity verified: 957 modules, hash=c8f581e891820c55...
04-06 18:17:51.457 I/python.stdout(32191): INFO: mobile_main: Starting CIRIS on-device runtime...
04-06 18:17:51.458 I/python.stdout(32191): INFO: mobile_main: API endpoint: http://0.0.0.0:8080 (binding all interfaces)
04-06 18:17:51.458 I/python.stdout(32191): INFO: mobile_main: LLM endpoint: NOT CONFIGURED
04-06 18:17:51.586 I/python.stdout(32191): INFO: mobile_main: Using Android config - CIRIS_HOME: /data/data/ai.ciris.mobile.debug/files/ciris, data_dir: /data/data/ai.ciris.mobile.debug/files/ciris/data
04-06 18:17:51.605 I/python.stdout(32191): INFO: mobile_main: Bootstrap adapters: ['api'] - additional adapters loaded from graph/resume
04-06 18:17:51.615 I/python.stdout(32191): INFO: ciris_engine.logic.runtime.bootstrap_helpers: [BOOTSTRAP] identity_update=False, template_name=None
04-06 18:17:51.896 D/CIRISApp(32191): [INIT] CIRISApp composable invoked - googleSignInCallback=PRESENT (182490387)
04-06 18:17:51.898 I/InteractViewModel(32191): [setDeviceAttestationCallback] Device attestation callback SET
04-06 18:17:52.074 I/python.stdout(32191): INFO: ciris_engine.logic.adapters: Successfully loaded adapter for mode 'ciris_verify' from modular adapters
04-06 18:17:52.100 I/python.stdout(32191): INFO: ciris_engine.logic.adapters.base: Initializing service: CIRISVerifyAdapter
04-06 18:17:52.101 I/python.stdout(32191): INFO: ciris_engine.logic.runtime.bootstrap_helpers: Successfully loaded adapter: ciris_verify
04-06 18:17:53.317 I/python.stdout(32191): INFO: ciris_engine.logic.adapters: Successfully loaded adapter for mode 'wallet' from modular adapters
04-06 18:17:53.318 I/python.stdout(32191): INFO: ciris_engine.logic.adapters.base: Initializing service: WalletAdapter
04-06 18:17:53.320 I/python.stdout(32191): INFO: ciris_adapters.wallet.tool_service: WalletToolService initialized with providers: []
04-06 18:17:53.320 I/python.stdout(32191): INFO: ciris_engine.logic.runtime.bootstrap_helpers: Successfully loaded adapter: wallet
04-06 18:17:53.321 I/python.stdout(32191): INFO: ciris_engine.logic.adapters: Successfully loaded adapter for mode 'api' from core adapters
04-06 18:17:53.322 I/python.stdout(32191): INFO: ciris_engine.logic.adapters.base: Initializing service: ApiPlatform
04-06 18:17:53.323 I/python.stdout(32191): INFO: ciris_engine.logic.adapters.api.adapter: [API_ADAPTER_INIT] kwargs keys: ['adapter_config']
04-06 18:17:53.324 I/python.stdout(32191): INFO: ciris_engine.logic.adapters.api.adapter: [API_ADAPTER_INIT] adapter_config in kwargs: True
04-06 18:17:53.324 I/python.stdout(32191): INFO: ciris_engine.logic.adapters.api.adapter: [API_ADAPTER_INIT] adapter_config value: {'host': '0.0.0.0', 'port': 8080, 'cors_enabled': True, 'cors_origins': ['*'], 'cors_allow_credentials': False, 'max_request_size': 1048576, 'request_timeout': 30.0, 'enable_swagger': True, 'enable_redoc': True, 'rate_limit_enabled': True, 'rate_limit_per_minute': 60, 'auth_enabled': True, 'interaction_timeout': 55.0, 'proxy_path': '', 'agent_id': ''}, type: <class 'dict'>
04-06 18:17:53.325 I/python.stdout(32191): INFO: ciris_engine.logic.adapters.api.adapter: [API_ADAPTER_INIT] Created APIAdapterConfig from dict, port=8080
04-06 18:17:53.325 I/python.stdout(32191): [STARTUP] Creating API application...
04-06 18:17:53.329 I/python.stdout(32191): [STARTUP] Configuring middleware...
04-06 18:17:53.329 I/python.stdout(32191): Rate limiting enabled: 60 requests per minute
04-06 18:17:53.330 I/python.stdout(32191): [STARTUP] Initializing runtime state...
04-06 18:17:53.797 D/EnvFileUpdater(32191): Found CIRIS_HOME from env: /data/user/0/ai.ciris.mobile.debug/files/ciris
04-06 18:17:53.929 I/python.stdout(32191): [STARTUP] Registering API routes...
04-06 18:17:54.400 D/CIRISApp(32191): [INIT] CIRISApp composable invoked - googleSignInCallback=PRESENT (182490387)
04-06 18:17:54.403 I/InteractViewModel(32191): [setDeviceAttestationCallback] Device attestation callback SET
04-06 18:17:55.198 E/CIRISApiClient(32191): [getSystemStatus] Exception: ConnectException: Failed to connect to localhost/127.0.0.1:8080 | Context: url=http://localhost:8080
04-06 18:17:55.198 E/CIRISApiClient(32191): java.net.ConnectException: Failed to connect to localhost/127.0.0.1:8080
04-06 18:17:55.198 E/CIRISApiClient(32191): 	at okhttp3.internal.connection.RealConnection.connectSocket(RealConnection.kt:297)
04-06 18:17:55.198 E/CIRISApiClient(32191): 	at okhttp3.internal.connection.RealConnection.connect(RealConnection.kt:207)
04-06 18:17:55.198 E/CIRISApiClient(32191): 	at okhttp3.internal.connection.ExchangeFinder.findConnection(ExchangeFinder.kt:226)
04-06 18:17:55.198 E/CIRISApiClient(32191): 	at okhttp3.internal.connection.ExchangeFinder.findHealthyConnection(ExchangeFinder.kt:106)
04-06 18:17:55.198 E/CIRISApiClient(32191): 	at okhttp3.internal.connection.ExchangeFinder.find(ExchangeFinder.kt:74)
04-06 18:17:55.198 E/CIRISApiClient(32191): 	at okhttp3.internal.connection.RealCall.initExchange$okhttp(RealCall.kt:255)
04-06 18:17:55.198 E/CIRISApiClient(32191): 	at okhttp3.internal.connection.ConnectInterceptor.intercept(ConnectInterceptor.kt:32)
04-06 18:17:55.198 E/CIRISApiClient(32191): 	at okhttp3.internal.http.RealInterceptorChain.proceed(RealInterceptorChain.kt:109)
04-06 18:17:55.198 E/CIRISApiClient(32191): 	at okhttp3.internal.cache.CacheInterceptor.intercept(CacheInterceptor.kt:95)
04-06 18:17:55.198 E/CIRISApiClient(32191): 	at okhttp3.internal.http.RealInterceptorChain.proceed(RealInterceptorChain.kt:109)
04-06 18:17:55.198 E/CIRISApiClient(32191): 	at okhttp3.internal.http.BridgeInterceptor.intercept(BridgeInterceptor.kt:83)
04-06 18:17:55.198 E/CIRISApiClient(32191): 	at okhttp3.internal.http.RealInterceptorChain.proceed(RealInterceptorChain.kt:109)
04-06 18:17:55.198 E/CIRISApiClient(32191): 	at okhttp3.internal.http.RetryAndFollowUpInterceptor.intercept(RetryAndFollowUpInterceptor.kt:76)
04-06 18:17:55.198 E/CIRISApiClient(32191): 	at okhttp3.internal.http.RealInterceptorChain.proceed(RealInterceptorChain.kt:109)
04-06 18:17:55.198 E/CIRISApiClient(32191): 	at okhttp3.internal.connection.RealCall.getResponseWithInterceptorChain$okhttp(RealCall.kt:201)
04-06 18:17:55.198 E/CIRISApiClient(32191): 	at okhttp3.internal.connection.RealCall$AsyncCall.run(RealCall.kt:517)
04-06 18:17:55.198 E/CIRISApiClient(32191): 	at java.util.concurrent.ThreadPoolExecutor.runWorker(ThreadPoolExecutor.java:1133)
04-06 18:17:55.198 E/CIRISApiClient(32191): 	at java.util.concurrent.ThreadPoolExecutor$Worker.run(ThreadPoolExecutor.java:607)
04-06 18:17:55.198 E/CIRISApiClient(32191): 	at java.lang.Thread.run(Thread.java:762)
04-06 18:17:55.198 E/CIRISApiClient(32191): Caused by: java.net.ConnectException: Connection refused
04-06 18:17:55.198 E/CIRISApiClient(32191): 	at java.net.PlainSocketImpl.socketConnect(Native Method)
04-06 18:17:55.198 E/CIRISApiClient(32191): 	at java.net.AbstractPlainSocketImpl.doConnect(AbstractPlainSocketImpl.java:334)
04-06 18:17:55.198 E/CIRISApiClient(32191): 	at java.net.AbstractPlainSocketImpl.connectToAddress(AbstractPlainSocketImpl.java:196)
04-06 18:17:55.198 E/CIRISApiClient(32191): 	at java.net.AbstractPlainSocketImpl.connect(AbstractPlainSocketImpl.java:178)
04-06 18:17:55.198 E/CIRISApiClient(32191): 	at java.net.SocksSocketImpl.connect(SocksSocketImpl.java:356)
04-06 18:17:55.198 E/CIRISApiClient(32191): 	at java.net.Socket.connect(Socket.java:605)
04-06 18:17:55.198 E/CIRISApiClient(32191): 	at okhttp3.internal.platform.AndroidPlatform.connectSocket(AndroidPlatform.kt:63)
04-06 18:17:55.198 E/CIRISApiClient(32191): 	at okhttp3.internal.connection.RealConnection.connectSocket(RealConnection.kt:295)
04-06 18:17:55.198 E/CIRISApiClient(32191): 	... 18 more
04-06 18:17:56.902 D/CIRISApp(32191): [INIT] CIRISApp composable invoked - googleSignInCallback=PRESENT (182490387)
04-06 18:17:56.905 I/InteractViewModel(32191): [setDeviceAttestationCallback] Device attestation callback SET
04-06 18:17:59.407 D/CIRISApp(32191): [INIT] CIRISApp composable invoked - googleSignInCallback=PRESENT (182490387)
04-06 18:17:59.409 I/InteractViewModel(32191): [setDeviceAttestationCallback] Device attestation callback SET
04-06 18:17:59.433 I/python.stdout(32191): [STARTUP] Routes registered successfully
04-06 18:17:59.447 I/python.stdout(32191): ℹ️  API-only mode - use CIRIS Desktop app to connect
04-06 18:17:59.447 I/python.stdout(32191): [STARTUP] API application ready
04-06 18:17:59.448 I/python.stdout(32191): INFO: ciris_engine.logic.adapters.base: Initializing service: APIRuntimeControlService
04-06 18:17:59.449 I/python.stdout(32191): INFO: ciris_engine.logic.adapters.api.adapter: API adapter initialized - host: 0.0.0.0, port: 8080
04-06 18:17:59.449 I/python.stdout(32191): INFO: ciris_engine.logic.runtime.bootstrap_helpers: Successfully loaded adapter: api
04-06 18:17:59.450 I/python.stdout(32191): INFO: mobile_main: Initializing CIRIS services...
04-06 18:17:59.451 I/python.stdout(32191): INFO: ciris_engine.logic.runtime.ciris_runtime: Initializing CIRIS Runtime...
04-06 18:17:59.457 I/python.stdout(32191): INFO: ciris_engine.logic.runtime.ciris_runtime: Development environment - setting up directories...
04-06 18:17:59.478 I/python.stdout(32191): ✓ Database exclusive access confirmed: /data/data/ai.ciris.mobile.debug/files/ciris/data/ciris_engine.db
04-06 18:17:59.482 I/python.stdout(32191): ✓ All directories and critical files successfully configured
04-06 18:17:59.482 I/python.stdout(32191): INFO: ciris_engine.logic.runtime.ciris_runtime: [initialize] Initializing infrastructure services...
04-06 18:17:59.483 I/python.stdout(32191): INFO: ciris_engine.logic.setup.first_run: Checking first-run status...
04-06 18:17:59.484 I/python.stdout(32191): INFO: ciris_engine.logic.setup.first_run: Running in INSTALLED mode (git repo: False)
04-06 18:17:59.485 I/python.stdout(32191): INFO: ciris_engine.logic.setup.first_run: CIRIS_FORCE_FIRST_RUN env var: None
04-06 18:17:59.487 I/python.stdout(32191): INFO: ciris_engine.logic.setup.first_run: Android mode: checking /data/data/ai.ciris.mobile.debug/files/ciris/.env
04-06 18:17:59.488 I/python.stdout(32191): INFO: ciris_engine.logic.setup.first_run: Checking config paths: ['/data/data/ai.ciris.mobile.debug/files/ciris/.env']
04-06 18:17:59.488 I/python.stdout(32191): INFO: ciris_engine.logic.setup.first_run: No valid config files found - IS first run
04-06 18:17:59.489 I/python.stdout(32191): WARNING: ciris_engine.logic.runtime.startup_logging: [SERVICES] === FIRST-RUN PHASE ===
04-06 18:17:59.489 I/python.stdout(32191): [SERVICES] === FIRST-RUN PHASE ===
04-06 18:17:59.490 I/python.stdout(32191): INFO: ciris_engine.services.TimeService: TimeService started successfully
04-06 18:17:59.491 I/python.stdout(32191): WARNING: ciris_engine.logic.runtime.startup_logging: [FIRST-RUN] [SERVICE 1/22] TimeService STARTED
04-06 18:17:59.491 I/python.stdout(32191): [FIRST-RUN] [SERVICE 1/22] TimeService STARTED
04-06 18:17:59.492 I/python.stdout(32191): INFO: ciris_engine.services.ShutdownService: ShutdownService started successfully
04-06 18:17:59.492 I/python.stdout(32191): WARNING: ciris_engine.logic.runtime.startup_logging: [FIRST-RUN] [SERVICE 2/22] ShutdownService STARTED
04-06 18:17:59.492 I/python.stdout(32191): [FIRST-RUN] [SERVICE 2/22] ShutdownService STARTED
04-06 18:17:59.493 I/python.stdout(32191): INFO: ciris_engine.services.InitializationService: InitializationService started successfully
04-06 18:17:59.494 I/python.stdout(32191): WARNING: ciris_engine.logic.runtime.startup_logging: [FIRST-RUN] [SERVICE 3/22] InitializationService STARTED
04-06 18:17:59.494 I/python.stdout(32191): [FIRST-RUN] [SERVICE 3/22] InitializationService STARTED
04-06 18:17:59.499 D/MainActivity(32191): Service 1 started (1/22)
04-06 18:17:59.503 D/MainActivity(32191): Service 1 started (1/22)
04-06 18:17:59.506 D/CIRISApp(32191): [INIT] CIRISApp composable invoked - googleSignInCallback=PRESENT (182490387)
04-06 18:17:59.507 I/InteractViewModel(32191): [setDeviceAttestationCallback] Device attestation callback SET
04-06 18:17:59.508 D/MainActivity(32191): Service 2 started (2/22)
04-06 18:17:59.512 D/MainActivity(32191): Service 2 started (2/22)
04-06 18:17:59.516 D/MainActivity(32191): Service 3 started (3/22)
04-06 18:17:59.520 D/MainActivity(32191): Service 3 started (3/22)
04-06 18:17:59.535 I/python.stdout(32191): INFO: ciris_engine.logic.runtime.service_initializer: Android not using CIRIS proxy - no billing required
04-06 18:17:59.558 I/python.stdout(32191): INFO: ciris_engine.services.ResourceMonitorService: ResourceMonitorService: Started scheduled task with interval 1.0s
04-06 18:17:59.559 I/python.stdout(32191): INFO: ciris_engine.services.ResourceMonitorService: ResourceMonitorService started successfully
04-06 18:17:59.559 I/python.stdout(32191): WARNING: ciris_engine.logic.runtime.startup_logging: [FIRST-RUN] [SERVICE 4/22] ResourceMonitor STARTED
04-06 18:17:59.559 I/python.stdout(32191): [FIRST-RUN] [SERVICE 4/22] ResourceMonitor STARTED
04-06 18:17:59.560 I/python.stdout(32191): INFO: ciris_engine.logic.runtime.ciris_runtime: [initialize] Infrastructure services initialized
04-06 18:17:59.561 I/python.stdout(32191): INFO: ciris_engine.logic.runtime.ciris_runtime: [initialize] Got initialization service: <ciris_engine.logic.services.lifecycle.initialization.service.InitializationService object at 0xb4071250>
04-06 18:17:59.561 I/python.stdout(32191): INFO: ciris_engine.logic.runtime.ciris_runtime: [initialize] Registering initialization steps...
04-06 18:17:59.562 I/python.stdout(32191): INFO: ciris_engine.logic.runtime.ciris_runtime: [initialize] Steps registered
04-06 18:17:59.563 I/python.stdout(32191): INFO: ciris_engine.logic.runtime.ciris_runtime: [initialize] Running initialization sequence...
04-06 18:17:59.563 I/python.stdout(32191): INFO: ciris_engine.logic.services.lifecycle.initialization.service: ============================================================
04-06 18:17:59.564 I/python.stdout(32191): INFO: ciris_engine.logic.services.lifecycle.initialization.service: CIRIS Agent Initialization Sequence Starting
04-06 18:17:59.564 I/python.stdout(32191): INFO: ciris_engine.logic.services.lifecycle.initialization.service: ============================================================
04-06 18:17:59.565 D/MainActivity(32191): Service 4 started (4/22)
04-06 18:17:59.565 I/python.stdout(32191): INFO: ciris_engine.logic.services.lifecycle.initialization.service: [InitializationService] Registered 13 steps across 8 phases
04-06 18:17:59.566 I/python.stdout(32191): INFO: ciris_engine.logic.services.lifecycle.initialization.service: [InitializationService] Executing phase infrastructure with 1 steps
04-06 18:17:59.566 I/python.stdout(32191): INFO: ciris_engine.logic.services.lifecycle.initialization.service: ------------------------------------------------------------
04-06 18:17:59.567 I/python.stdout(32191): INFO: ciris_engine.logic.services.lifecycle.initialization.service: Phase: INFRASTRUCTURE
04-06 18:17:59.567 I/python.stdout(32191): INFO: ciris_engine.logic.services.lifecycle.initialization.service: ------------------------------------------------------------
04-06 18:17:59.567 I/python.stdout(32191): INFO: ciris_engine.logic.services.lifecycle.initialization.service: → Initialize Infrastructure Services...
04-06 18:17:59.569 D/MainActivity(32191): Service 4 started (4/22)
04-06 18:17:59.650 I/python.stdout(32191): 
04-06 18:17:59.650 I/python.stdout(32191): ================================================================================
04-06 18:17:59.651 I/python.stdout(32191): 🔍 LOGGING INITIALIZED - SEE DETAILED LOGS AT: /data/data/ai.ciris.mobile.debug/files/ciris/logs/ciris_agent_20260406_231759.log
04-06 18:17:59.651 I/python.stdout(32191): 🔗 Symlinked to: /data/data/ai.ciris.mobile.debug/files/ciris/logs/latest.log
04-06 18:17:59.651 I/python.stdout(32191): ⚠️  Incident capture: /data/data/ai.ciris.mobile.debug/files/ciris/logs/incidents_latest.log (WARNING/ERROR messages captured as incidents)
04-06 18:17:59.651 I/python.stdout(32191): ================================================================================
04-06 18:17:59.651 I/python.stdout(32191): 
04-06 18:17:59.743 I/python.stdout(32191): [FIRST-RUN] [SERVICE 5/22] SecretsService STARTED
04-06 18:17:59.750 D/MainActivity(32191): Service 5 started (5/22)
04-06 18:17:59.757 I/python.stdout(32191): [FIRST-RUN] [SERVICE 22/22] SecretsToolService STARTED
04-06 18:17:59.767 D/MainActivity(32191): Service 22 started (6/22)
04-06 18:17:59.789 I/python.stdout(32191): [FIRST-RUN] [SERVICE 6/22] MemoryService STARTED
04-06 18:17:59.791 I/python.stdout(32191): [FIRST-RUN] [SERVICE 7/22] ConfigService STARTED
04-06 18:17:59.795 D/MainActivity(32191): Service 6 started (7/22)
04-06 18:17:59.801 D/MainActivity(32191): Service 7 started (8/22)
04-06 18:18:00.229 E/CIRISApiClient(32191): [getSystemStatus] Exception: ConnectException: Failed to connect to localhost/127.0.0.1:8080 | Context: url=http://localhost:8080
04-06 18:18:00.229 E/CIRISApiClient(32191): java.net.ConnectException: Failed to connect to localhost/127.0.0.1:8080
04-06 18:18:00.229 E/CIRISApiClient(32191): 	at okhttp3.internal.connection.RealConnection.connectSocket(RealConnection.kt:297)
04-06 18:18:00.229 E/CIRISApiClient(32191): 	at okhttp3.internal.connection.RealConnection.connect(RealConnection.kt:207)
04-06 18:18:00.229 E/CIRISApiClient(32191): 	at okhttp3.internal.connection.ExchangeFinder.findConnection(ExchangeFinder.kt:226)
04-06 18:18:00.229 E/CIRISApiClient(32191): 	at okhttp3.internal.connection.ExchangeFinder.findHealthyConnection(ExchangeFinder.kt:106)
04-06 18:18:00.229 E/CIRISApiClient(32191): 	at okhttp3.internal.connection.ExchangeFinder.find(ExchangeFinder.kt:74)
04-06 18:18:00.229 E/CIRISApiClient(32191): 	at okhttp3.internal.connection.RealCall.initExchange$okhttp(RealCall.kt:255)
04-06 18:18:00.229 E/CIRISApiClient(32191): 	at okhttp3.internal.connection.ConnectInterceptor.intercept(ConnectInterceptor.kt:32)
04-06 18:18:00.229 E/CIRISApiClient(32191): 	at okhttp3.internal.http.RealInterceptorChain.proceed(RealInterceptorChain.kt:109)
04-06 18:18:00.229 E/CIRISApiClient(32191): 	at okhttp3.internal.cache.CacheInterceptor.intercept(CacheInterceptor.kt:95)
04-06 18:18:00.229 E/CIRISApiClient(32191): 	at okhttp3.internal.http.RealInterceptorChain.proceed(RealInterceptorChain.kt:109)
04-06 18:18:00.229 E/CIRISApiClient(32191): 	at okhttp3.internal.http.BridgeInterceptor.intercept(BridgeInterceptor.kt:83)
04-06 18:18:00.229 E/CIRISApiClient(32191): 	at okhttp3.internal.http.RealInterceptorChain.proceed(RealInterceptorChain.kt:109)
04-06 18:18:00.229 E/CIRISApiClient(32191): 	at okhttp3.internal.http.RetryAndFollowUpInterceptor.intercept(RetryAndFollowUpInterceptor.kt:76)
04-06 18:18:00.229 E/CIRISApiClient(32191): 	at okhttp3.internal.http.RealInterceptorChain.proceed(RealInterceptorChain.kt:109)
04-06 18:18:00.229 E/CIRISApiClient(32191): 	at okhttp3.internal.connection.RealCall.getResponseWithInterceptorChain$okhttp(RealCall.kt:201)
04-06 18:18:00.229 E/CIRISApiClient(32191): 	at okhttp3.internal.connection.RealCall$AsyncCall.run(RealCall.kt:517)
04-06 18:18:00.229 E/CIRISApiClient(32191): 	at java.util.concurrent.ThreadPoolExecutor.runWorker(ThreadPoolExecutor.java:1133)
04-06 18:18:00.229 E/CIRISApiClient(32191): 	at java.util.concurrent.ThreadPoolExecutor$Worker.run(ThreadPoolExecutor.java:607)
04-06 18:18:00.229 E/CIRISApiClient(32191): 	at java.lang.Thread.run(Thread.java:762)
04-06 18:18:00.229 E/CIRISApiClient(32191): Caused by: java.net.ConnectException: Connection refused
04-06 18:18:00.229 E/CIRISApiClient(32191): 	at java.net.PlainSocketImpl.socketConnect(Native Method)
04-06 18:18:00.229 E/CIRISApiClient(32191): 	at java.net.AbstractPlainSocketImpl.doConnect(AbstractPlainSocketImpl.java:334)
04-06 18:18:00.229 E/CIRISApiClient(32191): 	at java.net.AbstractPlainSocketImpl.connectToAddress(AbstractPlainSocketImpl.java:196)
04-06 18:18:00.229 E/CIRISApiClient(32191): 	at java.net.AbstractPlainSocketImpl.connect(AbstractPlainSocketImpl.java:178)
04-06 18:18:00.229 E/CIRISApiClient(32191): 	at java.net.SocksSocketImpl.connect(SocksSocketImpl.java:356)
04-06 18:18:00.229 E/CIRISApiClient(32191): 	at java.net.Socket.connect(Socket.java:605)
04-06 18:18:00.229 E/CIRISApiClient(32191): 	at okhttp3.internal.platform.AndroidPlatform.connectSocket(AndroidPlatform.kt:63)
04-06 18:18:00.229 E/CIRISApiClient(32191): 	at okhttp3.internal.connection.RealConnection.connectSocket(RealConnection.kt:295)
04-06 18:18:00.229 E/CIRISApiClient(32191): 	... 18 more
04-06 18:18:02.093 D/CIRISApp(32191): [INIT] CIRISApp composable invoked - googleSignInCallback=PRESENT (182490387)
04-06 18:18:02.094 I/InteractViewModel(32191): [setDeviceAttestationCallback] Device attestation callback SET
04-06 18:18:03.703 I/python.stdout(32191): [FIRST-RUN] [SERVICE 15/22] AuthenticationService STARTED
04-06 18:18:03.708 D/MainActivity(32191): Service 15 started (9/22)
04-06 18:18:03.729 I/python.stdout(32191): [FIRST-RUN] [SERVICE 13/22] WiseAuthority STARTED
04-06 18:18:03.735 D/MainActivity(32191): Service 13 started (10/22)
04-06 18:18:03.738 I/python.stdout(32191): [FIRST-RUN] ✓ 10/10 minimal services started - ready for setup wizard
04-06 18:18:03.798 D/EnvFileUpdater(32191): Found CIRIS_HOME from env: /data/user/0/ai.ciris.mobile.debug/files/ciris
04-06 18:18:04.580 I/InteractViewModel(32191): [observeLanguageChanges] Updating pipeline labels for language: en (explicit=false)
04-06 18:18:04.595 D/CIRISApp(32191): [INIT] CIRISApp composable invoked - googleSignInCallback=PRESENT (182490387)
04-06 18:18:04.596 I/InteractViewModel(32191): [setDeviceAttestationCallback] Device attestation callback SET
04-06 18:18:05.013 W/python.stderr(32191): /data/data/ai.ciris.mobile.debug/files/chaquopy/AssetFinder/requirements/pydantic/_internal/_config.py:291: PydanticDeprecatedSince20: Support for class-based `config` is deprecated, use ConfigDict instead. Deprecated in Pydantic V2.0 to be removed in V3.0. See Pydantic V2 Migration Guide at https://errors.pydantic.dev/2.9/migration/
04-06 18:18:05.269 E/CIRISApiClient(32191): [getSystemStatus] Exception: ConnectException: Failed to connect to localhost/127.0.0.1:8080 | Context: url=http://localhost:8080
04-06 18:18:05.269 E/CIRISApiClient(32191): java.net.ConnectException: Failed to connect to localhost/127.0.0.1:8080
04-06 18:18:05.269 E/CIRISApiClient(32191): 	at okhttp3.internal.connection.RealConnection.connectSocket(RealConnection.kt:297)
04-06 18:18:05.269 E/CIRISApiClient(32191): 	at okhttp3.internal.connection.RealConnection.connect(RealConnection.kt:207)
04-06 18:18:05.269 E/CIRISApiClient(32191): 	at okhttp3.internal.connection.ExchangeFinder.findConnection(ExchangeFinder.kt:226)
04-06 18:18:05.269 E/CIRISApiClient(32191): 	at okhttp3.internal.connection.ExchangeFinder.findHealthyConnection(ExchangeFinder.kt:106)
04-06 18:18:05.269 E/CIRISApiClient(32191): 	at okhttp3.internal.connection.ExchangeFinder.find(ExchangeFinder.kt:74)
04-06 18:18:05.269 E/CIRISApiClient(32191): 	at okhttp3.internal.connection.RealCall.initExchange$okhttp(RealCall.kt:255)
04-06 18:18:05.269 E/CIRISApiClient(32191): 	at okhttp3.internal.connection.ConnectInterceptor.intercept(ConnectInterceptor.kt:32)
04-06 18:18:05.269 E/CIRISApiClient(32191): 	at okhttp3.internal.http.RealInterceptorChain.proceed(RealInterceptorChain.kt:109)
04-06 18:18:05.269 E/CIRISApiClient(32191): 	at okhttp3.internal.cache.CacheInterceptor.intercept(CacheInterceptor.kt:95)
04-06 18:18:05.269 E/CIRISApiClient(32191): 	at okhttp3.internal.http.RealInterceptorChain.proceed(RealInterceptorChain.kt:109)
04-06 18:18:05.269 E/CIRISApiClient(32191): 	at okhttp3.internal.http.BridgeInterceptor.intercept(BridgeInterceptor.kt:83)
04-06 18:18:05.269 E/CIRISApiClient(32191): 	at okhttp3.internal.http.RealInterceptorChain.proceed(RealInterceptorChain.kt:109)
04-06 18:18:05.269 E/CIRISApiClient(32191): 	at okhttp3.internal.http.RetryAndFollowUpInterceptor.intercept(RetryAndFollowUpInterceptor.kt:76)
04-06 18:18:05.269 E/CIRISApiClient(32191): 	at okhttp3.internal.http.RealInterceptorChain.proceed(RealInterceptorChain.kt:109)
04-06 18:18:05.269 E/CIRISApiClient(32191): 	at okhttp3.internal.connection.RealCall.getResponseWithInterceptorChain$okhttp(RealCall.kt:201)
04-06 18:18:05.269 E/CIRISApiClient(32191): 	at okhttp3.internal.connection.RealCall$AsyncCall.run(RealCall.kt:517)
04-06 18:18:05.269 E/CIRISApiClient(32191): 	at java.util.concurrent.ThreadPoolExecutor.runWorker(ThreadPoolExecutor.java:1133)
04-06 18:18:05.269 E/CIRISApiClient(32191): 	at java.util.concurrent.ThreadPoolExecutor$Worker.run(ThreadPoolExecutor.java:607)
04-06 18:18:05.269 E/CIRISApiClient(32191): 	at java.lang.Thread.run(Thread.java:762)
04-06 18:18:05.269 E/CIRISApiClient(32191): Caused by: java.net.ConnectException: Connection refused
04-06 18:18:05.269 E/CIRISApiClient(32191): 	at java.net.PlainSocketImpl.socketConnect(Native Method)
04-06 18:18:05.269 E/CIRISApiClient(32191): 	at java.net.AbstractPlainSocketImpl.doConnect(AbstractPlainSocketImpl.java:334)
04-06 18:18:05.269 E/CIRISApiClient(32191): 	at java.net.AbstractPlainSocketImpl.connectToAddress(AbstractPlainSocketImpl.java:196)
04-06 18:18:05.269 E/CIRISApiClient(32191): 	at java.net.AbstractPlainSocketImpl.connect(AbstractPlainSocketImpl.java:178)
04-06 18:18:05.269 E/CIRISApiClient(32191): 	at java.net.SocksSocketImpl.connect(SocksSocketImpl.java:356)
04-06 18:18:05.269 E/CIRISApiClient(32191): 	at java.net.Socket.connect(Socket.java:605)
04-06 18:18:05.269 E/CIRISApiClient(32191): 	at okhttp3.internal.platform.AndroidPlatform.connectSocket(AndroidPlatform.kt:63)
04-06 18:18:05.269 E/CIRISApiClient(32191): 	at okhttp3.internal.connection.RealConnection.connectSocket(RealConnection.kt:295)
04-06 18:18:05.269 E/CIRISApiClient(32191): 	... 18 more
04-06 18:18:07.099 D/CIRISApp(32191): [INIT] CIRISApp composable invoked - googleSignInCallback=PRESENT (182490387)
04-06 18:18:07.100 I/InteractViewModel(32191): [setDeviceAttestationCallback] Device attestation callback SET
04-06 18:18:07.414 I/python.stdout(32191): [STARTUP] Checking port 8080 availability...
04-06 18:18:07.416 I/python.stdout(32191): [STARTUP] Binding to port 8080...
04-06 18:18:07.435 I/python.stdout(32191): 
04-06 18:18:07.435 I/python.stdout(32191): ============================================================
04-06 18:18:07.436 I/python.stdout(32191):   CIRIS Setup Required
04-06 18:18:07.436 I/python.stdout(32191): ============================================================
04-06 18:18:07.436 I/python.stdout(32191): 
04-06 18:18:07.436 I/python.stdout(32191):   Open your browser to complete setup:
04-06 18:18:07.436 I/python.stdout(32191): 
04-06 18:18:07.436 I/python.stdout(32191):     http://0.0.0.0:8080
04-06 18:18:07.436 I/python.stdout(32191): 
04-06 18:18:07.436 I/python.stdout(32191): ============================================================
04-06 18:18:07.437 I/python.stdout(32191): 
04-06 18:18:07.437 I/python.stdout(32191): [STARTUP] Starting server...
04-06 18:18:07.481 I/python.stdout(32191): Starting CIRIS API...
04-06 18:18:08.439 I/python.stdout(32191): [STARTUP] API server listening on port 8080
04-06 18:18:08.440 I/python.stdout(32191): [STARTUP] Server ready for connections
04-06 18:18:09.603 D/CIRISApp(32191): [INIT] CIRISApp composable invoked - googleSignInCallback=PRESENT (182490387)
04-06 18:18:09.605 I/InteractViewModel(32191): [setDeviceAttestationCallback] Device attestation callback SET
04-06 18:18:12.106 D/CIRISApp(32191): [INIT] CIRISApp composable invoked - googleSignInCallback=PRESENT (182490387)
04-06 18:18:12.109 I/InteractViewModel(32191): [setDeviceAttestationCallback] Device attestation callback SET
04-06 18:18:12.857 D/CIRISApp(32191): [INIT] CIRISApp composable invoked - googleSignInCallback=PRESENT (182490387)
04-06 18:18:12.858 I/InteractViewModel(32191): [setDeviceAttestationCallback] Device attestation callback SET
04-06 18:18:12.902 D/CIRISApp(32191): [INFO] Startup READY, checking first-run status...
04-06 18:18:12.949 I/CIRISApiClient(32191): [init] CIRISApiClient initialized with baseUrl=http://localhost:8080
04-06 18:18:12.982 I/InteractViewModel(32191): [observeLanguageChanges] Updating pipeline labels for language: en (explicit=false)
04-06 18:18:12.990 D/CIRISApp(32191): [INIT] CIRISApp composable invoked - googleSignInCallback=PRESENT (182490387)
04-06 18:18:12.991 I/InteractViewModel(32191): [setDeviceAttestationCallback] Device attestation callback SET
04-06 18:18:13.062 I/CIRISApiClient(32191): [getSetupStatus] Setup status: required=true, firstRun=true, configExists=false
04-06 18:18:13.066 D/CIRISApp(32191): [INFO] First run check result: true
04-06 18:18:13.066 D/CIRISApp(32191): [INFO] First run detected, navigating to Login
04-06 18:18:13.068 D/CIRISApp(32191): [INIT] CIRISApp composable invoked - googleSignInCallback=PRESENT (182490387)
04-06 18:18:13.069 I/InteractViewModel(32191): [setDeviceAttestationCallback] Device attestation callback SET
04-06 18:18:13.075 D/CIRISApp(32191): [DEBUG][Screen.Login] Rendering login screen, googleSignInCallback=PRESENT, isFirstRun=true
04-06 18:18:13.800 D/EnvFileUpdater(32191): Found CIRIS_HOME from env: /data/user/0/ai.ciris.mobile.debug/files/ciris
04-06 18:18:23.803 D/EnvFileUpdater(32191): Found CIRIS_HOME from env: /data/user/0/ai.ciris.mobile.debug/files/ciris
04-06 18:18:31.988 D/CIRISApp(32191): [INFO][onGoogleSignIn] Button click handler invoked, googleSignInCallback=PRESENT
04-06 18:18:31.988 D/CIRISApp(32191): [INFO][onGoogleSignIn] Callback is not null, calling onGoogleSignInRequested...
04-06 18:18:31.989 I/MainActivity(32191): Google Sign-In requested from CIRISApp (interactive)
04-06 18:18:32.062 D/CIRISApp(32191): [DEBUG][Screen.Login] Rendering login screen, googleSignInCallback=PRESENT, isFirstRun=true
04-06 18:18:33.805 D/EnvFileUpdater(32191): Found CIRIS_HOME from env: /data/user/0/ai.ciris.mobile.debug/files/ciris
04-06 18:18:34.414 I/MainActivity(32191): Google Sign-In successful: ciristest1@gmail.com
04-06 18:18:34.415 D/CIRISApp(32191): [INFO][onGoogleSignIn] Got result from native sign-in: Success
04-06 18:18:34.415 D/CIRISApp(32191): [DEBUG][onGoogleSignIn] Processing result: Success(idToken=eyJhbGciOiJSUzI1NiIsImtpZCI6ImNjZTRlMDI0YTUxYWEwYzFjNDFjMWE0NTE1YTQxZGQ3ZTk2MTkzNmIiLCJ0eXAiOiJKV1QifQ.eyJpc3MiOiJodHRwczovL2FjY291bnRzLmdvb2dsZS5jb20iLCJhenAiOiIyNjU4ODI4NTM2OTctOGM1M20zaG4yZDcwczdvcWxtMmgxNjdmN2hyZDFhdTYuYXBwcy5nb29nbGV1c2VyY29udGVudC5jb20iLCJhdWQiOiIyNjU4ODI4NTM2OTctbDQyMW5kb2pjczVubTdsa2xuNTNqajI5a2Y3a2NrOTEuYXBwcy5nb29nbGV1c2VyY29udGVudC5jb20iLCJzdWIiOiIxMDI3NzM3NDkwMzM2ODE2NzEwODMiLCJlbWFpbCI6ImNpcmlzdGVzdDFAZ21haWwuY29tIiwiZW1haWxfdmVyaWZpZWQiOnRydWUsIm5hbWUiOiJDSVJJUyBURVNUIiwicGljdHVyZSI6Imh0dHBzOi8vbGgzLmdvb2dsZXVzZXJjb250ZW50LmNvbS9hL0FDZzhvY0t3ZzEwUXB2U1oxWDl2YWZ3eW5kSW51X0RlOGpTdXNqcExZanA0RFdOT253RFBVUT1zOTYtYyIsImdpdmVuX25hbWUiOiJDSVJJUyIsImZhbWlseV9uYW1lIjoiVEVTVCIsImlhdCI6MTc3NTUxNDkyOCwiZXhwIjoxNzc1NTE4NTI4fQ.iegOEwOrt24L-exL9uuzn7zi7Ey0c7hh221E2uaEdj2XDwd7HD_UYxX37adlPXtqi6HKKhyKhDYA458RZIt74KWP_KOZSy-MEj6f-NrwQQsXLRiTQX3I4_OWAWvf1vlg5vk-4jVDxY9rc6ztLY350HFLhSdPy_oOKqiMSa7uGz_gC7-BZQvvij0XdeANDiiSVkMCyKDQYlmBWrZLZFYdp2XuCEXULE1cnBSR4bflvXt3tjSNVloAiNOttLjALs98-FKJd2qlFYt8RL4jvOgApmO10aEPqdYGAP9WZimengEeRBS15gmSTeTHv3zWBfFXRkPPiqFyTUlFqhgUoz28IQ, userId=102773749033681671083, email=ciristest1@gmail.com, displayName=CIRIS TEST, provider=google)
04-06 18:18:34.415 D/CIRISApp(32191): [INFO] Sign-in success: userId=102773749033681671083, email=ciristest1@gmail.com
04-06 18:18:34.425 D/CIRISApp(32191): [INFO] Checking setup status at http://localhost:8080...
04-06 18:18:34.467 I/CIRISApiClient(32191): [init] CIRISApiClient initialized with baseUrl=http://localhost:8080
04-06 18:18:34.478 D/CIRISApp(32191): [DEBUG][Screen.Login] Rendering login screen, googleSignInCallback=PRESENT, isFirstRun=true
04-06 18:18:34.588 I/CIRISApiClient(32191): [getSetupStatus] Setup status: required=true, firstRun=true, configExists=false
04-06 18:18:34.590 D/CIRISApp(32191): [INFO] Setup required check result: true
04-06 18:18:34.590 D/CIRISApp(32191): [INFO] Setup required - storing tokens and navigating to Setup wizard (provider=google)
04-06 18:18:34.591 I/TokenManager(32191): [setCurrentProvider] Provider set to: google
04-06 18:18:34.593 D/CIRISApp(32191): [INFO] Navigating to Screen.Setup
04-06 18:18:34.596 D/CIRISApp(32191): [INIT] CIRISApp composable invoked - googleSignInCallback=PRESENT (182490387)
04-06 18:18:34.597 I/InteractViewModel(32191): [setDeviceAttestationCallback] Device attestation callback SET
04-06 18:18:34.604 D/CIRISApp(32191): [DEBUG][Screen.Setup] Rendering setup screen
04-06 18:18:37.122 I/CIRISApiClient(32191): [connectToNode] Initiating device auth for node: https://portal.ciris.ai
04-06 18:18:39.553 I/chromium(30649): [INFO:tin_six_tab_helper.cc(147)] OnTabAdded
04-06 18:18:39.553 I/chromium(30649): [INFO:tin_six_tab_helper.cc(736)] InsertWebContentsAt 0,5 :0xc118a200
04-06 18:18:39.611 I/chromium(30649): [INFO:tin_six_tab_helper.cc(84)] OnCurrentTabChanged 0,5
04-06 18:18:39.611 I/chromium(30649): [INFO:tin_six_tab_helper.cc(640)] ForceActivateTabAt 0,5
04-06 18:18:39.673 I/chromium(30649): [INFO:render_widget_host_impl.cc(843)] SBRTOUCHLOG  RenderWidgetHostImpl::WasShown
04-06 18:18:39.675 W/chromium(30649): [WARNING:window_android.cc(109)] TAB-STATUS observer added
04-06 18:18:39.676 W/chromium(30649): [WARNING:render_widget_host_view_android.cc(1906)] TAB-STATUS it is still showing
04-06 18:18:39.676 W/chromium(30649): [WARNING:window_android.cc(123)] TAB-STATUS observer removed
04-06 18:18:39.676 W/chromium(30649): [WARNING:window_android.cc(109)] TAB-STATUS observer added
04-06 18:18:39.677 I/chromium(30649): [INFO:tin_six_tab_helper.cc(621)] ActivateTabAt 0,5
04-06 18:18:39.863 I/chromium(30649): [INFO:tin_six_tab_helper.cc(84)] OnCurrentTabChanged 0,5
04-06 18:18:39.863 I/chromium(30649): [INFO:tin_six_tab_helper.cc(640)] ForceActivateTabAt 0,5
04-06 18:18:39.908 I/chromium(30649): [INFO:layer_tree_host_impl.cc(198)] SBRTOUCHLOG DidVisibilityChange = 1
04-06 18:18:39.937 I/chromium(30649): [INFO:browser_gpu_channel_host_factory.cc(364)] EstablishGpuChannel: establishing gpu_channel
04-06 18:18:39.960 I/chromium(30649): [INFO:browser_gpu_channel_host_factory.cc(391)] EstablishGpuChannel: gpu_channel_ exists run callback 0xc110fc00
04-06 18:18:39.979 I/chromium(30649): [INFO:ui_resource_layer_manager.cc(290)] CC-HideUrlbar: EnableUIResourceLayer LayerType: 0 Drawable true
04-06 18:18:39.986 I/chromium(30649): [INFO:tin_six_tab_helper.cc(84)] OnCurrentTabChanged 0,5
04-06 18:18:39.986 I/chromium(30649): [INFO:tin_six_tab_helper.cc(640)] ForceActivateTabAt 0,5
04-06 18:18:39.987 I/chromium(30649): [INFO:tin_six_tab_helper.cc(84)] OnCurrentTabChanged 0,5
04-06 18:18:39.987 I/chromium(30649): [INFO:tin_six_tab_helper.cc(640)] ForceActivateTabAt 0,5
04-06 18:18:40.007 I/chromium(30649): [INFO:ui_resource_layer_manager.cc(290)] CC-HideUrlbar: EnableUIResourceLayer LayerType: 1 Drawable true
04-06 18:18:40.084 I/chromium( 1520): [INFO:dispatcher.cc(1571)] CreateBindingsSystem
04-06 18:18:40.130 I/chromium(30649): [INFO:tin_six_tab_helper.cc(621)] ActivateTabAt 0,5
04-06 18:18:40.153 I/chromium( 1520): [INFO:layer_tree_host_impl.cc(198)] SBRTOUCHLOG DidVisibilityChange = 0
04-06 18:18:40.154 I/chromium( 1520): [INFO:layer_tree_host_impl.cc(4001)] SBRTOUCHLOG SetDeferCommitFlagForDebug = 1
04-06 18:18:40.175 I/chromium( 1520): [INFO:tin_anti_tracking_renderer_url_loader_throttle_helper.cc(31)] [IAT] set delegate th 0xc008c140 td 0xc1262da0
04-06 18:18:40.175 I/chromium( 1520): [INFO:tin_smart_protect_renderer.cc(16)] TinSmartProtectRenderer
04-06 18:18:40.176 I/chromium( 1520): [INFO:tin_smart_protect_renderer.cc(33)] BindPendingReceiver bound=1
04-06 18:18:40.177 I/chromium( 1520): [INFO:layer_tree_host_impl.cc(198)] SBRTOUCHLOG DidVisibilityChange = 1
04-06 18:18:40.201 I/chromium( 1520): [INFO:render_frame_impl.cc(3805)] LoaderLog didCommitProvisionalLoad
04-06 18:18:40.214 I/chromium(30649): [INFO:tin_auto_https_upgrade_monitor.cc(27)] AutoHTTPSUpgrade  FallbackList  size = 0
04-06 18:18:40.233 I/chromium( 1520): [INFO:memory_cache.cc(126)] MemoryCache MemberMemoryCache is disabled
04-06 18:18:40.280 I/chromium( 1520): [INFO:layer_tree_host_impl.cc(4001)] SBRTOUCHLOG SetDeferCommitFlagForDebug = 0
04-06 18:18:40.462 I/chromium( 1520): [INFO:progress_tracker.cc(112)] LoaderLog  FinishedParsing
04-06 18:18:40.468 I/chromium( 1520): [INFO:layer_tree_impl.cc(1205)] DidUpdatePageScale IsActiveTree: 0 ScaleFactor: 1
04-06 18:18:40.477 I/chromium( 1520): [INFO:layer_tree_impl.cc(1205)] DidUpdatePageScale IsActiveTree: 1 ScaleFactor: 1
04-06 18:18:40.758 I/chromium(30649): [INFO:web_contents_impl.cc(6549)] LoaderLog  progress completed
04-06 18:18:40.783 I/chromium( 1520): [INFO:render_frame_impl.cc(4027)] LoaderLog didFinishLoad
04-06 18:18:40.784 I/chromium( 1520): [INFO:frame_loader.cc(402)] LoaderLog Completed totalBytes = 106022
04-06 18:18:40.784 I/chromium( 1520): [INFO:render_frame_impl.cc(5114)] LoaderLog didStopLoading
04-06 18:18:40.809 I/chromium(30649): [INFO:tin_six_tab_helper.cc(621)] ActivateTabAt 0,5
04-06 18:18:40.851 I/chromium( 1520): [INFO:document_loader.cc(793)] LoaderLog UpdateForSameDocumentNavigation  was_loading = 0  is_client_redirect_ = 0  replaces_history_item_ = 1
04-06 18:18:40.851 I/chromium( 1520): [INFO:render_frame_impl.cc(5114)] LoaderLog didStopLoading
04-06 18:18:40.893 I/chromium(30649): [INFO:tin_six_tab_helper.cc(621)] ActivateTabAt 0,5
04-06 18:18:43.082 W/chromium(30649): [WARNING:render_widget_host_view_android.cc(1070)] SBRTOUCHLOG  OnTouchEvent, Action::DOWN
04-06 18:18:43.082 I/chromium(30649): [INFO:render_widget_host_input_event_router.cc(861)] SBRTOUCHLOG Set Touch sequence target view: 0x5f6ade00
04-06 18:18:43.083 W/chromium(30649): [WARNING:input_router_impl.cc(529)] SBRTOUCHLOG FilterAndSendWebInputEvent, kTouchStart
04-06 18:18:43.085 I/chromium( 1520): [INFO:web_frame_widget_impl.cc(2748)] SBRTOUCHLOG Blink HandleInputEvent event received = PointerDown
04-06 18:18:43.094 I/chromium( 1520): [INFO:web_frame_widget_impl.cc(2748)] SBRTOUCHLOG Blink HandleInputEvent event received = PointerMove
04-06 18:18:43.096 I/chromium( 1520): [INFO:web_frame_widget_impl.cc(2748)] SBRTOUCHLOG Blink HandleInputEvent event received = GestureTapDown
04-06 18:18:43.097 I/chromium( 1520): [INFO:web_frame_widget_impl.cc(2748)] SBRTOUCHLOG Blink HandleInputEvent event received = PointerMove
04-06 18:18:43.112 I/chromium( 1520): [INFO:web_frame_widget_impl.cc(2748)] SBRTOUCHLOG Blink HandleInputEvent event received = PointerMove
04-06 18:18:43.125 I/chromium( 1520): [INFO:web_frame_widget_impl.cc(2748)] SBRTOUCHLOG Blink HandleInputEvent event received = PointerMove
04-06 18:18:43.125 I/chromium( 1520): [INFO:layer_tree_host_impl.cc(332)] SBRTOUCHLOG LayerTreeHostImpl::ScrollBegin defer_commit =  0
04-06 18:18:43.126 I/chromium( 1520): [INFO:layer_tree_host_impl.cc(303)] SBRTOUCHLOG LayerTreeHostImpl::ScrollBy delta_y = 7.01828
04-06 18:18:43.127 I/chromium( 1520): [INFO:web_frame_widget_impl.cc(2748)] SBRTOUCHLOG Blink HandleInputEvent event received = GestureTapCancel
04-06 18:18:43.127 I/chromium( 1520): [INFO:web_frame_widget_impl.cc(2748)] SBRTOUCHLOG Blink HandleInputEvent event received = PointerCausedUaAction
04-06 18:18:43.149 I/chromium( 1520): [INFO:web_frame_widget_impl.cc(2748)] SBRTOUCHLOG Blink HandleInputEvent event received = PointerMove
04-06 18:18:43.198 I/chromium( 1520): [INFO:layer_tree_host_impl.cc(2438)] SBRTOUCHLOG AsyncLayerTreeFrameSink::SubmitCompositorFrame
04-06 18:18:43.212 I/chromium( 1520): [INFO:layer_tree_host_impl.cc(303)] SBRTOUCHLOG LayerTreeHostImpl::ScrollBy delta_y = 24.4779
04-06 18:18:43.281 I/chromium( 1520): [INFO:layer_tree_host_impl.cc(2438)] SBRTOUCHLOG AsyncLayerTreeFrameSink::SubmitCompositorFrame
04-06 18:18:43.296 I/chromium( 1520): [INFO:layer_tree_host_impl.cc(303)] SBRTOUCHLOG LayerTreeHostImpl::ScrollBy delta_y = 18.6765
04-06 18:18:43.349 I/chromium( 1520): [INFO:web_frame_widget_impl.cc(2748)] SBRTOUCHLOG Blink HandleInputEvent event received = PointerMove
04-06 18:18:43.365 I/chromium( 1520): [INFO:layer_tree_host_impl.cc(2438)] SBRTOUCHLOG AsyncLayerTreeFrameSink::SubmitCompositorFrame
04-06 18:18:43.381 I/chromium( 1520): [INFO:layer_tree_host_impl.cc(303)] SBRTOUCHLOG LayerTreeHostImpl::ScrollBy delta_y = 4.79929
04-06 18:18:43.448 I/chromium( 1520): [INFO:layer_tree_host_impl.cc(2438)] SBRTOUCHLOG AsyncLayerTreeFrameSink::SubmitCompositorFrame
04-06 18:18:43.465 I/chromium( 1520): [INFO:layer_tree_host_impl.cc(303)] SBRTOUCHLOG LayerTreeHostImpl::ScrollBy delta_y = 10.4918
04-06 18:18:43.549 I/chromium( 1520): [INFO:web_frame_widget_impl.cc(2748)] SBRTOUCHLOG Blink HandleInputEvent event received = PointerMove
04-06 18:18:43.749 I/chromium( 1520): [INFO:web_frame_widget_impl.cc(2748)] SBRTOUCHLOG Blink HandleInputEvent event received = PointerMove
04-06 18:18:43.806 D/EnvFileUpdater(32191): Found CIRIS_HOME from env: /data/user/0/ai.ciris.mobile.debug/files/ciris
04-06 18:18:43.951 I/chromium( 1520): [INFO:web_frame_widget_impl.cc(2748)] SBRTOUCHLOG Blink HandleInputEvent event received = PointerMove
04-06 18:18:43.958 W/chromium(30649): [WARNING:window_android.cc(109)] TAB-STATUS observer added
04-06 18:18:43.959 I/chromium( 1520): [INFO:web_frame_widget_impl.cc(2748)] SBRTOUCHLOG Blink HandleInputEvent event received = PointerUp
04-06 18:18:44.301 W/chromium(30649): [WARNING:render_widget_host_view_android.cc(1070)] SBRTOUCHLOG  OnTouchEvent, Action::DOWN
04-06 18:18:44.301 I/chromium(30649): [INFO:render_widget_host_input_event_router.cc(861)] SBRTOUCHLOG Set Touch sequence target view: 0x5f6ade00
04-06 18:18:44.302 W/chromium(30649): [WARNING:input_router_impl.cc(529)] SBRTOUCHLOG FilterAndSendWebInputEvent, kTouchStart
04-06 18:18:44.303 I/chromium( 1520): [INFO:web_frame_widget_impl.cc(2748)] SBRTOUCHLOG Blink HandleInputEvent event received = PointerDown
04-06 18:18:44.305 W/chromium(30649): [WARNING:window_android.cc(123)] TAB-STATUS observer removed
04-06 18:18:44.314 I/chromium( 1520): [INFO:layer_tree_host_impl.cc(344)] SBRTOUCHLOG LayerTreeHostImpl::ScrollEnd
04-06 18:18:44.316 I/chromium( 1520): [INFO:web_frame_widget_impl.cc(2748)] SBRTOUCHLOG Blink HandleInputEvent event received = PointerMove
04-06 18:18:44.319 I/chromium( 1520): [INFO:layer_tree_host_impl.cc(332)] SBRTOUCHLOG LayerTreeHostImpl::ScrollBegin defer_commit =  0
04-06 18:18:44.320 I/chromium( 1520): [INFO:layer_tree_host_impl.cc(303)] SBRTOUCHLOG LayerTreeHostImpl::ScrollBy delta_y = 20.2381
04-06 18:18:44.320 I/chromium( 1520): [INFO:web_frame_widget_impl.cc(2748)] SBRTOUCHLOG Blink HandleInputEvent event received = PointerMove
04-06 18:18:44.322 I/chromium( 1520): [INFO:web_frame_widget_impl.cc(2748)] SBRTOUCHLOG Blink HandleInputEvent event received = PointerCausedUaAction
04-06 18:18:44.332 I/chromium( 1520): [INFO:web_frame_widget_impl.cc(2748)] SBRTOUCHLOG Blink HandleInputEvent event received = PointerMove
04-06 18:18:44.385 I/chromium( 1520): [INFO:layer_tree_host_impl.cc(2438)] SBRTOUCHLOG AsyncLayerTreeFrameSink::SubmitCompositorFrame
04-06 18:18:44.397 I/chromium( 1520): [INFO:layer_tree_host_impl.cc(303)] SBRTOUCHLOG LayerTreeHostImpl::ScrollBy delta_y = 123.164
04-06 18:18:44.405 I/chromium( 1520): [INFO:web_frame_widget_impl.cc(2748)] SBRTOUCHLOG Blink HandleInputEvent event received = PointerMove
04-06 18:18:44.405 W/chromium(30649): [WARNING:window_android.cc(109)] TAB-STATUS observer added
04-06 18:18:44.407 I/chromium( 1520): [INFO:web_frame_widget_impl.cc(2748)] SBRTOUCHLOG Blink HandleInputEvent event received = PointerUp
04-06 18:18:44.465 I/chromium( 1520): [INFO:layer_tree_host_impl.cc(2438)] SBRTOUCHLOG AsyncLayerTreeFrameSink::SubmitCompositorFrame
04-06 18:18:44.482 I/chromium( 1520): [INFO:layer_tree_host_impl.cc(303)] SBRTOUCHLOG LayerTreeHostImpl::ScrollBy delta_y = 150.226
04-06 18:18:44.549 I/chromium( 1520): [INFO:layer_tree_host_impl.cc(2438)] SBRTOUCHLOG AsyncLayerTreeFrameSink::SubmitCompositorFrame
04-06 18:18:44.564 I/chromium( 1520): [INFO:layer_tree_host_impl.cc(303)] SBRTOUCHLOG LayerTreeHostImpl::ScrollBy delta_y = 134.907
04-06 18:18:44.633 I/chromium( 1520): [INFO:layer_tree_host_impl.cc(2438)] SBRTOUCHLOG AsyncLayerTreeFrameSink::SubmitCompositorFrame
04-06 18:18:44.649 I/chromium( 1520): [INFO:layer_tree_host_impl.cc(303)] SBRTOUCHLOG LayerTreeHostImpl::ScrollBy delta_y = 118.054
04-06 18:18:44.869 W/chromium(30649): [WARNING:window_android.cc(123)] TAB-STATUS observer removed
04-06 18:18:44.883 I/chromium( 1520): [INFO:layer_tree_host_impl.cc(344)] SBRTOUCHLOG LayerTreeHostImpl::ScrollEnd
04-06 18:18:45.769 W/chromium(30649): [WARNING:render_widget_host_view_android.cc(1070)] SBRTOUCHLOG  OnTouchEvent, Action::DOWN
04-06 18:18:45.769 I/chromium(30649): [INFO:render_widget_host_input_event_router.cc(861)] SBRTOUCHLOG Set Touch sequence target view: 0x5f6ade00
04-06 18:18:45.769 W/chromium(30649): [WARNING:input_router_impl.cc(529)] SBRTOUCHLOG FilterAndSendWebInputEvent, kTouchStart
04-06 18:18:45.770 I/chromium( 1520): [INFO:web_frame_widget_impl.cc(2748)] SBRTOUCHLOG Blink HandleInputEvent event received = PointerDown
04-06 18:18:45.775 I/chromium( 1520): [INFO:web_frame_widget_impl.cc(2748)] SBRTOUCHLOG Blink HandleInputEvent event received = GestureTapDown
04-06 18:18:45.849 I/chromium( 1520): [INFO:web_frame_widget_impl.cc(2748)] SBRTOUCHLOG Blink HandleInputEvent event received = PointerMove
04-06 18:18:45.866 I/chromium( 1520): [INFO:web_frame_widget_impl.cc(2748)] SBRTOUCHLOG Blink HandleInputEvent event received = PointerMove
04-06 18:18:45.871 I/chromium( 1520): [INFO:web_frame_widget_impl.cc(2748)] SBRTOUCHLOG Blink HandleInputEvent event received = PointerUp
