04-06 18:07:42.361 I/chromium(30649): [INFO:render_widget_host_input_event_router.cc(861)] SBRTOUCHLOG Set Touch sequence target view: 0x5f6afc00
04-06 18:07:42.361 W/chromium(30649): [WARNING:input_router_impl.cc(529)] SBRTOUCHLOG FilterAndSendWebInputEvent, kTouchStart
04-06 18:07:42.362 I/chromium(31264): [INFO:web_frame_widget_impl.cc(2748)] SBRTOUCHLOG Blink HandleInputEvent event received = PointerDown
04-06 18:07:42.367 I/chromium(31264): [INFO:web_frame_widget_impl.cc(2748)] SBRTOUCHLOG Blink HandleInputEvent event received = GestureTapDown
04-06 18:07:42.379 I/chromium(31264): [INFO:web_frame_widget_impl.cc(2748)] SBRTOUCHLOG Blink HandleInputEvent event received = PointerMove
04-06 18:07:42.389 I/chromium(31264): [INFO:web_frame_widget_impl.cc(2748)] SBRTOUCHLOG Blink HandleInputEvent event received = PointerMove
04-06 18:07:42.403 I/chromium(31264): [INFO:web_frame_widget_impl.cc(2748)] SBRTOUCHLOG Blink HandleInputEvent event received = PointerMove
04-06 18:07:42.417 I/chromium(31264): [INFO:layer_tree_host_impl.cc(332)] SBRTOUCHLOG LayerTreeHostImpl::ScrollBegin defer_commit =  0
04-06 18:07:42.417 I/chromium(31264): [INFO:web_frame_widget_impl.cc(2748)] SBRTOUCHLOG Blink HandleInputEvent event received = PointerMove
04-06 18:07:42.418 I/chromium(31264): [INFO:layer_tree_host_impl.cc(303)] SBRTOUCHLOG LayerTreeHostImpl::ScrollBy delta_y = 5.12423
04-06 18:07:42.420 I/chromium(31264): [INFO:web_frame_widget_impl.cc(2748)] SBRTOUCHLOG Blink HandleInputEvent event received = GestureTapCancel
04-06 18:07:42.421 I/chromium(31264): [INFO:web_frame_widget_impl.cc(2748)] SBRTOUCHLOG Blink HandleInputEvent event received = PointerCausedUaAction
04-06 18:07:42.436 I/chromium(31264): [INFO:web_frame_widget_impl.cc(2748)] SBRTOUCHLOG Blink HandleInputEvent event received = PointerMove
04-06 18:07:42.453 I/chromium(31264): [INFO:web_frame_widget_impl.cc(2748)] SBRTOUCHLOG Blink HandleInputEvent event received = PointerMove
04-06 18:07:42.465 I/chromium(31264): [INFO:layer_tree_host_impl.cc(303)] SBRTOUCHLOG LayerTreeHostImpl::ScrollBy delta_y = 8.79309
04-06 18:07:42.470 I/chromium(31264): [INFO:web_frame_widget_impl.cc(2748)] SBRTOUCHLOG Blink HandleInputEvent event received = PointerMove
04-06 18:07:42.487 I/chromium(31264): [INFO:web_frame_widget_impl.cc(2748)] SBRTOUCHLOG Blink HandleInputEvent event received = PointerMove
04-06 18:07:42.503 I/chromium(31264): [INFO:web_frame_widget_impl.cc(2748)] SBRTOUCHLOG Blink HandleInputEvent event received = PointerMove
04-06 18:07:42.511 I/chromium(31264): [INFO:layer_tree_host_impl.cc(303)] SBRTOUCHLOG LayerTreeHostImpl::ScrollBy delta_y = 7.69402
04-06 18:07:42.520 I/chromium(31264): [INFO:web_frame_widget_impl.cc(2748)] SBRTOUCHLOG Blink HandleInputEvent event received = PointerMove
04-06 18:07:42.537 I/chromium(31264): [INFO:web_frame_widget_impl.cc(2748)] SBRTOUCHLOG Blink HandleInputEvent event received = PointerMove
04-06 18:07:42.554 I/chromium(31264): [INFO:web_frame_widget_impl.cc(2748)] SBRTOUCHLOG Blink HandleInputEvent event received = PointerMove
04-06 18:07:42.561 I/chromium(31264): [INFO:layer_tree_host_impl.cc(303)] SBRTOUCHLOG LayerTreeHostImpl::ScrollBy delta_y = 4.39658
04-06 18:07:42.571 I/chromium(31264): [INFO:web_frame_widget_impl.cc(2748)] SBRTOUCHLOG Blink HandleInputEvent event received = PointerMove
04-06 18:07:42.588 I/chromium(31264): [INFO:web_frame_widget_impl.cc(2748)] SBRTOUCHLOG Blink HandleInputEvent event received = PointerMove
04-06 18:07:42.604 I/chromium(31264): [INFO:web_frame_widget_impl.cc(2748)] SBRTOUCHLOG Blink HandleInputEvent event received = PointerMove
04-06 18:07:42.612 I/chromium(31264): [INFO:layer_tree_host_impl.cc(303)] SBRTOUCHLOG LayerTreeHostImpl::ScrollBy delta_y = 2.19825
04-06 18:07:42.622 I/chromium(31264): [INFO:web_frame_widget_impl.cc(2748)] SBRTOUCHLOG Blink HandleInputEvent event received = PointerMove
04-06 18:07:42.638 I/chromium(31264): [INFO:web_frame_widget_impl.cc(2748)] SBRTOUCHLOG Blink HandleInputEvent event received = PointerMove
04-06 18:07:42.654 I/chromium(31264): [INFO:web_frame_widget_impl.cc(2748)] SBRTOUCHLOG Blink HandleInputEvent event received = PointerMove
04-06 18:07:42.671 I/chromium(31264): [INFO:web_frame_widget_impl.cc(2748)] SBRTOUCHLOG Blink HandleInputEvent event received = PointerMove
04-06 18:07:42.682 I/chromium(31264): [INFO:web_frame_widget_impl.cc(2748)] SBRTOUCHLOG Blink HandleInputEvent event received = PointerUp
04-06 18:07:42.684 I/chromium(30649): [INFO:input_router_impl.cc(641)] SBRTOUCHLOG InputRouterImpl::TouchEventHandled type: TouchEnd & ack: NOT_CONSUMED
04-06 18:07:42.687 I/chromium(31264): [INFO:layer_tree_host_impl.cc(344)] SBRTOUCHLOG LayerTreeHostImpl::ScrollEnd
04-06 18:07:43.347 W/chromium(30649): [WARNING:render_widget_host_view_android.cc(1070)] SBRTOUCHLOG  OnTouchEvent, Action::DOWN
04-06 18:07:43.347 I/chromium(30649): [INFO:render_widget_host_input_event_router.cc(861)] SBRTOUCHLOG Set Touch sequence target view: 0x5f6afc00
04-06 18:07:43.347 W/chromium(30649): [WARNING:input_router_impl.cc(529)] SBRTOUCHLOG FilterAndSendWebInputEvent, kTouchStart
04-06 18:07:43.348 I/chromium(31264): [INFO:web_frame_widget_impl.cc(2748)] SBRTOUCHLOG Blink HandleInputEvent event received = PointerDown
04-06 18:07:43.353 I/chromium(31264): [INFO:web_frame_widget_impl.cc(2748)] SBRTOUCHLOG Blink HandleInputEvent event received = GestureTapDown
04-06 18:07:43.404 I/chromium(31264): [INFO:web_frame_widget_impl.cc(2748)] SBRTOUCHLOG Blink HandleInputEvent event received = PointerMove
04-06 18:07:43.411 I/chromium(31264): [INFO:web_frame_widget_impl.cc(2748)] SBRTOUCHLOG Blink HandleInputEvent event received = PointerUp
04-06 18:07:43.415 I/chromium(30649): [INFO:input_router_impl.cc(641)] SBRTOUCHLOG InputRouterImpl::TouchEventHandled type: TouchEnd & ack: NOT_CONSUMED
04-06 18:07:43.416 I/chromium(31264): [INFO:web_frame_widget_impl.cc(2748)] SBRTOUCHLOG Blink HandleInputEvent event received = GestureShowPress
04-06 18:07:43.420 I/chromium(31264): [INFO:web_frame_widget_impl.cc(2748)] SBRTOUCHLOG Blink HandleInputEvent event received = GestureTap
04-06 18:07:44.044 D/EnvFileUpdater(29305): Found CIRIS_HOME from env: /data/user/0/ai.ciris.mobile.debug/files/ciris
04-06 18:07:44.347 I/chromium(31264): [INFO:frame_loader.cc(618)] LoaderLog  StartNavigation  ClientRedirect = 0
04-06 18:07:44.371 I/chromium(30649): [INFO:tin_six_tab_helper.cc(621)] ActivateTabAt 0,4
04-06 18:07:44.389 I/chromium(31264): [INFO:layer_tree_host_impl.cc(198)] SBRTOUCHLOG DidVisibilityChange = 0
04-06 18:07:44.389 I/chromium(31264): [INFO:layer_tree_host_impl.cc(4001)] SBRTOUCHLOG SetDeferCommitFlagForDebug = 1
04-06 18:07:44.391 I/chromium(31264): [INFO:layer_tree_host_impl.cc(4001)] SBRTOUCHLOG SetDeferCommitFlagForDebug = 0
04-06 18:07:44.391 I/chromium(31264): [INFO:tin_anti_tracking_renderer_url_loader_throttle_helper.cc(31)] [IAT] set delegate th 0xc008c150 td 0xc12692e0
04-06 18:07:44.391 I/chromium(31264): [INFO:tin_smart_protect_renderer.cc(16)] TinSmartProtectRenderer
04-06 18:07:44.392 I/chromium(31264): [INFO:tin_smart_protect_renderer.cc(33)] BindPendingReceiver bound=1
04-06 18:07:44.574 I/chromium(31264): [INFO:tin_anti_tracking_renderer_url_loader_throttle_helper.cc(38)] [IAT] detector destroyed 0xc12692e0
04-06 18:07:44.587 I/chromium(30649): [INFO:tin_six_tab_helper.cc(621)] ActivateTabAt 0,4
04-06 18:07:44.807 I/chromium(31351): [INFO:dispatcher.cc(1571)] CreateBindingsSystem
04-06 18:07:44.830 I/chromium(31351): [INFO:layer_tree_host_impl.cc(198)] SBRTOUCHLOG DidVisibilityChange = 0
04-06 18:07:44.830 I/chromium(31351): [INFO:layer_tree_host_impl.cc(4001)] SBRTOUCHLOG SetDeferCommitFlagForDebug = 1
04-06 18:07:44.831 I/chromium(31351): [INFO:layer_tree_host_impl.cc(4001)] SBRTOUCHLOG SetDeferCommitFlagForDebug = 0
04-06 18:07:44.831 I/chromium(31351): [INFO:tin_anti_tracking_renderer_url_loader_throttle_helper.cc(31)] [IAT] set delegate th 0xc0413f10 td 0xc12635c0
04-06 18:07:44.831 I/chromium(31351): [INFO:tin_smart_protect_renderer.cc(16)] TinSmartProtectRenderer
04-06 18:07:44.832 I/chromium(31351): [INFO:tin_smart_protect_renderer.cc(33)] BindPendingReceiver bound=1
04-06 18:07:44.842 I/chromium(31351): [INFO:layer_tree_host_impl.cc(4001)] SBRTOUCHLOG SetDeferCommitFlagForDebug = 1
04-06 18:07:44.867 I/chromium(31351): [INFO:render_frame_impl.cc(3805)] LoaderLog didCommitProvisionalLoad
04-06 18:07:44.870 W/chromium(30649): [WARNING:window_android.cc(123)] TAB-STATUS observer removed
04-06 18:07:44.872 I/chromium(31264): [INFO:layer_tree_host_impl.cc(198)] SBRTOUCHLOG DidVisibilityChange = 0
04-06 18:07:44.872 I/chromium(30649): [INFO:render_widget_host_impl.cc(843)] SBRTOUCHLOG  RenderWidgetHostImpl::WasShown
04-06 18:07:44.872 W/chromium(30649): [WARNING:window_android.cc(109)] TAB-STATUS observer added
04-06 18:07:44.897 I/chromium(31351): [INFO:layer_tree_host_impl.cc(198)] SBRTOUCHLOG DidVisibilityChange = 1
04-06 18:07:44.910 I/chromium(31264): [INFO:frame_loader.cc(274)] LoaderLog  SetDefersLoading  DeferType = 1
04-06 18:07:44.932 I/chromium(31351): [INFO:memory_cache.cc(126)] MemoryCache MemberMemoryCache is disabled
04-06 18:07:44.966 I/chromium(31351): [INFO:layer_tree_host_impl.cc(4001)] SBRTOUCHLOG SetDeferCommitFlagForDebug = 0
04-06 18:07:44.979 I/chromium(31351): [INFO:layer_tree_impl.cc(1205)] DidUpdatePageScale IsActiveTree: 0 ScaleFactor: 1
04-06 18:07:44.979 I/chromium(31351): [INFO:layer_tree_impl.cc(1205)] DidUpdatePageScale IsActiveTree: 1 ScaleFactor: 1
04-06 18:07:45.664 I/chromium(31351): [INFO:progress_tracker.cc(112)] LoaderLog  FinishedParsing
04-06 18:07:45.737 I/chromium(30649): [INFO:render_process_host_impl.cc(4491)] [Renderer][Exit] ChildProcessLauncher::OnChildProcessDied called through JNI pid = 31382, renderer_id =0
04-06 18:07:45.949 I/chromium(31396): [INFO:dispatcher.cc(1571)] CreateBindingsSystem
04-06 18:07:45.974 I/chromium(31396): [INFO:layer_tree_host_impl.cc(198)] SBRTOUCHLOG DidVisibilityChange = 0
04-06 18:07:45.975 I/chromium(31396): [INFO:layer_tree_host_impl.cc(4001)] SBRTOUCHLOG SetDeferCommitFlagForDebug = 1
04-06 18:07:46.020 I/chromium(30649): [INFO:back_forward_cache_impl.cc(675)] BFCACHELOG  CanStorePageNow  result = No: not a main frame, related active contents exist: no BI swap result, HTTP status is not OK, scheme is not HTTP or HTTPS, frame is not fully loaded, main RenderFrameHost doesn't have response headers set, probably due not having successfully committed a navigation.
04-06 18:07:46.021 I/chromium(30649): [INFO:render_widget_host_impl.cc(843)] SBRTOUCHLOG  RenderWidgetHostImpl::WasShown
04-06 18:07:46.022 I/chromium(31396): [INFO:layer_tree_host_impl.cc(198)] SBRTOUCHLOG DidVisibilityChange = 0
04-06 18:07:46.023 I/chromium(31396): [INFO:layer_tree_host_impl.cc(4001)] SBRTOUCHLOG SetDeferCommitFlagForDebug = 1
04-06 18:07:46.047 I/chromium(30649): [INFO:back_forward_cache_impl.cc(675)] BFCACHELOG  CanStorePageNow  result = No: not a main frame, related active contents exist: no BI swap result, HTTP status is not OK, scheme is not HTTP or HTTPS, frame is not fully loaded, main RenderFrameHost doesn't have response headers set, probably due not having successfully committed a navigation.
04-06 18:07:46.048 I/chromium(30649): [INFO:render_widget_host_impl.cc(843)] SBRTOUCHLOG  RenderWidgetHostImpl::WasShown
04-06 18:07:46.064 I/chromium(31396): [INFO:layer_tree_host_impl.cc(198)] SBRTOUCHLOG DidVisibilityChange = 1
04-06 18:07:46.077 I/chromium(31396): [INFO:memory_cache.cc(126)] MemoryCache MemberMemoryCache is disabled
04-06 18:07:46.079 I/chromium(31396): [INFO:layer_tree_host_impl.cc(198)] SBRTOUCHLOG DidVisibilityChange = 1
04-06 18:07:46.300 I/chromium(31396): [INFO:layer_tree_host_impl.cc(198)] SBRTOUCHLOG DidVisibilityChange = 0
04-06 18:07:46.303 I/chromium(31396): [INFO:layer_tree_host_impl.cc(4001)] SBRTOUCHLOG SetDeferCommitFlagForDebug = 0
04-06 18:07:46.304 I/chromium(31396): [INFO:web_view_impl.cc(1439)] Blink ResizeWithBrowserControls old_size = 0 * 0, new_size = 720 * 1040
04-06 18:07:46.305 I/chromium(31396): [INFO:layer_tree_host_impl.cc(198)] SBRTOUCHLOG DidVisibilityChange = 0
04-06 18:07:46.306 I/chromium(31396): [INFO:layer_tree_host_impl.cc(4001)] SBRTOUCHLOG SetDeferCommitFlagForDebug = 0
04-06 18:07:46.313 I/chromium(30649): [INFO:web_contents_impl.cc(6549)] LoaderLog  progress completed
04-06 18:07:46.365 I/chromium(30649): [INFO:web_contents_impl.cc(6549)] LoaderLog  progress completed
04-06 18:07:47.475 I/chromium(31396): [INFO:layer_tree_host_impl.cc(198)] SBRTOUCHLOG DidVisibilityChange = 0
04-06 18:07:47.475 I/chromium(31396): [INFO:layer_tree_host_impl.cc(4001)] SBRTOUCHLOG SetDeferCommitFlagForDebug = 1
04-06 18:07:47.477 I/chromium(31396): [INFO:web_view_impl.cc(1439)] Blink ResizeWithBrowserControls old_size = 720 * 1040, new_size = 0 * 0
04-06 18:07:47.588 I/chromium(30649): [INFO:back_forward_cache_impl.cc(675)] BFCACHELOG  CanStorePageNow  result = No: not a main frame, related active contents exist: no BI swap result, HTTP status is not OK, scheme is not HTTP or HTTPS, main RenderFrameHost doesn't have response headers set, probably due not having successfully committed a navigation.
04-06 18:07:47.589 I/chromium(30649): [INFO:render_widget_host_impl.cc(843)] SBRTOUCHLOG  RenderWidgetHostImpl::WasShown
04-06 18:07:47.590 I/chromium(31396): [INFO:layer_tree_host_impl.cc(198)] SBRTOUCHLOG DidVisibilityChange = 1
04-06 18:07:47.693 I/chromium(31396): [INFO:layer_tree_host_impl.cc(198)] SBRTOUCHLOG DidVisibilityChange = 0
04-06 18:07:47.698 I/chromium(31396): [INFO:web_view_impl.cc(1439)] Blink ResizeWithBrowserControls old_size = 0 * 0, new_size = 720 * 1040
04-06 18:07:47.699 I/chromium(31396): [INFO:layer_tree_host_impl.cc(4001)] SBRTOUCHLOG SetDeferCommitFlagForDebug = 0
04-06 18:07:49.081 I/chromium(31396): [INFO:layer_tree_host_impl.cc(198)] SBRTOUCHLOG DidVisibilityChange = 0
04-06 18:07:49.082 I/chromium(31396): [INFO:layer_tree_host_impl.cc(4001)] SBRTOUCHLOG SetDeferCommitFlagForDebug = 1
04-06 18:07:49.083 I/chromium(31396): [INFO:web_view_impl.cc(1439)] Blink ResizeWithBrowserControls old_size = 720 * 1040, new_size = 0 * 0
04-06 18:07:49.142 I/chromium(30649): [INFO:back_forward_cache_impl.cc(675)] BFCACHELOG  CanStorePageNow  result = No: not a main frame, related active contents exist: no BI swap result, HTTP status is not OK, scheme is not HTTP or HTTPS, frame is not fully loaded, main RenderFrameHost doesn't have response headers set, probably due not having successfully committed a navigation.
04-06 18:07:49.143 I/chromium(30649): [INFO:render_widget_host_impl.cc(843)] SBRTOUCHLOG  RenderWidgetHostImpl::WasShown
04-06 18:07:49.144 I/chromium(31396): [INFO:layer_tree_host_impl.cc(198)] SBRTOUCHLOG DidVisibilityChange = 1
04-06 18:07:49.301 I/chromium(31396): [INFO:layer_tree_host_impl.cc(198)] SBRTOUCHLOG DidVisibilityChange = 0
04-06 18:07:49.301 I/chromium(31396): [INFO:layer_tree_host_impl.cc(4001)] SBRTOUCHLOG SetDeferCommitFlagForDebug = 1
04-06 18:07:49.352 I/chromium(30649): [INFO:back_forward_cache_impl.cc(675)] BFCACHELOG  CanStorePageNow  result = No: not a main frame, related active contents exist: no BI swap result, HTTP status is not OK, scheme is not HTTP or HTTPS, frame is not fully loaded, main RenderFrameHost doesn't have response headers set, probably due not having successfully committed a navigation.
04-06 18:07:49.354 I/chromium(30649): [INFO:render_widget_host_impl.cc(843)] SBRTOUCHLOG  RenderWidgetHostImpl::WasShown
04-06 18:07:49.355 I/chromium(31396): [INFO:layer_tree_host_impl.cc(198)] SBRTOUCHLOG DidVisibilityChange = 1
04-06 18:07:49.550 I/chromium(31435): [INFO:dispatcher.cc(1571)] CreateBindingsSystem
04-06 18:07:49.577 I/chromium(31435): [INFO:layer_tree_host_impl.cc(198)] SBRTOUCHLOG DidVisibilityChange = 0
04-06 18:07:49.578 I/chromium(31435): [INFO:layer_tree_host_impl.cc(4001)] SBRTOUCHLOG SetDeferCommitFlagForDebug = 1
04-06 18:07:49.621 I/chromium(30649): [INFO:back_forward_cache_impl.cc(675)] BFCACHELOG  CanStorePageNow  result = No: not a main frame, related active contents exist: no BI swap result, HTTP status is not OK, scheme is not HTTP or HTTPS, frame is not fully loaded, main RenderFrameHost doesn't have response headers set, probably due not having successfully committed a navigation.
04-06 18:07:49.627 I/chromium(31435): [INFO:layer_tree_host_impl.cc(198)] SBRTOUCHLOG DidVisibilityChange = 0
04-06 18:07:49.627 I/chromium(31435): [INFO:layer_tree_host_impl.cc(4001)] SBRTOUCHLOG SetDeferCommitFlagForDebug = 1
04-06 18:07:49.659 I/chromium(30649): [INFO:back_forward_cache_impl.cc(675)] BFCACHELOG  CanStorePageNow  result = No: not a main frame, related active contents exist: no BI swap result, HTTP status is not OK, scheme is not HTTP or HTTPS, main RenderFrameHost doesn't have response headers set, probably due not having successfully committed a navigation.
04-06 18:07:49.683 I/chromium(31435): [INFO:memory_cache.cc(126)] MemoryCache MemberMemoryCache is disabled
04-06 18:07:49.756 I/chromium(31396): [INFO:layer_tree_host_impl.cc(198)] SBRTOUCHLOG DidVisibilityChange = 0
04-06 18:07:49.759 I/chromium(31396): [INFO:web_view_impl.cc(1439)] Blink ResizeWithBrowserControls old_size = 0 * 0, new_size = 720 * 1040
04-06 18:07:49.759 I/chromium(31396): [INFO:layer_tree_host_impl.cc(4001)] SBRTOUCHLOG SetDeferCommitFlagForDebug = 0
04-06 18:07:49.777 I/chromium(31396): [INFO:layer_tree_host_impl.cc(198)] SBRTOUCHLOG DidVisibilityChange = 0
04-06 18:07:49.777 I/chromium(31396): [INFO:layer_tree_host_impl.cc(4001)] SBRTOUCHLOG SetDeferCommitFlagForDebug = 0
04-06 18:07:49.823 I/chromium(31435): [INFO:layer_tree_host_impl.cc(4001)] SBRTOUCHLOG SetDeferCommitFlagForDebug = 0
04-06 18:07:49.824 I/chromium(31435): [INFO:web_view_impl.cc(1439)] Blink ResizeWithBrowserControls old_size = 0 * 0, new_size = 720 * 1040
04-06 18:07:49.825 I/chromium(31435): [INFO:layer_tree_host_impl.cc(4001)] SBRTOUCHLOG SetDeferCommitFlagForDebug = 0
04-06 18:07:49.971 I/chromium(31396): [INFO:layer_tree_host_impl.cc(198)] SBRTOUCHLOG DidVisibilityChange = 0
04-06 18:07:49.971 I/chromium(31396): [INFO:layer_tree_host_impl.cc(4001)] SBRTOUCHLOG SetDeferCommitFlagForDebug = 1
04-06 18:07:49.972 I/chromium(31396): [INFO:web_view_impl.cc(1439)] Blink ResizeWithBrowserControls old_size = 720 * 1040, new_size = 0 * 0
04-06 18:07:50.009 I/chromium(30649): [INFO:back_forward_cache_impl.cc(675)] BFCACHELOG  CanStorePageNow  result = No: not a main frame, related active contents exist: no BI swap result, HTTP status is not OK, scheme is not HTTP or HTTPS, main RenderFrameHost doesn't have response headers set, probably due not having successfully committed a navigation.
04-06 18:07:50.010 I/chromium(30649): [INFO:render_widget_host_impl.cc(843)] SBRTOUCHLOG  RenderWidgetHostImpl::WasShown
04-06 18:07:50.307 I/chromium(31396): [INFO:layer_tree_host_impl.cc(198)] SBRTOUCHLOG DidVisibilityChange = 1
04-06 18:07:50.600 I/chromium(30649): [INFO:permission_service_impl.cc(151)] Permissions query about NOTIFICATIONS
04-06 18:07:50.647 I/chromium(31396): [INFO:layer_tree_host_impl.cc(198)] SBRTOUCHLOG DidVisibilityChange = 0
04-06 18:07:50.647 I/chromium(31396): [INFO:web_view_impl.cc(1439)] Blink ResizeWithBrowserControls old_size = 0 * 0, new_size = 720 * 1040
04-06 18:07:50.647 I/chromium(31396): [INFO:layer_tree_host_impl.cc(4001)] SBRTOUCHLOG SetDeferCommitFlagForDebug = 0
04-06 18:07:50.772 I/chromium(31351): [INFO:progress_tracker.cc(112)] LoaderLog  FinishedParsing
04-06 18:07:51.103 E/chromium(31435): [ERROR:content_block_element_hider.cc(93)] main frame is not a local frame
04-06 18:07:51.107 E/chromium(31435): [ERROR:content_block_element_hider.cc(93)] main frame is not a local frame
04-06 18:07:51.111 E/chromium(31435): [ERROR:content_block_element_hider.cc(93)] main frame is not a local frame
04-06 18:07:51.115 E/chromium(31435): [ERROR:content_block_element_hider.cc(93)] main frame is not a local frame
04-06 18:07:51.995 W/chromium(30649): [WARNING:render_widget_host_view_android.cc(1070)] SBRTOUCHLOG  OnTouchEvent, Action::DOWN
04-06 18:07:51.995 I/chromium(30649): [INFO:render_widget_host_input_event_router.cc(861)] SBRTOUCHLOG Set Touch sequence target view: 0x5f6b9c00
04-06 18:07:51.996 W/chromium(30649): [WARNING:input_router_impl.cc(529)] SBRTOUCHLOG FilterAndSendWebInputEvent, kTouchStart
04-06 18:07:52.002 I/chromium(31351): [INFO:web_frame_widget_impl.cc(2748)] SBRTOUCHLOG Blink HandleInputEvent event received = PointerDown
04-06 18:07:52.009 I/chromium(30649): [INFO:input_router_impl.cc(641)] SBRTOUCHLOG InputRouterImpl::TouchEventHandled type: TouchStart & ack: NOT_CONSUMED
04-06 18:07:52.013 I/chromium(31351): [INFO:web_frame_widget_impl.cc(2748)] SBRTOUCHLOG Blink HandleInputEvent event received = PointerMove
04-06 18:07:52.013 I/chromium(31351): [INFO:web_frame_widget_impl.cc(2748)] SBRTOUCHLOG Blink HandleInputEvent event received = GestureTapDown
04-06 18:07:52.013 I/chromium(30649): [INFO:input_router_impl.cc(641)] SBRTOUCHLOG InputRouterImpl::TouchEventHandled type: TouchMove & ack: CONSUMED
04-06 18:07:52.019 I/chromium(31351): [INFO:web_frame_widget_impl.cc(2748)] SBRTOUCHLOG Blink HandleInputEvent event received = PointerMove
04-06 18:07:52.020 I/chromium(30649): [INFO:input_router_impl.cc(641)] SBRTOUCHLOG InputRouterImpl::TouchEventHandled type: TouchMove & ack: NOT_CONSUMED
04-06 18:07:52.022 I/chromium(31351): [INFO:layer_tree_host_impl.cc(332)] SBRTOUCHLOG LayerTreeHostImpl::ScrollBegin defer_commit =  0
04-06 18:07:52.024 I/chromium(31351): [INFO:web_frame_widget_impl.cc(2748)] SBRTOUCHLOG Blink HandleInputEvent event received = GestureTapCancel
04-06 18:07:52.026 I/chromium(31351): [INFO:web_frame_widget_impl.cc(2748)] SBRTOUCHLOG Blink HandleInputEvent event received = PointerCausedUaAction
04-06 18:07:52.032 I/chromium(31351): [INFO:layer_tree_host_impl.cc(303)] SBRTOUCHLOG LayerTreeHostImpl::ScrollBy delta_y = 17.5811
04-06 18:07:52.033 I/chromium(31351): [INFO:web_frame_widget_impl.cc(2748)] SBRTOUCHLOG Blink HandleInputEvent event received = PointerMove
04-06 18:07:52.045 I/chromium(30649): [INFO:input_router_impl.cc(641)] SBRTOUCHLOG InputRouterImpl::TouchEventHandled type: TouchMove & ack: NOT_CONSUMED
04-06 18:07:52.049 I/chromium(31351): [INFO:web_frame_widget_impl.cc(2748)] SBRTOUCHLOG Blink HandleInputEvent event received = PointerMove
04-06 18:07:52.073 W/chromium(30649): [WARNING:window_android.cc(109)] TAB-STATUS observer added
04-06 18:07:52.073 I/chromium(31351): [INFO:web_frame_widget_impl.cc(2748)] SBRTOUCHLOG Blink HandleInputEvent event received = PointerMove
04-06 18:07:52.077 I/chromium(31351): [INFO:web_frame_widget_impl.cc(2748)] SBRTOUCHLOG Blink HandleInputEvent event received = PointerUp
04-06 18:07:52.086 W/chromium(30649): [WARNING:window_android.cc(123)] TAB-STATUS observer removed
04-06 18:07:52.092 I/chromium(31396): [INFO:web_view_impl.cc(1439)] Blink ResizeWithBrowserControls old_size = 720 * 1040, new_size = 720 * 1232
04-06 18:07:52.101 I/chromium(31351): [INFO:layer_tree_host_impl.cc(344)] SBRTOUCHLOG LayerTreeHostImpl::ScrollEnd
04-06 18:07:52.488 E/chromium(31435): [ERROR:tin_smart_protect_renderer_url_loader_throttle.cc(113)] GetServiceBridgeForFrame no local root frame
04-06 18:07:52.504 I/chromium(31435): [INFO:web_view_impl.cc(1439)] Blink ResizeWithBrowserControls old_size = 720 * 1040, new_size = 720 * 1232
04-06 18:07:52.509 E/chromium(31435): [ERROR:tin_smart_protect_renderer_url_loader_throttle.cc(113)] GetServiceBridgeForFrame no local root frame
04-06 18:07:52.548 I/chromium(31396): [INFO:layer_tree_host_impl.cc(198)] SBRTOUCHLOG DidVisibilityChange = 0
04-06 18:07:52.549 I/chromium(31396): [INFO:layer_tree_host_impl.cc(4001)] SBRTOUCHLOG SetDeferCommitFlagForDebug = 1
04-06 18:07:52.549 I/chromium(31396): [INFO:web_view_impl.cc(1439)] Blink ResizeWithBrowserControls old_size = 720 * 1232, new_size = 0 * 0
04-06 18:07:52.638 I/chromium(30649): [INFO:back_forward_cache_impl.cc(675)] BFCACHELOG  CanStorePageNow  result = No: not a main frame, related active contents exist: no BI swap result, HTTP status is not OK, scheme is not HTTP or HTTPS, frame is not fully loaded, main RenderFrameHost doesn't have response headers set, probably due not having successfully committed a navigation.
04-06 18:07:52.639 I/chromium(30649): [INFO:render_widget_host_impl.cc(843)] SBRTOUCHLOG  RenderWidgetHostImpl::WasShown
04-06 18:07:52.641 I/chromium(31396): [INFO:layer_tree_host_impl.cc(198)] SBRTOUCHLOG DidVisibilityChange = 1
04-06 18:07:52.649 I/chromium(31396): [INFO:web_view_impl.cc(1439)] Blink ResizeWithBrowserControls old_size = 0 * 0, new_size = 720 * 1232
04-06 18:07:52.657 I/chromium(31396): [INFO:layer_tree_host_impl.cc(198)] SBRTOUCHLOG DidVisibilityChange = 0
04-06 18:07:52.659 I/chromium(31396): [INFO:layer_tree_host_impl.cc(4001)] SBRTOUCHLOG SetDeferCommitFlagForDebug = 0
04-06 18:07:52.692 I/chromium(31435): [INFO:layer_tree_host_impl.cc(198)] SBRTOUCHLOG DidVisibilityChange = 0
04-06 18:07:52.692 I/chromium(31435): [INFO:layer_tree_host_impl.cc(4001)] SBRTOUCHLOG SetDeferCommitFlagForDebug = 1
04-06 18:07:52.693 I/chromium(31435): [INFO:web_view_impl.cc(1439)] Blink ResizeWithBrowserControls old_size = 720 * 1232, new_size = 0 * 0
04-06 18:07:52.766 W/chromium(30649): [WARNING:render_widget_host_view_android.cc(1070)] SBRTOUCHLOG  OnTouchEvent, Action::DOWN
04-06 18:07:52.766 I/chromium(30649): [INFO:render_widget_host_input_event_router.cc(861)] SBRTOUCHLOG Set Touch sequence target view: 0x5f6b9c00
04-06 18:07:52.767 W/chromium(30649): [WARNING:input_router_impl.cc(529)] SBRTOUCHLOG FilterAndSendWebInputEvent, kTouchStart
04-06 18:07:52.771 I/chromium(31351): [INFO:web_frame_widget_impl.cc(2748)] SBRTOUCHLOG Blink HandleInputEvent event received = PointerDown
04-06 18:07:52.774 I/chromium(30649): [INFO:input_router_impl.cc(641)] SBRTOUCHLOG InputRouterImpl::TouchEventHandled type: TouchStart & ack: NOT_CONSUMED
04-06 18:07:52.775 I/chromium(31351): [INFO:web_frame_widget_impl.cc(2748)] SBRTOUCHLOG Blink HandleInputEvent event received = GestureTapDown
04-06 18:07:52.800 I/chromium(31351): [INFO:web_frame_widget_impl.cc(2748)] SBRTOUCHLOG Blink HandleInputEvent event received = PointerMove
04-06 18:07:52.807 I/chromium(30649): [INFO:input_router_impl.cc(641)] SBRTOUCHLOG InputRouterImpl::TouchEventHandled type: TouchMove & ack: CONSUMED
04-06 18:07:52.815 I/chromium(31351): [INFO:web_frame_widget_impl.cc(2748)] SBRTOUCHLOG Blink HandleInputEvent event received = PointerUp
04-06 18:07:52.817 I/chromium(30649): [INFO:input_router_impl.cc(641)] SBRTOUCHLOG InputRouterImpl::TouchEventHandled type: TouchEnd & ack: NOT_CONSUMED
04-06 18:07:52.822 I/chromium(31351): [INFO:web_frame_widget_impl.cc(2748)] SBRTOUCHLOG Blink HandleInputEvent event received = GestureShowPress
04-06 18:07:52.829 I/chromium(31351): [INFO:web_frame_widget_impl.cc(2748)] SBRTOUCHLOG Blink HandleInputEvent event received = GestureTap
04-06 18:07:53.762 I/chromium(30649): [INFO:back_forward_cache_impl.cc(675)] BFCACHELOG  CanStorePageNow  result = No: not a main frame, related active contents exist: no BI swap result, HTTP status is not OK, scheme is not HTTP or HTTPS, frame is not fully loaded, main RenderFrameHost doesn't have response headers set, probably due not having successfully committed a navigation.
04-06 18:07:54.045 D/EnvFileUpdater(29305): Found CIRIS_HOME from env: /data/user/0/ai.ciris.mobile.debug/files/ciris
04-06 18:07:55.561 E/chromium(31435): [ERROR:gin_java_bridge_dispatcher.cc(130)] HasJavaMethod method toString not found, returning
04-06 18:07:55.561 E/chromium(31435): [ERROR:gin_java_bridge_dispatcher.cc(130)] HasJavaMethod method name not found, returning
04-06 18:07:55.561 E/chromium(31435): [ERROR:gin_java_bridge_dispatcher.cc(130)] HasJavaMethod method toString not found, returning
04-06 18:07:55.561 E/chromium(31435): [ERROR:gin_java_bridge_dispatcher.cc(130)] HasJavaMethod method name not found, returning
04-06 18:07:55.720 E/chromium(31251): [ERROR:gles2_cmd_decoder.cc(8683)] [.RendererMainThread-0xc12fe400]GL ERROR :GL_INVALID_FRAMEBUFFER_OPERATION : glFramebufferTexture2D: <- error from previous GL command
04-06 18:07:57.234 I/chromium(31435): [INFO:web_view_impl.cc(1439)] Blink ResizeWithBrowserControls old_size = 0 * 0, new_size = 720 * 1232
04-06 18:07:57.234 I/chromium(31435): [INFO:layer_tree_host_impl.cc(4001)] SBRTOUCHLOG SetDeferCommitFlagForDebug = 0
04-06 18:07:57.823 E/chromium(31435): [ERROR:gin_java_bridge_dispatcher.cc(130)] HasJavaMethod method toString not found, returning
04-06 18:07:57.823 E/chromium(31435): [ERROR:gin_java_bridge_dispatcher.cc(130)] HasJavaMethod method name not found, returning
04-06 18:07:57.823 E/chromium(31435): [ERROR:gin_java_bridge_dispatcher.cc(130)] HasJavaMethod method toString not found, returning
04-06 18:07:57.824 E/chromium(31435): [ERROR:gin_java_bridge_dispatcher.cc(130)] HasJavaMethod method name not found, returning
04-06 18:07:57.947 E/chromium(31251): [ERROR:gles2_cmd_decoder.cc(8683)] [.RendererMainThread-0xc12fe400]GL ERROR :GL_INVALID_FRAMEBUFFER_OPERATION : glFramebufferTexture2D: <- error from previous GL command
04-06 18:08:01.824 I/chromium(31351): [INFO:render_frame_impl.cc(4027)] LoaderLog didFinishLoad
04-06 18:08:01.833 I/chromium(31351): [INFO:frame_loader.cc(402)] LoaderLog Completed totalBytes = 4921510
04-06 18:08:01.833 I/chromium(31351): [INFO:render_frame_impl.cc(5114)] LoaderLog didStopLoading
04-06 18:08:01.840 I/chromium(30649): [INFO:tin_six_tab_helper.cc(621)] ActivateTabAt 0,4
04-06 18:08:04.051 D/EnvFileUpdater(29305): Found CIRIS_HOME from env: /data/user/0/ai.ciris.mobile.debug/files/ciris
04-06 18:08:05.251 I/chromium(31351): [INFO:frame_loader.cc(618)] LoaderLog  StartNavigation  ClientRedirect = 0
04-06 18:08:05.293 I/chromium(30649): [INFO:tin_six_tab_helper.cc(621)] ActivateTabAt 0,4
04-06 18:08:05.297 I/chromium(30649): [INFO:tin_six_tab_helper.cc(621)] ActivateTabAt 0,4
04-06 18:08:05.473 I/chromium(31396): [INFO:web_view_impl.cc(1439)] Blink ResizeWithBrowserControls old_size = 720 * 1232, new_size = 720 * 1040
04-06 18:08:05.479 I/chromium(31435): [INFO:web_view_impl.cc(1439)] Blink ResizeWithBrowserControls old_size = 720 * 1232, new_size = 720 * 1040
04-06 18:08:05.585 I/chromium(31483): [INFO:dispatcher.cc(1571)] CreateBindingsSystem
04-06 18:08:05.606 I/chromium(31483): [INFO:layer_tree_host_impl.cc(198)] SBRTOUCHLOG DidVisibilityChange = 0
04-06 18:08:05.606 I/chromium(31483): [INFO:layer_tree_host_impl.cc(4001)] SBRTOUCHLOG SetDeferCommitFlagForDebug = 1
04-06 18:08:05.607 I/chromium(31483): [INFO:layer_tree_host_impl.cc(4001)] SBRTOUCHLOG SetDeferCommitFlagForDebug = 0
04-06 18:08:05.607 I/chromium(31483): [INFO:tin_anti_tracking_renderer_url_loader_throttle_helper.cc(31)] [IAT] set delegate th 0x5f217f20 td 0x5f063660
04-06 18:08:05.607 I/chromium(31483): [INFO:tin_smart_protect_renderer.cc(16)] TinSmartProtectRenderer
04-06 18:08:05.608 I/chromium(31483): [INFO:tin_smart_protect_renderer.cc(33)] BindPendingReceiver bound=1
04-06 18:08:05.617 I/chromium(31483): [INFO:layer_tree_host_impl.cc(4001)] SBRTOUCHLOG SetDeferCommitFlagForDebug = 1
04-06 18:08:05.641 I/chromium(31483): [INFO:render_frame_impl.cc(3805)] LoaderLog didCommitProvisionalLoad
04-06 18:08:05.644 W/chromium(30649): [WARNING:window_android.cc(123)] TAB-STATUS observer removed
04-06 18:08:05.646 I/chromium(31351): [INFO:layer_tree_host_impl.cc(198)] SBRTOUCHLOG DidVisibilityChange = 0
04-06 18:08:05.646 I/chromium(30649): [INFO:render_widget_host_impl.cc(843)] SBRTOUCHLOG  RenderWidgetHostImpl::WasShown
04-06 18:08:05.647 W/chromium(30649): [WARNING:window_android.cc(109)] TAB-STATUS observer added
04-06 18:08:05.652 I/chromium(31351): [INFO:frame_loader.cc(274)] LoaderLog  SetDefersLoading  DeferType = 1
04-06 18:08:05.654 I/chromium(31435): [INFO:frame_loader.cc(274)] LoaderLog  SetDefersLoading  DeferType = 1
04-06 18:08:05.654 I/chromium(31435): [INFO:frame_loader.cc(274)] LoaderLog  SetDefersLoading  DeferType = 1
04-06 18:08:05.654 I/chromium(31435): [INFO:frame_loader.cc(274)] LoaderLog  SetDefersLoading  DeferType = 1
04-06 18:08:05.654 I/chromium(31435): [INFO:frame_loader.cc(274)] LoaderLog  SetDefersLoading  DeferType = 1
04-06 18:08:05.654 I/chromium(31435): [INFO:frame_loader.cc(274)] LoaderLog  SetDefersLoading  DeferType = 1
04-06 18:08:05.654 I/chromium(31435): [INFO:frame_loader.cc(274)] LoaderLog  SetDefersLoading  DeferType = 1
04-06 18:08:05.663 I/chromium(31483): [INFO:layer_tree_host_impl.cc(198)] SBRTOUCHLOG DidVisibilityChange = 1
04-06 18:08:05.672 I/chromium(31435): [INFO:frame_loader.cc(274)] LoaderLog  SetDefersLoading  DeferType = 1
04-06 18:08:05.672 I/chromium(31435): [INFO:frame_loader.cc(274)] LoaderLog  SetDefersLoading  DeferType = 1
04-06 18:08:05.708 I/chromium(31483): [INFO:memory_cache.cc(126)] MemoryCache MemberMemoryCache is disabled
04-06 18:08:05.710 I/chromium(31396): [INFO:frame_loader.cc(274)] LoaderLog  SetDefersLoading  DeferType = 1
04-06 18:08:05.710 I/chromium(31396): [INFO:frame_loader.cc(274)] LoaderLog  SetDefersLoading  DeferType = 1
04-06 18:08:05.710 I/chromium(31396): [INFO:frame_loader.cc(274)] LoaderLog  SetDefersLoading  DeferType = 1
04-06 18:08:05.710 I/chromium(31396): [INFO:frame_loader.cc(274)] LoaderLog  SetDefersLoading  DeferType = 1
04-06 18:08:05.710 I/chromium(31396): [INFO:frame_loader.cc(274)] LoaderLog  SetDefersLoading  DeferType = 1
04-06 18:08:05.711 I/chromium(31396): [INFO:frame_loader.cc(274)] LoaderLog  SetDefersLoading  DeferType = 1
04-06 18:08:05.711 I/chromium(31396): [INFO:frame_loader.cc(274)] LoaderLog  SetDefersLoading  DeferType = 1
04-06 18:08:05.715 I/chromium(30649): [INFO:render_frame_host_impl.cc(5780)] BFCACHELOG  Eviction  reason = No: cache limit
04-06 18:08:05.720 I/chromium(31264): [INFO:render_frame_impl.cc(5114)] LoaderLog didStopLoading
04-06 18:08:05.728 I/chromium(30649): [INFO:render_process_host_impl.cc(4491)] [Renderer][Exit] ChildProcessLauncher::OnChildProcessDied called through JNI pid = 31264, renderer_id =0
04-06 18:08:05.772 I/chromium(31483): [INFO:layer_tree_host_impl.cc(4001)] SBRTOUCHLOG SetDeferCommitFlagForDebug = 0
04-06 18:08:05.834 I/chromium(31483): [INFO:progress_tracker.cc(112)] LoaderLog  FinishedParsing
04-06 18:08:05.843 I/chromium(31483): [INFO:layer_tree_impl.cc(1205)] DidUpdatePageScale IsActiveTree: 0 ScaleFactor: 1
04-06 18:08:05.845 I/chromium(31483): [INFO:layer_tree_impl.cc(1205)] DidUpdatePageScale IsActiveTree: 1 ScaleFactor: 1
04-06 18:08:05.912 I/chromium(30649): [INFO:web_contents_impl.cc(6549)] LoaderLog  progress completed
04-06 18:08:06.196 I/chromium(31483): [INFO:render_frame_impl.cc(4027)] LoaderLog didFinishLoad
04-06 18:08:06.197 I/chromium(31483): [INFO:frame_loader.cc(402)] LoaderLog Completed totalBytes = 106022
04-06 18:08:06.198 I/chromium(31483): [INFO:render_frame_impl.cc(5114)] LoaderLog didStopLoading
04-06 18:08:06.202 I/chromium(30649): [INFO:tin_six_tab_helper.cc(621)] ActivateTabAt 0,4
04-06 18:08:06.270 I/chromium(31483): [INFO:document_loader.cc(793)] LoaderLog UpdateForSameDocumentNavigation  was_loading = 0  is_client_redirect_ = 0  replaces_history_item_ = 1
04-06 18:08:06.270 I/chromium(31483): [INFO:render_frame_impl.cc(5114)] LoaderLog didStopLoading
04-06 18:08:06.331 I/chromium(30649): [INFO:tin_six_tab_helper.cc(621)] ActivateTabAt 0,4
04-06 18:08:08.224 W/chromium(30649): [WARNING:render_widget_host_view_android.cc(1070)] SBRTOUCHLOG  OnTouchEvent, Action::DOWN
04-06 18:08:08.224 I/chromium(30649): [INFO:render_widget_host_input_event_router.cc(861)] SBRTOUCHLOG Set Touch sequence target view: 0x5f6ac000
04-06 18:08:08.224 W/chromium(30649): [WARNING:input_router_impl.cc(529)] SBRTOUCHLOG FilterAndSendWebInputEvent, kTouchStart
04-06 18:08:08.226 I/chromium(31483): [INFO:web_frame_widget_impl.cc(2748)] SBRTOUCHLOG Blink HandleInputEvent event received = PointerDown
04-06 18:08:08.237 I/chromium(31483): [INFO:web_frame_widget_impl.cc(2748)] SBRTOUCHLOG Blink HandleInputEvent event received = GestureTapDown
04-06 18:08:08.247 I/chromium(31483): [INFO:web_frame_widget_impl.cc(2748)] SBRTOUCHLOG Blink HandleInputEvent event received = PointerMove
04-06 18:08:08.247 I/chromium(31483): [INFO:layer_tree_host_impl.cc(332)] SBRTOUCHLOG LayerTreeHostImpl::ScrollBegin defer_commit =  0
04-06 18:08:08.248 I/chromium(31483): [INFO:layer_tree_host_impl.cc(303)] SBRTOUCHLOG LayerTreeHostImpl::ScrollBy delta_y = 15.384
04-06 18:08:08.250 I/chromium(31483): [INFO:web_frame_widget_impl.cc(2748)] SBRTOUCHLOG Blink HandleInputEvent event received = GestureTapCancel
04-06 18:08:08.251 I/chromium(31483): [INFO:web_frame_widget_impl.cc(2748)] SBRTOUCHLOG Blink HandleInputEvent event received = PointerCausedUaAction
04-06 18:08:08.274 I/chromium(31483): [INFO:web_frame_widget_impl.cc(2748)] SBRTOUCHLOG Blink HandleInputEvent event received = PointerMove
04-06 18:08:08.323 I/chromium(31483): [INFO:layer_tree_host_impl.cc(2438)] SBRTOUCHLOG AsyncLayerTreeFrameSink::SubmitCompositorFrame
04-06 18:08:08.337 I/chromium(31483): [INFO:layer_tree_host_impl.cc(303)] SBRTOUCHLOG LayerTreeHostImpl::ScrollBy delta_y = 54.4832
04-06 18:08:08.349 W/chromium(30649): [WARNING:window_android.cc(109)] TAB-STATUS observer added
04-06 18:08:08.349 I/chromium(31483): [INFO:web_frame_widget_impl.cc(2748)] SBRTOUCHLOG Blink HandleInputEvent event received = PointerMove
04-06 18:08:08.351 I/chromium(31483): [INFO:web_frame_widget_impl.cc(2748)] SBRTOUCHLOG Blink HandleInputEvent event received = PointerUp
04-06 18:08:08.355 W/chromium(30649): [WARNING:window_android.cc(123)] TAB-STATUS observer removed
04-06 18:08:08.370 I/chromium(31483): [INFO:layer_tree_host_impl.cc(344)] SBRTOUCHLOG LayerTreeHostImpl::ScrollEnd
04-06 18:08:10.036 W/chromium(30649): [WARNING:window_android.cc(123)] TAB-STATUS observer removed
04-06 18:08:10.037 I/chromium(31483): [INFO:layer_tree_host_impl.cc(198)] SBRTOUCHLOG DidVisibilityChange = 0
04-06 18:08:10.280 I/chromium(30649): [INFO:layer_tree_host_impl.cc(198)] SBRTOUCHLOG DidVisibilityChange = 0
04-06 18:08:12.056 I/chromium(30649): [INFO:render_process_host_impl.cc(4491)] [Renderer][Exit] ChildProcessLauncher::OnChildProcessDied called through JNI pid = 17018, renderer_id =25
04-06 18:08:14.053 D/EnvFileUpdater(29305): Found CIRIS_HOME from env: /data/user/0/ai.ciris.mobile.debug/files/ciris
04-06 18:08:24.056 D/EnvFileUpdater(29305): Found CIRIS_HOME from env: /data/user/0/ai.ciris.mobile.debug/files/ciris
04-06 18:08:34.059 D/EnvFileUpdater(29305): Found CIRIS_HOME from env: /data/user/0/ai.ciris.mobile.debug/files/ciris
04-06 18:08:44.061 D/EnvFileUpdater(29305): Found CIRIS_HOME from env: /data/user/0/ai.ciris.mobile.debug/files/ciris
04-06 18:08:54.064 D/EnvFileUpdater(29305): Found CIRIS_HOME from env: /data/user/0/ai.ciris.mobile.debug/files/ciris
04-06 18:09:04.066 D/EnvFileUpdater(29305): Found CIRIS_HOME from env: /data/user/0/ai.ciris.mobile.debug/files/ciris
04-06 18:09:14.068 D/EnvFileUpdater(29305): Found CIRIS_HOME from env: /data/user/0/ai.ciris.mobile.debug/files/ciris
04-06 18:09:24.070 D/EnvFileUpdater(29305): Found CIRIS_HOME from env: /data/user/0/ai.ciris.mobile.debug/files/ciris
04-06 18:09:34.072 D/EnvFileUpdater(29305): Found CIRIS_HOME from env: /data/user/0/ai.ciris.mobile.debug/files/ciris
04-06 18:09:44.075 D/EnvFileUpdater(29305): Found CIRIS_HOME from env: /data/user/0/ai.ciris.mobile.debug/files/ciris
04-06 18:09:50.844 I/MainActivity(31745): Initializing Python runtime...
04-06 18:09:52.351 I/MainActivity(31745): Python runtime started
04-06 18:09:52.355 I/MainActivity(31745): Localization resource loader initialized
04-06 18:09:52.676 I/MainActivity(31745): Google Sign-In initialized with client ID: 265882853697-l421ndo...
04-06 18:09:52.676 I/MainActivity(31745): Initializing Google Play Billing...
04-06 18:09:52.801 I/CIRISApiClient(31745): [init] CIRISApiClient initialized with baseUrl=http://localhost:8080
04-06 18:09:52.840 I/MainActivity(31745): Google Play Billing initialized
04-06 18:09:52.849 I/MainActivity(31745): Google Play Integrity initialized (via Python API)
04-06 18:09:53.387 I/python.stdout(31745): ============================================================
04-06 18:09:53.388 I/python.stdout(31745): PYDANTIC_CORE NATIVE LIBRARY SETUP
04-06 18:09:53.388 I/python.stdout(31745): ============================================================
04-06 18:09:53.388 I/python.stdout(31745): [1/6] Architecture: armeabi-v7a (machine=armv8l)
04-06 18:09:53.388 I/python.stdout(31745): [2/6] Extract target: /data/data/ai.ciris.mobile.debug/files/chaquopy/extract-packages
04-06 18:09:53.394 I/python.stdout(31745): [3/6] Found existing .so: _pydantic_core.cpython-310-arm-linux-androideabi.so
04-06 18:09:53.395 I/python.stdout(31745): [4/6] No cached modules to clear
04-06 18:09:53.396 I/python.stdout(31745): [5/6] sys.path[0] = /data/data/ai.ciris.mobile.debug/files/chaquopy/extract-packages
04-06 18:09:53.396 I/python.stdout(31745): [5/6] Installed PydanticCoreFinder at meta_path[0]
04-06 18:09:53.396 I/python.stdout(31745): [6/6] Testing native library load...
04-06 18:09:53.415 I/python.stdout(31745): [6/6] ctypes.CDLL: SUCCESS
04-06 18:09:53.416 W/python.stderr(31745): <frozen importlib._bootstrap>:914: ImportWarning: PydanticCoreFinder.find_spec() not found; falling back to find_module()
04-06 18:09:53.416 W/python.stderr(31745): <frozen importlib._bootstrap>:671: ImportWarning: PydanticCoreFinder.exec_module() not found; falling back to load_module()
04-06 18:09:53.428 I/MainActivity(31745): Running CIRIS network diagnostics...
04-06 18:09:53.439 I/MainActivity(31745): Showing CIRISApp immediately for startup animation
04-06 18:09:53.439 I/MainActivity(31745): PythonRuntimeService already running
04-06 18:09:53.439 I/MainActivity(31745): Starting logcat reader (generation 1)
04-06 18:09:53.460 D/CIRISApp(31745): [INIT] CIRISApp composable invoked - googleSignInCallback=PRESENT (224979203)
04-06 18:09:53.516 I/CIRISApiClient(31745): [init] CIRISApiClient initialized with baseUrl=http://localhost:8080
04-06 18:09:53.537 I/TokenManager(31745): [setShared] Shared TokenManager instance set
04-06 18:09:53.579 I/InteractViewModel(31745): [init] InteractViewModel initialized (polling deferred until token available)
04-06 18:09:53.582 I/InteractViewModel(31745): [setDeviceAttestationCallback] Device attestation callback SET
04-06 18:09:53.583 I/InteractViewModel(31745): [observeLanguageChanges] Starting language observation for pipeline localization
04-06 18:09:53.598 I/python.stdout(31745): [6/6] import pydantic_core: SUCCESS (v2.23.4)
04-06 18:09:53.599 I/python.stdout(31745): [6/6] Location: /data/data/ai.ciris.mobile.debug/files/chaquopy/extract-packages/pydantic_core/__init__.py
04-06 18:09:53.599 I/python.stdout(31745): ============================================================
04-06 18:09:53.599 I/python.stdout(31745): PYDANTIC_CORE READY
04-06 18:09:53.599 I/python.stdout(31745): ============================================================
04-06 18:09:53.601 I/SettingsViewModel(31745): [loadDisplaySettings] >>> Loading live_background_enabled from secure storage...
04-06 18:09:53.602 I/python.stdout(31745): INFO: mobile_main: CIRIS Mobile - Full On-Device Runtime (LLM Remote)
04-06 18:09:53.605 D/MainActivity(31745): Prep step 6/6: [6/6] import pydantic_core: SUCCESS (v2.23.4)
04-06 18:09:53.606 D/MainActivity(31745): Prep step 6/6: [6/6] Location: /data/data/ai.ciris.mobile.debug/files/chaquopy/extract-packages/pydantic_core/__init__.py
04-06 18:09:53.622 I/BillingViewModel(31745): [init] BillingViewModel initialized
04-06 18:09:54.271 I/CIRISApp(31745): Test mode enabled on mobile — starting test automation server
04-06 18:09:54.273 I/CIRISApp(31745): Initializing localization...
04-06 18:09:54.285 I/MainActivity(31745): Setting purchase result callback
04-06 18:09:54.454 I/CIRISApp(31745): Initializing currency...
04-06 18:09:54.471 I/MainActivity(31745): Network diagnostics completed
04-06 18:09:54.489 D/CIRISApp(31745): [INIT] CIRISApp composable invoked - googleSignInCallback=PRESENT (224979203)
04-06 18:09:54.499 I/InteractViewModel(31745): [setDeviceAttestationCallback] Device attestation callback SET
04-06 18:09:54.789 I/InteractViewModel(31745): [observeLanguageChanges] Updating pipeline labels for language: en (explicit=false)
04-06 18:09:54.794 I/SettingsViewModel(31745): [loadDisplaySettings] >>> Raw value='null', parsed=true
04-06 18:09:54.796 I/SettingsViewModel(31745): [loadDisplaySettings] >>> Live background state set to: true
04-06 18:09:54.918 D/CIRISApp(31745): [INIT] CIRISApp composable invoked - googleSignInCallback=PRESENT (224979203)
04-06 18:09:54.926 I/InteractViewModel(31745): [setDeviceAttestationCallback] Device attestation callback SET
04-06 18:09:55.140 I/SettingsViewModel(31745): [loadDisplaySettings] >>> Color theme loaded: VAPOR
04-06 18:09:55.282 I/SettingsViewModel(31745): [loadDisplaySettings] >>> Brightness preference loaded: SYSTEM
04-06 18:09:55.294 E/CIRISApiClient(31745): [getSystemStatus] Exception: ConnectException: Failed to connect to localhost/127.0.0.1:8080 | Context: url=http://localhost:8080
04-06 18:09:55.294 E/CIRISApiClient(31745): java.net.ConnectException: Failed to connect to localhost/127.0.0.1:8080
04-06 18:09:55.294 E/CIRISApiClient(31745): 	at okhttp3.internal.connection.RealConnection.connectSocket(RealConnection.kt:297)
04-06 18:09:55.294 E/CIRISApiClient(31745): 	at okhttp3.internal.connection.RealConnection.connect(RealConnection.kt:207)
04-06 18:09:55.294 E/CIRISApiClient(31745): 	at okhttp3.internal.connection.ExchangeFinder.findConnection(ExchangeFinder.kt:226)
04-06 18:09:55.294 E/CIRISApiClient(31745): 	at okhttp3.internal.connection.ExchangeFinder.findHealthyConnection(ExchangeFinder.kt:106)
04-06 18:09:55.294 E/CIRISApiClient(31745): 	at okhttp3.internal.connection.ExchangeFinder.find(ExchangeFinder.kt:74)
04-06 18:09:55.294 E/CIRISApiClient(31745): 	at okhttp3.internal.connection.RealCall.initExchange$okhttp(RealCall.kt:255)
04-06 18:09:55.294 E/CIRISApiClient(31745): 	at okhttp3.internal.connection.ConnectInterceptor.intercept(ConnectInterceptor.kt:32)
04-06 18:09:55.294 E/CIRISApiClient(31745): 	at okhttp3.internal.http.RealInterceptorChain.proceed(RealInterceptorChain.kt:109)
04-06 18:09:55.294 E/CIRISApiClient(31745): 	at okhttp3.internal.cache.CacheInterceptor.intercept(CacheInterceptor.kt:95)
04-06 18:09:55.294 E/CIRISApiClient(31745): 	at okhttp3.internal.http.RealInterceptorChain.proceed(RealInterceptorChain.kt:109)
04-06 18:09:55.294 E/CIRISApiClient(31745): 	at okhttp3.internal.http.BridgeInterceptor.intercept(BridgeInterceptor.kt:83)
04-06 18:09:55.294 E/CIRISApiClient(31745): 	at okhttp3.internal.http.RealInterceptorChain.proceed(RealInterceptorChain.kt:109)
04-06 18:09:55.294 E/CIRISApiClient(31745): 	at okhttp3.internal.http.RetryAndFollowUpInterceptor.intercept(RetryAndFollowUpInterceptor.kt:76)
04-06 18:09:55.294 E/CIRISApiClient(31745): 	at okhttp3.internal.http.RealInterceptorChain.proceed(RealInterceptorChain.kt:109)
04-06 18:09:55.294 E/CIRISApiClient(31745): 	at okhttp3.internal.connection.RealCall.getResponseWithInterceptorChain$okhttp(RealCall.kt:201)
04-06 18:09:55.294 E/CIRISApiClient(31745): 	at okhttp3.internal.connection.RealCall$AsyncCall.run(RealCall.kt:517)
04-06 18:09:55.294 E/CIRISApiClient(31745): 	at java.util.concurrent.ThreadPoolExecutor.runWorker(ThreadPoolExecutor.java:1133)
04-06 18:09:55.294 E/CIRISApiClient(31745): 	at java.util.concurrent.ThreadPoolExecutor$Worker.run(ThreadPoolExecutor.java:607)
04-06 18:09:55.294 E/CIRISApiClient(31745): 	at java.lang.Thread.run(Thread.java:762)
04-06 18:09:55.294 E/CIRISApiClient(31745): Caused by: java.net.ConnectException: Connection refused
04-06 18:09:55.294 E/CIRISApiClient(31745): 	at java.net.PlainSocketImpl.socketConnect(Native Method)
04-06 18:09:55.294 E/CIRISApiClient(31745): 	at java.net.AbstractPlainSocketImpl.doConnect(AbstractPlainSocketImpl.java:334)
04-06 18:09:55.294 E/CIRISApiClient(31745): 	at java.net.AbstractPlainSocketImpl.connectToAddress(AbstractPlainSocketImpl.java:196)
04-06 18:09:55.294 E/CIRISApiClient(31745): 	at java.net.AbstractPlainSocketImpl.connect(AbstractPlainSocketImpl.java:178)
04-06 18:09:55.294 E/CIRISApiClient(31745): 	at java.net.SocksSocketImpl.connect(SocksSocketImpl.java:356)
04-06 18:09:55.294 E/CIRISApiClient(31745): 	at java.net.Socket.connect(Socket.java:605)
04-06 18:09:55.294 E/CIRISApiClient(31745): 	at okhttp3.internal.platform.AndroidPlatform.connectSocket(AndroidPlatform.kt:63)
04-06 18:09:55.294 E/CIRISApiClient(31745): 	at okhttp3.internal.connection.RealConnection.connectSocket(RealConnection.kt:295)
04-06 18:09:55.294 E/CIRISApiClient(31745): 	... 18 more
04-06 18:09:58.221 D/CIRISApp(31745): [INIT] CIRISApp composable invoked - googleSignInCallback=PRESENT (224979203)
04-06 18:09:58.226 I/InteractViewModel(31745): [setDeviceAttestationCallback] Device attestation callback SET
04-06 18:10:00.353 E/CIRISApiClient(31745): [getSystemStatus] Exception: ConnectException: Failed to connect to localhost/127.0.0.1:8080 | Context: url=http://localhost:8080
04-06 18:10:00.353 E/CIRISApiClient(31745): java.net.ConnectException: Failed to connect to localhost/127.0.0.1:8080
04-06 18:10:00.353 E/CIRISApiClient(31745): 	at okhttp3.internal.connection.RealConnection.connectSocket(RealConnection.kt:297)
04-06 18:10:00.353 E/CIRISApiClient(31745): 	at okhttp3.internal.connection.RealConnection.connect(RealConnection.kt:207)
04-06 18:10:00.353 E/CIRISApiClient(31745): 	at okhttp3.internal.connection.ExchangeFinder.findConnection(ExchangeFinder.kt:226)
04-06 18:10:00.353 E/CIRISApiClient(31745): 	at okhttp3.internal.connection.ExchangeFinder.findHealthyConnection(ExchangeFinder.kt:106)
04-06 18:10:00.353 E/CIRISApiClient(31745): 	at okhttp3.internal.connection.ExchangeFinder.find(ExchangeFinder.kt:74)
