04-06 16:35:09.738 I/chromium(12067): [INFO:layer_tree_host_impl.cc(4001)] SBRTOUCHLOG SetDeferCommitFlagForDebug = 0
04-06 16:35:09.738 I/chromium(12067): [INFO:tin_anti_tracking_renderer_url_loader_throttle_helper.cc(31)] [IAT] set delegate th 0xc0080140 td 0xbe4a8c80
04-06 16:35:09.738 I/chromium(12067): [INFO:tin_smart_protect_renderer.cc(16)] TinSmartProtectRenderer
04-06 16:35:09.739 I/chromium(12067): [INFO:tin_smart_protect_renderer.cc(33)] BindPendingReceiver bound=1
04-06 16:35:09.912 I/chromium(12067): [INFO:tin_anti_tracking_renderer_url_loader_throttle_helper.cc(38)] [IAT] detector destroyed 0xbe4a8c80
04-06 16:35:09.928 I/chromium(30649): [INFO:tin_six_tab_helper.cc(621)] ActivateTabAt 0,2
04-06 16:35:10.031 I/chromium(12106): [INFO:dispatcher.cc(1571)] CreateBindingsSystem
04-06 16:35:10.053 I/chromium(12106): [INFO:layer_tree_host_impl.cc(198)] SBRTOUCHLOG DidVisibilityChange = 0
04-06 16:35:10.054 I/chromium(12106): [INFO:layer_tree_host_impl.cc(4001)] SBRTOUCHLOG SetDeferCommitFlagForDebug = 1
04-06 16:35:10.054 I/chromium(12106): [INFO:layer_tree_host_impl.cc(4001)] SBRTOUCHLOG SetDeferCommitFlagForDebug = 0
04-06 16:35:10.055 I/chromium(12106): [INFO:tin_anti_tracking_renderer_url_loader_throttle_helper.cc(31)] [IAT] set delegate th 0xc0217e10 td 0xc1263660
04-06 16:35:10.055 I/chromium(12106): [INFO:tin_smart_protect_renderer.cc(16)] TinSmartProtectRenderer
04-06 16:35:10.056 I/chromium(12106): [INFO:tin_smart_protect_renderer.cc(33)] BindPendingReceiver bound=1
04-06 16:35:10.066 I/chromium(12106): [INFO:layer_tree_host_impl.cc(4001)] SBRTOUCHLOG SetDeferCommitFlagForDebug = 1
04-06 16:35:10.094 I/chromium(12106): [INFO:render_frame_impl.cc(3805)] LoaderLog didCommitProvisionalLoad
04-06 16:35:10.098 W/chromium(30649): [WARNING:window_android.cc(123)] TAB-STATUS observer removed
04-06 16:35:10.099 I/chromium(30649): [INFO:render_widget_host_impl.cc(843)] SBRTOUCHLOG  RenderWidgetHostImpl::WasShown
04-06 16:35:10.100 W/chromium(30649): [WARNING:window_android.cc(109)] TAB-STATUS observer added
04-06 16:35:10.100 I/chromium(12067): [INFO:layer_tree_host_impl.cc(198)] SBRTOUCHLOG DidVisibilityChange = 0
04-06 16:35:10.124 I/chromium(12067): [INFO:frame_loader.cc(274)] LoaderLog  SetDefersLoading  DeferType = 1
04-06 16:35:10.129 I/chromium(12106): [INFO:layer_tree_host_impl.cc(198)] SBRTOUCHLOG DidVisibilityChange = 1
04-06 16:35:10.161 I/chromium(12106): [INFO:memory_cache.cc(126)] MemoryCache MemberMemoryCache is disabled
04-06 16:35:10.198 I/chromium(12106): [INFO:layer_tree_host_impl.cc(4001)] SBRTOUCHLOG SetDeferCommitFlagForDebug = 0
04-06 16:35:10.221 I/chromium(12106): [INFO:layer_tree_impl.cc(1205)] DidUpdatePageScale IsActiveTree: 0 ScaleFactor: 1
04-06 16:35:10.222 I/chromium(12106): [INFO:layer_tree_impl.cc(1205)] DidUpdatePageScale IsActiveTree: 1 ScaleFactor: 1
04-06 16:35:11.041 I/chromium(30649): [INFO:render_process_host_impl.cc(4491)] [Renderer][Exit] ChildProcessLauncher::OnChildProcessDied called through JNI pid = 12164, renderer_id =0
04-06 16:35:11.083 I/chromium(12106): [INFO:progress_tracker.cc(112)] LoaderLog  FinishedParsing
04-06 16:35:11.185 I/chromium(12177): [INFO:dispatcher.cc(1571)] CreateBindingsSystem
04-06 16:35:11.208 I/chromium(12177): [INFO:layer_tree_host_impl.cc(198)] SBRTOUCHLOG DidVisibilityChange = 0
04-06 16:35:11.210 I/chromium(12177): [INFO:layer_tree_host_impl.cc(4001)] SBRTOUCHLOG SetDeferCommitFlagForDebug = 1
04-06 16:35:11.252 I/chromium(30649): [INFO:back_forward_cache_impl.cc(675)] BFCACHELOG  CanStorePageNow  result = No: not a main frame, related active contents exist: no BI swap result, HTTP status is not OK, scheme is not HTTP or HTTPS, frame is not fully loaded, main RenderFrameHost doesn't have response headers set, probably due not having successfully committed a navigation.
04-06 16:35:11.253 I/chromium(30649): [INFO:render_widget_host_impl.cc(843)] SBRTOUCHLOG  RenderWidgetHostImpl::WasShown
04-06 16:35:11.254 I/chromium(12177): [INFO:layer_tree_host_impl.cc(198)] SBRTOUCHLOG DidVisibilityChange = 0
04-06 16:35:11.255 I/chromium(12177): [INFO:layer_tree_host_impl.cc(4001)] SBRTOUCHLOG SetDeferCommitFlagForDebug = 1
04-06 16:35:11.278 I/chromium(30649): [INFO:back_forward_cache_impl.cc(675)] BFCACHELOG  CanStorePageNow  result = No: not a main frame, related active contents exist: no BI swap result, HTTP status is not OK, scheme is not HTTP or HTTPS, frame is not fully loaded, main RenderFrameHost doesn't have response headers set, probably due not having successfully committed a navigation.
04-06 16:35:11.279 I/chromium(30649): [INFO:render_widget_host_impl.cc(843)] SBRTOUCHLOG  RenderWidgetHostImpl::WasShown
04-06 16:35:11.295 I/chromium(12177): [INFO:layer_tree_host_impl.cc(198)] SBRTOUCHLOG DidVisibilityChange = 1
04-06 16:35:11.316 I/chromium(12177): [INFO:layer_tree_host_impl.cc(198)] SBRTOUCHLOG DidVisibilityChange = 1
04-06 16:35:11.318 I/chromium(12177): [INFO:memory_cache.cc(126)] MemoryCache MemberMemoryCache is disabled
04-06 16:35:11.570 I/chromium(12177): [INFO:layer_tree_host_impl.cc(198)] SBRTOUCHLOG DidVisibilityChange = 0
04-06 16:35:11.573 I/chromium(12177): [INFO:web_view_impl.cc(1439)] Blink ResizeWithBrowserControls old_size = 0 * 0, new_size = 720 * 1040
04-06 16:35:11.573 I/chromium(12177): [INFO:layer_tree_host_impl.cc(4001)] SBRTOUCHLOG SetDeferCommitFlagForDebug = 0
04-06 16:35:11.578 I/chromium(12177): [INFO:layer_tree_host_impl.cc(198)] SBRTOUCHLOG DidVisibilityChange = 0
04-06 16:35:11.580 I/chromium(30649): [INFO:web_contents_impl.cc(6549)] LoaderLog  progress completed
04-06 16:35:11.580 I/chromium(12177): [INFO:layer_tree_host_impl.cc(4001)] SBRTOUCHLOG SetDeferCommitFlagForDebug = 0
04-06 16:35:12.831 I/chromium(12177): [INFO:layer_tree_host_impl.cc(198)] SBRTOUCHLOG DidVisibilityChange = 0
04-06 16:35:12.832 I/chromium(12177): [INFO:layer_tree_host_impl.cc(4001)] SBRTOUCHLOG SetDeferCommitFlagForDebug = 1
04-06 16:35:12.832 I/chromium(12177): [INFO:web_view_impl.cc(1439)] Blink ResizeWithBrowserControls old_size = 720 * 1040, new_size = 0 * 0
04-06 16:35:12.924 I/chromium(30649): [INFO:back_forward_cache_impl.cc(675)] BFCACHELOG  CanStorePageNow  result = No: not a main frame, related active contents exist: no BI swap result, HTTP status is not OK, scheme is not HTTP or HTTPS, main RenderFrameHost doesn't have response headers set, probably due not having successfully committed a navigation.
04-06 16:35:12.925 I/chromium(30649): [INFO:render_widget_host_impl.cc(843)] SBRTOUCHLOG  RenderWidgetHostImpl::WasShown
04-06 16:35:12.926 I/chromium(12177): [INFO:layer_tree_host_impl.cc(198)] SBRTOUCHLOG DidVisibilityChange = 1
04-06 16:35:13.049 I/chromium(12177): [INFO:layer_tree_host_impl.cc(198)] SBRTOUCHLOG DidVisibilityChange = 0
04-06 16:35:13.050 I/chromium(12177): [INFO:web_view_impl.cc(1439)] Blink ResizeWithBrowserControls old_size = 0 * 0, new_size = 720 * 1040
04-06 16:35:13.050 I/chromium(12177): [INFO:layer_tree_host_impl.cc(4001)] SBRTOUCHLOG SetDeferCommitFlagForDebug = 0
04-06 16:35:13.610 D/EnvFileUpdater(11304): Found CIRIS_HOME from env: /data/user/0/ai.ciris.mobile.debug/files/ciris
04-06 16:35:14.397 I/chromium(12177): [INFO:layer_tree_host_impl.cc(198)] SBRTOUCHLOG DidVisibilityChange = 0
04-06 16:35:14.398 I/chromium(12177): [INFO:layer_tree_host_impl.cc(4001)] SBRTOUCHLOG SetDeferCommitFlagForDebug = 1
04-06 16:35:14.398 I/chromium(12177): [INFO:web_view_impl.cc(1439)] Blink ResizeWithBrowserControls old_size = 720 * 1040, new_size = 0 * 0
04-06 16:35:14.477 I/chromium(30649): [INFO:back_forward_cache_impl.cc(675)] BFCACHELOG  CanStorePageNow  result = No: not a main frame, related active contents exist: no BI swap result, HTTP status is not OK, scheme is not HTTP or HTTPS, frame is not fully loaded, main RenderFrameHost doesn't have response headers set, probably due not having successfully committed a navigation.
04-06 16:35:14.478 I/chromium(30649): [INFO:render_widget_host_impl.cc(843)] SBRTOUCHLOG  RenderWidgetHostImpl::WasShown
04-06 16:35:14.479 I/chromium(12177): [INFO:layer_tree_host_impl.cc(198)] SBRTOUCHLOG DidVisibilityChange = 1
04-06 16:35:14.636 I/chromium(12177): [INFO:layer_tree_host_impl.cc(198)] SBRTOUCHLOG DidVisibilityChange = 0
04-06 16:35:14.637 I/chromium(12177): [INFO:layer_tree_host_impl.cc(4001)] SBRTOUCHLOG SetDeferCommitFlagForDebug = 1
04-06 16:35:14.686 I/chromium(30649): [INFO:back_forward_cache_impl.cc(675)] BFCACHELOG  CanStorePageNow  result = No: not a main frame, related active contents exist: no BI swap result, HTTP status is not OK, scheme is not HTTP or HTTPS, frame is not fully loaded, main RenderFrameHost doesn't have response headers set, probably due not having successfully committed a navigation.
04-06 16:35:14.687 I/chromium(30649): [INFO:render_widget_host_impl.cc(843)] SBRTOUCHLOG  RenderWidgetHostImpl::WasShown
04-06 16:35:14.694 I/chromium(12177): [INFO:layer_tree_host_impl.cc(198)] SBRTOUCHLOG DidVisibilityChange = 1
04-06 16:35:14.888 I/chromium(12217): [INFO:dispatcher.cc(1571)] CreateBindingsSystem
04-06 16:35:14.917 I/chromium(12217): [INFO:layer_tree_host_impl.cc(198)] SBRTOUCHLOG DidVisibilityChange = 0
04-06 16:35:14.918 I/chromium(12217): [INFO:layer_tree_host_impl.cc(4001)] SBRTOUCHLOG SetDeferCommitFlagForDebug = 1
04-06 16:35:14.965 I/chromium(30649): [INFO:back_forward_cache_impl.cc(675)] BFCACHELOG  CanStorePageNow  result = No: not a main frame, related active contents exist: no BI swap result, HTTP status is not OK, scheme is not HTTP or HTTPS, frame is not fully loaded, main RenderFrameHost doesn't have response headers set, probably due not having successfully committed a navigation.
04-06 16:35:14.968 I/chromium(12217): [INFO:layer_tree_host_impl.cc(198)] SBRTOUCHLOG DidVisibilityChange = 0
04-06 16:35:14.969 I/chromium(12217): [INFO:layer_tree_host_impl.cc(4001)] SBRTOUCHLOG SetDeferCommitFlagForDebug = 1
04-06 16:35:15.001 I/chromium(30649): [INFO:back_forward_cache_impl.cc(675)] BFCACHELOG  CanStorePageNow  result = No: not a main frame, related active contents exist: no BI swap result, HTTP status is not OK, scheme is not HTTP or HTTPS, main RenderFrameHost doesn't have response headers set, probably due not having successfully committed a navigation.
04-06 16:35:15.038 I/chromium(12217): [INFO:memory_cache.cc(126)] MemoryCache MemberMemoryCache is disabled
04-06 16:35:15.098 I/chromium(12177): [INFO:layer_tree_host_impl.cc(198)] SBRTOUCHLOG DidVisibilityChange = 0
04-06 16:35:15.098 I/chromium(12177): [INFO:web_view_impl.cc(1439)] Blink ResizeWithBrowserControls old_size = 0 * 0, new_size = 720 * 1040
04-06 16:35:15.099 I/chromium(12177): [INFO:layer_tree_host_impl.cc(4001)] SBRTOUCHLOG SetDeferCommitFlagForDebug = 0
04-06 16:35:15.108 I/chromium(12177): [INFO:layer_tree_host_impl.cc(198)] SBRTOUCHLOG DidVisibilityChange = 0
04-06 16:35:15.108 I/chromium(12177): [INFO:layer_tree_host_impl.cc(4001)] SBRTOUCHLOG SetDeferCommitFlagForDebug = 0
04-06 16:35:15.208 I/chromium(12217): [INFO:layer_tree_host_impl.cc(4001)] SBRTOUCHLOG SetDeferCommitFlagForDebug = 0
04-06 16:35:15.208 I/chromium(12217): [INFO:web_view_impl.cc(1439)] Blink ResizeWithBrowserControls old_size = 0 * 0, new_size = 720 * 1040
04-06 16:35:15.209 I/chromium(12217): [INFO:layer_tree_host_impl.cc(4001)] SBRTOUCHLOG SetDeferCommitFlagForDebug = 0
04-06 16:35:15.388 I/chromium(12177): [INFO:layer_tree_host_impl.cc(198)] SBRTOUCHLOG DidVisibilityChange = 0
04-06 16:35:15.389 I/chromium(12177): [INFO:layer_tree_host_impl.cc(4001)] SBRTOUCHLOG SetDeferCommitFlagForDebug = 1
04-06 16:35:15.389 I/chromium(12177): [INFO:web_view_impl.cc(1439)] Blink ResizeWithBrowserControls old_size = 720 * 1040, new_size = 0 * 0
04-06 16:35:15.731 I/chromium(30649): [INFO:back_forward_cache_impl.cc(675)] BFCACHELOG  CanStorePageNow  result = No: not a main frame, related active contents exist: no BI swap result, HTTP status is not OK, scheme is not HTTP or HTTPS, main RenderFrameHost doesn't have response headers set, probably due not having successfully committed a navigation.
04-06 16:35:15.732 I/chromium(30649): [INFO:render_widget_host_impl.cc(843)] SBRTOUCHLOG  RenderWidgetHostImpl::WasShown
04-06 16:35:15.746 I/chromium(12177): [INFO:layer_tree_host_impl.cc(198)] SBRTOUCHLOG DidVisibilityChange = 1
04-06 16:35:15.943 I/chromium(30649): [INFO:permission_service_impl.cc(151)] Permissions query about NOTIFICATIONS
04-06 16:35:16.188 I/chromium(12106): [INFO:progress_tracker.cc(112)] LoaderLog  FinishedParsing
04-06 16:35:16.194 W/chromium(30649): [WARNING:render_widget_host_view_android.cc(1070)] SBRTOUCHLOG  OnTouchEvent, Action::DOWN
04-06 16:35:16.194 I/chromium(30649): [INFO:render_widget_host_input_event_router.cc(861)] SBRTOUCHLOG Set Touch sequence target view: 0xc10c5a00
04-06 16:35:16.194 W/chromium(30649): [WARNING:input_router_impl.cc(529)] SBRTOUCHLOG FilterAndSendWebInputEvent, kTouchStart
04-06 16:35:16.197 I/chromium(12106): [INFO:web_frame_widget_impl.cc(2748)] SBRTOUCHLOG Blink HandleInputEvent event received = PointerDown
04-06 16:35:16.208 I/chromium(30649): [INFO:input_router_impl.cc(641)] SBRTOUCHLOG InputRouterImpl::TouchEventHandled type: TouchStart & ack: NOT_CONSUMED
04-06 16:35:16.223 I/chromium(12106): [INFO:web_frame_widget_impl.cc(2748)] SBRTOUCHLOG Blink HandleInputEvent event received = PointerMove
04-06 16:35:16.224 I/chromium(12106): [INFO:web_frame_widget_impl.cc(2748)] SBRTOUCHLOG Blink HandleInputEvent event received = GestureTapDown
04-06 16:35:16.227 I/chromium(30649): [INFO:input_router_impl.cc(641)] SBRTOUCHLOG InputRouterImpl::TouchEventHandled type: TouchMove & ack: CONSUMED
04-06 16:35:16.230 I/chromium(12106): [INFO:web_frame_widget_impl.cc(2748)] SBRTOUCHLOG Blink HandleInputEvent event received = PointerUp
04-06 16:35:16.232 I/chromium(30649): [INFO:input_router_impl.cc(641)] SBRTOUCHLOG InputRouterImpl::TouchEventHandled type: TouchEnd & ack: NOT_CONSUMED
04-06 16:35:16.233 I/chromium(12106): [INFO:web_frame_widget_impl.cc(2748)] SBRTOUCHLOG Blink HandleInputEvent event received = GestureShowPress
04-06 16:35:16.236 I/chromium(12106): [INFO:web_frame_widget_impl.cc(2748)] SBRTOUCHLOG Blink HandleInputEvent event received = GestureTap
04-06 16:35:16.689 I/chromium(12177): [INFO:layer_tree_host_impl.cc(198)] SBRTOUCHLOG DidVisibilityChange = 0
04-06 16:35:16.689 I/chromium(12177): [INFO:web_view_impl.cc(1439)] Blink ResizeWithBrowserControls old_size = 0 * 0, new_size = 720 * 1040
04-06 16:35:16.690 I/chromium(12177): [INFO:layer_tree_host_impl.cc(4001)] SBRTOUCHLOG SetDeferCommitFlagForDebug = 0
04-06 16:35:16.949 E/chromium(12217): [ERROR:content_block_element_hider.cc(93)] main frame is not a local frame
04-06 16:35:16.953 E/chromium(12217): [ERROR:content_block_element_hider.cc(93)] main frame is not a local frame
04-06 16:35:16.957 E/chromium(12217): [ERROR:content_block_element_hider.cc(93)] main frame is not a local frame
04-06 16:35:16.962 E/chromium(12217): [ERROR:content_block_element_hider.cc(93)] main frame is not a local frame
04-06 16:35:17.323 W/chromium(30649): [WARNING:render_widget_host_view_android.cc(1070)] SBRTOUCHLOG  OnTouchEvent, Action::DOWN
04-06 16:35:17.323 I/chromium(30649): [INFO:render_widget_host_input_event_router.cc(861)] SBRTOUCHLOG Set Touch sequence target view: 0xc10c5a00
04-06 16:35:17.323 W/chromium(30649): [WARNING:input_router_impl.cc(529)] SBRTOUCHLOG FilterAndSendWebInputEvent, kTouchStart
04-06 16:35:17.326 I/chromium(12106): [INFO:web_frame_widget_impl.cc(2748)] SBRTOUCHLOG Blink HandleInputEvent event received = PointerDown
04-06 16:35:17.331 I/chromium(30649): [INFO:input_router_impl.cc(641)] SBRTOUCHLOG InputRouterImpl::TouchEventHandled type: TouchStart & ack: NOT_CONSUMED
04-06 16:35:17.335 I/chromium(12106): [INFO:web_frame_widget_impl.cc(2748)] SBRTOUCHLOG Blink HandleInputEvent event received = PointerMove
04-06 16:35:17.336 I/chromium(12106): [INFO:web_frame_widget_impl.cc(2748)] SBRTOUCHLOG Blink HandleInputEvent event received = GestureTapDown
04-06 16:35:17.336 I/chromium(30649): [INFO:input_router_impl.cc(641)] SBRTOUCHLOG InputRouterImpl::TouchEventHandled type: TouchMove & ack: CONSUMED
04-06 16:35:17.343 I/chromium(12106): [INFO:web_frame_widget_impl.cc(2748)] SBRTOUCHLOG Blink HandleInputEvent event received = PointerMove
04-06 16:35:17.344 I/chromium(30649): [INFO:input_router_impl.cc(641)] SBRTOUCHLOG InputRouterImpl::TouchEventHandled type: TouchMove & ack: NOT_CONSUMED
04-06 16:35:17.345 I/chromium(12106): [INFO:layer_tree_host_impl.cc(332)] SBRTOUCHLOG LayerTreeHostImpl::ScrollBegin defer_commit =  0
04-06 16:35:17.348 I/chromium(12106): [INFO:web_frame_widget_impl.cc(2748)] SBRTOUCHLOG Blink HandleInputEvent event received = GestureTapCancel
04-06 16:35:17.349 I/chromium(12106): [INFO:web_frame_widget_impl.cc(2748)] SBRTOUCHLOG Blink HandleInputEvent event received = PointerCausedUaAction
04-06 16:35:17.357 I/chromium(12106): [INFO:layer_tree_host_impl.cc(303)] SBRTOUCHLOG LayerTreeHostImpl::ScrollBy delta_y = 13.2206
04-06 16:35:17.360 I/chromium(12106): [INFO:web_frame_widget_impl.cc(2748)] SBRTOUCHLOG Blink HandleInputEvent event received = PointerMove
04-06 16:35:17.371 I/chromium(30649): [INFO:input_router_impl.cc(641)] SBRTOUCHLOG InputRouterImpl::TouchEventHandled type: TouchMove & ack: NOT_CONSUMED
04-06 16:35:17.372 I/chromium(30649): [INFO:input_router_impl.cc(641)] SBRTOUCHLOG InputRouterImpl::TouchEventHandled type: TouchMove & ack: NOT_CONSUMED
04-06 16:35:17.377 I/chromium(12106): [INFO:web_frame_widget_impl.cc(2748)] SBRTOUCHLOG Blink HandleInputEvent event received = PointerMove
04-06 16:35:17.407 I/chromium(12106): [INFO:web_frame_widget_impl.cc(2748)] SBRTOUCHLOG Blink HandleInputEvent event received = PointerMove
04-06 16:35:17.408 W/chromium(30649): [WARNING:window_android.cc(109)] TAB-STATUS observer added
04-06 16:35:17.411 I/chromium(12106): [INFO:web_frame_widget_impl.cc(2748)] SBRTOUCHLOG Blink HandleInputEvent event received = PointerUp
04-06 16:35:17.426 W/chromium(30649): [WARNING:window_android.cc(123)] TAB-STATUS observer removed
04-06 16:35:17.441 I/chromium(12106): [INFO:layer_tree_host_impl.cc(344)] SBRTOUCHLOG LayerTreeHostImpl::ScrollEnd
04-06 16:35:17.465 I/chromium(12177): [INFO:web_view_impl.cc(1439)] Blink ResizeWithBrowserControls old_size = 720 * 1040, new_size = 720 * 1232
04-06 16:35:18.028 W/chromium(30649): [WARNING:render_widget_host_view_android.cc(1070)] SBRTOUCHLOG  OnTouchEvent, Action::DOWN
04-06 16:35:18.028 I/chromium(30649): [INFO:render_widget_host_input_event_router.cc(861)] SBRTOUCHLOG Set Touch sequence target view: 0xc10c5a00
04-06 16:35:18.028 W/chromium(30649): [WARNING:input_router_impl.cc(529)] SBRTOUCHLOG FilterAndSendWebInputEvent, kTouchStart
04-06 16:35:18.033 I/chromium(12106): [INFO:web_frame_widget_impl.cc(2748)] SBRTOUCHLOG Blink HandleInputEvent event received = PointerDown
04-06 16:35:18.036 I/chromium(30649): [INFO:input_router_impl.cc(641)] SBRTOUCHLOG InputRouterImpl::TouchEventHandled type: TouchStart & ack: NOT_CONSUMED
04-06 16:35:18.037 I/chromium(12106): [INFO:web_frame_widget_impl.cc(2748)] SBRTOUCHLOG Blink HandleInputEvent event received = GestureTapDown
04-06 16:35:18.060 I/chromium(12106): [INFO:web_frame_widget_impl.cc(2748)] SBRTOUCHLOG Blink HandleInputEvent event received = PointerMove
04-06 16:35:18.061 I/chromium(30649): [INFO:input_router_impl.cc(641)] SBRTOUCHLOG InputRouterImpl::TouchEventHandled type: TouchMove & ack: CONSUMED
04-06 16:35:18.079 I/chromium(12106): [INFO:web_frame_widget_impl.cc(2748)] SBRTOUCHLOG Blink HandleInputEvent event received = PointerUp
04-06 16:35:18.089 I/chromium(12177): [INFO:layer_tree_host_impl.cc(198)] SBRTOUCHLOG DidVisibilityChange = 0
04-06 16:35:18.089 I/chromium(12177): [INFO:layer_tree_host_impl.cc(4001)] SBRTOUCHLOG SetDeferCommitFlagForDebug = 1
04-06 16:35:18.090 I/chromium(12177): [INFO:web_view_impl.cc(1439)] Blink ResizeWithBrowserControls old_size = 720 * 1232, new_size = 0 * 0
04-06 16:35:18.091 I/chromium(30649): [INFO:input_router_impl.cc(641)] SBRTOUCHLOG InputRouterImpl::TouchEventHandled type: TouchEnd & ack: NOT_CONSUMED
04-06 16:35:18.096 I/chromium(12106): [INFO:web_frame_widget_impl.cc(2748)] SBRTOUCHLOG Blink HandleInputEvent event received = GestureShowPress
04-06 16:35:18.109 I/chromium(12106): [INFO:web_frame_widget_impl.cc(2748)] SBRTOUCHLOG Blink HandleInputEvent event received = GestureTap
04-06 16:35:18.133 I/chromium(30649): [INFO:back_forward_cache_impl.cc(675)] BFCACHELOG  CanStorePageNow  result = No: not a main frame, related active contents exist: no BI swap result, HTTP status is not OK, scheme is not HTTP or HTTPS, frame is not fully loaded, main RenderFrameHost doesn't have response headers set, probably due not having successfully committed a navigation.
04-06 16:35:18.134 I/chromium(30649): [INFO:render_widget_host_impl.cc(843)] SBRTOUCHLOG  RenderWidgetHostImpl::WasShown
04-06 16:35:18.136 I/chromium(12177): [INFO:layer_tree_host_impl.cc(198)] SBRTOUCHLOG DidVisibilityChange = 1
04-06 16:35:18.405 I/chromium(12177): [INFO:layer_tree_host_impl.cc(198)] SBRTOUCHLOG DidVisibilityChange = 0
04-06 16:35:18.407 I/chromium(12177): [INFO:layer_tree_host_impl.cc(4001)] SBRTOUCHLOG SetDeferCommitFlagForDebug = 0
04-06 16:35:18.408 I/chromium(12177): [INFO:web_view_impl.cc(1439)] Blink ResizeWithBrowserControls old_size = 0 * 0, new_size = 720 * 1232
04-06 16:35:18.441 E/chromium(12217): [ERROR:tin_smart_protect_renderer_url_loader_throttle.cc(113)] GetServiceBridgeForFrame no local root frame
04-06 16:35:18.443 I/chromium(12217): [INFO:web_view_impl.cc(1439)] Blink ResizeWithBrowserControls old_size = 720 * 1040, new_size = 720 * 1232
04-06 16:35:18.467 E/chromium(12217): [ERROR:tin_smart_protect_renderer_url_loader_throttle.cc(113)] GetServiceBridgeForFrame no local root frame
04-06 16:35:18.474 I/chromium(12217): [INFO:layer_tree_host_impl.cc(198)] SBRTOUCHLOG DidVisibilityChange = 0
04-06 16:35:18.474 I/chromium(12217): [INFO:layer_tree_host_impl.cc(4001)] SBRTOUCHLOG SetDeferCommitFlagForDebug = 1
04-06 16:35:18.474 I/chromium(12217): [INFO:web_view_impl.cc(1439)] Blink ResizeWithBrowserControls old_size = 720 * 1232, new_size = 0 * 0
04-06 16:35:18.523 I/chromium(30649): [INFO:back_forward_cache_impl.cc(675)] BFCACHELOG  CanStorePageNow  result = No: not a main frame, related active contents exist: no BI swap result, HTTP status is not OK, scheme is not HTTP or HTTPS, frame is not fully loaded, main RenderFrameHost doesn't have response headers set, probably due not having successfully committed a navigation.
04-06 16:35:18.549 I/chromium(12217): [INFO:web_view_impl.cc(1439)] Blink ResizeWithBrowserControls old_size = 0 * 0, new_size = 720 * 1232
04-06 16:35:18.549 I/chromium(12217): [INFO:layer_tree_host_impl.cc(4001)] SBRTOUCHLOG SetDeferCommitFlagForDebug = 0
04-06 16:35:19.134 I/chromium(12106): [INFO:render_frame_impl.cc(4027)] LoaderLog didFinishLoad
04-06 16:35:19.138 I/chromium(12106): [INFO:frame_loader.cc(402)] LoaderLog Completed totalBytes = 4921516
04-06 16:35:19.138 I/chromium(12106): [INFO:render_frame_impl.cc(5114)] LoaderLog didStopLoading
04-06 16:35:19.142 I/chromium(30649): [INFO:tin_six_tab_helper.cc(621)] ActivateTabAt 0,2
04-06 16:35:21.772 E/chromium(12217): [ERROR:gin_java_bridge_dispatcher.cc(130)] HasJavaMethod method toString not found, returning
04-06 16:35:21.772 E/chromium(12217): [ERROR:gin_java_bridge_dispatcher.cc(130)] HasJavaMethod method name not found, returning
04-06 16:35:21.773 E/chromium(12217): [ERROR:gin_java_bridge_dispatcher.cc(130)] HasJavaMethod method toString not found, returning
04-06 16:35:21.773 E/chromium(12217): [ERROR:gin_java_bridge_dispatcher.cc(130)] HasJavaMethod method name not found, returning
04-06 16:35:21.946 E/chromium(30750): [ERROR:gles2_cmd_decoder.cc(8683)] [.RendererMainThread-0xc1300200]GL ERROR :GL_INVALID_FRAMEBUFFER_OPERATION : glFramebufferTexture2D: <- error from previous GL command
04-06 16:35:23.613 D/EnvFileUpdater(11304): Found CIRIS_HOME from env: /data/user/0/ai.ciris.mobile.debug/files/ciris
04-06 16:35:24.232 E/chromium(12217): [ERROR:gin_java_bridge_dispatcher.cc(130)] HasJavaMethod method toString not found, returning
04-06 16:35:24.232 E/chromium(12217): [ERROR:gin_java_bridge_dispatcher.cc(130)] HasJavaMethod method name not found, returning
04-06 16:35:24.233 E/chromium(12217): [ERROR:gin_java_bridge_dispatcher.cc(130)] HasJavaMethod method toString not found, returning
04-06 16:35:24.233 E/chromium(12217): [ERROR:gin_java_bridge_dispatcher.cc(130)] HasJavaMethod method name not found, returning
04-06 16:35:24.363 E/chromium(30750): [ERROR:gles2_cmd_decoder.cc(8683)] [.RendererMainThread-0xc1300200]GL ERROR :GL_INVALID_FRAMEBUFFER_OPERATION : glFramebufferTexture2D: <- error from previous GL command
04-06 16:35:30.308 I/chromium(12106): [INFO:frame_loader.cc(618)] LoaderLog  StartNavigation  ClientRedirect = 0
04-06 16:35:30.344 I/chromium(30649): [INFO:tin_six_tab_helper.cc(621)] ActivateTabAt 0,2
04-06 16:35:30.507 I/chromium(30649): [INFO:tin_six_tab_helper.cc(621)] ActivateTabAt 0,2
04-06 16:35:30.550 I/chromium(12177): [INFO:web_view_impl.cc(1439)] Blink ResizeWithBrowserControls old_size = 720 * 1232, new_size = 720 * 1040
04-06 16:35:30.554 I/chromium(12217): [INFO:web_view_impl.cc(1439)] Blink ResizeWithBrowserControls old_size = 720 * 1232, new_size = 720 * 1040
04-06 16:35:30.603 I/chromium(12261): [INFO:dispatcher.cc(1571)] CreateBindingsSystem
04-06 16:35:30.623 I/chromium(12261): [INFO:layer_tree_host_impl.cc(198)] SBRTOUCHLOG DidVisibilityChange = 0
04-06 16:35:30.623 I/chromium(12261): [INFO:layer_tree_host_impl.cc(4001)] SBRTOUCHLOG SetDeferCommitFlagForDebug = 1
04-06 16:35:30.624 I/chromium(12261): [INFO:layer_tree_host_impl.cc(4001)] SBRTOUCHLOG SetDeferCommitFlagForDebug = 0
04-06 16:35:30.624 I/chromium(12261): [INFO:tin_anti_tracking_renderer_url_loader_throttle_helper.cc(31)] [IAT] set delegate th 0x54c17fd0 td 0xc1263660
04-06 16:35:30.624 I/chromium(12261): [INFO:tin_smart_protect_renderer.cc(16)] TinSmartProtectRenderer
04-06 16:35:30.625 I/chromium(12261): [INFO:tin_smart_protect_renderer.cc(33)] BindPendingReceiver bound=1
04-06 16:35:30.634 I/chromium(12261): [INFO:layer_tree_host_impl.cc(4001)] SBRTOUCHLOG SetDeferCommitFlagForDebug = 1
04-06 16:35:30.658 I/chromium(12261): [INFO:render_frame_impl.cc(3805)] LoaderLog didCommitProvisionalLoad
04-06 16:35:30.662 W/chromium(30649): [WARNING:window_android.cc(123)] TAB-STATUS observer removed
04-06 16:35:30.664 I/chromium(30649): [INFO:render_widget_host_impl.cc(843)] SBRTOUCHLOG  RenderWidgetHostImpl::WasShown
04-06 16:35:30.665 W/chromium(30649): [WARNING:window_android.cc(109)] TAB-STATUS observer added
04-06 16:35:30.665 I/chromium(12106): [INFO:layer_tree_host_impl.cc(198)] SBRTOUCHLOG DidVisibilityChange = 0
04-06 16:35:30.668 I/chromium(12106): [INFO:frame_loader.cc(274)] LoaderLog  SetDefersLoading  DeferType = 1
04-06 16:35:30.690 I/chromium(12177): [INFO:frame_loader.cc(274)] LoaderLog  SetDefersLoading  DeferType = 1
04-06 16:35:30.690 I/chromium(12177): [INFO:frame_loader.cc(274)] LoaderLog  SetDefersLoading  DeferType = 1
04-06 16:35:30.690 I/chromium(12177): [INFO:frame_loader.cc(274)] LoaderLog  SetDefersLoading  DeferType = 1
04-06 16:35:30.690 I/chromium(12177): [INFO:frame_loader.cc(274)] LoaderLog  SetDefersLoading  DeferType = 1
04-06 16:35:30.690 I/chromium(12177): [INFO:frame_loader.cc(274)] LoaderLog  SetDefersLoading  DeferType = 1
04-06 16:35:30.691 I/chromium(12177): [INFO:frame_loader.cc(274)] LoaderLog  SetDefersLoading  DeferType = 1
04-06 16:35:30.691 I/chromium(12177): [INFO:frame_loader.cc(274)] LoaderLog  SetDefersLoading  DeferType = 1
04-06 16:35:30.693 I/chromium(12217): [INFO:frame_loader.cc(274)] LoaderLog  SetDefersLoading  DeferType = 1
04-06 16:35:30.693 I/chromium(12217): [INFO:frame_loader.cc(274)] LoaderLog  SetDefersLoading  DeferType = 1
04-06 16:35:30.693 I/chromium(12217): [INFO:frame_loader.cc(274)] LoaderLog  SetDefersLoading  DeferType = 1
04-06 16:35:30.693 I/chromium(12217): [INFO:frame_loader.cc(274)] LoaderLog  SetDefersLoading  DeferType = 1
04-06 16:35:30.693 I/chromium(12217): [INFO:frame_loader.cc(274)] LoaderLog  SetDefersLoading  DeferType = 1
04-06 16:35:30.694 I/chromium(12217): [INFO:frame_loader.cc(274)] LoaderLog  SetDefersLoading  DeferType = 1
04-06 16:35:30.694 I/chromium(12217): [INFO:frame_loader.cc(274)] LoaderLog  SetDefersLoading  DeferType = 1
04-06 16:35:30.705 I/chromium(12261): [INFO:layer_tree_host_impl.cc(198)] SBRTOUCHLOG DidVisibilityChange = 1
04-06 16:35:30.714 I/chromium(30649): [INFO:render_frame_host_impl.cc(5780)] BFCACHELOG  Eviction  reason = No: cache limit
04-06 16:35:30.726 I/chromium(12261): [INFO:memory_cache.cc(126)] MemoryCache MemberMemoryCache is disabled
04-06 16:35:30.727 I/chromium(30649): [INFO:render_process_host_impl.cc(4491)] [Renderer][Exit] ChildProcessLauncher::OnChildProcessDied called through JNI pid = 12067, renderer_id =0
04-06 16:35:30.787 I/chromium(12261): [INFO:layer_tree_host_impl.cc(4001)] SBRTOUCHLOG SetDeferCommitFlagForDebug = 0
04-06 16:35:30.862 I/chromium(12261): [INFO:progress_tracker.cc(112)] LoaderLog  FinishedParsing
04-06 16:35:30.870 I/chromium(12261): [INFO:layer_tree_impl.cc(1205)] DidUpdatePageScale IsActiveTree: 0 ScaleFactor: 1
04-06 16:35:30.873 I/chromium(12261): [INFO:layer_tree_impl.cc(1205)] DidUpdatePageScale IsActiveTree: 1 ScaleFactor: 1
04-06 16:35:31.183 I/chromium(30649): [INFO:web_contents_impl.cc(6549)] LoaderLog  progress completed
04-06 16:35:31.198 I/chromium(12261): [INFO:render_frame_impl.cc(4027)] LoaderLog didFinishLoad
04-06 16:35:31.200 I/chromium(12261): [INFO:frame_loader.cc(402)] LoaderLog Completed totalBytes = 106022
04-06 16:35:31.200 I/chromium(12261): [INFO:render_frame_impl.cc(5114)] LoaderLog didStopLoading
04-06 16:35:31.240 I/chromium(30649): [INFO:tin_six_tab_helper.cc(621)] ActivateTabAt 0,2
04-06 16:35:31.268 I/chromium(12261): [INFO:document_loader.cc(793)] LoaderLog UpdateForSameDocumentNavigation  was_loading = 0  is_client_redirect_ = 0  replaces_history_item_ = 1
04-06 16:35:31.269 I/chromium(12261): [INFO:render_frame_impl.cc(5114)] LoaderLog didStopLoading
04-06 16:35:31.331 I/chromium(30649): [INFO:tin_six_tab_helper.cc(621)] ActivateTabAt 0,2
04-06 16:35:33.014 W/chromium(30649): [WARNING:render_widget_host_view_android.cc(1070)] SBRTOUCHLOG  OnTouchEvent, Action::DOWN
04-06 16:35:33.014 I/chromium(30649): [INFO:render_widget_host_input_event_router.cc(861)] SBRTOUCHLOG Set Touch sequence target view: 0xc10cbe00
04-06 16:35:33.014 W/chromium(30649): [WARNING:input_router_impl.cc(529)] SBRTOUCHLOG FilterAndSendWebInputEvent, kTouchStart
04-06 16:35:33.016 I/chromium(12261): [INFO:web_frame_widget_impl.cc(2748)] SBRTOUCHLOG Blink HandleInputEvent event received = PointerDown
04-06 16:35:33.026 I/chromium(12261): [INFO:web_frame_widget_impl.cc(2748)] SBRTOUCHLOG Blink HandleInputEvent event received = GestureTapDown
04-06 16:35:33.038 I/chromium(12261): [INFO:web_frame_widget_impl.cc(2748)] SBRTOUCHLOG Blink HandleInputEvent event received = PointerMove
04-06 16:35:33.038 I/chromium(12261): [INFO:layer_tree_host_impl.cc(332)] SBRTOUCHLOG LayerTreeHostImpl::ScrollBegin defer_commit =  0
04-06 16:35:33.039 I/chromium(12261): [INFO:layer_tree_host_impl.cc(303)] SBRTOUCHLOG LayerTreeHostImpl::ScrollBy delta_y = 13.4497
04-06 16:35:33.041 I/chromium(12261): [INFO:web_frame_widget_impl.cc(2748)] SBRTOUCHLOG Blink HandleInputEvent event received = GestureTapCancel
04-06 16:35:33.042 I/chromium(12261): [INFO:web_frame_widget_impl.cc(2748)] SBRTOUCHLOG Blink HandleInputEvent event received = PointerCausedUaAction
04-06 16:35:33.047 I/chromium(12261): [INFO:web_frame_widget_impl.cc(2748)] SBRTOUCHLOG Blink HandleInputEvent event received = PointerMove
04-06 16:35:33.112 I/chromium(12261): [INFO:layer_tree_host_impl.cc(2438)] SBRTOUCHLOG AsyncLayerTreeFrameSink::SubmitCompositorFrame
04-06 16:35:33.129 I/chromium(12261): [INFO:layer_tree_host_impl.cc(303)] SBRTOUCHLOG LayerTreeHostImpl::ScrollBy delta_y = 60.0989
04-06 16:35:33.141 W/chromium(30649): [WARNING:window_android.cc(109)] TAB-STATUS observer added
04-06 16:35:33.141 I/chromium(12261): [INFO:web_frame_widget_impl.cc(2748)] SBRTOUCHLOG Blink HandleInputEvent event received = PointerMove
04-06 16:35:33.143 I/chromium(12261): [INFO:web_frame_widget_impl.cc(2748)] SBRTOUCHLOG Blink HandleInputEvent event received = PointerUp
04-06 16:35:33.146 W/chromium(30649): [WARNING:window_android.cc(123)] TAB-STATUS observer removed
04-06 16:35:33.161 I/chromium(12261): [INFO:layer_tree_host_impl.cc(344)] SBRTOUCHLOG LayerTreeHostImpl::ScrollEnd
04-06 16:35:33.615 D/EnvFileUpdater(11304): Found CIRIS_HOME from env: /data/user/0/ai.ciris.mobile.debug/files/ciris
04-06 16:35:33.895 W/chromium(30649): [WARNING:render_widget_host_view_android.cc(1070)] SBRTOUCHLOG  OnTouchEvent, Action::DOWN
04-06 16:35:33.895 I/chromium(30649): [INFO:render_widget_host_input_event_router.cc(861)] SBRTOUCHLOG Set Touch sequence target view: 0xc10cbe00
04-06 16:35:33.895 W/chromium(30649): [WARNING:input_router_impl.cc(529)] SBRTOUCHLOG FilterAndSendWebInputEvent, kTouchStart
04-06 16:35:33.897 I/chromium(12261): [INFO:web_frame_widget_impl.cc(2748)] SBRTOUCHLOG Blink HandleInputEvent event received = PointerDown
04-06 16:35:33.901 I/chromium(12261): [INFO:web_frame_widget_impl.cc(2748)] SBRTOUCHLOG Blink HandleInputEvent event received = GestureTapDown
04-06 16:35:33.946 I/chromium(12261): [INFO:web_frame_widget_impl.cc(2748)] SBRTOUCHLOG Blink HandleInputEvent event received = PointerMove
04-06 16:35:33.960 I/chromium(12261): [INFO:web_frame_widget_impl.cc(2748)] SBRTOUCHLOG Blink HandleInputEvent event received = PointerUp
04-06 16:35:33.965 I/chromium(30649): [INFO:input_router_impl.cc(641)] SBRTOUCHLOG InputRouterImpl::TouchEventHandled type: TouchEnd & ack: NOT_CONSUMED
04-06 16:35:33.966 I/chromium(12261): [INFO:web_frame_widget_impl.cc(2748)] SBRTOUCHLOG Blink HandleInputEvent event received = GestureShowPress
04-06 16:35:33.967 I/chromium(12261): [INFO:web_frame_widget_impl.cc(2748)] SBRTOUCHLOG Blink HandleInputEvent event received = GestureTap
04-06 16:35:35.999 W/chromium(30649): [WARNING:window_android.cc(123)] TAB-STATUS observer removed
04-06 16:35:36.000 I/chromium(12261): [INFO:layer_tree_host_impl.cc(198)] SBRTOUCHLOG DidVisibilityChange = 0
04-06 16:35:36.193 I/chromium(30649): [INFO:layer_tree_host_impl.cc(198)] SBRTOUCHLOG DidVisibilityChange = 0
04-06 16:35:38.622 I/chromium(30649): [INFO:render_process_host_impl.cc(4491)] [Renderer][Exit] ChildProcessLauncher::OnChildProcessDied called through JNI pid = 31384, renderer_id =9
04-06 16:35:38.669 I/chromium(30649): [INFO:render_process_host_impl.cc(4491)] [Renderer][Exit] ChildProcessLauncher::OnChildProcessDied called through JNI pid = 30750, renderer_id =0
04-06 16:35:38.756 E/chromium(30649): [ERROR:gpu_process_host.cc(968)] GPU process exited unexpectedly: exit_code=0
04-06 16:35:38.756 W/chromium(30649): [WARNING:gpu_process_host.cc(1274)] The GPU process has crashed 1 time(s)
04-06 16:35:41.945 I/SetupViewModel(11304): pollNodeAuthStatus: COMPLETE - keyId=null, signingKeyB64=null...
04-06 16:35:41.949 I/SetupViewModel(11304): pollNodeAuthStatus: template=default, adapters=null
04-06 16:35:43.618 D/EnvFileUpdater(11304): Found CIRIS_HOME from env: /data/user/0/ai.ciris.mobile.debug/files/ciris
04-06 16:35:50.597 I/CIRISApiClient(11304): [init] CIRISApiClient initialized with baseUrl=http://127.0.0.1:8080
04-06 16:35:50.602 I/CIRISApiClient(11304): [searchLocations] Searching locations: query=sc, countryCode=null, limit=10
04-06 16:35:51.587 I/CIRISApiClient(11304): [searchLocations] Searching locations: query=scha, countryCode=null, limit=10
04-06 16:35:53.620 D/EnvFileUpdater(11304): Found CIRIS_HOME from env: /data/user/0/ai.ciris.mobile.debug/files/ciris
04-06 16:35:58.344 I/CIRISApiClient(11304): [getSetupAdapters] Fetched 9 adapters
04-06 16:35:59.907 I/SetupViewModel(11304): buildSetupRequest: isNodeFlow=true, deviceAuth.status=COMPLETE
04-06 16:35:59.909 I/SetupViewModel(11304): buildSetupRequest: deviceAuth.keyId=null, signingKeyB64=null...
04-06 16:35:59.922 I/SetupViewModel(11304): Node flow COMPLETE - extracting NodeFlowData: keyId=null, signingKeyB64=null...
04-06 16:35:59.924 I/SetupViewModel(11304): completeSetup: signing_key_id=null, signing_key_provisioned=true
04-06 16:35:59.926 I/SetupViewModel(11304): completeSetup: provisioned_signing_key_b64=null...
04-06 16:35:59.930 I/CIRISApiClient(11304): [completeSetup] Completing setup: provider=other, template=default, username=oauth_google_user
04-06 16:36:01.772 I/CIRISApiClient(11304): [getSetupTemplates] Fetched 5 templates
04-06 16:36:01.962 I/python.stdout(11304): [SETUP_COMPLETE] Calling _create_setup_users(username=oauth_google_user, db=/data/data/ai.ciris.mobile.debug/files/ciris/data/ciris_audit.db)
04-06 16:36:02.723 I/python.stdout(11304): [SETUP_COMPLETE] ✅ Founding partnership created: consent/wa-2026-04-06-78F507 (PARTNERED)
04-06 16:36:02.864 I/python.stdout(11304): [SETUP_COMPLETE] _create_setup_users completed successfully
04-06 16:36:02.967 I/CIRISApiClient(11304): [completeSetup] Setup complete: success=true, message=Setup completed successfully. Starting agent processor...
04-06 16:36:03.622 D/EnvFileUpdater(11304): Found CIRIS_HOME from env: /data/user/0/ai.ciris.mobile.debug/files/ciris
04-06 16:36:04.905 I/python.stdout(11304): [SERVICES] === RESUME (12 remaining services) PHASE ===
04-06 16:36:04.932 I/python.stdout(11304): [RESUME (12 remaining services)] [SERVICE 9/22] TelemetryService STARTED
04-06 16:36:04.934 D/MainActivity(11304): Service 9 started (11/22)
04-06 16:36:05.057 D/CIRISApp(11304): [INFO] onSetupComplete called - exchanging tokens...
04-06 16:36:05.059 I/CIRISApp(11304):  Exchanging OAuth ID token for CIRIS access token (provider=google)
04-06 16:36:05.060 I/CIRISApiClient(11304): [nativeAuth] Attempting native auth: provider=google, userId=102773749033681671083
04-06 16:36:05.062 I/CIRISApiClient(11304): [googleAuth] Attempting Google auth: userId=102773749033681671083, idToken=eyJhbGci...mizA
04-06 16:36:05.164 I/python.stdout(11304): [RESUME (12 remaining services)] [SERVICE 14/22] LLMService STARTED
04-06 16:36:05.165 D/MainActivity(11304): Service 14 started (12/22)
04-06 16:36:05.681 I/python.stdout(11304): [RESUME (12 remaining services)] [SERVICE 8/22] AuditService STARTED
04-06 16:36:05.682 D/MainActivity(11304): Service 8 started (13/22)
04-06 16:36:05.766 I/python.stdout(11304): [RESUME (12 remaining services)] [SERVICE 10/22] IncidentManagement STARTED
04-06 16:36:05.767 D/MainActivity(11304): Service 10 started (14/22)
04-06 16:36:05.835 I/python.stdout(11304): [RESUME (12 remaining services)] [SERVICE 19/22] AdaptiveFilter STARTED
04-06 16:36:05.836 D/MainActivity(11304): Service 19 started (15/22)
04-06 16:36:05.866 I/python.stdout(11304): [RESUME (12 remaining services)] [SERVICE 18/22] TaskScheduler STARTED
04-06 16:36:05.867 D/MainActivity(11304): Service 18 started (16/22)
04-06 16:36:06.713 I/python.stdout(11304): [RESUME (12 remaining services)] [SERVICE 11/22] TSDBConsolidation STARTED
04-06 16:36:06.715 D/MainActivity(11304): Service 11 started (17/22)
04-06 16:36:06.720 I/python.stdout(11304): [RESUME (12 remaining services)] [SERVICE 16/22] DatabaseMaintenance STARTED
04-06 16:36:06.721 D/MainActivity(11304): Service 16 started (18/22)
04-06 16:36:07.089 I/python.stdout(11304): [RESUME (12 remaining services)] [SERVICE 21/22] SelfObservation STARTED
04-06 16:36:07.090 D/MainActivity(11304): Service 21 started (19/22)
04-06 16:36:07.100 I/python.stdout(11304): [RESUME (12 remaining services)] [SERVICE 20/22] VisibilityService STARTED
04-06 16:36:07.101 D/MainActivity(11304): Service 20 started (20/22)
04-06 16:36:07.103 I/python.stdout(11304): [RESUME (12 remaining services)] [SERVICE 12/22] ConsentService STARTED
04-06 16:36:07.104 D/MainActivity(11304): Service 12 started (21/22)
04-06 16:36:07.146 I/python.stdout(11304): [RESUME (12 remaining services)] [SERVICE 17/22] RuntimeControl STARTED
04-06 16:36:07.147 D/MainActivity(11304): Service 17 started (22/22)
04-06 16:36:07.831 I/python.stdout(11304): [RESUME (12 remaining services)] [SERVICE 14/22] LLMService STARTED
04-06 16:36:07.832 D/MainActivity(11304): Service 14 started (22/22)
04-06 16:36:09.087 I/python.stdout(11304): [CONSOLIDATOR] Checking for missed windows...
04-06 16:36:11.745 I/python.stdout(11304): [16:36:11.745] [STATE] Transition: shutdown -> work
04-06 16:36:12.621 I/CIRISApiClient(11304): [googleAuth] Google auth successful: userId=google:102773749033681671083, role=SYSTEM_ADMIN
04-06 16:36:12.625 I/CIRISApp(11304):  Got CIRIS access token: ciris_ad...ihWA
04-06 16:36:12.770 I/CIRISApp(11304):  Token saved to secure storage
04-06 16:36:12.773 I/CIRISApp(11304):  Writing OAuth ID token to .env for Python billing...
04-06 16:36:12.778 D/EnvFileUpdater(11304): Found CIRIS_HOME from env: /data/user/0/ai.ciris.mobile.debug/files/ciris
04-06 16:36:12.785 I/EnvFileUpdater(11304): Read .env file (7641 bytes)
04-06 16:36:12.793 I/EnvFileUpdater(11304): CIRIS proxy mode detected - updating OPENAI_API_KEY
04-06 16:36:12.797 I/EnvFileUpdater(11304): Updated OPENAI_API_KEY
04-06 16:36:12.804 I/EnvFileUpdater(11304): Updated CIRIS_BILLING_GOOGLE_ID_TOKEN
04-06 16:36:12.806 I/EnvFileUpdater(11304): .env file updated (proxy mode: true)
04-06 16:36:12.806 D/EnvFileUpdater(11304): Found CIRIS_HOME from env: /data/user/0/ai.ciris.mobile.debug/files/ciris
04-06 16:36:12.808 I/EnvFileUpdater(11304): Config reload signal written to /data/user/0/ai.ciris.mobile.debug/files/ciris/.config_reload
04-06 16:36:12.808 I/CIRISApp(11304):  .env updated, .config_reload signal written
04-06 16:36:12.813 I/CIRISApiClient(11304): [setAccessToken] Setting access token: ciris_ad...ihWA, length=55
04-06 16:36:12.819 I/CIRISApiClient(11304): [setAccessToken] Bearer token set on all API instances (13 APIs)
04-06 16:36:12.822 I/MainActivity(11304): Token updated, setting on billing apiClient
04-06 16:36:12.823 I/CIRISApiClient(11304): [setAccessToken] Setting access token: ciris_ad...ihWA, length=55
04-06 16:36:12.828 I/CIRISApiClient(11304): [setAccessToken] Bearer token set on all API instances (13 APIs)
04-06 16:36:12.831 I/CIRISApiClient(11304): [logTokenState] === TOKEN STATE DEBUG ===
04-06 16:36:12.833 I/CIRISApiClient(11304): [logTokenState] accessToken present: true
04-06 16:36:12.836 I/CIRISApiClient(11304): [logTokenState] accessToken preview: ciris_ad...ihWA
04-06 16:36:12.838 I/CIRISApiClient(11304): [logTokenState] accessToken length: 55
04-06 16:36:12.840 I/CIRISApiClient(11304): [logTokenState] authHeader() returns: Bearer <token>
04-06 16:36:12.842 I/CIRISApiClient(11304): [logTokenState] =========================
04-06 16:36:12.845 I/CIRISApp(11304):  Waiting 1.5s for Python to reload billing token...
04-06 16:36:12.849 D/CIRISApp(11304): [INIT] CIRISApp composable invoked - googleSignInCallback=PRESENT (161584774)
04-06 16:36:12.852 I/InteractViewModel(11304): [setDeviceAttestationCallback] Device attestation callback SET
04-06 16:36:12.863 D/CIRISApp(11304): [DEBUG][Screen.Setup] Rendering setup screen
04-06 16:36:13.624 D/EnvFileUpdater(11304): Found CIRIS_HOME from env: /data/user/0/ai.ciris.mobile.debug/files/ciris
04-06 16:36:14.348 I/CIRISApp(11304):  Python reload wait complete
04-06 16:36:14.350 I/TokenManager(11304): [handleNewToken] Processing new token (length: 1096, provider: google)
04-06 16:36:14.360 I/TokenManager(11304): [handleNewToken] New token expiry: 1775514891 (3517s remaining)
04-06 16:36:14.363 I/CIRISApp(11304):  OAuth ID token refreshed by TokenManager (provider=google), exchanging for CIRIS token
04-06 16:36:14.366 I/CIRISApp(11304):  Triggering billingViewModel.loadBalance()...
04-06 16:36:14.368 I/BillingViewModel(11304): [loadBalance] Loading credit balance...
04-06 16:36:14.394 I/CIRISApiClient(11304): [listAdapters] Listing adapters
04-06 16:36:14.412 I/CIRISApiClient(11304): [nativeAuth] Attempting native auth: provider=google, userId=null
04-06 16:36:14.414 I/CIRISApiClient(11304): [googleAuth] Attempting Google auth: userId=null, idToken=eyJhbGci...mizA
04-06 16:36:14.433 I/TokenManager(11304): [startPeriodicRefresh] Starting periodic refresh (interval: 45 minutes)
04-06 16:36:14.439 D/CIRISApp(11304): [INIT] CIRISApp composable invoked - googleSignInCallback=PRESENT (161584774)
04-06 16:36:14.443 I/InteractViewModel(11304): [setDeviceAttestationCallback] Device attestation callback SET
04-06 16:36:15.834 D/CIRISApp(11304): [INIT] CIRISApp composable invoked - googleSignInCallback=PRESENT (161584774)
04-06 16:36:15.835 I/InteractViewModel(11304): [setDeviceAttestationCallback] Device attestation callback SET
04-06 16:36:15.859 D/CIRISApp(11304): [INFO] Startup READY, checking first-run status...
04-06 16:36:15.859 D/CIRISApp(11304): [INFO] Just completed setup, waiting for agent WORK state...
04-06 16:36:17.246 I/CIRISApiClient(11304): [listAdapters] API response: total=5, running=5, adapters.size=5
04-06 16:36:17.248 I/CIRISApiClient(11304): [listAdapters]   API adapter[0]: id=cirisverify_bootstrap, type=cirisverify, running=true
04-06 16:36:17.249 I/CIRISApiClient(11304): [listAdapters]   API adapter[1]: id=wallet_bootstrap, type=wallet, running=true
04-06 16:36:17.251 I/CIRISApiClient(11304): [listAdapters]   API adapter[2]: id=api_bootstrap, type=api, running=true
04-06 16:36:17.253 I/CIRISApiClient(11304): [listAdapters]   API adapter[3]: id=cirishostedtools_bootstrap, type=cirishostedtools, running=true
04-06 16:36:17.254 I/CIRISApiClient(11304): [listAdapters]   API adapter[4]: id=accordmetrics_bootstrap, type=accordmetrics, running=true
04-06 16:36:17.419 I/CIRISApp(11304):  Agent state: WORK
04-06 16:36:17.423 I/CIRISApp(11304):  Agent reached WORK state!
04-06 16:36:17.498 I/BillingViewModel(11304): [loadBalance] Credit status loaded: hasCredit=true, creditsRemaining=37, freeUsesRemaining=0, dailyFreeUsesRemaining=0, planName=CIRIS Mobile
04-06 16:36:17.500 I/BillingViewModel(11304): [loadBalance] Total credits calculated: 37
04-06 16:36:17.928 I/InteractViewModel(11304): [startPolling] Starting polling and SSE streams
04-06 16:36:17.929 I/InteractViewModel(11304): [startStatusPolling] Starting status polling (fast until agent ready)
04-06 16:36:17.937 I/InteractViewModel(11304): [startMessagePolling] Starting message polling (interval=3000ms)
04-06 16:36:17.951 I/InteractViewModel(11304): [startHealthPolling] Starting health polling (fast until LLM ready)
04-06 16:36:17.959 I/InteractViewModel(11304): [startTrustPendingPolling] Starting trust pending polling (interval=5000ms)
04-06 16:36:17.961 I/InteractViewModel(11304): [startSseStream] Starting SSE reasoning stream
04-06 16:36:17.972 I/InteractViewModel(11304): [startFileInjectionObserver] Starting file injection observer for test automation
04-06 16:36:17.974 I/InteractViewModel(11304): [fetchWalletStatus] Fetching adapters list to check wallet status
04-06 16:36:17.976 I/CIRISApiClient(11304): [listAdapters] Listing adapters
04-06 16:36:17.988 D/CIRISApp(11304): [INIT] CIRISApp composable invoked - googleSignInCallback=PRESENT (161584774)
04-06 16:36:17.989 I/InteractViewModel(11304): [setDeviceAttestationCallback] Device attestation callback SET
04-06 16:36:17.994 D/CIRISApp(11304): [CIRISApp] >>> liveBackgroundEnabled=true, apiClient=present
04-06 16:36:18.354 I/CIRISApiClient(11304): [getGraphData] >>> START: hours=24, scope=ALL_SCOPES, type=null, limit=200
04-06 16:36:18.355 I/CIRISApiClient(11304): [getGraphData] Fetching timeline: http://localhost:8080/v1/memory/timeline?hours=24&include_edges=true&include_metrics=false
04-06 16:36:18.766 I/CIRISApiClient(11304): [googleAuth] Google auth successful: userId=google:102773749033681671083, role=SYSTEM_ADMIN
04-06 16:36:18.768 I/CIRISApp(11304):  Got CIRIS access token: ciris_ad...nsdo
04-06 16:36:18.769 I/CIRISApiClient(11304): [setAccessToken] Setting access token: ciris_ad...nsdo, length=55
04-06 16:36:18.772 I/CIRISApiClient(11304): [setAccessToken] Bearer token set on all API instances (13 APIs)
04-06 16:36:18.774 I/MainActivity(11304): Token updated, setting on billing apiClient
04-06 16:36:18.774 I/CIRISApiClient(11304): [setAccessToken] Setting access token: ciris_ad...nsdo, length=55
04-06 16:36:18.776 I/CIRISApiClient(11304): [setAccessToken] Bearer token set on all API instances (13 APIs)
04-06 16:36:18.778 I/CIRISApiClient(11304): [logTokenState] === TOKEN STATE DEBUG ===
04-06 16:36:18.779 I/CIRISApiClient(11304): [logTokenState] accessToken present: true
04-06 16:36:18.781 I/CIRISApiClient(11304): [logTokenState] accessToken preview: ciris_ad...nsdo
04-06 16:36:18.783 I/CIRISApiClient(11304): [logTokenState] accessToken length: 55
04-06 16:36:18.785 I/CIRISApiClient(11304): [logTokenState] authHeader() returns: Bearer <token>
04-06 16:36:18.787 I/CIRISApiClient(11304): [logTokenState] =========================
04-06 16:36:18.791 D/CIRISApp(11304): [INIT] CIRISApp composable invoked - googleSignInCallback=PRESENT (161584774)
04-06 16:36:18.793 I/InteractViewModel(11304): [setDeviceAttestationCallback] Device attestation callback SET
04-06 16:36:18.800 D/CIRISApp(11304): [CIRISApp] >>> liveBackgroundEnabled=true, apiClient=present
04-06 16:36:18.862 I/CIRISApp(11304):  Refreshed CIRIS token saved to secure storage
04-06 16:36:18.863 I/CIRISApp(11304):  Writing OAuth ID token to .env for Python billing...
04-06 16:36:18.866 D/EnvFileUpdater(11304): Found CIRIS_HOME from env: /data/user/0/ai.ciris.mobile.debug/files/ciris
04-06 16:36:18.867 I/EnvFileUpdater(11304): Read .env file (7641 bytes)
04-06 16:36:18.869 I/EnvFileUpdater(11304): CIRIS proxy mode detected - updating OPENAI_API_KEY
04-06 16:36:18.870 I/EnvFileUpdater(11304): Updated OPENAI_API_KEY
04-06 16:36:18.872 I/EnvFileUpdater(11304): Updated CIRIS_BILLING_GOOGLE_ID_TOKEN
