04-06 16:34:04.763 E/CIRISApiClient(11304): 	at okhttp3.internal.connection.ConnectInterceptor.intercept(ConnectInterceptor.kt:32)
04-06 16:34:04.763 E/CIRISApiClient(11304): 	at okhttp3.internal.http.RealInterceptorChain.proceed(RealInterceptorChain.kt:109)
04-06 16:34:04.763 E/CIRISApiClient(11304): 	at okhttp3.internal.cache.CacheInterceptor.intercept(CacheInterceptor.kt:95)
04-06 16:34:04.763 E/CIRISApiClient(11304): 	at okhttp3.internal.http.RealInterceptorChain.proceed(RealInterceptorChain.kt:109)
04-06 16:34:04.763 E/CIRISApiClient(11304): 	at okhttp3.internal.http.BridgeInterceptor.intercept(BridgeInterceptor.kt:83)
04-06 16:34:04.763 E/CIRISApiClient(11304): 	at okhttp3.internal.http.RealInterceptorChain.proceed(RealInterceptorChain.kt:109)
04-06 16:34:04.763 E/CIRISApiClient(11304): 	at okhttp3.internal.http.RetryAndFollowUpInterceptor.intercept(RetryAndFollowUpInterceptor.kt:76)
04-06 16:34:04.763 E/CIRISApiClient(11304): 	at okhttp3.internal.http.RealInterceptorChain.proceed(RealInterceptorChain.kt:109)
04-06 16:34:04.763 E/CIRISApiClient(11304): 	at okhttp3.internal.connection.RealCall.getResponseWithInterceptorChain$okhttp(RealCall.kt:201)
04-06 16:34:04.763 E/CIRISApiClient(11304): 	at okhttp3.internal.connection.RealCall$AsyncCall.run(RealCall.kt:517)
04-06 16:34:04.763 E/CIRISApiClient(11304): 	at java.util.concurrent.ThreadPoolExecutor.runWorker(ThreadPoolExecutor.java:1133)
04-06 16:34:04.763 E/CIRISApiClient(11304): 	at java.util.concurrent.ThreadPoolExecutor$Worker.run(ThreadPoolExecutor.java:607)
04-06 16:34:04.763 E/CIRISApiClient(11304): 	at java.lang.Thread.run(Thread.java:762)
04-06 16:34:04.763 E/CIRISApiClient(11304): Caused by: java.net.ConnectException: Connection refused
04-06 16:34:04.763 E/CIRISApiClient(11304): 	at java.net.PlainSocketImpl.socketConnect(Native Method)
04-06 16:34:04.763 E/CIRISApiClient(11304): 	at java.net.AbstractPlainSocketImpl.doConnect(AbstractPlainSocketImpl.java:334)
04-06 16:34:04.763 E/CIRISApiClient(11304): 	at java.net.AbstractPlainSocketImpl.connectToAddress(AbstractPlainSocketImpl.java:196)
04-06 16:34:04.763 E/CIRISApiClient(11304): 	at java.net.AbstractPlainSocketImpl.connect(AbstractPlainSocketImpl.java:178)
04-06 16:34:04.763 E/CIRISApiClient(11304): 	at java.net.SocksSocketImpl.connect(SocksSocketImpl.java:356)
04-06 16:34:04.763 E/CIRISApiClient(11304): 	at java.net.Socket.connect(Socket.java:605)
04-06 16:34:04.763 E/CIRISApiClient(11304): 	at okhttp3.internal.platform.AndroidPlatform.connectSocket(AndroidPlatform.kt:63)
04-06 16:34:04.763 E/CIRISApiClient(11304): 	at okhttp3.internal.connection.RealConnection.connectSocket(RealConnection.kt:295)
04-06 16:34:04.763 E/CIRISApiClient(11304): 	... 18 more
04-06 16:34:04.880 D/CIRISApp(11304): [INIT] CIRISApp composable invoked - googleSignInCallback=PRESENT (161584774)
04-06 16:34:04.882 I/InteractViewModel(11304): [setDeviceAttestationCallback] Device attestation callback SET
04-06 16:34:06.234 I/python.stdout(11304): INFO: mobile_main: Code integrity verified: 957 modules, hash=57c68692faabca73...
04-06 16:34:06.238 I/python.stdout(11304): INFO: mobile_main: Starting CIRIS on-device runtime...
04-06 16:34:06.239 I/python.stdout(11304): INFO: mobile_main: API endpoint: http://0.0.0.0:8080 (binding all interfaces)
04-06 16:34:06.239 I/python.stdout(11304): INFO: mobile_main: LLM endpoint: NOT CONFIGURED
04-06 16:34:06.337 I/python.stdout(11304): INFO: mobile_main: Using Android config - CIRIS_HOME: /data/data/ai.ciris.mobile.debug/files/ciris, data_dir: /data/data/ai.ciris.mobile.debug/files/ciris/data
04-06 16:34:06.352 I/python.stdout(11304): INFO: mobile_main: Bootstrap adapters: ['api'] - additional adapters loaded from graph/resume
04-06 16:34:06.360 I/python.stdout(11304): INFO: ciris_engine.logic.runtime.bootstrap_helpers: [BOOTSTRAP] identity_update=False, template_name=None
04-06 16:34:06.800 I/python.stdout(11304): INFO: ciris_engine.logic.adapters: Successfully loaded adapter for mode 'ciris_verify' from modular adapters
04-06 16:34:06.826 I/python.stdout(11304): INFO: ciris_engine.logic.adapters.base: Initializing service: CIRISVerifyAdapter
04-06 16:34:06.826 I/python.stdout(11304): INFO: ciris_engine.logic.runtime.bootstrap_helpers: Successfully loaded adapter: ciris_verify
04-06 16:34:07.384 D/CIRISApp(11304): [INIT] CIRISApp composable invoked - googleSignInCallback=PRESENT (161584774)
04-06 16:34:07.387 I/InteractViewModel(11304): [setDeviceAttestationCallback] Device attestation callback SET
04-06 16:34:08.017 I/python.stdout(11304): INFO: ciris_engine.logic.adapters: Successfully loaded adapter for mode 'wallet' from modular adapters
04-06 16:34:08.017 I/python.stdout(11304): INFO: ciris_engine.logic.adapters.base: Initializing service: WalletAdapter
04-06 16:34:08.019 I/python.stdout(11304): INFO: ciris_adapters.wallet.tool_service: WalletToolService initialized with providers: []
04-06 16:34:08.019 I/python.stdout(11304): INFO: ciris_engine.logic.runtime.bootstrap_helpers: Successfully loaded adapter: wallet
04-06 16:34:08.020 I/python.stdout(11304): INFO: ciris_engine.logic.adapters: Successfully loaded adapter for mode 'api' from core adapters
04-06 16:34:08.020 I/python.stdout(11304): INFO: ciris_engine.logic.adapters.base: Initializing service: ApiPlatform
04-06 16:34:08.021 I/python.stdout(11304): INFO: ciris_engine.logic.adapters.api.adapter: [API_ADAPTER_INIT] kwargs keys: ['adapter_config']
04-06 16:34:08.021 I/python.stdout(11304): INFO: ciris_engine.logic.adapters.api.adapter: [API_ADAPTER_INIT] adapter_config in kwargs: True
04-06 16:34:08.022 I/python.stdout(11304): INFO: ciris_engine.logic.adapters.api.adapter: [API_ADAPTER_INIT] adapter_config value: {'host': '0.0.0.0', 'port': 8080, 'cors_enabled': True, 'cors_origins': ['*'], 'cors_allow_credentials': False, 'max_request_size': 1048576, 'request_timeout': 30.0, 'enable_swagger': True, 'enable_redoc': True, 'rate_limit_enabled': True, 'rate_limit_per_minute': 60, 'auth_enabled': True, 'interaction_timeout': 55.0, 'proxy_path': '', 'agent_id': ''}, type: <class 'dict'>
04-06 16:34:08.022 I/python.stdout(11304): INFO: ciris_engine.logic.adapters.api.adapter: [API_ADAPTER_INIT] Created APIAdapterConfig from dict, port=8080
04-06 16:34:08.023 I/python.stdout(11304): [STARTUP] Creating API application...
04-06 16:34:08.026 I/python.stdout(11304): [STARTUP] Configuring middleware...
04-06 16:34:08.026 I/python.stdout(11304): Rate limiting enabled: 60 requests per minute
04-06 16:34:08.027 I/python.stdout(11304): [STARTUP] Initializing runtime state...
04-06 16:34:08.584 I/python.stdout(11304): [STARTUP] Registering API routes...
04-06 16:34:09.813 E/CIRISApiClient(11304): [getSystemStatus] Exception: ConnectException: Failed to connect to localhost/127.0.0.1:8080 | Context: url=http://localhost:8080
04-06 16:34:09.813 E/CIRISApiClient(11304): java.net.ConnectException: Failed to connect to localhost/127.0.0.1:8080
04-06 16:34:09.813 E/CIRISApiClient(11304): 	at okhttp3.internal.connection.RealConnection.connectSocket(RealConnection.kt:297)
04-06 16:34:09.813 E/CIRISApiClient(11304): 	at okhttp3.internal.connection.RealConnection.connect(RealConnection.kt:207)
04-06 16:34:09.813 E/CIRISApiClient(11304): 	at okhttp3.internal.connection.ExchangeFinder.findConnection(ExchangeFinder.kt:226)
04-06 16:34:09.813 E/CIRISApiClient(11304): 	at okhttp3.internal.connection.ExchangeFinder.findHealthyConnection(ExchangeFinder.kt:106)
04-06 16:34:09.813 E/CIRISApiClient(11304): 	at okhttp3.internal.connection.ExchangeFinder.find(ExchangeFinder.kt:74)
04-06 16:34:09.813 E/CIRISApiClient(11304): 	at okhttp3.internal.connection.RealCall.initExchange$okhttp(RealCall.kt:255)
04-06 16:34:09.813 E/CIRISApiClient(11304): 	at okhttp3.internal.connection.ConnectInterceptor.intercept(ConnectInterceptor.kt:32)
04-06 16:34:09.813 E/CIRISApiClient(11304): 	at okhttp3.internal.http.RealInterceptorChain.proceed(RealInterceptorChain.kt:109)
04-06 16:34:09.813 E/CIRISApiClient(11304): 	at okhttp3.internal.cache.CacheInterceptor.intercept(CacheInterceptor.kt:95)
04-06 16:34:09.813 E/CIRISApiClient(11304): 	at okhttp3.internal.http.RealInterceptorChain.proceed(RealInterceptorChain.kt:109)
04-06 16:34:09.813 E/CIRISApiClient(11304): 	at okhttp3.internal.http.BridgeInterceptor.intercept(BridgeInterceptor.kt:83)
04-06 16:34:09.813 E/CIRISApiClient(11304): 	at okhttp3.internal.http.RealInterceptorChain.proceed(RealInterceptorChain.kt:109)
04-06 16:34:09.813 E/CIRISApiClient(11304): 	at okhttp3.internal.http.RetryAndFollowUpInterceptor.intercept(RetryAndFollowUpInterceptor.kt:76)
04-06 16:34:09.813 E/CIRISApiClient(11304): 	at okhttp3.internal.http.RealInterceptorChain.proceed(RealInterceptorChain.kt:109)
04-06 16:34:09.813 E/CIRISApiClient(11304): 	at okhttp3.internal.connection.RealCall.getResponseWithInterceptorChain$okhttp(RealCall.kt:201)
04-06 16:34:09.813 E/CIRISApiClient(11304): 	at okhttp3.internal.connection.RealCall$AsyncCall.run(RealCall.kt:517)
04-06 16:34:09.813 E/CIRISApiClient(11304): 	at java.util.concurrent.ThreadPoolExecutor.runWorker(ThreadPoolExecutor.java:1133)
04-06 16:34:09.813 E/CIRISApiClient(11304): 	at java.util.concurrent.ThreadPoolExecutor$Worker.run(ThreadPoolExecutor.java:607)
04-06 16:34:09.813 E/CIRISApiClient(11304): 	at java.lang.Thread.run(Thread.java:762)
04-06 16:34:09.813 E/CIRISApiClient(11304): Caused by: java.net.ConnectException: Connection refused
04-06 16:34:09.813 E/CIRISApiClient(11304): 	at java.net.PlainSocketImpl.socketConnect(Native Method)
04-06 16:34:09.813 E/CIRISApiClient(11304): 	at java.net.AbstractPlainSocketImpl.doConnect(AbstractPlainSocketImpl.java:334)
04-06 16:34:09.813 E/CIRISApiClient(11304): 	at java.net.AbstractPlainSocketImpl.connectToAddress(AbstractPlainSocketImpl.java:196)
04-06 16:34:09.813 E/CIRISApiClient(11304): 	at java.net.AbstractPlainSocketImpl.connect(AbstractPlainSocketImpl.java:178)
04-06 16:34:09.813 E/CIRISApiClient(11304): 	at java.net.SocksSocketImpl.connect(SocksSocketImpl.java:356)
04-06 16:34:09.813 E/CIRISApiClient(11304): 	at java.net.Socket.connect(Socket.java:605)
04-06 16:34:09.813 E/CIRISApiClient(11304): 	at okhttp3.internal.platform.AndroidPlatform.connectSocket(AndroidPlatform.kt:63)
04-06 16:34:09.813 E/CIRISApiClient(11304): 	at okhttp3.internal.connection.RealConnection.connectSocket(RealConnection.kt:295)
04-06 16:34:09.813 E/CIRISApiClient(11304): 	... 18 more
04-06 16:34:09.887 D/CIRISApp(11304): [INIT] CIRISApp composable invoked - googleSignInCallback=PRESENT (161584774)
04-06 16:34:09.890 I/InteractViewModel(11304): [setDeviceAttestationCallback] Device attestation callback SET
04-06 16:34:12.379 I/InteractViewModel(11304): [observeLanguageChanges] Updating pipeline labels for language: en (explicit=false)
04-06 16:34:12.391 D/CIRISApp(11304): [INIT] CIRISApp composable invoked - googleSignInCallback=PRESENT (161584774)
04-06 16:34:12.393 I/InteractViewModel(11304): [setDeviceAttestationCallback] Device attestation callback SET
04-06 16:34:13.541 D/EnvFileUpdater(11304): Found CIRIS_HOME from env: /data/user/0/ai.ciris.mobile.debug/files/ciris
04-06 16:34:14.169 I/python.stdout(11304): [STARTUP] Routes registered successfully
04-06 16:34:14.181 I/python.stdout(11304): ℹ️  API-only mode - use CIRIS Desktop app to connect
04-06 16:34:14.181 I/python.stdout(11304): [STARTUP] API application ready
04-06 16:34:14.182 I/python.stdout(11304): INFO: ciris_engine.logic.adapters.base: Initializing service: APIRuntimeControlService
04-06 16:34:14.183 I/python.stdout(11304): INFO: ciris_engine.logic.adapters.api.adapter: API adapter initialized - host: 0.0.0.0, port: 8080
04-06 16:34:14.183 I/python.stdout(11304): INFO: ciris_engine.logic.runtime.bootstrap_helpers: Successfully loaded adapter: api
04-06 16:34:14.184 I/python.stdout(11304): INFO: mobile_main: Initializing CIRIS services...
04-06 16:34:14.184 I/python.stdout(11304): INFO: ciris_engine.logic.runtime.ciris_runtime: Initializing CIRIS Runtime...
04-06 16:34:14.188 I/python.stdout(11304): INFO: ciris_engine.logic.runtime.ciris_runtime: Development environment - setting up directories...
04-06 16:34:14.207 I/python.stdout(11304): ✓ Database exclusive access confirmed: /data/data/ai.ciris.mobile.debug/files/ciris/data/ciris_engine.db
04-06 16:34:14.208 I/python.stdout(11304): ✓ Fixed permissions for /data/data/ai.ciris.mobile.debug/files/ciris/data: 0o700 -> 0o755
04-06 16:34:14.209 I/python.stdout(11304): ✓ Created directory: /data/data/ai.ciris.mobile.debug/files/ciris/data_archive with mode 0o755
04-06 16:34:14.209 I/python.stdout(11304): ✓ Fixed permissions for /data/data/ai.ciris.mobile.debug/files/ciris/data_archive: 0o700 -> 0o755
04-06 16:34:14.210 I/python.stdout(11304): ✓ Fixed permissions for /data/data/ai.ciris.mobile.debug/files/ciris/logs: 0o700 -> 0o755
04-06 16:34:14.213 I/python.stdout(11304): ✓ Created directory: /data/data/ai.ciris.mobile.debug/files/ciris/config with mode 0o755
04-06 16:34:14.214 I/python.stdout(11304): ✓ Fixed permissions for /data/data/ai.ciris.mobile.debug/files/ciris/config: 0o700 -> 0o755
04-06 16:34:14.216 I/python.stdout(11304): ✓ Created directory: /data/data/ai.ciris.mobile.debug/files/ciris/secrets with mode 0o700
04-06 16:34:14.218 I/python.stdout(11304): ✓ All directories and critical files successfully configured
04-06 16:34:14.218 I/python.stdout(11304): INFO: ciris_engine.logic.runtime.ciris_runtime: [initialize] Initializing infrastructure services...
04-06 16:34:14.220 I/python.stdout(11304): INFO: ciris_engine.logic.setup.first_run: Checking first-run status...
04-06 16:34:14.221 I/python.stdout(11304): INFO: ciris_engine.logic.setup.first_run: Running in INSTALLED mode (git repo: False)
04-06 16:34:14.222 I/python.stdout(11304): INFO: ciris_engine.logic.setup.first_run: CIRIS_FORCE_FIRST_RUN env var: None
04-06 16:34:14.226 I/python.stdout(11304): INFO: ciris_engine.logic.setup.first_run: Android mode: checking /data/data/ai.ciris.mobile.debug/files/ciris/.env
04-06 16:34:14.226 I/python.stdout(11304): INFO: ciris_engine.logic.setup.first_run: Checking config paths: ['/data/data/ai.ciris.mobile.debug/files/ciris/.env']
04-06 16:34:14.227 I/python.stdout(11304): INFO: ciris_engine.logic.setup.first_run: No valid config files found - IS first run
04-06 16:34:14.228 I/python.stdout(11304): WARNING: ciris_engine.logic.runtime.startup_logging: [SERVICES] === FIRST-RUN PHASE ===
04-06 16:34:14.229 I/python.stdout(11304): [SERVICES] === FIRST-RUN PHASE ===
04-06 16:34:14.230 I/python.stdout(11304): INFO: ciris_engine.services.TimeService: TimeService started successfully
04-06 16:34:14.231 I/python.stdout(11304): WARNING: ciris_engine.logic.runtime.startup_logging: [FIRST-RUN] [SERVICE 1/22] TimeService STARTED
04-06 16:34:14.231 I/python.stdout(11304): [FIRST-RUN] [SERVICE 1/22] TimeService STARTED
04-06 16:34:14.232 I/python.stdout(11304): INFO: ciris_engine.services.ShutdownService: ShutdownService started successfully
04-06 16:34:14.232 D/MainActivity(11304): Service 1 started (1/22)
04-06 16:34:14.233 I/python.stdout(11304): WARNING: ciris_engine.logic.runtime.startup_logging: [FIRST-RUN] [SERVICE 2/22] ShutdownService STARTED
04-06 16:34:14.234 I/python.stdout(11304): [FIRST-RUN] [SERVICE 2/22] ShutdownService STARTED
04-06 16:34:14.234 D/MainActivity(11304): Service 1 started (1/22)
04-06 16:34:14.235 I/python.stdout(11304): INFO: ciris_engine.services.InitializationService: InitializationService started successfully
04-06 16:34:14.236 D/MainActivity(11304): Service 2 started (2/22)
04-06 16:34:14.236 I/python.stdout(11304): WARNING: ciris_engine.logic.runtime.startup_logging: [FIRST-RUN] [SERVICE 3/22] InitializationService STARTED
04-06 16:34:14.236 I/python.stdout(11304): [FIRST-RUN] [SERVICE 3/22] InitializationService STARTED
04-06 16:34:14.242 D/MainActivity(11304): Service 2 started (2/22)
04-06 16:34:14.243 D/MainActivity(11304): Service 3 started (3/22)
04-06 16:34:14.244 D/MainActivity(11304): Service 3 started (3/22)
04-06 16:34:14.283 I/python.stdout(11304): INFO: ciris_engine.logic.runtime.service_initializer: Android not using CIRIS proxy - no billing required
04-06 16:34:14.305 I/python.stdout(11304): INFO: ciris_engine.services.ResourceMonitorService: ResourceMonitorService: Started scheduled task with interval 1.0s
04-06 16:34:14.306 I/python.stdout(11304): INFO: ciris_engine.services.ResourceMonitorService: ResourceMonitorService started successfully
04-06 16:34:14.306 I/python.stdout(11304): WARNING: ciris_engine.logic.runtime.startup_logging: [FIRST-RUN] [SERVICE 4/22] ResourceMonitor STARTED
04-06 16:34:14.306 I/python.stdout(11304): [FIRST-RUN] [SERVICE 4/22] ResourceMonitor STARTED
04-06 16:34:14.307 I/python.stdout(11304): INFO: ciris_engine.logic.runtime.ciris_runtime: [initialize] Infrastructure services initialized
04-06 16:34:14.307 D/MainActivity(11304): Service 4 started (4/22)
04-06 16:34:14.307 I/python.stdout(11304): INFO: ciris_engine.logic.runtime.ciris_runtime: [initialize] Got initialization service: <ciris_engine.logic.services.lifecycle.initialization.service.InitializationService object at 0xb4003508>
04-06 16:34:14.308 I/python.stdout(11304): INFO: ciris_engine.logic.runtime.ciris_runtime: [initialize] Registering initialization steps...
04-06 16:34:14.308 D/MainActivity(11304): Service 4 started (4/22)
04-06 16:34:14.309 I/python.stdout(11304): INFO: ciris_engine.logic.runtime.ciris_runtime: [initialize] Steps registered
04-06 16:34:14.309 I/python.stdout(11304): INFO: ciris_engine.logic.runtime.ciris_runtime: [initialize] Running initialization sequence...
04-06 16:34:14.310 I/python.stdout(11304): INFO: ciris_engine.logic.services.lifecycle.initialization.service: ============================================================
04-06 16:34:14.311 I/python.stdout(11304): INFO: ciris_engine.logic.services.lifecycle.initialization.service: CIRIS Agent Initialization Sequence Starting
04-06 16:34:14.311 I/python.stdout(11304): INFO: ciris_engine.logic.services.lifecycle.initialization.service: ============================================================
04-06 16:34:14.312 I/python.stdout(11304): INFO: ciris_engine.logic.services.lifecycle.initialization.service: [InitializationService] Registered 13 steps across 8 phases
04-06 16:34:14.312 I/python.stdout(11304): INFO: ciris_engine.logic.services.lifecycle.initialization.service: [InitializationService] Executing phase infrastructure with 1 steps
04-06 16:34:14.313 I/python.stdout(11304): INFO: ciris_engine.logic.services.lifecycle.initialization.service: ------------------------------------------------------------
04-06 16:34:14.313 I/python.stdout(11304): INFO: ciris_engine.logic.services.lifecycle.initialization.service: Phase: INFRASTRUCTURE
04-06 16:34:14.314 I/python.stdout(11304): INFO: ciris_engine.logic.services.lifecycle.initialization.service: ------------------------------------------------------------
04-06 16:34:14.314 I/python.stdout(11304): INFO: ciris_engine.logic.services.lifecycle.initialization.service: → Initialize Infrastructure Services...
04-06 16:34:14.387 I/python.stdout(11304): 
04-06 16:34:14.387 I/python.stdout(11304): ================================================================================
04-06 16:34:14.387 I/python.stdout(11304): 🔍 LOGGING INITIALIZED - SEE DETAILED LOGS AT: /data/data/ai.ciris.mobile.debug/files/ciris/logs/ciris_agent_20260406_213414.log
04-06 16:34:14.388 I/python.stdout(11304): 🔗 Symlinked to: /data/data/ai.ciris.mobile.debug/files/ciris/logs/latest.log
04-06 16:34:14.388 I/python.stdout(11304): ⚠️  Incident capture: /data/data/ai.ciris.mobile.debug/files/ciris/logs/incidents_latest.log (WARNING/ERROR messages captured as incidents)
04-06 16:34:14.388 I/python.stdout(11304): ================================================================================
04-06 16:34:14.388 I/python.stdout(11304): 
04-06 16:34:14.869 E/CIRISApiClient(11304): [getSystemStatus] Exception: ConnectException: Failed to connect to localhost/127.0.0.1:8080 | Context: url=http://localhost:8080
04-06 16:34:14.869 E/CIRISApiClient(11304): java.net.ConnectException: Failed to connect to localhost/127.0.0.1:8080
04-06 16:34:14.869 E/CIRISApiClient(11304): 	at okhttp3.internal.connection.RealConnection.connectSocket(RealConnection.kt:297)
04-06 16:34:14.869 E/CIRISApiClient(11304): 	at okhttp3.internal.connection.RealConnection.connect(RealConnection.kt:207)
04-06 16:34:14.869 E/CIRISApiClient(11304): 	at okhttp3.internal.connection.ExchangeFinder.findConnection(ExchangeFinder.kt:226)
04-06 16:34:14.869 E/CIRISApiClient(11304): 	at okhttp3.internal.connection.ExchangeFinder.findHealthyConnection(ExchangeFinder.kt:106)
04-06 16:34:14.869 E/CIRISApiClient(11304): 	at okhttp3.internal.connection.ExchangeFinder.find(ExchangeFinder.kt:74)
04-06 16:34:14.869 E/CIRISApiClient(11304): 	at okhttp3.internal.connection.RealCall.initExchange$okhttp(RealCall.kt:255)
04-06 16:34:14.869 E/CIRISApiClient(11304): 	at okhttp3.internal.connection.ConnectInterceptor.intercept(ConnectInterceptor.kt:32)
04-06 16:34:14.869 E/CIRISApiClient(11304): 	at okhttp3.internal.http.RealInterceptorChain.proceed(RealInterceptorChain.kt:109)
04-06 16:34:14.869 E/CIRISApiClient(11304): 	at okhttp3.internal.cache.CacheInterceptor.intercept(CacheInterceptor.kt:95)
04-06 16:34:14.869 E/CIRISApiClient(11304): 	at okhttp3.internal.http.RealInterceptorChain.proceed(RealInterceptorChain.kt:109)
04-06 16:34:14.869 E/CIRISApiClient(11304): 	at okhttp3.internal.http.BridgeInterceptor.intercept(BridgeInterceptor.kt:83)
04-06 16:34:14.869 E/CIRISApiClient(11304): 	at okhttp3.internal.http.RealInterceptorChain.proceed(RealInterceptorChain.kt:109)
04-06 16:34:14.869 E/CIRISApiClient(11304): 	at okhttp3.internal.http.RetryAndFollowUpInterceptor.intercept(RetryAndFollowUpInterceptor.kt:76)
04-06 16:34:14.869 E/CIRISApiClient(11304): 	at okhttp3.internal.http.RealInterceptorChain.proceed(RealInterceptorChain.kt:109)
04-06 16:34:14.869 E/CIRISApiClient(11304): 	at okhttp3.internal.connection.RealCall.getResponseWithInterceptorChain$okhttp(RealCall.kt:201)
04-06 16:34:14.869 E/CIRISApiClient(11304): 	at okhttp3.internal.connection.RealCall$AsyncCall.run(RealCall.kt:517)
04-06 16:34:14.869 E/CIRISApiClient(11304): 	at java.util.concurrent.ThreadPoolExecutor.runWorker(ThreadPoolExecutor.java:1133)
04-06 16:34:14.869 E/CIRISApiClient(11304): 	at java.util.concurrent.ThreadPoolExecutor$Worker.run(ThreadPoolExecutor.java:607)
04-06 16:34:14.869 E/CIRISApiClient(11304): 	at java.lang.Thread.run(Thread.java:762)
04-06 16:34:14.869 E/CIRISApiClient(11304): Caused by: java.net.ConnectException: Connection refused
04-06 16:34:14.869 E/CIRISApiClient(11304): 	at java.net.PlainSocketImpl.socketConnect(Native Method)
04-06 16:34:14.869 E/CIRISApiClient(11304): 	at java.net.AbstractPlainSocketImpl.doConnect(AbstractPlainSocketImpl.java:334)
04-06 16:34:14.869 E/CIRISApiClient(11304): 	at java.net.AbstractPlainSocketImpl.connectToAddress(AbstractPlainSocketImpl.java:196)
04-06 16:34:14.869 E/CIRISApiClient(11304): 	at java.net.AbstractPlainSocketImpl.connect(AbstractPlainSocketImpl.java:178)
04-06 16:34:14.869 E/CIRISApiClient(11304): 	at java.net.SocksSocketImpl.connect(SocksSocketImpl.java:356)
04-06 16:34:14.869 E/CIRISApiClient(11304): 	at java.net.Socket.connect(Socket.java:605)
04-06 16:34:14.869 E/CIRISApiClient(11304): 	at okhttp3.internal.platform.AndroidPlatform.connectSocket(AndroidPlatform.kt:63)
04-06 16:34:14.869 E/CIRISApiClient(11304): 	at okhttp3.internal.connection.RealConnection.connectSocket(RealConnection.kt:295)
04-06 16:34:14.869 E/CIRISApiClient(11304): 	... 18 more
04-06 16:34:14.893 D/CIRISApp(11304): [INIT] CIRISApp composable invoked - googleSignInCallback=PRESENT (161584774)
04-06 16:34:14.894 I/InteractViewModel(11304): [setDeviceAttestationCallback] Device attestation callback SET
04-06 16:34:15.242 I/python.stdout(11304): [FIRST-RUN] [SERVICE 5/22] SecretsService STARTED
04-06 16:34:15.244 D/MainActivity(11304): Service 5 started (5/22)
04-06 16:34:15.258 I/python.stdout(11304): [FIRST-RUN] [SERVICE 22/22] SecretsToolService STARTED
04-06 16:34:15.260 D/MainActivity(11304): Service 22 started (6/22)
04-06 16:34:15.297 I/python.stdout(11304): [FIRST-RUN] [SERVICE 6/22] MemoryService STARTED
04-06 16:34:15.299 I/python.stdout(11304): [FIRST-RUN] [SERVICE 7/22] ConfigService STARTED
04-06 16:34:15.300 D/MainActivity(11304): Service 6 started (7/22)
04-06 16:34:15.302 D/MainActivity(11304): Service 7 started (8/22)
04-06 16:34:17.414 D/CIRISApp(11304): [INIT] CIRISApp composable invoked - googleSignInCallback=PRESENT (161584774)
04-06 16:34:17.417 I/InteractViewModel(11304): [setDeviceAttestationCallback] Device attestation callback SET
04-06 16:34:19.195 I/python.stdout(11304): [FIRST-RUN] [SERVICE 15/22] AuthenticationService STARTED
04-06 16:34:19.198 D/MainActivity(11304): Service 15 started (9/22)
04-06 16:34:19.235 I/python.stdout(11304): [FIRST-RUN] [SERVICE 13/22] WiseAuthority STARTED
04-06 16:34:19.238 D/MainActivity(11304): Service 13 started (10/22)
04-06 16:34:19.247 I/python.stdout(11304): [FIRST-RUN] ✓ 10/10 minimal services started - ready for setup wizard
04-06 16:34:19.899 D/CIRISApp(11304): [INIT] CIRISApp composable invoked - googleSignInCallback=PRESENT (161584774)
04-06 16:34:19.900 I/InteractViewModel(11304): [setDeviceAttestationCallback] Device attestation callback SET
04-06 16:34:19.933 E/CIRISApiClient(11304): [getSystemStatus] Exception: ConnectException: Failed to connect to localhost/127.0.0.1:8080 | Context: url=http://localhost:8080
04-06 16:34:19.933 E/CIRISApiClient(11304): java.net.ConnectException: Failed to connect to localhost/127.0.0.1:8080
04-06 16:34:19.933 E/CIRISApiClient(11304): 	at okhttp3.internal.connection.RealConnection.connectSocket(RealConnection.kt:297)
04-06 16:34:19.933 E/CIRISApiClient(11304): 	at okhttp3.internal.connection.RealConnection.connect(RealConnection.kt:207)
04-06 16:34:19.933 E/CIRISApiClient(11304): 	at okhttp3.internal.connection.ExchangeFinder.findConnection(ExchangeFinder.kt:226)
04-06 16:34:19.933 E/CIRISApiClient(11304): 	at okhttp3.internal.connection.ExchangeFinder.findHealthyConnection(ExchangeFinder.kt:106)
04-06 16:34:19.933 E/CIRISApiClient(11304): 	at okhttp3.internal.connection.ExchangeFinder.find(ExchangeFinder.kt:74)
04-06 16:34:19.933 E/CIRISApiClient(11304): 	at okhttp3.internal.connection.RealCall.initExchange$okhttp(RealCall.kt:255)
04-06 16:34:19.933 E/CIRISApiClient(11304): 	at okhttp3.internal.connection.ConnectInterceptor.intercept(ConnectInterceptor.kt:32)
04-06 16:34:19.933 E/CIRISApiClient(11304): 	at okhttp3.internal.http.RealInterceptorChain.proceed(RealInterceptorChain.kt:109)
04-06 16:34:19.933 E/CIRISApiClient(11304): 	at okhttp3.internal.cache.CacheInterceptor.intercept(CacheInterceptor.kt:95)
04-06 16:34:19.933 E/CIRISApiClient(11304): 	at okhttp3.internal.http.RealInterceptorChain.proceed(RealInterceptorChain.kt:109)
04-06 16:34:19.933 E/CIRISApiClient(11304): 	at okhttp3.internal.http.BridgeInterceptor.intercept(BridgeInterceptor.kt:83)
04-06 16:34:19.933 E/CIRISApiClient(11304): 	at okhttp3.internal.http.RealInterceptorChain.proceed(RealInterceptorChain.kt:109)
04-06 16:34:19.933 E/CIRISApiClient(11304): 	at okhttp3.internal.http.RetryAndFollowUpInterceptor.intercept(RetryAndFollowUpInterceptor.kt:76)
04-06 16:34:19.933 E/CIRISApiClient(11304): 	at okhttp3.internal.http.RealInterceptorChain.proceed(RealInterceptorChain.kt:109)
04-06 16:34:19.933 E/CIRISApiClient(11304): 	at okhttp3.internal.connection.RealCall.getResponseWithInterceptorChain$okhttp(RealCall.kt:201)
04-06 16:34:19.933 E/CIRISApiClient(11304): 	at okhttp3.internal.connection.RealCall$AsyncCall.run(RealCall.kt:517)
04-06 16:34:19.933 E/CIRISApiClient(11304): 	at java.util.concurrent.ThreadPoolExecutor.runWorker(ThreadPoolExecutor.java:1133)
04-06 16:34:19.933 E/CIRISApiClient(11304): 	at java.util.concurrent.ThreadPoolExecutor$Worker.run(ThreadPoolExecutor.java:607)
04-06 16:34:19.933 E/CIRISApiClient(11304): 	at java.lang.Thread.run(Thread.java:762)
04-06 16:34:19.933 E/CIRISApiClient(11304): Caused by: java.net.ConnectException: Connection refused
04-06 16:34:19.933 E/CIRISApiClient(11304): 	at java.net.PlainSocketImpl.socketConnect(Native Method)
04-06 16:34:19.933 E/CIRISApiClient(11304): 	at java.net.AbstractPlainSocketImpl.doConnect(AbstractPlainSocketImpl.java:334)
04-06 16:34:19.933 E/CIRISApiClient(11304): 	at java.net.AbstractPlainSocketImpl.connectToAddress(AbstractPlainSocketImpl.java:196)
04-06 16:34:19.933 E/CIRISApiClient(11304): 	at java.net.AbstractPlainSocketImpl.connect(AbstractPlainSocketImpl.java:178)
04-06 16:34:19.933 E/CIRISApiClient(11304): 	at java.net.SocksSocketImpl.connect(SocksSocketImpl.java:356)
04-06 16:34:19.933 E/CIRISApiClient(11304): 	at java.net.Socket.connect(Socket.java:605)
04-06 16:34:19.933 E/CIRISApiClient(11304): 	at okhttp3.internal.platform.AndroidPlatform.connectSocket(AndroidPlatform.kt:63)
04-06 16:34:19.933 E/CIRISApiClient(11304): 	at okhttp3.internal.connection.RealConnection.connectSocket(RealConnection.kt:295)
04-06 16:34:19.933 E/CIRISApiClient(11304): 	... 18 more
04-06 16:34:20.509 W/python.stderr(11304): /data/data/ai.ciris.mobile.debug/files/chaquopy/AssetFinder/requirements/pydantic/_internal/_config.py:291: PydanticDeprecatedSince20: Support for class-based `config` is deprecated, use ConfigDict instead. Deprecated in Pydantic V2.0 to be removed in V3.0. See Pydantic V2 Migration Guide at https://errors.pydantic.dev/2.9/migration/
04-06 16:34:22.403 D/CIRISApp(11304): [INIT] CIRISApp composable invoked - googleSignInCallback=PRESENT (161584774)
04-06 16:34:22.406 I/InteractViewModel(11304): [setDeviceAttestationCallback] Device attestation callback SET
04-06 16:34:22.837 I/python.stdout(11304): [STARTUP] Checking port 8080 availability...
04-06 16:34:22.839 I/python.stdout(11304): [STARTUP] Binding to port 8080...
04-06 16:34:22.858 I/python.stdout(11304): 
04-06 16:34:22.858 I/python.stdout(11304): ============================================================
04-06 16:34:22.859 I/python.stdout(11304):   CIRIS Setup Required
04-06 16:34:22.859 I/python.stdout(11304): ============================================================
04-06 16:34:22.859 I/python.stdout(11304): 
04-06 16:34:22.860 I/python.stdout(11304):   Open your browser to complete setup:
04-06 16:34:22.860 I/python.stdout(11304): 
04-06 16:34:22.860 I/python.stdout(11304):     http://0.0.0.0:8080
04-06 16:34:22.860 I/python.stdout(11304): 
04-06 16:34:22.861 I/python.stdout(11304): ============================================================
04-06 16:34:22.861 I/python.stdout(11304): 
04-06 16:34:22.861 I/python.stdout(11304): [STARTUP] Starting server...
04-06 16:34:22.904 I/python.stdout(11304): Starting CIRIS API...
04-06 16:34:23.154 D/CIRISApp(11304): [INIT] CIRISApp composable invoked - googleSignInCallback=PRESENT (161584774)
04-06 16:34:23.155 I/InteractViewModel(11304): [setDeviceAttestationCallback] Device attestation callback SET
04-06 16:34:23.543 D/EnvFileUpdater(11304): Found CIRIS_HOME from env: /data/user/0/ai.ciris.mobile.debug/files/ciris
04-06 16:34:23.864 I/python.stdout(11304): [STARTUP] API server listening on port 8080
04-06 16:34:23.865 I/python.stdout(11304): [STARTUP] Server ready for connections
04-06 16:34:25.724 D/CIRISApp(11304): [INIT] CIRISApp composable invoked - googleSignInCallback=PRESENT (161584774)
04-06 16:34:25.727 I/InteractViewModel(11304): [setDeviceAttestationCallback] Device attestation callback SET
04-06 16:34:28.160 D/CIRISApp(11304): [INIT] CIRISApp composable invoked - googleSignInCallback=PRESENT (161584774)
04-06 16:34:28.161 I/InteractViewModel(11304): [setDeviceAttestationCallback] Device attestation callback SET
04-06 16:34:28.199 D/CIRISApp(11304): [INFO] Startup READY, checking first-run status...
04-06 16:34:28.243 I/CIRISApiClient(11304): [init] CIRISApiClient initialized with baseUrl=http://localhost:8080
04-06 16:34:28.277 I/InteractViewModel(11304): [observeLanguageChanges] Updating pipeline labels for language: en (explicit=false)
04-06 16:34:28.282 D/CIRISApp(11304): [INIT] CIRISApp composable invoked - googleSignInCallback=PRESENT (161584774)
04-06 16:34:28.284 I/InteractViewModel(11304): [setDeviceAttestationCallback] Device attestation callback SET
04-06 16:34:28.351 I/CIRISApiClient(11304): [getSetupStatus] Setup status: required=true, firstRun=true, configExists=false
04-06 16:34:28.355 D/CIRISApp(11304): [INFO] First run check result: true
04-06 16:34:28.355 D/CIRISApp(11304): [INFO] First run detected, navigating to Login
04-06 16:34:28.356 D/CIRISApp(11304): [INIT] CIRISApp composable invoked - googleSignInCallback=PRESENT (161584774)
04-06 16:34:28.358 I/InteractViewModel(11304): [setDeviceAttestationCallback] Device attestation callback SET
04-06 16:34:28.363 D/CIRISApp(11304): [DEBUG][Screen.Login] Rendering login screen, googleSignInCallback=PRESENT, isFirstRun=true
04-06 16:34:33.545 D/EnvFileUpdater(11304): Found CIRIS_HOME from env: /data/user/0/ai.ciris.mobile.debug/files/ciris
04-06 16:34:43.396 D/CIRISApp(11304): [INFO][onGoogleSignIn] Button click handler invoked, googleSignInCallback=PRESENT
04-06 16:34:43.396 D/CIRISApp(11304): [INFO][onGoogleSignIn] Callback is not null, calling onGoogleSignInRequested...
04-06 16:34:43.397 I/MainActivity(11304): Google Sign-In requested from CIRISApp (interactive)
04-06 16:34:43.460 D/CIRISApp(11304): [DEBUG][Screen.Login] Rendering login screen, googleSignInCallback=PRESENT, isFirstRun=true
04-06 16:34:43.605 D/EnvFileUpdater(11304): Found CIRIS_HOME from env: /data/user/0/ai.ciris.mobile.debug/files/ciris
04-06 16:34:50.180 I/MainActivity(11304): Google Sign-In successful: ciristest1@gmail.com
04-06 16:34:50.182 D/CIRISApp(11304): [INFO][onGoogleSignIn] Got result from native sign-in: Success
04-06 16:34:50.183 D/CIRISApp(11304): [DEBUG][onGoogleSignIn] Processing result: Success(idToken=eyJhbGciOiJSUzI1NiIsImtpZCI6ImNjZTRlMDI0YTUxYWEwYzFjNDFjMWE0NTE1YTQxZGQ3ZTk2MTkzNmIiLCJ0eXAiOiJKV1QifQ.eyJpc3MiOiJodHRwczovL2FjY291bnRzLmdvb2dsZS5jb20iLCJhenAiOiIyNjU4ODI4NTM2OTctOGM1M20zaG4yZDcwczdvcWxtMmgxNjdmN2hyZDFhdTYuYXBwcy5nb29nbGV1c2VyY29udGVudC5jb20iLCJhdWQiOiIyNjU4ODI4NTM2OTctbDQyMW5kb2pjczVubTdsa2xuNTNqajI5a2Y3a2NrOTEuYXBwcy5nb29nbGV1c2VyY29udGVudC5jb20iLCJzdWIiOiIxMDI3NzM3NDkwMzM2ODE2NzEwODMiLCJlbWFpbCI6ImNpcmlzdGVzdDFAZ21haWwuY29tIiwiZW1haWxfdmVyaWZpZWQiOnRydWUsIm5hbWUiOiJDSVJJUyBURVNUIiwicGljdHVyZSI6Imh0dHBzOi8vbGgzLmdvb2dsZXVzZXJjb250ZW50LmNvbS9hL0FDZzhvY0t3ZzEwUXB2U1oxWDl2YWZ3eW5kSW51X0RlOGpTdXNqcExZanA0RFdOT253RFBVUT1zOTYtYyIsImdpdmVuX25hbWUiOiJDSVJJUyIsImZhbWlseV9uYW1lIjoiVEVTVCIsImlhdCI6MTc3NTUxMTI5MSwiZXhwIjoxNzc1NTE0ODkxfQ.jQlouLYApkw4gPQqYK6MtcIsAFka_XxXL7L-fqwxhU6dKSZCySWaDuhuhok0KL-ETi7yQG9yUxoJ5mbsDH39f8Qfcw5KZGPMrXFVKEuD8T-fkxQzWoF0cIk7-OPk6EDmdOhqjstXoEuFsQALLBWwYZrXwrwZSvu4LmhoRY4so2ZN-DMotWcxDJF_O5zUhBa3HK3NqCL2AzZRHxZ_Zm7nXXYVancaWgL9Q3wsMym4Iz42re3Irmgl8njg51Tbn9qHVTF7QYOSez3-KUa9B5sXu6W8kmh_2YisbTxlNwPAofBlq2f26kULzy5drL_AWomBOy68wyMMiHFAKJ_b44mizA, userId=102773749033681671083, email=ciristest1@gmail.com, displayName=CIRIS TEST, provider=google)
04-06 16:34:50.183 D/CIRISApp(11304): [INFO] Sign-in success: userId=102773749033681671083, email=ciristest1@gmail.com
04-06 16:34:50.196 D/CIRISApp(11304): [INFO] Checking setup status at http://localhost:8080...
04-06 16:34:50.234 I/CIRISApiClient(11304): [init] CIRISApiClient initialized with baseUrl=http://localhost:8080
04-06 16:34:50.258 D/CIRISApp(11304): [DEBUG][Screen.Login] Rendering login screen, googleSignInCallback=PRESENT, isFirstRun=true
04-06 16:34:50.371 I/CIRISApiClient(11304): [getSetupStatus] Setup status: required=true, firstRun=true, configExists=false
04-06 16:34:50.373 D/CIRISApp(11304): [INFO] Setup required check result: true
04-06 16:34:50.373 D/CIRISApp(11304): [INFO] Setup required - storing tokens and navigating to Setup wizard (provider=google)
04-06 16:34:50.375 I/TokenManager(11304): [setCurrentProvider] Provider set to: google
04-06 16:34:50.379 D/CIRISApp(11304): [INFO] Navigating to Screen.Setup
04-06 16:34:50.382 D/CIRISApp(11304): [INIT] CIRISApp composable invoked - googleSignInCallback=PRESENT (161584774)
04-06 16:34:50.384 I/InteractViewModel(11304): [setDeviceAttestationCallback] Device attestation callback SET
04-06 16:34:50.389 D/CIRISApp(11304): [DEBUG][Screen.Setup] Rendering setup screen
04-06 16:34:53.607 D/EnvFileUpdater(11304): Found CIRIS_HOME from env: /data/user/0/ai.ciris.mobile.debug/files/ciris
04-06 16:34:59.891 I/CIRISApiClient(11304): [connectToNode] Initiating device auth for node: https://portal.ciris.ai
04-06 16:35:03.608 D/EnvFileUpdater(11304): Found CIRIS_HOME from env: /data/user/0/ai.ciris.mobile.debug/files/ciris
04-06 16:35:03.923 I/chromium(30649): [INFO:tin_six_tab_helper.cc(147)] OnTabAdded
04-06 16:35:03.923 I/chromium(30649): [INFO:tin_six_tab_helper.cc(736)] InsertWebContentsAt 0,2 :0x5f77b800
04-06 16:35:04.018 I/chromium(30649): [INFO:tin_six_tab_helper.cc(84)] OnCurrentTabChanged 0,2
04-06 16:35:04.018 I/chromium(30649): [INFO:tin_six_tab_helper.cc(640)] ForceActivateTabAt 0,2
04-06 16:35:04.071 I/chromium(30649): [INFO:render_widget_host_impl.cc(843)] SBRTOUCHLOG  RenderWidgetHostImpl::WasShown
04-06 16:35:04.074 W/chromium(30649): [WARNING:window_android.cc(109)] TAB-STATUS observer added
04-06 16:35:04.074 W/chromium(30649): [WARNING:render_widget_host_view_android.cc(1906)] TAB-STATUS it is still showing
04-06 16:35:04.075 W/chromium(30649): [WARNING:window_android.cc(123)] TAB-STATUS observer removed
04-06 16:35:04.075 W/chromium(30649): [WARNING:window_android.cc(109)] TAB-STATUS observer added
04-06 16:35:04.077 I/chromium(30649): [INFO:tin_six_tab_helper.cc(621)] ActivateTabAt 0,2
04-06 16:35:04.284 I/chromium(30649): [INFO:tin_six_tab_helper.cc(84)] OnCurrentTabChanged 0,2
04-06 16:35:04.284 I/chromium(30649): [INFO:tin_six_tab_helper.cc(640)] ForceActivateTabAt 0,2
04-06 16:35:04.328 I/chromium(30649): [INFO:layer_tree_host_impl.cc(198)] SBRTOUCHLOG DidVisibilityChange = 1
04-06 16:35:04.366 I/chromium(30649): [INFO:browser_gpu_channel_host_factory.cc(364)] EstablishGpuChannel: establishing gpu_channel
04-06 16:35:04.391 I/chromium(30649): [INFO:browser_gpu_channel_host_factory.cc(391)] EstablishGpuChannel: gpu_channel_ exists run callback 0xc110fc00
04-06 16:35:04.398 I/chromium(30649): [INFO:ui_resource_layer_manager.cc(290)] CC-HideUrlbar: EnableUIResourceLayer LayerType: 0 Drawable true
04-06 16:35:04.401 I/chromium(30649): [INFO:ui_resource_layer_manager.cc(290)] CC-HideUrlbar: EnableUIResourceLayer LayerType: 1 Drawable true
04-06 16:35:04.426 I/chromium(12067): [INFO:dispatcher.cc(1571)] CreateBindingsSystem
04-06 16:35:04.495 I/chromium(30649): [INFO:tin_six_tab_helper.cc(84)] OnCurrentTabChanged 0,2
04-06 16:35:04.495 I/chromium(30649): [INFO:tin_six_tab_helper.cc(640)] ForceActivateTabAt 0,2
04-06 16:35:04.496 I/chromium(30649): [INFO:tin_six_tab_helper.cc(84)] OnCurrentTabChanged 0,2
04-06 16:35:04.496 I/chromium(30649): [INFO:tin_six_tab_helper.cc(640)] ForceActivateTabAt 0,2
04-06 16:35:04.512 I/chromium(12067): [INFO:layer_tree_host_impl.cc(198)] SBRTOUCHLOG DidVisibilityChange = 0
04-06 16:35:04.512 I/chromium(12067): [INFO:layer_tree_host_impl.cc(4001)] SBRTOUCHLOG SetDeferCommitFlagForDebug = 1
04-06 16:35:04.543 I/chromium(12067): [INFO:tin_anti_tracking_renderer_url_loader_throttle_helper.cc(31)] [IAT] set delegate th 0xc0080140 td 0xc1262da0
04-06 16:35:04.544 I/chromium(12067): [INFO:tin_smart_protect_renderer.cc(16)] TinSmartProtectRenderer
04-06 16:35:04.545 I/chromium(12067): [INFO:tin_smart_protect_renderer.cc(33)] BindPendingReceiver bound=1
04-06 16:35:04.546 I/chromium(12067): [INFO:layer_tree_host_impl.cc(198)] SBRTOUCHLOG DidVisibilityChange = 1
04-06 16:35:04.569 I/chromium(12067): [INFO:memory_cache.cc(126)] MemoryCache MemberMemoryCache is disabled
04-06 16:35:04.615 I/chromium(30649): [INFO:tin_six_tab_helper.cc(621)] ActivateTabAt 0,2
04-06 16:35:04.633 I/chromium(12067): [INFO:render_frame_impl.cc(3805)] LoaderLog didCommitProvisionalLoad
04-06 16:35:04.648 I/chromium(30649): [INFO:tin_auto_https_upgrade_monitor.cc(27)] AutoHTTPSUpgrade  FallbackList  size = 0
04-06 16:35:04.724 I/chromium(12067): [INFO:layer_tree_host_impl.cc(4001)] SBRTOUCHLOG SetDeferCommitFlagForDebug = 0
04-06 16:35:04.919 I/chromium(12067): [INFO:progress_tracker.cc(112)] LoaderLog  FinishedParsing
04-06 16:35:04.928 I/chromium(12067): [INFO:layer_tree_impl.cc(1205)] DidUpdatePageScale IsActiveTree: 0 ScaleFactor: 1
04-06 16:35:04.931 I/chromium(12067): [INFO:layer_tree_impl.cc(1205)] DidUpdatePageScale IsActiveTree: 1 ScaleFactor: 1
04-06 16:35:04.979 I/chromium(30649): [INFO:web_contents_impl.cc(6549)] LoaderLog  progress completed
04-06 16:35:05.254 I/chromium(12067): [INFO:render_frame_impl.cc(4027)] LoaderLog didFinishLoad
04-06 16:35:05.255 I/chromium(12067): [INFO:frame_loader.cc(402)] LoaderLog Completed totalBytes = 106022
04-06 16:35:05.255 I/chromium(12067): [INFO:render_frame_impl.cc(5114)] LoaderLog didStopLoading
04-06 16:35:05.257 I/chromium(30649): [INFO:tin_six_tab_helper.cc(621)] ActivateTabAt 0,2
04-06 16:35:05.325 I/chromium(12067): [INFO:document_loader.cc(793)] LoaderLog UpdateForSameDocumentNavigation  was_loading = 0  is_client_redirect_ = 0  replaces_history_item_ = 1
04-06 16:35:05.326 I/chromium(12067): [INFO:render_frame_impl.cc(5114)] LoaderLog didStopLoading
04-06 16:35:05.381 I/chromium(30649): [INFO:tin_six_tab_helper.cc(621)] ActivateTabAt 0,2
04-06 16:35:06.816 W/chromium(30649): [WARNING:render_widget_host_view_android.cc(1070)] SBRTOUCHLOG  OnTouchEvent, Action::DOWN
04-06 16:35:06.816 I/chromium(30649): [INFO:render_widget_host_input_event_router.cc(861)] SBRTOUCHLOG Set Touch sequence target view: 0xc10c3c00
04-06 16:35:06.816 W/chromium(30649): [WARNING:input_router_impl.cc(529)] SBRTOUCHLOG FilterAndSendWebInputEvent, kTouchStart
04-06 16:35:06.818 I/chromium(12067): [INFO:web_frame_widget_impl.cc(2748)] SBRTOUCHLOG Blink HandleInputEvent event received = PointerDown
04-06 16:35:06.828 I/chromium(12067): [INFO:layer_tree_host_impl.cc(332)] SBRTOUCHLOG LayerTreeHostImpl::ScrollBegin defer_commit =  0
04-06 16:35:06.829 I/chromium(12067): [INFO:layer_tree_host_impl.cc(303)] SBRTOUCHLOG LayerTreeHostImpl::ScrollBy delta_y = 3.28369
04-06 16:35:06.830 I/chromium(12067): [INFO:web_frame_widget_impl.cc(2748)] SBRTOUCHLOG Blink HandleInputEvent event received = PointerMove
04-06 16:35:06.833 I/chromium(12067): [INFO:web_frame_widget_impl.cc(2748)] SBRTOUCHLOG Blink HandleInputEvent event received = GestureTapDown
04-06 16:35:06.833 I/chromium(12067): [INFO:web_frame_widget_impl.cc(2748)] SBRTOUCHLOG Blink HandleInputEvent event received = GestureTapCancel
04-06 16:35:06.834 I/chromium(12067): [INFO:web_frame_widget_impl.cc(2748)] SBRTOUCHLOG Blink HandleInputEvent event received = PointerCausedUaAction
04-06 16:35:06.863 I/chromium(12067): [INFO:web_frame_widget_impl.cc(2748)] SBRTOUCHLOG Blink HandleInputEvent event received = PointerMove
04-06 16:35:06.945 I/chromium(12067): [INFO:layer_tree_host_impl.cc(2438)] SBRTOUCHLOG AsyncLayerTreeFrameSink::SubmitCompositorFrame
04-06 16:35:06.961 I/chromium(12067): [INFO:layer_tree_host_impl.cc(303)] SBRTOUCHLOG LayerTreeHostImpl::ScrollBy delta_y = 67.0803
04-06 16:35:06.977 W/chromium(30649): [WARNING:window_android.cc(109)] TAB-STATUS observer added
04-06 16:35:06.978 I/chromium(12067): [INFO:web_frame_widget_impl.cc(2748)] SBRTOUCHLOG Blink HandleInputEvent event received = PointerMove
04-06 16:35:06.980 I/chromium(12067): [INFO:web_frame_widget_impl.cc(2748)] SBRTOUCHLOG Blink HandleInputEvent event received = PointerUp
04-06 16:35:07.045 I/chromium(12067): [INFO:layer_tree_host_impl.cc(2438)] SBRTOUCHLOG AsyncLayerTreeFrameSink::SubmitCompositorFrame
04-06 16:35:07.061 I/chromium(12067): [INFO:layer_tree_host_impl.cc(303)] SBRTOUCHLOG LayerTreeHostImpl::ScrollBy delta_y = 59.785
04-06 16:35:07.129 I/chromium(12067): [INFO:layer_tree_host_impl.cc(2438)] SBRTOUCHLOG AsyncLayerTreeFrameSink::SubmitCompositorFrame
04-06 16:35:07.146 I/chromium(12067): [INFO:layer_tree_host_impl.cc(303)] SBRTOUCHLOG LayerTreeHostImpl::ScrollBy delta_y = 49.7995
04-06 16:35:07.213 I/chromium(12067): [INFO:layer_tree_host_impl.cc(2438)] SBRTOUCHLOG AsyncLayerTreeFrameSink::SubmitCompositorFrame
04-06 16:35:07.228 I/chromium(12067): [INFO:layer_tree_host_impl.cc(303)] SBRTOUCHLOG LayerTreeHostImpl::ScrollBy delta_y = 39.9908
04-06 16:35:07.425 W/chromium(30649): [WARNING:render_widget_host_view_android.cc(1070)] SBRTOUCHLOG  OnTouchEvent, Action::DOWN
04-06 16:35:07.425 I/chromium(30649): [INFO:render_widget_host_input_event_router.cc(861)] SBRTOUCHLOG Set Touch sequence target view: 0xc10c3c00
04-06 16:35:07.425 W/chromium(30649): [WARNING:input_router_impl.cc(529)] SBRTOUCHLOG FilterAndSendWebInputEvent, kTouchStart
04-06 16:35:07.427 I/chromium(12067): [INFO:web_frame_widget_impl.cc(2748)] SBRTOUCHLOG Blink HandleInputEvent event received = PointerDown
04-06 16:35:07.429 W/chromium(30649): [WARNING:window_android.cc(123)] TAB-STATUS observer removed
04-06 16:35:07.446 I/chromium(12067): [INFO:layer_tree_host_impl.cc(344)] SBRTOUCHLOG LayerTreeHostImpl::ScrollEnd
04-06 16:35:07.447 I/chromium(12067): [INFO:layer_tree_host_impl.cc(332)] SBRTOUCHLOG LayerTreeHostImpl::ScrollBegin defer_commit =  0
04-06 16:35:07.447 I/chromium(12067): [INFO:web_frame_widget_impl.cc(2748)] SBRTOUCHLOG Blink HandleInputEvent event received = PointerMove
04-06 16:35:07.448 I/chromium(12067): [INFO:layer_tree_host_impl.cc(303)] SBRTOUCHLOG LayerTreeHostImpl::ScrollBy delta_y = 34.2514
04-06 16:35:07.451 I/chromium(12067): [INFO:web_frame_widget_impl.cc(2748)] SBRTOUCHLOG Blink HandleInputEvent event received = PointerCausedUaAction
04-06 16:35:07.464 I/chromium(12067): [INFO:web_frame_widget_impl.cc(2748)] SBRTOUCHLOG Blink HandleInputEvent event received = PointerMove
04-06 16:35:07.509 W/chromium(30649): [WARNING:window_android.cc(109)] TAB-STATUS observer added
04-06 16:35:07.509 I/chromium(12067): [INFO:web_frame_widget_impl.cc(2748)] SBRTOUCHLOG Blink HandleInputEvent event received = PointerMove
04-06 16:35:07.511 I/chromium(12067): [INFO:web_frame_widget_impl.cc(2748)] SBRTOUCHLOG Blink HandleInputEvent event received = PointerUp
04-06 16:35:07.513 I/chromium(12067): [INFO:layer_tree_host_impl.cc(2438)] SBRTOUCHLOG AsyncLayerTreeFrameSink::SubmitCompositorFrame
04-06 16:35:07.529 I/chromium(12067): [INFO:layer_tree_host_impl.cc(303)] SBRTOUCHLOG LayerTreeHostImpl::ScrollBy delta_y = 7.8492
04-06 16:35:07.596 I/chromium(12067): [INFO:layer_tree_host_impl.cc(2438)] SBRTOUCHLOG AsyncLayerTreeFrameSink::SubmitCompositorFrame
04-06 16:35:07.612 I/chromium(12067): [INFO:layer_tree_host_impl.cc(303)] SBRTOUCHLOG LayerTreeHostImpl::ScrollBy delta_y = 120.548
04-06 16:35:07.680 I/chromium(12067): [INFO:layer_tree_host_impl.cc(2438)] SBRTOUCHLOG AsyncLayerTreeFrameSink::SubmitCompositorFrame
04-06 16:35:07.695 I/chromium(12067): [INFO:layer_tree_host_impl.cc(303)] SBRTOUCHLOG LayerTreeHostImpl::ScrollBy delta_y = 105.545
04-06 16:35:07.764 I/chromium(12067): [INFO:layer_tree_host_impl.cc(2438)] SBRTOUCHLOG AsyncLayerTreeFrameSink::SubmitCompositorFrame
04-06 16:35:07.780 I/chromium(12067): [INFO:layer_tree_host_impl.cc(303)] SBRTOUCHLOG LayerTreeHostImpl::ScrollBy delta_y = 89.4728
04-06 16:35:08.082 W/chromium(30649): [WARNING:window_android.cc(123)] TAB-STATUS observer removed
04-06 16:35:08.097 I/chromium(12067): [INFO:layer_tree_host_impl.cc(344)] SBRTOUCHLOG LayerTreeHostImpl::ScrollEnd
04-06 16:35:08.827 W/chromium(30649): [WARNING:render_widget_host_view_android.cc(1070)] SBRTOUCHLOG  OnTouchEvent, Action::DOWN
04-06 16:35:08.827 I/chromium(30649): [INFO:render_widget_host_input_event_router.cc(861)] SBRTOUCHLOG Set Touch sequence target view: 0xc10c3c00
04-06 16:35:08.827 W/chromium(30649): [WARNING:input_router_impl.cc(529)] SBRTOUCHLOG FilterAndSendWebInputEvent, kTouchStart
04-06 16:35:08.828 I/chromium(12067): [INFO:web_frame_widget_impl.cc(2748)] SBRTOUCHLOG Blink HandleInputEvent event received = PointerDown
04-06 16:35:08.833 I/chromium(12067): [INFO:web_frame_widget_impl.cc(2748)] SBRTOUCHLOG Blink HandleInputEvent event received = GestureTapDown
04-06 16:35:08.846 I/chromium(12067): [INFO:web_frame_widget_impl.cc(2748)] SBRTOUCHLOG Blink HandleInputEvent event received = PointerMove
04-06 16:35:08.864 I/chromium(12067): [INFO:web_frame_widget_impl.cc(2748)] SBRTOUCHLOG Blink HandleInputEvent event received = PointerMove
04-06 16:35:08.880 I/chromium(12067): [INFO:web_frame_widget_impl.cc(2748)] SBRTOUCHLOG Blink HandleInputEvent event received = PointerMove
04-06 16:35:08.897 I/chromium(12067): [INFO:web_frame_widget_impl.cc(2748)] SBRTOUCHLOG Blink HandleInputEvent event received = PointerMove
04-06 16:35:08.901 I/chromium(12067): [INFO:web_frame_widget_impl.cc(2748)] SBRTOUCHLOG Blink HandleInputEvent event received = PointerUp
04-06 16:35:08.906 I/chromium(30649): [INFO:input_router_impl.cc(641)] SBRTOUCHLOG InputRouterImpl::TouchEventHandled type: TouchEnd & ack: NOT_CONSUMED
04-06 16:35:08.907 I/chromium(12067): [INFO:web_frame_widget_impl.cc(2748)] SBRTOUCHLOG Blink HandleInputEvent event received = GestureShowPress
04-06 16:35:08.911 I/chromium(12067): [INFO:web_frame_widget_impl.cc(2748)] SBRTOUCHLOG Blink HandleInputEvent event received = GestureTap
04-06 16:35:09.699 I/chromium(12067): [INFO:frame_loader.cc(618)] LoaderLog  StartNavigation  ClientRedirect = 0
04-06 16:35:09.733 I/chromium(30649): [INFO:tin_six_tab_helper.cc(621)] ActivateTabAt 0,2
04-06 16:35:09.736 I/chromium(12067): [INFO:layer_tree_host_impl.cc(198)] SBRTOUCHLOG DidVisibilityChange = 0
04-06 16:35:09.737 I/chromium(12067): [INFO:layer_tree_host_impl.cc(4001)] SBRTOUCHLOG SetDeferCommitFlagForDebug = 1
