04-13 14:26:21.698 D/MainActivity(28505): Verify: ciris_verify_ffi: [INFO] ciris_verify_core::unified: VERIFY ATTESTATION COMPLETE: level=1, valid=false, checks=5/6, time=649ms
04-13 14:26:21.699 D/MainActivity(28505): Verify: ciris_verify_ffi: [INFO] ciris_keyring::platform::android: VERIFY key_exists check - phase 1 (file/wrapper check), wrapper_alias=agent_signing_aes_wrapper, encrypted_key_path="/data/data/ai.ciris.mobile.debug/files/ciris/data/agent_signing.ed25519.enc", wrapper_exists=true, file_exists=true
04-13 14:26:21.700 D/MainActivity(28505): Verify: ciris_verify_ffi: [INFO] ciris_keyring::platform::android: VERIFY key_exists check - phase 2 PASSED (key can be decrypted), wrapper_alias=agent_signing_aes_wrapper
04-13 14:26:21.701 D/MainActivity(28505): Verify: ciris_verify_ffi: [INFO] ciris_keyring::software: VERIFY MutableEd25519Signer::has_key - hardware wrapper check, has_key=true, hardware_backed=true, ciris_data_dir=Some("/data/data/ai.ciris.mobile.debug/files/ciris/data")
04-13 14:26:21.703 D/MainActivity(28505): Verify: ciris_verify_ffi: [INFO] ciris_keyring::platform::android: VERIFY key_exists check - phase 1 (file/wrapper check), wrapper_alias=agent_signing_aes_wrapper, encrypted_key_path="/data/data/ai.ciris.mobile.debug/files/ciris/data/agent_signing.ed25519.enc", wrapper_exists=true, file_exists=true
04-13 14:26:21.704 D/MainActivity(28505): Verify: ciris_verify_ffi: [INFO] ciris_keyring::platform::android: VERIFY key_exists check - phase 2 PASSED (key can be decrypted), wrapper_alias=agent_signing_aes_wrapper
04-13 14:26:21.753 I/python.stdout(28505): VERIFY Unified attestation complete, valid=false, level=1, level_pending=true, checks_passed=4, checks_total=5
04-13 14:26:21.756 D/MainActivity(28505): Verify: VERIFY Unified attestation complete, valid=false, level=1, level_pending=true, checks_passed=4, checks_total=5
04-13 14:26:21.979 D/MainActivity(28505): Verify: ciris_verify_ffi: [INFO] ciris_keyring::platform::android: VERIFY key_exists check - phase 1 (file/wrapper check), wrapper_alias=agent_signing_aes_wrapper, encrypted_key_path="/data/data/ai.ciris.mobile.debug/files/ciris/data/agent_signing.ed25519.enc", wrapper_exists=true, file_exists=true
04-13 14:26:21.983 D/MainActivity(28505): Verify: ciris_verify_ffi: [INFO] ciris_keyring::platform::android: VERIFY key_exists check - phase 2 PASSED (key can be decrypted), wrapper_alias=agent_signing_aes_wrapper
04-13 14:26:21.987 D/MainActivity(28505): Verify: ciris_verify_ffi: [INFO] ciris_keyring::software: VERIFY MutableEd25519Signer::has_key - hardware wrapper check, has_key=true, hardware_backed=true, ciris_data_dir=Some("/data/data/ai.ciris.mobile.debug/files/ciris/data")
04-13 14:26:21.998 D/MainActivity(28505): Verify: ciris_verify_ffi: [INFO] ciris_keyring::platform::android: VERIFY key_exists check - phase 1 (file/wrapper check), wrapper_alias=agent_signing_aes_wrapper, encrypted_key_path="/data/data/ai.ciris.mobile.debug/files/ciris/data/agent_signing.ed25519.enc", wrapper_exists=true, file_exists=true
04-13 14:26:22.000 D/MainActivity(28505): Verify: ciris_verify_ffi: [INFO] ciris_keyring::platform::android: VERIFY key_exists check - phase 2 PASSED (key can be decrypted), wrapper_alias=agent_signing_aes_wrapper
04-13 14:26:22.028 D/MainActivity(28505): Verify: ciris_verify_ffi: [INFO] ciris_keyring::platform::android: VERIFY key_exists check - phase 1 (file/wrapper check), wrapper_alias=agent_signing_aes_wrapper, encrypted_key_path="/data/data/ai.ciris.mobile.debug/files/ciris/data/agent_signing.ed25519.enc", wrapper_exists=true, file_exists=true
04-13 14:26:22.030 D/MainActivity(28505): Verify: ciris_verify_ffi: [INFO] ciris_keyring::platform::android: VERIFY key_exists check - phase 2 PASSED (key can be decrypted), wrapper_alias=agent_signing_aes_wrapper
04-13 14:26:22.040 I/python.stdout(28505): [RESUME (12 remaining services)] [SERVICE 8/22] AuditService STARTED
04-13 14:26:22.045 D/MainActivity(28505): Service 8 started (13/22)
04-13 14:26:22.112 I/python.stdout(28505): [RESUME (12 remaining services)] [SERVICE 10/22] IncidentManagement STARTED
04-13 14:26:22.119 D/MainActivity(28505): Service 10 started (14/22)
04-13 14:26:22.195 I/python.stdout(28505): [RESUME (12 remaining services)] [SERVICE 19/22] AdaptiveFilter STARTED
04-13 14:26:22.206 D/MainActivity(28505): Service 19 started (15/22)
04-13 14:26:22.219 I/python.stdout(28505): [RESUME (12 remaining services)] [SERVICE 18/22] TaskScheduler STARTED
04-13 14:26:22.228 D/MainActivity(28505): Service 18 started (16/22)
04-13 14:26:23.058 I/python.stdout(28505): [RESUME (12 remaining services)] [SERVICE 11/22] TSDBConsolidation STARTED
04-13 14:26:23.063 D/MainActivity(28505): Service 11 started (17/22)
04-13 14:26:23.065 I/python.stdout(28505): [RESUME (12 remaining services)] [SERVICE 16/22] DatabaseMaintenance STARTED
04-13 14:26:23.070 D/MainActivity(28505): Service 16 started (18/22)
04-13 14:26:23.420 I/python.stdout(28505): [RESUME (12 remaining services)] [SERVICE 21/22] SelfObservation STARTED
04-13 14:26:23.425 D/MainActivity(28505): Service 21 started (19/22)
04-13 14:26:23.430 I/python.stdout(28505): [RESUME (12 remaining services)] [SERVICE 20/22] VisibilityService STARTED
04-13 14:26:23.434 I/python.stdout(28505): [RESUME (12 remaining services)] [SERVICE 12/22] ConsentService STARTED
04-13 14:26:23.435 D/MainActivity(28505): Service 20 started (20/22)
04-13 14:26:23.439 D/MainActivity(28505): Service 12 started (21/22)
04-13 14:26:23.475 I/python.stdout(28505): [RESUME (12 remaining services)] [SERVICE 17/22] RuntimeControl STARTED
04-13 14:26:23.481 D/MainActivity(28505): Service 17 started (22/22)
04-13 14:26:23.588 I/InteractViewModel(28505): [observeLanguageChanges] Updating pipeline labels for language: ta (explicit=true)
04-13 14:26:23.598 D/CIRISApp(28505): [INIT] CIRISApp composable invoked - googleSignInCallback=PRESENT (228661409)
04-13 14:26:23.601 I/InteractViewModel(28505): [setDeviceAttestationCallback] Device attestation callback SET
04-13 14:26:23.679 I/python.stdout(28505): [CONSOLIDATOR] Checking for missed windows...
04-13 14:26:23.813 D/MainActivity(28505): Verify: ciris_verify_ffi: [INFO] ciris_keyring::platform::android: VERIFY key_exists check - phase 1 (file/wrapper check), wrapper_alias=agent_signing_aes_wrapper, encrypted_key_path="/data/data/ai.ciris.mobile.debug/files/ciris/data/agent_signing.ed25519.enc", wrapper_exists=true, file_exists=true
04-13 14:26:23.816 D/MainActivity(28505): Verify: ciris_verify_ffi: [INFO] ciris_keyring::platform::android: VERIFY key_exists check - phase 2 PASSED (key can be decrypted), wrapper_alias=agent_signing_aes_wrapper
04-13 14:26:23.818 D/MainActivity(28505): Verify: ciris_verify_ffi: [INFO] ciris_keyring::software: VERIFY MutableEd25519Signer::has_key - hardware wrapper check, has_key=true, hardware_backed=true, ciris_data_dir=Some("/data/data/ai.ciris.mobile.debug/files/ciris/data")
04-13 14:26:23.830 D/MainActivity(28505): Verify: ciris_verify_ffi: [INFO] ciris_keyring::platform::android: VERIFY key_exists check - phase 1 (file/wrapper check), wrapper_alias=agent_signing_aes_wrapper, encrypted_key_path="/data/data/ai.ciris.mobile.debug/files/ciris/data/agent_signing.ed25519.enc", wrapper_exists=true, file_exists=true
04-13 14:26:23.833 D/MainActivity(28505): Verify: ciris_verify_ffi: [INFO] ciris_keyring::platform::android: VERIFY key_exists check - phase 2 PASSED (key can be decrypted), wrapper_alias=agent_signing_aes_wrapper
04-13 14:26:23.836 D/MainActivity(28505): Verify: ciris_verify_ffi: [INFO] ciris_keyring::software: VERIFY MutableEd25519Signer::has_key - hardware wrapper check, has_key=true, hardware_backed=true, ciris_data_dir=Some("/data/data/ai.ciris.mobile.debug/files/ciris/data")
04-13 14:26:23.918 W/python.stderr(28505): /data/data/ai.ciris.mobile.debug/files/chaquopy/AssetFinder/requirements/pydantic/_internal/_config.py:291: PydanticDeprecatedSince20: Support for class-based `config` is deprecated, use ConfigDict instead. Deprecated in Pydantic V2.0 to be removed in V3.0. See Pydantic V2 Migration Guide at https://errors.pydantic.dev/2.9/migration/
04-13 14:26:24.361 D/EnvFileUpdater(28505): Found CIRIS_HOME from env: /data/user/0/ai.ciris.mobile.debug/files/ciris
04-13 14:26:26.054 E/CIRISApiClient(28505): [getSystemStatus] Exception: ConnectException: Failed to connect to localhost/127.0.0.1:8080 | Context: url=http://localhost:8080
04-13 14:26:26.054 E/CIRISApiClient(28505): java.net.ConnectException: Failed to connect to localhost/127.0.0.1:8080
04-13 14:26:26.054 E/CIRISApiClient(28505): 	at okhttp3.internal.connection.RealConnection.connectSocket(RealConnection.kt:297)
04-13 14:26:26.054 E/CIRISApiClient(28505): 	at okhttp3.internal.connection.RealConnection.connect(RealConnection.kt:207)
04-13 14:26:26.054 E/CIRISApiClient(28505): 	at okhttp3.internal.connection.ExchangeFinder.findConnection(ExchangeFinder.kt:226)
04-13 14:26:26.054 E/CIRISApiClient(28505): 	at okhttp3.internal.connection.ExchangeFinder.findHealthyConnection(ExchangeFinder.kt:106)
04-13 14:26:26.054 E/CIRISApiClient(28505): 	at okhttp3.internal.connection.ExchangeFinder.find(ExchangeFinder.kt:74)
04-13 14:26:26.054 E/CIRISApiClient(28505): 	at okhttp3.internal.connection.RealCall.initExchange$okhttp(RealCall.kt:255)
04-13 14:26:26.054 E/CIRISApiClient(28505): 	at okhttp3.internal.connection.ConnectInterceptor.intercept(ConnectInterceptor.kt:32)
04-13 14:26:26.054 E/CIRISApiClient(28505): 	at okhttp3.internal.http.RealInterceptorChain.proceed(RealInterceptorChain.kt:109)
04-13 14:26:26.054 E/CIRISApiClient(28505): 	at okhttp3.internal.cache.CacheInterceptor.intercept(CacheInterceptor.kt:95)
04-13 14:26:26.054 E/CIRISApiClient(28505): 	at okhttp3.internal.http.RealInterceptorChain.proceed(RealInterceptorChain.kt:109)
04-13 14:26:26.054 E/CIRISApiClient(28505): 	at okhttp3.internal.http.BridgeInterceptor.intercept(BridgeInterceptor.kt:83)
04-13 14:26:26.054 E/CIRISApiClient(28505): 	at okhttp3.internal.http.RealInterceptorChain.proceed(RealInterceptorChain.kt:109)
04-13 14:26:26.054 E/CIRISApiClient(28505): 	at okhttp3.internal.http.RetryAndFollowUpInterceptor.intercept(RetryAndFollowUpInterceptor.kt:76)
04-13 14:26:26.054 E/CIRISApiClient(28505): 	at okhttp3.internal.http.RealInterceptorChain.proceed(RealInterceptorChain.kt:109)
04-13 14:26:26.054 E/CIRISApiClient(28505): 	at okhttp3.internal.connection.RealCall.getResponseWithInterceptorChain$okhttp(RealCall.kt:201)
04-13 14:26:26.054 E/CIRISApiClient(28505): 	at okhttp3.internal.connection.RealCall$AsyncCall.run(RealCall.kt:517)
04-13 14:26:26.054 E/CIRISApiClient(28505): 	at java.util.concurrent.ThreadPoolExecutor.runWorker(ThreadPoolExecutor.java:1133)
04-13 14:26:26.054 E/CIRISApiClient(28505): 	at java.util.concurrent.ThreadPoolExecutor$Worker.run(ThreadPoolExecutor.java:607)
04-13 14:26:26.054 E/CIRISApiClient(28505): 	at java.lang.Thread.run(Thread.java:762)
04-13 14:26:26.054 E/CIRISApiClient(28505): Caused by: java.net.ConnectException: Connection refused
04-13 14:26:26.054 E/CIRISApiClient(28505): 	at java.net.PlainSocketImpl.socketConnect(Native Method)
04-13 14:26:26.054 E/CIRISApiClient(28505): 	at java.net.AbstractPlainSocketImpl.doConnect(AbstractPlainSocketImpl.java:334)
04-13 14:26:26.054 E/CIRISApiClient(28505): 	at java.net.AbstractPlainSocketImpl.connectToAddress(AbstractPlainSocketImpl.java:196)
04-13 14:26:26.054 E/CIRISApiClient(28505): 	at java.net.AbstractPlainSocketImpl.connect(AbstractPlainSocketImpl.java:178)
04-13 14:26:26.054 E/CIRISApiClient(28505): 	at java.net.SocksSocketImpl.connect(SocksSocketImpl.java:356)
04-13 14:26:26.054 E/CIRISApiClient(28505): 	at java.net.Socket.connect(Socket.java:605)
04-13 14:26:26.054 E/CIRISApiClient(28505): 	at okhttp3.internal.platform.AndroidPlatform.connectSocket(AndroidPlatform.kt:63)
04-13 14:26:26.054 E/CIRISApiClient(28505): 	at okhttp3.internal.connection.RealConnection.connectSocket(RealConnection.kt:295)
04-13 14:26:26.054 E/CIRISApiClient(28505): 	... 18 more
04-13 14:26:26.095 I/InteractViewModel(28505): [observeLanguageChanges] Updating pipeline labels for language: te (explicit=true)
04-13 14:26:26.109 D/CIRISApp(28505): [INIT] CIRISApp composable invoked - googleSignInCallback=PRESENT (228661409)
04-13 14:26:26.110 I/InteractViewModel(28505): [setDeviceAttestationCallback] Device attestation callback SET
04-13 14:26:27.354 I/python.stdout(28505): [STARTUP] Checking port 8080 availability...
04-13 14:26:27.355 I/python.stdout(28505): [STARTUP] Binding to port 8080...
04-13 14:26:27.373 I/python.stdout(28505): [STARTUP] Starting server...
04-13 14:26:27.532 I/python.stdout(28505): Starting CIRIS API...
04-13 14:26:28.376 I/python.stdout(28505): [STARTUP] API server listening on port 8080
04-13 14:26:28.376 I/python.stdout(28505): [STARTUP] Server ready for connections
04-13 14:26:28.599 I/InteractViewModel(28505): [observeLanguageChanges] Updating pipeline labels for language: th (explicit=true)
04-13 14:26:28.613 D/CIRISApp(28505): [INIT] CIRISApp composable invoked - googleSignInCallback=PRESENT (228661409)
04-13 14:26:28.614 I/InteractViewModel(28505): [setDeviceAttestationCallback] Device attestation callback SET
04-13 14:26:31.103 I/InteractViewModel(28505): [observeLanguageChanges] Updating pipeline labels for language: tr (explicit=true)
04-13 14:26:31.116 D/CIRISApp(28505): [INIT] CIRISApp composable invoked - googleSignInCallback=PRESENT (228661409)
04-13 14:26:31.117 I/InteractViewModel(28505): [setDeviceAttestationCallback] Device attestation callback SET
04-13 14:26:33.606 I/InteractViewModel(28505): [observeLanguageChanges] Updating pipeline labels for language: uk (explicit=true)
04-13 14:26:33.619 D/CIRISApp(28505): [INIT] CIRISApp composable invoked - googleSignInCallback=PRESENT (228661409)
04-13 14:26:33.620 I/InteractViewModel(28505): [setDeviceAttestationCallback] Device attestation callback SET
04-13 14:26:33.760 D/MainActivity(28505): Verify: ciris_verify_ffi: [INFO] ciris_keyring::platform::android: VERIFY key_exists check - phase 1 (file/wrapper check), wrapper_alias=agent_signing_aes_wrapper, encrypted_key_path="/data/data/ai.ciris.mobile.debug/files/ciris/data/agent_signing.ed25519.enc", wrapper_exists=true, file_exists=true
04-13 14:26:33.762 D/MainActivity(28505): Verify: ciris_verify_ffi: [INFO] ciris_keyring::platform::android: VERIFY key_exists check - phase 2 PASSED (key can be decrypted), wrapper_alias=agent_signing_aes_wrapper
04-13 14:26:34.363 D/EnvFileUpdater(28505): Found CIRIS_HOME from env: /data/user/0/ai.ciris.mobile.debug/files/ciris
04-13 14:26:35.597 I/python.stdout(28505): [14:26:35.596] [STATE] Transition: shutdown -> work
04-13 14:26:36.110 I/InteractViewModel(28505): [observeLanguageChanges] Updating pipeline labels for language: ur (explicit=true)
04-13 14:26:36.122 D/CIRISApp(28505): [INIT] CIRISApp composable invoked - googleSignInCallback=PRESENT (228661409)
04-13 14:26:36.124 I/InteractViewModel(28505): [setDeviceAttestationCallback] Device attestation callback SET
04-13 14:26:37.292 D/CIRISApp(28505): [INIT] CIRISApp composable invoked - googleSignInCallback=PRESENT (228661409)
04-13 14:26:37.295 I/InteractViewModel(28505): [setDeviceAttestationCallback] Device attestation callback SET
04-13 14:26:37.336 D/CIRISApp(28505): [INFO] Startup READY, checking first-run status...
04-13 14:26:37.387 I/CIRISApiClient(28505): [init] CIRISApiClient initialized with baseUrl=http://localhost:8080
04-13 14:26:37.420 I/InteractViewModel(28505): [observeLanguageChanges] Updating pipeline labels for language: en (explicit=true)
04-13 14:26:37.425 D/CIRISApp(28505): [INIT] CIRISApp composable invoked - googleSignInCallback=PRESENT (228661409)
04-13 14:26:37.426 I/InteractViewModel(28505): [setDeviceAttestationCallback] Device attestation callback SET
04-13 14:26:37.483 I/CIRISApiClient(28505): [getSetupStatus] Setup status: required=false, firstRun=false, configExists=true
04-13 14:26:37.487 D/CIRISApp(28505): [INFO] First run check result: false
04-13 14:26:37.487 D/CIRISApp(28505): [INFO] Not first run, attempting to load and validate stored token
04-13 14:26:37.555 D/CIRISApp(28505): [INFO] Loaded stored token: ciris_ad...QdAY
04-13 14:26:37.558 W/TokenManager(28505): [getTokenExpiry] Invalid JWT format: expected 3 parts, got 1
04-13 14:26:37.560 I/TokenManager(28505): [checkAndRefreshToken] Token check: expiry=null, remaining=nulls, minValid=300s
04-13 14:26:37.561 W/TokenManager(28505): [checkAndRefreshToken] Could not parse token expiry - treating as expired
04-13 14:26:37.563 I/TokenManager(28505): [attemptSilentRefresh] Attempting silent sign-in...
04-13 14:26:37.565 I/MainActivity(28505): Silent Sign-In requested from CIRISApp
04-13 14:26:37.571 I/MainActivity(28505): Found cached account: ciristest1@gmail.com
04-13 14:26:37.590 I/MainActivity(28505): Silent Sign-In successful: ciristest1@gmail.com
04-13 14:26:37.591 I/TokenManager(28505): [attemptSilentRefresh] Silent sign-in successful! provider=google
04-13 14:26:37.593 I/TokenManager(28505): [handleNewToken] Processing new token (length: 1096, provider: google)
04-13 14:26:37.597 I/TokenManager(28505): [handleNewToken] New token expiry: 1776109061 (664s remaining)
04-13 14:26:37.599 I/CIRISApp(28505):  OAuth ID token refreshed by TokenManager (provider=google), exchanging for CIRIS token
04-13 14:26:37.601 I/CIRISApp(28505):  Token was refreshed, waiting for CIRIS token exchange...
04-13 14:26:37.605 I/CIRISApiClient(28505): [nativeAuth] Attempting native auth: provider=google, userId=null
04-13 14:26:37.607 I/CIRISApiClient(28505): [googleAuth] Attempting Google auth: userId=null, idToken=eyJhbGci...CZOA
04-13 14:26:37.719 I/TokenManager(28505): [startPeriodicRefresh] Starting periodic refresh (interval: 45 minutes)
04-13 14:26:39.997 I/CIRISApiClient(28505): [googleAuth] Google auth successful: userId=google:102773749033681671083, role=SYSTEM_ADMIN
04-13 14:26:40.000 I/CIRISApp(28505):  Got CIRIS access token: ciris_ad...gpuA
04-13 14:26:40.003 I/CIRISApiClient(28505): [setAccessToken] Setting access token: ciris_ad...gpuA, length=55
04-13 14:26:40.007 I/CIRISApiClient(28505): [setAccessToken] Bearer token set on all API instances (13 APIs)
04-13 14:26:40.009 I/MainActivity(28505): Token updated, setting on billing apiClient
04-13 14:26:40.009 I/CIRISApiClient(28505): [setAccessToken] Setting access token: ciris_ad...gpuA, length=55
04-13 14:26:40.012 I/CIRISApiClient(28505): [setAccessToken] Bearer token set on all API instances (13 APIs)
04-13 14:26:40.015 I/CIRISApiClient(28505): [logTokenState] === TOKEN STATE DEBUG ===
04-13 14:26:40.017 I/CIRISApiClient(28505): [logTokenState] accessToken present: true
04-13 14:26:40.019 I/CIRISApiClient(28505): [logTokenState] accessToken preview: ciris_ad...gpuA
04-13 14:26:40.021 I/CIRISApiClient(28505): [logTokenState] accessToken length: 55
04-13 14:26:40.024 I/CIRISApiClient(28505): [logTokenState] authHeader() returns: Bearer <token>
04-13 14:26:40.026 I/CIRISApiClient(28505): [logTokenState] =========================
04-13 14:26:40.030 D/CIRISApp(28505): [INIT] CIRISApp composable invoked - googleSignInCallback=PRESENT (228661409)
04-13 14:26:40.031 I/InteractViewModel(28505): [setDeviceAttestationCallback] Device attestation callback SET
04-13 14:26:40.050 I/CIRISApp(28505):  Refreshed CIRIS token saved to secure storage
04-13 14:26:40.051 I/CIRISApp(28505):  Writing OAuth ID token to .env for Python billing...
04-13 14:26:40.054 D/EnvFileUpdater(28505): Found CIRIS_HOME from env: /data/user/0/ai.ciris.mobile.debug/files/ciris
04-13 14:26:40.055 I/EnvFileUpdater(28505): Read .env file (7778 bytes)
04-13 14:26:40.058 I/EnvFileUpdater(28505): CIRIS proxy mode detected - updating OPENAI_API_KEY
04-13 14:26:40.060 I/EnvFileUpdater(28505): Updated OPENAI_API_KEY
04-13 14:26:40.062 I/EnvFileUpdater(28505): Updated CIRIS_BILLING_GOOGLE_ID_TOKEN
04-13 14:26:40.063 I/EnvFileUpdater(28505): .env file updated (proxy mode: true)
04-13 14:26:40.063 D/EnvFileUpdater(28505): Found CIRIS_HOME from env: /data/user/0/ai.ciris.mobile.debug/files/ciris
04-13 14:26:40.064 I/EnvFileUpdater(28505): Config reload signal written to /data/user/0/ai.ciris.mobile.debug/files/ciris/.config_reload
04-13 14:26:40.064 I/CIRISApp(28505):  .env updated, .config_reload signal written
04-13 14:26:40.066 I/CIRISApp(28505):  Waiting 1.5s for Python to reload billing token...
04-13 14:26:41.569 I/CIRISApp(28505):  Python reload wait complete
04-13 14:26:41.581 I/CIRISApp(28505):  Token exchange completed
04-13 14:26:41.840 I/CIRISApp(28505):  Agent state: WORK
04-13 14:26:41.843 I/CIRISApp(28505):  Agent reached WORK state!
04-13 14:26:42.351 I/CIRISApp(28505):  Triggering data load for ViewModels after token set
04-13 14:26:42.356 I/BillingViewModel(28505): [loadBalance] Loading credit balance...
04-13 14:26:42.383 I/CIRISApiClient(28505): [listAdapters] Listing adapters
04-13 14:26:42.399 I/InteractViewModel(28505): [startPolling] Starting polling and SSE streams
04-13 14:26:42.402 I/InteractViewModel(28505): [startStatusPolling] Starting status polling (fast until agent ready)
04-13 14:26:42.417 I/InteractViewModel(28505): [startMessagePolling] Starting message polling (interval=3000ms)
04-13 14:26:42.438 I/InteractViewModel(28505): [startHealthPolling] Starting health polling (fast until LLM ready)
04-13 14:26:42.450 I/InteractViewModel(28505): [startTrustPendingPolling] Starting trust pending polling (interval=5000ms)
04-13 14:26:42.452 I/InteractViewModel(28505): [startSseStream] Starting SSE reasoning stream
04-13 14:26:42.461 I/InteractViewModel(28505): [startFileInjectionObserver] Starting file injection observer for test automation
04-13 14:26:42.463 I/InteractViewModel(28505): [fetchWalletStatus] Fetching wallet status from API
04-13 14:26:42.465 I/CIRISApiClient(28505): [getWalletStatus] Fetching wallet status
04-13 14:26:42.476 I/CIRISApp(28505):  Running boot-time attestation check...
04-13 14:26:42.483 D/CIRISApp(28505): [INIT] CIRISApp composable invoked - googleSignInCallback=PRESENT (228661409)
04-13 14:26:42.484 I/InteractViewModel(28505): [setDeviceAttestationCallback] Device attestation callback SET
04-13 14:26:42.491 D/CIRISApp(28505): [CIRISApp] >>> liveBackgroundEnabled=true, apiClient=present
04-13 14:26:43.320 I/CIRISApiClient(28505): [getGraphData] >>> START: hours=24, scope=ALL_SCOPES, type=null, limit=200
04-13 14:26:43.322 I/CIRISApiClient(28505): [getGraphData] Fetching timeline: http://localhost:8080/v1/memory/timeline?hours=24&include_edges=true&include_metrics=false
04-13 14:26:44.364 D/EnvFileUpdater(28505): Found CIRIS_HOME from env: /data/user/0/ai.ciris.mobile.debug/files/ciris
04-13 14:26:51.058 I/CIRISApp(28505):  Boot attestation: loaded=true, maxLevel=1, dns_us=true, dns_eu=true, https=true
04-13 14:26:51.439 I/InteractViewModel(28505): [startStatusPolling] Agent ready with state: WORK
04-13 14:26:51.440 I/InteractViewModel(28505): [startStatusPolling] Connection state changed: false -> true
04-13 14:26:51.849 I/CIRISApiClient(28505): [listAdapters] API response: total=8, running=8, adapters.size=8
04-13 14:26:51.851 I/CIRISApiClient(28505): [listAdapters]   API adapter[0]: id=cirisverify_bootstrap, type=cirisverify, running=true, needsReauth=false, hasAuthStep=false
04-13 14:26:51.853 I/CIRISApiClient(28505): [listAdapters]   API adapter[1]: id=wallet_bootstrap, type=wallet, running=true, needsReauth=false, hasAuthStep=false
04-13 14:26:51.854 I/CIRISApiClient(28505): [listAdapters]   API adapter[2]: id=api_bootstrap, type=api, running=true, needsReauth=false, hasAuthStep=false
04-13 14:26:51.855 I/CIRISApiClient(28505): [listAdapters]   API adapter[3]: id=navigation, type=navigation, running=true, needsReauth=false, hasAuthStep=false
04-13 14:26:51.857 I/CIRISApiClient(28505): [listAdapters]   API adapter[4]: id=home_assistant, type=home_assistant, running=true, needsReauth=true, hasAuthStep=true
04-13 14:26:51.858 I/CIRISApiClient(28505): [listAdapters]   API adapter[5]: id=weather, type=weather, running=true, needsReauth=false, hasAuthStep=false
04-13 14:26:51.860 I/CIRISApiClient(28505): [listAdapters]   API adapter[6]: id=ciris_hosted_tools, type=ciris_hosted_tools, running=true, needsReauth=false, hasAuthStep=false
04-13 14:26:51.861 I/CIRISApiClient(28505): [listAdapters]   API adapter[7]: id=ciris_accord_metrics, type=ciris_accord_metrics, running=true, needsReauth=false, hasAuthStep=false
04-13 14:26:52.016 I/InteractViewModel(28505): [fetchTrustStatus] Trust level changed: 0 -> 1
04-13 14:26:52.017 I/InteractViewModel(28505): [fetchTrustStatus] Level pending changed: false -> true
04-13 14:26:52.019 I/InteractViewModel(28505): [startTrustPendingPolling] Level pending=true, triggering device attestation automatically...
04-13 14:26:52.020 I/MainActivity(28505): Device attestation requested
04-13 14:26:52.022 I/CIRISApiClient(28505): [getPlayIntegrityNonce] Requesting Play Integrity nonce from Python API
04-13 14:26:52.091 I/InteractViewModel(28505): [startSseStream] SSE connected
04-13 14:26:53.473 I/CIRISApiClient(28505): [getGraphData] <<< DONE in 10153ms (single API call)
04-13 14:26:53.476 I/CIRISApiClient(28505): [getGraphData]     Nodes: 148 ({local=108, identity=40})
04-13 14:26:53.477 I/CIRISApiClient(28505): [getGraphData]     Edges: 0 total, 0 visible
04-13 14:26:53.478 I/CIRISApiClient(28505): [getGraphData]     Edge types: {}
04-13 14:26:53.479 I/CIRISApiClient(28505): [getGraphData]     INFO: No edges found - nodes may not have relationships yet
04-13 14:26:54.373 D/EnvFileUpdater(28505): Found CIRIS_HOME from env: /data/user/0/ai.ciris.mobile.debug/files/ciris
04-13 14:26:54.539 I/CIRISApiClient(28505): [getPlayIntegrityNonce] Got nonce: i3NvJfNBUmpG1DjIdeH2...
04-13 14:26:54.583 I/BillingViewModel(28505): [loadBalance] Credit status loaded: hasCredit=false, creditsRemaining=0, freeUsesRemaining=0, dailyFreeUsesRemaining=0, planName=CIRIS Mobile
04-13 14:26:54.585 I/BillingViewModel(28505): [loadBalance] Total credits calculated: 0
04-13 14:26:54.608 I/CIRISApiClient(28505): [getWalletStatus] Wallet status: address=0x4A9c727f67B14FeeFB1Ec6819D016e61a106794C, balance=0, level=1
04-13 14:26:54.610 I/InteractViewModel(28505): [fetchWalletStatus] Wallet response: hasWallet=true, isInitializing=false, provider=x402
04-13 14:26:54.718 W/python.stderr(28505): /data/data/ai.ciris.mobile.debug/files/chaquopy/AssetFinder/requirements/pydantic/_internal/_known_annotated_metadata.py:144: ResourceWarning: unclosed <socket.socket fd=144, family=AddressFamily.AF_INET, type=SocketKind.SOCK_STREAM, proto=6, laddr=('192.168.50.125', 44907), raddr=('172.67.163.135', 443)>
04-13 14:26:54.719 W/python.stderr(28505): ResourceWarning: Enable tracemalloc to get the object allocation traceback
04-13 14:26:54.720 W/python.stderr(28505): stdlib/asyncio/selector_events.py:710: ResourceWarning: unclosed transport <_SelectorSocketTransport fd=144 read=idle write=<idle, bufsize=0>>
04-13 14:26:54.720 W/python.stderr(28505): ResourceWarning: Enable tracemalloc to get the object allocation traceback
04-13 14:26:55.108 I/InteractViewModel(28505): [startMessagePolling] First load complete
04-13 14:26:55.371 I/CIRISApiClient(28505): [getWAStatus] Fetching WA status
04-13 14:26:56.596 I/CIRISApiClient(28505): [getWAStatus] WA Status: healthy=true, activeWAs=1, pendingDeferrals=0, deferrals24h=0, subscribers=2
04-13 14:26:56.599 I/InteractViewModel(28505): [startHealthPolling] LLM health ready: provider=other
04-13 14:26:59.567 I/CIRISApiClient(28505): [reportPlayIntegrityFailed] Reporting Play Integrity failure: code=16
04-13 14:27:00.963 I/CIRISApiClient(28505): [reportPlayIntegrityFailed] Successfully reported Play Integrity failure
04-13 14:27:00.976 D/MainActivity(28505): Verify: ciris_verify_ffi: [INFO] ciris_keyring::platform::android: VERIFY key_exists check - phase 1 (file/wrapper check), wrapper_alias=agent_signing_aes_wrapper, encrypted_key_path="/data/data/ai.ciris.mobile.debug/files/ciris/data/agent_signing.ed25519.enc", wrapper_exists=true, file_exists=true
04-13 14:27:00.977 D/MainActivity(28505): Verify: ciris_verify_ffi: [INFO] ciris_keyring::platform::android: VERIFY key_exists check - phase 2 PASSED (key can be decrypted), wrapper_alias=agent_signing_aes_wrapper
04-13 14:27:00.998 I/MainActivity(28505): Device attestation result: Error(message=Failed to get Play Integrity token: -16: Integrity API error (-16): The provided cloud project number is invalid.
04-13 14:27:00.998 I/MainActivity(28505): Use the cloud project number which can be found in Project info in your Google Cloud Console for the cloud project where Play Integrity API is enabled.
04-13 14:27:00.998 I/MainActivity(28505):  (https://developer.android.com/google/play/integrity/reference/com/google/android/play/core/integrity/model/IntegrityErrorCode.html#CLOUD_PROJECT_NUMBER_IS_INVALID).)
04-13 14:27:00.998 I/InteractViewModel(28505): [startTrustPendingPolling] Device attestation completed: Error(message=Failed to get Play Integrity token: -16: Integrity API error (-16): The provided cloud project number is invalid.
04-13 14:27:00.998 I/InteractViewModel(28505): Use the cloud project number which can be found in Project info in your Google Cloud Console for the cloud project where Play Integrity API is enabled.
04-13 14:27:00.998 I/InteractViewModel(28505):  (https://developer.android.com/google/play/integrity/reference/com/google/android/play/core/integrity/model/IntegrityErrorCode.html#CLOUD_PROJECT_NUMBER_IS_INVALID).)
04-13 14:27:01.013 D/MainActivity(28505): Verify: ciris_verify_ffi: [INFO] ciris_verify_core::unified: VERIFY ATTESTATION STARTING: Full attestation with network+integrity checks
04-13 14:27:01.013 D/MainActivity(28505): Verify: ciris_verify_ffi: [INFO] ciris_verify_core::unified: VERIFY PHASE 1/2 STARTING: Parallel manifest fetch + validation (5 network calls)
04-13 14:27:01.014 D/MainActivity(28505): Verify: ciris_verify_ffi: [INFO] ciris_verify_core::unified: VERIFY STEP 1/5 STARTING: Binary manifest fetch
04-13 14:27:01.083 D/MainActivity(28505): Verify: ciris_verify_ffi: [INFO] ciris_verify_core::unified: VERIFY STEP 1/5 COMPLETE: OK (10 targets)
04-13 14:27:01.088 D/MainActivity(28505): Verify: ciris_verify_ffi: [INFO] ciris_verify_core::unified: VERIFY STEP 2/5 STARTING: Function manifest fetch
04-13 14:27:01.110 D/MainActivity(28505): Verify: ciris_verify_ffi: [INFO] ciris_verify_core::unified: VERIFY STEP 2/5 COMPLETE: OK (48 functions)
04-13 14:27:01.111 D/MainActivity(28505): Verify: ciris_verify_ffi: [INFO] ciris_verify_core::unified: VERIFY STEP 3/5 STARTING: Agent build record fetch
04-13 14:27:01.214 D/MainActivity(28505): Verify: ciris_verify_ffi: [WARN] ciris_verify_core::unified: VERIFY STEP 3/5 COMPLETE: FAILED (HTTPS error: All registry endpoints failed for build/2.4.4)
04-13 14:27:01.263 D/MainActivity(28505): Verify: ciris_verify_ffi: [INFO] ciris_verify_core::unified: VERIFY STEP 4/5 STARTING: Source validation (DNS US + EU + HTTPS)
04-13 14:27:01.578 D/MainActivity(28505): Verify: ciris_verify_ffi: [INFO] ciris_verify_core::unified: VERIFY STEP 4/5 COMPLETE: 3/3 sources reachable
04-13 14:27:01.579 D/MainActivity(28505): Verify: ciris_verify_ffi: [INFO] ciris_verify_core::unified: VERIFY STEP 5/5 STARTING: Registry key verification
04-13 14:27:01.599 D/MainActivity(28505): Verify: ciris_verify_ffi: [INFO] ciris_verify_core::unified: VERIFY STEP 5/5 COMPLETE: not_found
04-13 14:27:01.600 D/MainActivity(28505): Verify: ciris_verify_ffi: [INFO] ciris_verify_core::unified: VERIFY PHASE 1/2 COMPLETE: All network fetches done
04-13 14:27:01.602 D/MainActivity(28505): Verify: ciris_verify_ffi: [ERROR] ciris_verify_core::unified: VERIFY MANIFEST_CACHE MISS: No cached build record available and registry unreachable — L4 file integrity will be skipped
04-13 14:27:01.605 D/MainActivity(28505): Verify: ciris_verify_ffi: [INFO] ciris_verify_core::unified: VERIFY PHASE 2/2 STARTING: Local verification (6 checks)
04-13 14:27:01.606 D/MainActivity(28505): Verify: ciris_verify_ffi: [INFO] ciris_verify_core::unified: VERIFY STEP 1/6 STARTING: Self-verification (binary + functions)
04-13 14:27:01.789 D/MainActivity(28505): Verify: ciris_verify_ffi: [INFO] ciris_verify_core::unified: VERIFY STEP 1/6 COMPLETE: OK (binary=✓, functions=48/48)
04-13 14:27:01.790 D/MainActivity(28505): Verify: ciris_verify_ffi: [INFO] ciris_verify_core::unified: VERIFY STEP 2/6 STARTING: File integrity check
04-13 14:27:01.792 D/MainActivity(28505): Verify: ciris_verify_ffi: [WARN] ciris_verify_core::unified: VERIFY STEP 2/6 COMPLETE: FAILED (HTTPS error: No build record available (pre-fetch failed))
04-13 14:27:01.803 D/MainActivity(28505): Verify: ciris_verify_ffi: [INFO] ciris_verify_core::unified: VERIFY STEP 3/6 STARTING: Module integrity check
04-13 14:27:01.805 D/MainActivity(28505): Verify: ciris_verify_ffi: [WARN] ciris_verify_core::unified: VERIFY STEP 3/6 COMPLETE: FAILED (HTTPS error: No build record available (pre-fetch failed))
04-13 14:27:01.811 D/MainActivity(28505): Verify: ciris_verify_ffi: [INFO] ciris_verify_core::unified: VERIFY STEP 4/6 STARTING: Source validation analysis
04-13 14:27:01.812 D/MainActivity(28505): Verify: ciris_verify_ffi: [INFO] ciris_verify_core::unified: VERIFY STEP 4/6 COMPLETE: 3/3 sources valid (status=AllSourcesAgree)
04-13 14:27:01.813 D/MainActivity(28505): Verify: ciris_verify_ffi: [INFO] ciris_verify_core::unified: VERIFY STEP 5/6 STARTING: Python module integrity
04-13 14:27:01.814 D/MainActivity(28505): Verify: ciris_verify_ffi: [INFO] ciris_verify_core::unified: VERIFY STEP 5/6 COMPLETE: OK (958/958 modules passed)
04-13 14:27:01.814 D/MainActivity(28505): Verify: ciris_verify_ffi: [INFO] ciris_verify_core::unified: VERIFY STEP 6/6 STARTING: Audit trail verification
04-13 14:27:01.815 D/MainActivity(28505): Verify: ciris_verify_ffi: [INFO] ciris_verify_core::unified: VERIFY STEP 6/6 COMPLETE: SKIP (no entries provided)
04-13 14:27:01.820 D/MainActivity(28505): Verify: ciris_verify_ffi: [INFO] ciris_verify_core::unified: VERIFY PHASE 2/2 COMPLETE: All local checks done
04-13 14:27:01.821 D/MainActivity(28505): Verify: ciris_verify_ffi: [INFO] ciris_verify_core::unified: VERIFY ATTESTATION COMPLETE: level=1, valid=false, checks=5/6, time=809ms
04-13 14:27:01.831 D/MainActivity(28505): Verify: ciris_verify_ffi: [INFO] ciris_keyring::platform::android: VERIFY key_exists check - phase 1 (file/wrapper check), wrapper_alias=agent_signing_aes_wrapper, encrypted_key_path="/data/data/ai.ciris.mobile.debug/files/ciris/data/agent_signing.ed25519.enc", wrapper_exists=true, file_exists=true
04-13 14:27:01.832 D/MainActivity(28505): Verify: ciris_verify_ffi: [INFO] ciris_keyring::platform::android: VERIFY key_exists check - phase 2 PASSED (key can be decrypted), wrapper_alias=agent_signing_aes_wrapper
04-13 14:27:01.834 D/MainActivity(28505): Verify: ciris_verify_ffi: [INFO] ciris_keyring::software: VERIFY MutableEd25519Signer::has_key - hardware wrapper check, has_key=true, hardware_backed=true, ciris_data_dir=Some("/data/data/ai.ciris.mobile.debug/files/ciris")
04-13 14:27:01.842 D/MainActivity(28505): Verify: ciris_verify_ffi: [INFO] ciris_keyring::platform::android: VERIFY key_exists check - phase 1 (file/wrapper check), wrapper_alias=agent_signing_aes_wrapper, encrypted_key_path="/data/data/ai.ciris.mobile.debug/files/ciris/data/agent_signing.ed25519.enc", wrapper_exists=true, file_exists=true
04-13 14:27:01.845 D/MainActivity(28505): Verify: ciris_verify_ffi: [INFO] ciris_keyring::platform::android: VERIFY key_exists check - phase 2 PASSED (key can be decrypted), wrapper_alias=agent_signing_aes_wrapper
04-13 14:27:02.039 I/python.stdout(28505): VERIFY Unified attestation complete, valid=false, level=1, level_pending=false, checks_passed=4, checks_total=5
04-13 14:27:02.040 D/MainActivity(28505): Verify: VERIFY Unified attestation complete, valid=false, level=1, level_pending=false, checks_passed=4, checks_total=5
04-13 14:27:02.265 I/InteractViewModel(28505): [fetchTrustStatus] Level pending changed: true -> false
04-13 14:27:02.267 I/InteractViewModel(28505): [startTrustPendingPolling] Level pending=false (level=1/5), stopping fast poll
04-13 14:27:03.105 I/InteractViewModel(28505): [startTrustPendingPolling] Trust status refreshed after device attestation
04-13 14:27:04.383 D/EnvFileUpdater(28505): Found CIRIS_HOME from env: /data/user/0/ai.ciris.mobile.debug/files/ciris
04-13 14:27:14.403 D/EnvFileUpdater(28505): Found CIRIS_HOME from env: /data/user/0/ai.ciris.mobile.debug/files/ciris
04-13 14:27:24.425 D/EnvFileUpdater(28505): Found CIRIS_HOME from env: /data/user/0/ai.ciris.mobile.debug/files/ciris
04-13 14:27:31.958 I/CIRISApiClient(28505): [getWAStatus] Fetching WA status
04-13 14:27:33.495 I/CIRISApiClient(28505): [getWAStatus] WA Status: healthy=true, activeWAs=1, pendingDeferrals=0, deferrals24h=0, subscribers=2
04-13 14:27:34.443 D/EnvFileUpdater(28505): Found CIRIS_HOME from env: /data/user/0/ai.ciris.mobile.debug/files/ciris
04-13 14:27:40.720 D/CIRISApp(28505): [INIT] CIRISApp composable invoked - googleSignInCallback=PRESENT (228661409)
04-13 14:27:40.725 I/InteractViewModel(28505): [setDeviceAttestationCallback] Device attestation callback SET
04-13 14:27:40.822 I/CIRISApp(28505): [Screen.Adapters] Fetching adapters and starting polling
04-13 14:27:40.824 I/CIRISApiClient(28505): [listAdapters] Listing adapters
04-13 14:27:43.528 I/CIRISApp(28505): [Screen.Adapters] Re-auth for: home_assistant, authStepId=oauth
04-13 14:27:43.533 I/CIRISApiClient(28505): [startAdapterConfiguration] Starting configuration for adapter type: home_assistant, startStepId: oauth
04-13 14:27:44.433 I/CIRISApiClient(28505): [listAdapters] API response: total=8, running=8, adapters.size=8
04-13 14:27:44.435 I/CIRISApiClient(28505): [listAdapters]   API adapter[0]: id=cirisverify_bootstrap, type=cirisverify, running=true, needsReauth=false, hasAuthStep=false
04-13 14:27:44.437 I/CIRISApiClient(28505): [listAdapters]   API adapter[1]: id=wallet_bootstrap, type=wallet, running=true, needsReauth=false, hasAuthStep=false
04-13 14:27:44.438 I/CIRISApiClient(28505): [listAdapters]   API adapter[2]: id=api_bootstrap, type=api, running=true, needsReauth=false, hasAuthStep=false
04-13 14:27:44.440 I/CIRISApiClient(28505): [listAdapters]   API adapter[3]: id=navigation, type=navigation, running=true, needsReauth=false, hasAuthStep=false
04-13 14:27:44.441 I/CIRISApiClient(28505): [listAdapters]   API adapter[4]: id=home_assistant, type=home_assistant, running=true, needsReauth=true, hasAuthStep=true
04-13 14:27:44.443 I/CIRISApiClient(28505): [listAdapters]   API adapter[5]: id=weather, type=weather, running=true, needsReauth=false, hasAuthStep=false
04-13 14:27:44.444 I/CIRISApiClient(28505): [listAdapters]   API adapter[6]: id=ciris_hosted_tools, type=ciris_hosted_tools, running=true, needsReauth=false, hasAuthStep=false
04-13 14:27:44.445 I/CIRISApiClient(28505): [listAdapters]   API adapter[7]: id=ciris_accord_metrics, type=ciris_accord_metrics, running=true, needsReauth=false, hasAuthStep=false
04-13 14:27:44.460 D/EnvFileUpdater(28505): Found CIRIS_HOME from env: /data/user/0/ai.ciris.mobile.debug/files/ciris
04-13 14:27:45.782 I/CIRISApiClient(28505): [startAdapterConfiguration] Config session started: sessionId=694751dd-3edb-4eb9-9920-35f468b1fc30, step=1/5
04-13 14:27:46.860 I/CIRISApp(28505): [AdapterWizard] Initiating OAuth
04-13 14:27:46.876 I/CIRISApiClient(28505): [executeConfigurationStep] === EXECUTE CONFIG STEP ===
04-13 14:27:46.878 I/CIRISApiClient(28505): [executeConfigurationStep] Session: 694751dd-3edb-4eb9-9920-35f468b1fc30
04-13 14:27:46.880 I/CIRISApiClient(28505): [executeConfigurationStep] Step data keys: [callback_base_url]
04-13 14:27:46.882 I/CIRISApiClient(28505): [executeConfigurationStep] Step data values: {callback_base_url=http://127.0.0.1:8080}
04-13 14:27:48.058 I/CIRISApiClient(28505): [executeConfigurationStep] Response HTTP status: 200
04-13 14:27:48.071 I/CIRISApiClient(28505): [executeConfigurationStep] Response data: success=true, error=null, nextStepIndex=null
04-13 14:27:48.073 I/CIRISApiClient(28505): [executeConfigurationStep] Response data keys: [oauth_url, code_challenge]
04-13 14:27:48.078 I/CIRISApiClient(28505): [executeConfigurationStep] Response data.data: oauth_url="http://homeassistant.local:8123/auth/authorize?client_id=http%3A%2F%2F127.0.0.1%3A8080&redirect_uri, code_challenge="wl-PosrGtR7dFK1yU_MyRteDueiHRS5cBvrT31iEnao"
04-13 14:27:48.081 I/CIRISApiClient(28505): [executeConfigurationStep] Step result: success=true, nextStep=null, isDiscovery=false, isComplete=false
04-13 14:27:48.083 I/CIRISApiClient(28505): [executeConfigurationStep] === OAUTH URL EXTRACTION ===
04-13 14:27:48.085 I/CIRISApiClient(28505): [executeConfigurationStep] oauth_url present in data: true
04-13 14:27:48.087 I/CIRISApiClient(28505): [executeConfigurationStep] awaiting_callback present in data: false
04-13 14:27:48.089 I/CIRISApiClient(28505): [executeConfigurationStep] Extracted OAuth URL (full): http://homeassistant.local:8123/auth/authorize?client_id=http%3A%2F%2F127.0.0.1%3A8080&redirect_uri=http%3A%2F%2F127.0.0.1%3A8080%2Fv1%2Fsystem%2Fadapters%2Fconfigure%2F694751dd-3edb-4eb9-9920-35f468b1fc30%2Foauth%2Fcallback&response_type=code&state=694751dd-3edb-4eb9-9920-35f468b1fc30&code_challenge=Dih4SZTGNDo_z2jlmf0IZd3Y687sMOCQX3bWj9H-JVw&code_challenge_method=S256
04-13 14:27:48.091 I/CIRISApiClient(28505): [executeConfigurationStep] awaitingCallback: false
04-13 14:27:49.120 I/CIRISApiClient(28505): [getConfigurationSessionStatus] Getting session status for: 694751dd-3edb-4eb9-9920-35f468b1fc30
04-13 14:27:49.307 W/chromium(30459): [WARNING:library_prefetcher.cc(201)] Incorrect code ordering
04-13 14:27:49.307 W/chromium(30459): [WARNING:library_prefetcher.cc(270)] Cannot prefetch the library. status = 1
04-13 14:27:49.687 E/chromium(30459): [ERROR:filesystem_posix.cc(62)] mkdir : No such file or directory (2)
04-13 14:27:49.767 I/chromium(30459): [INFO:tin_browser_process_impl.cc(116)] Init
04-13 14:27:49.878 I/chromium(30459): [INFO:extension_system_impl.cc(201)] Init extensions_enabled:1
04-13 14:27:49.880 I/chromium(30459): [INFO:extension_service.cc(512)] Init
04-13 14:27:49.938 I/chromium(30459): [INFO:permissions_updater.cc(704)] NotifyDefaultPolicyHostRestrictionsUpdated
04-13 14:27:50.113 I/chromium(30459): [INFO:tin_anti_tracking_controller.cc(32)] [IAT] Initializing feature data structures.
04-13 14:27:50.162 I/chromium(30459): [INFO:tin_anti_tracking_preferences.cc(76)] [IAT]  state = 0 anti_tracking_gc = 1 bounce_gc = 1 storage_access_state = 2 cs cookie cap state = 1
04-13 14:27:50.215 I/chromium(30459): [INFO:tin_extensions_loader.cc(379)] GetMaskedExtensionsList Not an ext: ahfgeienlihckogmohjhadlkjgocpleb
04-13 14:27:50.220 I/CIRISApiClient(28505): [getConfigurationSessionStatus] Getting session status for: 694751dd-3edb-4eb9-9920-35f468b1fc30
04-13 14:27:50.250 I/chromium(30459): [INFO:tin_extension_util.cc(156)] IsInstalledInNative Extension Not Installed: khmmfcceknncifmkiimjnnjldibgajpl
04-13 14:27:50.255 I/chromium(30459): [INFO:tin_extension_util.cc(156)] IsInstalledInNative Extension Not Installed: khmmfcceknncifmkiimjnnjldibgajpl
04-13 14:27:50.337 I/chromium(30459): [INFO:tin_extension_util.cc(156)] IsInstalledInNative Extension Not Installed: khmmfcceknncifmkiimjnnjldibgajpl
04-13 14:27:50.807 I/chromium(30459): [INFO:layer_tree_host_impl.cc(198)] SBRTOUCHLOG DidVisibilityChange = 0
04-13 14:27:50.808 I/chromium(30459): [INFO:layer_tree_host_impl.cc(198)] SBRTOUCHLOG DidVisibilityChange = 1
04-13 14:27:50.837 I/CIRISApiClient(28505): [listAdapters] Listing adapters
04-13 14:27:50.839 I/chromium(30459): [INFO:browser_gpu_channel_host_factory.cc(364)] EstablishGpuChannel: establishing gpu_channel
04-13 14:27:50.846 I/chromium(30459): [INFO:tin_bfcache_controller.cc(133)] SetConfigSetting BFCACHELOG BFCacheTimeToLive : 180
04-13 14:27:50.846 I/chromium(30459): [INFO:tin_bfcache_controller.cc(133)] SetConfigSetting BFCACHELOG BFCacheRefreshAllowCount : 3
04-13 14:27:50.846 I/chromium(30459): [INFO:tin_bfcache_controller.cc(133)] SetConfigSetting BFCACHELOG BFCacheRefreshCheckingTime : 30
04-13 14:27:51.013 I/chromium(30459): [INFO:layer_tree_impl.cc(1205)] DidUpdatePageScale IsActiveTree: 1 ScaleFactor: 1
04-13 14:27:51.036 E/chromium(30459): [ERROR:tin_metadata_controller.cc(42)] [IAT] No feature prefs found in metadata.
04-13 14:27:51.036 I/chromium(30459): [INFO:tin_whitelist_controller.cc(50)] [IAT] Allowlist-0 Parse succeeded with v1.0
04-13 14:27:51.036 I/chromium(30459): [INFO:tin_whitelist_controller.cc(100)] [IAT] Allowlist-1 Parse succeeded with v1.0
04-13 14:27:51.036 E/chromium(30459): [ERROR:tin_whitelist_controller.cc(159)] [IAT] Allowlist-2 not found in v0.0
04-13 14:27:51.036 I/chromium(30459): [INFO:tin_whitelist_controller.cc(104)] [IAT] Allowlist parse succeeded with JSON v1.0
04-13 14:27:51.037 I/chromium(30459): [INFO:tin_blacklist_controller.cc(47)] [IAT] Blocklist parse succeeded with JSON v1.0
04-13 14:27:51.037 I/chromium(30459): [INFO:tin_referrer_whitelist_controller.cc(44)] [IAT] Referrer whitelist parse succeeded
04-13 14:27:51.213 I/CIRISApiClient(28505): [getConfigurationSessionStatus] Session status: step=1/5, status=awaiting_oauth, stepType=oauth
04-13 14:27:51.214 I/CIRISApiClient(28505): [getConfigurationSessionStatus] Collected config keys: [base_url, callback_base_url]
04-13 14:27:51.377 I/chromium(30459): [INFO:tin_six_tab_helper.cc(311)] OnTabStateLoaded
04-13 14:27:51.461 I/chromium(30459): [INFO:tin_six_tab_helper.cc(84)] OnCurrentTabChanged 0,12
04-13 14:27:51.461 I/chromium(30459): [INFO:tin_six_tab_helper.cc(1329)] GetWebContentsAtImpl Failed to find: 12 in: 0 entries.
04-13 14:27:51.461 I/chromium(30459): [INFO:tin_six_tab_helper.cc(736)] InsertWebContentsAt 0,12 :0xc1425500
04-13 14:27:51.461 I/chromium(30459): [INFO:tin_six_tab_helper.cc(640)] ForceActivateTabAt 0,12
04-13 14:27:51.563 I/chromium(30459): [INFO:render_widget_host_impl.cc(843)] SBRTOUCHLOG  RenderWidgetHostImpl::WasShown
04-13 14:27:51.563 W/chromium(30459): [WARNING:window_android.cc(109)] TAB-STATUS observer added
04-13 14:27:51.579 W/chromium(30459): [WARNING:render_widget_host_view_android.cc(1906)] TAB-STATUS it is still showing
04-13 14:27:51.579 W/chromium(30459): [WARNING:window_android.cc(123)] TAB-STATUS observer removed
04-13 14:27:51.579 W/chromium(30459): [WARNING:window_android.cc(109)] TAB-STATUS observer added
04-13 14:27:51.581 I/chromium(30459): [INFO:tin_six_tab_helper.cc(621)] ActivateTabAt 0,12
04-13 14:27:51.635 I/chromium(30459): [INFO:tin_auto_https_upgrade_throttle.cc(208)] AutoHTTPSUpgrade
04-13 14:27:51.637 I/chromium(30459): [INFO:tin_anti_tracking_service.cc(40)] [IAT] Service init done. IsOffTheRecord 0
04-13 14:27:51.793 I/chromium(30459): [INFO:tin_auto_https_upgrade_throttle.cc(261)] AutoHTTPSUpgrade  GetNetErrorCode = -105
04-13 14:27:51.793 I/chromium(30459): [INFO:tin_auto_https_upgrade_throttle.cc(411)] AutoHTTPSUpgrade  FallbackToHttp
04-13 14:27:51.794 I/chromium(30459): [INFO:tin_auto_https_upgrade_monitor.cc(27)] AutoHTTPSUpgrade  FallbackList  size = 2
04-13 14:27:51.815 I/chromium(30459): [INFO:tin_six_tab_helper.cc(621)] ActivateTabAt 0,12
04-13 14:27:51.821 I/chromium(30459): [INFO:tin_six_tab_helper.cc(621)] ActivateTabAt 0,12
04-13 14:27:51.843 I/chromium(30459): [INFO:ui_resource_layer_manager.cc(290)] CC-HideUrlbar: EnableUIResourceLayer LayerType: 1 Drawable true
04-13 14:27:52.218 I/CIRISApiClient(28505): [getConfigurationSessionStatus] Getting session status for: 694751dd-3edb-4eb9-9920-35f468b1fc30
04-13 14:27:52.230 I/CIRISApiClient(28505): [getConfigurationSessionStatus] Getting session status for: 694751dd-3edb-4eb9-9920-35f468b1fc30
04-13 14:27:52.301 I/chromium(30459): [INFO:ui_resource_layer_manager.cc(290)] CC-HideUrlbar: EnableUIResourceLayer LayerType: 0 Drawable true
04-13 14:27:52.414 I/chromium(30459): [INFO:tin_six_tab_helper.cc(621)] ActivateTabAt 0,12
04-13 14:27:52.492 I/chromium(30510): [INFO:dispatcher.cc(1571)] CreateBindingsSystem
04-13 14:27:52.567 I/chromium(30510): [INFO:layer_tree_host_impl.cc(198)] SBRTOUCHLOG DidVisibilityChange = 0
04-13 14:27:52.568 I/chromium(30510): [INFO:layer_tree_host_impl.cc(4001)] SBRTOUCHLOG SetDeferCommitFlagForDebug = 1
04-13 14:27:52.599 I/chromium(30510): [INFO:tin_anti_tracking_renderer_url_loader_throttle_helper.cc(31)] [IAT] set delegate th 0xc5e80120 td 0xc7262da0
04-13 14:27:52.599 I/chromium(30510): [INFO:tin_smart_protect_renderer.cc(16)] TinSmartProtectRenderer
04-13 14:27:52.602 I/chromium(30510): [INFO:tin_smart_protect_renderer.cc(33)] BindPendingReceiver bound=1
04-13 14:27:52.603 I/chromium(30510): [INFO:layer_tree_host_impl.cc(198)] SBRTOUCHLOG DidVisibilityChange = 1
04-13 14:27:52.612 I/chromium(30510): [INFO:memory_cache.cc(126)] MemoryCache MemberMemoryCache is disabled
04-13 14:27:54.242 I/CIRISApiClient(28505): [getConfigurationSessionStatus] Getting session status for: 694751dd-3edb-4eb9-9920-35f468b1fc30
04-13 14:27:54.462 D/EnvFileUpdater(28505): Found CIRIS_HOME from env: /data/user/0/ai.ciris.mobile.debug/files/ciris
04-13 14:27:54.631 I/chromium(30459): [INFO:render_process_host_impl.cc(4491)] [Renderer][Exit] ChildProcessLauncher::OnChildProcessDied called through JNI pid = 30639, renderer_id =0
04-13 14:27:54.707 I/CIRISApiClient(28505): [getConfigurationSessionStatus] Session status: step=1/5, status=awaiting_oauth, stepType=oauth
04-13 14:27:54.709 I/CIRISApiClient(28505): [getConfigurationSessionStatus] Collected config keys: [base_url, callback_base_url]
04-13 14:27:55.254 I/chromium(30664): [INFO:dispatcher.cc(1571)] CreateBindingsSystem
04-13 14:27:55.274 I/chromium(30664): [INFO:layer_tree_host_impl.cc(198)] SBRTOUCHLOG DidVisibilityChange = 0
