04-13 14:34:35.322 D/MainActivity(31480): Verify: ciris_verify_ffi: [INFO] ciris_verify_core::unified: VERIFY STEP 4/6 STARTING: Source validation analysis
04-13 14:34:35.324 D/MainActivity(31480): Verify: ciris_verify_ffi: [INFO] ciris_verify_core::unified: VERIFY STEP 4/6 COMPLETE: 3/3 sources valid (status=AllSourcesAgree)
04-13 14:34:35.324 D/MainActivity(31480): Verify: ciris_verify_ffi: [INFO] ciris_verify_core::unified: VERIFY STEP 5/6 STARTING: Python module integrity
04-13 14:34:35.326 D/MainActivity(31480): Verify: ciris_verify_ffi: [INFO] ciris_verify_core::unified: VERIFY STEP 5/6 COMPLETE: OK (958/958 modules passed)
04-13 14:34:35.327 D/MainActivity(31480): Verify: ciris_verify_ffi: [INFO] ciris_verify_core::unified: VERIFY STEP 6/6 STARTING: Audit trail verification
04-13 14:34:35.329 D/MainActivity(31480): Verify: ciris_verify_ffi: [INFO] ciris_verify_core::unified: VERIFY STEP 6/6 COMPLETE: SKIP (no entries provided)
04-13 14:34:35.332 D/MainActivity(31480): Verify: ciris_verify_ffi: [INFO] ciris_verify_core::unified: VERIFY PHASE 2/2 COMPLETE: All local checks done
04-13 14:34:35.335 D/MainActivity(31480): Verify: ciris_verify_ffi: [INFO] ciris_verify_core::unified: VERIFY ATTESTATION COMPLETE: level=1, valid=false, checks=5/6, time=1843ms
04-13 14:34:35.342 D/MainActivity(31480): Verify: ciris_verify_ffi: [INFO] ciris_keyring::platform::android: VERIFY key_exists check - phase 1 (file/wrapper check), wrapper_alias=agent_signing_aes_wrapper, encrypted_key_path="/data/data/ai.ciris.mobile.debug/files/ciris/data/agent_signing.ed25519.enc", wrapper_exists=true, file_exists=true
04-13 14:34:35.344 D/MainActivity(31480): Verify: ciris_verify_ffi: [INFO] ciris_keyring::platform::android: VERIFY key_exists check - phase 2 PASSED (key can be decrypted), wrapper_alias=agent_signing_aes_wrapper
04-13 14:34:35.346 D/MainActivity(31480): Verify: ciris_verify_ffi: [INFO] ciris_keyring::software: VERIFY MutableEd25519Signer::has_key - hardware wrapper check, has_key=true, hardware_backed=true, ciris_data_dir=Some("/data/data/ai.ciris.mobile.debug/files/ciris")
04-13 14:34:35.353 D/MainActivity(31480): Verify: ciris_verify_ffi: [INFO] ciris_keyring::platform::android: VERIFY key_exists check - phase 1 (file/wrapper check), wrapper_alias=agent_signing_aes_wrapper, encrypted_key_path="/data/data/ai.ciris.mobile.debug/files/ciris/data/agent_signing.ed25519.enc", wrapper_exists=true, file_exists=true
04-13 14:34:35.355 D/MainActivity(31480): Verify: ciris_verify_ffi: [INFO] ciris_keyring::platform::android: VERIFY key_exists check - phase 2 PASSED (key can be decrypted), wrapper_alias=agent_signing_aes_wrapper
04-13 14:34:35.356 D/EnvFileUpdater(31480): Found CIRIS_HOME from env: /data/user/0/ai.ciris.mobile.debug/files/ciris
04-13 14:34:35.467 I/python.stdout(31480): VERIFY Unified attestation complete, valid=false, level=1, level_pending=false, checks_passed=4, checks_total=5
04-13 14:34:35.469 D/MainActivity(31480): Verify: VERIFY Unified attestation complete, valid=false, level=1, level_pending=false, checks_passed=4, checks_total=5
04-13 14:34:35.546 I/InteractViewModel(31480): [fetchTrustStatus] Level pending changed: true -> false
04-13 14:34:35.547 I/InteractViewModel(31480): [startTrustPendingPolling] Trust status refreshed after device attestation
04-13 14:34:36.221 I/InteractViewModel(31480): [startTrustPendingPolling] Level pending=false (level=1/5), stopping fast poll
04-13 14:34:40.745 D/CIRISApp(31480): [INIT] CIRISApp composable invoked - googleSignInCallback=PRESENT (245222836)
04-13 14:34:40.747 I/InteractViewModel(31480): [setDeviceAttestationCallback] Device attestation callback SET
04-13 14:34:40.951 I/SettingsViewModel(31480): [loadLlmConfig] Loading LLM configuration
04-13 14:34:42.184 I/SettingsViewModel(31480): [loadLlmConfig] LLM config loaded from API: provider=other, isCirisProxy=true, model=default
04-13 14:34:42.187 I/SettingsViewModel(31480): [loadLlmConfig] Configuration loaded successfully from API
04-13 14:34:45.357 D/EnvFileUpdater(31480): Found CIRIS_HOME from env: /data/user/0/ai.ciris.mobile.debug/files/ciris
04-13 14:34:55.358 D/EnvFileUpdater(31480): Found CIRIS_HOME from env: /data/user/0/ai.ciris.mobile.debug/files/ciris
04-13 14:34:59.277 D/CIRISApp(31480): [INIT] CIRISApp composable invoked - googleSignInCallback=PRESENT (245222836)
04-13 14:34:59.279 I/InteractViewModel(31480): [setDeviceAttestationCallback] Device attestation callback SET
04-13 14:34:59.291 D/CIRISApp(31480): [CIRISApp] >>> liveBackgroundEnabled=true, apiClient=present
04-13 14:34:59.584 I/CIRISApiClient(31480): [getGraphData] >>> START: hours=24, scope=ALL_SCOPES, type=null, limit=200
04-13 14:34:59.586 I/CIRISApiClient(31480): [getGraphData] Fetching timeline: http://localhost:8080/v1/memory/timeline?hours=24&include_edges=true&include_metrics=false
04-13 14:35:01.965 D/CIRISApp(31480): [INIT] CIRISApp composable invoked - googleSignInCallback=PRESENT (245222836)
04-13 14:35:01.967 I/InteractViewModel(31480): [setDeviceAttestationCallback] Device attestation callback SET
04-13 14:35:02.030 I/CIRISApp(31480): [Screen.Adapters] Fetching adapters and starting polling
04-13 14:35:02.033 I/CIRISApiClient(31480): [listAdapters] Listing adapters
04-13 14:35:02.253 E/CIRISApiClient(31480): [getGraphData] Exception: CancellationException: The coroutine scope left the composition
04-13 14:35:02.253 E/CIRISApiClient(31480): java.util.concurrent.CancellationException: The coroutine scope left the composition
04-13 14:35:02.253 E/CIRISApiClient(31480): 	at io.ktor.client.engine.UtilsKt$attachToUserJob$cleanupHandler$1.invoke(Utils.kt:98)
04-13 14:35:02.253 E/CIRISApiClient(31480): 	at io.ktor.client.engine.UtilsKt$attachToUserJob$cleanupHandler$1.invoke(Utils.kt:96)
04-13 14:35:02.253 E/CIRISApiClient(31480): 	at kotlinx.coroutines.InvokeOnCancelling.invoke(JobSupport.kt:1428)
04-13 14:35:02.253 E/CIRISApiClient(31480): 	at kotlinx.coroutines.JobSupport.notifyCancelling(JobSupport.kt:1473)
04-13 14:35:02.253 E/CIRISApiClient(31480): 	at kotlinx.coroutines.JobSupport.tryMakeCancelling(JobSupport.kt:796)
04-13 14:35:02.253 E/CIRISApiClient(31480): 	at kotlinx.coroutines.JobSupport.makeCancelling(JobSupport.kt:756)
04-13 14:35:02.253 E/CIRISApiClient(31480): 	at kotlinx.coroutines.JobSupport.cancelImpl$kotlinx_coroutines_core(JobSupport.kt:672)
04-13 14:35:02.253 E/CIRISApiClient(31480): 	at kotlinx.coroutines.JobSupport.cancelInternal(JobSupport.kt:633)
04-13 14:35:02.253 E/CIRISApiClient(31480): 	at kotlinx.coroutines.JobSupport.cancel(JobSupport.kt:618)
04-13 14:35:02.253 E/CIRISApiClient(31480): 	at androidx.compose.runtime.LaunchedEffectImpl.onForgotten(Effects.kt:295)
04-13 14:35:02.253 E/CIRISApiClient(31480): 	at androidx.compose.runtime.CompositionImpl$RememberEventDispatcher.dispatchRememberObservers(Composition.kt:1276)
04-13 14:35:02.253 E/CIRISApiClient(31480): 	at androidx.compose.runtime.CompositionImpl.dispose(Composition.kt:769)
04-13 14:35:02.253 E/CIRISApiClient(31480): 	at androidx.compose.ui.layout.LayoutNodeSubcompositionsState.disposeCurrentNodes(SubcomposeLayout.kt:593)
04-13 14:35:02.253 E/CIRISApiClient(31480): 	at androidx.compose.ui.layout.LayoutNodeSubcompositionsState.onRelease(SubcomposeLayout.kt:407)
04-13 14:35:02.253 E/CIRISApiClient(31480): 	at androidx.compose.ui.node.LayoutNode.onRelease(LayoutNode.kt:1362)
04-13 14:35:02.253 E/CIRISApiClient(31480): 	at androidx.compose.runtime.CompositionImpl$RememberEventDispatcher.dispatchRememberObservers(Composition.kt:1281)
04-13 14:35:02.253 E/CIRISApiClient(31480): 	at androidx.compose.runtime.CompositionImpl.applyChangesInLocked(Composition.kt:984)
04-13 14:35:02.253 E/CIRISApiClient(31480): 	at androidx.compose.runtime.CompositionImpl.applyChanges(Composition.kt:1005)
04-13 14:35:02.253 E/CIRISApiClient(31480): 	at androidx.compose.runtime.Recomposer$runRecomposeAndApplyChanges$2$1.invoke(Recomposer.kt:639)
04-13 14:35:02.253 E/CIRISApiClient(31480): 	at androidx.compose.runtime.Recomposer$runRecomposeAndApplyChanges$2$1.invoke(Recomposer.kt:551)
04-13 14:35:02.253 E/CIRISApiClient(31480): 	at androidx.compose.ui.platform.AndroidUiFrameClock$withFrameNanos$2$callback$1.doFrame(AndroidUiFrameClock.android.kt:41)
04-13 14:35:02.253 E/CIRISApiClient(31480): 	at androidx.compose.ui.platform.AndroidUiDispatcher.performFrameDispatch(AndroidUiDispatcher.android.kt:109)
04-13 14:35:02.253 E/CIRISApiClient(31480): 	at androidx.compose.ui.platform.AndroidUiDispatcher.access$performFrameDispatch(AndroidUiDispatcher.android.kt:41)
04-13 14:35:02.253 E/CIRISApiClient(31480): 	at androidx.compose.ui.platform.AndroidUiDispatcher$dispatchCallback$1.doFrame(AndroidUiDispatcher.android.kt:69)
04-13 14:35:02.253 E/CIRISApiClient(31480): 	at android.view.Choreographer$CallbackRecord.run(Choreographer.java:928)
04-13 14:35:02.253 E/CIRISApiClient(31480): 	at android.view.Choreographer.doCallbacks(Choreographer.java:705)
04-13 14:35:02.253 E/CIRISApiClient(31480): 	at android.view.Choreographer.doFrame(Choreographer.java:637)
04-13 14:35:02.253 E/CIRISApiClient(31480): 	at android.view.Choreographer$FrameDisplayEventReceiver.run(Choreographer.java:916)
04-13 14:35:02.253 E/CIRISApiClient(31480): 	at android.os.Handler.handleCallback(Handler.java:751)
04-13 14:35:02.253 E/CIRISApiClient(31480): 	at android.os.Handler.dispatchMessage(Handler.java:95)
04-13 14:35:02.253 E/CIRISApiClient(31480): 	at android.os.Looper.loop(Looper.java:154)
04-13 14:35:02.253 E/CIRISApiClient(31480): 	at android.app.ActivityThread.main(ActivityThread.java:6816)
04-13 14:35:02.253 E/CIRISApiClient(31480): 	at java.lang.reflect.Method.invoke(Native Method)
04-13 14:35:02.253 E/CIRISApiClient(31480): 	at com.android.internal.os.ZygoteInit$MethodAndArgsCaller.run(ZygoteInit.java:1563)
04-13 14:35:02.253 E/CIRISApiClient(31480): 	at com.android.internal.os.ZygoteInit.main(ZygoteInit.java:1451)
04-13 14:35:05.359 D/EnvFileUpdater(31480): Found CIRIS_HOME from env: /data/user/0/ai.ciris.mobile.debug/files/ciris
04-13 14:35:06.253 I/CIRISApiClient(31480): [getAdapterDetails] Fetching adapter details: weather
04-13 14:35:06.997 I/CIRISApiClient(31480): [listAdapters] API response: total=8, running=8, adapters.size=8
04-13 14:35:06.998 I/CIRISApiClient(31480): [listAdapters]   API adapter[0]: id=cirisverify_bootstrap, type=cirisverify, running=true, needsReauth=false, hasAuthStep=false
04-13 14:35:07.000 I/CIRISApiClient(31480): [listAdapters]   API adapter[1]: id=wallet_bootstrap, type=wallet, running=true, needsReauth=false, hasAuthStep=false
04-13 14:35:07.001 I/CIRISApiClient(31480): [listAdapters]   API adapter[2]: id=api_bootstrap, type=api, running=true, needsReauth=false, hasAuthStep=false
04-13 14:35:07.003 I/CIRISApiClient(31480): [listAdapters]   API adapter[3]: id=ciris_accord_metrics, type=ciris_accord_metrics, running=true, needsReauth=false, hasAuthStep=false
04-13 14:35:07.004 I/CIRISApiClient(31480): [listAdapters]   API adapter[4]: id=ciris_hosted_tools, type=ciris_hosted_tools, running=true, needsReauth=false, hasAuthStep=false
04-13 14:35:07.006 I/CIRISApiClient(31480): [listAdapters]   API adapter[5]: id=weather, type=weather, running=true, needsReauth=false, hasAuthStep=false
04-13 14:35:07.007 I/CIRISApiClient(31480): [listAdapters]   API adapter[6]: id=home_assistant, type=home_assistant, running=true, needsReauth=true, hasAuthStep=true
04-13 14:35:07.009 I/CIRISApiClient(31480): [listAdapters]   API adapter[7]: id=navigation, type=navigation, running=true, needsReauth=false, hasAuthStep=false
04-13 14:35:08.880 I/CIRISApiClient(31480): [getAdapterDetails] Adapter details received: adapterId=weather, services=5, tools=4
04-13 14:35:09.090 I/CIRISApiClient(31480): [getWAStatus] Fetching WA status
04-13 14:35:10.211 I/CIRISApiClient(31480): [getWAStatus] WA Status: healthy=true, activeWAs=1, pendingDeferrals=0, deferrals24h=0, subscribers=2
04-13 14:35:12.041 I/CIRISApiClient(31480): [listAdapters] Listing adapters
04-13 14:35:15.369 D/EnvFileUpdater(31480): Found CIRIS_HOME from env: /data/user/0/ai.ciris.mobile.debug/files/ciris
04-13 14:35:15.712 I/CIRISApp(31480): [Screen.Adapters] Navigating back to Interact
04-13 14:35:15.717 D/CIRISApp(31480): [INIT] CIRISApp composable invoked - googleSignInCallback=PRESENT (245222836)
04-13 14:35:15.718 I/InteractViewModel(31480): [setDeviceAttestationCallback] Device attestation callback SET
04-13 14:35:15.725 D/CIRISApp(31480): [CIRISApp] >>> liveBackgroundEnabled=true, apiClient=present
04-13 14:35:15.748 I/CIRISApp(31480): [Screen.Adapters] Stopping adapter polling
04-13 14:35:15.757 E/CIRISApiClient(31480): [listAdapters] Exception: JobCancellationException: StandaloneCoroutine was cancelled
04-13 14:35:15.757 E/CIRISApiClient(31480): kotlinx.coroutines.JobCancellationException: StandaloneCoroutine was cancelled; job=StandaloneCoroutine{Cancelling}@14d43ec
04-13 14:35:15.962 I/CIRISApiClient(31480): [getGraphData] >>> START: hours=24, scope=ALL_SCOPES, type=null, limit=200
04-13 14:35:15.964 I/CIRISApiClient(31480): [getGraphData] Fetching timeline: http://localhost:8080/v1/memory/timeline?hours=24&include_edges=true&include_metrics=false
04-13 14:35:17.444 I/CIRISApiClient(31480): [getGraphData] <<< DONE in 1482ms (single API call)
04-13 14:35:17.446 I/CIRISApiClient(31480): [getGraphData]     Nodes: 152 ({local=110, identity=42})
04-13 14:35:17.447 I/CIRISApiClient(31480): [getGraphData]     Edges: 0 total, 0 visible
04-13 14:35:17.449 I/CIRISApiClient(31480): [getGraphData]     Edge types: {}
04-13 14:35:17.450 I/CIRISApiClient(31480): [getGraphData]     INFO: No edges found - nodes may not have relationships yet
04-13 14:35:19.426 D/CIRISApp(31480): [INIT] CIRISApp composable invoked - googleSignInCallback=PRESENT (245222836)
04-13 14:35:19.427 I/InteractViewModel(31480): [setDeviceAttestationCallback] Device attestation callback SET
04-13 14:35:19.603 I/CIRISApp(31480): [Screen.EnvironmentInfo] Loading environment info on screen entry
04-13 14:35:19.607 I/CIRISApiClient(31480): [queryEnvironmentItems] Querying environment items
04-13 14:35:19.771 I/chromium(30664): [INFO:frame_loader.cc(274)] LoaderLog  SetDefersLoading  DeferType = 0
04-13 14:35:22.925 I/CIRISApiClient(31480): [queryEnvironmentItems] Fetched 0 environment items
04-13 14:35:22.929 I/CIRISApiClient(31480): [getContextEnrichment] Fetching context enrichment cache
04-13 14:35:24.076 I/CIRISApiClient(31480): [getContextEnrichment] Context enrichment fetched: 4 entries, hitRate=64.0%
04-13 14:35:25.370 D/EnvFileUpdater(31480): Found CIRIS_HOME from env: /data/user/0/ai.ciris.mobile.debug/files/ciris
04-13 14:35:33.021 D/CIRISApp(31480): [INIT] CIRISApp composable invoked - googleSignInCallback=PRESENT (245222836)
04-13 14:35:33.022 I/InteractViewModel(31480): [setDeviceAttestationCallback] Device attestation callback SET
04-13 14:35:33.031 D/CIRISApp(31480): [CIRISApp] >>> liveBackgroundEnabled=true, apiClient=present
04-13 14:35:33.232 I/CIRISApiClient(31480): [getGraphData] >>> START: hours=24, scope=ALL_SCOPES, type=null, limit=200
04-13 14:35:33.234 I/CIRISApiClient(31480): [getGraphData] Fetching timeline: http://localhost:8080/v1/memory/timeline?hours=24&include_edges=true&include_metrics=false
04-13 14:35:35.371 D/EnvFileUpdater(31480): Found CIRIS_HOME from env: /data/user/0/ai.ciris.mobile.debug/files/ciris
04-13 14:35:36.038 I/CIRISApiClient(31480): [getGraphData] <<< DONE in 2806ms (single API call)
04-13 14:35:36.039 I/CIRISApiClient(31480): [getGraphData]     Nodes: 152 ({local=110, identity=42})
04-13 14:35:36.041 I/CIRISApiClient(31480): [getGraphData]     Edges: 0 total, 0 visible
04-13 14:35:36.042 I/CIRISApiClient(31480): [getGraphData]     Edge types: {}
04-13 14:35:36.043 I/CIRISApiClient(31480): [getGraphData]     INFO: No edges found - nodes may not have relationships yet
04-13 14:35:38.156 D/CIRISApp(31480): [INIT] CIRISApp composable invoked - googleSignInCallback=PRESENT (245222836)
04-13 14:35:38.157 I/InteractViewModel(31480): [setDeviceAttestationCallback] Device attestation callback SET
04-13 14:35:38.201 I/CIRISApp(31480): [Screen.Adapters] Fetching adapters and starting polling
04-13 14:35:38.203 I/CIRISApiClient(31480): [listAdapters] Listing adapters
04-13 14:35:39.958 I/CIRISApiClient(31480): [listAdapters] API response: total=8, running=8, adapters.size=8
04-13 14:35:39.960 I/CIRISApiClient(31480): [listAdapters]   API adapter[0]: id=cirisverify_bootstrap, type=cirisverify, running=true, needsReauth=false, hasAuthStep=false
04-13 14:35:39.961 I/CIRISApiClient(31480): [listAdapters]   API adapter[1]: id=wallet_bootstrap, type=wallet, running=true, needsReauth=false, hasAuthStep=false
04-13 14:35:39.962 I/CIRISApiClient(31480): [listAdapters]   API adapter[2]: id=api_bootstrap, type=api, running=true, needsReauth=false, hasAuthStep=false
04-13 14:35:39.964 I/CIRISApiClient(31480): [listAdapters]   API adapter[3]: id=ciris_accord_metrics, type=ciris_accord_metrics, running=true, needsReauth=false, hasAuthStep=false
04-13 14:35:39.965 I/CIRISApiClient(31480): [listAdapters]   API adapter[4]: id=ciris_hosted_tools, type=ciris_hosted_tools, running=true, needsReauth=false, hasAuthStep=false
04-13 14:35:39.966 I/CIRISApiClient(31480): [listAdapters]   API adapter[5]: id=weather, type=weather, running=true, needsReauth=false, hasAuthStep=false
04-13 14:35:39.967 I/CIRISApiClient(31480): [listAdapters]   API adapter[6]: id=home_assistant, type=home_assistant, running=true, needsReauth=true, hasAuthStep=true
04-13 14:35:39.969 I/CIRISApiClient(31480): [listAdapters]   API adapter[7]: id=navigation, type=navigation, running=true, needsReauth=false, hasAuthStep=false
04-13 14:35:40.637 I/CIRISApp(31480): [Screen.Adapters] Re-auth for: home_assistant, authStepId=oauth
04-13 14:35:40.641 I/CIRISApiClient(31480): [startAdapterConfiguration] Starting configuration for adapter type: home_assistant, startStepId: oauth
04-13 14:35:43.815 I/CIRISApiClient(31480): [startAdapterConfiguration] Config session started: sessionId=c81f09cf-1c6e-4c4e-9129-2134a9c6466c, step=1/5
04-13 14:35:44.873 I/CIRISApp(31480): [AdapterWizard] Initiating OAuth
04-13 14:35:44.889 I/CIRISApiClient(31480): [executeConfigurationStep] === EXECUTE CONFIG STEP ===
04-13 14:35:44.891 I/CIRISApiClient(31480): [executeConfigurationStep] Session: c81f09cf-1c6e-4c4e-9129-2134a9c6466c
04-13 14:35:44.893 I/CIRISApiClient(31480): [executeConfigurationStep] Step data keys: [callback_base_url]
04-13 14:35:44.895 I/CIRISApiClient(31480): [executeConfigurationStep] Step data values: {callback_base_url=http://127.0.0.1:8080}
04-13 14:35:45.373 D/EnvFileUpdater(31480): Found CIRIS_HOME from env: /data/user/0/ai.ciris.mobile.debug/files/ciris
04-13 14:35:47.659 I/CIRISApiClient(31480): [executeConfigurationStep] Response HTTP status: 200
04-13 14:35:47.667 I/CIRISApiClient(31480): [executeConfigurationStep] Response data: success=true, error=null, nextStepIndex=null
04-13 14:35:47.668 I/CIRISApiClient(31480): [executeConfigurationStep] Response data keys: [oauth_url, code_challenge]
04-13 14:35:47.671 I/CIRISApiClient(31480): [executeConfigurationStep] Response data.data: oauth_url="http://homeassistant.local:8123/auth/authorize?client_id=http%3A%2F%2F127.0.0.1%3A8080&redirect_uri, code_challenge="rjvwB0BdXaXyu60QhDAMJ6HOXqPJHpW2DwQd9wxibCM"
04-13 14:35:47.673 I/CIRISApiClient(31480): [executeConfigurationStep] Step result: success=true, nextStep=null, isDiscovery=false, isComplete=false
04-13 14:35:47.674 I/CIRISApiClient(31480): [executeConfigurationStep] === OAUTH URL EXTRACTION ===
04-13 14:35:47.676 I/CIRISApiClient(31480): [executeConfigurationStep] oauth_url present in data: true
04-13 14:35:47.677 I/CIRISApiClient(31480): [executeConfigurationStep] awaiting_callback present in data: false
04-13 14:35:47.678 I/CIRISApiClient(31480): [executeConfigurationStep] Extracted OAuth URL (full): http://homeassistant.local:8123/auth/authorize?client_id=http%3A%2F%2F127.0.0.1%3A8080&redirect_uri=http%3A%2F%2F127.0.0.1%3A8080%2Fv1%2Fsystem%2Fadapters%2Fconfigure%2Fc81f09cf-1c6e-4c4e-9129-2134a9c6466c%2Foauth%2Fcallback&response_type=code&state=c81f09cf-1c6e-4c4e-9129-2134a9c6466c&code_challenge=VBemvnlYbSvb9GOW4PkjJEJzJWXKcpO0D37AUzlIQuw&code_challenge_method=S256
04-13 14:35:47.680 I/CIRISApiClient(31480): [executeConfigurationStep] awaitingCallback: false
04-13 14:35:47.942 I/CIRISApiClient(31480): [getWAStatus] Fetching WA status
04-13 14:35:48.210 I/CIRISApiClient(31480): [listAdapters] Listing adapters
04-13 14:35:48.420 I/chromium(30459): [INFO:tin_six_tab_helper.cc(147)] OnTabAdded
04-13 14:35:48.420 I/chromium(30459): [INFO:tin_six_tab_helper.cc(736)] InsertWebContentsAt 0,13 :0xc6984700
04-13 14:35:48.492 I/chromium(30459): [INFO:tin_six_tab_helper.cc(84)] OnCurrentTabChanged 0,13
04-13 14:35:48.492 I/chromium(30459): [INFO:tin_six_tab_helper.cc(640)] ForceActivateTabAt 0,13
04-13 14:35:48.550 I/chromium(30459): [INFO:render_widget_host_impl.cc(843)] SBRTOUCHLOG  RenderWidgetHostImpl::WasShown
04-13 14:35:48.553 W/chromium(30459): [WARNING:window_android.cc(109)] TAB-STATUS observer added
04-13 14:35:48.554 W/chromium(30459): [WARNING:render_widget_host_view_android.cc(1906)] TAB-STATUS it is still showing
04-13 14:35:48.554 W/chromium(30459): [WARNING:window_android.cc(123)] TAB-STATUS observer removed
04-13 14:35:48.554 W/chromium(30459): [WARNING:window_android.cc(109)] TAB-STATUS observer added
04-13 14:35:48.555 I/chromium(30459): [INFO:tin_six_tab_helper.cc(621)] ActivateTabAt 0,13
04-13 14:35:48.596 I/chromium(30459): [INFO:tin_auto_https_upgrade_throttle.cc(208)] AutoHTTPSUpgrade
04-13 14:35:48.667 I/chromium(30459): [INFO:tin_auto_https_upgrade_throttle.cc(261)] AutoHTTPSUpgrade  GetNetErrorCode = -105
04-13 14:35:48.667 I/chromium(30459): [INFO:tin_auto_https_upgrade_throttle.cc(411)] AutoHTTPSUpgrade  FallbackToHttp
04-13 14:35:48.685 I/chromium(30459): [INFO:tin_six_tab_helper.cc(621)] ActivateTabAt 0,13
04-13 14:35:48.692 I/chromium(30459): [INFO:tin_six_tab_helper.cc(621)] ActivateTabAt 0,13
04-13 14:35:48.695 I/chromium(30664): [INFO:layer_tree_host_impl.cc(198)] SBRTOUCHLOG DidVisibilityChange = 0
04-13 14:35:48.696 I/chromium(30664): [INFO:layer_tree_host_impl.cc(4001)] SBRTOUCHLOG SetDeferCommitFlagForDebug = 1
04-13 14:35:48.699 I/chromium(30664): [INFO:tin_anti_tracking_renderer_url_loader_throttle_helper.cc(31)] [IAT] set delegate th 0xc5a07d40 td 0xc7260780
04-13 14:35:48.699 I/chromium(30664): [INFO:tin_smart_protect_renderer.cc(16)] TinSmartProtectRenderer
04-13 14:35:48.699 I/chromium(30664): [INFO:tin_smart_protect_renderer.cc(33)] BindPendingReceiver bound=1
04-13 14:35:48.702 I/chromium(30664): [INFO:tin_anti_tracking_renderer_url_loader_throttle_helper.cc(38)] [IAT] detector destroyed 0xc7260780
04-13 14:35:48.702 I/CIRISApiClient(31480): [getConfigurationSessionStatus] Getting session status for: c81f09cf-1c6e-4c4e-9129-2134a9c6466c
04-13 14:35:48.796 I/chromium(30459): [INFO:tin_six_tab_helper.cc(84)] OnCurrentTabChanged 0,13
04-13 14:35:48.796 I/chromium(30459): [INFO:tin_six_tab_helper.cc(640)] ForceActivateTabAt 0,13
04-13 14:35:48.820 I/chromium(30459): [INFO:layer_tree_host_impl.cc(198)] SBRTOUCHLOG DidVisibilityChange = 1
04-13 14:35:48.850 I/chromium(30459): [INFO:browser_gpu_channel_host_factory.cc(364)] EstablishGpuChannel: establishing gpu_channel
04-13 14:35:48.865 I/chromium(30459): [INFO:browser_gpu_channel_host_factory.cc(391)] EstablishGpuChannel: gpu_channel_ exists run callback 0xc690f900
04-13 14:35:48.883 I/chromium(30459): [INFO:ui_resource_layer_manager.cc(290)] CC-HideUrlbar: EnableUIResourceLayer LayerType: 0 Drawable true
04-13 14:35:48.891 I/chromium(30459): [INFO:tin_six_tab_helper.cc(84)] OnCurrentTabChanged 0,13
04-13 14:35:48.891 I/chromium(30459): [INFO:tin_six_tab_helper.cc(640)] ForceActivateTabAt 0,13
04-13 14:35:48.893 I/chromium(30459): [INFO:tin_six_tab_helper.cc(84)] OnCurrentTabChanged 0,13
04-13 14:35:48.893 I/chromium(30459): [INFO:tin_six_tab_helper.cc(640)] ForceActivateTabAt 0,13
04-13 14:35:48.924 I/chromium(30459): [INFO:ui_resource_layer_manager.cc(290)] CC-HideUrlbar: EnableUIResourceLayer LayerType: 1 Drawable true
04-13 14:35:49.244 I/chromium(30664): [INFO:layer_tree_host_impl.cc(198)] SBRTOUCHLOG DidVisibilityChange = 0
04-13 14:35:49.245 I/chromium(30664): [INFO:layer_tree_host_impl.cc(4001)] SBRTOUCHLOG SetDeferCommitFlagForDebug = 1
04-13 14:35:49.245 I/chromium(30664): [INFO:layer_tree_host_impl.cc(4001)] SBRTOUCHLOG SetDeferCommitFlagForDebug = 0
04-13 14:35:49.246 I/chromium(30664): [INFO:tin_anti_tracking_renderer_url_loader_throttle_helper.cc(31)] [IAT] set delegate th 0xc5a07d40 td 0xc726a780
04-13 14:35:49.246 I/chromium(30664): [INFO:tin_smart_protect_renderer.cc(16)] TinSmartProtectRenderer
04-13 14:35:49.247 I/chromium(30664): [INFO:tin_smart_protect_renderer.cc(33)] BindPendingReceiver bound=1
04-13 14:35:49.251 I/chromium(30459): [INFO:tin_six_tab_helper.cc(621)] ActivateTabAt 0,13
04-13 14:35:49.256 I/chromium(30664): [INFO:render_frame_impl.cc(2979)] LoaderLog  CommitFailedNavigation  reason = -105
04-13 14:35:49.267 I/chromium(30664): [INFO:layer_tree_host_impl.cc(4001)] SBRTOUCHLOG SetDeferCommitFlagForDebug = 1
04-13 14:35:49.301 I/chromium(30664): [INFO:render_frame_impl.cc(3805)] LoaderLog didCommitProvisionalLoad
04-13 14:35:49.302 W/chromium(30459): [WARNING:window_android.cc(123)] TAB-STATUS observer removed
04-13 14:35:49.304 I/chromium(30459): [INFO:back_forward_cache_impl.cc(675)] BFCACHELOG  CanStorePageNow  result = No: related active contents exist: no BI swap result, HTTP status is not OK, scheme is not HTTP or HTTPS, frame is not fully loaded, main RenderFrameHost doesn't have response headers set, probably due not having successfully committed a navigation.
04-13 14:35:49.304 I/chromium(30459): [INFO:render_widget_host_impl.cc(843)] SBRTOUCHLOG  RenderWidgetHostImpl::WasShown
04-13 14:35:49.304 W/chromium(30459): [WARNING:window_android.cc(109)] TAB-STATUS observer added
04-13 14:35:49.310 I/chromium(30664): [INFO:layer_tree_host_impl.cc(198)] SBRTOUCHLOG DidVisibilityChange = 1
04-13 14:35:49.320 I/chromium(30664): [INFO:layer_tree_host_impl.cc(4001)] SBRTOUCHLOG SetDeferCommitFlagForDebug = 0
04-13 14:35:49.325 I/chromium(30664): [INFO:layer_tree_host_impl.cc(4001)] SBRTOUCHLOG SetDeferCommitFlagForDebug = 1
04-13 14:35:49.364 I/chromium(30664): [INFO:progress_tracker.cc(112)] LoaderLog  FinishedParsing
04-13 14:35:49.381 I/chromium(30664): [INFO:layer_tree_impl.cc(1205)] DidUpdatePageScale IsActiveTree: 0 ScaleFactor: 1
04-13 14:35:49.382 I/chromium(30664): [INFO:render_frame_impl.cc(4027)] LoaderLog didFinishLoad
04-13 14:35:49.383 I/chromium(30664): [INFO:frame_loader.cc(402)] LoaderLog Completed totalBytes = 40008
04-13 14:35:49.383 I/chromium(30664): [INFO:render_frame_impl.cc(5114)] LoaderLog didStopLoading
04-13 14:35:49.388 I/chromium(30459): [INFO:web_contents_impl.cc(6549)] LoaderLog  progress completed
04-13 14:35:49.395 I/chromium(30664): [INFO:layer_tree_impl.cc(1205)] DidUpdatePageScale IsActiveTree: 1 ScaleFactor: 1
04-13 14:35:49.441 I/chromium(30459): [INFO:tin_six_tab_helper.cc(621)] ActivateTabAt 0,13
04-13 14:35:49.807 I/CIRISApiClient(31480): [getConfigurationSessionStatus] Getting session status for: c81f09cf-1c6e-4c4e-9129-2134a9c6466c
04-13 14:35:50.337 I/chromium(30459): [INFO:net_error_auto_reloader.cc(289)] LoaderLog  Auto-Reload  1
04-13 14:35:50.346 I/chromium(30459): [INFO:tin_six_tab_helper.cc(621)] ActivateTabAt 0,13
04-13 14:35:50.451 I/chromium(30459): [INFO:tin_six_tab_helper.cc(621)] ActivateTabAt 0,13
04-13 14:35:50.613 I/CIRISApiClient(31480): [getWAStatus] WA Status: healthy=true, activeWAs=1, pendingDeferrals=0, deferrals24h=0, subscribers=2
04-13 14:35:51.378 I/chromium(30459): [INFO:render_process_host_impl.cc(4491)] [Renderer][Exit] ChildProcessLauncher::OnChildProcessDied called through JNI pid = 994, renderer_id =0
04-13 14:35:51.691 I/CIRISApiClient(31480): [getConfigurationSessionStatus] Session status: step=1/5, status=awaiting_oauth, stepType=oauth
04-13 14:35:51.692 I/CIRISApiClient(31480): [getConfigurationSessionStatus] Collected config keys: [base_url, callback_base_url]
04-13 14:35:51.817 I/CIRISApiClient(31480): [getConfigurationSessionStatus] Getting session status for: c81f09cf-1c6e-4c4e-9129-2134a9c6466c
04-13 14:35:52.699 I/CIRISApiClient(31480): [getConfigurationSessionStatus] Getting session status for: c81f09cf-1c6e-4c4e-9129-2134a9c6466c
04-13 14:35:52.992 I/chromium(30459): [INFO:render_process_host_impl.cc(4491)] [Renderer][Exit] ChildProcessLauncher::OnChildProcessDied called through JNI pid = 1020, renderer_id =0
04-13 14:35:53.825 I/CIRISApiClient(31480): [getConfigurationSessionStatus] Getting session status for: c81f09cf-1c6e-4c4e-9129-2134a9c6466c
04-13 14:35:54.022 I/CIRISApiClient(31480): [getConfigurationSessionStatus] Session status: step=1/5, status=awaiting_oauth, stepType=oauth
04-13 14:35:54.023 I/CIRISApiClient(31480): [getConfigurationSessionStatus] Collected config keys: [base_url, callback_base_url]
04-13 14:35:54.077 I/CIRISApiClient(31480): [listAdapters] API response: total=8, running=8, adapters.size=8
04-13 14:35:54.078 I/CIRISApiClient(31480): [listAdapters]   API adapter[0]: id=cirisverify_bootstrap, type=cirisverify, running=true, needsReauth=false, hasAuthStep=false
04-13 14:35:54.080 I/CIRISApiClient(31480): [listAdapters]   API adapter[1]: id=wallet_bootstrap, type=wallet, running=true, needsReauth=false, hasAuthStep=false
04-13 14:35:54.081 I/CIRISApiClient(31480): [listAdapters]   API adapter[2]: id=api_bootstrap, type=api, running=true, needsReauth=false, hasAuthStep=false
04-13 14:35:54.082 I/CIRISApiClient(31480): [listAdapters]   API adapter[3]: id=ciris_accord_metrics, type=ciris_accord_metrics, running=true, needsReauth=false, hasAuthStep=false
04-13 14:35:54.083 I/CIRISApiClient(31480): [listAdapters]   API adapter[4]: id=ciris_hosted_tools, type=ciris_hosted_tools, running=true, needsReauth=false, hasAuthStep=false
04-13 14:35:54.084 I/CIRISApiClient(31480): [listAdapters]   API adapter[5]: id=weather, type=weather, running=true, needsReauth=false, hasAuthStep=false
04-13 14:35:54.085 I/CIRISApiClient(31480): [listAdapters]   API adapter[6]: id=home_assistant, type=home_assistant, running=true, needsReauth=true, hasAuthStep=true
04-13 14:35:54.086 I/CIRISApiClient(31480): [listAdapters]   API adapter[7]: id=navigation, type=navigation, running=true, needsReauth=false, hasAuthStep=false
04-13 14:35:55.374 D/EnvFileUpdater(31480): Found CIRIS_HOME from env: /data/user/0/ai.ciris.mobile.debug/files/ciris
04-13 14:35:55.421 I/chromium(30459): [INFO:net_error_auto_reloader.cc(289)] LoaderLog  Auto-Reload  2
04-13 14:35:55.428 I/chromium(30459): [INFO:tin_six_tab_helper.cc(621)] ActivateTabAt 0,13
04-13 14:35:55.547 I/chromium(30459): [INFO:tin_six_tab_helper.cc(621)] ActivateTabAt 0,13
04-13 14:35:55.833 I/CIRISApiClient(31480): [getConfigurationSessionStatus] Getting session status for: c81f09cf-1c6e-4c4e-9129-2134a9c6466c
04-13 14:35:56.170 I/CIRISApiClient(31480): [getConfigurationSessionStatus] Session status: step=1/5, status=awaiting_oauth, stepType=oauth
04-13 14:35:56.172 I/CIRISApiClient(31480): [getConfigurationSessionStatus] Collected config keys: [base_url, callback_base_url]
04-13 14:35:57.847 I/CIRISApiClient(31480): [getConfigurationSessionStatus] Getting session status for: c81f09cf-1c6e-4c4e-9129-2134a9c6466c
04-13 14:35:58.091 I/chromium(30459): [INFO:render_process_host_impl.cc(4491)] [Renderer][Exit] ChildProcessLauncher::OnChildProcessDied called through JNI pid = 1048, renderer_id =0
04-13 14:35:58.401 I/CIRISApiClient(31480): [getConfigurationSessionStatus] Session status: step=1/5, status=awaiting_oauth, stepType=oauth
04-13 14:35:58.404 I/CIRISApiClient(31480): [getConfigurationSessionStatus] Collected config keys: [base_url, callback_base_url]
04-13 14:35:59.413 I/CIRISApiClient(31480): [getConfigurationSessionStatus] Getting session status for: c81f09cf-1c6e-4c4e-9129-2134a9c6466c
04-13 14:35:59.583 I/CIRISApiClient(31480): [getConfigurationSessionStatus] Session status: step=1/5, status=awaiting_oauth, stepType=oauth
04-13 14:35:59.585 I/CIRISApiClient(31480): [getConfigurationSessionStatus] Collected config keys: [base_url, callback_base_url]
04-13 14:35:59.594 I/CIRISApiClient(31480): [getConfigurationSessionStatus] Session status: step=1/5, status=awaiting_oauth, stepType=oauth
04-13 14:35:59.595 I/CIRISApiClient(31480): [getConfigurationSessionStatus] Collected config keys: [base_url, callback_base_url]
04-13 14:35:59.856 I/CIRISApiClient(31480): [getConfigurationSessionStatus] Getting session status for: c81f09cf-1c6e-4c4e-9129-2134a9c6466c
04-13 14:36:00.829 I/CIRISApiClient(31480): [getConfigurationSessionStatus] Session status: step=1/5, status=awaiting_oauth, stepType=oauth
04-13 14:36:00.831 I/CIRISApiClient(31480): [getConfigurationSessionStatus] Collected config keys: [base_url, callback_base_url]
04-13 14:36:01.870 I/CIRISApiClient(31480): [getConfigurationSessionStatus] Getting session status for: c81f09cf-1c6e-4c4e-9129-2134a9c6466c
04-13 14:36:02.174 I/CIRISApiClient(31480): [getConfigurationSessionStatus] Session status: step=1/5, status=awaiting_oauth, stepType=oauth
04-13 14:36:02.176 I/CIRISApiClient(31480): [getConfigurationSessionStatus] Collected config keys: [base_url, callback_base_url]
04-13 14:36:03.184 I/CIRISApiClient(31480): [getConfigurationSessionStatus] Getting session status for: c81f09cf-1c6e-4c4e-9129-2134a9c6466c
04-13 14:36:03.323 I/CIRISApiClient(31480): [getConfigurationSessionStatus] Session status: step=1/5, status=awaiting_oauth, stepType=oauth
04-13 14:36:03.324 I/CIRISApiClient(31480): [getConfigurationSessionStatus] Collected config keys: [base_url, callback_base_url]
04-13 14:36:03.882 I/CIRISApiClient(31480): [getConfigurationSessionStatus] Getting session status for: c81f09cf-1c6e-4c4e-9129-2134a9c6466c
04-13 14:36:04.099 I/CIRISApiClient(31480): [listAdapters] Listing adapters
