04-13 14:27:55.275 I/chromium(30664): [INFO:layer_tree_host_impl.cc(4001)] SBRTOUCHLOG SetDeferCommitFlagForDebug = 1
04-13 14:27:55.275 I/chromium(30664): [INFO:layer_tree_host_impl.cc(4001)] SBRTOUCHLOG SetDeferCommitFlagForDebug = 0
04-13 14:27:55.275 I/chromium(30664): [INFO:tin_anti_tracking_renderer_url_loader_throttle_helper.cc(31)] [IAT] set delegate th 0xc5a07d40 td 0xc72630c0
04-13 14:27:55.276 I/chromium(30664): [INFO:tin_smart_protect_renderer.cc(16)] TinSmartProtectRenderer
04-13 14:27:55.276 I/chromium(30664): [INFO:tin_smart_protect_renderer.cc(33)] BindPendingReceiver bound=1
04-13 14:27:55.277 I/chromium(30664): [INFO:render_frame_impl.cc(2979)] LoaderLog  CommitFailedNavigation  reason = -105
04-13 14:27:55.282 I/chromium(30664): [INFO:layer_tree_host_impl.cc(4001)] SBRTOUCHLOG SetDeferCommitFlagForDebug = 1
04-13 14:27:55.325 I/chromium(30664): [INFO:render_frame_impl.cc(3805)] LoaderLog didCommitProvisionalLoad
04-13 14:27:55.329 W/chromium(30459): [WARNING:window_android.cc(123)] TAB-STATUS observer removed
04-13 14:27:55.331 I/chromium(30510): [INFO:layer_tree_host_impl.cc(198)] SBRTOUCHLOG DidVisibilityChange = 0
04-13 14:27:55.333 I/chromium(30459): [INFO:back_forward_cache_impl.cc(675)] BFCACHELOG  CanStorePageNow  result = No: related active contents exist: no BI swap result, HTTP status is not OK, scheme is not HTTP or HTTPS, frame is not fully loaded, main RenderFrameHost doesn't have response headers set, probably due not having successfully committed a navigation.
04-13 14:27:55.333 I/chromium(30459): [INFO:render_widget_host_impl.cc(843)] SBRTOUCHLOG  RenderWidgetHostImpl::WasShown
04-13 14:27:55.334 W/chromium(30459): [WARNING:window_android.cc(109)] TAB-STATUS observer added
04-13 14:27:55.335 I/chromium(30510): [INFO:layer_tree_host_impl.cc(4001)] SBRTOUCHLOG SetDeferCommitFlagForDebug = 0
04-13 14:27:55.349 I/chromium(30510): [INFO:tin_anti_tracking_renderer_url_loader_throttle_helper.cc(38)] [IAT] detector destroyed 0xc7262da0
04-13 14:27:55.375 I/chromium(30664): [INFO:layer_tree_host_impl.cc(198)] SBRTOUCHLOG DidVisibilityChange = 1
04-13 14:27:55.388 I/chromium(30459): [INFO:render_process_host_impl.cc(4491)] [Renderer][Exit] ChildProcessLauncher::OnChildProcessDied called through JNI pid = 30510, renderer_id =0
04-13 14:27:55.392 I/chromium(30664): [INFO:memory_cache.cc(126)] MemoryCache MemberMemoryCache is disabled
04-13 14:27:55.402 I/chromium(30664): [INFO:layer_tree_host_impl.cc(4001)] SBRTOUCHLOG SetDeferCommitFlagForDebug = 0
04-13 14:27:55.586 I/chromium(30664): [INFO:layer_tree_impl.cc(1205)] DidUpdatePageScale IsActiveTree: 0 ScaleFactor: 1
04-13 14:27:55.593 I/chromium(30664): [INFO:layer_tree_impl.cc(1205)] DidUpdatePageScale IsActiveTree: 1 ScaleFactor: 1
04-13 14:27:55.637 I/chromium(30664): [INFO:progress_tracker.cc(112)] LoaderLog  FinishedParsing
04-13 14:27:55.652 I/chromium(30664): [INFO:render_frame_impl.cc(4027)] LoaderLog didFinishLoad
04-13 14:27:55.653 I/chromium(30664): [INFO:frame_loader.cc(402)] LoaderLog Completed totalBytes = 40008
04-13 14:27:55.654 I/chromium(30664): [INFO:render_frame_impl.cc(5114)] LoaderLog didStopLoading
04-13 14:27:55.655 I/chromium(30459): [INFO:web_contents_impl.cc(6549)] LoaderLog  progress completed
04-13 14:27:55.747 I/chromium(30459): [INFO:tin_six_tab_helper.cc(621)] ActivateTabAt 0,12
04-13 14:27:56.263 I/CIRISApiClient(28505): [getConfigurationSessionStatus] Getting session status for: 694751dd-3edb-4eb9-9920-35f468b1fc30
04-13 14:27:56.362 I/chromium(30459): [INFO:net_error_auto_reloader.cc(289)] LoaderLog  Auto-Reload  1
04-13 14:27:56.381 I/chromium(30459): [INFO:tin_six_tab_helper.cc(621)] ActivateTabAt 0,12
04-13 14:27:56.502 I/chromium(30459): [INFO:tin_six_tab_helper.cc(621)] ActivateTabAt 0,12
04-13 14:27:57.143 I/CIRISApiClient(28505): [getConfigurationSessionStatus] Session status: step=1/5, status=awaiting_oauth, stepType=oauth
04-13 14:27:57.144 I/CIRISApiClient(28505): [getConfigurationSessionStatus] Collected config keys: [base_url, callback_base_url]
04-13 14:27:58.149 I/CIRISApiClient(28505): [getConfigurationSessionStatus] Getting session status for: 694751dd-3edb-4eb9-9920-35f468b1fc30
04-13 14:27:58.279 I/CIRISApiClient(28505): [getConfigurationSessionStatus] Getting session status for: 694751dd-3edb-4eb9-9920-35f468b1fc30
04-13 14:27:59.113 I/chromium(30459): [INFO:render_process_host_impl.cc(4491)] [Renderer][Exit] ChildProcessLauncher::OnChildProcessDied called through JNI pid = 30720, renderer_id =0
04-13 14:27:59.328 I/CIRISApiClient(28505): [getConfigurationSessionStatus] Session status: step=1/5, status=awaiting_oauth, stepType=oauth
04-13 14:27:59.329 I/CIRISApiClient(28505): [getConfigurationSessionStatus] Collected config keys: [base_url, callback_base_url]
04-13 14:27:59.554 I/CIRISApiClient(28505): [listAdapters] API response: total=8, running=8, adapters.size=8
04-13 14:27:59.555 I/CIRISApiClient(28505): [listAdapters]   API adapter[0]: id=cirisverify_bootstrap, type=cirisverify, running=true, needsReauth=false, hasAuthStep=false
04-13 14:27:59.556 I/CIRISApiClient(28505): [listAdapters]   API adapter[1]: id=wallet_bootstrap, type=wallet, running=true, needsReauth=false, hasAuthStep=false
04-13 14:27:59.557 I/CIRISApiClient(28505): [listAdapters]   API adapter[2]: id=api_bootstrap, type=api, running=true, needsReauth=false, hasAuthStep=false
04-13 14:27:59.559 I/CIRISApiClient(28505): [listAdapters]   API adapter[3]: id=navigation, type=navigation, running=true, needsReauth=false, hasAuthStep=false
04-13 14:27:59.560 I/CIRISApiClient(28505): [listAdapters]   API adapter[4]: id=home_assistant, type=home_assistant, running=true, needsReauth=true, hasAuthStep=true
04-13 14:27:59.561 I/CIRISApiClient(28505): [listAdapters]   API adapter[5]: id=weather, type=weather, running=true, needsReauth=false, hasAuthStep=false
04-13 14:27:59.562 I/CIRISApiClient(28505): [listAdapters]   API adapter[6]: id=ciris_hosted_tools, type=ciris_hosted_tools, running=true, needsReauth=false, hasAuthStep=false
04-13 14:27:59.563 I/CIRISApiClient(28505): [listAdapters]   API adapter[7]: id=ciris_accord_metrics, type=ciris_accord_metrics, running=true, needsReauth=false, hasAuthStep=false
04-13 14:27:59.581 I/CIRISApiClient(28505): [getConfigurationSessionStatus] Session status: step=1/5, status=awaiting_oauth, stepType=oauth
04-13 14:27:59.582 I/CIRISApiClient(28505): [getConfigurationSessionStatus] Collected config keys: [base_url, callback_base_url]
04-13 14:27:59.591 I/CIRISApiClient(28505): [getConfigurationSessionStatus] Session status: step=1/5, status=awaiting_oauth, stepType=oauth
04-13 14:27:59.592 I/CIRISApiClient(28505): [getConfigurationSessionStatus] Collected config keys: [base_url, callback_base_url]
04-13 14:28:00.287 I/CIRISApiClient(28505): [getConfigurationSessionStatus] Getting session status for: 694751dd-3edb-4eb9-9920-35f468b1fc30
04-13 14:28:00.986 W/chromium(30459): [WARNING:render_widget_host_view_android.cc(1070)] SBRTOUCHLOG  OnTouchEvent, Action::DOWN
04-13 14:28:00.987 I/chromium(30459): [INFO:render_widget_host_input_event_router.cc(861)] SBRTOUCHLOG Set Touch sequence target view: 0xc68c5a00
04-13 14:28:00.987 W/chromium(30459): [WARNING:input_router_impl.cc(529)] SBRTOUCHLOG FilterAndSendWebInputEvent, kTouchStart
04-13 14:28:00.989 I/chromium(30664): [INFO:web_frame_widget_impl.cc(2748)] SBRTOUCHLOG Blink HandleInputEvent event received = PointerDown
04-13 14:28:00.990 I/chromium(30664): [INFO:web_frame_widget_impl.cc(2748)] SBRTOUCHLOG Blink HandleInputEvent event received = GestureTapDown
04-13 14:28:01.000 I/chromium(30664): [INFO:web_frame_widget_impl.cc(2748)] SBRTOUCHLOG Blink HandleInputEvent event received = PointerMove
04-13 14:28:01.017 I/chromium(30664): [INFO:web_frame_widget_impl.cc(2748)] SBRTOUCHLOG Blink HandleInputEvent event received = PointerMove
04-13 14:28:01.033 I/chromium(30664): [INFO:web_frame_widget_impl.cc(2748)] SBRTOUCHLOG Blink HandleInputEvent event received = PointerMove
04-13 14:28:01.050 I/chromium(30664): [INFO:web_frame_widget_impl.cc(2748)] SBRTOUCHLOG Blink HandleInputEvent event received = PointerMove
04-13 14:28:01.055 I/chromium(30664): [INFO:web_frame_widget_impl.cc(2748)] SBRTOUCHLOG Blink HandleInputEvent event received = PointerMove
04-13 14:28:01.055 I/chromium(30664): [INFO:layer_tree_host_impl.cc(332)] SBRTOUCHLOG LayerTreeHostImpl::ScrollBegin defer_commit =  0
04-13 14:28:01.056 I/chromium(30664): [INFO:web_frame_widget_impl.cc(2748)] SBRTOUCHLOG Blink HandleInputEvent event received = GestureTapCancel
04-13 14:28:01.056 I/chromium(30664): [INFO:layer_tree_host_impl.cc(303)] SBRTOUCHLOG LayerTreeHostImpl::ScrollBy delta_y = -4.72425
04-13 14:28:01.056 I/chromium(30664): [INFO:web_frame_widget_impl.cc(2748)] SBRTOUCHLOG Blink HandleInputEvent event received = PointerCausedUaAction
04-13 14:28:01.066 I/chromium(30664): [INFO:web_frame_widget_impl.cc(2748)] SBRTOUCHLOG Blink HandleInputEvent event received = PointerMove
04-13 14:28:01.083 I/chromium(30664): [INFO:web_frame_widget_impl.cc(2748)] SBRTOUCHLOG Blink HandleInputEvent event received = PointerMove
04-13 14:28:01.180 I/chromium(30664): [INFO:web_frame_widget_impl.cc(2748)] SBRTOUCHLOG Blink HandleInputEvent event received = PointerMove
04-13 14:28:01.181 I/chromium(30664): [INFO:web_frame_widget_impl.cc(2748)] SBRTOUCHLOG Blink HandleInputEvent event received = PointerUp
04-13 14:28:01.258 W/chromium(30459): [WARNING:window_android.cc(109)] TAB-STATUS observer added
04-13 14:28:01.258 I/chromium(30459): [INFO:render_widget_host_view_android.cc(1988)] Ignore GestureEventAck for kGestureFlingStart as Fling is already stopped
04-13 14:28:01.267 I/chromium(30664): [INFO:layer_tree_host_impl.cc(344)] SBRTOUCHLOG LayerTreeHostImpl::ScrollEnd
04-13 14:28:01.473 I/chromium(30459): [INFO:navigation_controller_impl.cc(2941)] LoaderLog NavigateToPendingEntry pending_entry_index = 0 last_committed_entry_index = 0
04-13 14:28:01.483 I/chromium(30459): [INFO:tin_six_tab_helper.cc(621)] ActivateTabAt 0,12
04-13 14:28:01.558 I/chromium(30459): [INFO:tin_six_tab_helper.cc(621)] ActivateTabAt 0,12
04-13 14:28:01.560 I/chromium(30664): [INFO:render_frame_impl.cc(2979)] LoaderLog  CommitFailedNavigation  reason = -105
04-13 14:28:01.563 I/chromium(30664): [INFO:layer_tree_host_impl.cc(4001)] SBRTOUCHLOG SetDeferCommitFlagForDebug = 1
04-13 14:28:01.582 I/chromium(30664): [INFO:render_frame_impl.cc(3805)] LoaderLog didCommitProvisionalLoad
04-13 14:28:01.596 I/chromium(30664): [INFO:layer_tree_host_impl.cc(4001)] SBRTOUCHLOG SetDeferCommitFlagForDebug = 0
04-13 14:28:01.626 I/chromium(30664): [INFO:progress_tracker.cc(112)] LoaderLog  FinishedParsing
04-13 14:28:01.629 I/chromium(30664): [INFO:render_frame_impl.cc(4027)] LoaderLog didFinishLoad
04-13 14:28:01.630 I/chromium(30664): [INFO:frame_loader.cc(402)] LoaderLog Completed totalBytes = 40008
04-13 14:28:01.630 I/chromium(30664): [INFO:render_frame_impl.cc(5114)] LoaderLog didStopLoading
04-13 14:28:01.646 I/chromium(30459): [INFO:web_contents_impl.cc(6549)] LoaderLog  progress completed
04-13 14:28:01.692 I/chromium(30459): [INFO:tin_six_tab_helper.cc(621)] ActivateTabAt 0,12
04-13 14:28:02.295 I/CIRISApiClient(28505): [getConfigurationSessionStatus] Getting session status for: 694751dd-3edb-4eb9-9920-35f468b1fc30
04-13 14:28:02.927 I/CIRISApiClient(28505): [getConfigurationSessionStatus] Session status: step=1/5, status=awaiting_oauth, stepType=oauth
04-13 14:28:02.928 I/CIRISApiClient(28505): [getConfigurationSessionStatus] Collected config keys: [base_url, callback_base_url]
04-13 14:28:02.936 I/CIRISApiClient(28505): [getConfigurationSessionStatus] Session status: step=1/5, status=awaiting_oauth, stepType=oauth
04-13 14:28:02.937 I/CIRISApiClient(28505): [getConfigurationSessionStatus] Collected config keys: [base_url, callback_base_url]
04-13 14:28:02.957 I/CIRISApiClient(28505): [getConfigurationSessionStatus] Session status: step=1/5, status=awaiting_oauth, stepType=oauth
04-13 14:28:02.958 I/CIRISApiClient(28505): [getConfigurationSessionStatus] Collected config keys: [base_url, callback_base_url]
04-13 14:28:03.931 I/CIRISApiClient(28505): [getConfigurationSessionStatus] Getting session status for: 694751dd-3edb-4eb9-9920-35f468b1fc30
04-13 14:28:04.158 I/chromium(30459): [INFO:render_process_host_impl.cc(4491)] [Renderer][Exit] ChildProcessLauncher::OnChildProcessDied called through JNI pid = 30749, renderer_id =0
04-13 14:28:04.306 I/CIRISApiClient(28505): [getConfigurationSessionStatus] Getting session status for: 694751dd-3edb-4eb9-9920-35f468b1fc30
04-13 14:28:04.464 D/EnvFileUpdater(28505): Found CIRIS_HOME from env: /data/user/0/ai.ciris.mobile.debug/files/ciris
04-13 14:28:06.326 I/CIRISApiClient(28505): [getConfigurationSessionStatus] Getting session status for: 694751dd-3edb-4eb9-9920-35f468b1fc30
04-13 14:28:06.512 I/CIRISApiClient(28505): [getConfigurationSessionStatus] Session status: step=1/5, status=awaiting_oauth, stepType=oauth
04-13 14:28:06.514 I/CIRISApiClient(28505): [getConfigurationSessionStatus] Collected config keys: [base_url, callback_base_url]
04-13 14:28:06.623 I/chromium(30459): [INFO:net_error_auto_reloader.cc(289)] LoaderLog  Auto-Reload  2
04-13 14:28:06.631 I/chromium(30459): [INFO:tin_six_tab_helper.cc(621)] ActivateTabAt 0,12
04-13 14:28:06.740 I/chromium(30459): [INFO:tin_six_tab_helper.cc(621)] ActivateTabAt 0,12
04-13 14:28:07.801 I/CIRISApiClient(28505): [getConfigurationSessionStatus] Session status: step=1/5, status=awaiting_oauth, stepType=oauth
04-13 14:28:07.802 I/CIRISApiClient(28505): [getConfigurationSessionStatus] Collected config keys: [base_url, callback_base_url]
04-13 14:28:08.345 I/CIRISApiClient(28505): [getConfigurationSessionStatus] Getting session status for: 694751dd-3edb-4eb9-9920-35f468b1fc30
04-13 14:28:08.804 I/CIRISApiClient(28505): [getConfigurationSessionStatus] Getting session status for: 694751dd-3edb-4eb9-9920-35f468b1fc30
04-13 14:28:08.877 I/CIRISApiClient(28505): [getConfigurationSessionStatus] Session status: step=1/5, status=awaiting_oauth, stepType=oauth
04-13 14:28:08.879 I/CIRISApiClient(28505): [getConfigurationSessionStatus] Collected config keys: [base_url, callback_base_url]
04-13 14:28:09.386 I/chromium(30459): [INFO:render_process_host_impl.cc(4491)] [Renderer][Exit] ChildProcessLauncher::OnChildProcessDied called through JNI pid = 30776, renderer_id =0
04-13 14:28:09.577 I/CIRISApiClient(28505): [listAdapters] Listing adapters
04-13 14:28:10.166 I/CIRISApiClient(28505): [getConfigurationSessionStatus] Session status: step=1/5, status=awaiting_oauth, stepType=oauth
04-13 14:28:10.169 I/CIRISApiClient(28505): [getConfigurationSessionStatus] Collected config keys: [base_url, callback_base_url]
04-13 14:28:10.355 I/CIRISApiClient(28505): [getConfigurationSessionStatus] Getting session status for: 694751dd-3edb-4eb9-9920-35f468b1fc30
04-13 14:28:12.374 I/CIRISApiClient(28505): [getConfigurationSessionStatus] Getting session status for: 694751dd-3edb-4eb9-9920-35f468b1fc30
04-13 14:28:14.391 I/CIRISApiClient(28505): [getConfigurationSessionStatus] Getting session status for: 694751dd-3edb-4eb9-9920-35f468b1fc30
04-13 14:28:14.465 D/EnvFileUpdater(28505): Found CIRIS_HOME from env: /data/user/0/ai.ciris.mobile.debug/files/ciris
04-13 14:28:15.684 I/CIRISApiClient(28505): [getConfigurationSessionStatus] Session status: step=1/5, status=awaiting_oauth, stepType=oauth
04-13 14:28:15.686 I/CIRISApiClient(28505): [getConfigurationSessionStatus] Collected config keys: [base_url, callback_base_url]
04-13 14:28:15.693 I/CIRISApiClient(28505): [getConfigurationSessionStatus] Session status: step=1/5, status=awaiting_oauth, stepType=oauth
04-13 14:28:15.695 I/CIRISApiClient(28505): [getConfigurationSessionStatus] Collected config keys: [base_url, callback_base_url]
04-13 14:28:16.401 I/CIRISApiClient(28505): [getConfigurationSessionStatus] Getting session status for: 694751dd-3edb-4eb9-9920-35f468b1fc30
04-13 14:28:16.697 I/CIRISApiClient(28505): [getConfigurationSessionStatus] Getting session status for: 694751dd-3edb-4eb9-9920-35f468b1fc30
04-13 14:28:17.189 I/CIRISApiClient(28505): [getConfigurationSessionStatus] Session status: step=1/5, status=awaiting_oauth, stepType=oauth
04-13 14:28:17.191 I/CIRISApiClient(28505): [getConfigurationSessionStatus] Collected config keys: [base_url, callback_base_url]
04-13 14:28:18.410 I/CIRISApiClient(28505): [getConfigurationSessionStatus] Getting session status for: 694751dd-3edb-4eb9-9920-35f468b1fc30
04-13 14:28:18.469 I/CIRISApiClient(28505): [listAdapters] API response: total=8, running=8, adapters.size=8
04-13 14:28:18.470 I/CIRISApiClient(28505): [listAdapters]   API adapter[0]: id=cirisverify_bootstrap, type=cirisverify, running=true, needsReauth=false, hasAuthStep=false
04-13 14:28:18.471 I/CIRISApiClient(28505): [listAdapters]   API adapter[1]: id=wallet_bootstrap, type=wallet, running=true, needsReauth=false, hasAuthStep=false
04-13 14:28:18.472 I/CIRISApiClient(28505): [listAdapters]   API adapter[2]: id=api_bootstrap, type=api, running=true, needsReauth=false, hasAuthStep=false
04-13 14:28:18.474 I/CIRISApiClient(28505): [listAdapters]   API adapter[3]: id=navigation, type=navigation, running=true, needsReauth=false, hasAuthStep=false
04-13 14:28:18.475 I/CIRISApiClient(28505): [listAdapters]   API adapter[4]: id=home_assistant, type=home_assistant, running=true, needsReauth=true, hasAuthStep=true
04-13 14:28:18.476 I/CIRISApiClient(28505): [listAdapters]   API adapter[5]: id=weather, type=weather, running=true, needsReauth=false, hasAuthStep=false
04-13 14:28:18.477 I/CIRISApiClient(28505): [listAdapters]   API adapter[6]: id=ciris_hosted_tools, type=ciris_hosted_tools, running=true, needsReauth=false, hasAuthStep=false
04-13 14:28:18.478 I/CIRISApiClient(28505): [listAdapters]   API adapter[7]: id=ciris_accord_metrics, type=ciris_accord_metrics, running=true, needsReauth=false, hasAuthStep=false
04-13 14:28:20.419 I/CIRISApiClient(28505): [getConfigurationSessionStatus] Getting session status for: 694751dd-3edb-4eb9-9920-35f468b1fc30
04-13 14:28:21.868 I/CIRISApiClient(28505): [getConfigurationSessionStatus] Session status: step=1/5, status=awaiting_oauth, stepType=oauth
04-13 14:28:21.870 I/CIRISApiClient(28505): [getConfigurationSessionStatus] Collected config keys: [base_url, callback_base_url]
04-13 14:28:21.909 I/CIRISApiClient(28505): [getConfigurationSessionStatus] Session status: step=1/5, status=awaiting_oauth, stepType=oauth
04-13 14:28:21.911 I/CIRISApiClient(28505): [getConfigurationSessionStatus] Collected config keys: [base_url, callback_base_url]
04-13 14:28:22.427 I/CIRISApiClient(28505): [getConfigurationSessionStatus] Getting session status for: 694751dd-3edb-4eb9-9920-35f468b1fc30
04-13 14:28:23.415 E/CIRISApiClient(28505): [getSystemStatus] Exception: HttpRequestTimeoutException: Request timeout has expired [url=http://localhost:8080/v1/system/health, request_timeout=10000 ms] | Context: url=http://localhost:8080
04-13 14:28:23.415 E/CIRISApiClient(28505): io.ktor.client.plugins.HttpRequestTimeoutException: Request timeout has expired [url=http://localhost:8080/v1/system/health, request_timeout=10000 ms]
04-13 14:28:23.415 E/CIRISApiClient(28505): 	at io.ktor.client.plugins.HttpTimeout$Plugin$install$1$1$killer$1.invokeSuspend(HttpTimeout.kt:165)
04-13 14:28:23.415 E/CIRISApiClient(28505): 	at kotlin.coroutines.jvm.internal.BaseContinuationImpl.resumeWith(ContinuationImpl.kt:33)
04-13 14:28:23.415 E/CIRISApiClient(28505): 	at kotlinx.coroutines.DispatchedTask.run(DispatchedTask.kt:104)
04-13 14:28:23.415 E/CIRISApiClient(28505): 	at kotlinx.coroutines.internal.LimitedDispatcher$Worker.run(LimitedDispatcher.kt:111)
04-13 14:28:23.415 E/CIRISApiClient(28505): 	at kotlinx.coroutines.scheduling.TaskImpl.run(Tasks.kt:99)
04-13 14:28:23.415 E/CIRISApiClient(28505): 	at kotlinx.coroutines.scheduling.CoroutineScheduler.runSafely(CoroutineScheduler.kt:585)
04-13 14:28:23.415 E/CIRISApiClient(28505): 	at kotlinx.coroutines.scheduling.CoroutineScheduler$Worker.executeTask(CoroutineScheduler.kt:802)
04-13 14:28:23.415 E/CIRISApiClient(28505): 	at kotlinx.coroutines.scheduling.CoroutineScheduler$Worker.runWorker(CoroutineScheduler.kt:706)
04-13 14:28:23.415 E/CIRISApiClient(28505): 	at kotlinx.coroutines.scheduling.CoroutineScheduler$Worker.run(CoroutineScheduler.kt:693)
04-13 14:28:23.426 I/CIRISApiClient(28505): [getConfigurationSessionStatus] Session status: step=1/5, status=awaiting_oauth, stepType=oauth
04-13 14:28:23.428 I/CIRISApiClient(28505): [getConfigurationSessionStatus] Collected config keys: [base_url, callback_base_url]
04-13 14:28:23.435 I/CIRISApiClient(28505): [getConfigurationSessionStatus] Session status: step=1/5, status=awaiting_oauth, stepType=oauth
04-13 14:28:23.436 I/CIRISApiClient(28505): [getConfigurationSessionStatus] Collected config keys: [base_url, callback_base_url]
04-13 14:28:24.434 I/CIRISApiClient(28505): [getConfigurationSessionStatus] Getting session status for: 694751dd-3edb-4eb9-9920-35f468b1fc30
04-13 14:28:24.439 I/CIRISApiClient(28505): [getConfigurationSessionStatus] Getting session status for: 694751dd-3edb-4eb9-9920-35f468b1fc30
04-13 14:28:24.466 D/EnvFileUpdater(28505): Found CIRIS_HOME from env: /data/user/0/ai.ciris.mobile.debug/files/ciris
04-13 14:28:25.583 I/CIRISApiClient(28505): [getConfigurationSessionStatus] Session status: step=1/5, status=awaiting_oauth, stepType=oauth
04-13 14:28:25.584 I/CIRISApiClient(28505): [getConfigurationSessionStatus] Collected config keys: [base_url, callback_base_url]
04-13 14:28:25.637 I/CIRISApiClient(28505): [getConfigurationSessionStatus] Session status: step=1/5, status=awaiting_oauth, stepType=oauth
04-13 14:28:25.639 I/CIRISApiClient(28505): [getConfigurationSessionStatus] Collected config keys: [base_url, callback_base_url]
04-13 14:28:26.442 I/CIRISApiClient(28505): [getConfigurationSessionStatus] Getting session status for: 694751dd-3edb-4eb9-9920-35f468b1fc30
04-13 14:28:27.770 I/CIRISApiClient(28505): [getConfigurationSessionStatus] Session status: step=1/5, status=awaiting_oauth, stepType=oauth
04-13 14:28:27.771 I/CIRISApiClient(28505): [getConfigurationSessionStatus] Collected config keys: [base_url, callback_base_url]
04-13 14:28:28.449 I/CIRISApiClient(28505): [getConfigurationSessionStatus] Getting session status for: 694751dd-3edb-4eb9-9920-35f468b1fc30
04-13 14:28:28.490 I/CIRISApiClient(28505): [listAdapters] Listing adapters
04-13 14:28:28.950 I/CIRISApiClient(28505): [getConfigurationSessionStatus] Session status: step=1/5, status=awaiting_oauth, stepType=oauth
04-13 14:28:28.951 I/CIRISApiClient(28505): [getConfigurationSessionStatus] Collected config keys: [base_url, callback_base_url]
04-13 14:28:28.959 I/CIRISApiClient(28505): [getConfigurationSessionStatus] Session status: step=1/5, status=awaiting_oauth, stepType=oauth
04-13 14:28:28.960 I/CIRISApiClient(28505): [getConfigurationSessionStatus] Collected config keys: [base_url, callback_base_url]
04-13 14:28:29.018 I/CIRISApiClient(28505): [getConfigurationSessionStatus] Session status: step=1/5, status=awaiting_oauth, stepType=oauth
04-13 14:28:29.022 I/CIRISApiClient(28505): [getConfigurationSessionStatus] Collected config keys: [base_url, callback_base_url]
04-13 14:28:29.963 I/CIRISApiClient(28505): [getConfigurationSessionStatus] Getting session status for: 694751dd-3edb-4eb9-9920-35f468b1fc30
04-13 14:28:30.459 I/CIRISApiClient(28505): [getConfigurationSessionStatus] Getting session status for: 694751dd-3edb-4eb9-9920-35f468b1fc30
04-13 14:28:32.367 I/CIRISApiClient(28505): [getConfigurationSessionStatus] Session status: step=1/5, status=awaiting_oauth, stepType=oauth
04-13 14:28:32.370 I/CIRISApiClient(28505): [getConfigurationSessionStatus] Collected config keys: [base_url, callback_base_url]
04-13 14:28:32.395 W/python.stderr(28505): /data/data/ai.ciris.mobile.debug/files/chaquopy/AssetFinder/requirements/pydantic/main.py:212: ResourceWarning: unclosed <socket.socket fd=125, family=AddressFamily.AF_INET, type=SocketKind.SOCK_STREAM, proto=6, laddr=('192.168.50.125', 54136), raddr=('46.224.81.217', 443)>
04-13 14:28:32.395 W/python.stderr(28505): ResourceWarning: Enable tracemalloc to get the object allocation traceback
04-13 14:28:32.396 W/python.stderr(28505): stdlib/asyncio/selector_events.py:710: ResourceWarning: unclosed transport <_SelectorSocketTransport fd=125 read=idle write=<idle, bufsize=0>>
04-13 14:28:32.396 W/python.stderr(28505): ResourceWarning: Enable tracemalloc to get the object allocation traceback
04-13 14:28:32.477 I/CIRISApiClient(28505): [getConfigurationSessionStatus] Getting session status for: 694751dd-3edb-4eb9-9920-35f468b1fc30
04-13 14:28:33.806 I/CIRISApiClient(28505): [getConfigurationSessionStatus] Session status: step=1/5, status=awaiting_oauth, stepType=oauth
04-13 14:28:33.810 I/CIRISApiClient(28505): [getConfigurationSessionStatus] Collected config keys: [base_url, callback_base_url]
04-13 14:28:34.467 D/EnvFileUpdater(28505): Found CIRIS_HOME from env: /data/user/0/ai.ciris.mobile.debug/files/ciris
04-13 14:28:34.493 I/CIRISApiClient(28505): [getConfigurationSessionStatus] Getting session status for: 694751dd-3edb-4eb9-9920-35f468b1fc30
04-13 14:28:34.815 I/CIRISApiClient(28505): [getConfigurationSessionStatus] Getting session status for: 694751dd-3edb-4eb9-9920-35f468b1fc30
04-13 14:28:35.025 I/CIRISApiClient(28505): [getWAStatus] Fetching WA status
04-13 14:28:36.083 I/CIRISApiClient(28505): [getConfigurationSessionStatus] Session status: step=1/5, status=awaiting_oauth, stepType=oauth
04-13 14:28:36.087 I/CIRISApiClient(28505): [getConfigurationSessionStatus] Collected config keys: [base_url, callback_base_url]
04-13 14:28:36.156 I/CIRISApiClient(28505): [listAdapters] API response: total=8, running=8, adapters.size=8
04-13 14:28:36.158 I/CIRISApiClient(28505): [listAdapters]   API adapter[0]: id=cirisverify_bootstrap, type=cirisverify, running=true, needsReauth=false, hasAuthStep=false
04-13 14:28:36.159 I/CIRISApiClient(28505): [listAdapters]   API adapter[1]: id=wallet_bootstrap, type=wallet, running=true, needsReauth=false, hasAuthStep=false
04-13 14:28:36.161 I/CIRISApiClient(28505): [listAdapters]   API adapter[2]: id=api_bootstrap, type=api, running=true, needsReauth=false, hasAuthStep=false
04-13 14:28:36.162 I/CIRISApiClient(28505): [listAdapters]   API adapter[3]: id=navigation, type=navigation, running=true, needsReauth=false, hasAuthStep=false
04-13 14:28:36.163 I/CIRISApiClient(28505): [listAdapters]   API adapter[4]: id=home_assistant, type=home_assistant, running=true, needsReauth=true, hasAuthStep=true
04-13 14:28:36.164 I/CIRISApiClient(28505): [listAdapters]   API adapter[5]: id=weather, type=weather, running=true, needsReauth=false, hasAuthStep=false
04-13 14:28:36.166 I/CIRISApiClient(28505): [listAdapters]   API adapter[6]: id=ciris_hosted_tools, type=ciris_hosted_tools, running=true, needsReauth=false, hasAuthStep=false
04-13 14:28:36.167 I/CIRISApiClient(28505): [listAdapters]   API adapter[7]: id=ciris_accord_metrics, type=ciris_accord_metrics, running=true, needsReauth=false, hasAuthStep=false
04-13 14:28:36.510 I/CIRISApiClient(28505): [getConfigurationSessionStatus] Getting session status for: 694751dd-3edb-4eb9-9920-35f468b1fc30
04-13 14:28:36.715 I/chromium(30459): [INFO:net_error_auto_reloader.cc(289)] LoaderLog  Auto-Reload  3
04-13 14:28:36.722 I/chromium(30459): [INFO:tin_six_tab_helper.cc(621)] ActivateTabAt 0,12
04-13 14:28:36.838 I/chromium(30459): [INFO:tin_six_tab_helper.cc(621)] ActivateTabAt 0,12
04-13 14:28:37.216 I/CIRISApiClient(28505): [getConfigurationSessionStatus] Session status: step=1/5, status=awaiting_oauth, stepType=oauth
04-13 14:28:37.217 I/CIRISApiClient(28505): [getConfigurationSessionStatus] Collected config keys: [base_url, callback_base_url]
04-13 14:28:38.525 I/CIRISApiClient(28505): [getConfigurationSessionStatus] Getting session status for: 694751dd-3edb-4eb9-9920-35f468b1fc30
04-13 14:28:39.421 I/chromium(30459): [INFO:render_process_host_impl.cc(4491)] [Renderer][Exit] ChildProcessLauncher::OnChildProcessDied called through JNI pid = 30833, renderer_id =0
04-13 14:28:39.454 I/CIRISApiClient(28505): [getConfigurationSessionStatus] Session status: step=1/5, status=awaiting_oauth, stepType=oauth
04-13 14:28:39.456 I/CIRISApiClient(28505): [getConfigurationSessionStatus] Collected config keys: [base_url, callback_base_url]
04-13 14:28:39.473 I/CIRISApiClient(28505): [getConfigurationSessionStatus] Session status: step=1/5, status=awaiting_oauth, stepType=oauth
04-13 14:28:39.474 I/CIRISApiClient(28505): [getConfigurationSessionStatus] Collected config keys: [base_url, callback_base_url]
04-13 14:28:40.477 I/CIRISApiClient(28505): [getConfigurationSessionStatus] Getting session status for: 694751dd-3edb-4eb9-9920-35f468b1fc30
04-13 14:28:40.533 I/CIRISApiClient(28505): [getConfigurationSessionStatus] Session status: step=1/5, status=awaiting_oauth, stepType=oauth
04-13 14:28:40.536 I/CIRISApiClient(28505): [getConfigurationSessionStatus] Collected config keys: [base_url, callback_base_url]
04-13 14:28:40.548 I/CIRISApiClient(28505): [getConfigurationSessionStatus] Getting session status for: 694751dd-3edb-4eb9-9920-35f468b1fc30
04-13 14:28:42.563 I/CIRISApiClient(28505): [getConfigurationSessionStatus] Getting session status for: 694751dd-3edb-4eb9-9920-35f468b1fc30
04-13 14:28:43.902 I/CIRISApiClient(28505): [getConfigurationSessionStatus] Session status: step=1/5, status=awaiting_oauth, stepType=oauth
04-13 14:28:43.905 I/CIRISApiClient(28505): [getConfigurationSessionStatus] Collected config keys: [base_url, callback_base_url]
04-13 14:28:44.469 D/EnvFileUpdater(28505): Found CIRIS_HOME from env: /data/user/0/ai.ciris.mobile.debug/files/ciris
04-13 14:28:44.576 I/CIRISApiClient(28505): [getConfigurationSessionStatus] Getting session status for: 694751dd-3edb-4eb9-9920-35f468b1fc30
04-13 14:28:45.174 I/CIRISApiClient(28505): [getWAStatus] WA Status: healthy=true, activeWAs=1, pendingDeferrals=0, deferrals24h=0, subscribers=2
04-13 14:28:45.186 I/CIRISApiClient(28505): [getConfigurationSessionStatus] Session status: step=1/5, status=awaiting_oauth, stepType=oauth
04-13 14:28:45.188 I/CIRISApiClient(28505): [getConfigurationSessionStatus] Collected config keys: [base_url, callback_base_url]
04-13 14:28:45.198 I/CIRISApiClient(28505): [getConfigurationSessionStatus] Session status: step=1/5, status=awaiting_oauth, stepType=oauth
04-13 14:28:45.200 I/CIRISApiClient(28505): [getConfigurationSessionStatus] Collected config keys: [base_url, callback_base_url]
04-13 14:28:46.182 I/CIRISApiClient(28505): [listAdapters] Listing adapters
04-13 14:28:46.194 I/CIRISApiClient(28505): [getConfigurationSessionStatus] Getting session status for: 694751dd-3edb-4eb9-9920-35f468b1fc30
04-13 14:28:46.595 I/CIRISApiClient(28505): [getConfigurationSessionStatus] Getting session status for: 694751dd-3edb-4eb9-9920-35f468b1fc30
04-13 14:28:47.513 I/CIRISApiClient(28505): [getConfigurationSessionStatus] Session status: step=1/5, status=awaiting_oauth, stepType=oauth
04-13 14:28:47.516 I/CIRISApiClient(28505): [getConfigurationSessionStatus] Collected config keys: [base_url, callback_base_url]
04-13 14:28:48.613 I/CIRISApiClient(28505): [getConfigurationSessionStatus] Getting session status for: 694751dd-3edb-4eb9-9920-35f468b1fc30
04-13 14:28:48.643 I/CIRISApiClient(28505): [getConfigurationSessionStatus] Session status: step=1/5, status=awaiting_oauth, stepType=oauth
04-13 14:28:48.645 I/CIRISApiClient(28505): [getConfigurationSessionStatus] Collected config keys: [base_url, callback_base_url]
04-13 14:28:50.631 I/CIRISApiClient(28505): [getConfigurationSessionStatus] Getting session status for: 694751dd-3edb-4eb9-9920-35f468b1fc30
04-13 14:28:50.848 I/CIRISApiClient(28505): [getConfigurationSessionStatus] Session status: step=1/5, status=awaiting_oauth, stepType=oauth
04-13 14:28:50.851 I/CIRISApiClient(28505): [getConfigurationSessionStatus] Collected config keys: [base_url, callback_base_url]
04-13 14:28:51.856 I/CIRISApiClient(28505): [getConfigurationSessionStatus] Getting session status for: 694751dd-3edb-4eb9-9920-35f468b1fc30
04-13 14:28:52.029 I/CIRISApiClient(28505): [getConfigurationSessionStatus] Session status: step=1/5, status=awaiting_oauth, stepType=oauth
04-13 14:28:52.031 I/CIRISApiClient(28505): [getConfigurationSessionStatus] Collected config keys: [base_url, callback_base_url]
04-13 14:28:52.648 I/CIRISApiClient(28505): [getConfigurationSessionStatus] Getting session status for: 694751dd-3edb-4eb9-9920-35f468b1fc30
04-13 14:28:54.174 I/CIRISApiClient(28505): [getConfigurationSessionStatus] Session status: step=1/5, status=awaiting_oauth, stepType=oauth
04-13 14:28:54.177 I/CIRISApiClient(28505): [getConfigurationSessionStatus] Collected config keys: [base_url, callback_base_url]
04-13 14:28:54.501 I/CIRISApiClient(28505): [listAdapters] API response: total=8, running=8, adapters.size=8
04-13 14:28:54.503 I/CIRISApiClient(28505): [listAdapters]   API adapter[0]: id=cirisverify_bootstrap, type=cirisverify, running=true, needsReauth=false, hasAuthStep=false
04-13 14:28:54.504 I/CIRISApiClient(28505): [listAdapters]   API adapter[1]: id=wallet_bootstrap, type=wallet, running=true, needsReauth=false, hasAuthStep=false
04-13 14:28:54.505 I/CIRISApiClient(28505): [listAdapters]   API adapter[2]: id=api_bootstrap, type=api, running=true, needsReauth=false, hasAuthStep=false
04-13 14:28:54.507 I/CIRISApiClient(28505): [listAdapters]   API adapter[3]: id=navigation, type=navigation, running=true, needsReauth=false, hasAuthStep=false
04-13 14:28:54.508 I/CIRISApiClient(28505): [listAdapters]   API adapter[4]: id=home_assistant, type=home_assistant, running=true, needsReauth=true, hasAuthStep=true
04-13 14:28:54.510 I/CIRISApiClient(28505): [listAdapters]   API adapter[5]: id=weather, type=weather, running=true, needsReauth=false, hasAuthStep=false
04-13 14:28:54.511 I/CIRISApiClient(28505): [listAdapters]   API adapter[6]: id=ciris_hosted_tools, type=ciris_hosted_tools, running=true, needsReauth=false, hasAuthStep=false
04-13 14:28:54.513 I/CIRISApiClient(28505): [listAdapters]   API adapter[7]: id=ciris_accord_metrics, type=ciris_accord_metrics, running=true, needsReauth=false, hasAuthStep=false
04-13 14:28:54.527 D/EnvFileUpdater(28505): Found CIRIS_HOME from env: /data/user/0/ai.ciris.mobile.debug/files/ciris
04-13 14:28:54.665 I/CIRISApiClient(28505): [getConfigurationSessionStatus] Getting session status for: 694751dd-3edb-4eb9-9920-35f468b1fc30
04-13 14:28:55.603 I/CIRISApiClient(28505): [getConfigurationSessionStatus] Session status: step=1/5, status=awaiting_oauth, stepType=oauth
04-13 14:28:55.606 I/CIRISApiClient(28505): [getConfigurationSessionStatus] Collected config keys: [base_url, callback_base_url]
04-13 14:28:55.617 I/CIRISApiClient(28505): [getConfigurationSessionStatus] Session status: step=1/5, status=awaiting_oauth, stepType=oauth
04-13 14:28:55.619 I/CIRISApiClient(28505): [getConfigurationSessionStatus] Collected config keys: [base_url, callback_base_url]
04-13 14:28:56.611 I/CIRISApiClient(28505): [getConfigurationSessionStatus] Getting session status for: 694751dd-3edb-4eb9-9920-35f468b1fc30
04-13 14:28:56.681 I/CIRISApiClient(28505): [getConfigurationSessionStatus] Getting session status for: 694751dd-3edb-4eb9-9920-35f468b1fc30
04-13 14:28:56.827 I/CIRISApiClient(28505): [getConfigurationSessionStatus] Session status: step=1/5, status=awaiting_oauth, stepType=oauth
04-13 14:28:56.830 I/CIRISApiClient(28505): [getConfigurationSessionStatus] Collected config keys: [base_url, callback_base_url]
04-13 14:28:57.903 I/CIRISApiClient(28505): [getConfigurationSessionStatus] Session status: step=1/5, status=awaiting_oauth, stepType=oauth
04-13 14:28:57.907 I/CIRISApiClient(28505): [getConfigurationSessionStatus] Collected config keys: [base_url, callback_base_url]
04-13 14:28:58.699 I/CIRISApiClient(28505): [getConfigurationSessionStatus] Getting session status for: 694751dd-3edb-4eb9-9920-35f468b1fc30
04-13 14:29:00.716 I/CIRISApiClient(28505): [getConfigurationSessionStatus] Getting session status for: 694751dd-3edb-4eb9-9920-35f468b1fc30
04-13 14:29:01.476 I/CIRISApiClient(28505): [getConfigurationSessionStatus] Session status: step=1/5, status=awaiting_oauth, stepType=oauth
04-13 14:29:01.479 I/CIRISApiClient(28505): [getConfigurationSessionStatus] Collected config keys: [base_url, callback_base_url]
04-13 14:29:01.489 I/CIRISApiClient(28505): [getConfigurationSessionStatus] Session status: step=1/5, status=awaiting_oauth, stepType=oauth
04-13 14:29:01.491 I/CIRISApiClient(28505): [getConfigurationSessionStatus] Collected config keys: [base_url, callback_base_url]
04-13 14:29:01.512 I/CIRISApiClient(28505): [getConfigurationSessionStatus] Session status: step=1/5, status=awaiting_oauth, stepType=oauth
04-13 14:29:01.514 I/CIRISApiClient(28505): [getConfigurationSessionStatus] Collected config keys: [base_url, callback_base_url]
04-13 14:29:02.485 I/CIRISApiClient(28505): [getConfigurationSessionStatus] Getting session status for: 694751dd-3edb-4eb9-9920-35f468b1fc30
04-13 14:29:02.733 I/CIRISApiClient(28505): [getConfigurationSessionStatus] Getting session status for: 694751dd-3edb-4eb9-9920-35f468b1fc30
04-13 14:29:03.823 I/CIRISApiClient(28505): [getConfigurationSessionStatus] Session status: step=1/5, status=awaiting_oauth, stepType=oauth
04-13 14:29:03.826 I/CIRISApiClient(28505): [getConfigurationSessionStatus] Collected config keys: [base_url, callback_base_url]
04-13 14:29:04.527 I/CIRISApiClient(28505): [listAdapters] Listing adapters
04-13 14:29:04.539 D/EnvFileUpdater(28505): Found CIRIS_HOME from env: /data/user/0/ai.ciris.mobile.debug/files/ciris
04-13 14:29:04.749 I/CIRISApiClient(28505): [getConfigurationSessionStatus] Getting session status for: 694751dd-3edb-4eb9-9920-35f468b1fc30
04-13 14:29:06.088 I/CIRISApiClient(28505): [getConfigurationSessionStatus] Session status: step=1/5, status=awaiting_oauth, stepType=oauth
04-13 14:29:06.092 I/CIRISApiClient(28505): [getConfigurationSessionStatus] Collected config keys: [base_url, callback_base_url]
04-13 14:29:06.385 I/CIRISApiClient(28505): [getConfigurationSessionStatus] Session status: step=1/5, status=awaiting_oauth, stepType=oauth
04-13 14:29:06.388 I/CIRISApiClient(28505): [getConfigurationSessionStatus] Collected config keys: [base_url, callback_base_url]
04-13 14:29:06.766 I/CIRISApiClient(28505): [getConfigurationSessionStatus] Getting session status for: 694751dd-3edb-4eb9-9920-35f468b1fc30
04-13 14:29:07.095 I/CIRISApiClient(28505): [getConfigurationSessionStatus] Getting session status for: 694751dd-3edb-4eb9-9920-35f468b1fc30
04-13 14:29:08.783 I/CIRISApiClient(28505): [getConfigurationSessionStatus] Getting session status for: 694751dd-3edb-4eb9-9920-35f468b1fc30
04-13 14:29:09.885 I/CIRISApiClient(28505): [getConfigurationSessionStatus] Session status: step=1/5, status=awaiting_oauth, stepType=oauth
04-13 14:29:09.889 I/CIRISApiClient(28505): [getConfigurationSessionStatus] Collected config keys: [base_url, callback_base_url]
04-13 14:29:10.801 I/CIRISApiClient(28505): [getConfigurationSessionStatus] Getting session status for: 694751dd-3edb-4eb9-9920-35f468b1fc30
04-13 14:29:11.070 I/CIRISApiClient(28505): [getConfigurationSessionStatus] Session status: step=1/5, status=awaiting_oauth, stepType=oauth
04-13 14:29:11.074 I/CIRISApiClient(28505): [getConfigurationSessionStatus] Collected config keys: [base_url, callback_base_url]
04-13 14:29:11.151 I/CIRISApiClient(28505): [listAdapters] API response: total=8, running=8, adapters.size=8
04-13 14:29:11.152 I/CIRISApiClient(28505): [listAdapters]   API adapter[0]: id=cirisverify_bootstrap, type=cirisverify, running=true, needsReauth=false, hasAuthStep=false
04-13 14:29:11.154 I/CIRISApiClient(28505): [listAdapters]   API adapter[1]: id=wallet_bootstrap, type=wallet, running=true, needsReauth=false, hasAuthStep=false
04-13 14:29:11.155 I/CIRISApiClient(28505): [listAdapters]   API adapter[2]: id=api_bootstrap, type=api, running=true, needsReauth=false, hasAuthStep=false
04-13 14:29:11.156 I/CIRISApiClient(28505): [listAdapters]   API adapter[3]: id=navigation, type=navigation, running=true, needsReauth=false, hasAuthStep=false
04-13 14:29:11.158 I/CIRISApiClient(28505): [listAdapters]   API adapter[4]: id=home_assistant, type=home_assistant, running=true, needsReauth=true, hasAuthStep=true
04-13 14:29:11.159 I/CIRISApiClient(28505): [listAdapters]   API adapter[5]: id=weather, type=weather, running=true, needsReauth=false, hasAuthStep=false
04-13 14:29:11.160 I/CIRISApiClient(28505): [listAdapters]   API adapter[6]: id=ciris_hosted_tools, type=ciris_hosted_tools, running=true, needsReauth=false, hasAuthStep=false
04-13 14:29:11.162 I/CIRISApiClient(28505): [listAdapters]   API adapter[7]: id=ciris_accord_metrics, type=ciris_accord_metrics, running=true, needsReauth=false, hasAuthStep=false
04-13 14:29:12.818 I/CIRISApiClient(28505): [getConfigurationSessionStatus] Getting session status for: 694751dd-3edb-4eb9-9920-35f468b1fc30
04-13 14:29:13.205 I/CIRISApiClient(28505): [getConfigurationSessionStatus] Session status: step=1/5, status=awaiting_oauth, stepType=oauth
04-13 14:29:13.208 I/CIRISApiClient(28505): [getConfigurationSessionStatus] Collected config keys: [base_url, callback_base_url]
04-13 14:29:14.212 I/CIRISApiClient(28505): [getConfigurationSessionStatus] Getting session status for: 694751dd-3edb-4eb9-9920-35f468b1fc30
04-13 14:29:14.323 I/CIRISApiClient(28505): [getConfigurationSessionStatus] Session status: step=1/5, status=awaiting_oauth, stepType=oauth
04-13 14:29:14.327 I/CIRISApiClient(28505): [getConfigurationSessionStatus] Collected config keys: [base_url, callback_base_url]
04-13 14:29:14.341 I/CIRISApiClient(28505): [getConfigurationSessionStatus] Session status: step=1/5, status=awaiting_oauth, stepType=oauth
04-13 14:29:14.344 I/CIRISApiClient(28505): [getConfigurationSessionStatus] Collected config keys: [base_url, callback_base_url]
04-13 14:29:14.541 D/EnvFileUpdater(28505): Found CIRIS_HOME from env: /data/user/0/ai.ciris.mobile.debug/files/ciris
04-13 14:29:14.702 I/CIRISApiClient(28505): [getConfigurationSessionStatus] Session status: step=1/5, status=awaiting_oauth, stepType=oauth
04-13 14:29:14.706 I/CIRISApiClient(28505): [getConfigurationSessionStatus] Collected config keys: [base_url, callback_base_url]
04-13 14:29:14.837 I/CIRISApiClient(28505): [getConfigurationSessionStatus] Getting session status for: 694751dd-3edb-4eb9-9920-35f468b1fc30
04-13 14:29:16.855 I/CIRISApiClient(28505): [getConfigurationSessionStatus] Getting session status for: 694751dd-3edb-4eb9-9920-35f468b1fc30
04-13 14:29:18.874 I/CIRISApiClient(28505): [getConfigurationSessionStatus] Getting session status for: 694751dd-3edb-4eb9-9920-35f468b1fc30
04-13 14:29:19.159 I/CIRISApiClient(28505): [getConfigurationSessionStatus] Session status: step=1/5, status=awaiting_oauth, stepType=oauth
04-13 14:29:19.162 I/CIRISApiClient(28505): [getConfigurationSessionStatus] Collected config keys: [base_url, callback_base_url]
04-13 14:29:19.277 I/CIRISApiClient(28505): [getConfigurationSessionStatus] Session status: step=1/5, status=awaiting_oauth, stepType=oauth
04-13 14:29:19.281 I/CIRISApiClient(28505): [getConfigurationSessionStatus] Collected config keys: [base_url, callback_base_url]
04-13 14:29:20.166 I/CIRISApiClient(28505): [getConfigurationSessionStatus] Getting session status for: 694751dd-3edb-4eb9-9920-35f468b1fc30
04-13 14:29:20.889 I/CIRISApiClient(28505): [getConfigurationSessionStatus] Getting session status for: 694751dd-3edb-4eb9-9920-35f468b1fc30
04-13 14:29:21.175 I/CIRISApiClient(28505): [listAdapters] Listing adapters
04-13 14:29:21.437 I/CIRISApiClient(28505): [getConfigurationSessionStatus] Session status: step=1/5, status=awaiting_oauth, stepType=oauth
04-13 14:29:21.438 I/CIRISApiClient(28505): [getConfigurationSessionStatus] Collected config keys: [base_url, callback_base_url]
04-13 14:29:21.448 I/CIRISApiClient(28505): [getConfigurationSessionStatus] Session status: step=1/5, status=awaiting_oauth, stepType=oauth
04-13 14:29:21.450 I/CIRISApiClient(28505): [getConfigurationSessionStatus] Collected config keys: [base_url, callback_base_url]
04-13 14:29:22.897 I/CIRISApiClient(28505): [getConfigurationSessionStatus] Getting session status for: 694751dd-3edb-4eb9-9920-35f468b1fc30
04-13 14:29:24.542 D/EnvFileUpdater(28505): Found CIRIS_HOME from env: /data/user/0/ai.ciris.mobile.debug/files/ciris
04-13 14:29:24.906 I/CIRISApiClient(28505): [getConfigurationSessionStatus] Getting session status for: 694751dd-3edb-4eb9-9920-35f468b1fc30
04-13 14:29:25.794 W/chromium(30459): [WARNING:render_widget_host_view_android.cc(1861)] TAB-STATUS observation kept while hiding
04-13 14:29:25.796 I/chromium(30664): [INFO:layer_tree_host_impl.cc(198)] SBRTOUCHLOG DidVisibilityChange = 0
04-13 14:29:25.936 I/chromium(30459): [INFO:layer_tree_host_impl.cc(198)] SBRTOUCHLOG DidVisibilityChange = 0
04-13 14:29:26.321 W/chromium(30459): [WARNING:window_android.cc(123)] TAB-STATUS observer removed
04-13 14:29:26.915 I/CIRISApiClient(28505): [getConfigurationSessionStatus] Getting session status for: 694751dd-3edb-4eb9-9920-35f468b1fc30
04-13 14:29:28.199 I/CIRISApiClient(28505): [getConfigurationSessionStatus] Session status: step=1/5, status=awaiting_oauth, stepType=oauth
04-13 14:29:28.203 I/CIRISApiClient(28505): [getConfigurationSessionStatus] Collected config keys: [base_url, callback_base_url]
04-13 14:29:28.216 I/CIRISApiClient(28505): [getConfigurationSessionStatus] Session status: step=1/5, status=awaiting_oauth, stepType=oauth
04-13 14:29:28.218 I/CIRISApiClient(28505): [getConfigurationSessionStatus] Collected config keys: [base_url, callback_base_url]
04-13 14:29:28.932 I/CIRISApiClient(28505): [getConfigurationSessionStatus] Getting session status for: 694751dd-3edb-4eb9-9920-35f468b1fc30
04-13 14:29:29.207 I/CIRISApiClient(28505): [getConfigurationSessionStatus] Getting session status for: 694751dd-3edb-4eb9-9920-35f468b1fc30
04-13 14:29:29.769 I/CIRISApiClient(28505): [getConfigurationSessionStatus] Session status: step=1/5, status=awaiting_oauth, stepType=oauth
04-13 14:29:29.773 I/CIRISApiClient(28505): [getConfigurationSessionStatus] Collected config keys: [base_url, callback_base_url]
04-13 14:29:30.913 I/CIRISApiClient(28505): [getConfigurationSessionStatus] Session status: step=1/5, status=awaiting_oauth, stepType=oauth
04-13 14:29:30.916 I/CIRISApiClient(28505): [getConfigurationSessionStatus] Collected config keys: [base_url, callback_base_url]
04-13 14:29:30.997 I/CIRISApiClient(28505): [listAdapters] API response: total=8, running=8, adapters.size=8
04-13 14:29:30.999 I/CIRISApiClient(28505): [listAdapters]   API adapter[0]: id=cirisverify_bootstrap, type=cirisverify, running=true, needsReauth=false, hasAuthStep=false
04-13 14:29:31.000 I/CIRISApiClient(28505): [listAdapters]   API adapter[1]: id=wallet_bootstrap, type=wallet, running=true, needsReauth=false, hasAuthStep=false
04-13 14:29:31.002 I/CIRISApiClient(28505): [listAdapters]   API adapter[2]: id=api_bootstrap, type=api, running=true, needsReauth=false, hasAuthStep=false
04-13 14:29:31.003 I/CIRISApiClient(28505): [listAdapters]   API adapter[3]: id=navigation, type=navigation, running=true, needsReauth=false, hasAuthStep=false
04-13 14:29:31.005 I/CIRISApiClient(28505): [listAdapters]   API adapter[4]: id=home_assistant, type=home_assistant, running=true, needsReauth=true, hasAuthStep=true
04-13 14:29:31.007 I/CIRISApiClient(28505): [listAdapters]   API adapter[5]: id=weather, type=weather, running=true, needsReauth=false, hasAuthStep=false
04-13 14:29:31.008 I/CIRISApiClient(28505): [listAdapters]   API adapter[6]: id=ciris_hosted_tools, type=ciris_hosted_tools, running=true, needsReauth=false, hasAuthStep=false
04-13 14:29:31.010 I/CIRISApiClient(28505): [listAdapters]   API adapter[7]: id=ciris_accord_metrics, type=ciris_accord_metrics, running=true, needsReauth=false, hasAuthStep=false
04-13 14:29:31.026 I/CIRISApiClient(28505): [getConfigurationSessionStatus] Getting session status for: 694751dd-3edb-4eb9-9920-35f468b1fc30
04-13 14:29:33.035 I/CIRISApiClient(28505): [getConfigurationSessionStatus] Getting session status for: 694751dd-3edb-4eb9-9920-35f468b1fc30
04-13 14:29:33.096 I/CIRISApiClient(28505): [getConfigurationSessionStatus] Session status: step=1/5, status=awaiting_oauth, stepType=oauth
04-13 14:29:33.099 I/CIRISApiClient(28505): [getConfigurationSessionStatus] Collected config keys: [base_url, callback_base_url]
04-13 14:29:34.543 D/EnvFileUpdater(28505): Found CIRIS_HOME from env: /data/user/0/ai.ciris.mobile.debug/files/ciris
04-13 14:29:35.049 I/CIRISApiClient(28505): [getConfigurationSessionStatus] Getting session status for: 694751dd-3edb-4eb9-9920-35f468b1fc30
04-13 14:29:35.334 I/CIRISApiClient(28505): [getConfigurationSessionStatus] Session status: step=1/5, status=awaiting_oauth, stepType=oauth
04-13 14:29:35.335 I/CIRISApiClient(28505): [getConfigurationSessionStatus] Collected config keys: [base_url, callback_base_url]
04-13 14:29:35.341 I/CIRISApiClient(28505): [getConfigurationSessionStatus] Session status: step=1/5, status=awaiting_oauth, stepType=oauth
04-13 14:29:35.343 I/CIRISApiClient(28505): [getConfigurationSessionStatus] Collected config keys: [base_url, callback_base_url]
04-13 14:29:35.403 I/CIRISApiClient(28505): [getConfigurationSessionStatus] Session status: step=1/5, status=awaiting_oauth, stepType=oauth
04-13 14:29:35.404 I/CIRISApiClient(28505): [getConfigurationSessionStatus] Collected config keys: [base_url, callback_base_url]
04-13 14:29:35.411 I/CIRISApiClient(28505): [getConfigurationSessionStatus] Session status: step=1/5, status=awaiting_oauth, stepType=oauth
