03-25 20:31:01.952 E/CIRISApiClient(18302): [getSystemStatus] Exception: UnknownHostException: Unable to resolve host "localhost": No address associated with hostname
03-25 20:31:02.696 E/CIRISApiClient(18302): [getMessages] Exception: UnknownHostException: Unable to resolve host "localhost": No address associated with hostname | Context: limit=50, is401=false, tokenPresent=true, tokenPreview=ciris_ad...0BKc
03-25 20:31:02.700 W/InteractViewModel(18302): [fetchHistory] Non-auth error: UnknownHostException: Unable to resolve host "localhost": No address associated with hostname
03-25 20:31:02.708 E/CIRISApiClient(18302): [getAuditEntries] Exception: UnknownHostException: Unable to resolve host "localhost": No address associated with hostname
03-25 20:31:04.871 I/CIRISApiClient(18302): [listAdapters] Listing adapters
03-25 20:31:04.884 E/CIRISApiClient(18302): [listAdapters] Exception: UnknownHostException: Unable to resolve host "localhost": No address associated with hostname
03-25 20:31:05.721 E/CIRISApiClient(18302): [getMessages] Exception: UnknownHostException: Unable to resolve host "localhost": No address associated with hostname | Context: limit=50, is401=false, tokenPresent=true, tokenPreview=ciris_ad...0BKc
03-25 20:31:05.724 W/InteractViewModel(18302): [fetchHistory] Non-auth error: UnknownHostException: Unable to resolve host "localhost": No address associated with hostname
03-25 20:31:05.733 E/CIRISApiClient(18302): [getAuditEntries] Exception: UnknownHostException: Unable to resolve host "localhost": No address associated with hostname
03-25 20:31:06.143 D/EnvFileUpdater(32240): Found CIRIS_HOME from env: /data/user/0/ai.ciris.mobile.debug/files/ciris
03-25 20:31:06.973 E/CIRISApiClient(18302): [getSystemStatus] Exception: UnknownHostException: Unable to resolve host "localhost": No address associated with hostname
03-25 20:31:08.745 E/CIRISApiClient(18302): [getMessages] Exception: UnknownHostException: Unable to resolve host "localhost": No address associated with hostname | Context: limit=50, is401=false, tokenPresent=true, tokenPreview=ciris_ad...0BKc
03-25 20:31:08.747 W/InteractViewModel(18302): [fetchHistory] Non-auth error: UnknownHostException: Unable to resolve host "localhost": No address associated with hostname
03-25 20:31:08.752 E/CIRISApiClient(18302): [getAuditEntries] Exception: UnknownHostException: Unable to resolve host "localhost": No address associated with hostname
03-25 20:31:09.730 D/EnvFileUpdater(18302): Found CIRIS_HOME from env: /data/user/0/ai.ciris.mobile/files/ciris
03-25 20:31:11.763 E/CIRISApiClient(18302): [getMessages] Exception: UnknownHostException: Unable to resolve host "localhost": No address associated with hostname | Context: limit=50, is401=false, tokenPresent=true, tokenPreview=ciris_ad...0BKc
03-25 20:31:11.766 W/InteractViewModel(18302): [fetchHistory] Non-auth error: UnknownHostException: Unable to resolve host "localhost": No address associated with hostname
03-25 20:31:11.770 E/CIRISApiClient(18302): [getAuditEntries] Exception: UnknownHostException: Unable to resolve host "localhost": No address associated with hostname
03-25 20:31:11.983 E/CIRISApiClient(18302): [getSystemStatus] Exception: UnknownHostException: Unable to resolve host "localhost": No address associated with hostname
03-25 20:31:14.784 E/CIRISApiClient(18302): [getMessages] Exception: UnknownHostException: Unable to resolve host "localhost": No address associated with hostname | Context: limit=50, is401=false, tokenPresent=true, tokenPreview=ciris_ad...0BKc
03-25 20:31:14.787 W/InteractViewModel(18302): [fetchHistory] Non-auth error: UnknownHostException: Unable to resolve host "localhost": No address associated with hostname
03-25 20:31:14.795 E/CIRISApiClient(18302): [getAuditEntries] Exception: UnknownHostException: Unable to resolve host "localhost": No address associated with hostname
03-25 20:31:14.890 I/CIRISApiClient(18302): [listAdapters] Listing adapters
03-25 20:31:14.899 E/CIRISApiClient(18302): [listAdapters] Exception: UnknownHostException: Unable to resolve host "localhost": No address associated with hostname
03-25 20:31:16.147 D/EnvFileUpdater(32240): Found CIRIS_HOME from env: /data/user/0/ai.ciris.mobile.debug/files/ciris
03-25 20:31:17.000 E/CIRISApiClient(18302): [getSystemStatus] Exception: UnknownHostException: Unable to resolve host "localhost": No address associated with hostname
03-25 20:31:17.811 E/CIRISApiClient(18302): [getMessages] Exception: UnknownHostException: Unable to resolve host "localhost": No address associated with hostname | Context: limit=50, is401=false, tokenPresent=true, tokenPreview=ciris_ad...0BKc
03-25 20:31:17.814 W/InteractViewModel(18302): [fetchHistory] Non-auth error: UnknownHostException: Unable to resolve host "localhost": No address associated with hostname
03-25 20:31:17.822 E/CIRISApiClient(18302): [getAuditEntries] Exception: UnknownHostException: Unable to resolve host "localhost": No address associated with hostname
03-25 20:31:19.732 D/EnvFileUpdater(18302): Found CIRIS_HOME from env: /data/user/0/ai.ciris.mobile/files/ciris
03-25 20:31:20.838 E/CIRISApiClient(18302): [getMessages] Exception: UnknownHostException: Unable to resolve host "localhost": No address associated with hostname | Context: limit=50, is401=false, tokenPresent=true, tokenPreview=ciris_ad...0BKc
03-25 20:31:20.842 W/InteractViewModel(18302): [fetchHistory] Non-auth error: UnknownHostException: Unable to resolve host "localhost": No address associated with hostname
03-25 20:31:20.849 E/CIRISApiClient(18302): [getAuditEntries] Exception: UnknownHostException: Unable to resolve host "localhost": No address associated with hostname
03-25 20:31:22.015 E/CIRISApiClient(18302): [getSystemStatus] Exception: UnknownHostException: Unable to resolve host "localhost": No address associated with hostname
03-25 20:31:23.872 E/CIRISApiClient(18302): [getMessages] Exception: UnknownHostException: Unable to resolve host "localhost": No address associated with hostname | Context: limit=50, is401=false, tokenPresent=true, tokenPreview=ciris_ad...0BKc
03-25 20:31:23.875 W/InteractViewModel(18302): [fetchHistory] Non-auth error: UnknownHostException: Unable to resolve host "localhost": No address associated with hostname
03-25 20:31:23.882 E/CIRISApiClient(18302): [getAuditEntries] Exception: UnknownHostException: Unable to resolve host "localhost": No address associated with hostname
03-25 20:31:24.398 I/InteractViewModel(18302): [startSseStream] SSE disconnected
03-25 20:31:24.401 I/InteractViewModel(18302): [startSseStream] Reconnecting in 30000ms...
03-25 20:31:24.907 I/CIRISApiClient(18302): [listAdapters] Listing adapters
03-25 20:31:24.913 E/CIRISApiClient(18302): [listAdapters] Exception: UnknownHostException: Unable to resolve host "localhost": No address associated with hostname
03-25 20:31:26.150 D/EnvFileUpdater(32240): Found CIRIS_HOME from env: /data/user/0/ai.ciris.mobile.debug/files/ciris
03-25 20:31:26.894 E/CIRISApiClient(18302): [getMessages] Exception: UnknownHostException: Unable to resolve host "localhost": No address associated with hostname | Context: limit=50, is401=false, tokenPresent=true, tokenPreview=ciris_ad...0BKc
03-25 20:31:26.896 W/InteractViewModel(18302): [fetchHistory] Non-auth error: UnknownHostException: Unable to resolve host "localhost": No address associated with hostname
03-25 20:31:26.900 E/CIRISApiClient(18302): [getAuditEntries] Exception: UnknownHostException: Unable to resolve host "localhost": No address associated with hostname
03-25 20:31:27.023 E/CIRISApiClient(18302): [getSystemStatus] Exception: UnknownHostException: Unable to resolve host "localhost": No address associated with hostname
03-25 20:31:29.735 D/EnvFileUpdater(18302): Found CIRIS_HOME from env: /data/user/0/ai.ciris.mobile/files/ciris
03-25 20:31:29.913 E/CIRISApiClient(18302): [getMessages] Exception: UnknownHostException: Unable to resolve host "localhost": No address associated with hostname | Context: limit=50, is401=false, tokenPresent=true, tokenPreview=ciris_ad...0BKc
03-25 20:31:29.915 W/InteractViewModel(18302): [fetchHistory] Non-auth error: UnknownHostException: Unable to resolve host "localhost": No address associated with hostname
03-25 20:31:29.920 E/CIRISApiClient(18302): [getAuditEntries] Exception: UnknownHostException: Unable to resolve host "localhost": No address associated with hostname
03-25 20:31:31.802 E/CIRISApiClient(18302): [getLlmConfig] Exception: UnknownHostException: Unable to resolve host "localhost": No address associated with hostname
03-25 20:31:31.805 W/InteractViewModel(18302): [fetchHealthData] Failed to fetch LLM config from API: Unable to resolve host "localhost": No address associated with hostname
03-25 20:31:31.812 E/CIRISApiClient(18302): [getVerifyStatus] Exception: UnknownHostException: Unable to resolve host "localhost": No address associated with hostname
03-25 20:31:32.033 E/CIRISApiClient(18302): [getSystemStatus] Exception: UnknownHostException: Unable to resolve host "localhost": No address associated with hostname
03-25 20:31:32.932 E/CIRISApiClient(18302): [getMessages] Exception: UnknownHostException: Unable to resolve host "localhost": No address associated with hostname | Context: limit=50, is401=false, tokenPresent=true, tokenPreview=ciris_ad...0BKc
03-25 20:31:32.935 W/InteractViewModel(18302): [fetchHistory] Non-auth error: UnknownHostException: Unable to resolve host "localhost": No address associated with hostname
03-25 20:31:32.943 E/CIRISApiClient(18302): [getAuditEntries] Exception: UnknownHostException: Unable to resolve host "localhost": No address associated with hostname
03-25 20:31:34.919 I/CIRISApiClient(18302): [listAdapters] Listing adapters
03-25 20:31:34.927 E/CIRISApiClient(18302): [listAdapters] Exception: UnknownHostException: Unable to resolve host "localhost": No address associated with hostname
03-25 20:31:35.950 E/CIRISApiClient(18302): [getMessages] Exception: UnknownHostException: Unable to resolve host "localhost": No address associated with hostname | Context: limit=50, is401=false, tokenPresent=true, tokenPreview=ciris_ad...0BKc
03-25 20:31:35.952 W/InteractViewModel(18302): [fetchHistory] Non-auth error: UnknownHostException: Unable to resolve host "localhost": No address associated with hostname
03-25 20:31:35.966 E/CIRISApiClient(18302): [getAuditEntries] Exception: UnknownHostException: Unable to resolve host "localhost": No address associated with hostname
03-25 20:31:36.713 I/MainActivity( 1163): Initializing Python runtime...
03-25 20:31:36.952 I/MainActivity( 1163): Python runtime started
03-25 20:31:36.960 I/MainActivity( 1163): Google Sign-In initialized with client ID: 265882853697-l421ndo...
03-25 20:31:36.960 I/MainActivity( 1163): Initializing Google Play Billing...
03-25 20:31:37.016 I/CIRISApiClient( 1163): [init] CIRISApiClient initialized with baseUrl=http://localhost:8080
03-25 20:31:37.031 I/MainActivity( 1163): Google Play Billing initialized
03-25 20:31:37.033 I/MainActivity( 1163): Google Play Integrity initialized (via Python API)
03-25 20:31:37.040 E/CIRISApiClient(18302): [getSystemStatus] Exception: UnknownHostException: Unable to resolve host "localhost": No address associated with hostname
03-25 20:31:37.168 I/MainActivity( 1163): Running CIRIS network diagnostics...
03-25 20:31:37.169 I/MainActivity( 1163): Showing CIRISApp immediately for startup animation
03-25 20:31:37.169 I/MainActivity( 1163): Starting PythonRuntimeService...
03-25 20:31:37.176 D/CIRISApp( 1163): [INIT] CIRISApp composable invoked - googleSignInCallback=PRESENT (241859476)
03-25 20:31:37.184 I/CIRISApiClient( 1163): [init] CIRISApiClient initialized with baseUrl=http://localhost:8080
03-25 20:31:37.187 I/TokenManager( 1163): [setShared] Shared TokenManager instance set
03-25 20:31:37.191 D/MainActivity( 1163): Prep step 1/6: [1/6] Architecture: arm64-v8a (machine=aarch64)
03-25 20:31:37.191 D/MainActivity( 1163): Prep step 2/6: [2/6] Extract target: /data/data/ai.ciris.mobile.debug/files/chaquopy/extract-packages
03-25 20:31:37.191 D/MainActivity( 1163): Prep step 3/6: [3/6] Found existing .so: _pydantic_core.cpython-310-aarch64-linux-android.so
03-25 20:31:37.191 D/MainActivity( 1163): Prep step 4/6: [4/6] No cached modules to clear
03-25 20:31:37.191 D/MainActivity( 1163): Prep step 5/6: [5/6] sys.path[0] = /data/data/ai.ciris.mobile.debug/files/chaquopy/extract-packages
03-25 20:31:37.191 D/MainActivity( 1163): Prep step 5/6: [5/6] Installed PydanticCoreFinder at meta_path[0]
03-25 20:31:37.191 D/MainActivity( 1163): Prep step 6/6: [6/6] Testing native library load...
03-25 20:31:37.191 D/MainActivity( 1163): Prep step 6/6: [6/6] ctypes.CDLL: SUCCESS
03-25 20:31:37.192 D/MainActivity( 1163): Prep step 6/6: [6/6] import pydantic_core: SUCCESS (v2.23.4)
03-25 20:31:37.192 D/MainActivity( 1163): Prep step 6/6: [6/6] Location: /data/data/ai.ciris.mobile.debug/files/chaquopy/extract-packages/pydantic_core/__init__.py
03-25 20:31:37.192 D/MainActivity( 1163): Prep step 7/8: [7/8] Hashing ciris_engine...
03-25 20:31:37.192 D/MainActivity( 1163): Prep step 7/8: [7/8] ciris_engine: 686 files hashed
03-25 20:31:37.193 D/MainActivity( 1163): Prep step 8/8: [8/8] Hashing ciris_adapters...
03-25 20:31:37.193 D/MainActivity( 1163): Prep step 8/8: [8/8] ciris_adapters: 250 files hashed
03-25 20:31:37.195 I/InteractViewModel( 1163): [init] InteractViewModel initialized (polling deferred until token available)
03-25 20:31:37.196 I/InteractViewModel( 1163): [setDeviceAttestationCallback] Device attestation callback SET
03-25 20:31:37.197 I/SettingsViewModel( 1163): [loadDisplaySettings] >>> Loading live_background_enabled from secure storage...
03-25 20:31:37.200 I/BillingViewModel( 1163): [init] BillingViewModel initialized
03-25 20:31:37.215 D/MainActivity( 1163): Prep step 1/6: [1/6] Architecture: arm64-v8a (machine=aarch64)
03-25 20:31:37.215 D/MainActivity( 1163): Prep step 2/6: [2/6] Extract target: /data/data/ai.ciris.mobile.debug/files/chaquopy/extract-packages
03-25 20:31:37.215 D/MainActivity( 1163): Prep step 3/6: [3/6] Found existing .so: _pydantic_core.cpython-310-aarch64-linux-android.so
03-25 20:31:37.215 D/MainActivity( 1163): Prep step 4/6: [4/6] No cached modules to clear
03-25 20:31:37.216 D/MainActivity( 1163): Prep step 5/6: [5/6] sys.path[0] = /data/data/ai.ciris.mobile.debug/files/chaquopy/extract-packages
03-25 20:31:37.216 D/MainActivity( 1163): Prep step 5/6: [5/6] Installed PydanticCoreFinder at meta_path[0]
03-25 20:31:37.216 D/MainActivity( 1163): Prep step 6/6: [6/6] Testing native library load...
03-25 20:31:37.216 D/MainActivity( 1163): Prep step 6/6: [6/6] ctypes.CDLL: SUCCESS
03-25 20:31:37.216 D/MainActivity( 1163): Prep step 6/6: [6/6] import pydantic_core: SUCCESS (v2.23.4)
03-25 20:31:37.217 D/MainActivity( 1163): Prep step 6/6: [6/6] Location: /data/data/ai.ciris.mobile.debug/files/chaquopy/extract-packages/pydantic_core/__init__.py
03-25 20:31:37.217 D/MainActivity( 1163): Prep step 7/8: [7/8] Hashing ciris_engine...
03-25 20:31:37.217 D/MainActivity( 1163): Prep step 7/8: [7/8] ciris_engine: 686 files hashed
03-25 20:31:37.217 D/MainActivity( 1163): Prep step 8/8: [8/8] Hashing ciris_adapters...
03-25 20:31:37.218 D/MainActivity( 1163): Prep step 8/8: [8/8] ciris_adapters: 250 files hashed
03-25 20:31:37.220 D/MainActivity( 1163): Verify: INFO: ciris_verify: [ciris_keyring::platform::android] VERIFY key_exists check - phase 1 (file/wrapper check), wrapper_alias=agent_signing_aes_wrapper, encrypted_key_path="/data/user/0/ai.ciris.mobile.debug/files/ciris/data/agent_signing.ed25519.enc", wrapper_exists=true, file_exists=true
03-25 20:31:37.220 D/MainActivity( 1163): Verify: INFO: ciris_verify: [ciris_keyring::platform::android] VERIFY key_exists check - phase 2 PASSED (key can be decrypted), wrapper_alias=agent_signing_aes_wrapper
03-25 20:31:37.220 D/MainActivity( 1163): Verify: INFO: ciris_verify: [ciris_keyring::software] VERIFY MutableEd25519Signer::has_key - hardware wrapper check, has_key=true, hardware_backed=true, ciris_data_dir=Some("/data/user/0/ai.ciris.mobile.debug/files/ciris/data")
03-25 20:31:37.225 D/MainActivity( 1163): Service 1 started (1/22)
03-25 20:31:37.225 D/MainActivity( 1163): Service 1 started (1/22)
03-25 20:31:37.226 D/MainActivity( 1163): Service 2 started (2/22)
03-25 20:31:37.226 D/MainActivity( 1163): Service 2 started (2/22)
03-25 20:31:37.226 D/MainActivity( 1163): Service 3 started (3/22)
03-25 20:31:37.226 D/MainActivity( 1163): Service 3 started (3/22)
03-25 20:31:37.227 D/MainActivity( 1163): Service 4 started (4/22)
03-25 20:31:37.227 D/MainActivity( 1163): Service 4 started (4/22)
03-25 20:31:37.228 D/MainActivity( 1163): Service 5 started (5/22)
03-25 20:31:37.228 D/MainActivity( 1163): Service 22 started (6/22)
03-25 20:31:37.228 D/MainActivity( 1163): Service 6 started (7/22)
03-25 20:31:37.228 D/MainActivity( 1163): Service 7 started (8/22)
03-25 20:31:37.228 D/MainActivity( 1163): Service 15 started (9/22)
03-25 20:31:37.228 D/MainActivity( 1163): Service 13 started (10/22)
03-25 20:31:37.229 D/MainActivity( 1163): Service 9 started (11/22)
03-25 20:31:37.229 D/MainActivity( 1163): Service 14 started (12/22)
03-25 20:31:37.229 D/MainActivity( 1163): Service 8 started (13/22)
03-25 20:31:37.229 D/MainActivity( 1163): Service 10 started (14/22)
03-25 20:31:37.229 D/MainActivity( 1163): Service 19 started (15/22)
03-25 20:31:37.229 D/MainActivity( 1163): Service 18 started (16/22)
03-25 20:31:37.229 D/MainActivity( 1163): Service 11 started (17/22)
03-25 20:31:37.229 D/MainActivity( 1163): Service 16 started (18/22)
03-25 20:31:37.230 D/MainActivity( 1163): Service 21 started (19/22)
03-25 20:31:37.230 D/MainActivity( 1163): Service 20 started (20/22)
03-25 20:31:37.230 D/MainActivity( 1163): Service 12 started (21/22)
03-25 20:31:37.230 D/MainActivity( 1163): Service 17 started (22/22)
03-25 20:31:37.312 I/MainActivity( 1163): Setting purchase result callback
03-25 20:31:37.326 D/CIRISApp( 1163): [INIT] CIRISApp composable invoked - googleSignInCallback=PRESENT (241859476)
03-25 20:31:37.327 I/InteractViewModel( 1163): [setDeviceAttestationCallback] Device attestation callback SET
03-25 20:31:37.361 I/SettingsViewModel( 1163): [loadDisplaySettings] >>> Raw value='true', parsed=true
03-25 20:31:37.361 I/SettingsViewModel( 1163): [loadDisplaySettings] >>> Live background state set to: true
03-25 20:31:37.372 I/SettingsViewModel( 1163): [loadDisplaySettings] >>> Color theme loaded: LAPIS
03-25 20:31:37.373 D/CIRISApp( 1163): [INIT] CIRISApp composable invoked - googleSignInCallback=PRESENT (241859476)
03-25 20:31:37.374 I/InteractViewModel( 1163): [setDeviceAttestationCallback] Device attestation callback SET
03-25 20:31:37.398 I/python.stdout( 1163): ============================================================
03-25 20:31:37.398 I/python.stdout( 1163): PYDANTIC_CORE NATIVE LIBRARY SETUP
03-25 20:31:37.398 I/python.stdout( 1163): ============================================================
03-25 20:31:37.398 I/python.stdout( 1163): [1/6] Architecture: arm64-v8a (machine=aarch64)
03-25 20:31:37.398 I/python.stdout( 1163): [2/6] Extract target: /data/data/ai.ciris.mobile.debug/files/chaquopy/extract-packages
03-25 20:31:37.399 D/MainActivity( 1163): Prep step 1/6: [1/6] Architecture: arm64-v8a (machine=aarch64)
03-25 20:31:37.400 D/MainActivity( 1163): Prep step 2/6: [2/6] Extract target: /data/data/ai.ciris.mobile.debug/files/chaquopy/extract-packages
03-25 20:31:37.400 I/python.stdout( 1163): [3/6] Found existing .so: _pydantic_core.cpython-310-aarch64-linux-android.so
03-25 20:31:37.400 I/python.stdout( 1163): [4/6] No cached modules to clear
03-25 20:31:37.400 I/python.stdout( 1163): [5/6] sys.path[0] = /data/data/ai.ciris.mobile.debug/files/chaquopy/extract-packages
03-25 20:31:37.400 I/python.stdout( 1163): [5/6] Installed PydanticCoreFinder at meta_path[0]
03-25 20:31:37.400 I/python.stdout( 1163): [6/6] Testing native library load...
03-25 20:31:37.400 D/MainActivity( 1163): Prep step 3/6: [3/6] Found existing .so: _pydantic_core.cpython-310-aarch64-linux-android.so
03-25 20:31:37.401 D/MainActivity( 1163): Prep step 4/6: [4/6] No cached modules to clear
03-25 20:31:37.401 D/MainActivity( 1163): Prep step 5/6: [5/6] sys.path[0] = /data/data/ai.ciris.mobile.debug/files/chaquopy/extract-packages
03-25 20:31:37.401 D/MainActivity( 1163): Prep step 5/6: [5/6] Installed PydanticCoreFinder at meta_path[0]
03-25 20:31:37.401 D/MainActivity( 1163): Prep step 6/6: [6/6] Testing native library load...
03-25 20:31:37.404 I/python.stdout( 1163): [6/6] ctypes.CDLL: SUCCESS
03-25 20:31:37.404 W/python.stderr( 1163): <frozen importlib._bootstrap>:914: ImportWarning: PydanticCoreFinder.find_spec() not found; falling back to find_module()
03-25 20:31:37.404 W/python.stderr( 1163): <frozen importlib._bootstrap>:671: ImportWarning: PydanticCoreFinder.exec_module() not found; falling back to load_module()
03-25 20:31:37.404 D/MainActivity( 1163): Prep step 6/6: [6/6] ctypes.CDLL: SUCCESS
03-25 20:31:37.429 I/SettingsViewModel( 1163): [loadDisplaySettings] >>> Brightness preference loaded: DARK
03-25 20:31:37.437 I/python.stdout( 1163): [6/6] import pydantic_core: SUCCESS (v2.23.4)
03-25 20:31:37.437 I/python.stdout( 1163): [6/6] Location: /data/data/ai.ciris.mobile.debug/files/chaquopy/extract-packages/pydantic_core/__init__.py
03-25 20:31:37.437 I/python.stdout( 1163): ============================================================
03-25 20:31:37.437 I/python.stdout( 1163): PYDANTIC_CORE READY
03-25 20:31:37.437 I/python.stdout( 1163): ============================================================
03-25 20:31:37.437 I/python.stdout( 1163): INFO: mobile_main: CIRIS Mobile - Full On-Device Runtime (LLM Remote)
03-25 20:31:37.439 D/MainActivity( 1163): Prep step 6/6: [6/6] import pydantic_core: SUCCESS (v2.23.4)
03-25 20:31:37.441 D/MainActivity( 1163): Prep step 6/6: [6/6] Location: /data/data/ai.ciris.mobile.debug/files/chaquopy/extract-packages/pydantic_core/__init__.py
03-25 20:31:37.443 D/CIRISApp( 1163): [INIT] CIRISApp composable invoked - googleSignInCallback=PRESENT (241859476)
03-25 20:31:37.444 I/InteractViewModel( 1163): [setDeviceAttestationCallback] Device attestation callback SET
03-25 20:31:37.831 I/MainActivity( 1163): Network diagnostics completed
03-25 20:31:38.884 D/CIRISApp( 1163): [INIT] CIRISApp composable invoked - googleSignInCallback=PRESENT (241859476)
03-25 20:31:38.884 I/InteractViewModel( 1163): [setDeviceAttestationCallback] Device attestation callback SET
03-25 20:31:38.916 D/CIRISApp( 1163): [INFO] Startup READY, checking first-run status...
03-25 20:31:38.928 I/CIRISApiClient( 1163): [init] CIRISApiClient initialized with baseUrl=http://localhost:8080
03-25 20:31:38.965 E/CIRISApiClient( 1163): [getSetupStatus] Exception: ConnectException: Failed to connect to localhost/127.0.0.1:8080
03-25 20:31:38.965 E/CIRISApiClient( 1163): java.net.ConnectException: Failed to connect to localhost/127.0.0.1:8080
03-25 20:31:38.965 E/CIRISApiClient( 1163): 	at okhttp3.internal.connection.RealConnection.connectSocket(RealConnection.kt:297)
03-25 20:31:38.965 E/CIRISApiClient( 1163): 	at okhttp3.internal.connection.RealConnection.connect(RealConnection.kt:207)
03-25 20:31:38.965 E/CIRISApiClient( 1163): 	at okhttp3.internal.connection.ExchangeFinder.findConnection(ExchangeFinder.kt:226)
03-25 20:31:38.965 E/CIRISApiClient( 1163): 	at okhttp3.internal.connection.ExchangeFinder.findHealthyConnection(ExchangeFinder.kt:106)
03-25 20:31:38.965 E/CIRISApiClient( 1163): 	at okhttp3.internal.connection.ExchangeFinder.find(ExchangeFinder.kt:74)
03-25 20:31:38.965 E/CIRISApiClient( 1163): 	at okhttp3.internal.connection.RealCall.initExchange$okhttp(RealCall.kt:255)
03-25 20:31:38.965 E/CIRISApiClient( 1163): 	at okhttp3.internal.connection.ConnectInterceptor.intercept(ConnectInterceptor.kt:32)
03-25 20:31:38.965 E/CIRISApiClient( 1163): 	at okhttp3.internal.http.RealInterceptorChain.proceed(RealInterceptorChain.kt:109)
03-25 20:31:38.965 E/CIRISApiClient( 1163): 	at okhttp3.internal.cache.CacheInterceptor.intercept(CacheInterceptor.kt:95)
03-25 20:31:38.965 E/CIRISApiClient( 1163): 	at okhttp3.internal.http.RealInterceptorChain.proceed(RealInterceptorChain.kt:109)
03-25 20:31:38.965 E/CIRISApiClient( 1163): 	at okhttp3.internal.http.BridgeInterceptor.intercept(BridgeInterceptor.kt:83)
03-25 20:31:38.965 E/CIRISApiClient( 1163): 	at okhttp3.internal.http.RealInterceptorChain.proceed(RealInterceptorChain.kt:109)
03-25 20:31:38.965 E/CIRISApiClient( 1163): 	at okhttp3.internal.http.RetryAndFollowUpInterceptor.intercept(RetryAndFollowUpInterceptor.kt:76)
03-25 20:31:38.965 E/CIRISApiClient( 1163): 	at okhttp3.internal.http.RealInterceptorChain.proceed(RealInterceptorChain.kt:109)
03-25 20:31:38.965 E/CIRISApiClient( 1163): 	at okhttp3.internal.connection.RealCall.getResponseWithInterceptorChain$okhttp(RealCall.kt:201)
03-25 20:31:38.965 E/CIRISApiClient( 1163): 	at okhttp3.internal.connection.RealCall$AsyncCall.run(RealCall.kt:517)
03-25 20:31:38.965 E/CIRISApiClient( 1163): 	at java.util.concurrent.ThreadPoolExecutor.runWorker(ThreadPoolExecutor.java:1154)
03-25 20:31:38.965 E/CIRISApiClient( 1163): 	at java.util.concurrent.ThreadPoolExecutor$Worker.run(ThreadPoolExecutor.java:652)
03-25 20:31:38.965 E/CIRISApiClient( 1163): 	at java.lang.Thread.run(Thread.java:1564)
03-25 20:31:38.965 E/CIRISApiClient( 1163): Caused by: java.net.ConnectException: failed to connect to localhost/127.0.0.1 (port 8080) from /127.0.0.1 (port 43480) after 10000ms: isConnected failed: ECONNREFUSED (Connection refused)
03-25 20:31:38.965 E/CIRISApiClient( 1163): 	at libcore.io.IoBridge.isConnected(IoBridge.java:347)
03-25 20:31:38.965 E/CIRISApiClient( 1163): 	at libcore.io.IoBridge.connectErrno(IoBridge.java:237)
03-25 20:31:38.965 E/CIRISApiClient( 1163): 	at libcore.io.IoBridge.connect(IoBridge.java:179)
03-25 20:31:38.965 E/CIRISApiClient( 1163): 	at java.net.PlainSocketImpl.socketConnect(PlainSocketImpl.java:142)
03-25 20:31:38.965 E/CIRISApiClient( 1163): 	at java.net.AbstractPlainSocketImpl.doConnect(AbstractPlainSocketImpl.java:390)
03-25 20:31:38.965 E/CIRISApiClient( 1163): 	at java.net.AbstractPlainSocketImpl.connectToAddress(AbstractPlainSocketImpl.java:230)
03-25 20:31:38.965 E/CIRISApiClient( 1163): 	at java.net.AbstractPlainSocketImpl.connect(AbstractPlainSocketImpl.java:212)
03-25 20:31:38.965 E/CIRISApiClient( 1163): 	at java.net.SocksSocketImpl.connect(SocksSocketImpl.java:436)
03-25 20:31:38.965 E/CIRISApiClient( 1163): 	at java.net.Socket.connect(Socket.java:646)
03-25 20:31:38.965 E/CIRISApiClient( 1163): 	at okhttp3.internal.platform.Platform.connectSocket(Platform.kt:128)
03-25 20:31:38.965 E/CIRISApiClient( 1163): 	at okhttp3.internal.connection.RealConnection.connectSocket(RealConnection.kt:295)
03-25 20:31:38.965 E/CIRISApiClient( 1163): 	... 18 more
03-25 20:31:38.965 E/CIRISApiClient( 1163): Caused by: android.system.ErrnoException: isConnected failed: ECONNREFUSED (Connection refused)
03-25 20:31:38.965 E/CIRISApiClient( 1163): 	at libcore.io.IoBridge.isConnected(IoBridge.java:334)
03-25 20:31:38.965 E/CIRISApiClient( 1163): 	... 28 more
03-25 20:31:38.979 E/CIRISApiClient(18302): [getMessages] Exception: UnknownHostException: Unable to resolve host "localhost": No address associated with hostname | Context: limit=50, is401=false, tokenPresent=true, tokenPreview=ciris_ad...0BKc
03-25 20:31:38.981 W/InteractViewModel(18302): [fetchHistory] Non-auth error: UnknownHostException: Unable to resolve host "localhost": No address associated with hostname
03-25 20:31:38.987 E/CIRISApiClient(18302): [getAuditEntries] Exception: UnknownHostException: Unable to resolve host "localhost": No address associated with hostname
03-25 20:31:39.352 W/python.stderr( 1163): stdlib/enum.py:289: DeprecationWarning: FUNCTIONS is deprecated and will be removed in future versions
03-25 20:31:39.479 I/CIRISApiClient( 1163): [init] CIRISApiClient initialized with baseUrl=http://localhost:8080
03-25 20:31:39.488 E/CIRISApiClient( 1163): [getSetupStatus] Exception: ConnectException: Failed to connect to localhost/127.0.0.1:8080
03-25 20:31:39.488 E/CIRISApiClient( 1163): java.net.ConnectException: Failed to connect to localhost/127.0.0.1:8080
03-25 20:31:39.488 E/CIRISApiClient( 1163): 	at okhttp3.internal.connection.RealConnection.connectSocket(RealConnection.kt:297)
03-25 20:31:39.488 E/CIRISApiClient( 1163): 	at okhttp3.internal.connection.RealConnection.connect(RealConnection.kt:207)
03-25 20:31:39.488 E/CIRISApiClient( 1163): 	at okhttp3.internal.connection.ExchangeFinder.findConnection(ExchangeFinder.kt:226)
03-25 20:31:39.488 E/CIRISApiClient( 1163): 	at okhttp3.internal.connection.ExchangeFinder.findHealthyConnection(ExchangeFinder.kt:106)
03-25 20:31:39.488 E/CIRISApiClient( 1163): 	at okhttp3.internal.connection.ExchangeFinder.find(ExchangeFinder.kt:74)
03-25 20:31:39.488 E/CIRISApiClient( 1163): 	at okhttp3.internal.connection.RealCall.initExchange$okhttp(RealCall.kt:255)
03-25 20:31:39.488 E/CIRISApiClient( 1163): 	at okhttp3.internal.connection.ConnectInterceptor.intercept(ConnectInterceptor.kt:32)
03-25 20:31:39.488 E/CIRISApiClient( 1163): 	at okhttp3.internal.http.RealInterceptorChain.proceed(RealInterceptorChain.kt:109)
03-25 20:31:39.488 E/CIRISApiClient( 1163): 	at okhttp3.internal.cache.CacheInterceptor.intercept(CacheInterceptor.kt:95)
03-25 20:31:39.488 E/CIRISApiClient( 1163): 	at okhttp3.internal.http.RealInterceptorChain.proceed(RealInterceptorChain.kt:109)
03-25 20:31:39.488 E/CIRISApiClient( 1163): 	at okhttp3.internal.http.BridgeInterceptor.intercept(BridgeInterceptor.kt:83)
03-25 20:31:39.488 E/CIRISApiClient( 1163): 	at okhttp3.internal.http.RealInterceptorChain.proceed(RealInterceptorChain.kt:109)
03-25 20:31:39.488 E/CIRISApiClient( 1163): 	at okhttp3.internal.http.RetryAndFollowUpInterceptor.intercept(RetryAndFollowUpInterceptor.kt:76)
03-25 20:31:39.488 E/CIRISApiClient( 1163): 	at okhttp3.internal.http.RealInterceptorChain.proceed(RealInterceptorChain.kt:109)
03-25 20:31:39.488 E/CIRISApiClient( 1163): 	at okhttp3.internal.connection.RealCall.getResponseWithInterceptorChain$okhttp(RealCall.kt:201)
03-25 20:31:39.488 E/CIRISApiClient( 1163): 	at okhttp3.internal.connection.RealCall$AsyncCall.run(RealCall.kt:517)
03-25 20:31:39.488 E/CIRISApiClient( 1163): 	at java.util.concurrent.ThreadPoolExecutor.runWorker(ThreadPoolExecutor.java:1154)
03-25 20:31:39.488 E/CIRISApiClient( 1163): 	at java.util.concurrent.ThreadPoolExecutor$Worker.run(ThreadPoolExecutor.java:652)
03-25 20:31:39.488 E/CIRISApiClient( 1163): 	at java.lang.Thread.run(Thread.java:1564)
03-25 20:31:39.488 E/CIRISApiClient( 1163): Caused by: java.net.ConnectException: failed to connect to localhost/127.0.0.1 (port 8080) from /127.0.0.1 (port 43488) after 10000ms: isConnected failed: ECONNREFUSED (Connection refused)
03-25 20:31:39.488 E/CIRISApiClient( 1163): 	at libcore.io.IoBridge.isConnected(IoBridge.java:347)
03-25 20:31:39.488 E/CIRISApiClient( 1163): 	at libcore.io.IoBridge.connectErrno(IoBridge.java:237)
03-25 20:31:39.488 E/CIRISApiClient( 1163): 	at libcore.io.IoBridge.connect(IoBridge.java:179)
03-25 20:31:39.488 E/CIRISApiClient( 1163): 	at java.net.PlainSocketImpl.socketConnect(PlainSocketImpl.java:142)
03-25 20:31:39.488 E/CIRISApiClient( 1163): 	at java.net.AbstractPlainSocketImpl.doConnect(AbstractPlainSocketImpl.java:390)
03-25 20:31:39.488 E/CIRISApiClient( 1163): 	at java.net.AbstractPlainSocketImpl.connectToAddress(AbstractPlainSocketImpl.java:230)
03-25 20:31:39.488 E/CIRISApiClient( 1163): 	at java.net.AbstractPlainSocketImpl.connect(AbstractPlainSocketImpl.java:212)
03-25 20:31:39.488 E/CIRISApiClient( 1163): 	at java.net.SocksSocketImpl.connect(SocksSocketImpl.java:436)
03-25 20:31:39.488 E/CIRISApiClient( 1163): 	at java.net.Socket.connect(Socket.java:646)
03-25 20:31:39.488 E/CIRISApiClient( 1163): 	at okhttp3.internal.platform.Platform.connectSocket(Platform.kt:128)
03-25 20:31:39.488 E/CIRISApiClient( 1163): 	at okhttp3.internal.connection.RealConnection.connectSocket(RealConnection.kt:295)
03-25 20:31:39.488 E/CIRISApiClient( 1163): 	... 18 more
03-25 20:31:39.488 E/CIRISApiClient( 1163): Caused by: android.system.ErrnoException: isConnected failed: ECONNREFUSED (Connection refused)
03-25 20:31:39.488 E/CIRISApiClient( 1163): 	at libcore.io.IoBridge.isConnected(IoBridge.java:334)
03-25 20:31:39.488 E/CIRISApiClient( 1163): 	... 28 more
03-25 20:31:39.576 I/python.stdout( 1163): INFO: ciris_engine.logic.utils.path_resolution: [path_resolution] CIRIS_HOME configured: /data/data/ai.ciris.mobile.debug/files/ciris (platform: Android, os: linux)
03-25 20:31:39.576 I/python.stdout( 1163): INFO: mobile_main: Android paths: CIRIS_HOME=/data/data/ai.ciris.mobile.debug/files/ciris, data=/data/data/ai.ciris.mobile.debug/files/ciris/data, logs=/data/data/ai.ciris.mobile.debug/files/ciris/logs
03-25 20:31:39.576 I/python.stdout( 1163): INFO: mobile_main: Loading configuration from /data/data/ai.ciris.mobile.debug/files/ciris/.env
03-25 20:31:39.580 I/python.stdout( 1163): INFO: mobile_main: Loaded .env - OPENAI_API_KEY set: True
03-25 20:31:39.580 I/python.stdout( 1163): INFO: mobile_main: Loaded .env - OPENAI_API_BASE: https://llm01.ciris-services-1.ai/v1
03-25 20:31:39.580 I/python.stdout( 1163): INFO: mobile_main: Verifying code integrity (parallel with imports)...
03-25 20:31:39.584 I/python.stdout( 1163): [7/8] Hashing ciris_engine...
03-25 20:31:39.584 D/MainActivity( 1163): Prep step 7/8: [7/8] Hashing ciris_engine...
03-25 20:31:39.737 D/EnvFileUpdater(18302): Found CIRIS_HOME from env: /data/user/0/ai.ciris.mobile/files/ciris
03-25 20:31:40.000 I/CIRISApiClient( 1163): [init] CIRISApiClient initialized with baseUrl=http://localhost:8080
03-25 20:31:40.007 E/CIRISApiClient( 1163): [getSetupStatus] Exception: ConnectException: Failed to connect to localhost/127.0.0.1:8080
03-25 20:31:40.007 E/CIRISApiClient( 1163): java.net.ConnectException: Failed to connect to localhost/127.0.0.1:8080
03-25 20:31:40.007 E/CIRISApiClient( 1163): 	at okhttp3.internal.connection.RealConnection.connectSocket(RealConnection.kt:297)
03-25 20:31:40.007 E/CIRISApiClient( 1163): 	at okhttp3.internal.connection.RealConnection.connect(RealConnection.kt:207)
03-25 20:31:40.007 E/CIRISApiClient( 1163): 	at okhttp3.internal.connection.ExchangeFinder.findConnection(ExchangeFinder.kt:226)
03-25 20:31:40.007 E/CIRISApiClient( 1163): 	at okhttp3.internal.connection.ExchangeFinder.findHealthyConnection(ExchangeFinder.kt:106)
03-25 20:31:40.007 E/CIRISApiClient( 1163): 	at okhttp3.internal.connection.ExchangeFinder.find(ExchangeFinder.kt:74)
03-25 20:31:40.007 E/CIRISApiClient( 1163): 	at okhttp3.internal.connection.RealCall.initExchange$okhttp(RealCall.kt:255)
03-25 20:31:40.007 E/CIRISApiClient( 1163): 	at okhttp3.internal.connection.ConnectInterceptor.intercept(ConnectInterceptor.kt:32)
03-25 20:31:40.007 E/CIRISApiClient( 1163): 	at okhttp3.internal.http.RealInterceptorChain.proceed(RealInterceptorChain.kt:109)
03-25 20:31:40.007 E/CIRISApiClient( 1163): 	at okhttp3.internal.cache.CacheInterceptor.intercept(CacheInterceptor.kt:95)
03-25 20:31:40.007 E/CIRISApiClient( 1163): 	at okhttp3.internal.http.RealInterceptorChain.proceed(RealInterceptorChain.kt:109)
03-25 20:31:40.007 E/CIRISApiClient( 1163): 	at okhttp3.internal.http.BridgeInterceptor.intercept(BridgeInterceptor.kt:83)
03-25 20:31:40.007 E/CIRISApiClient( 1163): 	at okhttp3.internal.http.RealInterceptorChain.proceed(RealInterceptorChain.kt:109)
03-25 20:31:40.007 E/CIRISApiClient( 1163): 	at okhttp3.internal.http.RetryAndFollowUpInterceptor.intercept(RetryAndFollowUpInterceptor.kt:76)
03-25 20:31:40.007 E/CIRISApiClient( 1163): 	at okhttp3.internal.http.RealInterceptorChain.proceed(RealInterceptorChain.kt:109)
03-25 20:31:40.007 E/CIRISApiClient( 1163): 	at okhttp3.internal.connection.RealCall.getResponseWithInterceptorChain$okhttp(RealCall.kt:201)
03-25 20:31:40.007 E/CIRISApiClient( 1163): 	at okhttp3.internal.connection.RealCall$AsyncCall.run(RealCall.kt:517)
03-25 20:31:40.007 E/CIRISApiClient( 1163): 	at java.util.concurrent.ThreadPoolExecutor.runWorker(ThreadPoolExecutor.java:1154)
03-25 20:31:40.007 E/CIRISApiClient( 1163): 	at java.util.concurrent.ThreadPoolExecutor$Worker.run(ThreadPoolExecutor.java:652)
03-25 20:31:40.007 E/CIRISApiClient( 1163): 	at java.lang.Thread.run(Thread.java:1564)
03-25 20:31:40.007 E/CIRISApiClient( 1163): Caused by: java.net.ConnectException: failed to connect to localhost/127.0.0.1 (port 8080) from /127.0.0.1 (port 43504) after 10000ms: isConnected failed: ECONNREFUSED (Connection refused)
03-25 20:31:40.007 E/CIRISApiClient( 1163): 	at libcore.io.IoBridge.isConnected(IoBridge.java:347)
03-25 20:31:40.007 E/CIRISApiClient( 1163): 	at libcore.io.IoBridge.connectErrno(IoBridge.java:237)
03-25 20:31:40.007 E/CIRISApiClient( 1163): 	at libcore.io.IoBridge.connect(IoBridge.java:179)
03-25 20:31:40.007 E/CIRISApiClient( 1163): 	at java.net.PlainSocketImpl.socketConnect(PlainSocketImpl.java:142)
03-25 20:31:40.007 E/CIRISApiClient( 1163): 	at java.net.AbstractPlainSocketImpl.doConnect(AbstractPlainSocketImpl.java:390)
03-25 20:31:40.007 E/CIRISApiClient( 1163): 	at java.net.AbstractPlainSocketImpl.connectToAddress(AbstractPlainSocketImpl.java:230)
03-25 20:31:40.007 E/CIRISApiClient( 1163): 	at java.net.AbstractPlainSocketImpl.connect(AbstractPlainSocketImpl.java:212)
03-25 20:31:40.007 E/CIRISApiClient( 1163): 	at java.net.SocksSocketImpl.connect(SocksSocketImpl.java:436)
03-25 20:31:40.007 E/CIRISApiClient( 1163): 	at java.net.Socket.connect(Socket.java:646)
03-25 20:31:40.007 E/CIRISApiClient( 1163): 	at okhttp3.internal.platform.Platform.connectSocket(Platform.kt:128)
03-25 20:31:40.007 E/CIRISApiClient( 1163): 	at okhttp3.internal.connection.RealConnection.connectSocket(RealConnection.kt:295)
03-25 20:31:40.007 E/CIRISApiClient( 1163): 	... 18 more
03-25 20:31:40.007 E/CIRISApiClient( 1163): Caused by: android.system.ErrnoException: isConnected failed: ECONNREFUSED (Connection refused)
03-25 20:31:40.007 E/CIRISApiClient( 1163): 	at libcore.io.IoBridge.isConnected(IoBridge.java:334)
03-25 20:31:40.007 E/CIRISApiClient( 1163): 	... 28 more
03-25 20:31:40.524 I/CIRISApiClient( 1163): [init] CIRISApiClient initialized with baseUrl=http://localhost:8080
03-25 20:31:40.533 E/CIRISApiClient( 1163): [getSetupStatus] Exception: ConnectException: Failed to connect to localhost/127.0.0.1:8080
03-25 20:31:40.533 E/CIRISApiClient( 1163): java.net.ConnectException: Failed to connect to localhost/127.0.0.1:8080
03-25 20:31:40.533 E/CIRISApiClient( 1163): 	at okhttp3.internal.connection.RealConnection.connectSocket(RealConnection.kt:297)
03-25 20:31:40.533 E/CIRISApiClient( 1163): 	at okhttp3.internal.connection.RealConnection.connect(RealConnection.kt:207)
03-25 20:31:40.533 E/CIRISApiClient( 1163): 	at okhttp3.internal.connection.ExchangeFinder.findConnection(ExchangeFinder.kt:226)
03-25 20:31:40.533 E/CIRISApiClient( 1163): 	at okhttp3.internal.connection.ExchangeFinder.findHealthyConnection(ExchangeFinder.kt:106)
03-25 20:31:40.533 E/CIRISApiClient( 1163): 	at okhttp3.internal.connection.ExchangeFinder.find(ExchangeFinder.kt:74)
03-25 20:31:40.533 E/CIRISApiClient( 1163): 	at okhttp3.internal.connection.RealCall.initExchange$okhttp(RealCall.kt:255)
03-25 20:31:40.533 E/CIRISApiClient( 1163): 	at okhttp3.internal.connection.ConnectInterceptor.intercept(ConnectInterceptor.kt:32)
03-25 20:31:40.533 E/CIRISApiClient( 1163): 	at okhttp3.internal.http.RealInterceptorChain.proceed(RealInterceptorChain.kt:109)
03-25 20:31:40.533 E/CIRISApiClient( 1163): 	at okhttp3.internal.cache.CacheInterceptor.intercept(CacheInterceptor.kt:95)
03-25 20:31:40.533 E/CIRISApiClient( 1163): 	at okhttp3.internal.http.RealInterceptorChain.proceed(RealInterceptorChain.kt:109)
03-25 20:31:40.533 E/CIRISApiClient( 1163): 	at okhttp3.internal.http.BridgeInterceptor.intercept(BridgeInterceptor.kt:83)
03-25 20:31:40.533 E/CIRISApiClient( 1163): 	at okhttp3.internal.http.RealInterceptorChain.proceed(RealInterceptorChain.kt:109)
03-25 20:31:40.533 E/CIRISApiClient( 1163): 	at okhttp3.internal.http.RetryAndFollowUpInterceptor.intercept(RetryAndFollowUpInterceptor.kt:76)
03-25 20:31:40.533 E/CIRISApiClient( 1163): 	at okhttp3.internal.http.RealInterceptorChain.proceed(RealInterceptorChain.kt:109)
03-25 20:31:40.533 E/CIRISApiClient( 1163): 	at okhttp3.internal.connection.RealCall.getResponseWithInterceptorChain$okhttp(RealCall.kt:201)
03-25 20:31:40.533 E/CIRISApiClient( 1163): 	at okhttp3.internal.connection.RealCall$AsyncCall.run(RealCall.kt:517)
03-25 20:31:40.533 E/CIRISApiClient( 1163): 	at java.util.concurrent.ThreadPoolExecutor.runWorker(ThreadPoolExecutor.java:1154)
03-25 20:31:40.533 E/CIRISApiClient( 1163): 	at java.util.concurrent.ThreadPoolExecutor$Worker.run(ThreadPoolExecutor.java:652)
03-25 20:31:40.533 E/CIRISApiClient( 1163): 	at java.lang.Thread.run(Thread.java:1564)
03-25 20:31:40.533 E/CIRISApiClient( 1163): Caused by: java.net.ConnectException: failed to connect to localhost/127.0.0.1 (port 8080) from /127.0.0.1 (port 43512) after 10000ms: isConnected failed: ECONNREFUSED (Connection refused)
03-25 20:31:40.533 E/CIRISApiClient( 1163): 	at libcore.io.IoBridge.isConnected(IoBridge.java:347)
03-25 20:31:40.533 E/CIRISApiClient( 1163): 	at libcore.io.IoBridge.connectErrno(IoBridge.java:237)
03-25 20:31:40.533 E/CIRISApiClient( 1163): 	at libcore.io.IoBridge.connect(IoBridge.java:179)
03-25 20:31:40.533 E/CIRISApiClient( 1163): 	at java.net.PlainSocketImpl.socketConnect(PlainSocketImpl.java:142)
03-25 20:31:40.533 E/CIRISApiClient( 1163): 	at java.net.AbstractPlainSocketImpl.doConnect(AbstractPlainSocketImpl.java:390)
03-25 20:31:40.533 E/CIRISApiClient( 1163): 	at java.net.AbstractPlainSocketImpl.connectToAddress(AbstractPlainSocketImpl.java:230)
03-25 20:31:40.533 E/CIRISApiClient( 1163): 	at java.net.AbstractPlainSocketImpl.connect(AbstractPlainSocketImpl.java:212)
03-25 20:31:40.533 E/CIRISApiClient( 1163): 	at java.net.SocksSocketImpl.connect(SocksSocketImpl.java:436)
03-25 20:31:40.533 E/CIRISApiClient( 1163): 	at java.net.Socket.connect(Socket.java:646)
03-25 20:31:40.533 E/CIRISApiClient( 1163): 	at okhttp3.internal.platform.Platform.connectSocket(Platform.kt:128)
03-25 20:31:40.533 E/CIRISApiClient( 1163): 	at okhttp3.internal.connection.RealConnection.connectSocket(RealConnection.kt:295)
03-25 20:31:40.533 E/CIRISApiClient( 1163): 	... 18 more
03-25 20:31:40.533 E/CIRISApiClient( 1163): Caused by: android.system.ErrnoException: isConnected failed: ECONNREFUSED (Connection refused)
03-25 20:31:40.533 E/CIRISApiClient( 1163): 	at libcore.io.IoBridge.isConnected(IoBridge.java:334)
03-25 20:31:40.533 E/CIRISApiClient( 1163): 	... 28 more
03-25 20:31:41.050 I/CIRISApiClient( 1163): [init] CIRISApiClient initialized with baseUrl=http://localhost:8080
03-25 20:31:41.060 E/CIRISApiClient( 1163): [getSetupStatus] Exception: ConnectException: Failed to connect to localhost/127.0.0.1:8080
03-25 20:31:41.060 E/CIRISApiClient( 1163): java.net.ConnectException: Failed to connect to localhost/127.0.0.1:8080
03-25 20:31:41.060 E/CIRISApiClient( 1163): 	at okhttp3.internal.connection.RealConnection.connectSocket(RealConnection.kt:297)
03-25 20:31:41.060 E/CIRISApiClient( 1163): 	at okhttp3.internal.connection.RealConnection.connect(RealConnection.kt:207)
03-25 20:31:41.060 E/CIRISApiClient( 1163): 	at okhttp3.internal.connection.ExchangeFinder.findConnection(ExchangeFinder.kt:226)
03-25 20:31:41.060 E/CIRISApiClient( 1163): 	at okhttp3.internal.connection.ExchangeFinder.findHealthyConnection(ExchangeFinder.kt:106)
03-25 20:31:41.060 E/CIRISApiClient( 1163): 	at okhttp3.internal.connection.ExchangeFinder.find(ExchangeFinder.kt:74)
03-25 20:31:41.060 E/CIRISApiClient( 1163): 	at okhttp3.internal.connection.RealCall.initExchange$okhttp(RealCall.kt:255)
03-25 20:31:41.060 E/CIRISApiClient( 1163): 	at okhttp3.internal.connection.ConnectInterceptor.intercept(ConnectInterceptor.kt:32)
03-25 20:31:41.060 E/CIRISApiClient( 1163): 	at okhttp3.internal.http.RealInterceptorChain.proceed(RealInterceptorChain.kt:109)
03-25 20:31:41.060 E/CIRISApiClient( 1163): 	at okhttp3.internal.cache.CacheInterceptor.intercept(CacheInterceptor.kt:95)
03-25 20:31:41.060 E/CIRISApiClient( 1163): 	at okhttp3.internal.http.RealInterceptorChain.proceed(RealInterceptorChain.kt:109)
03-25 20:31:41.060 E/CIRISApiClient( 1163): 	at okhttp3.internal.http.BridgeInterceptor.intercept(BridgeInterceptor.kt:83)
03-25 20:31:41.060 E/CIRISApiClient( 1163): 	at okhttp3.internal.http.RealInterceptorChain.proceed(RealInterceptorChain.kt:109)
03-25 20:31:41.060 E/CIRISApiClient( 1163): 	at okhttp3.internal.http.RetryAndFollowUpInterceptor.intercept(RetryAndFollowUpInterceptor.kt:76)
03-25 20:31:41.060 E/CIRISApiClient( 1163): 	at okhttp3.internal.http.RealInterceptorChain.proceed(RealInterceptorChain.kt:109)
03-25 20:31:41.060 E/CIRISApiClient( 1163): 	at okhttp3.internal.connection.RealCall.getResponseWithInterceptorChain$okhttp(RealCall.kt:201)
03-25 20:31:41.060 E/CIRISApiClient( 1163): 	at okhttp3.internal.connection.RealCall$AsyncCall.run(RealCall.kt:517)
03-25 20:31:41.060 E/CIRISApiClient( 1163): 	at java.util.concurrent.ThreadPoolExecutor.runWorker(ThreadPoolExecutor.java:1154)
03-25 20:31:41.060 E/CIRISApiClient( 1163): 	at java.util.concurrent.ThreadPoolExecutor$Worker.run(ThreadPoolExecutor.java:652)
03-25 20:31:41.060 E/CIRISApiClient( 1163): 	at java.lang.Thread.run(Thread.java:1564)
03-25 20:31:41.060 E/CIRISApiClient( 1163): Caused by: java.net.ConnectException: failed to connect to localhost/127.0.0.1 (port 8080) from /127.0.0.1 (port 43514) after 10000ms: isConnected failed: ECONNREFUSED (Connection refused)
03-25 20:31:41.060 E/CIRISApiClient( 1163): 	at libcore.io.IoBridge.isConnected(IoBridge.java:347)
03-25 20:31:41.060 E/CIRISApiClient( 1163): 	at libcore.io.IoBridge.connectErrno(IoBridge.java:237)
03-25 20:31:41.060 E/CIRISApiClient( 1163): 	at libcore.io.IoBridge.connect(IoBridge.java:179)
03-25 20:31:41.060 E/CIRISApiClient( 1163): 	at java.net.PlainSocketImpl.socketConnect(PlainSocketImpl.java:142)
03-25 20:31:41.060 E/CIRISApiClient( 1163): 	at java.net.AbstractPlainSocketImpl.doConnect(AbstractPlainSocketImpl.java:390)
03-25 20:31:41.060 E/CIRISApiClient( 1163): 	at java.net.AbstractPlainSocketImpl.connectToAddress(AbstractPlainSocketImpl.java:230)
03-25 20:31:41.060 E/CIRISApiClient( 1163): 	at java.net.AbstractPlainSocketImpl.connect(AbstractPlainSocketImpl.java:212)
03-25 20:31:41.060 E/CIRISApiClient( 1163): 	at java.net.SocksSocketImpl.connect(SocksSocketImpl.java:436)
03-25 20:31:41.060 E/CIRISApiClient( 1163): 	at java.net.Socket.connect(Socket.java:646)
03-25 20:31:41.060 E/CIRISApiClient( 1163): 	at okhttp3.internal.platform.Platform.connectSocket(Platform.kt:128)
03-25 20:31:41.060 E/CIRISApiClient( 1163): 	at okhttp3.internal.connection.RealConnection.connectSocket(RealConnection.kt:295)
03-25 20:31:41.060 E/CIRISApiClient( 1163): 	... 18 more
03-25 20:31:41.060 E/CIRISApiClient( 1163): Caused by: android.system.ErrnoException: isConnected failed: ECONNREFUSED (Connection refused)
03-25 20:31:41.060 E/CIRISApiClient( 1163): 	at libcore.io.IoBridge.isConnected(IoBridge.java:334)
03-25 20:31:41.060 E/CIRISApiClient( 1163): 	... 28 more
03-25 20:31:41.284 W/python.stderr( 1163): /data/data/ai.ciris.mobile.debug/files/chaquopy/AssetFinder/requirements/pydantic/_internal/_fields.py:132: UserWarning: Field "model_used" in ResourceCost has conflict with protected namespace "model_".
03-25 20:31:41.284 W/python.stderr( 1163): 
03-25 20:31:41.284 W/python.stderr( 1163): You may be able to resolve this warning by setting `model_config['protected_namespaces'] = ()`.
03-25 20:31:41.579 I/CIRISApiClient( 1163): [init] CIRISApiClient initialized with baseUrl=http://localhost:8080
03-25 20:31:41.590 E/CIRISApiClient( 1163): [getSetupStatus] Exception: ConnectException: Failed to connect to localhost/127.0.0.1:8080
03-25 20:31:41.590 E/CIRISApiClient( 1163): java.net.ConnectException: Failed to connect to localhost/127.0.0.1:8080
03-25 20:31:41.590 E/CIRISApiClient( 1163): 	at okhttp3.internal.connection.RealConnection.connectSocket(RealConnection.kt:297)
03-25 20:31:41.590 E/CIRISApiClient( 1163): 	at okhttp3.internal.connection.RealConnection.connect(RealConnection.kt:207)
03-25 20:31:41.590 E/CIRISApiClient( 1163): 	at okhttp3.internal.connection.ExchangeFinder.findConnection(ExchangeFinder.kt:226)
03-25 20:31:41.590 E/CIRISApiClient( 1163): 	at okhttp3.internal.connection.ExchangeFinder.findHealthyConnection(ExchangeFinder.kt:106)
03-25 20:31:41.590 E/CIRISApiClient( 1163): 	at okhttp3.internal.connection.ExchangeFinder.find(ExchangeFinder.kt:74)
03-25 20:31:41.590 E/CIRISApiClient( 1163): 	at okhttp3.internal.connection.RealCall.initExchange$okhttp(RealCall.kt:255)
03-25 20:31:41.590 E/CIRISApiClient( 1163): 	at okhttp3.internal.connection.ConnectInterceptor.intercept(ConnectInterceptor.kt:32)
03-25 20:31:41.590 E/CIRISApiClient( 1163): 	at okhttp3.internal.http.RealInterceptorChain.proceed(RealInterceptorChain.kt:109)
03-25 20:31:41.590 E/CIRISApiClient( 1163): 	at okhttp3.internal.cache.CacheInterceptor.intercept(CacheInterceptor.kt:95)
03-25 20:31:41.590 E/CIRISApiClient( 1163): 	at okhttp3.internal.http.RealInterceptorChain.proceed(RealInterceptorChain.kt:109)
03-25 20:31:41.590 E/CIRISApiClient( 1163): 	at okhttp3.internal.http.BridgeInterceptor.intercept(BridgeInterceptor.kt:83)
03-25 20:31:41.590 E/CIRISApiClient( 1163): 	at okhttp3.internal.http.RealInterceptorChain.proceed(RealInterceptorChain.kt:109)
03-25 20:31:41.590 E/CIRISApiClient( 1163): 	at okhttp3.internal.http.RetryAndFollowUpInterceptor.intercept(RetryAndFollowUpInterceptor.kt:76)
