03-25 20:31:45.041 I/python.stdout( 1163): [RESUME (12 remaining services)] [SERVICE 18/22] TaskScheduler STARTED
03-25 20:31:45.042 D/MainActivity( 1163): Service 18 started (22/22)
03-25 20:31:45.156 I/python.stdout( 1163): [RESUME (12 remaining services)] [SERVICE 11/22] TSDBConsolidation STARTED
03-25 20:31:45.157 I/python.stdout( 1163): [RESUME (12 remaining services)] [SERVICE 16/22] DatabaseMaintenance STARTED
03-25 20:31:45.158 D/MainActivity( 1163): Service 11 started (22/22)
03-25 20:31:45.158 I/python.stdout( 1163): [RESUME (12 remaining services)] [SERVICE 21/22] SelfObservation STARTED
03-25 20:31:45.159 D/MainActivity( 1163): Service 16 started (22/22)
03-25 20:31:45.159 D/MainActivity( 1163): Service 21 started (22/22)
03-25 20:31:45.160 I/python.stdout( 1163): [RESUME (12 remaining services)] [SERVICE 20/22] VisibilityService STARTED
03-25 20:31:45.160 I/python.stdout( 1163): [RESUME (12 remaining services)] [SERVICE 12/22] ConsentService STARTED
03-25 20:31:45.161 D/MainActivity( 1163): Service 20 started (22/22)
03-25 20:31:45.161 D/MainActivity( 1163): Service 12 started (22/22)
03-25 20:31:45.166 I/python.stdout( 1163): [RESUME (12 remaining services)] [SERVICE 17/22] RuntimeControl STARTED
03-25 20:31:45.167 D/MainActivity( 1163): Service 17 started (22/22)
03-25 20:31:45.274 I/CIRISApiClient( 1163): [init] CIRISApiClient initialized with baseUrl=http://localhost:8080
03-25 20:31:45.284 E/CIRISApiClient( 1163): [getSetupStatus] Exception: ConnectException: Failed to connect to localhost/127.0.0.1:8080
03-25 20:31:45.284 E/CIRISApiClient( 1163): java.net.ConnectException: Failed to connect to localhost/127.0.0.1:8080
03-25 20:31:45.284 E/CIRISApiClient( 1163): 	at okhttp3.internal.connection.RealConnection.connectSocket(RealConnection.kt:297)
03-25 20:31:45.284 E/CIRISApiClient( 1163): 	at okhttp3.internal.connection.RealConnection.connect(RealConnection.kt:207)
03-25 20:31:45.284 E/CIRISApiClient( 1163): 	at okhttp3.internal.connection.ExchangeFinder.findConnection(ExchangeFinder.kt:226)
03-25 20:31:45.284 E/CIRISApiClient( 1163): 	at okhttp3.internal.connection.ExchangeFinder.findHealthyConnection(ExchangeFinder.kt:106)
03-25 20:31:45.284 E/CIRISApiClient( 1163): 	at okhttp3.internal.connection.ExchangeFinder.find(ExchangeFinder.kt:74)
03-25 20:31:45.284 E/CIRISApiClient( 1163): 	at okhttp3.internal.connection.RealCall.initExchange$okhttp(RealCall.kt:255)
03-25 20:31:45.284 E/CIRISApiClient( 1163): 	at okhttp3.internal.connection.ConnectInterceptor.intercept(ConnectInterceptor.kt:32)
03-25 20:31:45.284 E/CIRISApiClient( 1163): 	at okhttp3.internal.http.RealInterceptorChain.proceed(RealInterceptorChain.kt:109)
03-25 20:31:45.284 E/CIRISApiClient( 1163): 	at okhttp3.internal.cache.CacheInterceptor.intercept(CacheInterceptor.kt:95)
03-25 20:31:45.284 E/CIRISApiClient( 1163): 	at okhttp3.internal.http.RealInterceptorChain.proceed(RealInterceptorChain.kt:109)
03-25 20:31:45.284 E/CIRISApiClient( 1163): 	at okhttp3.internal.http.BridgeInterceptor.intercept(BridgeInterceptor.kt:83)
03-25 20:31:45.284 E/CIRISApiClient( 1163): 	at okhttp3.internal.http.RealInterceptorChain.proceed(RealInterceptorChain.kt:109)
03-25 20:31:45.284 E/CIRISApiClient( 1163): 	at okhttp3.internal.http.RetryAndFollowUpInterceptor.intercept(RetryAndFollowUpInterceptor.kt:76)
03-25 20:31:45.284 E/CIRISApiClient( 1163): 	at okhttp3.internal.http.RealInterceptorChain.proceed(RealInterceptorChain.kt:109)
03-25 20:31:45.284 E/CIRISApiClient( 1163): 	at okhttp3.internal.connection.RealCall.getResponseWithInterceptorChain$okhttp(RealCall.kt:201)
03-25 20:31:45.284 E/CIRISApiClient( 1163): 	at okhttp3.internal.connection.RealCall$AsyncCall.run(RealCall.kt:517)
03-25 20:31:45.284 E/CIRISApiClient( 1163): 	at java.util.concurrent.ThreadPoolExecutor.runWorker(ThreadPoolExecutor.java:1154)
03-25 20:31:45.284 E/CIRISApiClient( 1163): 	at java.util.concurrent.ThreadPoolExecutor$Worker.run(ThreadPoolExecutor.java:652)
03-25 20:31:45.284 E/CIRISApiClient( 1163): 	at java.lang.Thread.run(Thread.java:1564)
03-25 20:31:45.284 E/CIRISApiClient( 1163): Caused by: java.net.ConnectException: failed to connect to localhost/127.0.0.1 (port 8080) from /127.0.0.1 (port 58596) after 10000ms: isConnected failed: ECONNREFUSED (Connection refused)
03-25 20:31:45.284 E/CIRISApiClient( 1163): 	at libcore.io.IoBridge.isConnected(IoBridge.java:347)
03-25 20:31:45.284 E/CIRISApiClient( 1163): 	at libcore.io.IoBridge.connectErrno(IoBridge.java:237)
03-25 20:31:45.284 E/CIRISApiClient( 1163): 	at libcore.io.IoBridge.connect(IoBridge.java:179)
03-25 20:31:45.284 E/CIRISApiClient( 1163): 	at java.net.PlainSocketImpl.socketConnect(PlainSocketImpl.java:142)
03-25 20:31:45.284 E/CIRISApiClient( 1163): 	at java.net.AbstractPlainSocketImpl.doConnect(AbstractPlainSocketImpl.java:390)
03-25 20:31:45.284 E/CIRISApiClient( 1163): 	at java.net.AbstractPlainSocketImpl.connectToAddress(AbstractPlainSocketImpl.java:230)
03-25 20:31:45.284 E/CIRISApiClient( 1163): 	at java.net.AbstractPlainSocketImpl.connect(AbstractPlainSocketImpl.java:212)
03-25 20:31:45.284 E/CIRISApiClient( 1163): 	at java.net.SocksSocketImpl.connect(SocksSocketImpl.java:436)
03-25 20:31:45.284 E/CIRISApiClient( 1163): 	at java.net.Socket.connect(Socket.java:646)
03-25 20:31:45.284 E/CIRISApiClient( 1163): 	at okhttp3.internal.platform.Platform.connectSocket(Platform.kt:128)
03-25 20:31:45.284 E/CIRISApiClient( 1163): 	at okhttp3.internal.connection.RealConnection.connectSocket(RealConnection.kt:295)
03-25 20:31:45.284 E/CIRISApiClient( 1163): 	... 18 more
03-25 20:31:45.284 E/CIRISApiClient( 1163): Caused by: android.system.ErrnoException: isConnected failed: ECONNREFUSED (Connection refused)
03-25 20:31:45.284 E/CIRISApiClient( 1163): 	at libcore.io.IoBridge.isConnected(IoBridge.java:334)
03-25 20:31:45.284 E/CIRISApiClient( 1163): 	... 28 more
03-25 20:31:45.359 W/python.stderr( 1163): /data/data/ai.ciris.mobile.debug/files/chaquopy/AssetFinder/requirements/pydantic/_internal/_config.py:291: PydanticDeprecatedSince20: Support for class-based `config` is deprecated, use ConfigDict instead. Deprecated in Pydantic V2.0 to be removed in V3.0. See Pydantic V2 Migration Guide at https://errors.pydantic.dev/2.9/migration/
03-25 20:31:45.801 I/CIRISApiClient( 1163): [init] CIRISApiClient initialized with baseUrl=http://localhost:8080
03-25 20:31:45.812 I/python.stdout( 1163): Starting CIRIS API...
03-25 20:31:45.813 E/CIRISApiClient( 1163): [getSetupStatus] Exception: ConnectException: Failed to connect to localhost/127.0.0.1:8080
03-25 20:31:45.813 E/CIRISApiClient( 1163): java.net.ConnectException: Failed to connect to localhost/127.0.0.1:8080
03-25 20:31:45.813 E/CIRISApiClient( 1163): 	at okhttp3.internal.connection.RealConnection.connectSocket(RealConnection.kt:297)
03-25 20:31:45.813 E/CIRISApiClient( 1163): 	at okhttp3.internal.connection.RealConnection.connect(RealConnection.kt:207)
03-25 20:31:45.813 E/CIRISApiClient( 1163): 	at okhttp3.internal.connection.ExchangeFinder.findConnection(ExchangeFinder.kt:226)
03-25 20:31:45.813 E/CIRISApiClient( 1163): 	at okhttp3.internal.connection.ExchangeFinder.findHealthyConnection(ExchangeFinder.kt:106)
03-25 20:31:45.813 E/CIRISApiClient( 1163): 	at okhttp3.internal.connection.ExchangeFinder.find(ExchangeFinder.kt:74)
03-25 20:31:45.813 E/CIRISApiClient( 1163): 	at okhttp3.internal.connection.RealCall.initExchange$okhttp(RealCall.kt:255)
03-25 20:31:45.813 E/CIRISApiClient( 1163): 	at okhttp3.internal.connection.ConnectInterceptor.intercept(ConnectInterceptor.kt:32)
03-25 20:31:45.813 E/CIRISApiClient( 1163): 	at okhttp3.internal.http.RealInterceptorChain.proceed(RealInterceptorChain.kt:109)
03-25 20:31:45.813 E/CIRISApiClient( 1163): 	at okhttp3.internal.cache.CacheInterceptor.intercept(CacheInterceptor.kt:95)
03-25 20:31:45.813 E/CIRISApiClient( 1163): 	at okhttp3.internal.http.RealInterceptorChain.proceed(RealInterceptorChain.kt:109)
03-25 20:31:45.813 E/CIRISApiClient( 1163): 	at okhttp3.internal.http.BridgeInterceptor.intercept(BridgeInterceptor.kt:83)
03-25 20:31:45.813 E/CIRISApiClient( 1163): 	at okhttp3.internal.http.RealInterceptorChain.proceed(RealInterceptorChain.kt:109)
03-25 20:31:45.813 E/CIRISApiClient( 1163): 	at okhttp3.internal.http.RetryAndFollowUpInterceptor.intercept(RetryAndFollowUpInterceptor.kt:76)
03-25 20:31:45.813 E/CIRISApiClient( 1163): 	at okhttp3.internal.http.RealInterceptorChain.proceed(RealInterceptorChain.kt:109)
03-25 20:31:45.813 E/CIRISApiClient( 1163): 	at okhttp3.internal.connection.RealCall.getResponseWithInterceptorChain$okhttp(RealCall.kt:201)
03-25 20:31:45.813 E/CIRISApiClient( 1163): 	at okhttp3.internal.connection.RealCall$AsyncCall.run(RealCall.kt:517)
03-25 20:31:45.813 E/CIRISApiClient( 1163): 	at java.util.concurrent.ThreadPoolExecutor.runWorker(ThreadPoolExecutor.java:1154)
03-25 20:31:45.813 E/CIRISApiClient( 1163): 	at java.util.concurrent.ThreadPoolExecutor$Worker.run(ThreadPoolExecutor.java:652)
03-25 20:31:45.813 E/CIRISApiClient( 1163): 	at java.lang.Thread.run(Thread.java:1564)
03-25 20:31:45.813 E/CIRISApiClient( 1163): Caused by: java.net.ConnectException: failed to connect to localhost/127.0.0.1 (port 8080) from /127.0.0.1 (port 58618) after 10000ms: isConnected failed: ECONNREFUSED (Connection refused)
03-25 20:31:45.813 E/CIRISApiClient( 1163): 	at libcore.io.IoBridge.isConnected(IoBridge.java:347)
03-25 20:31:45.813 E/CIRISApiClient( 1163): 	at libcore.io.IoBridge.connectErrno(IoBridge.java:237)
03-25 20:31:45.813 E/CIRISApiClient( 1163): 	at libcore.io.IoBridge.connect(IoBridge.java:179)
03-25 20:31:45.813 E/CIRISApiClient( 1163): 	at java.net.PlainSocketImpl.socketConnect(PlainSocketImpl.java:142)
03-25 20:31:45.813 E/CIRISApiClient( 1163): 	at java.net.AbstractPlainSocketImpl.doConnect(AbstractPlainSocketImpl.java:390)
03-25 20:31:45.813 E/CIRISApiClient( 1163): 	at java.net.AbstractPlainSocketImpl.connectToAddress(AbstractPlainSocketImpl.java:230)
03-25 20:31:45.813 E/CIRISApiClient( 1163): 	at java.net.AbstractPlainSocketImpl.connect(AbstractPlainSocketImpl.java:212)
03-25 20:31:45.813 E/CIRISApiClient( 1163): 	at java.net.SocksSocketImpl.connect(SocksSocketImpl.java:436)
03-25 20:31:45.813 E/CIRISApiClient( 1163): 	at java.net.Socket.connect(Socket.java:646)
03-25 20:31:45.813 E/CIRISApiClient( 1163): 	at okhttp3.internal.platform.Platform.connectSocket(Platform.kt:128)
03-25 20:31:45.813 E/CIRISApiClient( 1163): 	at okhttp3.internal.connection.RealConnection.connectSocket(RealConnection.kt:295)
03-25 20:31:45.813 E/CIRISApiClient( 1163): 	... 18 more
03-25 20:31:45.813 E/CIRISApiClient( 1163): Caused by: android.system.ErrnoException: isConnected failed: ECONNREFUSED (Connection refused)
03-25 20:31:45.813 E/CIRISApiClient( 1163): 	at libcore.io.IoBridge.isConnected(IoBridge.java:334)
03-25 20:31:45.813 E/CIRISApiClient( 1163): 	... 28 more
03-25 20:31:46.338 I/CIRISApiClient( 1163): [init] CIRISApiClient initialized with baseUrl=http://localhost:8080
03-25 20:31:46.392 I/CIRISApiClient( 1163): [getSetupStatus] Setup status: required=false, firstRun=false, configExists=true
03-25 20:31:46.394 D/CIRISApp( 1163): [INFO] First run check result: false
03-25 20:31:46.394 D/CIRISApp( 1163): [INFO] Not first run, attempting to load and validate stored token
03-25 20:31:46.442 D/CIRISApp( 1163): [INFO] Loaded stored token: ciris_ad...D4CA
03-25 20:31:46.444 W/TokenManager( 1163): [getTokenExpiry] Invalid JWT format: expected 3 parts, got 1
03-25 20:31:46.444 I/TokenManager( 1163): [checkAndRefreshToken] Token check: expiry=null, remaining=nulls, minValid=300s
03-25 20:31:46.444 W/TokenManager( 1163): [checkAndRefreshToken] Could not parse token expiry - treating as expired
03-25 20:31:46.445 I/TokenManager( 1163): [attemptSilentRefresh] Attempting silent sign-in...
03-25 20:31:46.445 I/MainActivity( 1163): Silent Sign-In requested from CIRISApp
03-25 20:31:46.448 I/MainActivity( 1163): Found cached account: mooreericnyc@gmail.com
03-25 20:31:46.462 I/MainActivity( 1163): Silent Sign-In successful: mooreericnyc@gmail.com
03-25 20:31:46.462 I/TokenManager( 1163): [attemptSilentRefresh] Silent sign-in successful! provider=google
03-25 20:31:46.463 I/TokenManager( 1163): [handleNewToken] Processing new token (length: 1100, provider: google)
03-25 20:31:46.467 I/TokenManager( 1163): [handleNewToken] New token expiry: 1774489586 (880s remaining)
03-25 20:31:46.467 I/CIRISApp( 1163):  OAuth ID token refreshed by TokenManager (provider=google), exchanging for CIRIS token
03-25 20:31:46.468 I/CIRISApp( 1163):  Token was refreshed, waiting for CIRIS token exchange...
03-25 20:31:46.468 I/CIRISApiClient( 1163): [nativeAuth] Attempting native auth: provider=google, userId=null
03-25 20:31:46.469 I/CIRISApiClient( 1163): [googleAuth] Attempting Google auth: userId=null, idToken=eyJhbGci...Rlfg
03-25 20:31:46.476 I/TokenManager( 1163): [startPeriodicRefresh] Starting periodic refresh (interval: 45 minutes)
03-25 20:31:47.059 E/CIRISApiClient(18302): [getSystemStatus] Exception: UnknownHostException: Unable to resolve host "localhost": No address associated with hostname
03-25 20:31:47.314 D/EnvFileUpdater( 1163): Found CIRIS_HOME from env: /data/user/0/ai.ciris.mobile.debug/files/ciris
03-25 20:31:47.514 I/CIRISApiClient( 1163): [googleAuth] Google auth successful: userId=google:115300315355793131383, role=SYSTEM_ADMIN
03-25 20:31:47.515 I/CIRISApp( 1163):  Got CIRIS access token: ciris_ad...R1UI
03-25 20:31:47.516 I/CIRISApiClient( 1163): [setAccessToken] Setting access token: ciris_ad...R1UI, length=55
03-25 20:31:47.516 I/CIRISApiClient( 1163): [setAccessToken] Bearer token set on all API instances (13 APIs)
03-25 20:31:47.517 I/MainActivity( 1163): Token updated, setting on billing apiClient
03-25 20:31:47.517 I/CIRISApiClient( 1163): [setAccessToken] Setting access token: ciris_ad...R1UI, length=55
03-25 20:31:47.517 I/CIRISApiClient( 1163): [setAccessToken] Bearer token set on all API instances (13 APIs)
03-25 20:31:47.517 I/CIRISApiClient( 1163): [logTokenState] === TOKEN STATE DEBUG ===
03-25 20:31:47.518 I/CIRISApiClient( 1163): [logTokenState] accessToken present: true
03-25 20:31:47.518 I/CIRISApiClient( 1163): [logTokenState] accessToken preview: ciris_ad...R1UI
03-25 20:31:47.519 I/CIRISApiClient( 1163): [logTokenState] accessToken length: 55
03-25 20:31:47.519 I/CIRISApiClient( 1163): [logTokenState] authHeader() returns: Bearer <token>
03-25 20:31:47.520 I/CIRISApiClient( 1163): [logTokenState] =========================
03-25 20:31:47.529 I/CIRISApp( 1163):  Refreshed CIRIS token saved to secure storage
03-25 20:31:47.530 I/CIRISApp( 1163):  Writing OAuth ID token to .env for Python billing...
03-25 20:31:47.531 D/EnvFileUpdater( 1163): Found CIRIS_HOME from env: /data/user/0/ai.ciris.mobile.debug/files/ciris
03-25 20:31:47.531 I/EnvFileUpdater( 1163): Read .env file (7824 bytes)
03-25 20:31:47.533 I/EnvFileUpdater( 1163): CIRIS proxy mode detected - updating OPENAI_API_KEY
03-25 20:31:47.534 I/EnvFileUpdater( 1163): Updated OPENAI_API_KEY
03-25 20:31:47.535 I/EnvFileUpdater( 1163): Updated CIRIS_BILLING_GOOGLE_ID_TOKEN
03-25 20:31:47.536 I/EnvFileUpdater( 1163): .env file updated (proxy mode: true)
03-25 20:31:47.536 D/EnvFileUpdater( 1163): Found CIRIS_HOME from env: /data/user/0/ai.ciris.mobile.debug/files/ciris
03-25 20:31:47.536 I/EnvFileUpdater( 1163): Config reload signal written to /data/user/0/ai.ciris.mobile.debug/files/ciris/.config_reload
03-25 20:31:47.536 I/CIRISApp( 1163):  .env updated, .config_reload signal written
03-25 20:31:47.537 I/CIRISApp( 1163):  Waiting 1.5s for Python to reload billing token...
03-25 20:31:48.029 E/CIRISApiClient(18302): [getMessages] Exception: UnknownHostException: Unable to resolve host "localhost": No address associated with hostname | Context: limit=50, is401=false, tokenPresent=true, tokenPreview=ciris_ad...0BKc
03-25 20:31:48.031 W/InteractViewModel(18302): [fetchHistory] Non-auth error: UnknownHostException: Unable to resolve host "localhost": No address associated with hostname
03-25 20:31:48.035 E/CIRISApiClient(18302): [getAuditEntries] Exception: UnknownHostException: Unable to resolve host "localhost": No address associated with hostname
03-25 20:31:48.691 I/python.stdout( 1163): [20:31:48.691] [STATE] Transition: shutdown -> work
03-25 20:31:49.039 I/CIRISApp( 1163):  Python reload wait complete
03-25 20:31:49.135 I/CIRISApp( 1163):  Token exchange completed
03-25 20:31:49.357 I/CIRISApp( 1163):  Agent state: WORK
03-25 20:31:49.359 I/CIRISApp( 1163):  Agent reached WORK state!
03-25 20:31:49.739 D/EnvFileUpdater(18302): Found CIRIS_HOME from env: /data/user/0/ai.ciris.mobile/files/ciris
03-25 20:31:49.866 I/CIRISApp( 1163):  Triggering data load for ViewModels after token set
03-25 20:31:49.867 I/BillingViewModel( 1163): [loadBalance] Loading credit balance...
03-25 20:31:49.880 I/CIRISApiClient( 1163): [listAdapters] Listing adapters
03-25 20:31:49.888 I/InteractViewModel( 1163): [startPolling] Starting polling and SSE streams
03-25 20:31:49.888 I/InteractViewModel( 1163): [startStatusPolling] Starting status polling (fast until agent ready)
03-25 20:31:49.894 I/InteractViewModel( 1163): [startMessagePolling] Starting message polling (interval=3000ms)
03-25 20:31:49.900 I/InteractViewModel( 1163): [startHealthPolling] Starting health polling (fast until LLM ready)
03-25 20:31:49.905 I/InteractViewModel( 1163): [startTrustPendingPolling] Starting trust pending polling (interval=5000ms)
03-25 20:31:49.906 I/InteractViewModel( 1163): [startSseStream] Starting SSE reasoning stream
03-25 20:31:49.910 I/InteractViewModel( 1163): [fetchWalletStatus] Fetching adapters list to check wallet status
03-25 20:31:49.910 I/CIRISApiClient( 1163): [listAdapters] Listing adapters
03-25 20:31:49.914 I/CIRISApp( 1163):  Running boot-time attestation check...
03-25 20:31:49.915 D/CIRISApp( 1163): [INIT] CIRISApp composable invoked - googleSignInCallback=PRESENT (241859476)
03-25 20:31:49.916 I/InteractViewModel( 1163): [setDeviceAttestationCallback] Device attestation callback SET
03-25 20:31:49.922 D/CIRISApp( 1163): [CIRISApp] >>> liveBackgroundEnabled=true, apiClient=present
03-25 20:31:50.194 I/CIRISApiClient( 1163): [getGraphData] >>> START: hours=24, scope=ALL_SCOPES, type=null, limit=200
03-25 20:31:50.194 I/CIRISApiClient( 1163): [getGraphData] Fetching timeline: http://localhost:8080/v1/memory/timeline?hours=24&include_edges=true&include_metrics=false
03-25 20:31:51.046 E/CIRISApiClient(18302): [getMessages] Exception: UnknownHostException: Unable to resolve host "localhost": No address associated with hostname | Context: limit=50, is401=false, tokenPresent=true, tokenPreview=ciris_ad...0BKc
03-25 20:31:51.049 W/InteractViewModel(18302): [fetchHistory] Non-auth error: UnknownHostException: Unable to resolve host "localhost": No address associated with hostname
03-25 20:31:51.061 E/CIRISApiClient(18302): [getAuditEntries] Exception: UnknownHostException: Unable to resolve host "localhost": No address associated with hostname
03-25 20:31:52.067 E/CIRISApiClient(18302): [getSystemStatus] Exception: UnknownHostException: Unable to resolve host "localhost": No address associated with hostname
03-25 20:31:52.497 I/CIRISApp( 1163):  Boot attestation: loaded=true, maxLevel=1, dns_us=true, dns_eu=true, https=true
03-25 20:31:52.502 I/InteractViewModel( 1163): [startStatusPolling] Agent ready with state: WORK
03-25 20:31:52.503 I/InteractViewModel( 1163): [startStatusPolling] Connection state changed: false -> true
03-25 20:31:52.590 I/InteractViewModel( 1163): [fetchHistory] Added 6 new messages to chat
03-25 20:31:52.595 I/InteractViewModel( 1163): [startSseStream] SSE connected
03-25 20:31:52.602 I/InteractViewModel( 1163): [fetchTrustStatus] Trust level changed: 0 -> 1
03-25 20:31:52.602 I/InteractViewModel( 1163): [fetchTrustStatus] Level pending changed: false -> true
03-25 20:31:52.603 I/InteractViewModel( 1163): [startTrustPendingPolling] Level pending=true, triggering device attestation automatically...
03-25 20:31:52.603 I/MainActivity( 1163): Device attestation requested
03-25 20:31:52.604 I/CIRISApiClient( 1163): [getPlayIntegrityNonce] Requesting Play Integrity nonce from Python API
03-25 20:31:52.784 I/CIRISApiClient( 1163): [listAdapters] API response: total=6, running=6, adapters.size=6
03-25 20:31:52.784 I/CIRISApiClient( 1163): [listAdapters]   API adapter[0]: id=cirisverify_bootstrap, type=cirisverify, running=true
03-25 20:31:52.785 I/CIRISApiClient( 1163): [listAdapters]   API adapter[1]: id=wallet_bootstrap, type=wallet, running=true
03-25 20:31:52.785 I/CIRISApiClient( 1163): [listAdapters]   API adapter[2]: id=api_bootstrap, type=api, running=true
03-25 20:31:52.785 I/CIRISApiClient( 1163): [listAdapters]   API adapter[3]: id=ciris_hosted_tools, type=ciris_hosted_tools, running=true
03-25 20:31:52.786 I/CIRISApiClient( 1163): [listAdapters]   API adapter[4]: id=ciris_accord_metrics, type=ciris_accord_metrics, running=true
03-25 20:31:52.786 I/CIRISApiClient( 1163): [listAdapters]   API adapter[5]: id=home_assistant_707feebf, type=home_assistant, running=true
03-25 20:31:52.786 I/InteractViewModel( 1163): [fetchWalletStatus] Wallet adapter found: isRunning=true
03-25 20:31:52.871 I/CIRISApiClient( 1163): [listAdapters] API response: total=6, running=6, adapters.size=6
03-25 20:31:52.872 I/CIRISApiClient( 1163): [listAdapters]   API adapter[0]: id=cirisverify_bootstrap, type=cirisverify, running=true
03-25 20:31:52.872 I/CIRISApiClient( 1163): [listAdapters]   API adapter[1]: id=wallet_bootstrap, type=wallet, running=true
03-25 20:31:52.873 I/CIRISApiClient( 1163): [listAdapters]   API adapter[2]: id=api_bootstrap, type=api, running=true
03-25 20:31:52.873 I/CIRISApiClient( 1163): [listAdapters]   API adapter[3]: id=ciris_hosted_tools, type=ciris_hosted_tools, running=true
03-25 20:31:52.873 I/CIRISApiClient( 1163): [listAdapters]   API adapter[4]: id=ciris_accord_metrics, type=ciris_accord_metrics, running=true
03-25 20:31:52.874 I/CIRISApiClient( 1163): [listAdapters]   API adapter[5]: id=home_assistant_707feebf, type=home_assistant, running=true
03-25 20:31:52.981 I/CIRISApiClient( 1163): [getGraphData] <<< DONE in 2787ms (single API call)
03-25 20:31:52.982 I/CIRISApiClient( 1163): [getGraphData]     Nodes: 55 ({local=34, identity=21})
03-25 20:31:52.982 I/CIRISApiClient( 1163): [getGraphData]     Edges: 157 total, 79 visible
03-25 20:31:52.983 I/CIRISApiClient( 1163): [getGraphData]     Edge types: {FIRST_AUDIT_EVENT=2, LAST_AUDIT_EVENT=2, TEMPORAL_NEXT=10, TEMPORAL_PREV=5, INVOLVED_USER=2, OCCURRED_IN_CHANNEL=2, DISCUSSED_CONCEPT=14, DRIVES_PROCESSING=2, TEMPORAL_CORRELATION=14, LONG_RUNNING_TASK=2, HIGH_LATENCY_TASK=2, CREATES_TRAIL=2, METRICS_CONFIG=9, SUMMARIZES=87, IMPACTS_QUALITY=2}
03-25 20:31:53.212 I/CIRISApiClient( 1163): [getPlayIntegrityNonce] Got nonce: QB5QpxR-XntQRm-DBaDF...
03-25 20:31:53.223 I/BillingViewModel( 1163): [loadBalance] Credit status loaded: hasCredit=true, creditsRemaining=428, freeUsesRemaining=0, dailyFreeUsesRemaining=2, planName=CIRIS Mobile
03-25 20:31:53.224 I/BillingViewModel( 1163): [loadBalance] Total credits calculated: 430
03-25 20:31:53.305 I/InteractViewModel( 1163): [fetchAuditActions] Adding 7 action entries to timeline
03-25 20:31:53.306 I/InteractViewModel( 1163): [startMessagePolling] First load complete
03-25 20:31:53.528 I/InteractViewModel( 1163): [startHealthPolling] LLM health ready: provider=other
03-25 20:31:54.076 E/CIRISApiClient(18302): [getMessages] Exception: UnknownHostException: Unable to resolve host "localhost": No address associated with hostname | Context: limit=50, is401=false, tokenPresent=true, tokenPreview=ciris_ad...0BKc
03-25 20:31:54.077 W/InteractViewModel(18302): [fetchHistory] Non-auth error: UnknownHostException: Unable to resolve host "localhost": No address associated with hostname
03-25 20:31:54.087 E/CIRISApiClient(18302): [getAuditEntries] Exception: UnknownHostException: Unable to resolve host "localhost": No address associated with hostname
03-25 20:31:54.108 I/MainActivity( 1163): Device attestation result: Error(message=Failed to get Play Integrity token: -16: Integrity API error (-16): The provided cloud project number is invalid.
03-25 20:31:54.108 I/MainActivity( 1163): Use the cloud project number which can be found in Project info in your Google Cloud Console for the cloud project where Play Integrity API is enabled.
03-25 20:31:54.108 I/MainActivity( 1163):  (https://developer.android.com/google/play/integrity/reference/com/google/android/play/core/integrity/model/IntegrityErrorCode.html#CLOUD_PROJECT_NUMBER_IS_INVALID).)
03-25 20:31:54.108 I/InteractViewModel( 1163): [startTrustPendingPolling] Device attestation completed: Error(message=Failed to get Play Integrity token: -16: Integrity API error (-16): The provided cloud project number is invalid.
03-25 20:31:54.108 I/InteractViewModel( 1163): Use the cloud project number which can be found in Project info in your Google Cloud Console for the cloud project where Play Integrity API is enabled.
03-25 20:31:54.108 I/InteractViewModel( 1163):  (https://developer.android.com/google/play/integrity/reference/com/google/android/play/core/integrity/model/IntegrityErrorCode.html#CLOUD_PROJECT_NUMBER_IS_INVALID).)
03-25 20:31:54.408 I/InteractViewModel(18302): [startSseStream] SSE disconnected
03-25 20:31:54.409 I/InteractViewModel(18302): [startSseStream] Reconnecting in 30000ms...
03-25 20:31:54.950 I/CIRISApiClient(18302): [listAdapters] Listing adapters
03-25 20:31:54.956 E/CIRISApiClient(18302): [listAdapters] Exception: UnknownHostException: Unable to resolve host "localhost": No address associated with hostname
03-25 20:31:56.145 I/InteractViewModel( 1163): [startTrustPendingPolling] Trust status refreshed after device attestation
03-25 20:31:57.079 E/CIRISApiClient(18302): [getSystemStatus] Exception: UnknownHostException: Unable to resolve host "localhost": No address associated with hostname
03-25 20:31:57.093 E/CIRISApiClient(18302): [getMessages] Exception: UnknownHostException: Unable to resolve host "localhost": No address associated with hostname | Context: limit=50, is401=false, tokenPresent=true, tokenPreview=ciris_ad...0BKc
03-25 20:31:57.095 W/InteractViewModel(18302): [fetchHistory] Non-auth error: UnknownHostException: Unable to resolve host "localhost": No address associated with hostname
03-25 20:31:57.103 E/CIRISApiClient(18302): [getAuditEntries] Exception: UnknownHostException: Unable to resolve host "localhost": No address associated with hostname
03-25 20:31:57.320 D/EnvFileUpdater( 1163): Found CIRIS_HOME from env: /data/user/0/ai.ciris.mobile.debug/files/ciris
03-25 20:31:59.741 D/EnvFileUpdater(18302): Found CIRIS_HOME from env: /data/user/0/ai.ciris.mobile/files/ciris
03-25 20:32:00.113 E/CIRISApiClient(18302): [getMessages] Exception: UnknownHostException: Unable to resolve host "localhost": No address associated with hostname | Context: limit=50, is401=false, tokenPresent=true, tokenPreview=ciris_ad...0BKc
03-25 20:32:00.115 W/InteractViewModel(18302): [fetchHistory] Non-auth error: UnknownHostException: Unable to resolve host "localhost": No address associated with hostname
03-25 20:32:00.120 E/CIRISApiClient(18302): [getAuditEntries] Exception: UnknownHostException: Unable to resolve host "localhost": No address associated with hostname
03-25 20:32:01.821 E/CIRISApiClient(18302): [getLlmConfig] Exception: UnknownHostException: Unable to resolve host "localhost": No address associated with hostname
03-25 20:32:01.823 W/InteractViewModel(18302): [fetchHealthData] Failed to fetch LLM config from API: Unable to resolve host "localhost": No address associated with hostname
03-25 20:32:01.831 E/CIRISApiClient(18302): [getVerifyStatus] Exception: UnknownHostException: Unable to resolve host "localhost": No address associated with hostname
03-25 20:32:02.087 E/CIRISApiClient(18302): [getSystemStatus] Exception: UnknownHostException: Unable to resolve host "localhost": No address associated with hostname
03-25 20:32:03.132 E/CIRISApiClient(18302): [getMessages] Exception: UnknownHostException: Unable to resolve host "localhost": No address associated with hostname | Context: limit=50, is401=false, tokenPresent=true, tokenPreview=ciris_ad...0BKc
03-25 20:32:03.134 W/InteractViewModel(18302): [fetchHistory] Non-auth error: UnknownHostException: Unable to resolve host "localhost": No address associated with hostname
03-25 20:32:03.142 E/CIRISApiClient(18302): [getAuditEntries] Exception: UnknownHostException: Unable to resolve host "localhost": No address associated with hostname
03-25 20:32:04.963 I/CIRISApiClient(18302): [listAdapters] Listing adapters
03-25 20:32:04.970 E/CIRISApiClient(18302): [listAdapters] Exception: UnknownHostException: Unable to resolve host "localhost": No address associated with hostname
03-25 20:32:06.153 E/CIRISApiClient(18302): [getMessages] Exception: UnknownHostException: Unable to resolve host "localhost": No address associated with hostname | Context: limit=50, is401=false, tokenPresent=true, tokenPreview=ciris_ad...0BKc
03-25 20:32:06.156 W/InteractViewModel(18302): [fetchHistory] Non-auth error: UnknownHostException: Unable to resolve host "localhost": No address associated with hostname
03-25 20:32:06.161 E/CIRISApiClient(18302): [getAuditEntries] Exception: UnknownHostException: Unable to resolve host "localhost": No address associated with hostname
03-25 20:32:07.095 E/CIRISApiClient(18302): [getSystemStatus] Exception: UnknownHostException: Unable to resolve host "localhost": No address associated with hostname
03-25 20:32:07.329 D/EnvFileUpdater( 1163): Found CIRIS_HOME from env: /data/user/0/ai.ciris.mobile.debug/files/ciris
03-25 20:32:09.173 E/CIRISApiClient(18302): [getMessages] Exception: UnknownHostException: Unable to resolve host "localhost": No address associated with hostname | Context: limit=50, is401=false, tokenPresent=true, tokenPreview=ciris_ad...0BKc
03-25 20:32:09.175 W/InteractViewModel(18302): [fetchHistory] Non-auth error: UnknownHostException: Unable to resolve host "localhost": No address associated with hostname
03-25 20:32:09.180 E/CIRISApiClient(18302): [getAuditEntries] Exception: UnknownHostException: Unable to resolve host "localhost": No address associated with hostname
03-25 20:32:09.743 D/EnvFileUpdater(18302): Found CIRIS_HOME from env: /data/user/0/ai.ciris.mobile/files/ciris
03-25 20:32:12.108 E/CIRISApiClient(18302): [getSystemStatus] Exception: UnknownHostException: Unable to resolve host "localhost": No address associated with hostname
03-25 20:32:12.188 E/CIRISApiClient(18302): [getMessages] Exception: UnknownHostException: Unable to resolve host "localhost": No address associated with hostname | Context: limit=50, is401=false, tokenPresent=true, tokenPreview=ciris_ad...0BKc
03-25 20:32:12.190 W/InteractViewModel(18302): [fetchHistory] Non-auth error: UnknownHostException: Unable to resolve host "localhost": No address associated with hostname
03-25 20:32:12.194 E/CIRISApiClient(18302): [getAuditEntries] Exception: UnknownHostException: Unable to resolve host "localhost": No address associated with hostname
03-25 20:32:14.978 I/CIRISApiClient(18302): [listAdapters] Listing adapters
03-25 20:32:14.987 E/CIRISApiClient(18302): [listAdapters] Exception: UnknownHostException: Unable to resolve host "localhost": No address associated with hostname
03-25 20:32:15.203 E/CIRISApiClient(18302): [getMessages] Exception: UnknownHostException: Unable to resolve host "localhost": No address associated with hostname | Context: limit=50, is401=false, tokenPresent=true, tokenPreview=ciris_ad...0BKc
03-25 20:32:15.205 W/InteractViewModel(18302): [fetchHistory] Non-auth error: UnknownHostException: Unable to resolve host "localhost": No address associated with hostname
03-25 20:32:15.211 E/CIRISApiClient(18302): [getAuditEntries] Exception: UnknownHostException: Unable to resolve host "localhost": No address associated with hostname
03-25 20:32:17.120 E/CIRISApiClient(18302): [getSystemStatus] Exception: UnknownHostException: Unable to resolve host "localhost": No address associated with hostname
03-25 20:32:17.331 D/EnvFileUpdater( 1163): Found CIRIS_HOME from env: /data/user/0/ai.ciris.mobile.debug/files/ciris
03-25 20:32:18.219 E/CIRISApiClient(18302): [getMessages] Exception: UnknownHostException: Unable to resolve host "localhost": No address associated with hostname | Context: limit=50, is401=false, tokenPresent=true, tokenPreview=ciris_ad...0BKc
03-25 20:32:18.221 W/InteractViewModel(18302): [fetchHistory] Non-auth error: UnknownHostException: Unable to resolve host "localhost": No address associated with hostname
03-25 20:32:18.226 E/CIRISApiClient(18302): [getAuditEntries] Exception: UnknownHostException: Unable to resolve host "localhost": No address associated with hostname
03-25 20:32:19.745 D/EnvFileUpdater(18302): Found CIRIS_HOME from env: /data/user/0/ai.ciris.mobile/files/ciris
03-25 20:32:21.236 E/CIRISApiClient(18302): [getMessages] Exception: UnknownHostException: Unable to resolve host "localhost": No address associated with hostname | Context: limit=50, is401=false, tokenPresent=true, tokenPreview=ciris_ad...0BKc
03-25 20:32:21.238 W/InteractViewModel(18302): [fetchHistory] Non-auth error: UnknownHostException: Unable to resolve host "localhost": No address associated with hostname
03-25 20:32:21.244 E/CIRISApiClient(18302): [getAuditEntries] Exception: UnknownHostException: Unable to resolve host "localhost": No address associated with hostname
03-25 20:32:22.129 E/CIRISApiClient(18302): [getSystemStatus] Exception: UnknownHostException: Unable to resolve host "localhost": No address associated with hostname
03-25 20:32:24.254 E/CIRISApiClient(18302): [getMessages] Exception: UnknownHostException: Unable to resolve host "localhost": No address associated with hostname | Context: limit=50, is401=false, tokenPresent=true, tokenPreview=ciris_ad...0BKc
03-25 20:32:24.256 W/InteractViewModel(18302): [fetchHistory] Non-auth error: UnknownHostException: Unable to resolve host "localhost": No address associated with hostname
03-25 20:32:24.263 E/CIRISApiClient(18302): [getAuditEntries] Exception: UnknownHostException: Unable to resolve host "localhost": No address associated with hostname
03-25 20:32:24.416 I/InteractViewModel(18302): [startSseStream] SSE disconnected
03-25 20:32:24.418 I/InteractViewModel(18302): [startSseStream] Reconnecting in 30000ms...
03-25 20:32:24.992 I/CIRISApiClient(18302): [listAdapters] Listing adapters
03-25 20:32:24.999 E/CIRISApiClient(18302): [listAdapters] Exception: UnknownHostException: Unable to resolve host "localhost": No address associated with hostname
03-25 20:32:27.142 E/CIRISApiClient(18302): [getSystemStatus] Exception: UnknownHostException: Unable to resolve host "localhost": No address associated with hostname
03-25 20:32:27.271 E/CIRISApiClient(18302): [getMessages] Exception: UnknownHostException: Unable to resolve host "localhost": No address associated with hostname | Context: limit=50, is401=false, tokenPresent=true, tokenPreview=ciris_ad...0BKc
03-25 20:32:27.273 W/InteractViewModel(18302): [fetchHistory] Non-auth error: UnknownHostException: Unable to resolve host "localhost": No address associated with hostname
03-25 20:32:27.278 E/CIRISApiClient(18302): [getAuditEntries] Exception: UnknownHostException: Unable to resolve host "localhost": No address associated with hostname
03-25 20:32:27.332 D/EnvFileUpdater( 1163): Found CIRIS_HOME from env: /data/user/0/ai.ciris.mobile.debug/files/ciris
03-25 20:32:29.747 D/EnvFileUpdater(18302): Found CIRIS_HOME from env: /data/user/0/ai.ciris.mobile/files/ciris
03-25 20:32:30.290 E/CIRISApiClient(18302): [getMessages] Exception: UnknownHostException: Unable to resolve host "localhost": No address associated with hostname | Context: limit=50, is401=false, tokenPresent=true, tokenPreview=ciris_ad...0BKc
03-25 20:32:30.292 W/InteractViewModel(18302): [fetchHistory] Non-auth error: UnknownHostException: Unable to resolve host "localhost": No address associated with hostname
03-25 20:32:30.297 E/CIRISApiClient(18302): [getAuditEntries] Exception: UnknownHostException: Unable to resolve host "localhost": No address associated with hostname
03-25 20:32:31.841 E/CIRISApiClient(18302): [getLlmConfig] Exception: UnknownHostException: Unable to resolve host "localhost": No address associated with hostname
03-25 20:32:31.843 W/InteractViewModel(18302): [fetchHealthData] Failed to fetch LLM config from API: Unable to resolve host "localhost": No address associated with hostname
03-25 20:32:31.849 E/CIRISApiClient(18302): [getVerifyStatus] Exception: UnknownHostException: Unable to resolve host "localhost": No address associated with hostname
03-25 20:32:32.149 E/CIRISApiClient(18302): [getSystemStatus] Exception: UnknownHostException: Unable to resolve host "localhost": No address associated with hostname
03-25 20:32:33.308 E/CIRISApiClient(18302): [getMessages] Exception: UnknownHostException: Unable to resolve host "localhost": No address associated with hostname | Context: limit=50, is401=false, tokenPresent=true, tokenPreview=ciris_ad...0BKc
03-25 20:32:33.310 W/InteractViewModel(18302): [fetchHistory] Non-auth error: UnknownHostException: Unable to resolve host "localhost": No address associated with hostname
03-25 20:32:33.316 E/CIRISApiClient(18302): [getAuditEntries] Exception: UnknownHostException: Unable to resolve host "localhost": No address associated with hostname
03-25 20:32:35.006 I/CIRISApiClient(18302): [listAdapters] Listing adapters
03-25 20:32:35.014 E/CIRISApiClient(18302): [listAdapters] Exception: UnknownHostException: Unable to resolve host "localhost": No address associated with hostname
03-25 20:32:36.323 E/CIRISApiClient(18302): [getMessages] Exception: UnknownHostException: Unable to resolve host "localhost": No address associated with hostname | Context: limit=50, is401=false, tokenPresent=true, tokenPreview=ciris_ad...0BKc
03-25 20:32:36.324 W/InteractViewModel(18302): [fetchHistory] Non-auth error: UnknownHostException: Unable to resolve host "localhost": No address associated with hostname
03-25 20:32:36.330 E/CIRISApiClient(18302): [getAuditEntries] Exception: UnknownHostException: Unable to resolve host "localhost": No address associated with hostname
03-25 20:32:37.157 E/CIRISApiClient(18302): [getSystemStatus] Exception: UnknownHostException: Unable to resolve host "localhost": No address associated with hostname
03-25 20:32:37.334 D/EnvFileUpdater( 1163): Found CIRIS_HOME from env: /data/user/0/ai.ciris.mobile.debug/files/ciris
03-25 20:32:39.340 E/CIRISApiClient(18302): [getMessages] Exception: UnknownHostException: Unable to resolve host "localhost": No address associated with hostname | Context: limit=50, is401=false, tokenPresent=true, tokenPreview=ciris_ad...0BKc
03-25 20:32:39.343 W/InteractViewModel(18302): [fetchHistory] Non-auth error: UnknownHostException: Unable to resolve host "localhost": No address associated with hostname
03-25 20:32:39.349 E/CIRISApiClient(18302): [getAuditEntries] Exception: UnknownHostException: Unable to resolve host "localhost": No address associated with hostname
03-25 20:32:39.748 D/EnvFileUpdater(18302): Found CIRIS_HOME from env: /data/user/0/ai.ciris.mobile/files/ciris
03-25 20:32:42.170 E/CIRISApiClient(18302): [getSystemStatus] Exception: UnknownHostException: Unable to resolve host "localhost": No address associated with hostname
03-25 20:32:42.355 E/CIRISApiClient(18302): [getMessages] Exception: UnknownHostException: Unable to resolve host "localhost": No address associated with hostname | Context: limit=50, is401=false, tokenPresent=true, tokenPreview=ciris_ad...0BKc
03-25 20:32:42.357 W/InteractViewModel(18302): [fetchHistory] Non-auth error: UnknownHostException: Unable to resolve host "localhost": No address associated with hostname
03-25 20:32:42.361 E/CIRISApiClient(18302): [getAuditEntries] Exception: UnknownHostException: Unable to resolve host "localhost": No address associated with hostname
03-25 20:32:45.019 I/CIRISApiClient(18302): [listAdapters] Listing adapters
03-25 20:32:45.028 E/CIRISApiClient(18302): [listAdapters] Exception: UnknownHostException: Unable to resolve host "localhost": No address associated with hostname
03-25 20:32:45.369 E/CIRISApiClient(18302): [getMessages] Exception: UnknownHostException: Unable to resolve host "localhost": No address associated with hostname | Context: limit=50, is401=false, tokenPresent=true, tokenPreview=ciris_ad...0BKc
03-25 20:32:45.371 W/InteractViewModel(18302): [fetchHistory] Non-auth error: UnknownHostException: Unable to resolve host "localhost": No address associated with hostname
03-25 20:32:45.376 E/CIRISApiClient(18302): [getAuditEntries] Exception: UnknownHostException: Unable to resolve host "localhost": No address associated with hostname
03-25 20:32:45.861 D/CIRISApp( 1163): [INFO] Opening Wallet page
03-25 20:32:45.865 D/CIRISApp( 1163): [INIT] CIRISApp composable invoked - googleSignInCallback=PRESENT (241859476)
03-25 20:32:45.866 I/InteractViewModel( 1163): [setDeviceAttestationCallback] Device attestation callback SET
03-25 20:32:45.931 I/CIRISApiClient( 1163): [getWalletStatus] Fetching wallet status
03-25 20:32:45.959 I/CIRISApiClient( 1163): [getWalletStatus] Wallet status: address=null, balance=0.00, level=0
03-25 20:32:47.190 E/CIRISApiClient(18302): [getSystemStatus] Exception: UnknownHostException: Unable to resolve host "localhost": No address associated with hostname
03-25 20:32:47.336 D/EnvFileUpdater( 1163): Found CIRIS_HOME from env: /data/user/0/ai.ciris.mobile.debug/files/ciris
03-25 20:32:48.386 E/CIRISApiClient(18302): [getMessages] Exception: UnknownHostException: Unable to resolve host "localhost": No address associated with hostname | Context: limit=50, is401=false, tokenPresent=true, tokenPreview=ciris_ad...0BKc
03-25 20:32:48.388 W/InteractViewModel(18302): [fetchHistory] Non-auth error: UnknownHostException: Unable to resolve host "localhost": No address associated with hostname
03-25 20:32:48.394 E/CIRISApiClient(18302): [getAuditEntries] Exception: UnknownHostException: Unable to resolve host "localhost": No address associated with hostname
03-25 20:32:49.751 D/EnvFileUpdater(18302): Found CIRIS_HOME from env: /data/user/0/ai.ciris.mobile/files/ciris
03-25 20:32:51.420 E/CIRISApiClient(18302): [getMessages] Exception: UnknownHostException: Unable to resolve host "localhost": No address associated with hostname | Context: limit=50, is401=false, tokenPresent=true, tokenPreview=ciris_ad...0BKc
03-25 20:32:51.423 W/InteractViewModel(18302): [fetchHistory] Non-auth error: UnknownHostException: Unable to resolve host "localhost": No address associated with hostname
03-25 20:32:51.429 E/CIRISApiClient(18302): [getAuditEntries] Exception: UnknownHostException: Unable to resolve host "localhost": No address associated with hostname
03-25 20:32:52.203 E/CIRISApiClient(18302): [getSystemStatus] Exception: UnknownHostException: Unable to resolve host "localhost": No address associated with hostname
03-25 20:32:54.427 I/InteractViewModel(18302): [startSseStream] SSE disconnected
03-25 20:32:54.429 I/InteractViewModel(18302): [startSseStream] Reconnecting in 30000ms...
03-25 20:32:54.434 E/CIRISApiClient(18302): [getMessages] Exception: UnknownHostException: Unable to resolve host "localhost": No address associated with hostname | Context: limit=50, is401=false, tokenPresent=true, tokenPreview=ciris_ad...0BKc
03-25 20:32:54.435 W/InteractViewModel(18302): [fetchHistory] Non-auth error: UnknownHostException: Unable to resolve host "localhost": No address associated with hostname
03-25 20:32:54.439 E/CIRISApiClient(18302): [getAuditEntries] Exception: UnknownHostException: Unable to resolve host "localhost": No address associated with hostname
03-25 20:32:55.035 I/CIRISApiClient(18302): [listAdapters] Listing adapters
03-25 20:32:55.041 E/CIRISApiClient(18302): [listAdapters] Exception: UnknownHostException: Unable to resolve host "localhost": No address associated with hostname
03-25 20:32:57.227 E/CIRISApiClient(18302): [getSystemStatus] Exception: UnknownHostException: Unable to resolve host "localhost": No address associated with hostname
03-25 20:32:57.342 D/EnvFileUpdater( 1163): Found CIRIS_HOME from env: /data/user/0/ai.ciris.mobile.debug/files/ciris
03-25 20:32:57.451 E/CIRISApiClient(18302): [getMessages] Exception: UnknownHostException: Unable to resolve host "localhost": No address associated with hostname | Context: limit=50, is401=false, tokenPresent=true, tokenPreview=ciris_ad...0BKc
03-25 20:32:57.454 W/InteractViewModel(18302): [fetchHistory] Non-auth error: UnknownHostException: Unable to resolve host "localhost": No address associated with hostname
03-25 20:32:57.462 E/CIRISApiClient(18302): [getAuditEntries] Exception: UnknownHostException: Unable to resolve host "localhost": No address associated with hostname
03-25 20:32:59.754 D/EnvFileUpdater(18302): Found CIRIS_HOME from env: /data/user/0/ai.ciris.mobile/files/ciris
03-25 20:33:00.482 E/CIRISApiClient(18302): [getMessages] Exception: UnknownHostException: Unable to resolve host "localhost": No address associated with hostname | Context: limit=50, is401=false, tokenPresent=true, tokenPreview=ciris_ad...0BKc
03-25 20:33:00.484 W/InteractViewModel(18302): [fetchHistory] Non-auth error: UnknownHostException: Unable to resolve host "localhost": No address associated with hostname
03-25 20:33:00.490 E/CIRISApiClient(18302): [getAuditEntries] Exception: UnknownHostException: Unable to resolve host "localhost": No address associated with hostname
03-25 20:33:01.862 E/CIRISApiClient(18302): [getLlmConfig] Exception: UnknownHostException: Unable to resolve host "localhost": No address associated with hostname
03-25 20:33:01.864 W/InteractViewModel(18302): [fetchHealthData] Failed to fetch LLM config from API: Unable to resolve host "localhost": No address associated with hostname
03-25 20:33:01.869 E/CIRISApiClient(18302): [getVerifyStatus] Exception: UnknownHostException: Unable to resolve host "localhost": No address associated with hostname
03-25 20:33:02.242 E/CIRISApiClient(18302): [getSystemStatus] Exception: UnknownHostException: Unable to resolve host "localhost": No address associated with hostname
03-25 20:33:03.502 E/CIRISApiClient(18302): [getMessages] Exception: UnknownHostException: Unable to resolve host "localhost": No address associated with hostname | Context: limit=50, is401=false, tokenPresent=true, tokenPreview=ciris_ad...0BKc
03-25 20:33:03.505 W/InteractViewModel(18302): [fetchHistory] Non-auth error: UnknownHostException: Unable to resolve host "localhost": No address associated with hostname
03-25 20:33:03.510 E/CIRISApiClient(18302): [getAuditEntries] Exception: UnknownHostException: Unable to resolve host "localhost": No address associated with hostname
03-25 20:33:05.047 I/CIRISApiClient(18302): [listAdapters] Listing adapters
03-25 20:33:05.059 E/CIRISApiClient(18302): [listAdapters] Exception: UnknownHostException: Unable to resolve host "localhost": No address associated with hostname
03-25 20:33:06.524 E/CIRISApiClient(18302): [getMessages] Exception: UnknownHostException: Unable to resolve host "localhost": No address associated with hostname | Context: limit=50, is401=false, tokenPresent=true, tokenPreview=ciris_ad...0BKc
03-25 20:33:06.526 W/InteractViewModel(18302): [fetchHistory] Non-auth error: UnknownHostException: Unable to resolve host "localhost": No address associated with hostname
03-25 20:33:06.531 E/CIRISApiClient(18302): [getAuditEntries] Exception: UnknownHostException: Unable to resolve host "localhost": No address associated with hostname
03-25 20:33:07.256 E/CIRISApiClient(18302): [getSystemStatus] Exception: UnknownHostException: Unable to resolve host "localhost": No address associated with hostname
03-25 20:33:07.349 D/EnvFileUpdater( 1163): Found CIRIS_HOME from env: /data/user/0/ai.ciris.mobile.debug/files/ciris
03-25 20:33:09.548 E/CIRISApiClient(18302): [getMessages] Exception: UnknownHostException: Unable to resolve host "localhost": No address associated with hostname | Context: limit=50, is401=false, tokenPresent=true, tokenPreview=ciris_ad...0BKc
03-25 20:33:09.550 W/InteractViewModel(18302): [fetchHistory] Non-auth error: UnknownHostException: Unable to resolve host "localhost": No address associated with hostname
03-25 20:33:09.554 E/CIRISApiClient(18302): [getAuditEntries] Exception: UnknownHostException: Unable to resolve host "localhost": No address associated with hostname
03-25 20:33:09.756 D/EnvFileUpdater(18302): Found CIRIS_HOME from env: /data/user/0/ai.ciris.mobile/files/ciris
03-25 20:33:12.270 E/CIRISApiClient(18302): [getSystemStatus] Exception: UnknownHostException: Unable to resolve host "localhost": No address associated with hostname
03-25 20:33:12.560 E/CIRISApiClient(18302): [getMessages] Exception: UnknownHostException: Unable to resolve host "localhost": No address associated with hostname | Context: limit=50, is401=false, tokenPresent=true, tokenPreview=ciris_ad...0BKc
03-25 20:33:12.562 W/InteractViewModel(18302): [fetchHistory] Non-auth error: UnknownHostException: Unable to resolve host "localhost": No address associated with hostname
03-25 20:33:12.565 E/CIRISApiClient(18302): [getAuditEntries] Exception: UnknownHostException: Unable to resolve host "localhost": No address associated with hostname
03-25 20:33:15.069 I/CIRISApiClient(18302): [listAdapters] Listing adapters
03-25 20:33:15.075 E/CIRISApiClient(18302): [listAdapters] Exception: UnknownHostException: Unable to resolve host "localhost": No address associated with hostname
