03-25 20:27:49.205 W/InteractViewModel(18302): [fetchHistory] Non-auth error: UnknownHostException: Unable to resolve host "localhost": No address associated with hostname
03-25 20:27:49.212 E/CIRISApiClient(18302): [getAuditEntries] Exception: UnknownHostException: Unable to resolve host "localhost": No address associated with hostname
03-25 20:27:49.672 D/EnvFileUpdater(18302): Found CIRIS_HOME from env: /data/user/0/ai.ciris.mobile/files/ciris
03-25 20:27:51.465 E/CIRISApiClient(18302): [getSystemStatus] Exception: UnknownHostException: Unable to resolve host "localhost": No address associated with hostname
03-25 20:27:52.227 E/CIRISApiClient(18302): [getMessages] Exception: UnknownHostException: Unable to resolve host "localhost": No address associated with hostname | Context: limit=50, is401=false, tokenPresent=true, tokenPreview=ciris_ad...0BKc
03-25 20:27:52.230 W/InteractViewModel(18302): [fetchHistory] Non-auth error: UnknownHostException: Unable to resolve host "localhost": No address associated with hostname
03-25 20:27:52.237 E/CIRISApiClient(18302): [getAuditEntries] Exception: UnknownHostException: Unable to resolve host "localhost": No address associated with hostname
03-25 20:27:52.919 D/EnvFileUpdater(30439): Found CIRIS_HOME from env: /data/user/0/ai.ciris.mobile.debug/files/ciris
03-25 20:27:54.297 I/InteractViewModel(18302): [startSseStream] SSE disconnected
03-25 20:27:54.299 I/InteractViewModel(18302): [startSseStream] Reconnecting in 30000ms...
03-25 20:27:54.555 I/CIRISApiClient(18302): [listAdapters] Listing adapters
03-25 20:27:54.568 E/CIRISApiClient(18302): [listAdapters] Exception: UnknownHostException: Unable to resolve host "localhost": No address associated with hostname
03-25 20:27:55.251 E/CIRISApiClient(18302): [getMessages] Exception: UnknownHostException: Unable to resolve host "localhost": No address associated with hostname | Context: limit=50, is401=false, tokenPresent=true, tokenPreview=ciris_ad...0BKc
03-25 20:27:55.255 W/InteractViewModel(18302): [fetchHistory] Non-auth error: UnknownHostException: Unable to resolve host "localhost": No address associated with hostname
03-25 20:27:55.262 E/CIRISApiClient(18302): [getAuditEntries] Exception: UnknownHostException: Unable to resolve host "localhost": No address associated with hostname
03-25 20:27:56.482 E/CIRISApiClient(18302): [getSystemStatus] Exception: UnknownHostException: Unable to resolve host "localhost": No address associated with hostname
03-25 20:27:58.275 E/CIRISApiClient(18302): [getMessages] Exception: UnknownHostException: Unable to resolve host "localhost": No address associated with hostname | Context: limit=50, is401=false, tokenPresent=true, tokenPreview=ciris_ad...0BKc
03-25 20:27:58.277 W/InteractViewModel(18302): [fetchHistory] Non-auth error: UnknownHostException: Unable to resolve host "localhost": No address associated with hostname
03-25 20:27:58.284 E/CIRISApiClient(18302): [getAuditEntries] Exception: UnknownHostException: Unable to resolve host "localhost": No address associated with hostname
03-25 20:27:59.676 D/EnvFileUpdater(18302): Found CIRIS_HOME from env: /data/user/0/ai.ciris.mobile/files/ciris
03-25 20:28:01.300 E/CIRISApiClient(18302): [getMessages] Exception: UnknownHostException: Unable to resolve host "localhost": No address associated with hostname | Context: limit=50, is401=false, tokenPresent=true, tokenPreview=ciris_ad...0BKc
03-25 20:28:01.304 W/InteractViewModel(18302): [fetchHistory] Non-auth error: UnknownHostException: Unable to resolve host "localhost": No address associated with hostname
03-25 20:28:01.311 E/CIRISApiClient(18302): [getAuditEntries] Exception: UnknownHostException: Unable to resolve host "localhost": No address associated with hostname
03-25 20:28:01.494 E/CIRISApiClient(18302): [getSystemStatus] Exception: UnknownHostException: Unable to resolve host "localhost": No address associated with hostname
03-25 20:28:01.654 E/CIRISApiClient(18302): [getLlmConfig] Exception: UnknownHostException: Unable to resolve host "localhost": No address associated with hostname
03-25 20:28:01.657 W/InteractViewModel(18302): [fetchHealthData] Failed to fetch LLM config from API: Unable to resolve host "localhost": No address associated with hostname
03-25 20:28:01.665 E/CIRISApiClient(18302): [getVerifyStatus] Exception: UnknownHostException: Unable to resolve host "localhost": No address associated with hostname
03-25 20:28:02.927 D/EnvFileUpdater(30439): Found CIRIS_HOME from env: /data/user/0/ai.ciris.mobile.debug/files/ciris
03-25 20:28:04.332 E/CIRISApiClient(18302): [getMessages] Exception: UnknownHostException: Unable to resolve host "localhost": No address associated with hostname | Context: limit=50, is401=false, tokenPresent=true, tokenPreview=ciris_ad...0BKc
03-25 20:28:04.335 W/InteractViewModel(18302): [fetchHistory] Non-auth error: UnknownHostException: Unable to resolve host "localhost": No address associated with hostname
03-25 20:28:04.341 E/CIRISApiClient(18302): [getAuditEntries] Exception: UnknownHostException: Unable to resolve host "localhost": No address associated with hostname
03-25 20:28:04.576 I/CIRISApiClient(18302): [listAdapters] Listing adapters
03-25 20:28:04.588 E/CIRISApiClient(18302): [listAdapters] Exception: UnknownHostException: Unable to resolve host "localhost": No address associated with hostname
03-25 20:28:06.514 E/CIRISApiClient(18302): [getSystemStatus] Exception: UnknownHostException: Unable to resolve host "localhost": No address associated with hostname
03-25 20:28:07.355 E/CIRISApiClient(18302): [getMessages] Exception: UnknownHostException: Unable to resolve host "localhost": No address associated with hostname | Context: limit=50, is401=false, tokenPresent=true, tokenPreview=ciris_ad...0BKc
03-25 20:28:07.358 W/InteractViewModel(18302): [fetchHistory] Non-auth error: UnknownHostException: Unable to resolve host "localhost": No address associated with hostname
03-25 20:28:07.365 E/CIRISApiClient(18302): [getAuditEntries] Exception: UnknownHostException: Unable to resolve host "localhost": No address associated with hostname
03-25 20:28:09.680 D/EnvFileUpdater(18302): Found CIRIS_HOME from env: /data/user/0/ai.ciris.mobile/files/ciris
03-25 20:28:10.382 E/CIRISApiClient(18302): [getMessages] Exception: UnknownHostException: Unable to resolve host "localhost": No address associated with hostname | Context: limit=50, is401=false, tokenPresent=true, tokenPreview=ciris_ad...0BKc
03-25 20:28:10.386 W/InteractViewModel(18302): [fetchHistory] Non-auth error: UnknownHostException: Unable to resolve host "localhost": No address associated with hostname
03-25 20:28:10.393 E/CIRISApiClient(18302): [getAuditEntries] Exception: UnknownHostException: Unable to resolve host "localhost": No address associated with hostname
03-25 20:28:11.531 E/CIRISApiClient(18302): [getSystemStatus] Exception: UnknownHostException: Unable to resolve host "localhost": No address associated with hostname
03-25 20:28:12.933 D/EnvFileUpdater(30439): Found CIRIS_HOME from env: /data/user/0/ai.ciris.mobile.debug/files/ciris
03-25 20:28:13.411 E/CIRISApiClient(18302): [getMessages] Exception: UnknownHostException: Unable to resolve host "localhost": No address associated with hostname | Context: limit=50, is401=false, tokenPresent=true, tokenPreview=ciris_ad...0BKc
03-25 20:28:13.414 W/InteractViewModel(18302): [fetchHistory] Non-auth error: UnknownHostException: Unable to resolve host "localhost": No address associated with hostname
03-25 20:28:13.421 E/CIRISApiClient(18302): [getAuditEntries] Exception: UnknownHostException: Unable to resolve host "localhost": No address associated with hostname
03-25 20:28:14.597 I/CIRISApiClient(18302): [listAdapters] Listing adapters
03-25 20:28:14.608 E/CIRISApiClient(18302): [listAdapters] Exception: UnknownHostException: Unable to resolve host "localhost": No address associated with hostname
03-25 20:28:16.440 E/CIRISApiClient(18302): [getMessages] Exception: UnknownHostException: Unable to resolve host "localhost": No address associated with hostname | Context: limit=50, is401=false, tokenPresent=true, tokenPreview=ciris_ad...0BKc
03-25 20:28:16.443 W/InteractViewModel(18302): [fetchHistory] Non-auth error: UnknownHostException: Unable to resolve host "localhost": No address associated with hostname
03-25 20:28:16.450 E/CIRISApiClient(18302): [getAuditEntries] Exception: UnknownHostException: Unable to resolve host "localhost": No address associated with hostname
03-25 20:28:16.544 E/CIRISApiClient(18302): [getSystemStatus] Exception: UnknownHostException: Unable to resolve host "localhost": No address associated with hostname
03-25 20:28:19.476 E/CIRISApiClient(18302): [getMessages] Exception: UnknownHostException: Unable to resolve host "localhost": No address associated with hostname | Context: limit=50, is401=false, tokenPresent=true, tokenPreview=ciris_ad...0BKc
03-25 20:28:19.480 W/InteractViewModel(18302): [fetchHistory] Non-auth error: UnknownHostException: Unable to resolve host "localhost": No address associated with hostname
03-25 20:28:19.488 E/CIRISApiClient(18302): [getAuditEntries] Exception: UnknownHostException: Unable to resolve host "localhost": No address associated with hostname
03-25 20:28:19.684 D/EnvFileUpdater(18302): Found CIRIS_HOME from env: /data/user/0/ai.ciris.mobile/files/ciris
03-25 20:28:21.567 E/CIRISApiClient(18302): [getSystemStatus] Exception: UnknownHostException: Unable to resolve host "localhost": No address associated with hostname
03-25 20:28:22.503 E/CIRISApiClient(18302): [getMessages] Exception: UnknownHostException: Unable to resolve host "localhost": No address associated with hostname | Context: limit=50, is401=false, tokenPresent=true, tokenPreview=ciris_ad...0BKc
03-25 20:28:22.506 W/InteractViewModel(18302): [fetchHistory] Non-auth error: UnknownHostException: Unable to resolve host "localhost": No address associated with hostname
03-25 20:28:22.513 E/CIRISApiClient(18302): [getAuditEntries] Exception: UnknownHostException: Unable to resolve host "localhost": No address associated with hostname
03-25 20:28:22.940 D/EnvFileUpdater(30439): Found CIRIS_HOME from env: /data/user/0/ai.ciris.mobile.debug/files/ciris
03-25 20:28:24.315 I/InteractViewModel(18302): [startSseStream] SSE disconnected
03-25 20:28:24.317 I/InteractViewModel(18302): [startSseStream] Reconnecting in 30000ms...
03-25 20:28:24.616 I/CIRISApiClient(18302): [listAdapters] Listing adapters
03-25 20:28:24.628 E/CIRISApiClient(18302): [listAdapters] Exception: UnknownHostException: Unable to resolve host "localhost": No address associated with hostname
03-25 20:28:25.524 E/CIRISApiClient(18302): [getMessages] Exception: UnknownHostException: Unable to resolve host "localhost": No address associated with hostname | Context: limit=50, is401=false, tokenPresent=true, tokenPreview=ciris_ad...0BKc
03-25 20:28:25.527 W/InteractViewModel(18302): [fetchHistory] Non-auth error: UnknownHostException: Unable to resolve host "localhost": No address associated with hostname
03-25 20:28:25.535 E/CIRISApiClient(18302): [getAuditEntries] Exception: UnknownHostException: Unable to resolve host "localhost": No address associated with hostname
03-25 20:28:26.584 E/CIRISApiClient(18302): [getSystemStatus] Exception: UnknownHostException: Unable to resolve host "localhost": No address associated with hostname
03-25 20:28:28.548 E/CIRISApiClient(18302): [getMessages] Exception: UnknownHostException: Unable to resolve host "localhost": No address associated with hostname | Context: limit=50, is401=false, tokenPresent=true, tokenPreview=ciris_ad...0BKc
03-25 20:28:28.551 W/InteractViewModel(18302): [fetchHistory] Non-auth error: UnknownHostException: Unable to resolve host "localhost": No address associated with hostname
03-25 20:28:28.558 E/CIRISApiClient(18302): [getAuditEntries] Exception: UnknownHostException: Unable to resolve host "localhost": No address associated with hostname
03-25 20:28:29.687 D/EnvFileUpdater(18302): Found CIRIS_HOME from env: /data/user/0/ai.ciris.mobile/files/ciris
03-25 20:28:31.574 E/CIRISApiClient(18302): [getMessages] Exception: UnknownHostException: Unable to resolve host "localhost": No address associated with hostname | Context: limit=50, is401=false, tokenPresent=true, tokenPreview=ciris_ad...0BKc
03-25 20:28:31.577 W/InteractViewModel(18302): [fetchHistory] Non-auth error: UnknownHostException: Unable to resolve host "localhost": No address associated with hostname
03-25 20:28:31.585 E/CIRISApiClient(18302): [getAuditEntries] Exception: UnknownHostException: Unable to resolve host "localhost": No address associated with hostname
03-25 20:28:31.593 E/CIRISApiClient(18302): [getSystemStatus] Exception: UnknownHostException: Unable to resolve host "localhost": No address associated with hostname
03-25 20:28:31.678 E/CIRISApiClient(18302): [getLlmConfig] Exception: UnknownHostException: Unable to resolve host "localhost": No address associated with hostname
03-25 20:28:31.680 W/InteractViewModel(18302): [fetchHealthData] Failed to fetch LLM config from API: Unable to resolve host "localhost": No address associated with hostname
03-25 20:28:31.688 E/CIRISApiClient(18302): [getVerifyStatus] Exception: UnknownHostException: Unable to resolve host "localhost": No address associated with hostname
03-25 20:28:32.947 D/EnvFileUpdater(30439): Found CIRIS_HOME from env: /data/user/0/ai.ciris.mobile.debug/files/ciris
03-25 20:28:34.608 E/CIRISApiClient(18302): [getMessages] Exception: UnknownHostException: Unable to resolve host "localhost": No address associated with hostname | Context: limit=50, is401=false, tokenPresent=true, tokenPreview=ciris_ad...0BKc
03-25 20:28:34.612 W/InteractViewModel(18302): [fetchHistory] Non-auth error: UnknownHostException: Unable to resolve host "localhost": No address associated with hostname
03-25 20:28:34.619 E/CIRISApiClient(18302): [getAuditEntries] Exception: UnknownHostException: Unable to resolve host "localhost": No address associated with hostname
03-25 20:28:34.637 I/CIRISApiClient(18302): [listAdapters] Listing adapters
03-25 20:28:34.645 E/CIRISApiClient(18302): [listAdapters] Exception: UnknownHostException: Unable to resolve host "localhost": No address associated with hostname
03-25 20:28:36.608 E/CIRISApiClient(18302): [getSystemStatus] Exception: UnknownHostException: Unable to resolve host "localhost": No address associated with hostname
03-25 20:28:37.637 E/CIRISApiClient(18302): [getMessages] Exception: UnknownHostException: Unable to resolve host "localhost": No address associated with hostname | Context: limit=50, is401=false, tokenPresent=true, tokenPreview=ciris_ad...0BKc
03-25 20:28:37.640 W/InteractViewModel(18302): [fetchHistory] Non-auth error: UnknownHostException: Unable to resolve host "localhost": No address associated with hostname
03-25 20:28:37.647 E/CIRISApiClient(18302): [getAuditEntries] Exception: UnknownHostException: Unable to resolve host "localhost": No address associated with hostname
03-25 20:28:39.692 D/EnvFileUpdater(18302): Found CIRIS_HOME from env: /data/user/0/ai.ciris.mobile/files/ciris
03-25 20:28:40.664 E/CIRISApiClient(18302): [getMessages] Exception: UnknownHostException: Unable to resolve host "localhost": No address associated with hostname | Context: limit=50, is401=false, tokenPresent=true, tokenPreview=ciris_ad...0BKc
03-25 20:28:40.667 W/InteractViewModel(18302): [fetchHistory] Non-auth error: UnknownHostException: Unable to resolve host "localhost": No address associated with hostname
03-25 20:28:40.674 E/CIRISApiClient(18302): [getAuditEntries] Exception: UnknownHostException: Unable to resolve host "localhost": No address associated with hostname
03-25 20:28:41.621 E/CIRISApiClient(18302): [getSystemStatus] Exception: UnknownHostException: Unable to resolve host "localhost": No address associated with hostname
03-25 20:28:42.953 D/EnvFileUpdater(30439): Found CIRIS_HOME from env: /data/user/0/ai.ciris.mobile.debug/files/ciris
03-25 20:28:43.690 E/CIRISApiClient(18302): [getMessages] Exception: UnknownHostException: Unable to resolve host "localhost": No address associated with hostname | Context: limit=50, is401=false, tokenPresent=true, tokenPreview=ciris_ad...0BKc
03-25 20:28:43.693 W/InteractViewModel(18302): [fetchHistory] Non-auth error: UnknownHostException: Unable to resolve host "localhost": No address associated with hostname
03-25 20:28:43.700 E/CIRISApiClient(18302): [getAuditEntries] Exception: UnknownHostException: Unable to resolve host "localhost": No address associated with hostname
03-25 20:28:44.653 I/CIRISApiClient(18302): [listAdapters] Listing adapters
03-25 20:28:44.666 E/CIRISApiClient(18302): [listAdapters] Exception: UnknownHostException: Unable to resolve host "localhost": No address associated with hostname
03-25 20:28:46.641 E/CIRISApiClient(18302): [getSystemStatus] Exception: UnknownHostException: Unable to resolve host "localhost": No address associated with hostname
03-25 20:28:46.710 E/CIRISApiClient(18302): [getMessages] Exception: UnknownHostException: Unable to resolve host "localhost": No address associated with hostname | Context: limit=50, is401=false, tokenPresent=true, tokenPreview=ciris_ad...0BKc
03-25 20:28:46.713 W/InteractViewModel(18302): [fetchHistory] Non-auth error: UnknownHostException: Unable to resolve host "localhost": No address associated with hostname
03-25 20:28:46.721 E/CIRISApiClient(18302): [getAuditEntries] Exception: UnknownHostException: Unable to resolve host "localhost": No address associated with hostname
03-25 20:28:49.697 D/EnvFileUpdater(18302): Found CIRIS_HOME from env: /data/user/0/ai.ciris.mobile/files/ciris
03-25 20:28:49.734 E/CIRISApiClient(18302): [getMessages] Exception: UnknownHostException: Unable to resolve host "localhost": No address associated with hostname | Context: limit=50, is401=false, tokenPresent=true, tokenPreview=ciris_ad...0BKc
03-25 20:28:49.737 W/InteractViewModel(18302): [fetchHistory] Non-auth error: UnknownHostException: Unable to resolve host "localhost": No address associated with hostname
03-25 20:28:49.743 E/CIRISApiClient(18302): [getAuditEntries] Exception: UnknownHostException: Unable to resolve host "localhost": No address associated with hostname
03-25 20:28:51.657 E/CIRISApiClient(18302): [getSystemStatus] Exception: UnknownHostException: Unable to resolve host "localhost": No address associated with hostname
03-25 20:28:52.764 E/CIRISApiClient(18302): [getMessages] Exception: UnknownHostException: Unable to resolve host "localhost": No address associated with hostname | Context: limit=50, is401=false, tokenPresent=true, tokenPreview=ciris_ad...0BKc
03-25 20:28:52.768 W/InteractViewModel(18302): [fetchHistory] Non-auth error: UnknownHostException: Unable to resolve host "localhost": No address associated with hostname
03-25 20:28:52.776 E/CIRISApiClient(18302): [getAuditEntries] Exception: UnknownHostException: Unable to resolve host "localhost": No address associated with hostname
03-25 20:28:52.959 D/EnvFileUpdater(30439): Found CIRIS_HOME from env: /data/user/0/ai.ciris.mobile.debug/files/ciris
03-25 20:28:54.335 I/InteractViewModel(18302): [startSseStream] SSE disconnected
03-25 20:28:54.338 I/InteractViewModel(18302): [startSseStream] Reconnecting in 30000ms...
03-25 20:28:54.674 I/CIRISApiClient(18302): [listAdapters] Listing adapters
03-25 20:28:54.686 E/CIRISApiClient(18302): [listAdapters] Exception: UnknownHostException: Unable to resolve host "localhost": No address associated with hostname
03-25 20:28:55.794 E/CIRISApiClient(18302): [getMessages] Exception: UnknownHostException: Unable to resolve host "localhost": No address associated with hostname | Context: limit=50, is401=false, tokenPresent=true, tokenPreview=ciris_ad...0BKc
03-25 20:28:55.798 W/InteractViewModel(18302): [fetchHistory] Non-auth error: UnknownHostException: Unable to resolve host "localhost": No address associated with hostname
03-25 20:28:55.805 E/CIRISApiClient(18302): [getAuditEntries] Exception: UnknownHostException: Unable to resolve host "localhost": No address associated with hostname
03-25 20:28:56.672 E/CIRISApiClient(18302): [getSystemStatus] Exception: UnknownHostException: Unable to resolve host "localhost": No address associated with hostname
03-25 20:28:58.821 E/CIRISApiClient(18302): [getMessages] Exception: UnknownHostException: Unable to resolve host "localhost": No address associated with hostname | Context: limit=50, is401=false, tokenPresent=true, tokenPreview=ciris_ad...0BKc
03-25 20:28:58.824 W/InteractViewModel(18302): [fetchHistory] Non-auth error: UnknownHostException: Unable to resolve host "localhost": No address associated with hostname
03-25 20:28:58.831 E/CIRISApiClient(18302): [getAuditEntries] Exception: UnknownHostException: Unable to resolve host "localhost": No address associated with hostname
03-25 20:28:59.699 D/EnvFileUpdater(18302): Found CIRIS_HOME from env: /data/user/0/ai.ciris.mobile/files/ciris
03-25 20:29:01.684 E/CIRISApiClient(18302): [getSystemStatus] Exception: UnknownHostException: Unable to resolve host "localhost": No address associated with hostname
03-25 20:29:01.694 E/CIRISApiClient(18302): [getLlmConfig] Exception: UnknownHostException: Unable to resolve host "localhost": No address associated with hostname
03-25 20:29:01.695 W/InteractViewModel(18302): [fetchHealthData] Failed to fetch LLM config from API: Unable to resolve host "localhost": No address associated with hostname
03-25 20:29:01.700 E/CIRISApiClient(18302): [getVerifyStatus] Exception: UnknownHostException: Unable to resolve host "localhost": No address associated with hostname
03-25 20:29:01.838 E/CIRISApiClient(18302): [getMessages] Exception: UnknownHostException: Unable to resolve host "localhost": No address associated with hostname | Context: limit=50, is401=false, tokenPresent=true, tokenPreview=ciris_ad...0BKc
03-25 20:29:01.839 W/InteractViewModel(18302): [fetchHistory] Non-auth error: UnknownHostException: Unable to resolve host "localhost": No address associated with hostname
03-25 20:29:01.843 E/CIRISApiClient(18302): [getAuditEntries] Exception: UnknownHostException: Unable to resolve host "localhost": No address associated with hostname
03-25 20:29:04.694 I/CIRISApiClient(18302): [listAdapters] Listing adapters
03-25 20:29:04.703 E/CIRISApiClient(18302): [listAdapters] Exception: UnknownHostException: Unable to resolve host "localhost": No address associated with hostname
03-25 20:29:04.853 E/CIRISApiClient(18302): [getMessages] Exception: UnknownHostException: Unable to resolve host "localhost": No address associated with hostname | Context: limit=50, is401=false, tokenPresent=true, tokenPreview=ciris_ad...0BKc
03-25 20:29:04.855 W/InteractViewModel(18302): [fetchHistory] Non-auth error: UnknownHostException: Unable to resolve host "localhost": No address associated with hostname
03-25 20:29:04.862 E/CIRISApiClient(18302): [getAuditEntries] Exception: UnknownHostException: Unable to resolve host "localhost": No address associated with hostname
03-25 20:29:05.495 I/MainActivity(32240): Initializing Python runtime...
03-25 20:29:05.724 I/MainActivity(32240): Python runtime started
03-25 20:29:05.732 I/MainActivity(32240): Google Sign-In initialized with client ID: 265882853697-l421ndo...
03-25 20:29:05.732 I/MainActivity(32240): Initializing Google Play Billing...
03-25 20:29:05.788 I/CIRISApiClient(32240): [init] CIRISApiClient initialized with baseUrl=http://localhost:8080
03-25 20:29:05.803 I/MainActivity(32240): Google Play Billing initialized
03-25 20:29:05.806 I/MainActivity(32240): Google Play Integrity initialized (via Python API)
03-25 20:29:05.951 I/MainActivity(32240): Running CIRIS network diagnostics...
03-25 20:29:05.953 I/MainActivity(32240): Showing CIRISApp immediately for startup animation
03-25 20:29:05.953 I/MainActivity(32240): Starting PythonRuntimeService...
03-25 20:29:05.959 D/CIRISApp(32240): [INIT] CIRISApp composable invoked - googleSignInCallback=PRESENT (241859476)
03-25 20:29:05.969 I/CIRISApiClient(32240): [init] CIRISApiClient initialized with baseUrl=http://localhost:8080
03-25 20:29:05.972 I/TokenManager(32240): [setShared] Shared TokenManager instance set
03-25 20:29:05.974 D/MainActivity(32240): Prep step 1/6: [1/6] Architecture: arm64-v8a (machine=aarch64)
03-25 20:29:05.974 D/MainActivity(32240): Prep step 2/6: [2/6] Extract target: /data/data/ai.ciris.mobile.debug/files/chaquopy/extract-packages
03-25 20:29:05.974 D/MainActivity(32240): Prep step 3/6: [3/6] Found existing .so: _pydantic_core.cpython-310-aarch64-linux-android.so
03-25 20:29:05.974 D/MainActivity(32240): Prep step 4/6: [4/6] No cached modules to clear
03-25 20:29:05.974 D/MainActivity(32240): Prep step 5/6: [5/6] sys.path[0] = /data/data/ai.ciris.mobile.debug/files/chaquopy/extract-packages
03-25 20:29:05.974 D/MainActivity(32240): Prep step 5/6: [5/6] Installed PydanticCoreFinder at meta_path[0]
03-25 20:29:05.974 D/MainActivity(32240): Prep step 6/6: [6/6] Testing native library load...
03-25 20:29:05.974 D/MainActivity(32240): Prep step 6/6: [6/6] ctypes.CDLL: SUCCESS
03-25 20:29:05.975 D/MainActivity(32240): Prep step 6/6: [6/6] import pydantic_core: SUCCESS (v2.23.4)
03-25 20:29:05.975 D/MainActivity(32240): Prep step 6/6: [6/6] Location: /data/data/ai.ciris.mobile.debug/files/chaquopy/extract-packages/pydantic_core/__init__.py
03-25 20:29:05.975 D/MainActivity(32240): Prep step 7/8: [7/8] Hashing ciris_engine...
03-25 20:29:05.978 D/MainActivity(32240): Prep step 7/8: [7/8] ciris_engine: 686 files hashed
03-25 20:29:05.978 D/MainActivity(32240): Prep step 8/8: [8/8] Hashing ciris_adapters...
03-25 20:29:05.978 D/MainActivity(32240): Prep step 8/8: [8/8] ciris_adapters: 250 files hashed
03-25 20:29:05.980 I/InteractViewModel(32240): [init] InteractViewModel initialized (polling deferred until token available)
03-25 20:29:05.981 I/InteractViewModel(32240): [setDeviceAttestationCallback] Device attestation callback SET
03-25 20:29:05.982 I/SettingsViewModel(32240): [loadDisplaySettings] >>> Loading live_background_enabled from secure storage...
03-25 20:29:05.984 I/BillingViewModel(32240): [init] BillingViewModel initialized
03-25 20:29:06.094 I/MainActivity(32240): Setting purchase result callback
03-25 20:29:06.106 D/CIRISApp(32240): [INIT] CIRISApp composable invoked - googleSignInCallback=PRESENT (241859476)
03-25 20:29:06.107 I/InteractViewModel(32240): [setDeviceAttestationCallback] Device attestation callback SET
03-25 20:29:06.147 I/SettingsViewModel(32240): [loadDisplaySettings] >>> Raw value='true', parsed=true
03-25 20:29:06.148 I/SettingsViewModel(32240): [loadDisplaySettings] >>> Live background state set to: true
03-25 20:29:06.155 D/CIRISApp(32240): [INIT] CIRISApp composable invoked - googleSignInCallback=PRESENT (241859476)
03-25 20:29:06.156 I/InteractViewModel(32240): [setDeviceAttestationCallback] Device attestation callback SET
03-25 20:29:06.187 I/SettingsViewModel(32240): [loadDisplaySettings] >>> Color theme loaded: LAPIS
03-25 20:29:06.195 D/CIRISApp(32240): [INIT] CIRISApp composable invoked - googleSignInCallback=PRESENT (241859476)
03-25 20:29:06.196 I/InteractViewModel(32240): [setDeviceAttestationCallback] Device attestation callback SET
03-25 20:29:06.215 I/python.stdout(32240): ============================================================
03-25 20:29:06.215 I/python.stdout(32240): PYDANTIC_CORE NATIVE LIBRARY SETUP
03-25 20:29:06.215 I/python.stdout(32240): ============================================================
03-25 20:29:06.215 I/python.stdout(32240): [1/6] Architecture: arm64-v8a (machine=aarch64)
03-25 20:29:06.215 I/python.stdout(32240): [2/6] Extract target: /data/data/ai.ciris.mobile.debug/files/chaquopy/extract-packages
03-25 20:29:06.216 D/MainActivity(32240): Prep step 1/6: [1/6] Architecture: arm64-v8a (machine=aarch64)
03-25 20:29:06.216 D/MainActivity(32240): Prep step 2/6: [2/6] Extract target: /data/data/ai.ciris.mobile.debug/files/chaquopy/extract-packages
03-25 20:29:06.216 I/python.stdout(32240): [3/6] Found existing .so: _pydantic_core.cpython-310-aarch64-linux-android.so
03-25 20:29:06.216 I/python.stdout(32240): [4/6] No cached modules to clear
03-25 20:29:06.217 I/python.stdout(32240): [5/6] sys.path[0] = /data/data/ai.ciris.mobile.debug/files/chaquopy/extract-packages
03-25 20:29:06.217 I/python.stdout(32240): [5/6] Installed PydanticCoreFinder at meta_path[0]
03-25 20:29:06.217 D/MainActivity(32240): Prep step 3/6: [3/6] Found existing .so: _pydantic_core.cpython-310-aarch64-linux-android.so
03-25 20:29:06.217 I/python.stdout(32240): [6/6] Testing native library load...
03-25 20:29:06.217 D/MainActivity(32240): Prep step 4/6: [4/6] No cached modules to clear
03-25 20:29:06.217 D/MainActivity(32240): Prep step 5/6: [5/6] sys.path[0] = /data/data/ai.ciris.mobile.debug/files/chaquopy/extract-packages
03-25 20:29:06.217 D/MainActivity(32240): Prep step 5/6: [5/6] Installed PydanticCoreFinder at meta_path[0]
03-25 20:29:06.217 D/MainActivity(32240): Prep step 6/6: [6/6] Testing native library load...
03-25 20:29:06.220 I/python.stdout(32240): [6/6] ctypes.CDLL: SUCCESS
03-25 20:29:06.220 W/python.stderr(32240): <frozen importlib._bootstrap>:914: ImportWarning: PydanticCoreFinder.find_spec() not found; falling back to find_module()
03-25 20:29:06.220 W/python.stderr(32240): <frozen importlib._bootstrap>:671: ImportWarning: PydanticCoreFinder.exec_module() not found; falling back to load_module()
03-25 20:29:06.220 D/MainActivity(32240): Prep step 6/6: [6/6] ctypes.CDLL: SUCCESS
03-25 20:29:06.250 I/python.stdout(32240): [6/6] import pydantic_core: SUCCESS (v2.23.4)
03-25 20:29:06.251 I/python.stdout(32240): [6/6] Location: /data/data/ai.ciris.mobile.debug/files/chaquopy/extract-packages/pydantic_core/__init__.py
03-25 20:29:06.251 I/python.stdout(32240): ============================================================
03-25 20:29:06.251 I/python.stdout(32240): PYDANTIC_CORE READY
03-25 20:29:06.251 I/python.stdout(32240): ============================================================
03-25 20:29:06.251 D/MainActivity(32240): Prep step 6/6: [6/6] import pydantic_core: SUCCESS (v2.23.4)
03-25 20:29:06.251 I/python.stdout(32240): INFO: mobile_main: CIRIS Mobile - Full On-Device Runtime (LLM Remote)
03-25 20:29:06.251 D/MainActivity(32240): Prep step 6/6: [6/6] Location: /data/data/ai.ciris.mobile.debug/files/chaquopy/extract-packages/pydantic_core/__init__.py
03-25 20:29:06.258 I/SettingsViewModel(32240): [loadDisplaySettings] >>> Brightness preference loaded: DARK
03-25 20:29:06.270 D/CIRISApp(32240): [INIT] CIRISApp composable invoked - googleSignInCallback=PRESENT (241859476)
03-25 20:29:06.271 I/InteractViewModel(32240): [setDeviceAttestationCallback] Device attestation callback SET
03-25 20:29:06.690 E/CIRISApiClient(18302): [getSystemStatus] Exception: UnknownHostException: Unable to resolve host "localhost": No address associated with hostname
03-25 20:29:07.034 I/MainActivity(32240): Network diagnostics completed
03-25 20:29:07.874 E/CIRISApiClient(18302): [getMessages] Exception: UnknownHostException: Unable to resolve host "localhost": No address associated with hostname | Context: limit=50, is401=false, tokenPresent=true, tokenPreview=ciris_ad...0BKc
03-25 20:29:07.875 W/InteractViewModel(18302): [fetchHistory] Non-auth error: UnknownHostException: Unable to resolve host "localhost": No address associated with hostname
03-25 20:29:07.880 E/CIRISApiClient(18302): [getAuditEntries] Exception: UnknownHostException: Unable to resolve host "localhost": No address associated with hostname
03-25 20:29:07.991 W/python.stderr(32240): stdlib/enum.py:289: DeprecationWarning: FUNCTIONS is deprecated and will be removed in future versions
03-25 20:29:08.211 I/python.stdout(32240): INFO: ciris_engine.logic.utils.path_resolution: [path_resolution] CIRIS_HOME configured: /data/data/ai.ciris.mobile.debug/files/ciris (platform: Android, os: linux)
03-25 20:29:08.211 I/python.stdout(32240): INFO: mobile_main: Android paths: CIRIS_HOME=/data/data/ai.ciris.mobile.debug/files/ciris, data=/data/data/ai.ciris.mobile.debug/files/ciris/data, logs=/data/data/ai.ciris.mobile.debug/files/ciris/logs
03-25 20:29:08.211 I/python.stdout(32240): INFO: mobile_main: Loading configuration from /data/data/ai.ciris.mobile.debug/files/ciris/.env
03-25 20:29:08.215 I/python.stdout(32240): INFO: mobile_main: Loaded .env - OPENAI_API_KEY set: True
03-25 20:29:08.215 I/python.stdout(32240): INFO: mobile_main: Loaded .env - OPENAI_API_BASE: https://llm01.ciris-services-1.ai/v1
03-25 20:29:08.215 I/python.stdout(32240): INFO: mobile_main: Verifying code integrity (parallel with imports)...
03-25 20:29:08.219 I/python.stdout(32240): [7/8] Hashing ciris_engine...
03-25 20:29:08.219 D/MainActivity(32240): Prep step 7/8: [7/8] Hashing ciris_engine...
03-25 20:29:08.397 I/python.stdout(32240): [7/8] ciris_engine: 686 files hashed
03-25 20:29:08.397 I/python.stdout(32240): [8/8] Hashing ciris_adapters...
03-25 20:29:08.398 D/MainActivity(32240): Prep step 7/8: [7/8] ciris_engine: 686 files hashed
03-25 20:29:08.398 D/MainActivity(32240): Prep step 8/8: [8/8] Hashing ciris_adapters...
03-25 20:29:08.570 I/python.stdout(32240): [8/8] ciris_adapters: 250 files hashed
03-25 20:29:08.571 I/python.stdout(32240): INFO: mobile_main: Code integrity check: 936/936 files hashed, total_hash=438a7d1e2f391f04...
03-25 20:29:08.571 D/MainActivity(32240): Prep step 8/8: [8/8] ciris_adapters: 250 files hashed
03-25 20:29:08.575 I/python.stdout(32240): INFO: mobile_main: Saved 936 module hashes to /data/data/ai.ciris.mobile.debug/files/ciris/startup_python_hashes.json
03-25 20:29:09.700 D/EnvFileUpdater(18302): Found CIRIS_HOME from env: /data/user/0/ai.ciris.mobile/files/ciris
03-25 20:29:09.881 W/python.stderr(32240): /data/data/ai.ciris.mobile.debug/files/chaquopy/AssetFinder/requirements/pydantic/_internal/_fields.py:132: UserWarning: Field "model_used" in ResourceCost has conflict with protected namespace "model_".
03-25 20:29:09.881 W/python.stderr(32240): 
03-25 20:29:09.881 W/python.stderr(32240): You may be able to resolve this warning by setting `model_config['protected_namespaces'] = ()`.
03-25 20:29:10.825 I/python.stdout(32240): INFO: mobile_main: Code integrity verified: 936 modules, hash=438a7d1e2f391f04...
03-25 20:29:10.826 I/python.stdout(32240): INFO: mobile_main: Starting CIRIS on-device runtime...
03-25 20:29:10.826 I/python.stdout(32240): INFO: mobile_main: API endpoint: http://0.0.0.0:8080 (binding all interfaces)
03-25 20:29:10.826 I/python.stdout(32240): INFO: mobile_main: LLM endpoint: https://llm01.ciris-services-1.ai/v1
03-25 20:29:10.840 I/python.stdout(32240): INFO: mobile_main: Using Android config - CIRIS_HOME: /data/data/ai.ciris.mobile.debug/files/ciris, data_dir: /data/data/ai.ciris.mobile.debug/files/ciris/data
03-25 20:29:10.843 I/python.stdout(32240): INFO: mobile_main: Bootstrap adapters: ['api'] - additional adapters loaded from graph/resume
03-25 20:29:10.844 I/python.stdout(32240): INFO: ciris_engine.logic.runtime.bootstrap_helpers: [BOOTSTRAP] identity_update=False, template_name=None
03-25 20:29:10.890 E/CIRISApiClient(18302): [getMessages] Exception: UnknownHostException: Unable to resolve host "localhost": No address associated with hostname | Context: limit=50, is401=false, tokenPresent=true, tokenPreview=ciris_ad...0BKc
03-25 20:29:10.892 W/InteractViewModel(18302): [fetchHistory] Non-auth error: UnknownHostException: Unable to resolve host "localhost": No address associated with hostname
03-25 20:29:10.896 E/CIRISApiClient(18302): [getAuditEntries] Exception: UnknownHostException: Unable to resolve host "localhost": No address associated with hostname
03-25 20:29:10.898 I/python.stdout(32240): INFO: ciris_engine.logic.adapters: Successfully loaded adapter for mode 'ciris_verify' from modular adapters
03-25 20:29:10.903 I/python.stdout(32240): INFO: ciris_engine.logic.adapters.base: Initializing service: CIRISVerifyAdapter
03-25 20:29:10.903 I/python.stdout(32240): INFO: ciris_engine.logic.runtime.bootstrap_helpers: Successfully loaded adapter: ciris_verify
03-25 20:29:10.975 I/python.stdout(32240): INFO: ciris_engine.logic.adapters: Successfully loaded adapter for mode 'wallet' from modular adapters
03-25 20:29:10.975 I/python.stdout(32240): INFO: ciris_engine.logic.adapters.base: Initializing service: WalletAdapter
03-25 20:29:10.975 I/python.stdout(32240): INFO: ciris_engine.logic.services.infrastructure.authentication.verifier_singleton: [verifier_singleton] Initializing CIRISVerify with CIRIS_DATA_DIR=/data/user/0/ai.ciris.mobile.debug/files/ciris/data
03-25 20:29:10.978 I/python.stdout(32240): INFO: ciris_adapters.ciris_verify.ffi_bindings.client: [CIRISVerify] Android nativeLibraryDir: /data/app/~~UKa2_kvb2AVTElR4sLanzw==/ai.ciris.mobile.debug-M42BSna6VD6Z9I8IpUGyxg==/lib/arm64
03-25 20:29:11.016 I/python.stdout(32240): INFO: ciris_engine.logic.services.infrastructure.authentication.verifier_singleton: [verifier_singleton] Created global CIRISVerify instance
03-25 20:29:11.018 I/python.stdout(32240): INFO: ciris_verify: [ciris_verify_ffi] Log callback registered
03-25 20:29:11.018 I/python.stdout(32240): INFO: ciris_engine.logic.services.infrastructure.authentication.verifier_singleton: [verifier_singleton] Rust logging callback registered (TRACE level)
03-25 20:29:11.018 I/python.stdout(32240): DEBUG: ciris_verify: [ciris_keyring::platform::android] get_keystore: loading AndroidKeyStore
03-25 20:29:11.019 I/python.stdout(32240): DEBUG: ciris_verify: [ciris_keyring::platform::android] get_keystore: AndroidKeyStore loaded successfully
03-25 20:29:11.020 I/python.stdout(32240): INFO: ciris_verify: [ciris_keyring::platform::android] VERIFY key_exists check - phase 1 (file/wrapper check), wrapper_alias=agent_signing_aes_wrapper, encrypted_key_path="/data/user/0/ai.ciris.mobile.debug/files/ciris/data/agent_signing.ed25519.enc", wrapper_exists=true, file_exists=true
03-25 20:29:11.020 I/python.stdout(32240): INFO: ciris_verify: [ciris_keyring::platform::android] VERIFY key_exists check - phase 2 PASSED (key can be decrypted), wrapper_alias=agent_signing_aes_wrapper
03-25 20:29:11.020 I/python.stdout(32240): INFO: ciris_verify: [ciris_keyring::software] VERIFY MutableEd25519Signer::has_key - hardware wrapper check, has_key=true, hardware_backed=true, ciris_data_dir=Some("/data/user/0/ai.ciris.mobile.debug/files/ciris/data")
03-25 20:29:11.020 I/python.stdout(32240): DEBUG: ciris_verify: [ciris_verify_ffi] has_key check: true
03-25 20:29:11.021 I/python.stdout(32240): DEBUG: ciris_verify: [ciris_keyring::software] get_public_key from hardware wrapper, pubkey_len=32, hardware_backed=true
03-25 20:29:11.021 I/python.stdout(32240): DEBUG: ciris_verify: [ciris_verify_ffi] Ed25519 public key returned (32 bytes)
03-25 20:29:11.021 D/MainActivity(32240): Verify: INFO: ciris_verify: [ciris_keyring::platform::android] VERIFY key_exists check - phase 1 (file/wrapper check), wrapper_alias=agent_signing_aes_wrapper, encrypted_key_path="/data/user/0/ai.ciris.mobile.debug/files/ciris/data/agent_signing.ed25519.enc", wrapper_exists=true, file_exists=true
03-25 20:29:11.021 I/python.stdout(32240): INFO: ciris_adapters.wallet.adapter: Got Ed25519 public key from CIRISVerify (32 bytes)
03-25 20:29:11.021 I/python.stdout(32240): INFO: ciris_adapters.wallet.adapter: x402 provider configured with CIRISVerify key
03-25 20:29:11.022 D/MainActivity(32240): Verify: INFO: ciris_verify: [ciris_keyring::platform::android] VERIFY key_exists check - phase 2 PASSED (key can be decrypted), wrapper_alias=agent_signing_aes_wrapper
03-25 20:29:11.022 D/MainActivity(32240): Verify: INFO: ciris_verify: [ciris_keyring::software] VERIFY MutableEd25519Signer::has_key - hardware wrapper check, has_key=true, hardware_backed=true, ciris_data_dir=Some("/data/user/0/ai.ciris.mobile.debug/files/ciris/data")
03-25 20:29:11.025 I/python.stdout(32240): INFO: ciris_adapters.wallet.providers.registry: Loaded provider: x402
03-25 20:29:11.025 I/python.stdout(32240): INFO: ciris_adapters.wallet.providers.chain_client: ChainClient initialized for base-sepolia (chain_id=84532)
03-25 20:29:11.025 I/python.stdout(32240): INFO: ciris_adapters.wallet.providers.x402_provider: X402Provider created for network: base-sepolia
03-25 20:29:11.026 I/python.stdout(32240): INFO: ciris_adapters.wallet.providers.x402_provider: Derived wallet address from public key: 0x9118331a6CDdB04126707dd832f596dd63cBc984
03-25 20:29:11.026 I/python.stdout(32240): INFO: ciris_adapters.wallet.adapter: Loaded provider: x402
03-25 20:29:11.026 I/python.stdout(32240): INFO: ciris_adapters.wallet.tool_service: WalletToolService initialized with providers: ['x402']
03-25 20:29:11.026 I/python.stdout(32240): INFO: ciris_adapters.wallet.adapter: Wallet adapter initialized with providers: ['x402']
03-25 20:29:11.026 I/python.stdout(32240): INFO: ciris_engine.logic.runtime.bootstrap_helpers: Successfully loaded adapter: wallet
03-25 20:29:11.027 I/python.stdout(32240): INFO: ciris_engine.logic.adapters: Successfully loaded adapter for mode 'api' from core adapters
03-25 20:29:11.027 I/python.stdout(32240): INFO: ciris_engine.logic.adapters.base: Initializing service: ApiPlatform
03-25 20:29:11.027 I/python.stdout(32240): INFO: ciris_engine.logic.adapters.api.adapter: [API_ADAPTER_INIT] kwargs keys: ['adapter_config']
03-25 20:29:11.027 I/python.stdout(32240): INFO: ciris_engine.logic.adapters.api.adapter: [API_ADAPTER_INIT] adapter_config in kwargs: True
03-25 20:29:11.027 I/python.stdout(32240): INFO: ciris_engine.logic.adapters.api.adapter: [API_ADAPTER_INIT] adapter_config value: {'host': '0.0.0.0', 'port': 8080, 'cors_enabled': True, 'cors_origins': ['*'], 'cors_allow_credentials': False, 'max_request_size': 1048576, 'request_timeout': 30.0, 'enable_swagger': True, 'enable_redoc': True, 'rate_limit_enabled': True, 'rate_limit_per_minute': 60, 'auth_enabled': True, 'interaction_timeout': 55.0, 'proxy_path': '', 'agent_id': ''}, type: <class 'dict'>
03-25 20:29:11.027 I/python.stdout(32240): INFO: ciris_engine.logic.adapters.api.adapter: [API_ADAPTER_INIT] Created APIAdapterConfig from dict, port=8080
03-25 20:29:11.158 I/python.stdout(32240): Rate limiting enabled: 60 requests per minute
03-25 20:29:11.697 E/CIRISApiClient(18302): [getSystemStatus] Exception: UnknownHostException: Unable to resolve host "localhost": No address associated with hostname
03-25 20:29:11.959 I/python.stdout(32240): ℹ️  API-only mode - use CIRIS Desktop app to connect
03-25 20:29:11.959 I/python.stdout(32240): INFO: ciris_engine.logic.adapters.base: Initializing service: APIRuntimeControlService
03-25 20:29:11.959 I/python.stdout(32240): INFO: ciris_engine.logic.adapters.api.adapter: API adapter initialized - host: 0.0.0.0, port: 8080
03-25 20:29:11.959 I/python.stdout(32240): INFO: ciris_engine.logic.runtime.bootstrap_helpers: Successfully loaded adapter: api
03-25 20:29:11.959 I/python.stdout(32240): INFO: mobile_main: Initializing CIRIS services...
03-25 20:29:11.959 I/python.stdout(32240): INFO: ciris_engine.logic.runtime.ciris_runtime: Initializing CIRIS Runtime...
03-25 20:29:11.960 I/python.stdout(32240): INFO: ciris_engine.logic.runtime.ciris_runtime: Development environment - setting up directories...
03-25 20:29:11.968 I/python.stdout(32240): ✓ Database exclusive access confirmed: /data/data/ai.ciris.mobile.debug/files/ciris/data/ciris_engine.db
03-25 20:29:11.969 I/python.stdout(32240): ✓ All directories and critical files successfully configured
03-25 20:29:11.970 I/python.stdout(32240): INFO: ciris_engine.logic.runtime.ciris_runtime: [initialize] Initializing infrastructure services...
03-25 20:29:11.970 I/python.stdout(32240): INFO: ciris_engine.logic.setup.first_run: Checking first-run status...
03-25 20:29:11.970 I/python.stdout(32240): INFO: ciris_engine.logic.setup.first_run: Running in INSTALLED mode (git repo: False)
03-25 20:29:11.970 I/python.stdout(32240): INFO: ciris_engine.logic.setup.first_run: CIRIS_FORCE_FIRST_RUN env var: None
03-25 20:29:11.970 I/python.stdout(32240): INFO: ciris_engine.logic.setup.first_run: CIRIS_CONFIGURED env var: true
03-25 20:29:11.970 I/python.stdout(32240): INFO: ciris_engine.logic.setup.first_run: CIRIS_CONFIGURED is set - not first run
03-25 20:29:11.970 I/python.stdout(32240): WARNING: ciris_engine.logic.runtime.service_initializer: [SERVICES] === FULL-STARTUP PHASE ===
03-25 20:29:11.970 I/python.stdout(32240): [SERVICES] === FULL-STARTUP PHASE ===
03-25 20:29:11.971 I/python.stdout(32240): INFO: ciris_engine.services.TimeService: TimeService started successfully
03-25 20:29:11.971 I/python.stdout(32240): WARNING: ciris_engine.logic.runtime.service_initializer: [FULL-STARTUP] [SERVICE 1/22] TimeService STARTED
03-25 20:29:11.971 I/python.stdout(32240): [FULL-STARTUP] [SERVICE 1/22] TimeService STARTED
03-25 20:29:11.971 I/python.stdout(32240): INFO: ciris_engine.services.ShutdownService: ShutdownService started successfully
03-25 20:29:11.971 I/python.stdout(32240): WARNING: ciris_engine.logic.runtime.service_initializer: [FULL-STARTUP] [SERVICE 2/22] ShutdownService STARTED
03-25 20:29:11.971 I/python.stdout(32240): [FULL-STARTUP] [SERVICE 2/22] ShutdownService STARTED
03-25 20:29:11.971 I/python.stdout(32240): INFO: ciris_engine.services.InitializationService: InitializationService started successfully
03-25 20:29:11.971 I/python.stdout(32240): WARNING: ciris_engine.logic.runtime.service_initializer: [FULL-STARTUP] [SERVICE 3/22] InitializationService STARTED
03-25 20:29:11.971 I/python.stdout(32240): [FULL-STARTUP] [SERVICE 3/22] InitializationService STARTED
03-25 20:29:11.972 D/MainActivity(32240): Service 1 started (1/22)
03-25 20:29:11.972 D/MainActivity(32240): Service 1 started (1/22)
03-25 20:29:11.972 D/MainActivity(32240): Service 2 started (2/22)
03-25 20:29:11.972 D/MainActivity(32240): Service 2 started (2/22)
03-25 20:29:11.972 D/MainActivity(32240): Service 3 started (3/22)
03-25 20:29:11.973 D/MainActivity(32240): Service 3 started (3/22)
03-25 20:29:11.976 I/python.stdout(32240): INFO: ciris_engine.logic.runtime.service_initializer: Using CIRISBillingProvider with JWT auth (CIRIS LLM proxy)
03-25 20:29:12.014 I/python.stdout(32240): INFO: ciris_engine.logic.services.infrastructure.resource_monitor.ciris_billing_provider: [BILLING_PROVIDER] Started:
03-25 20:29:12.014 I/python.stdout(32240):   base_url: https://billing1.ciris-services-1.ai
03-25 20:29:12.014 I/python.stdout(32240):   auth_mode: JWT (Google ID token)
03-25 20:29:12.014 I/python.stdout(32240):   token_length: 1100 chars
03-25 20:29:12.014 I/python.stdout(32240):   has_refresh_callback: False
03-25 20:29:12.014 I/python.stdout(32240):   cache_ttl: 15s
03-25 20:29:12.014 I/python.stdout(32240):   fail_open: False
03-25 20:29:12.015 I/python.stdout(32240): INFO: ciris_engine.services.ResourceMonitorService: ResourceMonitorService: Started scheduled task with interval 1.0s
03-25 20:29:12.015 I/python.stdout(32240): INFO: ciris_engine.services.ResourceMonitorService: ResourceMonitorService started successfully
03-25 20:29:12.015 I/python.stdout(32240): WARNING: ciris_engine.logic.runtime.service_initializer: [FULL-STARTUP] [SERVICE 4/22] ResourceMonitor STARTED
03-25 20:29:12.015 I/python.stdout(32240): [FULL-STARTUP] [SERVICE 4/22] ResourceMonitor STARTED
03-25 20:29:12.015 I/python.stdout(32240): INFO: ciris_engine.logic.runtime.ciris_runtime: [initialize] Infrastructure services initialized
03-25 20:29:12.015 I/python.stdout(32240): INFO: ciris_engine.logic.runtime.ciris_runtime: [initialize] Got initialization service: <ciris_engine.logic.services.lifecycle.initialization.service.InitializationService object at 0x7775dfdf60>
03-25 20:29:12.015 I/python.stdout(32240): INFO: ciris_engine.logic.runtime.ciris_runtime: [initialize] Registering initialization steps...
03-25 20:29:12.015 I/python.stdout(32240): INFO: ciris_engine.logic.runtime.ciris_runtime: [initialize] Steps registered
03-25 20:29:12.015 I/python.stdout(32240): INFO: ciris_engine.logic.runtime.ciris_runtime: [initialize] Running initialization sequence...
03-25 20:29:12.015 I/python.stdout(32240): INFO: ciris_engine.logic.services.lifecycle.initialization.service: ============================================================
03-25 20:29:12.015 I/python.stdout(32240): INFO: ciris_engine.logic.services.lifecycle.initialization.service: CIRIS Agent Initialization Sequence Starting
03-25 20:29:12.015 I/python.stdout(32240): INFO: ciris_engine.logic.services.lifecycle.initialization.service: ============================================================
03-25 20:29:12.015 I/python.stdout(32240): INFO: ciris_engine.logic.services.lifecycle.initialization.service: [InitializationService] Registered 13 steps across 8 phases
03-25 20:29:12.015 I/python.stdout(32240): INFO: ciris_engine.logic.services.lifecycle.initialization.service: [InitializationService] Executing phase infrastructure with 1 steps
03-25 20:29:12.016 I/python.stdout(32240): INFO: ciris_engine.logic.services.lifecycle.initialization.service: ------------------------------------------------------------
03-25 20:29:12.016 I/python.stdout(32240): INFO: ciris_engine.logic.services.lifecycle.initialization.service: Phase: INFRASTRUCTURE
03-25 20:29:12.016 I/python.stdout(32240): INFO: ciris_engine.logic.services.lifecycle.initialization.service: ------------------------------------------------------------
03-25 20:29:12.016 I/python.stdout(32240): INFO: ciris_engine.logic.services.lifecycle.initialization.service: → Initialize Infrastructure Services...
03-25 20:29:12.016 D/MainActivity(32240): Service 4 started (4/22)
03-25 20:29:12.016 D/MainActivity(32240): Service 4 started (4/22)
03-25 20:29:12.030 I/python.stdout(32240): 
