--------- beginning of main
03-25 20:22:49.234 I/MainActivity(30439): Initializing Python runtime...
03-25 20:22:49.577 D/EnvFileUpdater(18302): Found CIRIS_HOME from env: /data/user/0/ai.ciris.mobile/files/ciris
03-25 20:22:49.712 E/CIRISApiClient(18302): [getMessages] Exception: UnknownHostException: Unable to resolve host "localhost": No address associated with hostname | Context: limit=50, is401=false, tokenPresent=true, tokenPreview=ciris_ad...0BKc
03-25 20:22:49.714 W/InteractViewModel(18302): [fetchHistory] Non-auth error: UnknownHostException: Unable to resolve host "localhost": No address associated with hostname
03-25 20:22:49.719 E/CIRISApiClient(18302): [getAuditEntries] Exception: UnknownHostException: Unable to resolve host "localhost": No address associated with hostname
03-25 20:22:50.496 E/CIRISApiClient(18302): [getSystemStatus] Exception: UnknownHostException: Unable to resolve host "localhost": No address associated with hostname
03-25 20:22:50.556 I/MainActivity(30439): Python runtime started
03-25 20:22:50.592 I/MainActivity(30439): Google Sign-In initialized with client ID: 265882853697-l421ndo...
03-25 20:22:50.592 I/MainActivity(30439): Initializing Google Play Billing...
03-25 20:22:50.915 I/CIRISApiClient(30439): [init] CIRISApiClient initialized with baseUrl=http://localhost:8080
03-25 20:22:50.989 I/MainActivity(30439): Google Play Billing initialized
03-25 20:22:51.000 I/MainActivity(30439): Google Play Integrity initialized (via Python API)
03-25 20:22:51.561 I/MainActivity(30439): Running CIRIS network diagnostics...
03-25 20:22:51.564 I/MainActivity(30439): Showing CIRISApp immediately for startup animation
03-25 20:22:51.566 I/MainActivity(30439): Starting PythonRuntimeService...
03-25 20:22:51.658 I/python.stdout(30439): ============================================================
03-25 20:22:51.658 I/python.stdout(30439): PYDANTIC_CORE NATIVE LIBRARY SETUP
03-25 20:22:51.658 I/python.stdout(30439): ============================================================
03-25 20:22:51.658 I/python.stdout(30439): [1/6] Architecture: arm64-v8a (machine=aarch64)
03-25 20:22:51.658 I/python.stdout(30439): [2/6] Extract target: /data/data/ai.ciris.mobile.debug/files/chaquopy/extract-packages
03-25 20:22:51.659 I/python.stdout(30439): [3/6] Found existing .so: _pydantic_core.cpython-310-aarch64-linux-android.so
03-25 20:22:51.659 I/python.stdout(30439): [4/6] No cached modules to clear
03-25 20:22:51.659 I/python.stdout(30439): [5/6] sys.path[0] = /data/data/ai.ciris.mobile.debug/files/chaquopy/extract-packages
03-25 20:22:51.659 I/python.stdout(30439): [5/6] Installed PydanticCoreFinder at meta_path[0]
03-25 20:22:51.659 I/python.stdout(30439): [6/6] Testing native library load...
03-25 20:22:51.661 I/python.stdout(30439): [6/6] ctypes.CDLL: SUCCESS
03-25 20:22:51.661 W/python.stderr(30439): <frozen importlib._bootstrap>:914: ImportWarning: PydanticCoreFinder.find_spec() not found; falling back to find_module()
03-25 20:22:51.661 W/python.stderr(30439): <frozen importlib._bootstrap>:671: ImportWarning: PydanticCoreFinder.exec_module() not found; falling back to load_module()
03-25 20:22:51.664 D/MainActivity(30439): Prep step 1/6: [1/6] Architecture: arm64-v8a (machine=aarch64)
03-25 20:22:51.665 D/MainActivity(30439): Prep step 2/6: [2/6] Extract target: /data/data/ai.ciris.mobile.debug/files/chaquopy/extract-packages
03-25 20:22:51.669 D/MainActivity(30439): Prep step 3/6: [3/6] Found existing .so: _pydantic_core.cpython-310-aarch64-linux-android.so
03-25 20:22:51.670 D/MainActivity(30439): Prep step 4/6: [4/6] No cached modules to clear
03-25 20:22:51.670 D/MainActivity(30439): Prep step 5/6: [5/6] sys.path[0] = /data/data/ai.ciris.mobile.debug/files/chaquopy/extract-packages
03-25 20:22:51.671 D/MainActivity(30439): Prep step 5/6: [5/6] Installed PydanticCoreFinder at meta_path[0]
03-25 20:22:51.671 D/MainActivity(30439): Prep step 6/6: [6/6] Testing native library load...
03-25 20:22:51.671 D/MainActivity(30439): Prep step 6/6: [6/6] ctypes.CDLL: SUCCESS
03-25 20:22:51.680 I/python.stdout(30439): [6/6] import pydantic_core: SUCCESS (v2.23.4)
03-25 20:22:51.680 I/python.stdout(30439): [6/6] Location: /data/data/ai.ciris.mobile.debug/files/chaquopy/extract-packages/pydantic_core/__init__.py
03-25 20:22:51.680 I/python.stdout(30439): ============================================================
03-25 20:22:51.680 I/python.stdout(30439): PYDANTIC_CORE READY
03-25 20:22:51.680 I/python.stdout(30439): ============================================================
03-25 20:22:51.681 I/python.stdout(30439): INFO: mobile_main: CIRIS Mobile - Full On-Device Runtime (LLM Remote)
03-25 20:22:51.682 D/MainActivity(30439): Prep step 6/6: [6/6] import pydantic_core: SUCCESS (v2.23.4)
03-25 20:22:51.682 D/MainActivity(30439): Prep step 6/6: [6/6] Location: /data/data/ai.ciris.mobile.debug/files/chaquopy/extract-packages/pydantic_core/__init__.py
03-25 20:22:52.729 E/CIRISApiClient(18302): [getMessages] Exception: UnknownHostException: Unable to resolve host "localhost": No address associated with hostname | Context: limit=50, is401=false, tokenPresent=true, tokenPreview=ciris_ad...0BKc
03-25 20:22:52.731 W/InteractViewModel(18302): [fetchHistory] Non-auth error: UnknownHostException: Unable to resolve host "localhost": No address associated with hostname
03-25 20:22:52.736 E/CIRISApiClient(18302): [getAuditEntries] Exception: UnknownHostException: Unable to resolve host "localhost": No address associated with hostname
03-25 20:22:53.303 I/MainActivity(30439): Network diagnostics completed
03-25 20:22:53.704 W/python.stderr(30439): stdlib/enum.py:289: DeprecationWarning: FUNCTIONS is deprecated and will be removed in future versions
03-25 20:22:53.928 I/CIRISApiClient(18302): [listAdapters] Listing adapters
03-25 20:22:53.937 E/CIRISApiClient(18302): [listAdapters] Exception: UnknownHostException: Unable to resolve host "localhost": No address associated with hostname
03-25 20:22:54.006 I/python.stdout(30439): INFO: ciris_engine.logic.utils.path_resolution: [path_resolution] CIRIS_HOME configured: /data/data/ai.ciris.mobile.debug/files/ciris (platform: Android, os: linux)
03-25 20:22:54.007 I/python.stdout(30439): INFO: mobile_main: Android paths: CIRIS_HOME=/data/data/ai.ciris.mobile.debug/files/ciris, data=/data/data/ai.ciris.mobile.debug/files/ciris/data, logs=/data/data/ai.ciris.mobile.debug/files/ciris/logs
03-25 20:22:54.007 I/python.stdout(30439): INFO: mobile_main: Loading configuration from /data/data/ai.ciris.mobile.debug/files/ciris/.env
03-25 20:22:54.012 I/python.stdout(30439): INFO: mobile_main: Loaded .env - OPENAI_API_KEY set: True
03-25 20:22:54.012 I/python.stdout(30439): INFO: mobile_main: Loaded .env - OPENAI_API_BASE: https://llm01.ciris-services-1.ai/v1
03-25 20:22:54.012 I/python.stdout(30439): INFO: mobile_main: Verifying code integrity (parallel with imports)...
03-25 20:22:54.018 I/python.stdout(30439): [7/8] Hashing ciris_engine...
03-25 20:22:54.020 D/MainActivity(30439): Prep step 7/8: [7/8] Hashing ciris_engine...
03-25 20:22:54.122 I/InteractViewModel(18302): [startSseStream] SSE disconnected
03-25 20:22:54.124 I/InteractViewModel(18302): [startSseStream] Reconnecting in 30000ms...
03-25 20:22:54.489 I/python.stdout(30439): [7/8] ciris_engine: 686 files hashed
03-25 20:22:54.489 I/python.stdout(30439): [8/8] Hashing ciris_adapters...
03-25 20:22:54.490 D/MainActivity(30439): Prep step 7/8: [7/8] ciris_engine: 686 files hashed
03-25 20:22:54.490 D/MainActivity(30439): Prep step 8/8: [8/8] Hashing ciris_adapters...
03-25 20:22:55.503 E/CIRISApiClient(18302): [getSystemStatus] Exception: UnknownHostException: Unable to resolve host "localhost": No address associated with hostname
03-25 20:22:55.744 E/CIRISApiClient(18302): [getMessages] Exception: UnknownHostException: Unable to resolve host "localhost": No address associated with hostname | Context: limit=50, is401=false, tokenPresent=true, tokenPreview=ciris_ad...0BKc
03-25 20:22:55.746 W/InteractViewModel(18302): [fetchHistory] Non-auth error: UnknownHostException: Unable to resolve host "localhost": No address associated with hostname
03-25 20:22:55.753 E/CIRISApiClient(18302): [getAuditEntries] Exception: UnknownHostException: Unable to resolve host "localhost": No address associated with hostname
03-25 20:22:56.309 W/python.stderr(30439): /data/data/ai.ciris.mobile.debug/files/chaquopy/AssetFinder/requirements/pydantic/_internal/_fields.py:132: UserWarning: Field "model_used" in ResourceCost has conflict with protected namespace "model_".
03-25 20:22:56.310 W/python.stderr(30439): 
03-25 20:22:56.310 W/python.stderr(30439): You may be able to resolve this warning by setting `model_config['protected_namespaces'] = ()`.
03-25 20:22:57.315 I/python.stdout(30439): [8/8] ciris_adapters: 250 files hashed
03-25 20:22:57.320 D/MainActivity(30439): Prep step 8/8: [8/8] ciris_adapters: 250 files hashed
03-25 20:22:57.320 I/python.stdout(30439): INFO: mobile_main: Code integrity check: 936/936 files hashed, total_hash=ae583b1c37842ba3...
03-25 20:22:57.336 I/python.stdout(30439): INFO: mobile_main: Saved 936 module hashes to /data/data/ai.ciris.mobile.debug/files/ciris/startup_python_hashes.json
03-25 20:22:57.338 I/python.stdout(30439): INFO: mobile_main: Code integrity verified: 936 modules, hash=ae583b1c37842ba3...
03-25 20:22:57.350 I/python.stdout(30439): ERROR: mobile_main: Server error: cannot import name 'get_service_registry' from 'ciris_engine.logic.adapters.api.routes._common' (/data/data/ai.ciris.mobile.debug/files/chaquopy/AssetFinder/app/ciris_engine/logic/adapters/api/routes/_common.py)
03-25 20:22:57.350 I/python.stdout(30439): Traceback (most recent call last):
03-25 20:22:57.350 I/python.stdout(30439):   File "/data/data/ai.ciris.mobile.debug/files/chaquopy/AssetFinder/app/mobile_main.py", line 1066, in main
03-25 20:22:57.350 I/python.stdout(30439):   File "stdlib/asyncio/runners.py", line 44, in run
03-25 20:22:57.350 I/python.stdout(30439):   File "stdlib/asyncio/base_events.py", line 649, in run_until_complete
03-25 20:22:57.350 I/python.stdout(30439):   File "/data/data/ai.ciris.mobile.debug/files/chaquopy/AssetFinder/app/mobile_main.py", line 901, in start_mobile_runtime
03-25 20:22:57.350 I/python.stdout(30439):   File "import.pxi", line 60, in java.chaquopy.import_override
03-25 20:22:57.350 I/python.stdout(30439):   File "/data/data/ai.ciris.mobile.debug/files/chaquopy/AssetFinder/app/ciris_engine/logic/adapters/api/__init__.py", line 3, in <module>
03-25 20:22:57.350 I/python.stdout(30439):     from .adapter import ApiPlatform
03-25 20:22:57.350 I/python.stdout(30439):   File "/data/data/ai.ciris.mobile.debug/files/chaquopy/AssetFinder/app/ciris_engine/logic/adapters/api/adapter.py", line 38, in <module>
03-25 20:22:57.350 I/python.stdout(30439):     from .app import create_app
03-25 20:22:57.350 I/python.stdout(30439):   File "/data/data/ai.ciris.mobile.debug/files/chaquopy/AssetFinder/app/ciris_engine/logic/adapters/api/app.py", line 17, in <module>
03-25 20:22:57.350 I/python.stdout(30439):     from .routes import (
03-25 20:22:57.350 I/python.stdout(30439):   File "/data/data/ai.ciris.mobile.debug/files/chaquopy/AssetFinder/app/ciris_engine/logic/adapters/api/routes/wallet.py", line 16, in <module>
03-25 20:22:57.350 I/python.stdout(30439):     from ciris_engine.logic.adapters.api.routes._common import get_service_registry
03-25 20:22:57.350 I/python.stdout(30439): ImportError: cannot import name 'get_service_registry' from 'ciris_engine.logic.adapters.api.routes._common' (/data/data/ai.ciris.mobile.debug/files/chaquopy/AssetFinder/app/ciris_engine/logic/adapters/api/routes/_common.py)
03-25 20:22:57.350 I/python.stdout(30439): [FATAL] cannot import name 'get_service_registry' from 'ciris_engine.logic.adapters.api.routes._common' (/data/data/ai.ciris.mobile.debug/files/chaquopy/AssetFinder/app/ciris_engine/logic/adapters/api/routes/_common.py)
03-25 20:22:57.350 I/python.stdout(30439): [FATAL_EXIT] CIRIS cannot start: cannot import name 'get_service_registry' from 'ciris_engine.logic.adapters.api.routes._common' (/data/data/ai.ciris.mobile.debug/files/chaquopy/AssetFinder/app/ciris_engine/logic/adapters/api/routes/_common.py)
03-25 20:22:58.773 E/CIRISApiClient(18302): [getMessages] Exception: UnknownHostException: Unable to resolve host "localhost": No address associated with hostname | Context: limit=50, is401=false, tokenPresent=true, tokenPreview=ciris_ad...0BKc
03-25 20:22:58.776 W/InteractViewModel(18302): [fetchHistory] Non-auth error: UnknownHostException: Unable to resolve host "localhost": No address associated with hostname
03-25 20:22:58.784 E/CIRISApiClient(18302): [getAuditEntries] Exception: UnknownHostException: Unable to resolve host "localhost": No address associated with hostname
03-25 20:22:59.580 D/EnvFileUpdater(18302): Found CIRIS_HOME from env: /data/user/0/ai.ciris.mobile/files/ciris
03-25 20:23:00.516 E/CIRISApiClient(18302): [getSystemStatus] Exception: UnknownHostException: Unable to resolve host "localhost": No address associated with hostname
03-25 20:23:01.397 E/CIRISApiClient(18302): [getLlmConfig] Exception: UnknownHostException: Unable to resolve host "localhost": No address associated with hostname
03-25 20:23:01.400 W/InteractViewModel(18302): [fetchHealthData] Failed to fetch LLM config from API: Unable to resolve host "localhost": No address associated with hostname
03-25 20:23:01.409 E/CIRISApiClient(18302): [getVerifyStatus] Exception: UnknownHostException: Unable to resolve host "localhost": No address associated with hostname
03-25 20:23:01.794 E/CIRISApiClient(18302): [getMessages] Exception: UnknownHostException: Unable to resolve host "localhost": No address associated with hostname | Context: limit=50, is401=false, tokenPresent=true, tokenPreview=ciris_ad...0BKc
03-25 20:23:01.797 W/InteractViewModel(18302): [fetchHistory] Non-auth error: UnknownHostException: Unable to resolve host "localhost": No address associated with hostname
03-25 20:23:01.804 E/CIRISApiClient(18302): [getAuditEntries] Exception: UnknownHostException: Unable to resolve host "localhost": No address associated with hostname
03-25 20:23:03.946 I/CIRISApiClient(18302): [listAdapters] Listing adapters
03-25 20:23:03.961 E/CIRISApiClient(18302): [listAdapters] Exception: UnknownHostException: Unable to resolve host "localhost": No address associated with hostname
03-25 20:23:04.817 E/CIRISApiClient(18302): [getMessages] Exception: UnknownHostException: Unable to resolve host "localhost": No address associated with hostname | Context: limit=50, is401=false, tokenPresent=true, tokenPreview=ciris_ad...0BKc
03-25 20:23:04.820 W/InteractViewModel(18302): [fetchHistory] Non-auth error: UnknownHostException: Unable to resolve host "localhost": No address associated with hostname
03-25 20:23:04.827 E/CIRISApiClient(18302): [getAuditEntries] Exception: UnknownHostException: Unable to resolve host "localhost": No address associated with hostname
03-25 20:23:05.536 E/CIRISApiClient(18302): [getSystemStatus] Exception: UnknownHostException: Unable to resolve host "localhost": No address associated with hostname
03-25 20:23:07.842 E/CIRISApiClient(18302): [getMessages] Exception: UnknownHostException: Unable to resolve host "localhost": No address associated with hostname | Context: limit=50, is401=false, tokenPresent=true, tokenPreview=ciris_ad...0BKc
03-25 20:23:07.845 W/InteractViewModel(18302): [fetchHistory] Non-auth error: UnknownHostException: Unable to resolve host "localhost": No address associated with hostname
03-25 20:23:07.853 E/CIRISApiClient(18302): [getAuditEntries] Exception: UnknownHostException: Unable to resolve host "localhost": No address associated with hostname
03-25 20:23:09.584 D/EnvFileUpdater(18302): Found CIRIS_HOME from env: /data/user/0/ai.ciris.mobile/files/ciris
03-25 20:23:10.562 E/CIRISApiClient(18302): [getSystemStatus] Exception: UnknownHostException: Unable to resolve host "localhost": No address associated with hostname
03-25 20:23:10.866 E/CIRISApiClient(18302): [getMessages] Exception: UnknownHostException: Unable to resolve host "localhost": No address associated with hostname | Context: limit=50, is401=false, tokenPresent=true, tokenPreview=ciris_ad...0BKc
03-25 20:23:10.869 W/InteractViewModel(18302): [fetchHistory] Non-auth error: UnknownHostException: Unable to resolve host "localhost": No address associated with hostname
03-25 20:23:10.876 E/CIRISApiClient(18302): [getAuditEntries] Exception: UnknownHostException: Unable to resolve host "localhost": No address associated with hostname
03-25 20:23:13.891 E/CIRISApiClient(18302): [getMessages] Exception: UnknownHostException: Unable to resolve host "localhost": No address associated with hostname | Context: limit=50, is401=false, tokenPresent=true, tokenPreview=ciris_ad...0BKc
03-25 20:23:13.894 W/InteractViewModel(18302): [fetchHistory] Non-auth error: UnknownHostException: Unable to resolve host "localhost": No address associated with hostname
03-25 20:23:13.901 E/CIRISApiClient(18302): [getAuditEntries] Exception: UnknownHostException: Unable to resolve host "localhost": No address associated with hostname
03-25 20:23:13.972 I/CIRISApiClient(18302): [listAdapters] Listing adapters
03-25 20:23:13.984 E/CIRISApiClient(18302): [listAdapters] Exception: UnknownHostException: Unable to resolve host "localhost": No address associated with hostname
03-25 20:23:15.571 E/CIRISApiClient(18302): [getSystemStatus] Exception: UnknownHostException: Unable to resolve host "localhost": No address associated with hostname
03-25 20:23:16.911 E/CIRISApiClient(18302): [getMessages] Exception: UnknownHostException: Unable to resolve host "localhost": No address associated with hostname | Context: limit=50, is401=false, tokenPresent=true, tokenPreview=ciris_ad...0BKc
03-25 20:23:16.913 W/InteractViewModel(18302): [fetchHistory] Non-auth error: UnknownHostException: Unable to resolve host "localhost": No address associated with hostname
03-25 20:23:16.923 E/CIRISApiClient(18302): [getAuditEntries] Exception: UnknownHostException: Unable to resolve host "localhost": No address associated with hostname
03-25 20:23:19.588 D/EnvFileUpdater(18302): Found CIRIS_HOME from env: /data/user/0/ai.ciris.mobile/files/ciris
03-25 20:23:19.932 E/CIRISApiClient(18302): [getMessages] Exception: UnknownHostException: Unable to resolve host "localhost": No address associated with hostname | Context: limit=50, is401=false, tokenPresent=true, tokenPreview=ciris_ad...0BKc
03-25 20:23:19.934 W/InteractViewModel(18302): [fetchHistory] Non-auth error: UnknownHostException: Unable to resolve host "localhost": No address associated with hostname
03-25 20:23:19.937 E/CIRISApiClient(18302): [getAuditEntries] Exception: UnknownHostException: Unable to resolve host "localhost": No address associated with hostname
03-25 20:23:20.583 E/CIRISApiClient(18302): [getSystemStatus] Exception: UnknownHostException: Unable to resolve host "localhost": No address associated with hostname
03-25 20:23:22.951 E/CIRISApiClient(18302): [getMessages] Exception: UnknownHostException: Unable to resolve host "localhost": No address associated with hostname | Context: limit=50, is401=false, tokenPresent=true, tokenPreview=ciris_ad...0BKc
03-25 20:23:22.953 W/InteractViewModel(18302): [fetchHistory] Non-auth error: UnknownHostException: Unable to resolve host "localhost": No address associated with hostname
03-25 20:23:22.957 E/CIRISApiClient(18302): [getAuditEntries] Exception: UnknownHostException: Unable to resolve host "localhost": No address associated with hostname
03-25 20:23:23.993 I/CIRISApiClient(18302): [listAdapters] Listing adapters
03-25 20:23:24.004 E/CIRISApiClient(18302): [listAdapters] Exception: UnknownHostException: Unable to resolve host "localhost": No address associated with hostname
03-25 20:23:24.137 I/InteractViewModel(18302): [startSseStream] SSE disconnected
03-25 20:23:24.140 I/InteractViewModel(18302): [startSseStream] Reconnecting in 30000ms...
03-25 20:23:25.605 E/CIRISApiClient(18302): [getSystemStatus] Exception: UnknownHostException: Unable to resolve host "localhost": No address associated with hostname
03-25 20:23:25.972 E/CIRISApiClient(18302): [getMessages] Exception: UnknownHostException: Unable to resolve host "localhost": No address associated with hostname | Context: limit=50, is401=false, tokenPresent=true, tokenPreview=ciris_ad...0BKc
03-25 20:23:25.976 W/InteractViewModel(18302): [fetchHistory] Non-auth error: UnknownHostException: Unable to resolve host "localhost": No address associated with hostname
03-25 20:23:25.984 E/CIRISApiClient(18302): [getAuditEntries] Exception: UnknownHostException: Unable to resolve host "localhost": No address associated with hostname
03-25 20:23:29.001 E/CIRISApiClient(18302): [getMessages] Exception: UnknownHostException: Unable to resolve host "localhost": No address associated with hostname | Context: limit=50, is401=false, tokenPresent=true, tokenPreview=ciris_ad...0BKc
03-25 20:23:29.004 W/InteractViewModel(18302): [fetchHistory] Non-auth error: UnknownHostException: Unable to resolve host "localhost": No address associated with hostname
03-25 20:23:29.010 E/CIRISApiClient(18302): [getAuditEntries] Exception: UnknownHostException: Unable to resolve host "localhost": No address associated with hostname
03-25 20:23:29.591 D/EnvFileUpdater(18302): Found CIRIS_HOME from env: /data/user/0/ai.ciris.mobile/files/ciris
03-25 20:23:30.624 E/CIRISApiClient(18302): [getSystemStatus] Exception: UnknownHostException: Unable to resolve host "localhost": No address associated with hostname
03-25 20:23:31.429 E/CIRISApiClient(18302): [getLlmConfig] Exception: UnknownHostException: Unable to resolve host "localhost": No address associated with hostname
03-25 20:23:31.432 W/InteractViewModel(18302): [fetchHealthData] Failed to fetch LLM config from API: Unable to resolve host "localhost": No address associated with hostname
03-25 20:23:31.440 E/CIRISApiClient(18302): [getVerifyStatus] Exception: UnknownHostException: Unable to resolve host "localhost": No address associated with hostname
03-25 20:23:32.024 E/CIRISApiClient(18302): [getMessages] Exception: UnknownHostException: Unable to resolve host "localhost": No address associated with hostname | Context: limit=50, is401=false, tokenPresent=true, tokenPreview=ciris_ad...0BKc
03-25 20:23:32.028 W/InteractViewModel(18302): [fetchHistory] Non-auth error: UnknownHostException: Unable to resolve host "localhost": No address associated with hostname
03-25 20:23:32.034 E/CIRISApiClient(18302): [getAuditEntries] Exception: UnknownHostException: Unable to resolve host "localhost": No address associated with hostname
03-25 20:23:34.011 I/CIRISApiClient(18302): [listAdapters] Listing adapters
03-25 20:23:34.027 E/CIRISApiClient(18302): [listAdapters] Exception: UnknownHostException: Unable to resolve host "localhost": No address associated with hostname
03-25 20:23:35.049 E/CIRISApiClient(18302): [getMessages] Exception: UnknownHostException: Unable to resolve host "localhost": No address associated with hostname | Context: limit=50, is401=false, tokenPresent=true, tokenPreview=ciris_ad...0BKc
03-25 20:23:35.052 W/InteractViewModel(18302): [fetchHistory] Non-auth error: UnknownHostException: Unable to resolve host "localhost": No address associated with hostname
03-25 20:23:35.058 E/CIRISApiClient(18302): [getAuditEntries] Exception: UnknownHostException: Unable to resolve host "localhost": No address associated with hostname
03-25 20:23:35.638 E/CIRISApiClient(18302): [getSystemStatus] Exception: UnknownHostException: Unable to resolve host "localhost": No address associated with hostname
03-25 20:23:38.078 E/CIRISApiClient(18302): [getMessages] Exception: UnknownHostException: Unable to resolve host "localhost": No address associated with hostname | Context: limit=50, is401=false, tokenPresent=true, tokenPreview=ciris_ad...0BKc
03-25 20:23:38.081 W/InteractViewModel(18302): [fetchHistory] Non-auth error: UnknownHostException: Unable to resolve host "localhost": No address associated with hostname
03-25 20:23:38.087 E/CIRISApiClient(18302): [getAuditEntries] Exception: UnknownHostException: Unable to resolve host "localhost": No address associated with hostname
03-25 20:23:39.596 D/EnvFileUpdater(18302): Found CIRIS_HOME from env: /data/user/0/ai.ciris.mobile/files/ciris
03-25 20:23:40.656 E/CIRISApiClient(18302): [getSystemStatus] Exception: UnknownHostException: Unable to resolve host "localhost": No address associated with hostname
03-25 20:23:41.100 E/CIRISApiClient(18302): [getMessages] Exception: UnknownHostException: Unable to resolve host "localhost": No address associated with hostname | Context: limit=50, is401=false, tokenPresent=true, tokenPreview=ciris_ad...0BKc
03-25 20:23:41.102 W/InteractViewModel(18302): [fetchHistory] Non-auth error: UnknownHostException: Unable to resolve host "localhost": No address associated with hostname
03-25 20:23:41.107 E/CIRISApiClient(18302): [getAuditEntries] Exception: UnknownHostException: Unable to resolve host "localhost": No address associated with hostname
03-25 20:23:44.037 I/CIRISApiClient(18302): [listAdapters] Listing adapters
03-25 20:23:44.050 E/CIRISApiClient(18302): [listAdapters] Exception: UnknownHostException: Unable to resolve host "localhost": No address associated with hostname
03-25 20:23:44.121 E/CIRISApiClient(18302): [getMessages] Exception: UnknownHostException: Unable to resolve host "localhost": No address associated with hostname | Context: limit=50, is401=false, tokenPresent=true, tokenPreview=ciris_ad...0BKc
03-25 20:23:44.125 W/InteractViewModel(18302): [fetchHistory] Non-auth error: UnknownHostException: Unable to resolve host "localhost": No address associated with hostname
03-25 20:23:44.131 E/CIRISApiClient(18302): [getAuditEntries] Exception: UnknownHostException: Unable to resolve host "localhost": No address associated with hostname
03-25 20:23:45.671 E/CIRISApiClient(18302): [getSystemStatus] Exception: UnknownHostException: Unable to resolve host "localhost": No address associated with hostname
03-25 20:23:47.153 E/CIRISApiClient(18302): [getMessages] Exception: UnknownHostException: Unable to resolve host "localhost": No address associated with hostname | Context: limit=50, is401=false, tokenPresent=true, tokenPreview=ciris_ad...0BKc
03-25 20:23:47.156 W/InteractViewModel(18302): [fetchHistory] Non-auth error: UnknownHostException: Unable to resolve host "localhost": No address associated with hostname
03-25 20:23:47.163 E/CIRISApiClient(18302): [getAuditEntries] Exception: UnknownHostException: Unable to resolve host "localhost": No address associated with hostname
03-25 20:23:49.599 D/EnvFileUpdater(18302): Found CIRIS_HOME from env: /data/user/0/ai.ciris.mobile/files/ciris
03-25 20:23:50.177 E/CIRISApiClient(18302): [getMessages] Exception: UnknownHostException: Unable to resolve host "localhost": No address associated with hostname | Context: limit=50, is401=false, tokenPresent=true, tokenPreview=ciris_ad...0BKc
03-25 20:23:50.179 W/InteractViewModel(18302): [fetchHistory] Non-auth error: UnknownHostException: Unable to resolve host "localhost": No address associated with hostname
03-25 20:23:50.184 E/CIRISApiClient(18302): [getAuditEntries] Exception: UnknownHostException: Unable to resolve host "localhost": No address associated with hostname
03-25 20:23:50.688 E/CIRISApiClient(18302): [getSystemStatus] Exception: UnknownHostException: Unable to resolve host "localhost": No address associated with hostname
03-25 20:23:53.204 E/CIRISApiClient(18302): [getMessages] Exception: UnknownHostException: Unable to resolve host "localhost": No address associated with hostname | Context: limit=50, is401=false, tokenPresent=true, tokenPreview=ciris_ad...0BKc
03-25 20:23:53.208 W/InteractViewModel(18302): [fetchHistory] Non-auth error: UnknownHostException: Unable to resolve host "localhost": No address associated with hostname
03-25 20:23:53.219 E/CIRISApiClient(18302): [getAuditEntries] Exception: UnknownHostException: Unable to resolve host "localhost": No address associated with hostname
03-25 20:23:54.056 I/CIRISApiClient(18302): [listAdapters] Listing adapters
03-25 20:23:54.067 E/CIRISApiClient(18302): [listAdapters] Exception: UnknownHostException: Unable to resolve host "localhost": No address associated with hostname
03-25 20:23:54.146 I/InteractViewModel(18302): [startSseStream] SSE disconnected
03-25 20:23:54.147 I/InteractViewModel(18302): [startSseStream] Reconnecting in 30000ms...
03-25 20:23:55.712 E/CIRISApiClient(18302): [getSystemStatus] Exception: UnknownHostException: Unable to resolve host "localhost": No address associated with hostname
03-25 20:23:56.232 E/CIRISApiClient(18302): [getMessages] Exception: UnknownHostException: Unable to resolve host "localhost": No address associated with hostname | Context: limit=50, is401=false, tokenPresent=true, tokenPreview=ciris_ad...0BKc
03-25 20:23:56.236 W/InteractViewModel(18302): [fetchHistory] Non-auth error: UnknownHostException: Unable to resolve host "localhost": No address associated with hostname
03-25 20:23:56.243 E/CIRISApiClient(18302): [getAuditEntries] Exception: UnknownHostException: Unable to resolve host "localhost": No address associated with hostname
03-25 20:23:59.263 E/CIRISApiClient(18302): [getMessages] Exception: UnknownHostException: Unable to resolve host "localhost": No address associated with hostname | Context: limit=50, is401=false, tokenPresent=true, tokenPreview=ciris_ad...0BKc
03-25 20:23:59.266 W/InteractViewModel(18302): [fetchHistory] Non-auth error: UnknownHostException: Unable to resolve host "localhost": No address associated with hostname
03-25 20:23:59.274 E/CIRISApiClient(18302): [getAuditEntries] Exception: UnknownHostException: Unable to resolve host "localhost": No address associated with hostname
03-25 20:23:59.601 D/EnvFileUpdater(18302): Found CIRIS_HOME from env: /data/user/0/ai.ciris.mobile/files/ciris
03-25 20:24:00.729 E/CIRISApiClient(18302): [getSystemStatus] Exception: UnknownHostException: Unable to resolve host "localhost": No address associated with hostname
03-25 20:24:01.451 E/CIRISApiClient(18302): [getLlmConfig] Exception: UnknownHostException: Unable to resolve host "localhost": No address associated with hostname
03-25 20:24:01.453 W/InteractViewModel(18302): [fetchHealthData] Failed to fetch LLM config from API: Unable to resolve host "localhost": No address associated with hostname
03-25 20:24:01.459 E/CIRISApiClient(18302): [getVerifyStatus] Exception: UnknownHostException: Unable to resolve host "localhost": No address associated with hostname
03-25 20:24:02.288 E/CIRISApiClient(18302): [getMessages] Exception: UnknownHostException: Unable to resolve host "localhost": No address associated with hostname | Context: limit=50, is401=false, tokenPresent=true, tokenPreview=ciris_ad...0BKc
03-25 20:24:02.291 W/InteractViewModel(18302): [fetchHistory] Non-auth error: UnknownHostException: Unable to resolve host "localhost": No address associated with hostname
03-25 20:24:02.296 E/CIRISApiClient(18302): [getAuditEntries] Exception: UnknownHostException: Unable to resolve host "localhost": No address associated with hostname
03-25 20:24:02.592 D/CIRISApp(30439): [INIT] CIRISApp composable invoked - googleSignInCallback=PRESENT (22976436)
03-25 20:24:02.604 I/CIRISApiClient(30439): [init] CIRISApiClient initialized with baseUrl=http://localhost:8080
03-25 20:24:02.608 I/TokenManager(30439): [setShared] Shared TokenManager instance set
03-25 20:24:02.618 I/InteractViewModel(30439): [init] InteractViewModel initialized (polling deferred until token available)
03-25 20:24:02.618 I/InteractViewModel(30439): [setDeviceAttestationCallback] Device attestation callback SET
03-25 20:24:02.620 I/SettingsViewModel(30439): [loadDisplaySettings] >>> Loading live_background_enabled from secure storage...
03-25 20:24:02.623 I/BillingViewModel(30439): [init] BillingViewModel initialized
03-25 20:24:02.794 I/MainActivity(30439): Setting purchase result callback
03-25 20:24:02.806 D/CIRISApp(30439): [INIT] CIRISApp composable invoked - googleSignInCallback=PRESENT (22976436)
03-25 20:24:02.808 I/InteractViewModel(30439): [setDeviceAttestationCallback] Device attestation callback SET
03-25 20:24:02.847 I/SettingsViewModel(30439): [loadDisplaySettings] >>> Raw value='true', parsed=true
03-25 20:24:02.848 I/SettingsViewModel(30439): [loadDisplaySettings] >>> Live background state set to: true
03-25 20:24:02.857 I/SettingsViewModel(30439): [loadDisplaySettings] >>> Color theme loaded: LAPIS
03-25 20:24:02.859 D/CIRISApp(30439): [INIT] CIRISApp composable invoked - googleSignInCallback=PRESENT (22976436)
03-25 20:24:02.860 I/InteractViewModel(30439): [setDeviceAttestationCallback] Device attestation callback SET
03-25 20:24:02.911 I/SettingsViewModel(30439): [loadDisplaySettings] >>> Brightness preference loaded: DARK
03-25 20:24:02.925 D/CIRISApp(30439): [INIT] CIRISApp composable invoked - googleSignInCallback=PRESENT (22976436)
03-25 20:24:02.926 I/InteractViewModel(30439): [setDeviceAttestationCallback] Device attestation callback SET
03-25 20:24:04.077 I/CIRISApiClient(18302): [listAdapters] Listing adapters
03-25 20:24:04.086 E/CIRISApiClient(18302): [listAdapters] Exception: UnknownHostException: Unable to resolve host "localhost": No address associated with hostname
03-25 20:24:05.307 E/CIRISApiClient(18302): [getMessages] Exception: UnknownHostException: Unable to resolve host "localhost": No address associated with hostname | Context: limit=50, is401=false, tokenPresent=true, tokenPreview=ciris_ad...0BKc
03-25 20:24:05.309 W/InteractViewModel(18302): [fetchHistory] Non-auth error: UnknownHostException: Unable to resolve host "localhost": No address associated with hostname
03-25 20:24:05.314 E/CIRISApiClient(18302): [getAuditEntries] Exception: UnknownHostException: Unable to resolve host "localhost": No address associated with hostname
03-25 20:24:05.749 E/CIRISApiClient(18302): [getSystemStatus] Exception: UnknownHostException: Unable to resolve host "localhost": No address associated with hostname
03-25 20:24:08.341 E/CIRISApiClient(18302): [getMessages] Exception: UnknownHostException: Unable to resolve host "localhost": No address associated with hostname | Context: limit=50, is401=false, tokenPresent=true, tokenPreview=ciris_ad...0BKc
03-25 20:24:08.345 W/InteractViewModel(18302): [fetchHistory] Non-auth error: UnknownHostException: Unable to resolve host "localhost": No address associated with hostname
03-25 20:24:08.351 E/CIRISApiClient(18302): [getAuditEntries] Exception: UnknownHostException: Unable to resolve host "localhost": No address associated with hostname
03-25 20:24:09.603 D/EnvFileUpdater(18302): Found CIRIS_HOME from env: /data/user/0/ai.ciris.mobile/files/ciris
03-25 20:24:10.772 E/CIRISApiClient(18302): [getSystemStatus] Exception: UnknownHostException: Unable to resolve host "localhost": No address associated with hostname
03-25 20:24:11.364 E/CIRISApiClient(18302): [getMessages] Exception: UnknownHostException: Unable to resolve host "localhost": No address associated with hostname | Context: limit=50, is401=false, tokenPresent=true, tokenPreview=ciris_ad...0BKc
03-25 20:24:11.367 W/InteractViewModel(18302): [fetchHistory] Non-auth error: UnknownHostException: Unable to resolve host "localhost": No address associated with hostname
03-25 20:24:11.375 E/CIRISApiClient(18302): [getAuditEntries] Exception: UnknownHostException: Unable to resolve host "localhost": No address associated with hostname
03-25 20:24:12.799 D/EnvFileUpdater(30439): Found CIRIS_HOME from env: /data/user/0/ai.ciris.mobile.debug/files/ciris
03-25 20:24:14.098 I/CIRISApiClient(18302): [listAdapters] Listing adapters
03-25 20:24:14.112 E/CIRISApiClient(18302): [listAdapters] Exception: UnknownHostException: Unable to resolve host "localhost": No address associated with hostname
03-25 20:24:14.385 E/CIRISApiClient(18302): [getMessages] Exception: UnknownHostException: Unable to resolve host "localhost": No address associated with hostname | Context: limit=50, is401=false, tokenPresent=true, tokenPreview=ciris_ad...0BKc
03-25 20:24:14.387 W/InteractViewModel(18302): [fetchHistory] Non-auth error: UnknownHostException: Unable to resolve host "localhost": No address associated with hostname
03-25 20:24:14.392 E/CIRISApiClient(18302): [getAuditEntries] Exception: UnknownHostException: Unable to resolve host "localhost": No address associated with hostname
03-25 20:24:15.787 E/CIRISApiClient(18302): [getSystemStatus] Exception: UnknownHostException: Unable to resolve host "localhost": No address associated with hostname
03-25 20:24:17.409 E/CIRISApiClient(18302): [getMessages] Exception: UnknownHostException: Unable to resolve host "localhost": No address associated with hostname | Context: limit=50, is401=false, tokenPresent=true, tokenPreview=ciris_ad...0BKc
03-25 20:24:17.412 W/InteractViewModel(18302): [fetchHistory] Non-auth error: UnknownHostException: Unable to resolve host "localhost": No address associated with hostname
03-25 20:24:17.420 E/CIRISApiClient(18302): [getAuditEntries] Exception: UnknownHostException: Unable to resolve host "localhost": No address associated with hostname
03-25 20:24:19.605 D/EnvFileUpdater(18302): Found CIRIS_HOME from env: /data/user/0/ai.ciris.mobile/files/ciris
03-25 20:24:20.438 E/CIRISApiClient(18302): [getMessages] Exception: UnknownHostException: Unable to resolve host "localhost": No address associated with hostname | Context: limit=50, is401=false, tokenPresent=true, tokenPreview=ciris_ad...0BKc
03-25 20:24:20.441 W/InteractViewModel(18302): [fetchHistory] Non-auth error: UnknownHostException: Unable to resolve host "localhost": No address associated with hostname
03-25 20:24:20.448 E/CIRISApiClient(18302): [getAuditEntries] Exception: UnknownHostException: Unable to resolve host "localhost": No address associated with hostname
03-25 20:24:20.802 E/CIRISApiClient(18302): [getSystemStatus] Exception: UnknownHostException: Unable to resolve host "localhost": No address associated with hostname
03-25 20:24:22.805 D/EnvFileUpdater(30439): Found CIRIS_HOME from env: /data/user/0/ai.ciris.mobile.debug/files/ciris
03-25 20:24:23.464 E/CIRISApiClient(18302): [getMessages] Exception: UnknownHostException: Unable to resolve host "localhost": No address associated with hostname | Context: limit=50, is401=false, tokenPresent=true, tokenPreview=ciris_ad...0BKc
03-25 20:24:23.466 W/InteractViewModel(18302): [fetchHistory] Non-auth error: UnknownHostException: Unable to resolve host "localhost": No address associated with hostname
03-25 20:24:23.473 E/CIRISApiClient(18302): [getAuditEntries] Exception: UnknownHostException: Unable to resolve host "localhost": No address associated with hostname
03-25 20:24:24.119 I/CIRISApiClient(18302): [listAdapters] Listing adapters
03-25 20:24:24.130 E/CIRISApiClient(18302): [listAdapters] Exception: UnknownHostException: Unable to resolve host "localhost": No address associated with hostname
03-25 20:24:24.156 I/InteractViewModel(18302): [startSseStream] SSE disconnected
03-25 20:24:24.158 I/InteractViewModel(18302): [startSseStream] Reconnecting in 30000ms...
03-25 20:24:25.825 E/CIRISApiClient(18302): [getSystemStatus] Exception: UnknownHostException: Unable to resolve host "localhost": No address associated with hostname
03-25 20:24:26.495 E/CIRISApiClient(18302): [getMessages] Exception: UnknownHostException: Unable to resolve host "localhost": No address associated with hostname | Context: limit=50, is401=false, tokenPresent=true, tokenPreview=ciris_ad...0BKc
03-25 20:24:26.497 W/InteractViewModel(18302): [fetchHistory] Non-auth error: UnknownHostException: Unable to resolve host "localhost": No address associated with hostname
03-25 20:24:26.504 E/CIRISApiClient(18302): [getAuditEntries] Exception: UnknownHostException: Unable to resolve host "localhost": No address associated with hostname
03-25 20:24:29.514 E/CIRISApiClient(18302): [getMessages] Exception: UnknownHostException: Unable to resolve host "localhost": No address associated with hostname | Context: limit=50, is401=false, tokenPresent=true, tokenPreview=ciris_ad...0BKc
03-25 20:24:29.516 W/InteractViewModel(18302): [fetchHistory] Non-auth error: UnknownHostException: Unable to resolve host "localhost": No address associated with hostname
03-25 20:24:29.520 E/CIRISApiClient(18302): [getAuditEntries] Exception: UnknownHostException: Unable to resolve host "localhost": No address associated with hostname
03-25 20:24:29.608 D/EnvFileUpdater(18302): Found CIRIS_HOME from env: /data/user/0/ai.ciris.mobile/files/ciris
03-25 20:24:30.838 E/CIRISApiClient(18302): [getSystemStatus] Exception: UnknownHostException: Unable to resolve host "localhost": No address associated with hostname
03-25 20:24:31.475 E/CIRISApiClient(18302): [getLlmConfig] Exception: UnknownHostException: Unable to resolve host "localhost": No address associated with hostname
03-25 20:24:31.477 W/InteractViewModel(18302): [fetchHealthData] Failed to fetch LLM config from API: Unable to resolve host "localhost": No address associated with hostname
03-25 20:24:31.484 E/CIRISApiClient(18302): [getVerifyStatus] Exception: UnknownHostException: Unable to resolve host "localhost": No address associated with hostname
03-25 20:24:32.535 E/CIRISApiClient(18302): [getMessages] Exception: UnknownHostException: Unable to resolve host "localhost": No address associated with hostname | Context: limit=50, is401=false, tokenPresent=true, tokenPreview=ciris_ad...0BKc
03-25 20:24:32.537 W/InteractViewModel(18302): [fetchHistory] Non-auth error: UnknownHostException: Unable to resolve host "localhost": No address associated with hostname
03-25 20:24:32.542 E/CIRISApiClient(18302): [getAuditEntries] Exception: UnknownHostException: Unable to resolve host "localhost": No address associated with hostname
03-25 20:24:32.811 D/EnvFileUpdater(30439): Found CIRIS_HOME from env: /data/user/0/ai.ciris.mobile.debug/files/ciris
03-25 20:24:34.141 I/CIRISApiClient(18302): [listAdapters] Listing adapters
03-25 20:24:34.153 E/CIRISApiClient(18302): [listAdapters] Exception: UnknownHostException: Unable to resolve host "localhost": No address associated with hostname
03-25 20:24:35.553 E/CIRISApiClient(18302): [getMessages] Exception: UnknownHostException: Unable to resolve host "localhost": No address associated with hostname | Context: limit=50, is401=false, tokenPresent=true, tokenPreview=ciris_ad...0BKc
03-25 20:24:35.555 W/InteractViewModel(18302): [fetchHistory] Non-auth error: UnknownHostException: Unable to resolve host "localhost": No address associated with hostname
03-25 20:24:35.558 E/CIRISApiClient(18302): [getAuditEntries] Exception: UnknownHostException: Unable to resolve host "localhost": No address associated with hostname
03-25 20:24:35.851 E/CIRISApiClient(18302): [getSystemStatus] Exception: UnknownHostException: Unable to resolve host "localhost": No address associated with hostname
03-25 20:24:38.575 E/CIRISApiClient(18302): [getMessages] Exception: UnknownHostException: Unable to resolve host "localhost": No address associated with hostname | Context: limit=50, is401=false, tokenPresent=true, tokenPreview=ciris_ad...0BKc
03-25 20:24:38.578 W/InteractViewModel(18302): [fetchHistory] Non-auth error: UnknownHostException: Unable to resolve host "localhost": No address associated with hostname
03-25 20:24:38.585 E/CIRISApiClient(18302): [getAuditEntries] Exception: UnknownHostException: Unable to resolve host "localhost": No address associated with hostname
03-25 20:24:39.611 D/EnvFileUpdater(18302): Found CIRIS_HOME from env: /data/user/0/ai.ciris.mobile/files/ciris
03-25 20:24:40.872 E/CIRISApiClient(18302): [getSystemStatus] Exception: UnknownHostException: Unable to resolve host "localhost": No address associated with hostname
03-25 20:24:41.603 E/CIRISApiClient(18302): [getMessages] Exception: UnknownHostException: Unable to resolve host "localhost": No address associated with hostname | Context: limit=50, is401=false, tokenPresent=true, tokenPreview=ciris_ad...0BKc
03-25 20:24:41.607 W/InteractViewModel(18302): [fetchHistory] Non-auth error: UnknownHostException: Unable to resolve host "localhost": No address associated with hostname
03-25 20:24:41.615 E/CIRISApiClient(18302): [getAuditEntries] Exception: UnknownHostException: Unable to resolve host "localhost": No address associated with hostname
03-25 20:24:42.815 D/EnvFileUpdater(30439): Found CIRIS_HOME from env: /data/user/0/ai.ciris.mobile.debug/files/ciris
03-25 20:24:44.162 I/CIRISApiClient(18302): [listAdapters] Listing adapters
03-25 20:24:44.181 E/CIRISApiClient(18302): [listAdapters] Exception: UnknownHostException: Unable to resolve host "localhost": No address associated with hostname
03-25 20:24:44.629 E/CIRISApiClient(18302): [getMessages] Exception: UnknownHostException: Unable to resolve host "localhost": No address associated with hostname | Context: limit=50, is401=false, tokenPresent=true, tokenPreview=ciris_ad...0BKc
03-25 20:24:44.633 W/InteractViewModel(18302): [fetchHistory] Non-auth error: UnknownHostException: Unable to resolve host "localhost": No address associated with hostname
03-25 20:24:44.641 E/CIRISApiClient(18302): [getAuditEntries] Exception: UnknownHostException: Unable to resolve host "localhost": No address associated with hostname
03-25 20:24:45.890 E/CIRISApiClient(18302): [getSystemStatus] Exception: UnknownHostException: Unable to resolve host "localhost": No address associated with hostname
03-25 20:24:47.655 E/CIRISApiClient(18302): [getMessages] Exception: UnknownHostException: Unable to resolve host "localhost": No address associated with hostname | Context: limit=50, is401=false, tokenPresent=true, tokenPreview=ciris_ad...0BKc
03-25 20:24:47.658 W/InteractViewModel(18302): [fetchHistory] Non-auth error: UnknownHostException: Unable to resolve host "localhost": No address associated with hostname
03-25 20:24:47.666 E/CIRISApiClient(18302): [getAuditEntries] Exception: UnknownHostException: Unable to resolve host "localhost": No address associated with hostname
03-25 20:24:49.614 D/EnvFileUpdater(18302): Found CIRIS_HOME from env: /data/user/0/ai.ciris.mobile/files/ciris
03-25 20:24:50.687 E/CIRISApiClient(18302): [getMessages] Exception: UnknownHostException: Unable to resolve host "localhost": No address associated with hostname | Context: limit=50, is401=false, tokenPresent=true, tokenPreview=ciris_ad...0BKc
03-25 20:24:50.690 W/InteractViewModel(18302): [fetchHistory] Non-auth error: UnknownHostException: Unable to resolve host "localhost": No address associated with hostname
03-25 20:24:50.697 E/CIRISApiClient(18302): [getAuditEntries] Exception: UnknownHostException: Unable to resolve host "localhost": No address associated with hostname
03-25 20:24:50.902 E/CIRISApiClient(18302): [getSystemStatus] Exception: UnknownHostException: Unable to resolve host "localhost": No address associated with hostname
03-25 20:24:52.820 D/EnvFileUpdater(30439): Found CIRIS_HOME from env: /data/user/0/ai.ciris.mobile.debug/files/ciris
03-25 20:24:53.715 E/CIRISApiClient(18302): [getMessages] Exception: UnknownHostException: Unable to resolve host "localhost": No address associated with hostname | Context: limit=50, is401=false, tokenPresent=true, tokenPreview=ciris_ad...0BKc
03-25 20:24:53.719 W/InteractViewModel(18302): [fetchHistory] Non-auth error: UnknownHostException: Unable to resolve host "localhost": No address associated with hostname
03-25 20:24:53.726 E/CIRISApiClient(18302): [getAuditEntries] Exception: UnknownHostException: Unable to resolve host "localhost": No address associated with hostname
03-25 20:24:54.172 I/InteractViewModel(18302): [startSseStream] SSE disconnected
03-25 20:24:54.174 I/InteractViewModel(18302): [startSseStream] Reconnecting in 30000ms...
03-25 20:24:54.188 I/CIRISApiClient(18302): [listAdapters] Listing adapters
03-25 20:24:54.196 E/CIRISApiClient(18302): [listAdapters] Exception: UnknownHostException: Unable to resolve host "localhost": No address associated with hostname
03-25 20:24:55.925 E/CIRISApiClient(18302): [getSystemStatus] Exception: UnknownHostException: Unable to resolve host "localhost": No address associated with hostname
03-25 20:24:56.741 E/CIRISApiClient(18302): [getMessages] Exception: UnknownHostException: Unable to resolve host "localhost": No address associated with hostname | Context: limit=50, is401=false, tokenPresent=true, tokenPreview=ciris_ad...0BKc
03-25 20:24:56.745 W/InteractViewModel(18302): [fetchHistory] Non-auth error: UnknownHostException: Unable to resolve host "localhost": No address associated with hostname
03-25 20:24:56.752 E/CIRISApiClient(18302): [getAuditEntries] Exception: UnknownHostException: Unable to resolve host "localhost": No address associated with hostname
03-25 20:24:59.618 D/EnvFileUpdater(18302): Found CIRIS_HOME from env: /data/user/0/ai.ciris.mobile/files/ciris
03-25 20:24:59.775 E/CIRISApiClient(18302): [getMessages] Exception: UnknownHostException: Unable to resolve host "localhost": No address associated with hostname | Context: limit=50, is401=false, tokenPresent=true, tokenPreview=ciris_ad...0BKc
03-25 20:24:59.778 W/InteractViewModel(18302): [fetchHistory] Non-auth error: UnknownHostException: Unable to resolve host "localhost": No address associated with hostname
03-25 20:24:59.784 E/CIRISApiClient(18302): [getAuditEntries] Exception: UnknownHostException: Unable to resolve host "localhost": No address associated with hostname
03-25 20:25:00.936 E/CIRISApiClient(18302): [getSystemStatus] Exception: UnknownHostException: Unable to resolve host "localhost": No address associated with hostname
