03-28 11:26:40.169 I/InteractViewModel(27608): [setDeviceAttestationCallback] Device attestation callback SET
03-28 11:26:40.175 D/CIRISApp(27608): [CIRISApp] >>> liveBackgroundEnabled=true, apiClient=present
03-28 11:26:40.456 I/CIRISApiClient(27608): [getGraphData] >>> START: hours=24, scope=ALL_SCOPES, type=null, limit=200
03-28 11:26:40.456 I/CIRISApiClient(27608): [getGraphData] Fetching timeline: http://localhost:8080/v1/memory/timeline?hours=24&include_edges=true&include_metrics=false
03-28 11:26:42.735 I/CIRISApp(27608):  Boot attestation: loaded=true, maxLevel=1, dns_us=true, dns_eu=true, https=true
03-28 11:26:42.780 I/InteractViewModel(27608): [startStatusPolling] Agent ready with state: WORK
03-28 11:26:42.780 I/InteractViewModel(27608): [startStatusPolling] Connection state changed: false -> true
03-28 11:26:42.861 I/InteractViewModel(27608): [startSseStream] SSE connected
03-28 11:26:42.866 I/InteractViewModel(27608): [fetchTrustStatus] Trust level changed: 0 -> 1
03-28 11:26:42.866 I/InteractViewModel(27608): [fetchTrustStatus] Level pending changed: false -> true
03-28 11:26:42.867 I/InteractViewModel(27608): [startTrustPendingPolling] Level pending=true, triggering device attestation automatically...
03-28 11:26:42.867 I/MainActivity(27608): Device attestation requested
03-28 11:26:42.868 I/CIRISApiClient(27608): [getPlayIntegrityNonce] Requesting Play Integrity nonce from Python API
03-28 11:26:42.936 I/CIRISApiClient(27608): [listAdapters] API response: total=7, running=7, adapters.size=7
03-28 11:26:42.937 I/CIRISApiClient(27608): [listAdapters]   API adapter[0]: id=cirisverify_bootstrap, type=cirisverify, running=true
03-28 11:26:42.937 I/CIRISApiClient(27608): [listAdapters]   API adapter[1]: id=wallet_bootstrap, type=wallet, running=true
03-28 11:26:42.938 I/CIRISApiClient(27608): [listAdapters]   API adapter[2]: id=api_bootstrap, type=api, running=true
03-28 11:26:42.938 I/CIRISApiClient(27608): [listAdapters]   API adapter[3]: id=ciris_accord_metrics, type=ciris_accord_metrics, running=true
03-28 11:26:42.938 I/CIRISApiClient(27608): [listAdapters]   API adapter[4]: id=weather, type=weather, running=true
03-28 11:26:42.939 I/CIRISApiClient(27608): [listAdapters]   API adapter[5]: id=navigation, type=navigation, running=true
03-28 11:26:42.939 I/CIRISApiClient(27608): [listAdapters]   API adapter[6]: id=ciris_hosted_tools, type=ciris_hosted_tools, running=true
03-28 11:26:42.958 I/CIRISApiClient(27608): [listAdapters] API response: total=7, running=7, adapters.size=7
03-28 11:26:42.958 I/CIRISApiClient(27608): [listAdapters]   API adapter[0]: id=cirisverify_bootstrap, type=cirisverify, running=true
03-28 11:26:42.959 I/CIRISApiClient(27608): [listAdapters]   API adapter[1]: id=wallet_bootstrap, type=wallet, running=true
03-28 11:26:42.959 I/CIRISApiClient(27608): [listAdapters]   API adapter[2]: id=api_bootstrap, type=api, running=true
03-28 11:26:42.959 I/CIRISApiClient(27608): [listAdapters]   API adapter[3]: id=ciris_accord_metrics, type=ciris_accord_metrics, running=true
03-28 11:26:42.960 I/CIRISApiClient(27608): [listAdapters]   API adapter[4]: id=weather, type=weather, running=true
03-28 11:26:42.960 I/CIRISApiClient(27608): [listAdapters]   API adapter[5]: id=navigation, type=navigation, running=true
03-28 11:26:42.961 I/CIRISApiClient(27608): [listAdapters]   API adapter[6]: id=ciris_hosted_tools, type=ciris_hosted_tools, running=true
03-28 11:26:42.961 I/InteractViewModel(27608): [fetchWalletStatus] Wallet adapter found: isRunning=true
03-28 11:26:43.134 I/CIRISApiClient(27608): [getGraphData] <<< DONE in 2679ms (single API call)
03-28 11:26:43.135 I/CIRISApiClient(27608): [getGraphData]     Nodes: 76 ({local=70, identity=6})
03-28 11:26:43.135 I/CIRISApiClient(27608): [getGraphData]     Edges: 0 total, 0 visible
03-28 11:26:43.136 I/CIRISApiClient(27608): [getGraphData]     Edge types: {}
03-28 11:26:43.136 I/CIRISApiClient(27608): [getGraphData]     INFO: No edges found - nodes may not have relationships yet
03-28 11:26:43.420 I/CIRISApiClient(27608): [getPlayIntegrityNonce] Got nonce: fX5I9hkUi2vQ-XXJGeIL...
03-28 11:26:43.491 I/InteractViewModel(27608): [startMessagePolling] First load complete
03-28 11:26:43.494 I/BillingViewModel(27608): [loadBalance] Credit status loaded: hasCredit=true, creditsRemaining=424, freeUsesRemaining=0, dailyFreeUsesRemaining=2, planName=CIRIS Mobile
03-28 11:26:43.494 I/BillingViewModel(27608): [loadBalance] Total credits calculated: 426
03-28 11:26:43.635 I/InteractViewModel(27608): [startHealthPolling] LLM health ready: provider=other
03-28 11:26:44.183 I/MainActivity(27608): Device attestation result: Error(message=Failed to get Play Integrity token: -16: Integrity API error (-16): The provided cloud project number is invalid.
03-28 11:26:44.183 I/MainActivity(27608): Use the cloud project number which can be found in Project info in your Google Cloud Console for the cloud project where Play Integrity API is enabled.
03-28 11:26:44.183 I/MainActivity(27608):  (https://developer.android.com/google/play/integrity/reference/com/google/android/play/core/integrity/model/IntegrityErrorCode.html#CLOUD_PROJECT_NUMBER_IS_INVALID).)
03-28 11:26:44.183 I/InteractViewModel(27608): [startTrustPendingPolling] Device attestation completed: Error(message=Failed to get Play Integrity token: -16: Integrity API error (-16): The provided cloud project number is invalid.
03-28 11:26:44.183 I/InteractViewModel(27608): Use the cloud project number which can be found in Project info in your Google Cloud Console for the cloud project where Play Integrity API is enabled.
03-28 11:26:44.183 I/InteractViewModel(27608):  (https://developer.android.com/google/play/integrity/reference/com/google/android/play/core/integrity/model/IntegrityErrorCode.html#CLOUD_PROJECT_NUMBER_IS_INVALID).)
03-28 11:26:46.231 I/InteractViewModel(27608): [startTrustPendingPolling] Trust status refreshed after device attestation
03-28 11:26:46.479 D/CIRISApp(27608): [INFO] Opening Wallet page
03-28 11:26:46.486 D/CIRISApp(27608): [INIT] CIRISApp composable invoked - googleSignInCallback=PRESENT (31420856)
03-28 11:26:46.488 I/InteractViewModel(27608): [setDeviceAttestationCallback] Device attestation callback SET
03-28 11:26:46.564 I/CIRISApiClient(27608): [getWalletStatus] Fetching wallet status
03-28 11:26:47.339 I/CIRISApiClient(27608): [getWalletStatus] Wallet status: address=null, balance=0.00, level=0
03-28 11:26:49.099 D/EnvFileUpdater(27608): Found CIRIS_HOME from env: /data/user/0/ai.ciris.mobile.debug/files/ciris
03-28 11:26:59.100 D/EnvFileUpdater(27608): Found CIRIS_HOME from env: /data/user/0/ai.ciris.mobile.debug/files/ciris
03-28 11:27:09.103 D/EnvFileUpdater(27608): Found CIRIS_HOME from env: /data/user/0/ai.ciris.mobile.debug/files/ciris
03-28 11:27:17.346 I/CIRISApiClient(27608): [getWalletStatus] Fetching wallet status
03-28 11:27:17.809 I/CIRISApiClient(27608): [getWalletStatus] Wallet status: address=null, balance=0.00, level=0
03-28 11:27:19.110 D/EnvFileUpdater(27608): Found CIRIS_HOME from env: /data/user/0/ai.ciris.mobile.debug/files/ciris
03-28 11:27:25.665 I/CIRISApp(27608): [Screen.Wallet] Navigating back to Interact
03-28 11:27:25.669 D/CIRISApp(27608): [INIT] CIRISApp composable invoked - googleSignInCallback=PRESENT (31420856)
03-28 11:27:25.670 I/InteractViewModel(27608): [setDeviceAttestationCallback] Device attestation callback SET
03-28 11:27:25.675 D/CIRISApp(27608): [CIRISApp] >>> liveBackgroundEnabled=true, apiClient=present
03-28 11:27:25.852 I/CIRISApiClient(27608): [getGraphData] >>> START: hours=24, scope=ALL_SCOPES, type=null, limit=200
03-28 11:27:25.853 I/CIRISApiClient(27608): [getGraphData] Fetching timeline: http://localhost:8080/v1/memory/timeline?hours=24&include_edges=true&include_metrics=false
03-28 11:27:26.628 I/CIRISApiClient(27608): [getGraphData] <<< DONE in 776ms (single API call)
03-28 11:27:26.629 I/CIRISApiClient(27608): [getGraphData]     Nodes: 76 ({local=70, identity=6})
03-28 11:27:26.629 I/CIRISApiClient(27608): [getGraphData]     Edges: 0 total, 0 visible
03-28 11:27:26.630 I/CIRISApiClient(27608): [getGraphData]     Edge types: {}
03-28 11:27:26.630 I/CIRISApiClient(27608): [getGraphData]     INFO: No edges found - nodes may not have relationships yet
03-28 11:27:27.279 D/CIRISApp(27608): [INFO] Opening Trust page
03-28 11:27:27.286 D/CIRISApp(27608): [INIT] CIRISApp composable invoked - googleSignInCallback=PRESENT (31420856)
03-28 11:27:27.287 I/InteractViewModel(27608): [setDeviceAttestationCallback] Device attestation callback SET
03-28 11:27:27.511 I/MainActivity(27608): Device attestation requested
03-28 11:27:27.511 I/CIRISApiClient(27608): [getPlayIntegrityNonce] Requesting Play Integrity nonce from Python API
03-28 11:27:27.646 I/CIRISApiClient(27608): [getPlayIntegrityNonce] Got nonce: SDgHvrkx0CNbBujpU8JN...
03-28 11:27:28.431 I/MainActivity(27608): Device attestation result: Error(message=Failed to get Play Integrity token: -16: Integrity API error (-16): The provided cloud project number is invalid.
03-28 11:27:28.431 I/MainActivity(27608): Use the cloud project number which can be found in Project info in your Google Cloud Console for the cloud project where Play Integrity API is enabled.
03-28 11:27:28.431 I/MainActivity(27608):  (https://developer.android.com/google/play/integrity/reference/com/google/android/play/core/integrity/model/IntegrityErrorCode.html#CLOUD_PROJECT_NUMBER_IS_INVALID).)
03-28 11:27:29.114 D/EnvFileUpdater(27608): Found CIRIS_HOME from env: /data/user/0/ai.ciris.mobile.debug/files/ciris
03-28 11:27:30.892 I/CIRISApp(27608): [Screen.Trust] Navigating back to Interact
03-28 11:27:30.902 D/CIRISApp(27608): [INIT] CIRISApp composable invoked - googleSignInCallback=PRESENT (31420856)
03-28 11:27:30.904 I/InteractViewModel(27608): [setDeviceAttestationCallback] Device attestation callback SET
03-28 11:27:30.910 D/CIRISApp(27608): [CIRISApp] >>> liveBackgroundEnabled=true, apiClient=present
03-28 11:27:31.061 I/CIRISApiClient(27608): [getGraphData] >>> START: hours=24, scope=ALL_SCOPES, type=null, limit=200
03-28 11:27:31.061 I/CIRISApiClient(27608): [getGraphData] Fetching timeline: http://localhost:8080/v1/memory/timeline?hours=24&include_edges=true&include_metrics=false
03-28 11:27:31.490 I/CIRISApiClient(27608): [getGraphData] <<< DONE in 429ms (single API call)
03-28 11:27:31.491 I/CIRISApiClient(27608): [getGraphData]     Nodes: 76 ({local=70, identity=6})
03-28 11:27:31.491 I/CIRISApiClient(27608): [getGraphData]     Edges: 0 total, 0 visible
03-28 11:27:31.491 I/CIRISApiClient(27608): [getGraphData]     Edge types: {}
03-28 11:27:31.492 I/CIRISApiClient(27608): [getGraphData]     INFO: No edges found - nodes may not have relationships yet
03-28 11:27:36.610 D/CIRISApp(27608): [INFO] Opening Wallet page
03-28 11:27:36.614 D/CIRISApp(27608): [INIT] CIRISApp composable invoked - googleSignInCallback=PRESENT (31420856)
03-28 11:27:36.615 I/InteractViewModel(27608): [setDeviceAttestationCallback] Device attestation callback SET
03-28 11:27:36.680 I/CIRISApiClient(27608): [getWalletStatus] Fetching wallet status
03-28 11:27:37.061 I/CIRISApiClient(27608): [getWalletStatus] Wallet status: address=null, balance=0.00, level=0
03-28 11:27:39.117 D/EnvFileUpdater(27608): Found CIRIS_HOME from env: /data/user/0/ai.ciris.mobile.debug/files/ciris
03-28 11:27:49.119 D/EnvFileUpdater(27608): Found CIRIS_HOME from env: /data/user/0/ai.ciris.mobile.debug/files/ciris
03-28 11:27:59.121 D/EnvFileUpdater(27608): Found CIRIS_HOME from env: /data/user/0/ai.ciris.mobile.debug/files/ciris
03-28 11:28:07.069 I/CIRISApiClient(27608): [getWalletStatus] Fetching wallet status
03-28 11:28:07.510 I/CIRISApiClient(27608): [getWalletStatus] Wallet status: address=null, balance=0.00, level=0
03-28 11:28:09.123 D/EnvFileUpdater(27608): Found CIRIS_HOME from env: /data/user/0/ai.ciris.mobile.debug/files/ciris
03-28 11:28:19.126 D/EnvFileUpdater(27608): Found CIRIS_HOME from env: /data/user/0/ai.ciris.mobile.debug/files/ciris
03-28 11:28:29.129 D/EnvFileUpdater(27608): Found CIRIS_HOME from env: /data/user/0/ai.ciris.mobile.debug/files/ciris
03-28 11:28:37.513 I/CIRISApiClient(27608): [getWalletStatus] Fetching wallet status
03-28 11:28:37.903 I/CIRISApiClient(27608): [getWalletStatus] Wallet status: address=null, balance=0.00, level=0
03-28 11:28:39.134 D/EnvFileUpdater(27608): Found CIRIS_HOME from env: /data/user/0/ai.ciris.mobile.debug/files/ciris
03-28 11:28:49.137 D/EnvFileUpdater(27608): Found CIRIS_HOME from env: /data/user/0/ai.ciris.mobile.debug/files/ciris
03-28 11:28:59.140 D/EnvFileUpdater(27608): Found CIRIS_HOME from env: /data/user/0/ai.ciris.mobile.debug/files/ciris
03-28 11:29:03.589 I/chromium(28949): [INFO:components/enterprise/browser/controller/chrome_browser_cloud_management_controller.cc:302] Deferring CBCM Controller Initialization until it is unblocked.
03-28 11:29:03.671 W/chromium(28949): [WARNING:components/gcm_driver/instance_id/instance_id_android.cc:101] Non-zero TTL requested for InstanceID token, while TTLs are not supported by Android Firebase IID API.
03-28 11:29:03.671 W/chromium(28949): [WARNING:components/gcm_driver/instance_id/instance_id_android.cc:101] Non-zero TTL requested for InstanceID token, while TTLs are not supported by Android Firebase IID API.
03-28 11:29:03.714 W/chromium(29019): [WARNING:content/app/android/content_main_android.cc:82] android_setCpu already initialized
03-28 11:29:03.793 W/chromium(28988): [WARNING:content/app/android/content_main_android.cc:82] android_setCpu already initialized
03-28 11:29:03.823 I/chromium(29019): [INFO:third_party/skia/src/gpu/vk/VulkanPreferredFeatures.cpp:435] WARNING: VulkanPreferredFeatures::addFeaturesToQuery() was not called
03-28 11:29:03.823 I/chromium(29019): 
03-28 11:29:03.823 I/chromium(29019): [INFO:third_party/skia/src/gpu/vk/VulkanPreferredFeatures.cpp:438] WARNING: VulkanPreferredFeatures::addFeaturesToEnable() was not called
03-28 11:29:03.823 I/chromium(29019): 
03-28 11:29:03.901 W/chromium(28949): [WARNING:net/cert/ev_root_ca_metadata.cc:118] Not implemented
03-28 11:29:03.964 W/chromium(29054): [WARNING:content/app/android/content_main_android.cc:82] android_setCpu already initialized
03-28 11:29:04.041 W/chromium(28949): [WARNING:net/cert/ev_root_ca_metadata.cc:118] Not implemented
03-28 11:29:04.044 W/chromium(28949): [WARNING:net/cert/ev_root_ca_metadata.cc:118] Not implemented
03-28 11:29:04.068 I/chromium(28949): [INFO:brave/components/brave_ads/core/internal/creatives/new_tab_page_ads/creative_new_tab_page_ads_util.cc:157] Successfully saved creative new tab page ads
03-28 11:29:04.069 I/chromium(28949): [INFO:brave/components/brave_ads/core/internal/creatives/new_tab_page_ads/creative_new_tab_page_ads_util.cc:142] Successfully saved creative set conversions
03-28 11:29:04.087 W/chromium(28949): [WARNING:net/cert/ev_root_ca_metadata.cc:118] Not implemented
03-28 11:29:04.102 W/chromium(28949): [WARNING:net/cert/ev_root_ca_metadata.cc:118] Not implemented
03-28 11:29:04.128 W/chromium(28949): [WARNING:net/cert/ev_root_ca_metadata.cc:118] Not implemented
03-28 11:29:04.161 W/chromium(29097): [WARNING:content/app/android/content_main_android.cc:82] android_setCpu already initialized
03-28 11:29:04.230 W/chromium(28949): [WARNING:net/cert/ev_root_ca_metadata.cc:118] Not implemented
03-28 11:29:04.255 W/chromium(28949): [WARNING:net/cert/ev_root_ca_metadata.cc:118] Not implemented
03-28 11:29:04.306 W/chromium(29119): [WARNING:content/app/android/content_main_android.cc:82] android_setCpu already initialized
03-28 11:29:04.309 E/chromium(28949): [ERROR:net/socket/socket_posix.cc:153] bind() failed: Address already in use (98)
03-28 11:29:04.309 E/chromium(28949): [ERROR:net/socket/unix_domain_server_socket_posix.cc:88] Could not bind unix domain socket to chrome_devtools_remote (with abstract namespace): Address already in use (98)
03-28 11:29:04.740 W/chromium(29019): [WARNING:components/viz/service/frame_sinks/compositor_frame_sink_support.cc:1763] Surface SurfaceId(FrameSinkId(3, 3), LocalSurfaceId(10, 1, 931F...)) is destroyed while there is an outstanding CopyOutputRequest specificc for it.
03-28 11:29:05.085 W/chromium(28949): [WARNING:net/cert/ev_root_ca_metadata.cc:118] Not implemented
03-28 11:29:06.097 W/chromium(28949): [WARNING:net/cert/ev_root_ca_metadata.cc:118] Not implemented
03-28 11:29:06.589 W/chromium(28949): [WARNING:net/cert/ev_root_ca_metadata.cc:118] Not implemented
03-28 11:29:07.905 I/CIRISApiClient(27608): [getWalletStatus] Fetching wallet status
03-28 11:29:08.227 I/CIRISApiClient(27608): [getWalletStatus] Wallet status: address=null, balance=0.00, level=0
03-28 11:29:09.143 D/EnvFileUpdater(27608): Found CIRIS_HOME from env: /data/user/0/ai.ciris.mobile.debug/files/ciris
03-28 11:29:10.321 I/WebViewFactory(29221): Loading com.google.android.webview version 146.0.7680.119 (code 768011903)
03-28 11:29:19.145 D/EnvFileUpdater(27608): Found CIRIS_HOME from env: /data/user/0/ai.ciris.mobile.debug/files/ciris
03-28 11:29:29.148 D/EnvFileUpdater(27608): Found CIRIS_HOME from env: /data/user/0/ai.ciris.mobile.debug/files/ciris
03-28 11:29:38.229 I/CIRISApiClient(27608): [getWalletStatus] Fetching wallet status
03-28 11:29:38.595 I/CIRISApiClient(27608): [getWalletStatus] Wallet status: address=null, balance=0.00, level=0
03-28 11:29:39.151 D/EnvFileUpdater(27608): Found CIRIS_HOME from env: /data/user/0/ai.ciris.mobile.debug/files/ciris
03-28 11:29:49.154 D/EnvFileUpdater(27608): Found CIRIS_HOME from env: /data/user/0/ai.ciris.mobile.debug/files/ciris
03-28 11:29:59.157 D/EnvFileUpdater(27608): Found CIRIS_HOME from env: /data/user/0/ai.ciris.mobile.debug/files/ciris
03-28 11:30:08.601 I/CIRISApiClient(27608): [getWalletStatus] Fetching wallet status
03-28 11:30:09.055 I/CIRISApiClient(27608): [getWalletStatus] Wallet status: address=null, balance=0.00, level=0
03-28 11:30:09.162 D/EnvFileUpdater(27608): Found CIRIS_HOME from env: /data/user/0/ai.ciris.mobile.debug/files/ciris
03-28 11:30:19.166 D/EnvFileUpdater(27608): Found CIRIS_HOME from env: /data/user/0/ai.ciris.mobile.debug/files/ciris
03-28 11:30:29.170 D/EnvFileUpdater(27608): Found CIRIS_HOME from env: /data/user/0/ai.ciris.mobile.debug/files/ciris
03-28 11:30:39.066 I/CIRISApiClient(27608): [getWalletStatus] Fetching wallet status
03-28 11:30:39.173 D/EnvFileUpdater(27608): Found CIRIS_HOME from env: /data/user/0/ai.ciris.mobile.debug/files/ciris
03-28 11:30:39.452 I/CIRISApiClient(27608): [getWalletStatus] Wallet status: address=null, balance=0.00, level=0
03-28 11:30:49.177 D/EnvFileUpdater(27608): Found CIRIS_HOME from env: /data/user/0/ai.ciris.mobile.debug/files/ciris
03-28 11:30:59.180 D/EnvFileUpdater(27608): Found CIRIS_HOME from env: /data/user/0/ai.ciris.mobile.debug/files/ciris
03-28 11:31:09.184 D/EnvFileUpdater(27608): Found CIRIS_HOME from env: /data/user/0/ai.ciris.mobile.debug/files/ciris
03-28 11:31:09.461 I/CIRISApiClient(27608): [getWalletStatus] Fetching wallet status
03-28 11:31:09.907 I/CIRISApiClient(27608): [getWalletStatus] Wallet status: address=null, balance=0.00, level=0
03-28 11:31:19.188 D/EnvFileUpdater(27608): Found CIRIS_HOME from env: /data/user/0/ai.ciris.mobile.debug/files/ciris
03-28 11:31:29.192 D/EnvFileUpdater(27608): Found CIRIS_HOME from env: /data/user/0/ai.ciris.mobile.debug/files/ciris
03-28 11:31:39.197 D/EnvFileUpdater(27608): Found CIRIS_HOME from env: /data/user/0/ai.ciris.mobile.debug/files/ciris
03-28 11:31:39.912 I/CIRISApiClient(27608): [getWalletStatus] Fetching wallet status
03-28 11:31:40.939 I/CIRISApiClient(27608): [getWalletStatus] Wallet status: address=null, balance=0.00, level=0
03-28 11:31:49.200 D/EnvFileUpdater(27608): Found CIRIS_HOME from env: /data/user/0/ai.ciris.mobile.debug/files/ciris
03-28 11:31:59.206 D/EnvFileUpdater(27608): Found CIRIS_HOME from env: /data/user/0/ai.ciris.mobile.debug/files/ciris
03-28 11:32:08.141 E/CIRISApiClient(27608): [getVerifyStatus] Exception: UnknownHostException: Unable to resolve host "localhost": No address associated with hostname
03-28 11:32:08.145 I/InteractViewModel(27608): [fetchTrustStatus] Trust level changed: 1 -> 0
03-28 11:32:08.146 I/InteractViewModel(27608): [fetchTrustStatus] Level pending changed: true -> false
03-28 11:32:08.147 I/InteractViewModel(27608): [startTrustPendingPolling] Level pending=false (level=0/5), stopping fast poll
03-28 11:32:09.212 D/EnvFileUpdater(27608): Found CIRIS_HOME from env: /data/user/0/ai.ciris.mobile.debug/files/ciris
03-28 11:32:10.943 I/CIRISApiClient(27608): [getWalletStatus] Fetching wallet status
03-28 11:32:11.311 E/CIRISApiClient(27608): [getMessages] Exception: UnknownHostException: Unable to resolve host "localhost": No address associated with hostname | Context: limit=50, is401=false, tokenPresent=true, tokenPreview=ciris_ad...EY68
03-28 11:32:11.315 W/InteractViewModel(27608): [fetchHistory] Non-auth error: UnknownHostException: Unable to resolve host "localhost": No address associated with hostname
03-28 11:32:11.334 E/CIRISApiClient(27608): [getAuditEntries] Exception: UnknownHostException: Unable to resolve host "localhost": No address associated with hostname
03-28 11:32:11.487 I/CIRISApiClient(27608): [getWalletStatus] Wallet status: address=null, balance=0.00, level=0
03-28 11:32:11.569 E/CIRISApiClient(27608): [getSystemStatus] Exception: UnknownHostException: Unable to resolve host "localhost": No address associated with hostname
03-28 11:32:11.572 E/InteractViewModel(27608): [startStatusPolling] Status poll failed: UnknownHostException: Unable to resolve host "localhost": No address associated with hostname
03-28 11:32:14.385 E/CIRISApiClient(27608): [getMessages] Exception: UnknownHostException: Unable to resolve host "localhost": No address associated with hostname | Context: limit=50, is401=false, tokenPresent=true, tokenPreview=ciris_ad...EY68
03-28 11:32:14.393 W/InteractViewModel(27608): [fetchHistory] Non-auth error: UnknownHostException: Unable to resolve host "localhost": No address associated with hostname
03-28 11:32:14.417 E/CIRISApiClient(27608): [getAuditEntries] Exception: UnknownHostException: Unable to resolve host "localhost": No address associated with hostname
03-28 11:32:16.605 E/CIRISApiClient(27608): [getSystemStatus] Exception: UnknownHostException: Unable to resolve host "localhost": No address associated with hostname
03-28 11:32:17.455 E/CIRISApiClient(27608): [getMessages] Exception: UnknownHostException: Unable to resolve host "localhost": No address associated with hostname | Context: limit=50, is401=false, tokenPresent=true, tokenPreview=ciris_ad...EY68
03-28 11:32:17.464 W/InteractViewModel(27608): [fetchHistory] Non-auth error: UnknownHostException: Unable to resolve host "localhost": No address associated with hostname
03-28 11:32:17.489 E/CIRISApiClient(27608): [getAuditEntries] Exception: UnknownHostException: Unable to resolve host "localhost": No address associated with hostname
03-28 11:32:19.216 D/EnvFileUpdater(27608): Found CIRIS_HOME from env: /data/user/0/ai.ciris.mobile.debug/files/ciris
03-28 11:32:20.517 E/CIRISApiClient(27608): [getMessages] Exception: UnknownHostException: Unable to resolve host "localhost": No address associated with hostname | Context: limit=50, is401=false, tokenPresent=true, tokenPreview=ciris_ad...EY68
03-28 11:32:20.521 W/InteractViewModel(27608): [fetchHistory] Non-auth error: UnknownHostException: Unable to resolve host "localhost": No address associated with hostname
03-28 11:32:20.539 E/CIRISApiClient(27608): [getAuditEntries] Exception: UnknownHostException: Unable to resolve host "localhost": No address associated with hostname
03-28 11:32:21.635 E/CIRISApiClient(27608): [getSystemStatus] Exception: UnknownHostException: Unable to resolve host "localhost": No address associated with hostname
03-28 11:32:23.578 E/CIRISApiClient(27608): [getMessages] Exception: UnknownHostException: Unable to resolve host "localhost": No address associated with hostname | Context: limit=50, is401=false, tokenPresent=true, tokenPreview=ciris_ad...EY68
03-28 11:32:23.583 W/InteractViewModel(27608): [fetchHistory] Non-auth error: UnknownHostException: Unable to resolve host "localhost": No address associated with hostname
03-28 11:32:23.602 E/CIRISApiClient(27608): [getAuditEntries] Exception: UnknownHostException: Unable to resolve host "localhost": No address associated with hostname
03-28 11:32:26.636 E/CIRISApiClient(27608): [getMessages] Exception: UnknownHostException: Unable to resolve host "localhost": No address associated with hostname | Context: limit=50, is401=false, tokenPresent=true, tokenPreview=ciris_ad...EY68
03-28 11:32:26.641 W/InteractViewModel(27608): [fetchHistory] Non-auth error: UnknownHostException: Unable to resolve host "localhost": No address associated with hostname
03-28 11:32:26.658 E/CIRISApiClient(27608): [getAuditEntries] Exception: UnknownHostException: Unable to resolve host "localhost": No address associated with hostname
03-28 11:32:26.663 E/CIRISApiClient(27608): [getSystemStatus] Exception: UnknownHostException: Unable to resolve host "localhost": No address associated with hostname
03-28 11:32:28.330 E/CIRISApiClient(27608): [getLlmConfig] Exception: UnknownHostException: Unable to resolve host "localhost": No address associated with hostname
03-28 11:32:28.334 W/InteractViewModel(27608): [fetchHealthData] Failed to fetch LLM config from API: Unable to resolve host "localhost": No address associated with hostname
03-28 11:32:28.357 E/CIRISApiClient(27608): [getVerifyStatus] Exception: UnknownHostException: Unable to resolve host "localhost": No address associated with hostname
03-28 11:32:29.221 D/EnvFileUpdater(27608): Found CIRIS_HOME from env: /data/user/0/ai.ciris.mobile.debug/files/ciris
03-28 11:32:29.684 E/CIRISApiClient(27608): [getMessages] Exception: UnknownHostException: Unable to resolve host "localhost": No address associated with hostname | Context: limit=50, is401=false, tokenPresent=true, tokenPreview=ciris_ad...EY68
03-28 11:32:29.689 W/InteractViewModel(27608): [fetchHistory] Non-auth error: UnknownHostException: Unable to resolve host "localhost": No address associated with hostname
03-28 11:32:29.705 E/CIRISApiClient(27608): [getAuditEntries] Exception: UnknownHostException: Unable to resolve host "localhost": No address associated with hostname
03-28 11:32:31.701 E/CIRISApiClient(27608): [getSystemStatus] Exception: UnknownHostException: Unable to resolve host "localhost": No address associated with hostname
03-28 11:32:32.734 E/CIRISApiClient(27608): [getMessages] Exception: UnknownHostException: Unable to resolve host "localhost": No address associated with hostname | Context: limit=50, is401=false, tokenPresent=true, tokenPreview=ciris_ad...EY68
03-28 11:32:32.740 W/InteractViewModel(27608): [fetchHistory] Non-auth error: UnknownHostException: Unable to resolve host "localhost": No address associated with hostname
03-28 11:32:32.760 E/CIRISApiClient(27608): [getAuditEntries] Exception: UnknownHostException: Unable to resolve host "localhost": No address associated with hostname
03-28 11:32:35.797 E/CIRISApiClient(27608): [getMessages] Exception: UnknownHostException: Unable to resolve host "localhost": No address associated with hostname | Context: limit=50, is401=false, tokenPresent=true, tokenPreview=ciris_ad...EY68
03-28 11:32:35.801 W/InteractViewModel(27608): [fetchHistory] Non-auth error: UnknownHostException: Unable to resolve host "localhost": No address associated with hostname
03-28 11:32:35.818 E/CIRISApiClient(27608): [getAuditEntries] Exception: UnknownHostException: Unable to resolve host "localhost": No address associated with hostname
03-28 11:32:36.726 E/CIRISApiClient(27608): [getSystemStatus] Exception: UnknownHostException: Unable to resolve host "localhost": No address associated with hostname
03-28 11:32:38.852 E/CIRISApiClient(27608): [getMessages] Exception: UnknownHostException: Unable to resolve host "localhost": No address associated with hostname | Context: limit=50, is401=false, tokenPresent=true, tokenPreview=ciris_ad...EY68
03-28 11:32:38.858 W/InteractViewModel(27608): [fetchHistory] Non-auth error: UnknownHostException: Unable to resolve host "localhost": No address associated with hostname
03-28 11:32:38.876 E/CIRISApiClient(27608): [getAuditEntries] Exception: UnknownHostException: Unable to resolve host "localhost": No address associated with hostname
03-28 11:32:39.225 D/EnvFileUpdater(27608): Found CIRIS_HOME from env: /data/user/0/ai.ciris.mobile.debug/files/ciris
03-28 11:32:41.491 I/CIRISApiClient(27608): [getWalletStatus] Fetching wallet status
03-28 11:32:41.510 E/CIRISApiClient(27608): [getWalletStatus] Exception: UnknownHostException: Unable to resolve host "localhost": No address associated with hostname
03-28 11:32:41.755 E/CIRISApiClient(27608): [getSystemStatus] Exception: UnknownHostException: Unable to resolve host "localhost": No address associated with hostname
03-28 11:32:41.861 W/chromium(  604): [WARNING:net/cert/ev_root_ca_metadata.cc:118] Not implemented
03-28 11:32:41.913 E/CIRISApiClient(27608): [getMessages] Exception: UnknownHostException: Unable to resolve host "localhost": No address associated with hostname | Context: limit=50, is401=false, tokenPresent=true, tokenPreview=ciris_ad...EY68
03-28 11:32:41.921 W/InteractViewModel(27608): [fetchHistory] Non-auth error: UnknownHostException: Unable to resolve host "localhost": No address associated with hostname
03-28 11:32:41.922 W/chromium(  604): [WARNING:net/cert/ev_root_ca_metadata.cc:118] Not implemented
03-28 11:32:41.944 E/CIRISApiClient(27608): [getAuditEntries] Exception: UnknownHostException: Unable to resolve host "localhost": No address associated with hostname
03-28 11:32:41.959 W/chromium(30862): [WARNING:content/app/android/content_main_android.cc:82] android_setCpu already initialized
03-28 11:32:42.119 W/chromium(30884): [WARNING:content/app/android/content_main_android.cc:82] android_setCpu already initialized
03-28 11:32:42.205 W/chromium(  758): [WARNING:components/viz/service/frame_sinks/compositor_frame_sink_support.cc:1763] Surface SurfaceId(FrameSinkId(177, 3), LocalSurfaceId(8, 1, FBE5...)) is destroyed while there is an outstanding CopyOutputRequest specificc for it.
03-28 11:32:42.472 W/chromium(  604): [WARNING:net/cert/ev_root_ca_metadata.cc:118] Not implemented
03-28 11:32:42.486 W/chromium(  604): [WARNING:net/cert/ev_root_ca_metadata.cc:118] Not implemented
03-28 11:32:42.536 W/chromium(  604): [WARNING:net/cert/ev_root_ca_metadata.cc:118] Not implemented
03-28 11:32:42.642 W/chromium(  604): [WARNING:net/cert/ev_root_ca_metadata.cc:118] Not implemented
03-28 11:32:42.865 W/chromium(  604): [WARNING:net/cert/ev_root_ca_metadata.cc:118] Not implemented
03-28 11:32:43.932 I/WebViewFactory(30052): Loading com.google.android.webview version 146.0.7680.119 (code 768011903)
03-28 11:32:44.010 W/chromium(30052): [WARNING:android_webview/browser/network_service/net_helpers.cc:137] HTTP Cache size is: 34491713
03-28 11:32:44.154 W/chromium(30975): [WARNING:content/app/android/content_main_android.cc:82] android_setCpu already initialized
03-28 11:32:44.171 W/chromium(30975): [WARNING:content/child/runtime_features.cc:563] Fenced frames cannot be enabled in this configuration. Use --enable-features=FencedFrames instead.
03-28 11:32:44.171 W/chromium(30975): [WARNING:content/child/runtime_features.cc:588] Topics cannot be enabled in this configuration. Use --enable-features=BrowsingTopics in addition.
03-28 11:32:44.171 W/chromium(30975): [WARNING:content/child/runtime_features.cc:609] SharedStorage cannot be enabled in this configuration. Use --enable-features=SharedStorageAPI in addition.
03-28 11:32:44.890 E/chromium(30975): [ERROR:cc/tiles/tile_manager.cc:997] WARNING: tile memory limits exceeded, some content may not draw
03-28 11:32:44.894 E/chromium(30975): [ERROR:cc/tiles/tile_manager.cc:997] WARNING: tile memory limits exceeded, some content may not draw
03-28 11:32:44.916 E/chromium(30975): [ERROR:cc/tiles/tile_manager.cc:997] WARNING: tile memory limits exceeded, some content may not draw
03-28 11:32:44.916 E/chromium(30975): [ERROR:cc/tiles/tile_manager.cc:997] WARNING: tile memory limits exceeded, some content may not draw
03-28 11:32:44.938 E/chromium(30975): [ERROR:cc/tiles/tile_manager.cc:997] WARNING: tile memory limits exceeded, some content may not draw
03-28 11:32:44.940 E/chromium(30975): [ERROR:cc/tiles/tile_manager.cc:997] WARNING: tile memory limits exceeded, some content may not draw
03-28 11:32:44.987 E/chromium(30975): [ERROR:cc/tiles/tile_manager.cc:997] WARNING: tile memory limits exceeded, some content may not draw
03-28 11:32:44.987 E/chromium(30975): [ERROR:cc/tiles/tile_manager.cc:997] WARNING: tile memory limits exceeded, some content may not draw
03-28 11:32:44.993 E/CIRISApiClient(27608): [getMessages] Exception: UnknownHostException: Unable to resolve host "localhost": No address associated with hostname | Context: limit=50, is401=false, tokenPresent=true, tokenPreview=ciris_ad...EY68
03-28 11:32:44.998 W/InteractViewModel(27608): [fetchHistory] Non-auth error: UnknownHostException: Unable to resolve host "localhost": No address associated with hostname
03-28 11:32:45.010 W/chromium(31186): [WARNING:content/app/android/content_main_android.cc:82] android_setCpu already initialized
03-28 11:32:45.016 E/chromium(30975): [ERROR:cc/tiles/tile_manager.cc:997] WARNING: tile memory limits exceeded, some content may not draw
03-28 11:32:45.017 E/chromium(30975): [ERROR:cc/tiles/tile_manager.cc:997] WARNING: tile memory limits exceeded, some content may not draw
03-28 11:32:45.030 E/CIRISApiClient(27608): [getAuditEntries] Exception: UnknownHostException: Unable to resolve host "localhost": No address associated with hostname
03-28 11:32:45.037 E/chromium(30975): [ERROR:cc/tiles/tile_manager.cc:997] WARNING: tile memory limits exceeded, some content may not draw
03-28 11:32:45.037 E/chromium(30975): [ERROR:cc/tiles/tile_manager.cc:997] WARNING: tile memory limits exceeded, some content may not draw
03-28 11:32:45.091 E/chromium(30975): [ERROR:cc/tiles/tile_manager.cc:997] WARNING: tile memory limits exceeded, some content may not draw
03-28 11:32:45.092 E/chromium(30975): [ERROR:cc/tiles/tile_manager.cc:997] WARNING: tile memory limits exceeded, some content may not draw
03-28 11:32:46.788 E/CIRISApiClient(27608): [getSystemStatus] Exception: UnknownHostException: Unable to resolve host "localhost": No address associated with hostname
03-28 11:32:48.065 E/CIRISApiClient(27608): [getMessages] Exception: UnknownHostException: Unable to resolve host "localhost": No address associated with hostname | Context: limit=50, is401=false, tokenPresent=true, tokenPreview=ciris_ad...EY68
03-28 11:32:48.072 W/InteractViewModel(27608): [fetchHistory] Non-auth error: UnknownHostException: Unable to resolve host "localhost": No address associated with hostname
03-28 11:32:48.095 E/CIRISApiClient(27608): [getAuditEntries] Exception: UnknownHostException: Unable to resolve host "localhost": No address associated with hostname
03-28 11:32:48.470 W/chromium(31329): [WARNING:content/app/android/content_main_android.cc:82] android_setCpu already initialized
03-28 11:32:48.489 W/chromium(  604): [WARNING:net/cert/ev_root_ca_metadata.cc:118] Not implemented
03-28 11:32:49.231 D/EnvFileUpdater(27608): Found CIRIS_HOME from env: /data/user/0/ai.ciris.mobile.debug/files/ciris
03-28 11:32:50.240 W/chromium(31362): [WARNING:content/app/android/content_main_android.cc:82] android_setCpu already initialized
03-28 11:32:51.126 E/CIRISApiClient(27608): [getMessages] Exception: UnknownHostException: Unable to resolve host "localhost": No address associated with hostname | Context: limit=50, is401=false, tokenPresent=true, tokenPreview=ciris_ad...EY68
03-28 11:32:51.131 W/InteractViewModel(27608): [fetchHistory] Non-auth error: UnknownHostException: Unable to resolve host "localhost": No address associated with hostname
03-28 11:32:51.149 E/CIRISApiClient(27608): [getAuditEntries] Exception: UnknownHostException: Unable to resolve host "localhost": No address associated with hostname
03-28 11:32:51.238 W/chromium(  604): [WARNING:net/cert/ev_root_ca_metadata.cc:118] Not implemented
03-28 11:32:51.594 W/chromium(  604): [WARNING:net/cert/ev_root_ca_metadata.cc:118] Not implemented
03-28 11:32:51.764 W/chromium(  604): [WARNING:net/cert/ev_root_ca_metadata.cc:118] Not implemented
03-28 11:32:51.813 E/CIRISApiClient(27608): [getSystemStatus] Exception: UnknownHostException: Unable to resolve host "localhost": No address associated with hostname
03-28 11:32:51.984 W/chromium(  604): [WARNING:net/cert/ev_root_ca_metadata.cc:118] Not implemented
03-28 11:32:53.285 W/chromium(31407): [WARNING:content/app/android/content_main_android.cc:82] android_setCpu already initialized
03-28 11:32:54.176 E/CIRISApiClient(27608): [getMessages] Exception: UnknownHostException: Unable to resolve host "localhost": No address associated with hostname | Context: limit=50, is401=false, tokenPresent=true, tokenPreview=ciris_ad...EY68
03-28 11:32:54.181 W/InteractViewModel(27608): [fetchHistory] Non-auth error: UnknownHostException: Unable to resolve host "localhost": No address associated with hostname
03-28 11:32:54.199 E/CIRISApiClient(27608): [getAuditEntries] Exception: UnknownHostException: Unable to resolve host "localhost": No address associated with hostname
03-28 11:32:56.774 W/chromium(  604): [WARNING:net/cert/ev_root_ca_metadata.cc:118] Not implemented
03-28 11:32:56.778 W/chromium(  604): [WARNING:net/cert/ev_root_ca_metadata.cc:118] Not implemented
03-28 11:32:56.778 W/chromium(  604): [WARNING:net/cert/ev_root_ca_metadata.cc:118] Not implemented
03-28 11:32:56.804 W/chromium(31437): [WARNING:content/app/android/content_main_android.cc:82] android_setCpu already initialized
03-28 11:32:56.841 E/CIRISApiClient(27608): [getSystemStatus] Exception: UnknownHostException: Unable to resolve host "localhost": No address associated with hostname
03-28 11:32:56.875 W/chromium(  604): [WARNING:net/cert/ev_root_ca_metadata.cc:118] Not implemented
03-28 11:32:57.097 W/chromium(  604): [WARNING:net/cert/ev_root_ca_metadata.cc:118] Not implemented
03-28 11:32:57.118 W/chromium(  604): [WARNING:net/cert/ev_root_ca_metadata.cc:118] Not implemented
03-28 11:32:57.230 E/CIRISApiClient(27608): [getMessages] Exception: UnknownHostException: Unable to resolve host "localhost": No address associated with hostname | Context: limit=50, is401=false, tokenPresent=true, tokenPreview=ciris_ad...EY68
03-28 11:32:57.231 W/chromium(  604): [WARNING:net/cert/ev_root_ca_metadata.cc:118] Not implemented
03-28 11:32:57.238 W/InteractViewModel(27608): [fetchHistory] Non-auth error: UnknownHostException: Unable to resolve host "localhost": No address associated with hostname
03-28 11:32:57.261 E/CIRISApiClient(27608): [getAuditEntries] Exception: UnknownHostException: Unable to resolve host "localhost": No address associated with hostname
03-28 11:32:57.553 W/chromium(  604): [WARNING:net/cert/ev_root_ca_metadata.cc:118] Not implemented
03-28 11:32:57.648 W/chromium(31462): [WARNING:content/app/android/content_main_android.cc:82] android_setCpu already initialized
03-28 11:32:58.383 E/CIRISApiClient(27608): [getLlmConfig] Exception: UnknownHostException: Unable to resolve host "localhost": No address associated with hostname
03-28 11:32:58.387 W/InteractViewModel(27608): [fetchHealthData] Failed to fetch LLM config from API: Unable to resolve host "localhost": No address associated with hostname
03-28 11:32:58.405 E/CIRISApiClient(27608): [getVerifyStatus] Exception: UnknownHostException: Unable to resolve host "localhost": No address associated with hostname
03-28 11:32:59.235 D/EnvFileUpdater(27608): Found CIRIS_HOME from env: /data/user/0/ai.ciris.mobile.debug/files/ciris
03-28 11:32:59.818 I/chromium(31407): [INFO:third_party/blink/renderer/modules/peerconnection/peer_connection_dependency_factory.cc:941] Running WebRTC with a combined Network and Worker thread.
03-28 11:32:59.880 W/chromium(  604): [WARNING:chrome/browser/media/prefs/capture_device_ranking.h:255] Can't initialize the value of media.audio_input.user_preference_ranking because media.default_audio_capture_device isn't registered or is empty
03-28 11:32:59.880 W/chromium(  604): [WARNING:chrome/browser/media/prefs/capture_device_ranking.h:255] Can't initialize the value of media.video_input.user_preference_ranking because media.default_video_capture_Device isn't registered or is empty
03-28 11:32:59.887 W/chromium(  604): [WARNING:net/dns/host_resolver_dns_task.cc:934] Address list empty after RFC3484 sort
03-28 11:33:00.294 E/CIRISApiClient(27608): [getMessages] Exception: UnknownHostException: Unable to resolve host "localhost": No address associated with hostname | Context: limit=50, is401=false, tokenPresent=true, tokenPreview=ciris_ad...EY68
03-28 11:33:00.299 W/InteractViewModel(27608): [fetchHistory] Non-auth error: UnknownHostException: Unable to resolve host "localhost": No address associated with hostname
03-28 11:33:00.319 E/CIRISApiClient(27608): [getAuditEntries] Exception: UnknownHostException: Unable to resolve host "localhost": No address associated with hostname
03-28 11:33:01.869 E/CIRISApiClient(27608): [getSystemStatus] Exception: UnknownHostException: Unable to resolve host "localhost": No address associated with hostname
03-28 11:33:03.351 E/CIRISApiClient(27608): [getMessages] Exception: UnknownHostException: Unable to resolve host "localhost": No address associated with hostname | Context: limit=50, is401=false, tokenPresent=true, tokenPreview=ciris_ad...EY68
03-28 11:33:03.357 W/InteractViewModel(27608): [fetchHistory] Non-auth error: UnknownHostException: Unable to resolve host "localhost": No address associated with hostname
03-28 11:33:03.377 E/CIRISApiClient(27608): [getAuditEntries] Exception: UnknownHostException: Unable to resolve host "localhost": No address associated with hostname
03-28 11:33:06.416 E/CIRISApiClient(27608): [getMessages] Exception: UnknownHostException: Unable to resolve host "localhost": No address associated with hostname | Context: limit=50, is401=false, tokenPresent=true, tokenPreview=ciris_ad...EY68
03-28 11:33:06.422 W/InteractViewModel(27608): [fetchHistory] Non-auth error: UnknownHostException: Unable to resolve host "localhost": No address associated with hostname
03-28 11:33:06.440 E/CIRISApiClient(27608): [getAuditEntries] Exception: UnknownHostException: Unable to resolve host "localhost": No address associated with hostname
03-28 11:33:06.888 E/CIRISApiClient(27608): [getSystemStatus] Exception: UnknownHostException: Unable to resolve host "localhost": No address associated with hostname
03-28 11:33:09.237 D/EnvFileUpdater(27608): Found CIRIS_HOME from env: /data/user/0/ai.ciris.mobile.debug/files/ciris
03-28 11:33:09.467 E/CIRISApiClient(27608): [getMessages] Exception: UnknownHostException: Unable to resolve host "localhost": No address associated with hostname | Context: limit=50, is401=false, tokenPresent=true, tokenPreview=ciris_ad...EY68
03-28 11:33:09.471 W/InteractViewModel(27608): [fetchHistory] Non-auth error: UnknownHostException: Unable to resolve host "localhost": No address associated with hostname
03-28 11:33:09.486 E/CIRISApiClient(27608): [getAuditEntries] Exception: UnknownHostException: Unable to resolve host "localhost": No address associated with hostname
03-28 11:33:11.516 I/CIRISApiClient(27608): [getWalletStatus] Fetching wallet status
03-28 11:33:11.542 E/CIRISApiClient(27608): [getWalletStatus] Exception: UnknownHostException: Unable to resolve host "localhost": No address associated with hostname
03-28 11:33:11.909 E/CIRISApiClient(27608): [getSystemStatus] Exception: UnknownHostException: Unable to resolve host "localhost": No address associated with hostname
03-28 11:33:12.507 E/CIRISApiClient(27608): [getMessages] Exception: UnknownHostException: Unable to resolve host "localhost": No address associated with hostname | Context: limit=50, is401=false, tokenPresent=true, tokenPreview=ciris_ad...EY68
03-28 11:33:12.510 W/InteractViewModel(27608): [fetchHistory] Non-auth error: UnknownHostException: Unable to resolve host "localhost": No address associated with hostname
03-28 11:33:12.526 E/CIRISApiClient(27608): [getAuditEntries] Exception: UnknownHostException: Unable to resolve host "localhost": No address associated with hostname
03-28 11:33:15.563 E/CIRISApiClient(27608): [getMessages] Exception: UnknownHostException: Unable to resolve host "localhost": No address associated with hostname | Context: limit=50, is401=false, tokenPresent=true, tokenPreview=ciris_ad...EY68
03-28 11:33:15.568 W/InteractViewModel(27608): [fetchHistory] Non-auth error: UnknownHostException: Unable to resolve host "localhost": No address associated with hostname
03-28 11:33:15.585 E/CIRISApiClient(27608): [getAuditEntries] Exception: UnknownHostException: Unable to resolve host "localhost": No address associated with hostname
03-28 11:33:16.939 E/CIRISApiClient(27608): [getSystemStatus] Exception: UnknownHostException: Unable to resolve host "localhost": No address associated with hostname
03-28 11:33:18.629 E/CIRISApiClient(27608): [getMessages] Exception: UnknownHostException: Unable to resolve host "localhost": No address associated with hostname | Context: limit=50, is401=false, tokenPresent=true, tokenPreview=ciris_ad...EY68
03-28 11:33:18.637 W/InteractViewModel(27608): [fetchHistory] Non-auth error: UnknownHostException: Unable to resolve host "localhost": No address associated with hostname
03-28 11:33:18.661 E/CIRISApiClient(27608): [getAuditEntries] Exception: UnknownHostException: Unable to resolve host "localhost": No address associated with hostname
03-28 11:33:19.242 D/EnvFileUpdater(27608): Found CIRIS_HOME from env: /data/user/0/ai.ciris.mobile.debug/files/ciris
03-28 11:33:21.688 E/CIRISApiClient(27608): [getMessages] Exception: UnknownHostException: Unable to resolve host "localhost": No address associated with hostname | Context: limit=50, is401=false, tokenPresent=true, tokenPreview=ciris_ad...EY68
03-28 11:33:21.694 W/InteractViewModel(27608): [fetchHistory] Non-auth error: UnknownHostException: Unable to resolve host "localhost": No address associated with hostname
03-28 11:33:21.713 E/CIRISApiClient(27608): [getAuditEntries] Exception: UnknownHostException: Unable to resolve host "localhost": No address associated with hostname
03-28 11:33:21.965 E/CIRISApiClient(27608): [getSystemStatus] Exception: UnknownHostException: Unable to resolve host "localhost": No address associated with hostname
03-28 11:33:24.747 E/CIRISApiClient(27608): [getMessages] Exception: UnknownHostException: Unable to resolve host "localhost": No address associated with hostname | Context: limit=50, is401=false, tokenPresent=true, tokenPreview=ciris_ad...EY68
03-28 11:33:24.754 W/InteractViewModel(27608): [fetchHistory] Non-auth error: UnknownHostException: Unable to resolve host "localhost": No address associated with hostname
03-28 11:33:24.773 E/CIRISApiClient(27608): [getAuditEntries] Exception: UnknownHostException: Unable to resolve host "localhost": No address associated with hostname
03-28 11:33:26.993 E/CIRISApiClient(27608): [getSystemStatus] Exception: UnknownHostException: Unable to resolve host "localhost": No address associated with hostname
03-28 11:33:27.817 E/CIRISApiClient(27608): [getMessages] Exception: UnknownHostException: Unable to resolve host "localhost": No address associated with hostname | Context: limit=50, is401=false, tokenPresent=true, tokenPreview=ciris_ad...EY68
03-28 11:33:27.822 W/InteractViewModel(27608): [fetchHistory] Non-auth error: UnknownHostException: Unable to resolve host "localhost": No address associated with hostname
03-28 11:33:27.840 E/CIRISApiClient(27608): [getAuditEntries] Exception: UnknownHostException: Unable to resolve host "localhost": No address associated with hostname
03-28 11:33:28.434 E/CIRISApiClient(27608): [getLlmConfig] Exception: UnknownHostException: Unable to resolve host "localhost": No address associated with hostname
03-28 11:33:28.438 W/InteractViewModel(27608): [fetchHealthData] Failed to fetch LLM config from API: Unable to resolve host "localhost": No address associated with hostname
03-28 11:33:28.455 E/CIRISApiClient(27608): [getVerifyStatus] Exception: UnknownHostException: Unable to resolve host "localhost": No address associated with hostname
03-28 11:33:29.246 D/EnvFileUpdater(27608): Found CIRIS_HOME from env: /data/user/0/ai.ciris.mobile.debug/files/ciris
03-28 11:33:30.880 E/CIRISApiClient(27608): [getMessages] Exception: UnknownHostException: Unable to resolve host "localhost": No address associated with hostname | Context: limit=50, is401=false, tokenPresent=true, tokenPreview=ciris_ad...EY68
03-28 11:33:30.885 W/InteractViewModel(27608): [fetchHistory] Non-auth error: UnknownHostException: Unable to resolve host "localhost": No address associated with hostname
03-28 11:33:30.899 E/CIRISApiClient(27608): [getAuditEntries] Exception: UnknownHostException: Unable to resolve host "localhost": No address associated with hostname
03-28 11:33:32.025 E/CIRISApiClient(27608): [getSystemStatus] Exception: UnknownHostException: Unable to resolve host "localhost": No address associated with hostname
03-28 11:33:33.942 E/CIRISApiClient(27608): [getMessages] Exception: UnknownHostException: Unable to resolve host "localhost": No address associated with hostname | Context: limit=50, is401=false, tokenPresent=true, tokenPreview=ciris_ad...EY68
03-28 11:33:33.950 W/InteractViewModel(27608): [fetchHistory] Non-auth error: UnknownHostException: Unable to resolve host "localhost": No address associated with hostname
