--------- beginning of main
04-13 14:43:08.071 I/CIRISApiClient( 1747): [getConfigurationSessionStatus] Getting session status for: d3861681-2f82-49c1-b115-52c93ebd2c38
04-13 14:43:10.032 I/CIRISApiClient( 1747): [getConfigurationSessionStatus] Session status: step=1/5, status=awaiting_oauth, stepType=oauth
04-13 14:43:10.033 I/CIRISApiClient( 1747): [getConfigurationSessionStatus] Collected config keys: [base_url, callback_base_url]
04-13 14:43:10.042 I/CIRISApiClient( 1747): [getConfigurationSessionStatus] Session status: step=1/5, status=awaiting_oauth, stepType=oauth
04-13 14:43:10.043 I/CIRISApiClient( 1747): [getConfigurationSessionStatus] Collected config keys: [base_url, callback_base_url]
04-13 14:43:10.080 I/CIRISApiClient( 1747): [getConfigurationSessionStatus] Getting session status for: d3861681-2f82-49c1-b115-52c93ebd2c38
04-13 14:43:12.090 I/CIRISApiClient( 1747): [getConfigurationSessionStatus] Getting session status for: d3861681-2f82-49c1-b115-52c93ebd2c38
04-13 14:43:12.238 D/EnvFileUpdater( 1747): Found CIRIS_HOME from env: /data/user/0/ai.ciris.mobile.debug/files/ciris
04-13 14:43:12.288 I/CIRISApiClient( 1747): [getConfigurationSessionStatus] Session status: step=1/5, status=awaiting_oauth, stepType=oauth
04-13 14:43:12.289 I/CIRISApiClient( 1747): [getConfigurationSessionStatus] Collected config keys: [base_url, callback_base_url]
04-13 14:43:12.298 I/CIRISApiClient( 1747): [getConfigurationSessionStatus] Session status: step=1/5, status=awaiting_oauth, stepType=oauth
04-13 14:43:12.299 I/CIRISApiClient( 1747): [getConfigurationSessionStatus] Collected config keys: [base_url, callback_base_url]
04-13 14:43:13.292 I/CIRISApiClient( 1747): [getConfigurationSessionStatus] Getting session status for: d3861681-2f82-49c1-b115-52c93ebd2c38
04-13 14:43:14.098 I/CIRISApiClient( 1747): [getConfigurationSessionStatus] Getting session status for: d3861681-2f82-49c1-b115-52c93ebd2c38
04-13 14:43:14.734 I/CIRISApiClient( 1747): [getConfigurationSessionStatus] Session status: step=1/5, status=awaiting_oauth, stepType=oauth
04-13 14:43:14.735 I/CIRISApiClient( 1747): [getConfigurationSessionStatus] Collected config keys: [base_url, callback_base_url]
04-13 14:43:16.107 I/CIRISApiClient( 1747): [getConfigurationSessionStatus] Getting session status for: d3861681-2f82-49c1-b115-52c93ebd2c38
04-13 14:43:16.183 I/CIRISApiClient( 1747): [getConfigurationSessionStatus] Session status: step=1/5, status=awaiting_oauth, stepType=oauth
04-13 14:43:16.185 I/CIRISApiClient( 1747): [getConfigurationSessionStatus] Collected config keys: [base_url, callback_base_url]
04-13 14:43:17.274 I/CIRISApiClient( 1747): [getConfigurationSessionStatus] Session status: step=1/5, status=awaiting_oauth, stepType=oauth
04-13 14:43:17.276 I/CIRISApiClient( 1747): [getConfigurationSessionStatus] Collected config keys: [base_url, callback_base_url]
04-13 14:43:17.752 I/CIRISApiClient( 1747): [listAdapters] Listing adapters
04-13 14:43:18.114 I/CIRISApiClient( 1747): [getConfigurationSessionStatus] Getting session status for: d3861681-2f82-49c1-b115-52c93ebd2c38
04-13 14:43:18.389 I/CIRISApiClient( 1747): [getConfigurationSessionStatus] Session status: step=1/5, status=awaiting_oauth, stepType=oauth
04-13 14:43:18.391 I/CIRISApiClient( 1747): [getConfigurationSessionStatus] Collected config keys: [base_url, callback_base_url]
04-13 14:43:18.527 I/CIRISApiClient( 1747): [getConfigurationSessionStatus] Session status: step=1/5, status=awaiting_oauth, stepType=oauth
04-13 14:43:18.529 I/CIRISApiClient( 1747): [getConfigurationSessionStatus] Collected config keys: [base_url, callback_base_url]
04-13 14:43:19.394 I/CIRISApiClient( 1747): [getConfigurationSessionStatus] Getting session status for: d3861681-2f82-49c1-b115-52c93ebd2c38
04-13 14:43:19.643 I/CIRISApiClient( 1747): [getConfigurationSessionStatus] Session status: step=1/5, status=awaiting_oauth, stepType=oauth
04-13 14:43:19.645 I/CIRISApiClient( 1747): [getConfigurationSessionStatus] Collected config keys: [base_url, callback_base_url]
04-13 14:43:20.122 I/CIRISApiClient( 1747): [getConfigurationSessionStatus] Getting session status for: d3861681-2f82-49c1-b115-52c93ebd2c38
04-13 14:43:22.130 I/CIRISApiClient( 1747): [getConfigurationSessionStatus] Getting session status for: d3861681-2f82-49c1-b115-52c93ebd2c38
04-13 14:43:22.239 D/EnvFileUpdater( 1747): Found CIRIS_HOME from env: /data/user/0/ai.ciris.mobile.debug/files/ciris
04-13 14:43:22.941 I/CIRISApiClient( 1747): [getConfigurationSessionStatus] Session status: step=1/5, status=awaiting_oauth, stepType=oauth
04-13 14:43:22.942 I/CIRISApiClient( 1747): [getConfigurationSessionStatus] Collected config keys: [base_url, callback_base_url]
04-13 14:43:24.139 I/CIRISApiClient( 1747): [getConfigurationSessionStatus] Getting session status for: d3861681-2f82-49c1-b115-52c93ebd2c38
04-13 14:43:24.163 I/CIRISApiClient( 1747): [getConfigurationSessionStatus] Session status: step=1/5, status=awaiting_oauth, stepType=oauth
04-13 14:43:24.165 I/CIRISApiClient( 1747): [getConfigurationSessionStatus] Collected config keys: [base_url, callback_base_url]
04-13 14:43:25.168 I/CIRISApiClient( 1747): [getConfigurationSessionStatus] Getting session status for: d3861681-2f82-49c1-b115-52c93ebd2c38
04-13 14:43:25.238 I/CIRISApiClient( 1747): [getConfigurationSessionStatus] Session status: step=1/5, status=awaiting_oauth, stepType=oauth
04-13 14:43:25.240 I/CIRISApiClient( 1747): [getConfigurationSessionStatus] Collected config keys: [base_url, callback_base_url]
04-13 14:43:25.453 I/CIRISApiClient( 1747): [listAdapters] API response: total=8, running=8, adapters.size=8
04-13 14:43:25.455 I/CIRISApiClient( 1747): [listAdapters]   API adapter[0]: id=cirisverify_bootstrap, type=cirisverify, running=true, needsReauth=false, hasAuthStep=false
04-13 14:43:25.456 I/CIRISApiClient( 1747): [listAdapters]   API adapter[1]: id=wallet_bootstrap, type=wallet, running=true, needsReauth=false, hasAuthStep=false
04-13 14:43:25.458 I/CIRISApiClient( 1747): [listAdapters]   API adapter[2]: id=api_bootstrap, type=api, running=true, needsReauth=false, hasAuthStep=false
04-13 14:43:25.459 I/CIRISApiClient( 1747): [listAdapters]   API adapter[3]: id=ciris_accord_metrics, type=ciris_accord_metrics, running=true, needsReauth=false, hasAuthStep=false
04-13 14:43:25.460 I/CIRISApiClient( 1747): [listAdapters]   API adapter[4]: id=weather, type=weather, running=true, needsReauth=false, hasAuthStep=false
04-13 14:43:25.462 I/CIRISApiClient( 1747): [listAdapters]   API adapter[5]: id=ciris_hosted_tools, type=ciris_hosted_tools, running=true, needsReauth=false, hasAuthStep=false
04-13 14:43:25.463 I/CIRISApiClient( 1747): [listAdapters]   API adapter[6]: id=navigation, type=navigation, running=true, needsReauth=false, hasAuthStep=false
04-13 14:43:25.465 I/CIRISApiClient( 1747): [listAdapters]   API adapter[7]: id=home_assistant, type=home_assistant, running=true, needsReauth=true, hasAuthStep=true
04-13 14:43:26.147 I/CIRISApiClient( 1747): [getConfigurationSessionStatus] Getting session status for: d3861681-2f82-49c1-b115-52c93ebd2c38
04-13 14:43:26.525 I/CIRISApiClient( 1747): [getConfigurationSessionStatus] Session status: step=1/5, status=awaiting_oauth, stepType=oauth
04-13 14:43:26.526 I/CIRISApiClient( 1747): [getConfigurationSessionStatus] Collected config keys: [base_url, callback_base_url]
04-13 14:43:28.156 I/CIRISApiClient( 1747): [getConfigurationSessionStatus] Getting session status for: d3861681-2f82-49c1-b115-52c93ebd2c38
04-13 14:43:28.938 I/CIRISApiClient( 1747): [getConfigurationSessionStatus] Session status: step=1/5, status=awaiting_oauth, stepType=oauth
04-13 14:43:28.939 I/CIRISApiClient( 1747): [getConfigurationSessionStatus] Collected config keys: [base_url, callback_base_url]
04-13 14:43:28.956 I/CIRISApiClient( 1747): [getWAStatus] Fetching WA status
04-13 14:43:29.082 I/CIRISApiClient( 1747): [getConfigurationSessionStatus] Session status: step=1/5, status=awaiting_oauth, stepType=oauth
04-13 14:43:29.084 I/CIRISApiClient( 1747): [getConfigurationSessionStatus] Collected config keys: [base_url, callback_base_url]
04-13 14:43:29.090 I/CIRISApiClient( 1747): [getConfigurationSessionStatus] Session status: step=1/5, status=awaiting_oauth, stepType=oauth
04-13 14:43:29.092 I/CIRISApiClient( 1747): [getConfigurationSessionStatus] Collected config keys: [base_url, callback_base_url]
04-13 14:43:30.087 I/CIRISApiClient( 1747): [getConfigurationSessionStatus] Getting session status for: d3861681-2f82-49c1-b115-52c93ebd2c38
04-13 14:43:30.164 I/CIRISApiClient( 1747): [getConfigurationSessionStatus] Getting session status for: d3861681-2f82-49c1-b115-52c93ebd2c38
04-13 14:43:31.262 I/CIRISApiClient( 1747): [getConfigurationSessionStatus] Session status: step=1/5, status=awaiting_oauth, stepType=oauth
04-13 14:43:31.263 I/CIRISApiClient( 1747): [getConfigurationSessionStatus] Collected config keys: [base_url, callback_base_url]
04-13 14:43:32.172 I/CIRISApiClient( 1747): [getConfigurationSessionStatus] Getting session status for: d3861681-2f82-49c1-b115-52c93ebd2c38
04-13 14:43:32.240 D/EnvFileUpdater( 1747): Found CIRIS_HOME from env: /data/user/0/ai.ciris.mobile.debug/files/ciris
04-13 14:43:33.412 I/CIRISApiClient( 1747): [getConfigurationSessionStatus] Session status: step=1/5, status=awaiting_oauth, stepType=oauth
04-13 14:43:33.414 I/CIRISApiClient( 1747): [getConfigurationSessionStatus] Collected config keys: [base_url, callback_base_url]
04-13 14:43:33.515 I/CIRISApiClient( 1747): [getConfigurationSessionStatus] Session status: step=1/5, status=awaiting_oauth, stepType=oauth
04-13 14:43:33.516 I/CIRISApiClient( 1747): [getConfigurationSessionStatus] Collected config keys: [base_url, callback_base_url]
04-13 14:43:34.180 I/CIRISApiClient( 1747): [getConfigurationSessionStatus] Getting session status for: d3861681-2f82-49c1-b115-52c93ebd2c38
04-13 14:43:34.418 I/CIRISApiClient( 1747): [getConfigurationSessionStatus] Getting session status for: d3861681-2f82-49c1-b115-52c93ebd2c38
04-13 14:43:35.488 I/CIRISApiClient( 1747): [listAdapters] Listing adapters
04-13 14:43:35.686 I/CIRISApiClient( 1747): [getWAStatus] WA Status: healthy=true, activeWAs=1, pendingDeferrals=0, deferrals24h=0, subscribers=2
04-13 14:43:36.187 I/CIRISApiClient( 1747): [getConfigurationSessionStatus] Getting session status for: d3861681-2f82-49c1-b115-52c93ebd2c38
04-13 14:43:37.003 I/CIRISApiClient( 1747): [getConfigurationSessionStatus] Session status: step=1/5, status=awaiting_oauth, stepType=oauth
04-13 14:43:37.004 I/CIRISApiClient( 1747): [getConfigurationSessionStatus] Collected config keys: [base_url, callback_base_url]
04-13 14:43:38.195 I/CIRISApiClient( 1747): [getConfigurationSessionStatus] Getting session status for: d3861681-2f82-49c1-b115-52c93ebd2c38
04-13 14:43:38.345 I/CIRISApiClient( 1747): [getConfigurationSessionStatus] Session status: step=1/5, status=awaiting_oauth, stepType=oauth
04-13 14:43:38.346 I/CIRISApiClient( 1747): [getConfigurationSessionStatus] Collected config keys: [base_url, callback_base_url]
04-13 14:43:40.202 I/CIRISApiClient( 1747): [getConfigurationSessionStatus] Getting session status for: d3861681-2f82-49c1-b115-52c93ebd2c38
04-13 14:43:40.522 I/CIRISApiClient( 1747): [getConfigurationSessionStatus] Session status: step=1/5, status=awaiting_oauth, stepType=oauth
04-13 14:43:40.523 I/CIRISApiClient( 1747): [getConfigurationSessionStatus] Collected config keys: [base_url, callback_base_url]
04-13 14:43:41.526 I/CIRISApiClient( 1747): [getConfigurationSessionStatus] Getting session status for: d3861681-2f82-49c1-b115-52c93ebd2c38
04-13 14:43:42.210 I/CIRISApiClient( 1747): [getConfigurationSessionStatus] Getting session status for: d3861681-2f82-49c1-b115-52c93ebd2c38
04-13 14:43:42.241 D/EnvFileUpdater( 1747): Found CIRIS_HOME from env: /data/user/0/ai.ciris.mobile.debug/files/ciris
04-13 14:43:42.903 I/CIRISApiClient( 1747): [getConfigurationSessionStatus] Session status: step=1/5, status=awaiting_oauth, stepType=oauth
04-13 14:43:42.905 I/CIRISApiClient( 1747): [getConfigurationSessionStatus] Collected config keys: [base_url, callback_base_url]
04-13 14:43:42.913 I/CIRISApiClient( 1747): [getConfigurationSessionStatus] Session status: step=1/5, status=awaiting_oauth, stepType=oauth
04-13 14:43:42.914 I/CIRISApiClient( 1747): [getConfigurationSessionStatus] Collected config keys: [base_url, callback_base_url]
04-13 14:43:44.084 I/CIRISApiClient( 1747): [getConfigurationSessionStatus] Session status: step=1/5, status=awaiting_oauth, stepType=oauth
04-13 14:43:44.085 I/CIRISApiClient( 1747): [getConfigurationSessionStatus] Collected config keys: [base_url, callback_base_url]
04-13 14:43:44.217 I/CIRISApiClient( 1747): [getConfigurationSessionStatus] Getting session status for: d3861681-2f82-49c1-b115-52c93ebd2c38
04-13 14:43:46.255 I/CIRISApiClient( 1747): [listAdapters] API response: total=8, running=8, adapters.size=8
04-13 14:43:46.257 I/CIRISApiClient( 1747): [listAdapters]   API adapter[0]: id=cirisverify_bootstrap, type=cirisverify, running=true, needsReauth=false, hasAuthStep=false
04-13 14:43:46.258 I/CIRISApiClient( 1747): [listAdapters]   API adapter[1]: id=wallet_bootstrap, type=wallet, running=true, needsReauth=false, hasAuthStep=false
04-13 14:43:46.259 I/CIRISApiClient( 1747): [listAdapters]   API adapter[2]: id=api_bootstrap, type=api, running=true, needsReauth=false, hasAuthStep=false
04-13 14:43:46.260 I/CIRISApiClient( 1747): [listAdapters]   API adapter[3]: id=ciris_accord_metrics, type=ciris_accord_metrics, running=true, needsReauth=false, hasAuthStep=false
04-13 14:43:46.261 I/CIRISApiClient( 1747): [listAdapters]   API adapter[4]: id=weather, type=weather, running=true, needsReauth=false, hasAuthStep=false
04-13 14:43:46.262 I/CIRISApiClient( 1747): [listAdapters]   API adapter[5]: id=ciris_hosted_tools, type=ciris_hosted_tools, running=true, needsReauth=false, hasAuthStep=false
04-13 14:43:46.263 I/CIRISApiClient( 1747): [listAdapters]   API adapter[6]: id=navigation, type=navigation, running=true, needsReauth=false, hasAuthStep=false
04-13 14:43:46.265 I/CIRISApiClient( 1747): [listAdapters]   API adapter[7]: id=home_assistant, type=home_assistant, running=true, needsReauth=true, hasAuthStep=true
04-13 14:43:46.281 I/CIRISApiClient( 1747): [getConfigurationSessionStatus] Session status: step=1/5, status=awaiting_oauth, stepType=oauth
04-13 14:43:46.283 I/CIRISApiClient( 1747): [getConfigurationSessionStatus] Collected config keys: [base_url, callback_base_url]
04-13 14:43:46.286 I/CIRISApiClient( 1747): [getConfigurationSessionStatus] Getting session status for: d3861681-2f82-49c1-b115-52c93ebd2c38
04-13 14:43:46.628 I/chromium(30459): [INFO:render_widget_host_impl.cc(843)] SBRTOUCHLOG  RenderWidgetHostImpl::WasShown
04-13 14:43:46.629 I/chromium(30459): [INFO:render_widget_host_impl.cc(845)] SBRTOUCHLOG  ClearDisplayedGraphics was called
04-13 14:43:46.630 I/chromium(30664): [INFO:layer_tree_host_impl.cc(198)] SBRTOUCHLOG DidVisibilityChange = 1
04-13 14:43:46.630 W/chromium(30459): [WARNING:window_android.cc(109)] TAB-STATUS observer added
04-13 14:43:46.631 I/chromium(30459): [INFO:ui_resource_layer_manager.cc(290)] CC-HideUrlbar: EnableUIResourceLayer LayerType: 0 Drawable true
04-13 14:43:46.636 I/chromium(30459): [INFO:ui_resource_layer_manager.cc(290)] CC-HideUrlbar: EnableUIResourceLayer LayerType: 1 Drawable true
04-13 14:43:46.694 I/chromium(30459): [INFO:tin_six_tab_helper.cc(84)] OnCurrentTabChanged 0,14
04-13 14:43:46.694 I/chromium(30459): [INFO:tin_six_tab_helper.cc(640)] ForceActivateTabAt 0,14
04-13 14:43:46.732 I/chromium(30459): [INFO:layer_tree_host_impl.cc(198)] SBRTOUCHLOG DidVisibilityChange = 1
04-13 14:43:46.749 I/chromium(30459): [INFO:browser_gpu_channel_host_factory.cc(364)] EstablishGpuChannel: establishing gpu_channel
04-13 14:43:46.755 I/chromium(30459): [INFO:browser_gpu_channel_host_factory.cc(391)] EstablishGpuChannel: gpu_channel_ exists run callback 0xc690f900
04-13 14:43:46.769 I/chromium(30459): [INFO:tin_six_tab_helper.cc(84)] OnCurrentTabChanged 0,14
04-13 14:43:46.769 I/chromium(30459): [INFO:tin_six_tab_helper.cc(640)] ForceActivateTabAt 0,14
04-13 14:43:46.770 I/chromium(30459): [INFO:tin_six_tab_helper.cc(84)] OnCurrentTabChanged 0,14
04-13 14:43:46.771 I/chromium(30459): [INFO:tin_six_tab_helper.cc(640)] ForceActivateTabAt 0,14
04-13 14:43:50.260 I/python.stdout( 4791): ============================================================
04-13 14:43:50.260 I/python.stdout( 4791): PYDANTIC_CORE NATIVE LIBRARY SETUP
04-13 14:43:50.260 I/python.stdout( 4791): ============================================================
04-13 14:43:50.260 I/python.stdout( 4791): [1/6] Architecture: armeabi-v7a (machine=armv8l)
04-13 14:43:50.260 I/python.stdout( 4791): [2/6] Extract target: /data/data/ai.ciris.mobile.debug/files/chaquopy/extract-packages
04-13 14:43:50.267 I/python.stdout( 4791): [3/6] Found existing .so: _pydantic_core.cpython-310-arm-linux-androideabi.so
04-13 14:43:50.267 I/python.stdout( 4791): [4/6] No cached modules to clear
04-13 14:43:50.268 I/python.stdout( 4791): [5/6] sys.path[0] = /data/data/ai.ciris.mobile.debug/files/chaquopy/extract-packages
04-13 14:43:50.268 I/python.stdout( 4791): [5/6] Installed PydanticCoreFinder at meta_path[0]
04-13 14:43:50.268 I/python.stdout( 4791): [6/6] Testing native library load...
04-13 14:43:50.287 I/python.stdout( 4791): [6/6] ctypes.CDLL: SUCCESS
04-13 14:43:50.287 W/python.stderr( 4791): <frozen importlib._bootstrap>:914: ImportWarning: PydanticCoreFinder.find_spec() not found; falling back to find_module()
04-13 14:43:50.288 W/python.stderr( 4791): <frozen importlib._bootstrap>:671: ImportWarning: PydanticCoreFinder.exec_module() not found; falling back to load_module()
04-13 14:43:50.451 I/python.stdout( 4791): [6/6] import pydantic_core: SUCCESS (v2.23.4)
04-13 14:43:50.451 I/python.stdout( 4791): [6/6] Location: /data/data/ai.ciris.mobile.debug/files/chaquopy/extract-packages/pydantic_core/__init__.py
04-13 14:43:50.451 I/python.stdout( 4791): ============================================================
04-13 14:43:50.451 I/python.stdout( 4791): PYDANTIC_CORE READY
04-13 14:43:50.451 I/python.stdout( 4791): ============================================================
04-13 14:43:50.454 I/python.stdout( 4791): INFO: mobile_main: CIRIS Mobile - Full On-Device Runtime (LLM Remote)
04-13 14:43:58.492 I/python.stdout( 4791): INFO: ciris_engine.logic.utils.constants: [ACCORD] Loaded accord_1.2b_POLYGLOT.txt: 63819 chars
04-13 14:43:58.494 I/python.stdout( 4791): INFO: ciris_engine.logic.utils.constants: [ACCORD] ACCORD_TEXT ready: 63819 chars total
04-13 14:43:58.496 I/python.stdout( 4791): INFO: ciris_engine.logic.utils.constants: [ACCORD] Loaded accord_1.2b_POLYGLOT_compressed.txt: 7338 chars
04-13 14:43:58.496 I/python.stdout( 4791): INFO: ciris_engine.logic.utils.constants: [ACCORD] Active mode: compressed (set via CIRIS_ACCORD_MODE env var)
04-13 14:43:58.496 I/python.stdout( 4791): INFO: ciris_engine.logic.utils.constants: [ACCORD] Using compressed polyglot (~7338 chars) for system prompts
04-13 14:44:02.129 W/python.stderr( 4791): stdlib/enum.py:289: DeprecationWarning: FUNCTIONS is deprecated and will be removed in future versions
04-13 14:44:04.168 I/python.stdout( 4791): INFO: ciris_engine.logic.utils.path_resolution: [path_resolution] CIRIS_HOME configured: /data/data/ai.ciris.mobile.debug/files/ciris (platform: Android, os: linux)
04-13 14:44:04.171 I/python.stdout( 4791): INFO: mobile_main: Android paths: CIRIS_HOME=/data/data/ai.ciris.mobile.debug/files/ciris, data=/data/data/ai.ciris.mobile.debug/files/ciris/data, logs=/data/data/ai.ciris.mobile.debug/files/ciris/logs
04-13 14:44:04.171 I/python.stdout( 4791): INFO: mobile_main: Loading configuration from /data/data/ai.ciris.mobile.debug/files/ciris/.env
04-13 14:44:04.209 I/python.stdout( 4791): INFO: mobile_main: Loaded .env - OPENAI_API_KEY set: True
04-13 14:44:04.210 I/python.stdout( 4791): INFO: mobile_main: Loaded .env - OPENAI_API_BASE: https://llm01.ciris-services-1.ai/v1
04-13 14:44:04.210 I/python.stdout( 4791): INFO: mobile_main: Verifying code integrity (parallel with imports)...
04-13 14:44:04.236 I/python.stdout( 4791): [7/8] Hashing ciris_engine...
04-13 14:44:05.307 I/python.stdout( 4791): [7/8] ciris_engine: 702 files hashed
04-13 14:44:05.307 I/python.stdout( 4791): [8/8] Hashing ciris_adapters...
04-13 14:44:09.408 I/python.stdout( 4791): [8/8] ciris_adapters: 256 files hashed
04-13 14:44:09.423 I/python.stdout( 4791): INFO: mobile_main: Code integrity check: 958/958 files hashed, total_hash=51624172d8ad0cc6...
04-13 14:44:09.572 I/python.stdout( 4791): INFO: mobile_main: Saved 958 module hashes to /data/data/ai.ciris.mobile.debug/files/ciris/startup_python_hashes.json
04-13 14:44:15.598 W/python.stderr( 4791): /data/data/ai.ciris.mobile.debug/files/chaquopy/AssetFinder/requirements/pydantic/_internal/_fields.py:132: UserWarning: Field "model_used" in ResourceCost has conflict with protected namespace "model_".
04-13 14:44:15.599 W/python.stderr( 4791): 
04-13 14:44:15.599 W/python.stderr( 4791): You may be able to resolve this warning by setting `model_config['protected_namespaces'] = ()`.
04-13 14:44:16.631 I/chromium(30459): [INFO:net_error_auto_reloader.cc(289)] LoaderLog  Auto-Reload  3
04-13 14:44:16.641 I/chromium(30459): [INFO:tin_six_tab_helper.cc(621)] ActivateTabAt 0,14
04-13 14:44:16.751 I/chromium(30459): [INFO:tin_six_tab_helper.cc(621)] ActivateTabAt 0,14
04-13 14:44:19.281 I/chromium(30459): [INFO:render_process_host_impl.cc(4491)] [Renderer][Exit] ChildProcessLauncher::OnChildProcessDied called through JNI pid = 4832, renderer_id =0
04-13 14:44:23.211 I/python.stdout( 4791): INFO: mobile_main: Code integrity verified: 958 modules, hash=51624172d8ad0cc6...
04-13 14:44:23.217 I/python.stdout( 4791): INFO: mobile_main: Starting CIRIS on-device runtime...
04-13 14:44:23.218 I/python.stdout( 4791): INFO: mobile_main: API endpoint: http://0.0.0.0:8080 (binding all interfaces)
04-13 14:44:23.219 I/python.stdout( 4791): INFO: mobile_main: LLM endpoint: https://llm01.ciris-services-1.ai/v1
04-13 14:44:23.360 I/python.stdout( 4791): INFO: mobile_main: Using Android config - CIRIS_HOME: /data/data/ai.ciris.mobile.debug/files/ciris, data_dir: /data/data/ai.ciris.mobile.debug/files/ciris/data
04-13 14:44:23.374 I/python.stdout( 4791): INFO: mobile_main: Bootstrap adapters: ['api'] - additional adapters loaded from graph/resume
04-13 14:44:23.383 I/python.stdout( 4791): INFO: ciris_engine.logic.runtime.bootstrap_helpers: [BOOTSTRAP] identity_update=False, template_name=None
04-13 14:44:23.817 I/python.stdout( 4791): INFO: ciris_engine.logic.adapters: Successfully loaded adapter for mode 'ciris_verify' from modular adapters
04-13 14:44:23.843 I/python.stdout( 4791): INFO: ciris_engine.logic.adapters.base: Initializing service: CIRISVerifyAdapter
04-13 14:44:23.844 I/python.stdout( 4791): INFO: ciris_engine.logic.runtime.bootstrap_helpers: Successfully loaded adapter: ciris_verify
04-13 14:44:25.039 I/python.stdout( 4791): INFO: ciris_engine.logic.adapters: Successfully loaded adapter for mode 'wallet' from modular adapters
04-13 14:44:25.040 I/python.stdout( 4791): INFO: ciris_engine.logic.adapters.base: Initializing service: WalletAdapter
04-13 14:44:25.041 I/python.stdout( 4791): INFO: ciris_adapters.wallet.tool_service: WalletToolService initialized with providers: []
04-13 14:44:25.041 I/python.stdout( 4791): INFO: ciris_engine.logic.runtime.bootstrap_helpers: Successfully loaded adapter: wallet
04-13 14:44:25.042 I/python.stdout( 4791): INFO: ciris_engine.logic.adapters: Successfully loaded adapter for mode 'api' from core adapters
04-13 14:44:25.043 I/python.stdout( 4791): INFO: ciris_engine.logic.adapters.base: Initializing service: ApiPlatform
04-13 14:44:25.044 I/python.stdout( 4791): INFO: ciris_engine.logic.adapters.api.adapter: [API_ADAPTER_INIT] kwargs keys: ['adapter_config']
04-13 14:44:25.044 I/python.stdout( 4791): INFO: ciris_engine.logic.adapters.api.adapter: [API_ADAPTER_INIT] adapter_config in kwargs: True
04-13 14:44:25.044 I/python.stdout( 4791): INFO: ciris_engine.logic.adapters.api.adapter: [API_ADAPTER_INIT] adapter_config value: {'host': '0.0.0.0', 'port': 8080, 'cors_enabled': True, 'cors_origins': ['*'], 'cors_allow_credentials': False, 'max_request_size': 1048576, 'request_timeout': 30.0, 'enable_swagger': True, 'enable_redoc': True, 'rate_limit_enabled': True, 'rate_limit_per_minute': 60, 'auth_enabled': True, 'interaction_timeout': 55.0, 'proxy_path': '', 'agent_id': ''}, type: <class 'dict'>
04-13 14:44:25.045 I/python.stdout( 4791): INFO: ciris_engine.logic.adapters.api.adapter: [API_ADAPTER_INIT] Created APIAdapterConfig from dict, port=8080
04-13 14:44:25.045 I/python.stdout( 4791): [STARTUP] Creating API application...
04-13 14:44:25.048 I/python.stdout( 4791): [STARTUP] Configuring middleware...
04-13 14:44:25.049 I/python.stdout( 4791): Rate limiting enabled: 60 requests per minute
04-13 14:44:25.049 I/python.stdout( 4791): [STARTUP] Initializing runtime state...
04-13 14:44:25.050 I/python.stdout( 4791): INFO: ciris_engine.logic.setup.first_run: Checking first-run status...
04-13 14:44:25.051 I/python.stdout( 4791): INFO: ciris_engine.logic.setup.first_run: Running in INSTALLED mode (git repo: False)
04-13 14:44:25.051 I/python.stdout( 4791): INFO: ciris_engine.logic.setup.first_run: CIRIS_FORCE_FIRST_RUN env var: None
04-13 14:44:25.053 I/python.stdout( 4791): INFO: ciris_engine.logic.setup.first_run: Android mode: checking /data/data/ai.ciris.mobile.debug/files/ciris/.env
04-13 14:44:25.053 I/python.stdout( 4791): INFO: ciris_engine.logic.setup.first_run: Checking config paths: ['/data/data/ai.ciris.mobile.debug/files/ciris/.env']
04-13 14:44:25.054 I/python.stdout( 4791): INFO: ciris_engine.logic.setup.first_run: Found configured .env at /data/data/ai.ciris.mobile.debug/files/ciris/.env - NOT first run
04-13 14:44:25.611 I/python.stdout( 4791): [STARTUP] Registering API routes...
04-13 14:44:31.181 I/python.stdout( 4791): [STARTUP] Routes registered successfully
04-13 14:44:31.193 I/python.stdout( 4791): ℹ️  API-only mode - use CIRIS Desktop app to connect
04-13 14:44:31.194 I/python.stdout( 4791): [STARTUP] API application ready
04-13 14:44:31.194 I/python.stdout( 4791): INFO: ciris_engine.logic.adapters.base: Initializing service: APIRuntimeControlService
04-13 14:44:31.195 I/python.stdout( 4791): INFO: ciris_engine.logic.adapters.api.adapter: API adapter initialized - host: 0.0.0.0, port: 8080
04-13 14:44:31.195 I/python.stdout( 4791): INFO: ciris_engine.logic.runtime.bootstrap_helpers: Successfully loaded adapter: api
04-13 14:44:31.196 I/python.stdout( 4791): INFO: mobile_main: Initializing CIRIS services...
04-13 14:44:31.196 I/python.stdout( 4791): INFO: ciris_engine.logic.runtime.ciris_runtime: Initializing CIRIS Runtime...
04-13 14:44:31.200 I/python.stdout( 4791): INFO: ciris_engine.logic.runtime.ciris_runtime: Development environment - setting up directories...
04-13 14:44:31.216 I/python.stdout( 4791): ✓ Database exclusive access confirmed: /data/data/ai.ciris.mobile.debug/files/ciris/data/ciris_engine.db
04-13 14:44:31.219 I/python.stdout( 4791): ✓ All directories and critical files successfully configured
04-13 14:44:31.219 I/python.stdout( 4791): INFO: ciris_engine.logic.runtime.ciris_runtime: [initialize] Initializing infrastructure services...
04-13 14:44:31.220 I/python.stdout( 4791): INFO: ciris_engine.logic.setup.first_run: Checking first-run status...
04-13 14:44:31.221 I/python.stdout( 4791): INFO: ciris_engine.logic.setup.first_run: Running in INSTALLED mode (git repo: False)
04-13 14:44:31.221 I/python.stdout( 4791): INFO: ciris_engine.logic.setup.first_run: CIRIS_FORCE_FIRST_RUN env var: None
04-13 14:44:31.223 I/python.stdout( 4791): INFO: ciris_engine.logic.setup.first_run: Android mode: checking /data/data/ai.ciris.mobile.debug/files/ciris/.env
04-13 14:44:31.224 I/python.stdout( 4791): INFO: ciris_engine.logic.setup.first_run: Checking config paths: ['/data/data/ai.ciris.mobile.debug/files/ciris/.env']
04-13 14:44:31.225 I/python.stdout( 4791): INFO: ciris_engine.logic.setup.first_run: Found configured .env at /data/data/ai.ciris.mobile.debug/files/ciris/.env - NOT first run
04-13 14:44:31.226 I/python.stdout( 4791): WARNING: ciris_engine.logic.runtime.startup_logging: [SERVICES] === FULL-STARTUP PHASE ===
04-13 14:44:31.226 I/python.stdout( 4791): [SERVICES] === FULL-STARTUP PHASE ===
04-13 14:44:31.227 I/python.stdout( 4791): INFO: ciris_engine.services.TimeService: TimeService started successfully
04-13 14:44:31.227 I/python.stdout( 4791): WARNING: ciris_engine.logic.runtime.startup_logging: [FULL-STARTUP] [SERVICE 1/22] TimeService STARTED
04-13 14:44:31.227 I/python.stdout( 4791): [FULL-STARTUP] [SERVICE 1/22] TimeService STARTED
04-13 14:44:31.228 I/python.stdout( 4791): INFO: ciris_engine.services.ShutdownService: ShutdownService started successfully
04-13 14:44:31.228 I/python.stdout( 4791): WARNING: ciris_engine.logic.runtime.startup_logging: [FULL-STARTUP] [SERVICE 2/22] ShutdownService STARTED
04-13 14:44:31.229 I/python.stdout( 4791): [FULL-STARTUP] [SERVICE 2/22] ShutdownService STARTED
04-13 14:44:31.229 I/python.stdout( 4791): INFO: ciris_engine.services.InitializationService: InitializationService started successfully
04-13 14:44:31.230 I/python.stdout( 4791): WARNING: ciris_engine.logic.runtime.startup_logging: [FULL-STARTUP] [SERVICE 3/22] InitializationService STARTED
04-13 14:44:31.230 I/python.stdout( 4791): [FULL-STARTUP] [SERVICE 3/22] InitializationService STARTED
04-13 14:44:31.276 I/python.stdout( 4791): INFO: ciris_engine.logic.runtime.service_initializer: Using CIRISBillingProvider with JWT auth (CIRIS LLM proxy)
04-13 14:44:31.484 I/python.stdout( 4791): INFO: ciris_engine.logic.services.infrastructure.resource_monitor.ciris_billing_provider: [BILLING_PROVIDER] Started:
04-13 14:44:31.484 I/python.stdout( 4791):   base_url: https://billing1.ciris-services-1.ai
04-13 14:44:31.484 I/python.stdout( 4791):   auth_mode: JWT (Google ID token)
04-13 14:44:31.484 I/python.stdout( 4791):   token_length: 1096 chars
04-13 14:44:31.484 I/python.stdout( 4791):   has_refresh_callback: False
04-13 14:44:31.484 I/python.stdout( 4791):   cache_ttl: 15s
04-13 14:44:31.484 I/python.stdout( 4791):   fail_open: False
04-13 14:44:31.485 I/python.stdout( 4791): INFO: ciris_engine.services.ResourceMonitorService: ResourceMonitorService: Started scheduled task with interval 1.0s
04-13 14:44:31.485 I/python.stdout( 4791): INFO: ciris_engine.services.ResourceMonitorService: ResourceMonitorService started successfully
04-13 14:44:31.485 I/python.stdout( 4791): WARNING: ciris_engine.logic.runtime.startup_logging: [FULL-STARTUP] [SERVICE 4/22] ResourceMonitor STARTED
04-13 14:44:31.486 I/python.stdout( 4791): [FULL-STARTUP] [SERVICE 4/22] ResourceMonitor STARTED
04-13 14:44:31.486 I/python.stdout( 4791): INFO: ciris_engine.logic.runtime.ciris_runtime: [initialize] Infrastructure services initialized
04-13 14:44:31.486 I/python.stdout( 4791): INFO: ciris_engine.logic.runtime.ciris_runtime: [initialize] Got initialization service: <ciris_engine.logic.services.lifecycle.initialization.service.InitializationService object at 0xbc752958>
04-13 14:44:31.487 I/python.stdout( 4791): INFO: ciris_engine.logic.runtime.ciris_runtime: [initialize] Registering initialization steps...
04-13 14:44:31.488 I/python.stdout( 4791): INFO: ciris_engine.logic.runtime.ciris_runtime: [initialize] Steps registered
04-13 14:44:31.488 I/python.stdout( 4791): INFO: ciris_engine.logic.runtime.ciris_runtime: [initialize] Running initialization sequence...
04-13 14:44:31.488 I/python.stdout( 4791): INFO: ciris_engine.logic.services.lifecycle.initialization.service: ============================================================
04-13 14:44:31.489 I/python.stdout( 4791): INFO: ciris_engine.logic.services.lifecycle.initialization.service: CIRIS Agent Initialization Sequence Starting
04-13 14:44:31.489 I/python.stdout( 4791): INFO: ciris_engine.logic.services.lifecycle.initialization.service: ============================================================
04-13 14:44:31.489 I/python.stdout( 4791): INFO: ciris_engine.logic.services.lifecycle.initialization.service: [InitializationService] Registered 13 steps across 8 phases
04-13 14:44:31.489 I/python.stdout( 4791): INFO: ciris_engine.logic.services.lifecycle.initialization.service: [InitializationService] Executing phase infrastructure with 1 steps
04-13 14:44:31.490 I/python.stdout( 4791): INFO: ciris_engine.logic.services.lifecycle.initialization.service: ------------------------------------------------------------
04-13 14:44:31.490 I/python.stdout( 4791): INFO: ciris_engine.logic.services.lifecycle.initialization.service: Phase: INFRASTRUCTURE
04-13 14:44:31.490 I/python.stdout( 4791): INFO: ciris_engine.logic.services.lifecycle.initialization.service: ------------------------------------------------------------
04-13 14:44:31.491 I/python.stdout( 4791): INFO: ciris_engine.logic.services.lifecycle.initialization.service: → Initialize Infrastructure Services...
04-13 14:44:31.567 I/python.stdout( 4791): 
04-13 14:44:31.567 I/python.stdout( 4791): ================================================================================
04-13 14:44:31.567 I/python.stdout( 4791): 🔍 LOGGING INITIALIZED - SEE DETAILED LOGS AT: /data/data/ai.ciris.mobile.debug/files/ciris/logs/ciris_agent_20260413_194431.log
04-13 14:44:31.568 I/python.stdout( 4791): 🔗 Symlinked to: /data/data/ai.ciris.mobile.debug/files/ciris/logs/latest.log
04-13 14:44:31.568 I/python.stdout( 4791): ⚠️  Incident capture: /data/data/ai.ciris.mobile.debug/files/ciris/logs/incidents_latest.log (WARNING/ERROR messages captured as incidents)
04-13 14:44:31.568 I/python.stdout( 4791): ================================================================================
04-13 14:44:31.568 I/python.stdout( 4791): 
04-13 14:44:31.654 I/python.stdout( 4791): [FULL-STARTUP] [SERVICE 5/22] SecretsService STARTED
04-13 14:44:31.663 I/python.stdout( 4791): [FULL-STARTUP] [SERVICE 22/22] SecretsToolService STARTED
04-13 14:44:31.689 I/python.stdout( 4791): [FULL-STARTUP] [SERVICE 6/22] MemoryService STARTED
04-13 14:44:31.692 I/python.stdout( 4791): [FULL-STARTUP] [SERVICE 7/22] ConfigService STARTED
04-13 14:44:37.117 I/python.stdout( 4791): [FULL-STARTUP] [SERVICE 15/22] AuthenticationService STARTED
04-13 14:44:37.176 I/python.stdout( 4791): [FULL-STARTUP] [SERVICE 13/22] WiseAuthority STARTED
04-13 14:44:37.279 I/python.stdout( 4791): [SERVICES] === RESUME (12 remaining services) PHASE ===
04-13 14:44:37.305 I/python.stdout( 4791): [RESUME (12 remaining services)] [SERVICE 9/22] TelemetryService STARTED
04-13 14:44:37.530 I/python.stdout( 4791): [RESUME (12 remaining services)] [SERVICE 14/22] LLMService STARTED
04-13 14:44:38.781 I/python.stdout( 4791): VERIFY Unified attestation complete, valid=false, level=1, level_pending=true, checks_passed=4, checks_total=5
04-13 14:44:39.345 I/python.stdout( 4791): [RESUME (12 remaining services)] [SERVICE 8/22] AuditService STARTED
04-13 14:44:39.399 I/python.stdout( 4791): [RESUME (12 remaining services)] [SERVICE 10/22] IncidentManagement STARTED
04-13 14:44:39.465 I/python.stdout( 4791): [RESUME (12 remaining services)] [SERVICE 19/22] AdaptiveFilter STARTED
04-13 14:44:39.487 I/python.stdout( 4791): [RESUME (12 remaining services)] [SERVICE 18/22] TaskScheduler STARTED
04-13 14:44:40.271 I/python.stdout( 4791): [RESUME (12 remaining services)] [SERVICE 11/22] TSDBConsolidation STARTED
04-13 14:44:40.276 I/python.stdout( 4791): [RESUME (12 remaining services)] [SERVICE 16/22] DatabaseMaintenance STARTED
04-13 14:44:40.600 I/python.stdout( 4791): [RESUME (12 remaining services)] [SERVICE 21/22] SelfObservation STARTED
04-13 14:44:40.608 I/python.stdout( 4791): [RESUME (12 remaining services)] [SERVICE 20/22] VisibilityService STARTED
04-13 14:44:40.611 I/python.stdout( 4791): [RESUME (12 remaining services)] [SERVICE 12/22] ConsentService STARTED
04-13 14:44:40.651 I/python.stdout( 4791): [RESUME (12 remaining services)] [SERVICE 17/22] RuntimeControl STARTED
04-13 14:44:40.849 I/python.stdout( 4791): [CONSOLIDATOR] Checking for missed windows...
04-13 14:44:41.019 W/python.stderr( 4791): /data/data/ai.ciris.mobile.debug/files/chaquopy/AssetFinder/requirements/pydantic/_internal/_config.py:291: PydanticDeprecatedSince20: Support for class-based `config` is deprecated, use ConfigDict instead. Deprecated in Pydantic V2.0 to be removed in V3.0. See Pydantic V2 Migration Guide at https://errors.pydantic.dev/2.9/migration/
04-13 14:44:44.443 I/python.stdout( 4791): [STARTUP] Checking port 8080 availability...
04-13 14:44:44.444 I/python.stdout( 4791): [STARTUP] Binding to port 8080...
04-13 14:44:44.461 I/python.stdout( 4791): [STARTUP] Starting server...
04-13 14:44:44.620 I/python.stdout( 4791): Starting CIRIS API...
04-13 14:44:45.463 I/python.stdout( 4791): [STARTUP] API server listening on port 8080
04-13 14:44:45.464 I/python.stdout( 4791): [STARTUP] Server ready for connections
04-13 14:44:52.245 I/python.stdout( 4791): [14:44:52.244] [STATE] Transition: shutdown -> work
04-13 14:44:58.352 W/chromium(30459): [WARNING:render_widget_host_view_android.cc(1070)] SBRTOUCHLOG  OnTouchEvent, Action::DOWN
04-13 14:44:58.357 I/chromium(30459): [INFO:render_widget_host_input_event_router.cc(861)] SBRTOUCHLOG Set Touch sequence target view: 0xc68caa00
04-13 14:44:58.358 W/chromium(30459): [WARNING:input_router_impl.cc(529)] SBRTOUCHLOG FilterAndSendWebInputEvent, kTouchStart
04-13 14:44:58.366 I/chromium(30664): [INFO:web_frame_widget_impl.cc(2748)] SBRTOUCHLOG Blink HandleInputEvent event received = PointerDown
04-13 14:44:58.374 I/chromium(30664): [INFO:layer_tree_host_impl.cc(332)] SBRTOUCHLOG LayerTreeHostImpl::ScrollBegin defer_commit =  0
04-13 14:44:58.378 I/chromium(30664): [INFO:layer_tree_host_impl.cc(303)] SBRTOUCHLOG LayerTreeHostImpl::ScrollBy delta_y = -60.446
04-13 14:44:58.388 I/chromium(30664): [INFO:web_frame_widget_impl.cc(2748)] SBRTOUCHLOG Blink HandleInputEvent event received = PointerMove
04-13 14:44:58.388 I/chromium(30664): [INFO:web_frame_widget_impl.cc(2748)] SBRTOUCHLOG Blink HandleInputEvent event received = GestureTapDown
04-13 14:44:58.390 I/chromium(30664): [INFO:web_frame_widget_impl.cc(2748)] SBRTOUCHLOG Blink HandleInputEvent event received = GestureTapCancel
04-13 14:44:58.395 I/chromium(30664): [INFO:web_frame_widget_impl.cc(2748)] SBRTOUCHLOG Blink HandleInputEvent event received = PointerCausedUaAction
04-13 14:44:58.396 I/chromium(30664): [INFO:web_frame_widget_impl.cc(2748)] SBRTOUCHLOG Blink HandleInputEvent event received = PointerMove
04-13 14:44:58.441 I/chromium(30664): [INFO:web_frame_widget_impl.cc(2748)] SBRTOUCHLOG Blink HandleInputEvent event received = PointerMove
04-13 14:44:58.442 I/chromium(30664): [INFO:web_frame_widget_impl.cc(2748)] SBRTOUCHLOG Blink HandleInputEvent event received = PointerUp
04-13 14:44:58.452 W/chromium(30459): [WARNING:window_android.cc(109)] TAB-STATUS observer added
04-13 14:44:58.453 I/chromium(30459): [INFO:render_widget_host_view_android.cc(1988)] Ignore GestureEventAck for kGestureFlingStart as Fling is already stopped
04-13 14:44:58.457 I/chromium(30664): [INFO:layer_tree_host_impl.cc(344)] SBRTOUCHLOG LayerTreeHostImpl::ScrollEnd
04-13 14:44:58.676 I/chromium(30459): [INFO:navigation_controller_impl.cc(2941)] LoaderLog NavigateToPendingEntry pending_entry_index = 0 last_committed_entry_index = 0
04-13 14:44:58.688 I/chromium(30459): [INFO:tin_six_tab_helper.cc(621)] ActivateTabAt 0,14
04-13 14:44:58.761 I/chromium(30459): [INFO:tin_six_tab_helper.cc(621)] ActivateTabAt 0,14
04-13 14:44:58.763 I/chromium(30664): [INFO:render_frame_impl.cc(2979)] LoaderLog  CommitFailedNavigation  reason = -105
04-13 14:44:58.766 I/chromium(30664): [INFO:layer_tree_host_impl.cc(4001)] SBRTOUCHLOG SetDeferCommitFlagForDebug = 1
04-13 14:44:58.804 I/chromium(30664): [INFO:render_frame_impl.cc(3805)] LoaderLog didCommitProvisionalLoad
04-13 14:44:58.819 I/chromium(30664): [INFO:layer_tree_host_impl.cc(4001)] SBRTOUCHLOG SetDeferCommitFlagForDebug = 0
04-13 14:44:58.871 I/chromium(30664): [INFO:progress_tracker.cc(112)] LoaderLog  FinishedParsing
04-13 14:44:58.877 I/chromium(30664): [INFO:render_frame_impl.cc(4027)] LoaderLog didFinishLoad
04-13 14:44:58.878 I/chromium(30664): [INFO:frame_loader.cc(402)] LoaderLog Completed totalBytes = 40008
04-13 14:44:58.878 I/chromium(30664): [INFO:render_frame_impl.cc(5114)] LoaderLog didStopLoading
04-13 14:44:58.879 I/chromium(30459): [INFO:web_contents_impl.cc(6549)] LoaderLog  progress completed
04-13 14:44:58.917 I/chromium(30459): [INFO:tin_six_tab_helper.cc(621)] ActivateTabAt 0,14
04-13 14:45:01.395 I/chromium(30459): [INFO:render_process_host_impl.cc(4491)] [Renderer][Exit] ChildProcessLauncher::OnChildProcessDied called through JNI pid = 4900, renderer_id =0
04-13 14:45:31.864 W/chromium(30459): [WARNING:render_widget_host_view_android.cc(1070)] SBRTOUCHLOG  OnTouchEvent, Action::DOWN
04-13 14:45:31.864 I/chromium(30459): [INFO:render_widget_host_input_event_router.cc(861)] SBRTOUCHLOG Set Touch sequence target view: 0xc68caa00
04-13 14:45:31.864 W/chromium(30459): [WARNING:input_router_impl.cc(529)] SBRTOUCHLOG FilterAndSendWebInputEvent, kTouchStart
04-13 14:45:31.866 I/chromium(30664): [INFO:web_frame_widget_impl.cc(2748)] SBRTOUCHLOG Blink HandleInputEvent event received = PointerDown
04-13 14:45:31.867 I/chromium(30664): [INFO:web_frame_widget_impl.cc(2748)] SBRTOUCHLOG Blink HandleInputEvent event received = GestureTapDown
04-13 14:45:31.878 I/chromium(30664): [INFO:web_frame_widget_impl.cc(2748)] SBRTOUCHLOG Blink HandleInputEvent event received = PointerMove
04-13 14:45:31.878 I/chromium(30664): [INFO:layer_tree_host_impl.cc(332)] SBRTOUCHLOG LayerTreeHostImpl::ScrollBegin defer_commit =  0
04-13 14:45:31.878 I/chromium(30664): [INFO:web_frame_widget_impl.cc(2748)] SBRTOUCHLOG Blink HandleInputEvent event received = GestureTapCancel
04-13 14:45:31.879 I/chromium(30664): [INFO:layer_tree_host_impl.cc(303)] SBRTOUCHLOG LayerTreeHostImpl::ScrollBy delta_y = -64.1827
04-13 14:45:31.879 I/chromium(30664): [INFO:web_frame_widget_impl.cc(2748)] SBRTOUCHLOG Blink HandleInputEvent event received = PointerCausedUaAction
04-13 14:45:31.900 I/chromium(30664): [INFO:web_frame_widget_impl.cc(2748)] SBRTOUCHLOG Blink HandleInputEvent event received = PointerMove
04-13 14:45:31.934 I/chromium(30664): [INFO:web_frame_widget_impl.cc(2748)] SBRTOUCHLOG Blink HandleInputEvent event received = PointerMove
04-13 14:45:31.934 I/chromium(30664): [INFO:web_frame_widget_impl.cc(2748)] SBRTOUCHLOG Blink HandleInputEvent event received = PointerUp
04-13 14:45:31.937 W/chromium(30459): [WARNING:window_android.cc(123)] TAB-STATUS observer removed
04-13 14:45:31.939 W/chromium(30459): [WARNING:window_android.cc(109)] TAB-STATUS observer added
04-13 14:45:31.939 I/chromium(30459): [INFO:render_widget_host_view_android.cc(1988)] Ignore GestureEventAck for kGestureFlingStart as Fling is already stopped
04-13 14:45:31.950 I/chromium(30664): [INFO:layer_tree_host_impl.cc(344)] SBRTOUCHLOG LayerTreeHostImpl::ScrollEnd
04-13 14:45:32.175 I/chromium(30459): [INFO:navigation_controller_impl.cc(2941)] LoaderLog NavigateToPendingEntry pending_entry_index = 0 last_committed_entry_index = 0
04-13 14:45:32.187 I/chromium(30459): [INFO:tin_six_tab_helper.cc(621)] ActivateTabAt 0,14
04-13 14:45:32.264 I/chromium(30459): [INFO:tin_six_tab_helper.cc(621)] ActivateTabAt 0,14
04-13 14:45:32.266 I/chromium(30664): [INFO:render_frame_impl.cc(2979)] LoaderLog  CommitFailedNavigation  reason = -105
04-13 14:45:32.269 I/chromium(30664): [INFO:layer_tree_host_impl.cc(4001)] SBRTOUCHLOG SetDeferCommitFlagForDebug = 1
04-13 14:45:32.288 I/chromium(30664): [INFO:render_frame_impl.cc(3805)] LoaderLog didCommitProvisionalLoad
04-13 14:45:32.300 I/chromium(30664): [INFO:layer_tree_host_impl.cc(4001)] SBRTOUCHLOG SetDeferCommitFlagForDebug = 0
04-13 14:45:32.346 I/chromium(30664): [INFO:progress_tracker.cc(112)] LoaderLog  FinishedParsing
04-13 14:45:32.349 I/chromium(30664): [INFO:render_frame_impl.cc(4027)] LoaderLog didFinishLoad
04-13 14:45:32.351 I/chromium(30664): [INFO:frame_loader.cc(402)] LoaderLog Completed totalBytes = 40008
04-13 14:45:32.351 I/chromium(30664): [INFO:render_frame_impl.cc(5114)] LoaderLog didStopLoading
04-13 14:45:32.353 I/chromium(30459): [INFO:web_contents_impl.cc(6549)] LoaderLog  progress completed
04-13 14:45:32.392 I/chromium(30459): [INFO:tin_six_tab_helper.cc(621)] ActivateTabAt 0,14
04-13 14:45:34.916 I/chromium(30459): [INFO:render_process_host_impl.cc(4491)] [Renderer][Exit] ChildProcessLauncher::OnChildProcessDied called through JNI pid = 4939, renderer_id =0
04-13 14:45:53.794 I/chromium(30664): [INFO:frame_loader.cc(274)] LoaderLog  SetDefersLoading  DeferType = 0
04-13 14:46:32.321 I/chromium(30459): [INFO:net_error_auto_reloader.cc(289)] LoaderLog  Auto-Reload  4
04-13 14:46:32.340 I/chromium(30459): [INFO:tin_six_tab_helper.cc(621)] ActivateTabAt 0,14
04-13 14:46:32.480 I/chromium(30459): [INFO:tin_six_tab_helper.cc(621)] ActivateTabAt 0,14
04-13 14:46:35.117 I/chromium(30459): [INFO:render_process_host_impl.cc(4491)] [Renderer][Exit] ChildProcessLauncher::OnChildProcessDied called through JNI pid = 5098, renderer_id =0
--------- beginning of system
04-13 14:47:11.398 W/chromium(30459): [WARNING:window_android.cc(123)] TAB-STATUS observer removed
04-13 14:47:11.400 I/chromium(30664): [INFO:layer_tree_host_impl.cc(198)] SBRTOUCHLOG DidVisibilityChange = 0
04-13 14:47:11.562 I/chromium(30459): [INFO:layer_tree_host_impl.cc(198)] SBRTOUCHLOG DidVisibilityChange = 0
04-13 14:47:13.098 I/chromium(30459): [INFO:render_widget_host_impl.cc(843)] SBRTOUCHLOG  RenderWidgetHostImpl::WasShown
04-13 14:47:13.098 I/chromium(30459): [INFO:render_widget_host_impl.cc(845)] SBRTOUCHLOG  ClearDisplayedGraphics was called
04-13 14:47:13.099 W/chromium(30459): [WARNING:window_android.cc(109)] TAB-STATUS observer added
04-13 14:47:13.099 I/chromium(30664): [INFO:layer_tree_host_impl.cc(198)] SBRTOUCHLOG DidVisibilityChange = 1
04-13 14:47:13.100 I/chromium(30459): [INFO:ui_resource_layer_manager.cc(290)] CC-HideUrlbar: EnableUIResourceLayer LayerType: 0 Drawable true
04-13 14:47:13.103 I/chromium(30459): [INFO:ui_resource_layer_manager.cc(290)] CC-HideUrlbar: EnableUIResourceLayer LayerType: 1 Drawable true
04-13 14:47:13.152 I/chromium(30459): [INFO:tin_six_tab_helper.cc(84)] OnCurrentTabChanged 0,14
04-13 14:47:13.152 I/chromium(30459): [INFO:tin_six_tab_helper.cc(640)] ForceActivateTabAt 0,14
04-13 14:47:13.172 I/chromium(30459): [INFO:layer_tree_host_impl.cc(198)] SBRTOUCHLOG DidVisibilityChange = 1
04-13 14:47:13.185 I/chromium(30459): [INFO:browser_gpu_channel_host_factory.cc(364)] EstablishGpuChannel: establishing gpu_channel
04-13 14:47:13.191 I/chromium(30459): [INFO:browser_gpu_channel_host_factory.cc(391)] EstablishGpuChannel: gpu_channel_ exists run callback 0xc690f900
04-13 14:47:13.205 I/chromium(30459): [INFO:tin_six_tab_helper.cc(84)] OnCurrentTabChanged 0,14
04-13 14:47:13.205 I/chromium(30459): [INFO:tin_six_tab_helper.cc(640)] ForceActivateTabAt 0,14
04-13 14:47:13.206 I/chromium(30459): [INFO:tin_six_tab_helper.cc(84)] OnCurrentTabChanged 0,14
04-13 14:47:13.206 I/chromium(30459): [INFO:tin_six_tab_helper.cc(640)] ForceActivateTabAt 0,14
04-13 14:47:38.426 I/chromium(30459): [INFO:tin_six_tab_helper.cc(621)] ActivateTabAt 0,14
04-13 14:47:38.521 I/chromium(30459): [INFO:tin_six_tab_helper.cc(621)] ActivateTabAt 0,14
04-13 14:47:38.523 I/chromium(30664): [INFO:render_frame_impl.cc(2979)] LoaderLog  CommitFailedNavigation  reason = -105
04-13 14:47:38.526 I/chromium(30664): [INFO:layer_tree_host_impl.cc(4001)] SBRTOUCHLOG SetDeferCommitFlagForDebug = 1
04-13 14:47:38.527 I/chromium(30459): [INFO:render_process_host_impl.cc(4491)] [Renderer][Exit] ChildProcessLauncher::OnChildProcessDied called through JNI pid = 5269, renderer_id =0
04-13 14:47:38.560 I/chromium(30664): [INFO:render_frame_impl.cc(3805)] LoaderLog didCommitProvisionalLoad
04-13 14:47:38.573 I/chromium(30664): [INFO:layer_tree_host_impl.cc(4001)] SBRTOUCHLOG SetDeferCommitFlagForDebug = 0
04-13 14:47:38.601 I/chromium(30664): [INFO:progress_tracker.cc(112)] LoaderLog  FinishedParsing
04-13 14:47:38.604 I/chromium(30664): [INFO:render_frame_impl.cc(4027)] LoaderLog didFinishLoad
04-13 14:47:38.605 I/chromium(30664): [INFO:frame_loader.cc(402)] LoaderLog Completed totalBytes = 40008
04-13 14:47:38.605 I/chromium(30664): [INFO:render_frame_impl.cc(5114)] LoaderLog didStopLoading
04-13 14:47:38.616 I/chromium(30459): [INFO:web_contents_impl.cc(6549)] LoaderLog  progress completed
04-13 14:47:38.657 I/chromium(30459): [INFO:tin_six_tab_helper.cc(621)] ActivateTabAt 0,14
04-13 14:47:40.001 W/chromium(30459): [WARNING:render_widget_host_view_android.cc(1070)] SBRTOUCHLOG  OnTouchEvent, Action::DOWN
04-13 14:47:40.002 I/chromium(30459): [INFO:render_widget_host_input_event_router.cc(861)] SBRTOUCHLOG Set Touch sequence target view: 0xc68caa00
04-13 14:47:40.002 W/chromium(30459): [WARNING:input_router_impl.cc(529)] SBRTOUCHLOG FilterAndSendWebInputEvent, kTouchStart
04-13 14:47:40.003 I/chromium(30664): [INFO:web_frame_widget_impl.cc(2748)] SBRTOUCHLOG Blink HandleInputEvent event received = PointerDown
04-13 14:47:40.005 I/chromium(30664): [INFO:web_frame_widget_impl.cc(2748)] SBRTOUCHLOG Blink HandleInputEvent event received = GestureTapDown
04-13 14:47:40.017 I/chromium(30664): [INFO:web_frame_widget_impl.cc(2748)] SBRTOUCHLOG Blink HandleInputEvent event received = PointerMove
04-13 14:47:40.021 I/chromium(30664): [INFO:web_frame_widget_impl.cc(2748)] SBRTOUCHLOG Blink HandleInputEvent event received = PointerMove
