04-10 15:22:47.986 W/chromium(31518): [WARNING:content/app/android/content_main_android.cc:82] android_setCpu already initialized
04-10 15:22:48.034 W/chromium(31543): [WARNING:content/app/android/content_main_android.cc:82] android_setCpu already initialized
04-10 15:22:48.082 W/chromium(31411): [WARNING:net/cert/ev_root_ca_metadata.cc:118] Not implemented
04-10 15:22:48.123 W/chromium(31411): [WARNING:net/cert/ev_root_ca_metadata.cc:118] Not implemented
04-10 15:22:48.179 W/chromium(31411): [WARNING:net/cert/ev_root_ca_metadata.cc:118] Not implemented
04-10 15:22:48.272 W/chromium(31604): [WARNING:content/app/android/content_main_android.cc:82] android_setCpu already initialized
04-10 15:22:48.284 W/chromium(31603): [WARNING:content/app/android/content_main_android.cc:82] android_setCpu already initialized
04-10 15:22:48.395 W/chromium(31411): [WARNING:chrome/browser/android/compositor/compositor_view.cc:385] Child process died (type=6) pid=31603)
04-10 15:22:48.460 W/chromium(31645): [WARNING:content/app/android/content_main_android.cc:82] android_setCpu already initialized
04-10 15:22:48.477 W/chromium(31411): [WARNING:chrome/browser/android/compositor/compositor_view.cc:385] Child process died (type=6) pid=31604)
04-10 15:22:48.531 W/chromium(31662): [WARNING:content/app/android/content_main_android.cc:82] android_setCpu already initialized
04-10 15:22:48.543 W/chromium(31411): [WARNING:chrome/browser/android/compositor/compositor_view.cc:385] Child process died (type=6) pid=31645)
04-10 15:22:48.615 W/chromium(31411): [WARNING:chrome/browser/android/compositor/compositor_view.cc:385] Child process died (type=6) pid=31662)
04-10 15:22:48.629 W/chromium(31411): [WARNING:net/cert/ev_root_ca_metadata.cc:118] Not implemented
04-10 15:22:48.691 W/chromium(31411): [WARNING:net/cert/ev_root_ca_metadata.cc:118] Not implemented
04-10 15:22:48.836 W/chromium(31680): [WARNING:content/app/android/content_main_android.cc:82] android_setCpu already initialized
04-10 15:22:49.344 W/chromium(31482): [WARNING:components/viz/service/frame_sinks/compositor_frame_sink_support.cc:1763] Surface SurfaceId(FrameSinkId(3, 3), LocalSurfaceId(9, 1, 0551...)) is destroyed while there is an outstanding CopyOutputRequest specificc for it.
04-10 15:22:49.655 W/chromium(31411): [WARNING:net/cert/ev_root_ca_metadata.cc:118] Not implemented
04-10 15:22:49.659 W/chromium(31411): [WARNING:net/cert/ev_root_ca_metadata.cc:118] Not implemented
04-10 15:22:49.689 W/chromium(31411): [WARNING:net/cert/ev_root_ca_metadata.cc:118] Not implemented
04-10 15:22:49.718 W/chromium(31411): [WARNING:net/cert/ev_root_ca_metadata.cc:118] Not implemented
04-10 15:22:50.444 W/chromium(31411): [WARNING:chrome/browser/android/compositor/compositor_view.cc:385] Child process died (type=6) pid=31518)
04-10 15:22:50.597 W/chromium(31411): [WARNING:net/cert/ev_root_ca_metadata.cc:118] Not implemented
04-10 15:22:51.083 W/chromium(31411): [WARNING:net/cert/ev_root_ca_metadata.cc:118] Not implemented
04-10 15:22:57.991 W/chromium(31411): [WARNING:net/cert/ev_root_ca_metadata.cc:118] Not implemented
04-10 15:22:58.056 W/chromium(31411): [WARNING:net/cert/ev_root_ca_metadata.cc:118] Not implemented
04-10 15:23:47.662 I/WebViewFactory(31977): Loading com.google.android.webview version 146.0.7680.177 (code 768017703)
04-10 15:24:06.734 I/chromium(32283): [INFO:components/enterprise/browser/controller/chrome_browser_cloud_management_controller.cc:302] Deferring CBCM Controller Initialization until it is unblocked.
04-10 15:24:06.769 W/chromium(32283): [WARNING:components/gcm_driver/instance_id/instance_id_android.cc:101] Non-zero TTL requested for InstanceID token, while TTLs are not supported by Android Firebase IID API.
04-10 15:24:06.771 W/chromium(32283): [WARNING:components/gcm_driver/instance_id/instance_id_android.cc:101] Non-zero TTL requested for InstanceID token, while TTLs are not supported by Android Firebase IID API.
04-10 15:24:06.771 W/chromium(32283): [WARNING:components/gcm_driver/instance_id/instance_id_android.cc:101] Non-zero TTL requested for InstanceID token, while TTLs are not supported by Android Firebase IID API.
04-10 15:24:06.968 W/chromium(32374): [WARNING:content/app/android/content_main_android.cc:82] android_setCpu already initialized
04-10 15:24:06.980 W/chromium(32283): [WARNING:net/cert/ev_root_ca_metadata.cc:118] Not implemented
04-10 15:24:07.061 W/chromium(32283): [WARNING:net/cert/ev_root_ca_metadata.cc:118] Not implemented
04-10 15:24:07.063 W/chromium(32386): [WARNING:content/app/android/content_main_android.cc:82] android_setCpu already initialized
04-10 15:24:07.142 W/chromium(32411): [WARNING:content/app/android/content_main_android.cc:82] android_setCpu already initialized
04-10 15:24:07.178 I/chromium(32386): [INFO:third_party/skia/src/gpu/vk/VulkanPreferredFeatures.cpp:435] WARNING: VulkanPreferredFeatures::addFeaturesToQuery() was not called
04-10 15:24:07.178 I/chromium(32386): 
04-10 15:24:07.178 I/chromium(32386): [INFO:third_party/skia/src/gpu/vk/VulkanPreferredFeatures.cpp:438] WARNING: VulkanPreferredFeatures::addFeaturesToEnable() was not called
04-10 15:24:07.178 I/chromium(32386): 
04-10 15:24:07.240 W/chromium(32283): [WARNING:net/cert/ev_root_ca_metadata.cc:118] Not implemented
04-10 15:24:07.336 W/chromium(32283): [WARNING:net/cert/ev_root_ca_metadata.cc:118] Not implemented
04-10 15:24:07.444 E/chromium(32283): [ERROR:net/socket/socket_posix.cc:153] bind() failed: Address already in use (98)
04-10 15:24:07.444 E/chromium(32283): [ERROR:net/socket/unix_domain_server_socket_posix.cc:88] Could not bind unix domain socket to chrome_devtools_remote (with abstract namespace): Address already in use (98)
04-10 15:24:07.446 W/chromium(32283): [WARNING:net/cert/ev_root_ca_metadata.cc:118] Not implemented
04-10 15:24:07.501 W/chromium(32283): [WARNING:net/cert/ev_root_ca_metadata.cc:118] Not implemented
04-10 15:24:07.994 W/chromium(32283): [WARNING:net/cert/ev_root_ca_metadata.cc:118] Not implemented
04-10 15:24:08.112 W/chromium(32283): [WARNING:chrome/browser/android/compositor/compositor_view.cc:385] Child process died (type=6) pid=32411)
04-10 15:24:09.173 W/chromium(32514): [WARNING:content/app/android/content_main_android.cc:82] android_setCpu already initialized
04-10 15:24:09.186 W/chromium(32283): [WARNING:net/cert/ev_root_ca_metadata.cc:118] Not implemented
04-10 15:24:09.503 W/chromium(32546): [WARNING:content/app/android/content_main_android.cc:82] android_setCpu already initialized
04-10 15:24:10.109 W/chromium(32283): [WARNING:net/cert/ev_root_ca_metadata.cc:118] Not implemented
04-10 15:24:10.114 W/chromium(32283): [WARNING:net/cert/ev_root_ca_metadata.cc:118] Not implemented
04-10 15:24:10.138 W/chromium(32569): [WARNING:content/app/android/content_main_android.cc:82] android_setCpu already initialized
04-10 15:24:10.282 W/chromium(32283): [WARNING:net/cert/ev_root_ca_metadata.cc:118] Not implemented
04-10 15:24:12.238 W/chromium(32612): [WARNING:content/app/android/content_main_android.cc:82] android_setCpu already initialized
04-10 15:24:16.830 W/chromium(32283): [WARNING:net/cert/ev_root_ca_metadata.cc:118] Not implemented
04-10 15:24:21.884 W/chromium(32283): [WARNING:net/cert/ev_root_ca_metadata.cc:118] Not implemented
04-10 15:24:38.745 W/chromium(26356): [WARNING:android_webview/browser/network_service/net_helpers.cc:137] HTTP Cache size is: 20971520
04-10 15:24:38.747 W/chromium(26356): [WARNING:android_webview/browser/cookie_manager.cc:401] Transferring cookies from provisional CookieManager to network service. For issues with the provisional CookieManager, see crbug.com/478873476.
04-10 15:24:38.867 W/chromium(  647): [WARNING:content/app/android/content_main_android.cc:82] android_setCpu already initialized
04-10 15:24:38.890 W/chromium(  647): [WARNING:content/child/runtime_features.cc:563] Fenced frames cannot be enabled in this configuration. Use --enable-features=FencedFrames instead.
04-10 15:24:38.890 W/chromium(  647): [WARNING:content/child/runtime_features.cc:588] Topics cannot be enabled in this configuration. Use --enable-features=BrowsingTopics in addition.
04-10 15:24:38.890 W/chromium(  647): [WARNING:content/child/runtime_features.cc:609] SharedStorage cannot be enabled in this configuration. Use --enable-features=SharedStorageAPI in addition.
04-10 15:24:39.208 E/chromium(  647): [ERROR:cc/tiles/tile_manager.cc:997] WARNING: tile memory limits exceeded, some content may not draw
04-10 15:24:39.208 E/chromium(  647): [ERROR:cc/tiles/tile_manager.cc:997] WARNING: tile memory limits exceeded, some content may not draw
04-10 15:27:49.784 I/WebViewFactory( 2855): Loading com.google.android.webview version 146.0.7680.177 (code 768017703)
04-10 15:28:14.533 I/MainActivity( 3759): Initializing Python runtime...
04-10 15:28:14.693 I/MainActivity( 3759): Python runtime started
04-10 15:28:14.693 I/MainActivity( 3759): Localization resource loader initialized
04-10 15:28:14.701 I/MainActivity( 3759): Google Sign-In initialized with client ID: 265882853697-l421ndo...
04-10 15:28:14.701 I/MainActivity( 3759): Initializing Google Play Billing...
04-10 15:28:14.702 I/CIRISApiClient( 3759): [init] CIRISApiClient initialized with baseUrl=http://localhost:8080
04-10 15:28:14.705 I/MainActivity( 3759): Google Play Billing initialized
04-10 15:28:14.706 I/MainActivity( 3759): Google Play Integrity initialized (via Python API)
04-10 15:28:14.755 I/MainActivity( 3759): Showing CIRISApp immediately for startup animation
04-10 15:28:14.755 I/MainActivity( 3759): Starting PythonRuntimeService...
04-10 15:28:14.755 I/MainActivity( 3759): Running CIRIS network diagnostics...
04-10 15:28:14.755 I/MainActivity( 3759): Starting logcat reader (generation 1)
04-10 15:28:14.756 D/CIRISApp( 3759): [INIT] CIRISApp composable invoked - googleSignInCallback=PRESENT (157715954)
04-10 15:28:14.757 I/CIRISApiClient( 3759): [init] CIRISApiClient initialized with baseUrl=http://localhost:8080
04-10 15:28:14.758 I/TokenManager( 3759): [setShared] Shared TokenManager instance set
04-10 15:28:14.759 I/InteractViewModel( 3759): [init] InteractViewModel initialized (polling deferred until token available)
04-10 15:28:14.759 I/InteractViewModel( 3759): [setDeviceAttestationCallback] Device attestation callback SET
04-10 15:28:14.760 I/InteractViewModel( 3759): [observeLanguageChanges] Starting language observation for pipeline localization
04-10 15:28:14.760 I/SettingsViewModel( 3759): [loadDisplaySettings] >>> Loading live_background_enabled from secure storage...
04-10 15:28:14.761 I/BillingViewModel( 3759): [init] BillingViewModel initialized
04-10 15:28:14.781 I/CIRISApp( 3759): Test mode enabled on mobile — starting test automation server
04-10 15:28:14.782 I/CIRISApp( 3759): Initializing localization...
04-10 15:28:14.782 I/MainActivity( 3759): Setting purchase result callback
04-10 15:28:14.790 D/CIRISApp( 3759): [INIT] CIRISApp composable invoked - googleSignInCallback=PRESENT (157715954)
04-10 15:28:14.791 I/InteractViewModel( 3759): [setDeviceAttestationCallback] Device attestation callback SET
04-10 15:28:14.799 D/CIRISApp( 3759): [INIT] CIRISApp composable invoked - googleSignInCallback=PRESENT (157715954)
04-10 15:28:14.799 I/InteractViewModel( 3759): [setDeviceAttestationCallback] Device attestation callback SET
04-10 15:28:14.814 I/SettingsViewModel( 3759): [loadDisplaySettings] >>> Raw value='null', parsed=true
04-10 15:28:14.814 I/SettingsViewModel( 3759): [loadDisplaySettings] >>> Live background state set to: true
04-10 15:28:14.820 I/SettingsViewModel( 3759): [loadDisplaySettings] >>> Color theme loaded: VAPOR
04-10 15:28:14.822 I/InteractViewModel( 3759): [observeLanguageChanges] Updating pipeline labels for language: en (explicit=true)
04-10 15:28:14.822 I/CIRISApp( 3759): Initializing currency...
04-10 15:28:14.822 I/SettingsViewModel( 3759): [loadDisplaySettings] >>> Brightness preference loaded: SYSTEM
04-10 15:28:14.844 E/CIRISApiClient( 3759): [getSystemStatus] Exception: ConnectException: Failed to connect to localhost/127.0.0.1:8080 | Context: url=http://localhost:8080
04-10 15:28:14.844 E/CIRISApiClient( 3759): java.net.ConnectException: Failed to connect to localhost/127.0.0.1:8080
04-10 15:28:14.844 E/CIRISApiClient( 3759): 	at okhttp3.internal.connection.RealConnection.connectSocket(RealConnection.kt:297)
04-10 15:28:14.844 E/CIRISApiClient( 3759): 	at okhttp3.internal.connection.RealConnection.connect(RealConnection.kt:207)
04-10 15:28:14.844 E/CIRISApiClient( 3759): 	at okhttp3.internal.connection.ExchangeFinder.findConnection(ExchangeFinder.kt:226)
04-10 15:28:14.844 E/CIRISApiClient( 3759): 	at okhttp3.internal.connection.ExchangeFinder.findHealthyConnection(ExchangeFinder.kt:106)
04-10 15:28:14.844 E/CIRISApiClient( 3759): 	at okhttp3.internal.connection.ExchangeFinder.find(ExchangeFinder.kt:74)
04-10 15:28:14.844 E/CIRISApiClient( 3759): 	at okhttp3.internal.connection.RealCall.initExchange$okhttp(RealCall.kt:255)
04-10 15:28:14.844 E/CIRISApiClient( 3759): 	at okhttp3.internal.connection.ConnectInterceptor.intercept(ConnectInterceptor.kt:32)
04-10 15:28:14.844 E/CIRISApiClient( 3759): 	at okhttp3.internal.http.RealInterceptorChain.proceed(RealInterceptorChain.kt:109)
04-10 15:28:14.844 E/CIRISApiClient( 3759): 	at okhttp3.internal.cache.CacheInterceptor.intercept(CacheInterceptor.kt:95)
04-10 15:28:14.844 E/CIRISApiClient( 3759): 	at okhttp3.internal.http.RealInterceptorChain.proceed(RealInterceptorChain.kt:109)
04-10 15:28:14.844 E/CIRISApiClient( 3759): 	at okhttp3.internal.http.BridgeInterceptor.intercept(BridgeInterceptor.kt:83)
04-10 15:28:14.844 E/CIRISApiClient( 3759): 	at okhttp3.internal.http.RealInterceptorChain.proceed(RealInterceptorChain.kt:109)
04-10 15:28:14.844 E/CIRISApiClient( 3759): 	at okhttp3.internal.http.RetryAndFollowUpInterceptor.intercept(RetryAndFollowUpInterceptor.kt:76)
04-10 15:28:14.844 E/CIRISApiClient( 3759): 	at okhttp3.internal.http.RealInterceptorChain.proceed(RealInterceptorChain.kt:109)
04-10 15:28:14.844 E/CIRISApiClient( 3759): 	at okhttp3.internal.connection.RealCall.getResponseWithInterceptorChain$okhttp(RealCall.kt:201)
04-10 15:28:14.844 E/CIRISApiClient( 3759): 	at okhttp3.internal.connection.RealCall$AsyncCall.run(RealCall.kt:517)
04-10 15:28:14.844 E/CIRISApiClient( 3759): 	at java.util.concurrent.ThreadPoolExecutor.runWorker(ThreadPoolExecutor.java:1154)
04-10 15:28:14.844 E/CIRISApiClient( 3759): 	at java.util.concurrent.ThreadPoolExecutor$Worker.run(ThreadPoolExecutor.java:652)
04-10 15:28:14.844 E/CIRISApiClient( 3759): 	at java.lang.Thread.run(Thread.java:1564)
04-10 15:28:14.844 E/CIRISApiClient( 3759): Caused by: java.net.ConnectException: failed to connect to localhost/127.0.0.1 (port 8080) from /127.0.0.1 (port 34650) after 5000ms: isConnected failed: ECONNREFUSED (Connection refused)
04-10 15:28:14.844 E/CIRISApiClient( 3759): 	at libcore.io.IoBridge.isConnected(IoBridge.java:347)
04-10 15:28:14.844 E/CIRISApiClient( 3759): 	at libcore.io.IoBridge.connectErrno(IoBridge.java:237)
04-10 15:28:14.844 E/CIRISApiClient( 3759): 	at libcore.io.IoBridge.connect(IoBridge.java:179)
04-10 15:28:14.844 E/CIRISApiClient( 3759): 	at java.net.PlainSocketImpl.socketConnect(PlainSocketImpl.java:142)
04-10 15:28:14.844 E/CIRISApiClient( 3759): 	at java.net.AbstractPlainSocketImpl.doConnect(AbstractPlainSocketImpl.java:390)
04-10 15:28:14.844 E/CIRISApiClient( 3759): 	at java.net.AbstractPlainSocketImpl.connectToAddress(AbstractPlainSocketImpl.java:230)
04-10 15:28:14.844 E/CIRISApiClient( 3759): 	at java.net.AbstractPlainSocketImpl.connect(AbstractPlainSocketImpl.java:212)
04-10 15:28:14.844 E/CIRISApiClient( 3759): 	at java.net.SocksSocketImpl.connect(SocksSocketImpl.java:436)
04-10 15:28:14.844 E/CIRISApiClient( 3759): 	at java.net.Socket.connect(Socket.java:646)
04-10 15:28:14.844 E/CIRISApiClient( 3759): 	at okhttp3.internal.platform.Platform.connectSocket(Platform.kt:128)
04-10 15:28:14.844 E/CIRISApiClient( 3759): 	at okhttp3.internal.connection.RealConnection.connectSocket(RealConnection.kt:295)
04-10 15:28:14.844 E/CIRISApiClient( 3759): 	... 18 more
04-10 15:28:14.844 E/CIRISApiClient( 3759): Caused by: android.system.ErrnoException: isConnected failed: ECONNREFUSED (Connection refused)
04-10 15:28:14.844 E/CIRISApiClient( 3759): 	at libcore.io.IoBridge.isConnected(IoBridge.java:334)
04-10 15:28:14.844 E/CIRISApiClient( 3759): 	... 28 more
04-10 15:28:14.886 I/python.stdout( 3759): ============================================================
04-10 15:28:14.886 I/python.stdout( 3759): PYDANTIC_CORE NATIVE LIBRARY SETUP
04-10 15:28:14.886 I/python.stdout( 3759): ============================================================
04-10 15:28:14.886 I/python.stdout( 3759): [1/6] Architecture: arm64-v8a (machine=aarch64)
04-10 15:28:14.886 I/python.stdout( 3759): [2/6] Extract target: /data/data/ai.ciris.mobile/files/chaquopy/extract-packages
04-10 15:28:14.888 I/python.stdout( 3759): [3/6] Found existing .so: _pydantic_core.cpython-310-aarch64-linux-android.so
04-10 15:28:14.888 I/python.stdout( 3759): [4/6] No cached modules to clear
04-10 15:28:14.888 I/python.stdout( 3759): [5/6] sys.path[0] = /data/data/ai.ciris.mobile/files/chaquopy/extract-packages
04-10 15:28:14.888 I/python.stdout( 3759): [5/6] Installed PydanticCoreFinder at meta_path[0]
04-10 15:28:14.888 I/python.stdout( 3759): [6/6] Testing native library load...
04-10 15:28:14.891 I/python.stdout( 3759): [6/6] ctypes.CDLL: SUCCESS
04-10 15:28:14.891 W/python.stderr( 3759): <frozen importlib._bootstrap>:914: ImportWarning: PydanticCoreFinder.find_spec() not found; falling back to find_module()
04-10 15:28:14.891 W/python.stderr( 3759): <frozen importlib._bootstrap>:671: ImportWarning: PydanticCoreFinder.exec_module() not found; falling back to load_module()
04-10 15:28:14.915 I/python.stdout( 3759): [6/6] import pydantic_core: SUCCESS (v2.23.4)
04-10 15:28:14.915 I/python.stdout( 3759): [6/6] Location: /data/data/ai.ciris.mobile/files/chaquopy/extract-packages/pydantic_core/__init__.py
04-10 15:28:14.915 I/python.stdout( 3759): ============================================================
04-10 15:28:14.915 I/python.stdout( 3759): PYDANTIC_CORE READY
04-10 15:28:14.915 I/python.stdout( 3759): ============================================================
04-10 15:28:14.916 I/python.stdout( 3759): INFO: mobile_main: CIRIS Mobile - Full On-Device Runtime (LLM Remote)
04-10 15:28:15.111 D/MainActivity( 3759): Prep step 1/6: [1/6] Architecture: arm64-v8a (machine=aarch64)
04-10 15:28:15.111 D/CIRISApp( 3759): [INIT] CIRISApp composable invoked - googleSignInCallback=PRESENT (157715954)
04-10 15:28:15.111 I/InteractViewModel( 3759): [setDeviceAttestationCallback] Device attestation callback SET
04-10 15:28:15.111 D/MainActivity( 3759): Prep step 2/6: [2/6] Extract target: /data/data/ai.ciris.mobile/files/chaquopy/extract-packages
04-10 15:28:15.111 D/MainActivity( 3759): Prep step 3/6: [3/6] Found existing .so: _pydantic_core.cpython-310-aarch64-linux-android.so
04-10 15:28:15.111 D/MainActivity( 3759): Prep step 4/6: [4/6] No cached modules to clear
04-10 15:28:15.112 D/MainActivity( 3759): Prep step 5/6: [5/6] sys.path[0] = /data/data/ai.ciris.mobile/files/chaquopy/extract-packages
04-10 15:28:15.112 D/MainActivity( 3759): Prep step 5/6: [5/6] Installed PydanticCoreFinder at meta_path[0]
04-10 15:28:15.112 D/MainActivity( 3759): Prep step 6/6: [6/6] Testing native library load...
04-10 15:28:15.112 D/MainActivity( 3759): Prep step 6/6: [6/6] ctypes.CDLL: SUCCESS
04-10 15:28:15.113 D/MainActivity( 3759): Prep step 6/6: [6/6] import pydantic_core: SUCCESS (v2.23.4)
04-10 15:28:15.113 D/MainActivity( 3759): Prep step 6/6: [6/6] Location: /data/data/ai.ciris.mobile/files/chaquopy/extract-packages/pydantic_core/__init__.py
04-10 15:28:15.538 I/MainActivity( 3759): Network diagnostics completed
04-10 15:28:15.806 I/python.stdout( 3759): INFO: ciris_engine.logic.utils.constants: [ACCORD] Loaded accord_1.2b_POLYGLOT.txt: 63819 chars
04-10 15:28:15.807 I/python.stdout( 3759): INFO: ciris_engine.logic.utils.constants: [ACCORD] ACCORD_TEXT ready: 63819 chars total
04-10 15:28:15.807 I/python.stdout( 3759): INFO: ciris_engine.logic.utils.constants: [ACCORD] Loaded accord_1.2b_POLYGLOT_compressed.txt: 7338 chars
04-10 15:28:15.807 I/python.stdout( 3759): INFO: ciris_engine.logic.utils.constants: [ACCORD] Active mode: compressed (set via CIRIS_ACCORD_MODE env var)
04-10 15:28:15.807 I/python.stdout( 3759): INFO: ciris_engine.logic.utils.constants: [ACCORD] Using compressed polyglot (~7338 chars) for system prompts
04-10 15:28:16.239 W/python.stderr( 3759): stdlib/enum.py:289: DeprecationWarning: FUNCTIONS is deprecated and will be removed in future versions
04-10 15:28:16.468 I/python.stdout( 3759): INFO: ciris_engine.logic.utils.path_resolution: [path_resolution] CIRIS_HOME configured: /data/data/ai.ciris.mobile/files/ciris (platform: Android, os: linux)
04-10 15:28:16.468 I/python.stdout( 3759): INFO: mobile_main: Android paths: CIRIS_HOME=/data/data/ai.ciris.mobile/files/ciris, data=/data/data/ai.ciris.mobile/files/ciris/data, logs=/data/data/ai.ciris.mobile/files/ciris/logs
04-10 15:28:16.468 I/python.stdout( 3759): INFO: mobile_main: Loading configuration from /data/data/ai.ciris.mobile/files/ciris/.env
04-10 15:28:16.472 I/python.stdout( 3759): INFO: mobile_main: Loaded .env - OPENAI_API_KEY set: True
04-10 15:28:16.472 I/python.stdout( 3759): INFO: mobile_main: Loaded .env - OPENAI_API_BASE: https://llm01.ciris-services-1.ai/v1
04-10 15:28:16.472 I/python.stdout( 3759): INFO: mobile_main: Verifying code integrity (parallel with imports)...
04-10 15:28:16.475 I/python.stdout( 3759): [7/8] Hashing ciris_engine...
04-10 15:28:16.476 D/MainActivity( 3759): Prep step 7/8: [7/8] Hashing ciris_engine...
04-10 15:28:17.614 I/InteractViewModel( 3759): [observeLanguageChanges] Updating pipeline labels for language: ar (explicit=true)
04-10 15:28:17.627 D/CIRISApp( 3759): [INIT] CIRISApp composable invoked - googleSignInCallback=PRESENT (157715954)
04-10 15:28:17.628 I/InteractViewModel( 3759): [setDeviceAttestationCallback] Device attestation callback SET
04-10 15:28:17.755 W/python.stderr( 3759): /data/data/ai.ciris.mobile/files/chaquopy/AssetFinder/requirements/pydantic/_internal/_fields.py:132: UserWarning: Field "model_used" in ResourceCost has conflict with protected namespace "model_".
04-10 15:28:17.755 W/python.stderr( 3759): 
04-10 15:28:17.755 W/python.stderr( 3759): You may be able to resolve this warning by setting `model_config['protected_namespaces'] = ()`.
04-10 15:28:18.721 I/python.stdout( 3759): [7/8] ciris_engine: 702 files hashed
04-10 15:28:18.722 I/python.stdout( 3759): [8/8] Hashing ciris_adapters...
04-10 15:28:18.723 D/MainActivity( 3759): Prep step 7/8: [7/8] ciris_engine: 702 files hashed
04-10 15:28:18.724 D/MainActivity( 3759): Prep step 8/8: [8/8] Hashing ciris_adapters...
04-10 15:28:18.727 D/CIRISApp( 3759): [INIT] CIRISApp composable invoked - googleSignInCallback=PRESENT (157715954)
04-10 15:28:18.728 I/InteractViewModel( 3759): [setDeviceAttestationCallback] Device attestation callback SET
04-10 15:28:18.771 I/python.stdout( 3759): [8/8] ciris_adapters: 256 files hashed
04-10 15:28:18.772 I/python.stdout( 3759): INFO: mobile_main: Code integrity check: 958/958 files hashed, total_hash=5b10bb9f9d153791...
04-10 15:28:18.773 D/MainActivity( 3759): Prep step 8/8: [8/8] ciris_adapters: 256 files hashed
04-10 15:28:18.776 I/python.stdout( 3759): INFO: mobile_main: Saved 958 module hashes to /data/data/ai.ciris.mobile/files/ciris/startup_python_hashes.json
04-10 15:28:18.777 I/python.stdout( 3759): INFO: mobile_main: Code integrity verified: 958 modules, hash=5b10bb9f9d153791...
04-10 15:28:18.777 I/python.stdout( 3759): INFO: mobile_main: Starting CIRIS on-device runtime...
04-10 15:28:18.777 I/python.stdout( 3759): INFO: mobile_main: API endpoint: http://0.0.0.0:8080 (binding all interfaces)
04-10 15:28:18.777 I/python.stdout( 3759): INFO: mobile_main: LLM endpoint: https://llm01.ciris-services-1.ai/v1
04-10 15:28:18.798 I/python.stdout( 3759): INFO: mobile_main: Using Android config - CIRIS_HOME: /data/data/ai.ciris.mobile/files/ciris, data_dir: /data/data/ai.ciris.mobile/files/ciris/data
04-10 15:28:18.800 I/python.stdout( 3759): INFO: mobile_main: Bootstrap adapters: ['api'] - additional adapters loaded from graph/resume
04-10 15:28:18.801 I/python.stdout( 3759): INFO: ciris_engine.logic.runtime.bootstrap_helpers: [BOOTSTRAP] identity_update=False, template_name=None
04-10 15:28:18.869 I/python.stdout( 3759): INFO: ciris_engine.logic.adapters: Successfully loaded adapter for mode 'ciris_verify' from modular adapters
04-10 15:28:18.873 I/python.stdout( 3759): INFO: ciris_engine.logic.adapters.base: Initializing service: CIRISVerifyAdapter
04-10 15:28:18.873 I/python.stdout( 3759): INFO: ciris_engine.logic.runtime.bootstrap_helpers: Successfully loaded adapter: ciris_verify
04-10 15:28:19.097 I/python.stdout( 3759): INFO: ciris_engine.logic.adapters: Successfully loaded adapter for mode 'wallet' from modular adapters
04-10 15:28:19.098 I/python.stdout( 3759): INFO: ciris_engine.logic.adapters.base: Initializing service: WalletAdapter
04-10 15:28:19.098 I/python.stdout( 3759): INFO: ciris_adapters.wallet.tool_service: WalletToolService initialized with providers: []
04-10 15:28:19.098 I/python.stdout( 3759): INFO: ciris_engine.logic.runtime.bootstrap_helpers: Successfully loaded adapter: wallet
04-10 15:28:19.098 I/python.stdout( 3759): INFO: ciris_engine.logic.adapters: Successfully loaded adapter for mode 'api' from core adapters
04-10 15:28:19.098 I/python.stdout( 3759): INFO: ciris_engine.logic.adapters.base: Initializing service: ApiPlatform
04-10 15:28:19.098 I/python.stdout( 3759): INFO: ciris_engine.logic.adapters.api.adapter: [API_ADAPTER_INIT] kwargs keys: ['adapter_config']
04-10 15:28:19.098 I/python.stdout( 3759): INFO: ciris_engine.logic.adapters.api.adapter: [API_ADAPTER_INIT] adapter_config in kwargs: True
04-10 15:28:19.098 I/python.stdout( 3759): INFO: ciris_engine.logic.adapters.api.adapter: [API_ADAPTER_INIT] adapter_config value: {'host': '0.0.0.0', 'port': 8080, 'cors_enabled': True, 'cors_origins': ['*'], 'cors_allow_credentials': False, 'max_request_size': 1048576, 'request_timeout': 30.0, 'enable_swagger': True, 'enable_redoc': True, 'rate_limit_enabled': True, 'rate_limit_per_minute': 60, 'auth_enabled': True, 'interaction_timeout': 55.0, 'proxy_path': '', 'agent_id': ''}, type: <class 'dict'>
04-10 15:28:19.099 I/python.stdout( 3759): INFO: ciris_engine.logic.adapters.api.adapter: [API_ADAPTER_INIT] Created APIAdapterConfig from dict, port=8080
04-10 15:28:19.099 I/python.stdout( 3759): [STARTUP] Creating API application...
04-10 15:28:19.099 I/python.stdout( 3759): [STARTUP] Configuring middleware...
04-10 15:28:19.099 I/python.stdout( 3759): Rate limiting enabled: 60 requests per minute
04-10 15:28:19.099 I/python.stdout( 3759): [STARTUP] Initializing runtime state...
04-10 15:28:19.205 I/python.stdout( 3759): [STARTUP] Registering API routes...
04-10 15:28:19.850 E/CIRISApiClient( 3759): [getSystemStatus] Exception: ConnectException: Failed to connect to localhost/127.0.0.1:8080 | Context: url=http://localhost:8080
04-10 15:28:19.850 E/CIRISApiClient( 3759): java.net.ConnectException: Failed to connect to localhost/127.0.0.1:8080
04-10 15:28:19.850 E/CIRISApiClient( 3759): 	at okhttp3.internal.connection.RealConnection.connectSocket(RealConnection.kt:297)
04-10 15:28:19.850 E/CIRISApiClient( 3759): 	at okhttp3.internal.connection.RealConnection.connect(RealConnection.kt:207)
04-10 15:28:19.850 E/CIRISApiClient( 3759): 	at okhttp3.internal.connection.ExchangeFinder.findConnection(ExchangeFinder.kt:226)
04-10 15:28:19.850 E/CIRISApiClient( 3759): 	at okhttp3.internal.connection.ExchangeFinder.findHealthyConnection(ExchangeFinder.kt:106)
04-10 15:28:19.850 E/CIRISApiClient( 3759): 	at okhttp3.internal.connection.ExchangeFinder.find(ExchangeFinder.kt:74)
04-10 15:28:19.850 E/CIRISApiClient( 3759): 	at okhttp3.internal.connection.RealCall.initExchange$okhttp(RealCall.kt:255)
04-10 15:28:19.850 E/CIRISApiClient( 3759): 	at okhttp3.internal.connection.ConnectInterceptor.intercept(ConnectInterceptor.kt:32)
04-10 15:28:19.850 E/CIRISApiClient( 3759): 	at okhttp3.internal.http.RealInterceptorChain.proceed(RealInterceptorChain.kt:109)
04-10 15:28:19.850 E/CIRISApiClient( 3759): 	at okhttp3.internal.cache.CacheInterceptor.intercept(CacheInterceptor.kt:95)
04-10 15:28:19.850 E/CIRISApiClient( 3759): 	at okhttp3.internal.http.RealInterceptorChain.proceed(RealInterceptorChain.kt:109)
04-10 15:28:19.850 E/CIRISApiClient( 3759): 	at okhttp3.internal.http.BridgeInterceptor.intercept(BridgeInterceptor.kt:83)
04-10 15:28:19.850 E/CIRISApiClient( 3759): 	at okhttp3.internal.http.RealInterceptorChain.proceed(RealInterceptorChain.kt:109)
04-10 15:28:19.850 E/CIRISApiClient( 3759): 	at okhttp3.internal.http.RetryAndFollowUpInterceptor.intercept(RetryAndFollowUpInterceptor.kt:76)
04-10 15:28:19.850 E/CIRISApiClient( 3759): 	at okhttp3.internal.http.RealInterceptorChain.proceed(RealInterceptorChain.kt:109)
04-10 15:28:19.850 E/CIRISApiClient( 3759): 	at okhttp3.internal.connection.RealCall.getResponseWithInterceptorChain$okhttp(RealCall.kt:201)
04-10 15:28:19.850 E/CIRISApiClient( 3759): 	at okhttp3.internal.connection.RealCall$AsyncCall.run(RealCall.kt:517)
04-10 15:28:19.850 E/CIRISApiClient( 3759): 	at java.util.concurrent.ThreadPoolExecutor.runWorker(ThreadPoolExecutor.java:1154)
04-10 15:28:19.850 E/CIRISApiClient( 3759): 	at java.util.concurrent.ThreadPoolExecutor$Worker.run(ThreadPoolExecutor.java:652)
04-10 15:28:19.850 E/CIRISApiClient( 3759): 	at java.lang.Thread.run(Thread.java:1564)
04-10 15:28:19.850 E/CIRISApiClient( 3759): Caused by: java.net.ConnectException: failed to connect to localhost/127.0.0.1 (port 8080) from /127.0.0.1 (port 33502) after 5000ms: isConnected failed: ECONNREFUSED (Connection refused)
04-10 15:28:19.850 E/CIRISApiClient( 3759): 	at libcore.io.IoBridge.isConnected(IoBridge.java:347)
04-10 15:28:19.850 E/CIRISApiClient( 3759): 	at libcore.io.IoBridge.connectErrno(IoBridge.java:237)
04-10 15:28:19.850 E/CIRISApiClient( 3759): 	at libcore.io.IoBridge.connect(IoBridge.java:179)
04-10 15:28:19.850 E/CIRISApiClient( 3759): 	at java.net.PlainSocketImpl.socketConnect(PlainSocketImpl.java:142)
04-10 15:28:19.850 E/CIRISApiClient( 3759): 	at java.net.AbstractPlainSocketImpl.doConnect(AbstractPlainSocketImpl.java:390)
04-10 15:28:19.850 E/CIRISApiClient( 3759): 	at java.net.AbstractPlainSocketImpl.connectToAddress(AbstractPlainSocketImpl.java:230)
04-10 15:28:19.850 E/CIRISApiClient( 3759): 	at java.net.AbstractPlainSocketImpl.connect(AbstractPlainSocketImpl.java:212)
04-10 15:28:19.850 E/CIRISApiClient( 3759): 	at java.net.SocksSocketImpl.connect(SocksSocketImpl.java:436)
04-10 15:28:19.850 E/CIRISApiClient( 3759): 	at java.net.Socket.connect(Socket.java:646)
04-10 15:28:19.850 E/CIRISApiClient( 3759): 	at okhttp3.internal.platform.Platform.connectSocket(Platform.kt:128)
04-10 15:28:19.850 E/CIRISApiClient( 3759): 	at okhttp3.internal.connection.RealConnection.connectSocket(RealConnection.kt:295)
04-10 15:28:19.850 E/CIRISApiClient( 3759): 	... 18 more
04-10 15:28:19.850 E/CIRISApiClient( 3759): Caused by: android.system.ErrnoException: isConnected failed: ECONNREFUSED (Connection refused)
04-10 15:28:19.850 E/CIRISApiClient( 3759): 	at libcore.io.IoBridge.isConnected(IoBridge.java:334)
04-10 15:28:19.850 E/CIRISApiClient( 3759): 	... 28 more
04-10 15:28:19.974 I/python.stdout( 3759): [STARTUP] Routes registered successfully
04-10 15:28:19.976 I/python.stdout( 3759): ℹ️  API-only mode - use CIRIS Desktop app to connect
04-10 15:28:19.976 I/python.stdout( 3759): [STARTUP] API application ready
04-10 15:28:19.976 I/python.stdout( 3759): INFO: ciris_engine.logic.adapters.base: Initializing service: APIRuntimeControlService
04-10 15:28:19.976 I/python.stdout( 3759): INFO: ciris_engine.logic.adapters.api.adapter: API adapter initialized - host: 0.0.0.0, port: 8080
04-10 15:28:19.977 I/python.stdout( 3759): INFO: ciris_engine.logic.runtime.bootstrap_helpers: Successfully loaded adapter: api
04-10 15:28:19.977 I/python.stdout( 3759): INFO: mobile_main: Initializing CIRIS services...
04-10 15:28:19.977 I/python.stdout( 3759): INFO: ciris_engine.logic.runtime.ciris_runtime: Initializing CIRIS Runtime...
04-10 15:28:19.978 I/python.stdout( 3759): INFO: ciris_engine.logic.runtime.ciris_runtime: Development environment - setting up directories...
04-10 15:28:19.995 I/python.stdout( 3759): ✓ Database exclusive access confirmed: /data/data/ai.ciris.mobile/files/ciris/data/ciris_engine.db
04-10 15:28:19.996 I/python.stdout( 3759): ✓ All directories and critical files successfully configured
04-10 15:28:19.996 I/python.stdout( 3759): INFO: ciris_engine.logic.runtime.ciris_runtime: [initialize] Initializing infrastructure services...
04-10 15:28:19.996 I/python.stdout( 3759): INFO: ciris_engine.logic.setup.first_run: Checking first-run status...
04-10 15:28:19.997 I/python.stdout( 3759): INFO: ciris_engine.logic.setup.first_run: Running in INSTALLED mode (git repo: False)
04-10 15:28:19.997 I/python.stdout( 3759): INFO: ciris_engine.logic.setup.first_run: CIRIS_FORCE_FIRST_RUN env var: None
04-10 15:28:19.997 I/python.stdout( 3759): INFO: ciris_engine.logic.setup.first_run: Android mode: checking /data/data/ai.ciris.mobile/files/ciris/.env
04-10 15:28:19.997 I/python.stdout( 3759): INFO: ciris_engine.logic.setup.first_run: Checking config paths: ['/data/data/ai.ciris.mobile/files/ciris/.env']
04-10 15:28:19.997 I/python.stdout( 3759): INFO: ciris_engine.logic.setup.first_run: Found configured .env at /data/data/ai.ciris.mobile/files/ciris/.env - NOT first run
04-10 15:28:19.997 I/python.stdout( 3759): WARNING: ciris_engine.logic.runtime.startup_logging: [SERVICES] === FULL-STARTUP PHASE ===
04-10 15:28:19.997 I/python.stdout( 3759): [SERVICES] === FULL-STARTUP PHASE ===
04-10 15:28:19.998 I/python.stdout( 3759): INFO: ciris_engine.services.TimeService: TimeService started successfully
04-10 15:28:19.998 I/python.stdout( 3759): WARNING: ciris_engine.logic.runtime.startup_logging: [FULL-STARTUP] [SERVICE 1/22] TimeService STARTED
04-10 15:28:19.998 I/python.stdout( 3759): [FULL-STARTUP] [SERVICE 1/22] TimeService STARTED
04-10 15:28:19.998 I/python.stdout( 3759): INFO: ciris_engine.services.ShutdownService: ShutdownService started successfully
04-10 15:28:19.998 I/python.stdout( 3759): WARNING: ciris_engine.logic.runtime.startup_logging: [FULL-STARTUP] [SERVICE 2/22] ShutdownService STARTED
04-10 15:28:19.998 I/python.stdout( 3759): [FULL-STARTUP] [SERVICE 2/22] ShutdownService STARTED
04-10 15:28:19.998 I/python.stdout( 3759): INFO: ciris_engine.services.InitializationService: InitializationService started successfully
04-10 15:28:19.998 I/python.stdout( 3759): WARNING: ciris_engine.logic.runtime.startup_logging: [FULL-STARTUP] [SERVICE 3/22] InitializationService STARTED
04-10 15:28:19.998 I/python.stdout( 3759): [FULL-STARTUP] [SERVICE 3/22] InitializationService STARTED
04-10 15:28:20.004 I/python.stdout( 3759): INFO: ciris_engine.logic.runtime.service_initializer: Using CIRISBillingProvider with JWT auth (CIRIS LLM proxy)
04-10 15:28:20.004 D/MainActivity( 3759): Service 1 started (1/22)
04-10 15:28:20.005 D/MainActivity( 3759): Service 1 started (1/22)
04-10 15:28:20.006 D/MainActivity( 3759): Service 2 started (2/22)
04-10 15:28:20.007 D/MainActivity( 3759): Service 2 started (2/22)
04-10 15:28:20.008 D/MainActivity( 3759): Service 3 started (3/22)
04-10 15:28:20.008 D/MainActivity( 3759): Service 3 started (3/22)
04-10 15:28:20.011 D/CIRISApp( 3759): [INIT] CIRISApp composable invoked - googleSignInCallback=PRESENT (157715954)
04-10 15:28:20.012 I/InteractViewModel( 3759): [setDeviceAttestationCallback] Device attestation callback SET
04-10 15:28:20.037 I/python.stdout( 3759): INFO: ciris_engine.logic.services.infrastructure.resource_monitor.ciris_billing_provider: [BILLING_PROVIDER] Started:
04-10 15:28:20.037 I/python.stdout( 3759):   base_url: https://billing1.ciris-services-1.ai
04-10 15:28:20.037 I/python.stdout( 3759):   auth_mode: JWT (Google ID token)
04-10 15:28:20.037 I/python.stdout( 3759):   token_length: 1100 chars
04-10 15:28:20.037 I/python.stdout( 3759):   has_refresh_callback: False
04-10 15:28:20.037 I/python.stdout( 3759):   cache_ttl: 15s
04-10 15:28:20.037 I/python.stdout( 3759):   fail_open: False
04-10 15:28:20.037 I/python.stdout( 3759): INFO: ciris_engine.services.ResourceMonitorService: ResourceMonitorService: Started scheduled task with interval 1.0s
04-10 15:28:20.037 I/python.stdout( 3759): INFO: ciris_engine.services.ResourceMonitorService: ResourceMonitorService started successfully
04-10 15:28:20.037 I/python.stdout( 3759): WARNING: ciris_engine.logic.runtime.startup_logging: [FULL-STARTUP] [SERVICE 4/22] ResourceMonitor STARTED
04-10 15:28:20.037 I/python.stdout( 3759): [FULL-STARTUP] [SERVICE 4/22] ResourceMonitor STARTED
04-10 15:28:20.037 I/python.stdout( 3759): INFO: ciris_engine.logic.runtime.ciris_runtime: [initialize] Infrastructure services initialized
04-10 15:28:20.037 I/python.stdout( 3759): INFO: ciris_engine.logic.runtime.ciris_runtime: [initialize] Got initialization service: <ciris_engine.logic.services.lifecycle.initialization.service.InitializationService object at 0x6be72c6e00>
04-10 15:28:20.038 I/python.stdout( 3759): INFO: ciris_engine.logic.runtime.ciris_runtime: [initialize] Registering initialization steps...
04-10 15:28:20.038 I/python.stdout( 3759): INFO: ciris_engine.logic.runtime.ciris_runtime: [initialize] Steps registered
04-10 15:28:20.038 I/python.stdout( 3759): INFO: ciris_engine.logic.runtime.ciris_runtime: [initialize] Running initialization sequence...
04-10 15:28:20.038 I/python.stdout( 3759): INFO: ciris_engine.logic.services.lifecycle.initialization.service: ============================================================
04-10 15:28:20.038 I/python.stdout( 3759): INFO: ciris_engine.logic.services.lifecycle.initialization.service: CIRIS Agent Initialization Sequence Starting
04-10 15:28:20.038 I/python.stdout( 3759): INFO: ciris_engine.logic.services.lifecycle.initialization.service: ============================================================
04-10 15:28:20.038 I/python.stdout( 3759): INFO: ciris_engine.logic.services.lifecycle.initialization.service: [InitializationService] Registered 13 steps across 8 phases
04-10 15:28:20.038 I/python.stdout( 3759): INFO: ciris_engine.logic.services.lifecycle.initialization.service: [InitializationService] Executing phase infrastructure with 1 steps
04-10 15:28:20.038 I/python.stdout( 3759): INFO: ciris_engine.logic.services.lifecycle.initialization.service: ------------------------------------------------------------
04-10 15:28:20.038 I/python.stdout( 3759): INFO: ciris_engine.logic.services.lifecycle.initialization.service: Phase: INFRASTRUCTURE
04-10 15:28:20.038 I/python.stdout( 3759): INFO: ciris_engine.logic.services.lifecycle.initialization.service: ------------------------------------------------------------
04-10 15:28:20.038 I/python.stdout( 3759): INFO: ciris_engine.logic.services.lifecycle.initialization.service: → Initialize Infrastructure Services...
04-10 15:28:20.040 D/MainActivity( 3759): Service 4 started (4/22)
04-10 15:28:20.040 D/MainActivity( 3759): Service 4 started (4/22)
04-10 15:28:20.052 I/python.stdout( 3759): 
04-10 15:28:20.052 I/python.stdout( 3759): ================================================================================
04-10 15:28:20.052 I/python.stdout( 3759): 🔍 LOGGING INITIALIZED - SEE DETAILED LOGS AT: /data/data/ai.ciris.mobile/files/ciris/logs/ciris_agent_20260410_202820.log
04-10 15:28:20.052 I/python.stdout( 3759): 🔗 Symlinked to: /data/data/ai.ciris.mobile/files/ciris/logs/latest.log
04-10 15:28:20.052 I/python.stdout( 3759): ⚠️  Incident capture: /data/data/ai.ciris.mobile/files/ciris/logs/incidents_latest.log (WARNING/ERROR messages captured as incidents)
04-10 15:28:20.052 I/python.stdout( 3759): ================================================================================
04-10 15:28:20.052 I/python.stdout( 3759): 
04-10 15:28:20.067 I/python.stdout( 3759): [FULL-STARTUP] [SERVICE 5/22] SecretsService STARTED
04-10 15:28:20.069 D/MainActivity( 3759): Service 5 started (5/22)
04-10 15:28:20.069 I/python.stdout( 3759): [FULL-STARTUP] [SERVICE 22/22] SecretsToolService STARTED
04-10 15:28:20.071 D/MainActivity( 3759): Service 22 started (6/22)
04-10 15:28:20.075 I/python.stdout( 3759): [FULL-STARTUP] [SERVICE 6/22] MemoryService STARTED
04-10 15:28:20.075 I/python.stdout( 3759): [FULL-STARTUP] [SERVICE 7/22] ConfigService STARTED
04-10 15:28:20.076 D/MainActivity( 3759): Service 6 started (7/22)
04-10 15:28:20.077 D/MainActivity( 3759): Service 7 started (8/22)
04-10 15:28:20.752 I/python.stdout( 3759): [FULL-STARTUP] [SERVICE 15/22] AuthenticationService STARTED
04-10 15:28:20.754 D/MainActivity( 3759): Service 15 started (9/22)
04-10 15:28:20.764 I/python.stdout( 3759): [FULL-STARTUP] [SERVICE 13/22] WiseAuthority STARTED
04-10 15:28:20.765 D/MainActivity( 3759): Service 13 started (10/22)
04-10 15:28:20.775 I/python.stdout( 3759): [SERVICES] === RESUME (12 remaining services) PHASE ===
04-10 15:28:20.785 I/python.stdout( 3759): [RESUME (12 remaining services)] [SERVICE 9/22] TelemetryService STARTED
04-10 15:28:20.786 D/MainActivity( 3759): Service 9 started (11/22)
04-10 15:28:20.800 D/MainActivity( 3759): Verify: ciris_verify_ffi: [INFO] ciris_verify_ffi: VERIFY Creating Ed25519 signer - environment snapshot, ciris_data_dir=Some("/data/data/ai.ciris.mobile/files/ciris/data"), ciris_key_path=None, current_dir=Some("/")
04-10 15:28:20.800 D/MainActivity( 3759): Verify: ciris_verify_ffi: [INFO] ciris_keyring::software: VERIFY MutableEd25519Signer::new - initializing, alias=agent_signing, ciris_data_dir=Some("/data/data/ai.ciris.mobile/files/ciris/data"), ciris_key_path=None
04-10 15:28:20.800 D/MainActivity( 3759): Verify: ciris_verify_ffi: [INFO] ciris_keyring::platform::android: VERIFY HardwareWrappedEd25519Signer::new - initializing hardware wrapper, alias=agent_signing, wrapper_alias=agent_signing_aes_wrapper, key_path="/data/data/ai.ciris.mobile/files/ciris/data/agent_signing.ed25519.enc", key_dir="/data/data/ai.ciris.mobile/files/ciris/data", prefer_strongbox=false, ciris_data_dir=Some("/data/data/ai.ciris.mobile/files/ciris/data")
04-10 15:28:20.800 D/MainActivity( 3759): Verify: ciris_verify_ffi: [INFO] ciris_keyring::software: VERIFY Attempting to load hardware-backed Ed25519 key..., ciris_data_dir=Some("/data/data/ai.ciris.mobile/files/ciris/data")
04-10 15:28:20.800 D/MainActivity( 3759): Verify: ciris_verify_ffi: [INFO] ciris_keyring::platform::android: VERIFY key_exists check - phase 1 (file/wrapper check), wrapper_alias=agent_signing_aes_wrapper, encrypted_key_path="/data/data/ai.ciris.mobile/files/ciris/data/agent_signing.ed25519.enc", wrapper_exists=true, file_exists=true
04-10 15:28:20.807 D/MainActivity( 3759): Verify: ciris_verify_ffi: [INFO] ciris_keyring::platform::android: VERIFY key_exists check - phase 2 PASSED (key can be decrypted), wrapper_alias=agent_signing_aes_wrapper
04-10 15:28:20.807 D/MainActivity( 3759): Verify: ciris_verify_ffi: [INFO] ciris_verify_ffi: VERIFY Ed25519 signer initialized
04-10 15:28:20.808 D/MainActivity( 3759): Verify: ciris_verify_ffi: [INFO] ciris_keyring::platform::android: VERIFY key_exists check - phase 1 (file/wrapper check), wrapper_alias=agent_signing_aes_wrapper, encrypted_key_path="/data/data/ai.ciris.mobile/files/ciris/data/agent_signing.ed25519.enc", wrapper_exists=true, file_exists=true
04-10 15:28:20.808 D/MainActivity( 3759): Verify: ciris_verify_ffi: [INFO] ciris_keyring::platform::android: VERIFY key_exists check - phase 2 PASSED (key can be decrypted), wrapper_alias=agent_signing_aes_wrapper
04-10 15:28:20.808 D/MainActivity( 3759): Verify: ciris_verify_ffi: [INFO] ciris_keyring::software: VERIFY MutableEd25519Signer::has_key - hardware wrapper check, has_key=true, hardware_backed=true, ciris_data_dir=Some("/data/data/ai.ciris.mobile/files/ciris/data")
04-10 15:28:20.814 D/MainActivity( 3759): Verify: ciris_verify_ffi: [INFO] ciris_keyring::platform::android: VERIFY key_exists check - phase 1 (file/wrapper check), wrapper_alias=agent_signing_aes_wrapper, encrypted_key_path="/data/data/ai.ciris.mobile/files/ciris/data/agent_signing.ed25519.enc", wrapper_exists=true, file_exists=true
04-10 15:28:20.814 D/MainActivity( 3759): Verify: ciris_verify_ffi: [INFO] ciris_keyring::platform::android: VERIFY key_exists check - phase 2 PASSED (key can be decrypted), wrapper_alias=agent_signing_aes_wrapper
04-10 15:28:20.814 D/MainActivity( 3759): Verify: ciris_verify_ffi: [INFO] ciris_keyring::software: VERIFY MutableEd25519Signer::has_key - hardware wrapper check, has_key=true, hardware_backed=true, ciris_data_dir=Some("/data/data/ai.ciris.mobile/files/ciris/data")
04-10 15:28:20.816 D/MainActivity( 3759): Verify: ciris_verify_ffi: [INFO] ciris_keyring::platform::android: VERIFY key_exists check - phase 1 (file/wrapper check), wrapper_alias=agent_signing_aes_wrapper, encrypted_key_path="/data/data/ai.ciris.mobile/files/ciris/data/agent_signing.ed25519.enc", wrapper_exists=true, file_exists=true
04-10 15:28:20.816 D/MainActivity( 3759): Verify: ciris_verify_ffi: [INFO] ciris_keyring::platform::android: VERIFY key_exists check - phase 2 PASSED (key can be decrypted), wrapper_alias=agent_signing_aes_wrapper
04-10 15:28:20.823 D/MainActivity( 3759): Verify: ciris_verify_ffi: [INFO] ciris_verify_core::unified: VERIFY ATTESTATION STARTING: Full attestation with network+integrity checks
04-10 15:28:20.824 I/python.stdout( 3759): [RESUME (12 remaining services)] [SERVICE 14/22] LLMService STARTED
04-10 15:28:20.824 D/MainActivity( 3759): Verify: ciris_verify_ffi: [INFO] ciris_verify_core::unified: VERIFY PHASE 1/2 STARTING: Parallel manifest fetch + validation (5 network calls)
04-10 15:28:20.825 D/MainActivity( 3759): Service 14 started (12/22)
04-10 15:28:20.825 D/MainActivity( 3759): Verify: ciris_verify_ffi: [INFO] ciris_verify_core::unified: VERIFY STEP 1/5 STARTING: Binary manifest fetch
04-10 15:28:20.829 D/CIRISApp( 3759): [INIT] CIRISApp composable invoked - googleSignInCallback=PRESENT (157715954)
04-10 15:28:20.829 I/InteractViewModel( 3759): [setDeviceAttestationCallback] Device attestation callback SET
04-10 15:28:20.924 D/MainActivity( 3759): Verify: ciris_verify_ffi: [INFO] ciris_verify_core::unified: VERIFY STEP 1/5 COMPLETE: OK (10 targets)
04-10 15:28:20.924 D/MainActivity( 3759): Verify: ciris_verify_ffi: [INFO] ciris_verify_core::unified: VERIFY STEP 2/5 STARTING: Function manifest fetch
04-10 15:28:20.950 D/MainActivity( 3759): Verify: ciris_verify_ffi: [INFO] ciris_verify_core::unified: VERIFY STEP 2/5 COMPLETE: OK (48 functions)
04-10 15:28:20.951 D/MainActivity( 3759): Verify: ciris_verify_ffi: [INFO] ciris_verify_core::unified: VERIFY STEP 3/5 STARTING: Agent build record fetch
04-10 15:28:21.028 D/MainActivity( 3759): Verify: ciris_verify_ffi: [INFO] ciris_verify_core::unified: VERIFY STEP 3/5 COMPLETE: OK (1547 files)
04-10 15:28:21.029 D/MainActivity( 3759): Verify: ciris_verify_ffi: [INFO] ciris_verify_core::unified: VERIFY STEP 4/5 STARTING: Source validation (DNS US + EU + HTTPS)
04-10 15:28:21.280 D/MainActivity( 3759): Verify: ciris_verify_ffi: [INFO] ciris_verify_core::unified: VERIFY STEP 4/5 COMPLETE: 3/3 sources reachable
04-10 15:28:21.281 D/MainActivity( 3759): Verify: ciris_verify_ffi: [INFO] ciris_verify_core::unified: VERIFY STEP 5/5 STARTING: Registry key verification
04-10 15:28:21.305 D/MainActivity( 3759): Verify: ciris_verify_ffi: [INFO] ciris_verify_core::unified: VERIFY STEP 5/5 COMPLETE: active
04-10 15:28:21.306 D/MainActivity( 3759): Verify: ciris_verify_ffi: [INFO] ciris_verify_core::unified: VERIFY PHASE 1/2 COMPLETE: All network fetches done
04-10 15:28:21.306 D/MainActivity( 3759): Verify: ciris_verify_ffi: [INFO] ciris_verify_core::unified: VERIFY PHASE 2/2 STARTING: Local verification (6 checks)
04-10 15:28:21.306 D/MainActivity( 3759): Verify: ciris_verify_ffi: [INFO] ciris_verify_core::unified: VERIFY STEP 1/6 STARTING: Self-verification (binary + functions)
04-10 15:28:21.357 D/MainActivity( 3759): Verify: ciris_verify_ffi: [INFO] ciris_verify_core::unified: VERIFY STEP 1/6 COMPLETE: OK (binary=✓, functions=48/48)
04-10 15:28:21.357 D/MainActivity( 3759): Verify: ciris_verify_ffi: [INFO] ciris_verify_core::unified: VERIFY STEP 2/6 STARTING: File integrity check
04-10 15:28:21.525 D/MainActivity( 3759): Verify: ciris_verify_ffi: [INFO] ciris_verify_core::unified: VERIFY STEP 2/6 COMPLETE: FAILED (full=1488/1547)
04-10 15:28:21.525 D/MainActivity( 3759): Verify: ciris_verify_ffi: [INFO] ciris_verify_core::unified: VERIFY STEP 3/6 STARTING: Module integrity check
04-10 15:28:21.727 D/MainActivity( 3759): Verify: ciris_verify_ffi: [INFO] ciris_verify_core::unified: VERIFY STEP 3/6 COMPLETE: OK (1488/1547 verified)
04-10 15:28:21.727 D/MainActivity( 3759): Verify: ciris_verify_ffi: [INFO] ciris_verify_core::unified: VERIFY STEP 4/6 STARTING: Source validation analysis
04-10 15:28:21.728 D/MainActivity( 3759): Verify: ciris_verify_ffi: [INFO] ciris_verify_core::unified: VERIFY STEP 4/6 COMPLETE: 3/3 sources valid (status=AllSourcesAgree)
04-10 15:28:21.728 D/MainActivity( 3759): Verify: ciris_verify_ffi: [INFO] ciris_verify_core::unified: VERIFY STEP 5/6 STARTING: Python module integrity
04-10 15:28:21.729 D/MainActivity( 3759): Verify: ciris_verify_ffi: [INFO] ciris_verify_core::unified: VERIFY STEP 5/6 COMPLETE: OK (958/958 modules passed)
04-10 15:28:21.729 D/MainActivity( 3759): Verify: ciris_verify_ffi: [INFO] ciris_verify_core::unified: VERIFY STEP 6/6 STARTING: Audit trail verification
