--------- beginning of main
04-10 15:19:44.877 I/CIRISApiClient(26001): [getWAStatus] Fetching WA status
04-10 15:19:45.301 I/CIRISApiClient(26001): [getWAStatus] WA Status: healthy=true, activeWAs=1, pendingDeferrals=0, deferrals24h=0, subscribers=2
04-10 15:19:45.341 D/MainActivity(26001): Verify: ciris_verify_ffi: [INFO] ciris_keyring::platform::android: VERIFY key_exists check - phase 1 (file/wrapper check), wrapper_alias=agent_signing_aes_wrapper, encrypted_key_path="/data/data/ai.ciris.mobile/files/ciris/data/agent_signing.ed25519.enc", wrapper_exists=true, file_exists=true
04-10 15:19:45.342 D/MainActivity(26001): Verify: ciris_verify_ffi: [INFO] ciris_keyring::platform::android: VERIFY key_exists check - phase 2 PASSED (key can be decrypted), wrapper_alias=agent_signing_aes_wrapper
04-10 15:19:46.556 I/python.stdout(26001): [15:19:46.556] [DISPATCHER] Handler PonderHandler completed for action ponder on thought th_followup_th_follo_f0c9a5d0-a8b - created follow-up thought th_followup_th_follo_7216b600-d30
04-10 15:19:46.568 D/MainActivity(26001): Verify: ciris_verify_ffi: [INFO] ciris_keyring::platform::android: VERIFY key_exists check - phase 1 (file/wrapper check), wrapper_alias=agent_signing_aes_wrapper, encrypted_key_path="/data/data/ai.ciris.mobile/files/ciris/data/agent_signing.ed25519.enc", wrapper_exists=true, file_exists=true
04-10 15:19:46.568 D/MainActivity(26001): Verify: ciris_verify_ffi: [INFO] ciris_keyring::platform::android: VERIFY key_exists check - phase 2 PASSED (key can be decrypted), wrapper_alias=agent_signing_aes_wrapper
04-10 15:19:47.502 D/EnvFileUpdater(26001): Found CIRIS_HOME from env: /data/user/0/ai.ciris.mobile/files/ciris
04-10 15:19:47.829 I/InteractViewModel(26001): [fetchAuditActions] Adding 1 action entries to timeline
04-10 15:20:27.308 W/chromium(26441): [WARNING:components/sync/engine/syncer_proto_util.cc:430] Error posting from syncer: Response Code (bogus on error): -1 Content-Length (bogus on error): -1 Server Status: CONNECTION_UNAVAILABLE
04-10 15:20:27.309 W/chromium(26441): [WARNING:components/sync/engine/commit.cc:181] Post commit failed
04-10 15:20:29.077 D/MainActivity(26001): Verify: ciris_verify_ffi: [INFO] ciris_keyring::platform::android: VERIFY key_exists check - phase 1 (file/wrapper check), wrapper_alias=agent_signing_aes_wrapper, encrypted_key_path="/data/data/ai.ciris.mobile/files/ciris/data/agent_signing.ed25519.enc", wrapper_exists=true, file_exists=true
04-10 15:20:29.077 D/MainActivity(26001): Verify: ciris_verify_ffi: [INFO] ciris_keyring::platform::android: VERIFY key_exists check - phase 2 PASSED (key can be decrypted), wrapper_alias=agent_signing_aes_wrapper
04-10 15:20:29.080 D/MainActivity(26001): Verify: ciris_verify_ffi: [INFO] ciris_keyring::software: VERIFY MutableEd25519Signer::has_key - hardware wrapper check, has_key=true, hardware_backed=true, ciris_data_dir=Some("/data/data/ai.ciris.mobile/files/ciris")
04-10 15:20:29.088 D/MainActivity(26001): Verify: ciris_verify_ffi: [INFO] ciris_keyring::platform::android: VERIFY key_exists check - phase 1 (file/wrapper check), wrapper_alias=agent_signing_aes_wrapper, encrypted_key_path="/data/data/ai.ciris.mobile/files/ciris/data/agent_signing.ed25519.enc", wrapper_exists=true, file_exists=true
04-10 15:20:29.089 D/MainActivity(26001): Verify: ciris_verify_ffi: [INFO] ciris_keyring::platform::android: VERIFY key_exists check - phase 2 PASSED (key can be decrypted), wrapper_alias=agent_signing_aes_wrapper
04-10 15:20:29.090 D/MainActivity(26001): Verify: ciris_verify_ffi: [INFO] ciris_keyring::platform::android: VERIFY key_exists check - phase 1 (file/wrapper check), wrapper_alias=agent_signing_aes_wrapper, encrypted_key_path="/data/data/ai.ciris.mobile/files/ciris/data/agent_signing.ed25519.enc", wrapper_exists=true, file_exists=true
04-10 15:20:29.090 D/MainActivity(26001): Verify: ciris_verify_ffi: [INFO] ciris_keyring::platform::android: VERIFY key_exists check - phase 2 PASSED (key can be decrypted), wrapper_alias=agent_signing_aes_wrapper
04-10 15:20:32.325 D/EnvFileUpdater(26001): Found CIRIS_HOME from env: /data/user/0/ai.ciris.mobile/files/ciris
04-10 15:20:44.715 D/EnvFileUpdater(26001): Found CIRIS_HOME from env: /data/user/0/ai.ciris.mobile/files/ciris
04-10 15:20:45.276 D/MainActivity(26001): Verify: ciris_verify_ffi: [INFO] ciris_keyring::platform::android: VERIFY key_exists check - phase 1 (file/wrapper check), wrapper_alias=agent_signing_aes_wrapper, encrypted_key_path="/data/data/ai.ciris.mobile/files/ciris/data/agent_signing.ed25519.enc", wrapper_exists=true, file_exists=true
04-10 15:20:45.276 D/MainActivity(26001): Verify: ciris_verify_ffi: [INFO] ciris_keyring::platform::android: VERIFY key_exists check - phase 2 PASSED (key can be decrypted), wrapper_alias=agent_signing_aes_wrapper
04-10 15:20:47.557 I/python.stdout(26001): [15:20:47.557] [DISPATCHER] Handler PonderHandler completed for action ponder on thought th_followup_th_follo_7216b600-d30 - created follow-up thought th_followup_th_follo_54ac5ae4-d63
04-10 15:20:47.565 D/MainActivity(26001): Verify: ciris_verify_ffi: [INFO] ciris_keyring::platform::android: VERIFY key_exists check - phase 1 (file/wrapper check), wrapper_alias=agent_signing_aes_wrapper, encrypted_key_path="/data/data/ai.ciris.mobile/files/ciris/data/agent_signing.ed25519.enc", wrapper_exists=true, file_exists=true
04-10 15:20:47.566 D/MainActivity(26001): Verify: ciris_verify_ffi: [INFO] ciris_keyring::platform::android: VERIFY key_exists check - phase 2 PASSED (key can be decrypted), wrapper_alias=agent_signing_aes_wrapper
04-10 15:20:48.868 I/InteractViewModel(26001): [fetchAuditActions] Adding 1 action entries to timeline
04-10 15:20:51.477 D/MainActivity(26001): Verify: ciris_verify_ffi: [INFO] ciris_keyring::platform::android: VERIFY key_exists check - phase 1 (file/wrapper check), wrapper_alias=agent_signing_aes_wrapper, encrypted_key_path="/data/data/ai.ciris.mobile/files/ciris/data/agent_signing.ed25519.enc", wrapper_exists=true, file_exists=true
04-10 15:20:51.486 D/MainActivity(26001): Verify: ciris_verify_ffi: [INFO] ciris_keyring::platform::android: VERIFY key_exists check - phase 2 PASSED (key can be decrypted), wrapper_alias=agent_signing_aes_wrapper
04-10 15:20:51.486 D/MainActivity(26001): Verify: ciris_verify_ffi: [INFO] ciris_keyring::software: VERIFY MutableEd25519Signer::has_key - hardware wrapper check, has_key=true, hardware_backed=true, ciris_data_dir=Some("/data/data/ai.ciris.mobile/files/ciris")
04-10 15:20:51.486 D/MainActivity(26001): Verify: ciris_verify_ffi: [INFO] ciris_keyring::platform::android: VERIFY key_exists check - phase 1 (file/wrapper check), wrapper_alias=agent_signing_aes_wrapper, encrypted_key_path="/data/data/ai.ciris.mobile/files/ciris/data/agent_signing.ed25519.enc", wrapper_exists=true, file_exists=true
04-10 15:20:51.487 D/MainActivity(26001): Verify: ciris_verify_ffi: [INFO] ciris_keyring::platform::android: VERIFY key_exists check - phase 2 PASSED (key can be decrypted), wrapper_alias=agent_signing_aes_wrapper
04-10 15:20:51.487 D/MainActivity(26001): Verify: ciris_verify_ffi: [INFO] ciris_keyring::platform::android: VERIFY key_exists check - phase 1 (file/wrapper check), wrapper_alias=agent_signing_aes_wrapper, encrypted_key_path="/data/data/ai.ciris.mobile/files/ciris/data/agent_signing.ed25519.enc", wrapper_exists=true, file_exists=true
04-10 15:20:51.487 D/MainActivity(26001): Verify: ciris_verify_ffi: [INFO] ciris_keyring::platform::android: VERIFY key_exists check - phase 2 PASSED (key can be decrypted), wrapper_alias=agent_signing_aes_wrapper
04-10 15:20:55.234 E/chromium(23367): [ERROR:cc/tiles/tile_manager.cc:997] WARNING: tile memory limits exceeded, some content may not draw
04-10 15:20:55.236 E/chromium(23367): [ERROR:cc/tiles/tile_manager.cc:997] WARNING: tile memory limits exceeded, some content may not draw
04-10 15:20:55.242 E/chromium(23367): [ERROR:cc/tiles/tile_manager.cc:997] WARNING: tile memory limits exceeded, some content may not draw
04-10 15:20:55.249 E/chromium(23367): [ERROR:cc/tiles/tile_manager.cc:997] WARNING: tile memory limits exceeded, some content may not draw
04-10 15:20:55.250 E/chromium(23367): [ERROR:cc/tiles/tile_manager.cc:997] WARNING: tile memory limits exceeded, some content may not draw
04-10 15:20:55.250 E/chromium(23367): [ERROR:cc/tiles/tile_manager.cc:997] WARNING: tile memory limits exceeded, some content may not draw
04-10 15:20:55.251 E/chromium(23367): [ERROR:cc/tiles/tile_manager.cc:997] WARNING: tile memory limits exceeded, some content may not draw
04-10 15:20:55.251 E/chromium(23367): [ERROR:cc/tiles/tile_manager.cc:997] WARNING: tile memory limits exceeded, some content may not draw
04-10 15:20:55.267 E/chromium(23367): [ERROR:cc/tiles/tile_manager.cc:997] WARNING: tile memory limits exceeded, some content may not draw
04-10 15:20:55.274 E/chromium(23367): [ERROR:cc/tiles/tile_manager.cc:997] WARNING: tile memory limits exceeded, some content may not draw
04-10 15:20:55.482 I/CIRISApiClient(26001): [getWAStatus] Fetching WA status
04-10 15:20:55.848 I/CIRISApiClient(26001): [getWAStatus] WA Status: healthy=true, activeWAs=1, pendingDeferrals=0, deferrals24h=0, subscribers=2
04-10 15:20:55.999 W/chromium(30137): [WARNING:content/app/android/content_main_android.cc:82] android_setCpu already initialized
04-10 15:20:56.532 D/EnvFileUpdater(26001): Found CIRIS_HOME from env: /data/user/0/ai.ciris.mobile/files/ciris
04-10 15:20:58.159 E/chromium(23367): [ERROR:cc/tiles/tile_manager.cc:997] WARNING: tile memory limits exceeded, some content may not draw
04-10 15:20:58.159 E/chromium(23367): [ERROR:cc/tiles/tile_manager.cc:997] WARNING: tile memory limits exceeded, some content may not draw
04-10 15:20:58.159 E/chromium(23367): [ERROR:cc/tiles/tile_manager.cc:997] WARNING: tile memory limits exceeded, some content may not draw
04-10 15:20:58.161 E/chromium(23367): [ERROR:cc/tiles/tile_manager.cc:997] WARNING: tile memory limits exceeded, some content may not draw
04-10 15:20:58.194 E/chromium(23367): [ERROR:cc/tiles/tile_manager.cc:997] WARNING: tile memory limits exceeded, some content may not draw
04-10 15:20:58.194 E/chromium(23367): [ERROR:cc/tiles/tile_manager.cc:997] WARNING: tile memory limits exceeded, some content may not draw
04-10 15:20:58.195 E/chromium(23367): [ERROR:cc/tiles/tile_manager.cc:997] WARNING: tile memory limits exceeded, some content may not draw
04-10 15:20:58.195 E/chromium(23367): [ERROR:cc/tiles/tile_manager.cc:997] WARNING: tile memory limits exceeded, some content may not draw
04-10 15:20:58.215 E/chromium(23367): [ERROR:cc/tiles/tile_manager.cc:997] WARNING: tile memory limits exceeded, some content may not draw
04-10 15:20:58.215 E/chromium(23367): [ERROR:cc/tiles/tile_manager.cc:997] WARNING: tile memory limits exceeded, some content may not draw
04-10 15:20:58.215 E/chromium(23367): [ERROR:cc/tiles/tile_manager.cc:997] WARNING: tile memory limits exceeded, some content may not draw
04-10 15:20:58.216 E/chromium(23367): [ERROR:cc/tiles/tile_manager.cc:997] WARNING: tile memory limits exceeded, some content may not draw
04-10 15:20:58.240 E/chromium(23367): [ERROR:cc/tiles/tile_manager.cc:997] WARNING: tile memory limits exceeded, some content may not draw
04-10 15:20:58.240 E/chromium(23367): [ERROR:cc/tiles/tile_manager.cc:997] WARNING: tile memory limits exceeded, some content may not draw
04-10 15:20:58.241 E/chromium(23367): [ERROR:cc/tiles/tile_manager.cc:997] WARNING: tile memory limits exceeded, some content may not draw
04-10 15:20:58.241 E/chromium(23367): [ERROR:cc/tiles/tile_manager.cc:997] WARNING: tile memory limits exceeded, some content may not draw
04-10 15:21:00.313 E/chromium(26441): [ERROR:net/socket/ssl_client_socket_impl.cc:924] handshake failed; returned -1, SSL error code 1, net_error -103
04-10 15:21:01.454 I/WebViewFactory(27889): Loading com.google.android.webview version 146.0.7680.177 (code 768017703)
04-10 15:21:02.446 D/MainActivity(26001): Verify: ciris_verify_ffi: [INFO] ciris_keyring::platform::android: VERIFY key_exists check - phase 1 (file/wrapper check), wrapper_alias=agent_signing_aes_wrapper, encrypted_key_path="/data/data/ai.ciris.mobile/files/ciris/data/agent_signing.ed25519.enc", wrapper_exists=true, file_exists=true
04-10 15:21:02.447 D/MainActivity(26001): Verify: ciris_verify_ffi: [INFO] ciris_keyring::platform::android: VERIFY key_exists check - phase 2 PASSED (key can be decrypted), wrapper_alias=agent_signing_aes_wrapper
04-10 15:21:02.873 I/python.stdout(26001): [15:21:02.873] [DISPATCHER] Handler PonderHandler completed for action ponder on thought th_followup_th_follo_54ac5ae4-d63 - created follow-up thought th_followup_th_follo_324f9516-1f2
04-10 15:21:02.879 D/MainActivity(26001): Verify: ciris_verify_ffi: [INFO] ciris_keyring::platform::android: VERIFY key_exists check - phase 1 (file/wrapper check), wrapper_alias=agent_signing_aes_wrapper, encrypted_key_path="/data/data/ai.ciris.mobile/files/ciris/data/agent_signing.ed25519.enc", wrapper_exists=true, file_exists=true
04-10 15:21:02.880 D/MainActivity(26001): Verify: ciris_verify_ffi: [INFO] ciris_keyring::platform::android: VERIFY key_exists check - phase 2 PASSED (key can be decrypted), wrapper_alias=agent_signing_aes_wrapper
04-10 15:21:03.767 I/InteractViewModel(26001): [fetchAuditActions] Adding 1 action entries to timeline
04-10 15:21:06.534 D/EnvFileUpdater(26001): Found CIRIS_HOME from env: /data/user/0/ai.ciris.mobile/files/ciris
04-10 15:21:07.239 D/MainActivity(26001): Verify: ciris_verify_ffi: [INFO] ciris_keyring::platform::android: VERIFY key_exists check - phase 1 (file/wrapper check), wrapper_alias=agent_signing_aes_wrapper, encrypted_key_path="/data/data/ai.ciris.mobile/files/ciris/data/agent_signing.ed25519.enc", wrapper_exists=true, file_exists=true
04-10 15:21:07.240 D/MainActivity(26001): Verify: ciris_verify_ffi: [INFO] ciris_keyring::platform::android: VERIFY key_exists check - phase 2 PASSED (key can be decrypted), wrapper_alias=agent_signing_aes_wrapper
04-10 15:21:07.240 D/MainActivity(26001): Verify: ciris_verify_ffi: [INFO] ciris_keyring::software: VERIFY MutableEd25519Signer::has_key - hardware wrapper check, has_key=true, hardware_backed=true, ciris_data_dir=Some("/data/data/ai.ciris.mobile/files/ciris")
04-10 15:21:07.241 D/MainActivity(26001): Verify: ciris_verify_ffi: [INFO] ciris_keyring::platform::android: VERIFY key_exists check - phase 1 (file/wrapper check), wrapper_alias=agent_signing_aes_wrapper, encrypted_key_path="/data/data/ai.ciris.mobile/files/ciris/data/agent_signing.ed25519.enc", wrapper_exists=true, file_exists=true
04-10 15:21:07.242 D/MainActivity(26001): Verify: ciris_verify_ffi: [INFO] ciris_keyring::platform::android: VERIFY key_exists check - phase 2 PASSED (key can be decrypted), wrapper_alias=agent_signing_aes_wrapper
04-10 15:21:07.243 D/MainActivity(26001): Verify: ciris_verify_ffi: [INFO] ciris_keyring::platform::android: VERIFY key_exists check - phase 1 (file/wrapper check), wrapper_alias=agent_signing_aes_wrapper, encrypted_key_path="/data/data/ai.ciris.mobile/files/ciris/data/agent_signing.ed25519.enc", wrapper_exists=true, file_exists=true
04-10 15:21:07.244 D/MainActivity(26001): Verify: ciris_verify_ffi: [INFO] ciris_keyring::platform::android: VERIFY key_exists check - phase 2 PASSED (key can be decrypted), wrapper_alias=agent_signing_aes_wrapper
04-10 15:21:10.801 W/chromium(26441): [WARNING:components/sync/engine/syncer_proto_util.cc:430] Error posting from syncer: Response Code (bogus on error): -1 Content-Length (bogus on error): -1 Server Status: CONNECTION_UNAVAILABLE
04-10 15:21:10.801 W/chromium(26441): [WARNING:components/sync/engine/commit.cc:181] Post commit failed
04-10 15:21:16.535 D/EnvFileUpdater(26001): Found CIRIS_HOME from env: /data/user/0/ai.ciris.mobile/files/ciris
04-10 15:21:18.033 D/MainActivity(26001): Verify: ciris_verify_ffi: [INFO] ciris_keyring::platform::android: VERIFY key_exists check - phase 1 (file/wrapper check), wrapper_alias=agent_signing_aes_wrapper, encrypted_key_path="/data/data/ai.ciris.mobile/files/ciris/data/agent_signing.ed25519.enc", wrapper_exists=true, file_exists=true
04-10 15:21:18.034 D/MainActivity(26001): Verify: ciris_verify_ffi: [INFO] ciris_keyring::platform::android: VERIFY key_exists check - phase 2 PASSED (key can be decrypted), wrapper_alias=agent_signing_aes_wrapper
04-10 15:21:18.556 I/python.stdout(26001): [15:21:18.556] [DISPATCHER] Handler PonderHandler completed for action ponder on thought th_followup_th_follo_324f9516-1f2 - created follow-up thought th_followup_th_follo_f1b814c7-430
04-10 15:21:18.567 D/MainActivity(26001): Verify: ciris_verify_ffi: [INFO] ciris_keyring::platform::android: VERIFY key_exists check - phase 1 (file/wrapper check), wrapper_alias=agent_signing_aes_wrapper, encrypted_key_path="/data/data/ai.ciris.mobile/files/ciris/data/agent_signing.ed25519.enc", wrapper_exists=true, file_exists=true
04-10 15:21:18.567 D/MainActivity(26001): Verify: ciris_verify_ffi: [INFO] ciris_keyring::platform::android: VERIFY key_exists check - phase 2 PASSED (key can be decrypted), wrapper_alias=agent_signing_aes_wrapper
04-10 15:21:19.479 I/InteractViewModel(26001): [fetchAuditActions] Adding 1 action entries to timeline
04-10 15:21:21.748 D/MainActivity(26001): Verify: ciris_verify_ffi: [INFO] ciris_keyring::platform::android: VERIFY key_exists check - phase 1 (file/wrapper check), wrapper_alias=agent_signing_aes_wrapper, encrypted_key_path="/data/data/ai.ciris.mobile/files/ciris/data/agent_signing.ed25519.enc", wrapper_exists=true, file_exists=true
04-10 15:21:21.749 D/MainActivity(26001): Verify: ciris_verify_ffi: [INFO] ciris_keyring::platform::android: VERIFY key_exists check - phase 2 PASSED (key can be decrypted), wrapper_alias=agent_signing_aes_wrapper
04-10 15:21:21.749 D/MainActivity(26001): Verify: ciris_verify_ffi: [INFO] ciris_keyring::software: VERIFY MutableEd25519Signer::has_key - hardware wrapper check, has_key=true, hardware_backed=true, ciris_data_dir=Some("/data/data/ai.ciris.mobile/files/ciris")
04-10 15:21:21.752 D/MainActivity(26001): Verify: ciris_verify_ffi: [INFO] ciris_keyring::platform::android: VERIFY key_exists check - phase 1 (file/wrapper check), wrapper_alias=agent_signing_aes_wrapper, encrypted_key_path="/data/data/ai.ciris.mobile/files/ciris/data/agent_signing.ed25519.enc", wrapper_exists=true, file_exists=true
04-10 15:21:21.752 D/MainActivity(26001): Verify: ciris_verify_ffi: [INFO] ciris_keyring::platform::android: VERIFY key_exists check - phase 2 PASSED (key can be decrypted), wrapper_alias=agent_signing_aes_wrapper
04-10 15:21:21.755 D/MainActivity(26001): Verify: ciris_verify_ffi: [INFO] ciris_keyring::platform::android: VERIFY key_exists check - phase 1 (file/wrapper check), wrapper_alias=agent_signing_aes_wrapper, encrypted_key_path="/data/data/ai.ciris.mobile/files/ciris/data/agent_signing.ed25519.enc", wrapper_exists=true, file_exists=true
04-10 15:21:21.755 D/MainActivity(26001): Verify: ciris_verify_ffi: [INFO] ciris_keyring::platform::android: VERIFY key_exists check - phase 2 PASSED (key can be decrypted), wrapper_alias=agent_signing_aes_wrapper
04-10 15:21:26.537 D/EnvFileUpdater(26001): Found CIRIS_HOME from env: /data/user/0/ai.ciris.mobile/files/ciris
04-10 15:21:26.890 I/CIRISApiClient(26001): [getWAStatus] Fetching WA status
04-10 15:21:27.333 I/CIRISApiClient(26001): [getWAStatus] WA Status: healthy=true, activeWAs=1, pendingDeferrals=0, deferrals24h=0, subscribers=2
04-10 15:21:33.356 D/MainActivity(26001): Verify: ciris_verify_ffi: [INFO] ciris_keyring::platform::android: VERIFY key_exists check - phase 1 (file/wrapper check), wrapper_alias=agent_signing_aes_wrapper, encrypted_key_path="/data/data/ai.ciris.mobile/files/ciris/data/agent_signing.ed25519.enc", wrapper_exists=true, file_exists=true
04-10 15:21:33.356 D/MainActivity(26001): Verify: ciris_verify_ffi: [INFO] ciris_keyring::platform::android: VERIFY key_exists check - phase 2 PASSED (key can be decrypted), wrapper_alias=agent_signing_aes_wrapper
04-10 15:21:34.044 I/python.stdout(26001): [15:21:34.044] [DISPATCHER] Handler PonderHandler completed for action ponder on thought th_followup_th_follo_f1b814c7-430 - created follow-up thought th_followup_th_follo_57874d32-aa3
04-10 15:21:34.052 D/MainActivity(26001): Verify: ciris_verify_ffi: [INFO] ciris_keyring::platform::android: VERIFY key_exists check - phase 1 (file/wrapper check), wrapper_alias=agent_signing_aes_wrapper, encrypted_key_path="/data/data/ai.ciris.mobile/files/ciris/data/agent_signing.ed25519.enc", wrapper_exists=true, file_exists=true
04-10 15:21:34.052 D/MainActivity(26001): Verify: ciris_verify_ffi: [INFO] ciris_keyring::platform::android: VERIFY key_exists check - phase 2 PASSED (key can be decrypted), wrapper_alias=agent_signing_aes_wrapper
04-10 15:21:35.033 I/InteractViewModel(26001): [fetchAuditActions] Adding 1 action entries to timeline
04-10 15:21:36.539 D/EnvFileUpdater(26001): Found CIRIS_HOME from env: /data/user/0/ai.ciris.mobile/files/ciris
04-10 15:21:37.236 D/MainActivity(26001): Verify: ciris_verify_ffi: [INFO] ciris_keyring::platform::android: VERIFY key_exists check - phase 1 (file/wrapper check), wrapper_alias=agent_signing_aes_wrapper, encrypted_key_path="/data/data/ai.ciris.mobile/files/ciris/data/agent_signing.ed25519.enc", wrapper_exists=true, file_exists=true
04-10 15:21:37.237 D/MainActivity(26001): Verify: ciris_verify_ffi: [INFO] ciris_keyring::platform::android: VERIFY key_exists check - phase 2 PASSED (key can be decrypted), wrapper_alias=agent_signing_aes_wrapper
04-10 15:21:37.237 D/MainActivity(26001): Verify: ciris_verify_ffi: [INFO] ciris_keyring::software: VERIFY MutableEd25519Signer::has_key - hardware wrapper check, has_key=true, hardware_backed=true, ciris_data_dir=Some("/data/data/ai.ciris.mobile/files/ciris")
04-10 15:21:37.242 D/MainActivity(26001): Verify: ciris_verify_ffi: [INFO] ciris_keyring::platform::android: VERIFY key_exists check - phase 1 (file/wrapper check), wrapper_alias=agent_signing_aes_wrapper, encrypted_key_path="/data/data/ai.ciris.mobile/files/ciris/data/agent_signing.ed25519.enc", wrapper_exists=true, file_exists=true
04-10 15:21:37.243 D/MainActivity(26001): Verify: ciris_verify_ffi: [INFO] ciris_keyring::platform::android: VERIFY key_exists check - phase 2 PASSED (key can be decrypted), wrapper_alias=agent_signing_aes_wrapper
04-10 15:21:37.249 D/MainActivity(26001): Verify: ciris_verify_ffi: [INFO] ciris_keyring::platform::android: VERIFY key_exists check - phase 1 (file/wrapper check), wrapper_alias=agent_signing_aes_wrapper, encrypted_key_path="/data/data/ai.ciris.mobile/files/ciris/data/agent_signing.ed25519.enc", wrapper_exists=true, file_exists=true
04-10 15:21:37.249 D/MainActivity(26001): Verify: ciris_verify_ffi: [INFO] ciris_keyring::platform::android: VERIFY key_exists check - phase 2 PASSED (key can be decrypted), wrapper_alias=agent_signing_aes_wrapper
04-10 15:21:46.202 D/MainActivity(26001): Verify: ciris_verify_ffi: [INFO] ciris_keyring::platform::android: VERIFY key_exists check - phase 1 (file/wrapper check), wrapper_alias=agent_signing_aes_wrapper, encrypted_key_path="/data/data/ai.ciris.mobile/files/ciris/data/agent_signing.ed25519.enc", wrapper_exists=true, file_exists=true
04-10 15:21:46.202 D/MainActivity(26001): Verify: ciris_verify_ffi: [INFO] ciris_keyring::platform::android: VERIFY key_exists check - phase 2 PASSED (key can be decrypted), wrapper_alias=agent_signing_aes_wrapper
04-10 15:21:46.541 D/EnvFileUpdater(26001): Found CIRIS_HOME from env: /data/user/0/ai.ciris.mobile/files/ciris
04-10 15:21:46.689 I/python.stdout(26001): [15:21:46.689] [DISPATCHER] Handler PonderHandler completed for action ponder on thought th_followup_th_follo_57874d32-aa3 - created follow-up thought th_followup_th_follo_494a1a2f-f03
04-10 15:21:46.697 D/MainActivity(26001): Verify: ciris_verify_ffi: [INFO] ciris_keyring::platform::android: VERIFY key_exists check - phase 1 (file/wrapper check), wrapper_alias=agent_signing_aes_wrapper, encrypted_key_path="/data/data/ai.ciris.mobile/files/ciris/data/agent_signing.ed25519.enc", wrapper_exists=true, file_exists=true
04-10 15:21:46.698 D/MainActivity(26001): Verify: ciris_verify_ffi: [INFO] ciris_keyring::platform::android: VERIFY key_exists check - phase 2 PASSED (key can be decrypted), wrapper_alias=agent_signing_aes_wrapper
04-10 15:21:47.620 I/InteractViewModel(26001): [fetchAuditActions] Adding 1 action entries to timeline
04-10 15:21:49.868 D/MainActivity(26001): Verify: ciris_verify_ffi: [INFO] ciris_keyring::platform::android: VERIFY key_exists check - phase 1 (file/wrapper check), wrapper_alias=agent_signing_aes_wrapper, encrypted_key_path="/data/data/ai.ciris.mobile/files/ciris/data/agent_signing.ed25519.enc", wrapper_exists=true, file_exists=true
04-10 15:21:49.869 D/MainActivity(26001): Verify: ciris_verify_ffi: [INFO] ciris_keyring::platform::android: VERIFY key_exists check - phase 2 PASSED (key can be decrypted), wrapper_alias=agent_signing_aes_wrapper
04-10 15:21:49.869 D/MainActivity(26001): Verify: ciris_verify_ffi: [INFO] ciris_keyring::software: VERIFY MutableEd25519Signer::has_key - hardware wrapper check, has_key=true, hardware_backed=true, ciris_data_dir=Some("/data/data/ai.ciris.mobile/files/ciris")
04-10 15:21:49.872 D/MainActivity(26001): Verify: ciris_verify_ffi: [INFO] ciris_keyring::platform::android: VERIFY key_exists check - phase 1 (file/wrapper check), wrapper_alias=agent_signing_aes_wrapper, encrypted_key_path="/data/data/ai.ciris.mobile/files/ciris/data/agent_signing.ed25519.enc", wrapper_exists=true, file_exists=true
04-10 15:21:49.872 D/MainActivity(26001): Verify: ciris_verify_ffi: [INFO] ciris_keyring::platform::android: VERIFY key_exists check - phase 2 PASSED (key can be decrypted), wrapper_alias=agent_signing_aes_wrapper
04-10 15:21:49.874 D/MainActivity(26001): Verify: ciris_verify_ffi: [INFO] ciris_keyring::platform::android: VERIFY key_exists check - phase 1 (file/wrapper check), wrapper_alias=agent_signing_aes_wrapper, encrypted_key_path="/data/data/ai.ciris.mobile/files/ciris/data/agent_signing.ed25519.enc", wrapper_exists=true, file_exists=true
04-10 15:21:49.874 D/MainActivity(26001): Verify: ciris_verify_ffi: [INFO] ciris_keyring::platform::android: VERIFY key_exists check - phase 2 PASSED (key can be decrypted), wrapper_alias=agent_signing_aes_wrapper
04-10 15:21:55.260 E/CIRISApiClient(26001): [getMessages] Exception: UnknownHostException: Unable to resolve host "localhost": No address associated with hostname | Context: limit=50, is401=false, tokenPresent=true, tokenPreview=ciris_ad...2uIc
04-10 15:21:55.262 W/InteractViewModel(26001): [fetchHistory] Non-auth error: UnknownHostException: Unable to resolve host "localhost": No address associated with hostname
04-10 15:21:55.269 E/CIRISApiClient(26001): [getAuditEntries] Exception: UnknownHostException: Unable to resolve host "localhost": No address associated with hostname
04-10 15:21:55.947 E/CIRISApiClient(26001): [getSystemStatus] Exception: UnknownHostException: Unable to resolve host "localhost": No address associated with hostname | Context: url=http://localhost:8080
04-10 15:21:56.544 D/EnvFileUpdater(26001): Found CIRIS_HOME from env: /data/user/0/ai.ciris.mobile/files/ciris
04-10 15:21:57.344 E/CIRISApiClient(26001): [getLlmConfig] Exception: UnknownHostException: Unable to resolve host "localhost": No address associated with hostname
04-10 15:21:57.346 W/InteractViewModel(26001): [fetchHealthData] Failed to fetch LLM config from API: Unable to resolve host "localhost": No address associated with hostname
04-10 15:21:57.351 E/CIRISApiClient(26001): [getVerifyStatus] Exception: UnknownHostException: Unable to resolve host "localhost": No address associated with hostname
04-10 15:21:57.354 I/CIRISApiClient(26001): [getWAStatus] Fetching WA status
04-10 15:21:57.358 E/CIRISApiClient(26001): [getWAStatus] Exception: UnknownHostException: Unable to resolve host "localhost": No address associated with hostname
04-10 15:21:58.274 E/CIRISApiClient(26001): [getMessages] Exception: UnknownHostException: Unable to resolve host "localhost": No address associated with hostname | Context: limit=50, is401=false, tokenPresent=true, tokenPreview=ciris_ad...2uIc
04-10 15:21:58.276 W/InteractViewModel(26001): [fetchHistory] Non-auth error: UnknownHostException: Unable to resolve host "localhost": No address associated with hostname
04-10 15:21:58.282 E/CIRISApiClient(26001): [getAuditEntries] Exception: UnknownHostException: Unable to resolve host "localhost": No address associated with hostname
04-10 15:22:00.961 E/CIRISApiClient(26001): [getSystemStatus] Exception: UnknownHostException: Unable to resolve host "localhost": No address associated with hostname | Context: url=http://localhost:8080
04-10 15:22:01.294 E/CIRISApiClient(26001): [getMessages] Exception: UnknownHostException: Unable to resolve host "localhost": No address associated with hostname | Context: limit=50, is401=false, tokenPresent=true, tokenPreview=ciris_ad...2uIc
04-10 15:22:01.296 W/InteractViewModel(26001): [fetchHistory] Non-auth error: UnknownHostException: Unable to resolve host "localhost": No address associated with hostname
04-10 15:22:01.299 E/CIRISApiClient(26001): [getAuditEntries] Exception: UnknownHostException: Unable to resolve host "localhost": No address associated with hostname
04-10 15:22:06.545 D/EnvFileUpdater(26001): Found CIRIS_HOME from env: /data/user/0/ai.ciris.mobile/files/ciris
04-10 15:22:16.499 D/MainActivity(26001): Verify: ciris_verify_ffi: [INFO] ciris_keyring::platform::android: VERIFY key_exists check - phase 1 (file/wrapper check), wrapper_alias=agent_signing_aes_wrapper, encrypted_key_path="/data/data/ai.ciris.mobile/files/ciris/data/agent_signing.ed25519.enc", wrapper_exists=true, file_exists=true
04-10 15:22:16.499 D/MainActivity(26001): Verify: ciris_verify_ffi: [INFO] ciris_keyring::platform::android: VERIFY key_exists check - phase 2 PASSED (key can be decrypted), wrapper_alias=agent_signing_aes_wrapper
04-10 15:22:16.545 D/EnvFileUpdater(26001): Found CIRIS_HOME from env: /data/user/0/ai.ciris.mobile/files/ciris
04-10 15:22:16.803 I/python.stdout(26001): [15:22:16.803] [DISPATCHER] Handler PonderHandler completed for action ponder on thought th_followup_th_follo_494a1a2f-f03 - created follow-up thought th_followup_th_follo_60b1282e-dff
04-10 15:22:16.810 D/MainActivity(26001): Verify: ciris_verify_ffi: [INFO] ciris_keyring::platform::android: VERIFY key_exists check - phase 1 (file/wrapper check), wrapper_alias=agent_signing_aes_wrapper, encrypted_key_path="/data/data/ai.ciris.mobile/files/ciris/data/agent_signing.ed25519.enc", wrapper_exists=true, file_exists=true
04-10 15:22:16.810 D/MainActivity(26001): Verify: ciris_verify_ffi: [INFO] ciris_keyring::platform::android: VERIFY key_exists check - phase 2 PASSED (key can be decrypted), wrapper_alias=agent_signing_aes_wrapper
04-10 15:22:17.717 I/InteractViewModel(26001): [fetchAuditActions] Adding 1 action entries to timeline
04-10 15:22:20.895 D/MainActivity(26001): Verify: ciris_verify_ffi: [INFO] ciris_keyring::platform::android: VERIFY key_exists check - phase 1 (file/wrapper check), wrapper_alias=agent_signing_aes_wrapper, encrypted_key_path="/data/data/ai.ciris.mobile/files/ciris/data/agent_signing.ed25519.enc", wrapper_exists=true, file_exists=true
04-10 15:22:20.895 D/MainActivity(26001): Verify: ciris_verify_ffi: [INFO] ciris_keyring::platform::android: VERIFY key_exists check - phase 2 PASSED (key can be decrypted), wrapper_alias=agent_signing_aes_wrapper
04-10 15:22:20.895 D/MainActivity(26001): Verify: ciris_verify_ffi: [INFO] ciris_keyring::software: VERIFY MutableEd25519Signer::has_key - hardware wrapper check, has_key=true, hardware_backed=true, ciris_data_dir=Some("/data/data/ai.ciris.mobile/files/ciris")
04-10 15:22:20.897 D/MainActivity(26001): Verify: ciris_verify_ffi: [INFO] ciris_keyring::platform::android: VERIFY key_exists check - phase 1 (file/wrapper check), wrapper_alias=agent_signing_aes_wrapper, encrypted_key_path="/data/data/ai.ciris.mobile/files/ciris/data/agent_signing.ed25519.enc", wrapper_exists=true, file_exists=true
04-10 15:22:20.897 D/MainActivity(26001): Verify: ciris_verify_ffi: [INFO] ciris_keyring::platform::android: VERIFY key_exists check - phase 2 PASSED (key can be decrypted), wrapper_alias=agent_signing_aes_wrapper
04-10 15:22:20.899 D/MainActivity(26001): Verify: ciris_verify_ffi: [INFO] ciris_keyring::platform::android: VERIFY key_exists check - phase 1 (file/wrapper check), wrapper_alias=agent_signing_aes_wrapper, encrypted_key_path="/data/data/ai.ciris.mobile/files/ciris/data/agent_signing.ed25519.enc", wrapper_exists=true, file_exists=true
04-10 15:22:20.899 D/MainActivity(26001): Verify: ciris_verify_ffi: [INFO] ciris_keyring::platform::android: VERIFY key_exists check - phase 2 PASSED (key can be decrypted), wrapper_alias=agent_signing_aes_wrapper
04-10 15:22:24.377 I/InteractViewModel(26001): [shutdown] Initiating shutdown: emergency=true
04-10 15:22:24.378 W/InteractViewModel(26001): [shutdown] Emergency shutdown triggered
04-10 15:22:24.378 W/CIRISApiClient(26001): [emergencyShutdown] Initiating EMERGENCY shutdown
04-10 15:22:24.742 D/MainActivity(26001): Verify: ciris_verify_ffi: [INFO] ciris_keyring::platform::android: VERIFY key_exists check - phase 1 (file/wrapper check), wrapper_alias=agent_signing_aes_wrapper, encrypted_key_path="/data/data/ai.ciris.mobile/files/ciris/data/agent_signing.ed25519.enc", wrapper_exists=true, file_exists=true
04-10 15:22:24.750 D/MainActivity(26001): Verify: ciris_verify_ffi: [INFO] ciris_keyring::platform::android: VERIFY key_exists check - phase 2 PASSED (key can be decrypted), wrapper_alias=agent_signing_aes_wrapper
04-10 15:22:24.798 W/python.stderr(26001): ERROR:    Traceback (most recent call last):
04-10 15:22:24.798 W/python.stderr(26001):   File "stdlib/asyncio/runners.py", line 44, in run
04-10 15:22:24.798 W/python.stderr(26001):   File "stdlib/asyncio/base_events.py", line 636, in run_until_complete
04-10 15:22:24.798 W/python.stderr(26001):   File "stdlib/asyncio/base_events.py", line 603, in run_forever
04-10 15:22:24.798 W/python.stderr(26001):   File "stdlib/asyncio/base_events.py", line 1909, in _run_once
04-10 15:22:24.798 W/python.stderr(26001):   File "stdlib/asyncio/events.py", line 80, in _run
04-10 15:22:24.798 W/python.stderr(26001):   File "/data/data/ai.ciris.mobile/files/chaquopy/AssetFinder/requirements/starlette/middleware/base.py", line 149, in coro
04-10 15:22:24.798 W/python.stderr(26001):   File "/data/data/ai.ciris.mobile/files/chaquopy/AssetFinder/requirements/starlette/middleware/exceptions.py", line 62, in __call__
04-10 15:22:24.798 W/python.stderr(26001):   File "/data/data/ai.ciris.mobile/files/chaquopy/AssetFinder/requirements/starlette/_exception_handler.py", line 51, in wrapped_app
04-10 15:22:24.798 W/python.stderr(26001):   File "/data/data/ai.ciris.mobile/files/chaquopy/AssetFinder/requirements/starlette/routing.py", line 715, in __call__
04-10 15:22:24.798 W/python.stderr(26001):   File "/data/data/ai.ciris.mobile/files/chaquopy/AssetFinder/requirements/starlette/routing.py", line 735, in app
04-10 15:22:24.798 W/python.stderr(26001):   File "/data/data/ai.ciris.mobile/files/chaquopy/AssetFinder/requirements/starlette/routing.py", line 288, in handle
04-10 15:22:24.798 W/python.stderr(26001):   File "/data/data/ai.ciris.mobile/files/chaquopy/AssetFinder/requirements/starlette/routing.py", line 76, in app
04-10 15:22:24.798 W/python.stderr(26001):   File "/data/data/ai.ciris.mobile/files/chaquopy/AssetFinder/requirements/starlette/_exception_handler.py", line 51, in wrapped_app
04-10 15:22:24.798 W/python.stderr(26001):   File "/data/data/ai.ciris.mobile/files/chaquopy/AssetFinder/requirements/starlette/routing.py", line 73, in app
04-10 15:22:24.798 W/python.stderr(26001):   File "/data/data/ai.ciris.mobile/files/chaquopy/AssetFinder/requirements/fastapi/routing.py", line 301, in app
04-10 15:22:24.798 W/python.stderr(26001):   File "/data/data/ai.ciris.mobile/files/chaquopy/AssetFinder/requirements/fastapi/routing.py", line 212, in run_endpoint_function
04-10 15:22:24.798 W/python.stderr(26001):   File "/data/data/ai.ciris.mobile/files/chaquopy/AssetFinder/app/ciris_engine/logic/adapters/api/routes/system/shutdown.py", line 74, in shutdown_system
04-10 15:22:24.798 W/python.stderr(26001):     await execute_shutdown(shutdown_service, runtime, body.force, safe_reason)
04-10 15:22:24.798 W/python.stderr(26001):   File "/data/data/ai.ciris.mobile/files/chaquopy/AssetFinder/app/ciris_engine/logic/adapters/api/routes/system/helpers.py", line 677, in execute_shutdown
04-10 15:22:24.798 W/python.stderr(26001):     await shutdown_service.emergency_shutdown(reason, timeout_seconds=5)
04-10 15:22:24.798 W/python.stderr(26001):   File "/data/data/ai.ciris.mobile/files/chaquopy/AssetFinder/app/ciris_engine/logic/services/lifecycle/shutdown/service.py", line 295, in emergency_shutdown
04-10 15:22:24.798 W/python.stderr(26001):     sys.exit(1)
04-10 15:22:24.798 W/python.stderr(26001): SystemExit: 1
04-10 15:22:24.798 W/python.stderr(26001): 
04-10 15:22:24.798 W/python.stderr(26001): During handling of the above exception, another exception occurred:
04-10 15:22:24.798 W/python.stderr(26001): 
04-10 15:22:24.798 W/python.stderr(26001): Traceback (most recent call last):
04-10 15:22:24.798 W/python.stderr(26001):   File "/data/data/ai.ciris.mobile/files/chaquopy/AssetFinder/requirements/starlette/routing.py", line 700, in lifespan
04-10 15:22:24.798 W/python.stderr(26001):   File "/data/data/ai.ciris.mobile/files/chaquopy/AssetFinder/requirements/uvicorn/lifespan/on.py", line 137, in receive
04-10 15:22:24.798 W/python.stderr(26001):   File "stdlib/asyncio/queues.py", line 159, in get
04-10 15:22:24.798 W/python.stderr(26001): asyncio.exceptions.CancelledError
04-10 15:22:24.798 W/python.stderr(26001): 
04-10 15:22:25.102 D/MainActivity(26001): Verify: ciris_verify_ffi: [INFO] ciris_keyring::platform::android: VERIFY key_exists check - phase 1 (file/wrapper check), wrapper_alias=agent_signing_aes_wrapper, encrypted_key_path="/data/data/ai.ciris.mobile/files/ciris/data/agent_signing.ed25519.enc", wrapper_exists=true, file_exists=true
04-10 15:22:25.102 D/MainActivity(26001): Verify: ciris_verify_ffi: [INFO] ciris_keyring::platform::android: VERIFY key_exists check - phase 2 PASSED (key can be decrypted), wrapper_alias=agent_signing_aes_wrapper
04-10 15:22:26.550 D/EnvFileUpdater(26001): Found CIRIS_HOME from env: /data/user/0/ai.ciris.mobile/files/ciris
04-10 15:22:32.597 D/CIRISApp(26001): [INFO] Opening Server Connection page from Local status badge
04-10 15:22:32.610 D/CIRISApp(26001): [INIT] CIRISApp composable invoked - googleSignInCallback=PRESENT (105617214)
04-10 15:22:32.610 I/InteractViewModel(26001): [setDeviceAttestationCallback] Device attestation callback SET
04-10 15:22:36.363 E/CIRISApiClient(26001): [getSystemStatus] Exception: HttpRequestTimeoutException: Request timeout has expired [url=http://localhost:8080/v1/system/health, request_timeout=10000 ms] | Context: url=http://localhost:8080
04-10 15:22:36.363 E/CIRISApiClient(26001): io.ktor.client.plugins.HttpRequestTimeoutException: Request timeout has expired [url=http://localhost:8080/v1/system/health, request_timeout=10000 ms]
04-10 15:22:36.363 E/CIRISApiClient(26001): 	at io.ktor.client.plugins.HttpTimeout$Plugin$install$1$1$killer$1.invokeSuspend(HttpTimeout.kt:165)
04-10 15:22:36.363 E/CIRISApiClient(26001): 	at kotlin.coroutines.jvm.internal.BaseContinuationImpl.resumeWith(ContinuationImpl.kt:33)
04-10 15:22:36.363 E/CIRISApiClient(26001): 	at kotlinx.coroutines.DispatchedTask.run(DispatchedTask.kt:104)
04-10 15:22:36.363 E/CIRISApiClient(26001): 	at kotlinx.coroutines.internal.LimitedDispatcher$Worker.run(LimitedDispatcher.kt:111)
04-10 15:22:36.363 E/CIRISApiClient(26001): 	at kotlinx.coroutines.scheduling.TaskImpl.run(Tasks.kt:99)
04-10 15:22:36.363 E/CIRISApiClient(26001): 	at kotlinx.coroutines.scheduling.CoroutineScheduler.runSafely(CoroutineScheduler.kt:585)
04-10 15:22:36.363 E/CIRISApiClient(26001): 	at kotlinx.coroutines.scheduling.CoroutineScheduler$Worker.executeTask(CoroutineScheduler.kt:802)
04-10 15:22:36.363 E/CIRISApiClient(26001): 	at kotlinx.coroutines.scheduling.CoroutineScheduler$Worker.runWorker(CoroutineScheduler.kt:706)
04-10 15:22:36.363 E/CIRISApiClient(26001): 	at kotlinx.coroutines.scheduling.CoroutineScheduler$Worker.run(CoroutineScheduler.kt:693)
04-10 15:22:36.553 D/EnvFileUpdater(26001): Found CIRIS_HOME from env: /data/user/0/ai.ciris.mobile/files/ciris
04-10 15:22:37.297 D/CIRISApp(26001): [INIT] CIRISApp composable invoked - googleSignInCallback=PRESENT (105617214)
04-10 15:22:37.297 I/InteractViewModel(26001): [setDeviceAttestationCallback] Device attestation callback SET
04-10 15:22:37.300 D/CIRISApp(26001): [CIRISApp] >>> liveBackgroundEnabled=true, apiClient=present
04-10 15:22:37.342 I/CIRISApiClient(26001): [getGraphData] >>> START: hours=24, scope=ALL_SCOPES, type=null, limit=200
04-10 15:22:37.342 I/CIRISApiClient(26001): [getGraphData] Fetching timeline: http://localhost:8080/v1/memory/timeline?hours=24&include_edges=true&include_metrics=false
04-10 15:22:37.368 E/CIRISApiClient(26001): [getLlmConfig] Exception: SocketTimeoutException: Socket timeout has expired [url=http://localhost:8080/v1/setup/config, socket_timeout=unknown] ms
04-10 15:22:37.368 E/CIRISApiClient(26001): io.ktor.client.network.sockets.SocketTimeoutException: Socket timeout has expired [url=http://localhost:8080/v1/setup/config, socket_timeout=unknown] ms
04-10 15:22:37.368 E/CIRISApiClient(26001): 	at io.ktor.client.plugins.HttpTimeoutKt.SocketTimeoutException(HttpTimeout.kt:239)
04-10 15:22:37.368 E/CIRISApiClient(26001): 	at io.ktor.client.engine.okhttp.OkUtilsKt.mapOkHttpException(OkUtils.kt:80)
04-10 15:22:37.368 E/CIRISApiClient(26001): 	at io.ktor.client.engine.okhttp.OkUtilsKt.access$mapOkHttpException(OkUtils.kt:1)
04-10 15:22:37.368 E/CIRISApiClient(26001): 	at io.ktor.client.engine.okhttp.OkHttpCallback.onFailure(OkUtils.kt:39)
04-10 15:22:37.368 E/CIRISApiClient(26001): 	at okhttp3.internal.connection.RealCall$AsyncCall.run(RealCall.kt:525)
04-10 15:22:37.368 E/CIRISApiClient(26001): 	at java.util.concurrent.ThreadPoolExecutor.runWorker(ThreadPoolExecutor.java:1154)
04-10 15:22:37.368 E/CIRISApiClient(26001): 	at java.util.concurrent.ThreadPoolExecutor$Worker.run(ThreadPoolExecutor.java:652)
04-10 15:22:37.368 E/CIRISApiClient(26001): 	at java.lang.Thread.run(Thread.java:1564)
04-10 15:22:37.368 E/CIRISApiClient(26001): Caused by: java.net.SocketTimeoutException: timeout
04-10 15:22:37.368 E/CIRISApiClient(26001): 	at okio.SocketAsyncTimeout.newTimeoutException(JvmOkio.kt:146)
04-10 15:22:37.368 E/CIRISApiClient(26001): 	at okio.AsyncTimeout.access$newTimeoutException(AsyncTimeout.kt:161)
04-10 15:22:37.368 E/CIRISApiClient(26001): 	at okio.AsyncTimeout$source$1.read(AsyncTimeout.kt:339)
04-10 15:22:37.368 E/CIRISApiClient(26001): 	at okio.RealBufferedSource.indexOf(RealBufferedSource.kt:430)
04-10 15:22:37.368 E/CIRISApiClient(26001): 	at okio.RealBufferedSource.readUtf8LineStrict(RealBufferedSource.kt:323)
04-10 15:22:37.368 E/CIRISApiClient(26001): 	at okhttp3.internal.http1.HeadersReader.readLine(HeadersReader.kt:29)
04-10 15:22:37.368 E/CIRISApiClient(26001): 	at okhttp3.internal.http1.Http1ExchangeCodec.readResponseHeaders(Http1ExchangeCodec.kt:180)
04-10 15:22:37.368 E/CIRISApiClient(26001): 	at okhttp3.internal.connection.Exchange.readResponseHeaders(Exchange.kt:110)
04-10 15:22:37.368 E/CIRISApiClient(26001): 	at okhttp3.internal.http.CallServerInterceptor.intercept(CallServerInterceptor.kt:93)
04-10 15:22:37.368 E/CIRISApiClient(26001): 	at okhttp3.internal.http.RealInterceptorChain.proceed(RealInterceptorChain.kt:109)
04-10 15:22:37.368 E/CIRISApiClient(26001): 	at okhttp3.internal.connection.ConnectInterceptor.intercept(ConnectInterceptor.kt:34)
04-10 15:22:37.368 E/CIRISApiClient(26001): 	at okhttp3.internal.http.RealInterceptorChain.proceed(RealInterceptorChain.kt:109)
04-10 15:22:37.368 E/CIRISApiClient(26001): 	at okhttp3.internal.cache.CacheInterceptor.intercept(CacheInterceptor.kt:95)
04-10 15:22:37.368 E/CIRISApiClient(26001): 	at okhttp3.internal.http.RealInterceptorChain.proceed(RealInterceptorChain.kt:109)
04-10 15:22:37.368 E/CIRISApiClient(26001): 	at okhttp3.internal.http.BridgeInterceptor.intercept(BridgeInterceptor.kt:83)
04-10 15:22:37.368 E/CIRISApiClient(26001): 	at okhttp3.internal.http.RealInterceptorChain.proceed(RealInterceptorChain.kt:109)
04-10 15:22:37.368 E/CIRISApiClient(26001): 	at okhttp3.internal.http.RetryAndFollowUpInterceptor.intercept(RetryAndFollowUpInterceptor.kt:76)
04-10 15:22:37.368 E/CIRISApiClient(26001): 	at okhttp3.internal.http.RealInterceptorChain.proceed(RealInterceptorChain.kt:109)
04-10 15:22:37.368 E/CIRISApiClient(26001): 	at okhttp3.internal.connection.RealCall.getResponseWithInterceptorChain$okhttp(RealCall.kt:201)
04-10 15:22:37.368 E/CIRISApiClient(26001): 	at okhttp3.internal.connection.RealCall$AsyncCall.run(RealCall.kt:517)
04-10 15:22:37.368 E/CIRISApiClient(26001): 	... 3 more
04-10 15:22:37.368 E/CIRISApiClient(26001): Caused by: java.net.SocketException: Socket closed
04-10 15:22:37.368 E/CIRISApiClient(26001): 	at java.net.SocketInputStream.read(SocketInputStream.java:188)
04-10 15:22:37.368 E/CIRISApiClient(26001): 	at java.net.SocketInputStream.read(SocketInputStream.java:143)
04-10 15:22:37.368 E/CIRISApiClient(26001): 	at okio.InputStreamSource.read(JvmOkio.kt:93)
04-10 15:22:37.368 E/CIRISApiClient(26001): 	at okio.AsyncTimeout$source$1.read(AsyncTimeout.kt:128)
04-10 15:22:37.368 E/CIRISApiClient(26001): 	... 20 more
04-10 15:22:37.369 W/InteractViewModel(26001): [fetchHealthData] Failed to fetch LLM config from API: Socket timeout has expired [url=http://localhost:8080/v1/setup/config, socket_timeout=unknown] ms
04-10 15:22:38.982 E/CIRISApiClient(26001): [getSystemStatus] Exception: HttpRequestTimeoutException: Request timeout has expired [url=http://localhost:8080/v1/system/health, request_timeout=10000 ms] | Context: url=http://localhost:8080
04-10 15:22:38.982 E/CIRISApiClient(26001): io.ktor.client.plugins.HttpRequestTimeoutException: Request timeout has expired [url=http://localhost:8080/v1/system/health, request_timeout=10000 ms]
04-10 15:22:38.982 E/CIRISApiClient(26001): 	at io.ktor.client.plugins.HttpTimeout$Plugin$install$1$1$killer$1.invokeSuspend(HttpTimeout.kt:165)
04-10 15:22:38.982 E/CIRISApiClient(26001): 	at kotlin.coroutines.jvm.internal.BaseContinuationImpl.resumeWith(ContinuationImpl.kt:33)
04-10 15:22:38.982 E/CIRISApiClient(26001): 	at kotlinx.coroutines.DispatchedTask.run(DispatchedTask.kt:104)
04-10 15:22:38.982 E/CIRISApiClient(26001): 	at kotlinx.coroutines.internal.LimitedDispatcher$Worker.run(LimitedDispatcher.kt:111)
04-10 15:22:38.982 E/CIRISApiClient(26001): 	at kotlinx.coroutines.scheduling.TaskImpl.run(Tasks.kt:99)
04-10 15:22:38.982 E/CIRISApiClient(26001): 	at kotlinx.coroutines.scheduling.CoroutineScheduler.runSafely(CoroutineScheduler.kt:585)
04-10 15:22:38.982 E/CIRISApiClient(26001): 	at kotlinx.coroutines.scheduling.CoroutineScheduler$Worker.executeTask(CoroutineScheduler.kt:802)
04-10 15:22:38.982 E/CIRISApiClient(26001): 	at kotlinx.coroutines.scheduling.CoroutineScheduler$Worker.runWorker(CoroutineScheduler.kt:706)
04-10 15:22:38.982 E/CIRISApiClient(26001): 	at kotlinx.coroutines.scheduling.CoroutineScheduler$Worker.run(CoroutineScheduler.kt:693)
04-10 15:22:38.983 E/InteractViewModel(26001): [startStatusPolling] Status poll failed: HttpRequestTimeoutException: Request timeout has expired [url=http://localhost:8080/v1/system/health, request_timeout=10000 ms]
04-10 15:22:47.593 I/chromium(31411): [INFO:components/enterprise/browser/controller/chrome_browser_cloud_management_controller.cc:302] Deferring CBCM Controller Initialization until it is unblocked.
04-10 15:22:47.671 W/chromium(31411): [WARNING:components/gcm_driver/instance_id/instance_id_android.cc:101] Non-zero TTL requested for InstanceID token, while TTLs are not supported by Android Firebase IID API.
04-10 15:22:47.671 W/chromium(31411): [WARNING:components/gcm_driver/instance_id/instance_id_android.cc:101] Non-zero TTL requested for InstanceID token, while TTLs are not supported by Android Firebase IID API.
04-10 15:22:47.673 W/chromium(31482): [WARNING:content/app/android/content_main_android.cc:82] android_setCpu already initialized
04-10 15:22:47.759 I/chromium(31482): [INFO:third_party/skia/src/gpu/vk/VulkanPreferredFeatures.cpp:435] WARNING: VulkanPreferredFeatures::addFeaturesToQuery() was not called
04-10 15:22:47.759 I/chromium(31482): 
04-10 15:22:47.759 I/chromium(31482): [INFO:third_party/skia/src/gpu/vk/VulkanPreferredFeatures.cpp:438] WARNING: VulkanPreferredFeatures::addFeaturesToEnable() was not called
04-10 15:22:47.759 I/chromium(31482): 
04-10 15:22:47.839 W/chromium(31450): [WARNING:content/app/android/content_main_android.cc:82] android_setCpu already initialized
04-10 15:22:47.909 W/chromium(31411): [WARNING:net/cert/ev_root_ca_metadata.cc:118] Not implemented
04-10 15:22:47.911 W/chromium(31411): [WARNING:net/cert/ev_root_ca_metadata.cc:118] Not implemented
04-10 15:22:47.979 W/chromium(31519): [WARNING:content/app/android/content_main_android.cc:82] android_setCpu already initialized
04-10 15:22:47.983 I/chromium(31411): [INFO:brave/components/brave_ads/core/internal/creatives/new_tab_page_ads/creative_new_tab_page_ads_util.cc:157] Successfully saved creative new tab page ads
04-10 15:22:47.984 I/chromium(31411): [INFO:brave/components/brave_ads/core/internal/creatives/new_tab_page_ads/creative_new_tab_page_ads_util.cc:142] Successfully saved creative set conversions
