04-15 20:10:52.407 I/SettingsViewModel(14514): [loadLlmConfig] LLM config loaded from API: provider=local, isCirisProxy=false, model=gemma-4-e2b
04-15 20:10:52.411 I/SettingsViewModel(14514): [loadLlmConfig] API key loaded, now fetching models for provider: local
04-15 20:10:52.411 I/SettingsViewModel(14514): [fetchModelsForProvider] Fetching models for provider: local
04-15 20:10:52.412 I/CIRISApiClient(14514): [listModels] Listing models: provider=local, baseUrl=http://127.0.0.1:8091/v1
04-15 20:10:53.153 I/CIRISApiClient(14514): [listAdapters] API response: total=8, running=8, adapters.size=8
04-15 20:10:53.154 I/CIRISApiClient(14514): [listAdapters]   API adapter[0]: id=cirisverify_bootstrap, type=cirisverify, running=true, needsReauth=false, hasAuthStep=false
04-15 20:10:53.154 I/CIRISApiClient(14514): [listAdapters]   API adapter[1]: id=wallet_bootstrap, type=wallet, running=true, needsReauth=false, hasAuthStep=false
04-15 20:10:53.155 I/CIRISApiClient(14514): [listAdapters]   API adapter[2]: id=api_bootstrap, type=api, running=true, needsReauth=false, hasAuthStep=false
04-15 20:10:53.156 I/CIRISApiClient(14514): [listAdapters]   API adapter[3]: id=navigation, type=navigation, running=true, needsReauth=false, hasAuthStep=false
04-15 20:10:53.156 I/CIRISApiClient(14514): [listAdapters]   API adapter[4]: id=ciris_accord_metrics, type=ciris_accord_metrics, running=true, needsReauth=false, hasAuthStep=false
04-15 20:10:53.157 I/CIRISApiClient(14514): [listAdapters]   API adapter[5]: id=ciris_hosted_tools, type=ciris_hosted_tools, running=true, needsReauth=false, hasAuthStep=false
04-15 20:10:53.157 I/CIRISApiClient(14514): [listAdapters]   API adapter[6]: id=weather, type=weather, running=true, needsReauth=false, hasAuthStep=false
04-15 20:10:53.158 I/CIRISApiClient(14514): [listAdapters]   API adapter[7]: id=mobile_local_llm, type=mobile_local_llm, running=true, needsReauth=false, hasAuthStep=false
04-15 20:10:53.159 I/CIRISApiClient(14514): [getLlmBusStatus] GET http://localhost:8080/v1/system/llm/status
04-15 20:10:54.032 I/CIRISApiClient(14514): [getLlmProviders] GET http://localhost:8080/v1/system/llm/providers
04-15 20:10:56.645 I/CIRISApiClient(14514): [listModels] Listed 0 models from static
04-15 20:10:56.646 W/SettingsViewModel(14514): [fetchModelsForProvider] API returned no models, keeping static list
04-15 20:10:56.647 I/SettingsViewModel(14514): [loadLlmConfig] Configuration loaded successfully from API
04-15 20:11:02.283 D/EnvFileUpdater(14514): Found CIRIS_HOME from env: /data/user/0/ai.ciris.mobile.debug/files/ciris
04-15 20:11:12.289 D/EnvFileUpdater(14514): Found CIRIS_HOME from env: /data/user/0/ai.ciris.mobile.debug/files/ciris
04-15 20:11:15.303 I/CIRISApiClient(14514): [getCirisServicesStatus] GET http://localhost:8080/v1/system/llm/ciris-services/status
04-15 20:11:15.700 I/CIRISApiClient(14514): [getCirisServicesStatus] Response 200 OK: {"data":{"disabled":true,"message":"CIRIS services are disabled"},"metadata":{"timestamp":"2026-04-16T01:11:15.690318+00:00","request_id":null,"duration_ms":null}}
04-15 20:11:15.738 I/CIRISApiClient(14514): [getWAStatus] Fetching WA status
04-15 20:11:16.138 I/CIRISApiClient(14514): [getWAStatus] WA Status: healthy=true, activeWAs=1, pendingDeferrals=0, deferrals24h=0, subscribers=2
04-15 20:11:22.295 D/EnvFileUpdater(14514): Found CIRIS_HOME from env: /data/user/0/ai.ciris.mobile.debug/files/ciris
04-15 20:11:32.298 D/EnvFileUpdater(14514): Found CIRIS_HOME from env: /data/user/0/ai.ciris.mobile.debug/files/ciris
04-15 20:11:42.301 D/EnvFileUpdater(14514): Found CIRIS_HOME from env: /data/user/0/ai.ciris.mobile.debug/files/ciris
04-15 20:11:46.568 I/CIRISApiClient(14514): [getCirisServicesStatus] GET http://localhost:8080/v1/system/llm/ciris-services/status
04-15 20:11:46.968 I/CIRISApiClient(14514): [getCirisServicesStatus] Response 200 OK: {"data":{"disabled":true,"message":"CIRIS services are disabled"},"metadata":{"timestamp":"2026-04-16T01:11:46.956778+00:00","request_id":null,"duration_ms":null}}
04-15 20:11:47.007 I/CIRISApiClient(14514): [getWAStatus] Fetching WA status
04-15 20:11:48.107 I/CIRISApiClient(14514): [getWAStatus] WA Status: healthy=true, activeWAs=1, pendingDeferrals=0, deferrals24h=0, subscribers=2
04-15 20:11:52.305 D/EnvFileUpdater(14514): Found CIRIS_HOME from env: /data/user/0/ai.ciris.mobile.debug/files/ciris
04-15 20:12:02.309 D/EnvFileUpdater(14514): Found CIRIS_HOME from env: /data/user/0/ai.ciris.mobile.debug/files/ciris
04-15 20:12:12.312 D/EnvFileUpdater(14514): Found CIRIS_HOME from env: /data/user/0/ai.ciris.mobile.debug/files/ciris
04-15 20:12:18.759 I/CIRISApiClient(14514): [getCirisServicesStatus] GET http://localhost:8080/v1/system/llm/ciris-services/status
04-15 20:12:19.484 I/CIRISApiClient(14514): [getCirisServicesStatus] Response 200 OK: {"data":{"disabled":true,"message":"CIRIS services are disabled"},"metadata":{"timestamp":"2026-04-16T01:12:19.475329+00:00","request_id":null,"duration_ms":null}}
04-15 20:12:19.507 I/CIRISApiClient(14514): [getWAStatus] Fetching WA status
04-15 20:12:19.891 I/CIRISApiClient(14514): [getWAStatus] WA Status: healthy=true, activeWAs=1, pendingDeferrals=0, deferrals24h=0, subscribers=2
04-15 20:12:22.317 D/EnvFileUpdater(14514): Found CIRIS_HOME from env: /data/user/0/ai.ciris.mobile.debug/files/ciris
04-15 20:12:32.320 D/EnvFileUpdater(14514): Found CIRIS_HOME from env: /data/user/0/ai.ciris.mobile.debug/files/ciris
04-15 20:12:42.323 D/EnvFileUpdater(14514): Found CIRIS_HOME from env: /data/user/0/ai.ciris.mobile.debug/files/ciris
04-15 20:12:50.626 I/CIRISApiClient(14514): [getCirisServicesStatus] GET http://localhost:8080/v1/system/llm/ciris-services/status
04-15 20:12:51.007 I/CIRISApiClient(14514): [getCirisServicesStatus] Response 200 OK: {"data":{"disabled":true,"message":"CIRIS services are disabled"},"metadata":{"timestamp":"2026-04-16T01:12:50.997986+00:00","request_id":null,"duration_ms":null}}
04-15 20:12:51.037 I/CIRISApiClient(14514): [getWAStatus] Fetching WA status
04-15 20:12:51.418 I/CIRISApiClient(14514): [getWAStatus] WA Status: healthy=true, activeWAs=1, pendingDeferrals=0, deferrals24h=0, subscribers=2
04-15 20:12:52.324 D/EnvFileUpdater(14514): Found CIRIS_HOME from env: /data/user/0/ai.ciris.mobile.debug/files/ciris
04-15 20:13:02.328 D/EnvFileUpdater(14514): Found CIRIS_HOME from env: /data/user/0/ai.ciris.mobile.debug/files/ciris
04-15 20:13:12.332 D/EnvFileUpdater(14514): Found CIRIS_HOME from env: /data/user/0/ai.ciris.mobile.debug/files/ciris
04-15 20:13:21.797 I/CIRISApiClient(14514): [getCirisServicesStatus] GET http://localhost:8080/v1/system/llm/ciris-services/status
04-15 20:13:22.197 I/CIRISApiClient(14514): [getCirisServicesStatus] Response 200 OK: {"data":{"disabled":true,"message":"CIRIS services are disabled"},"metadata":{"timestamp":"2026-04-16T01:13:22.184202+00:00","request_id":null,"duration_ms":null}}
04-15 20:13:22.230 I/CIRISApiClient(14514): [getWAStatus] Fetching WA status
04-15 20:13:22.334 D/EnvFileUpdater(14514): Found CIRIS_HOME from env: /data/user/0/ai.ciris.mobile.debug/files/ciris
04-15 20:13:22.638 I/CIRISApiClient(14514): [getWAStatus] WA Status: healthy=true, activeWAs=1, pendingDeferrals=0, deferrals24h=0, subscribers=2
04-15 20:13:32.336 D/EnvFileUpdater(14514): Found CIRIS_HOME from env: /data/user/0/ai.ciris.mobile.debug/files/ciris
04-15 20:13:42.341 D/EnvFileUpdater(14514): Found CIRIS_HOME from env: /data/user/0/ai.ciris.mobile.debug/files/ciris
04-15 20:13:52.348 D/EnvFileUpdater(14514): Found CIRIS_HOME from env: /data/user/0/ai.ciris.mobile.debug/files/ciris
04-15 20:13:53.042 I/CIRISApiClient(14514): [getCirisServicesStatus] GET http://localhost:8080/v1/system/llm/ciris-services/status
04-15 20:13:53.433 I/CIRISApiClient(14514): [getCirisServicesStatus] Response 200 OK: {"data":{"disabled":true,"message":"CIRIS services are disabled"},"metadata":{"timestamp":"2026-04-16T01:13:53.424751+00:00","request_id":null,"duration_ms":null}}
04-15 20:13:53.471 I/CIRISApiClient(14514): [getWAStatus] Fetching WA status
04-15 20:13:53.861 I/CIRISApiClient(14514): [getWAStatus] WA Status: healthy=true, activeWAs=1, pendingDeferrals=0, deferrals24h=0, subscribers=2
04-15 20:14:02.351 D/EnvFileUpdater(14514): Found CIRIS_HOME from env: /data/user/0/ai.ciris.mobile.debug/files/ciris
04-15 20:14:12.355 D/EnvFileUpdater(14514): Found CIRIS_HOME from env: /data/user/0/ai.ciris.mobile.debug/files/ciris
04-15 20:14:22.357 D/EnvFileUpdater(14514): Found CIRIS_HOME from env: /data/user/0/ai.ciris.mobile.debug/files/ciris
04-15 20:14:24.264 I/CIRISApiClient(14514): [getCirisServicesStatus] GET http://localhost:8080/v1/system/llm/ciris-services/status
04-15 20:14:24.651 I/CIRISApiClient(14514): [getCirisServicesStatus] Response 200 OK: {"data":{"disabled":true,"message":"CIRIS services are disabled"},"metadata":{"timestamp":"2026-04-16T01:14:24.643220+00:00","request_id":null,"duration_ms":null}}
04-15 20:14:24.709 I/CIRISApiClient(14514): [getWAStatus] Fetching WA status
04-15 20:14:25.103 I/CIRISApiClient(14514): [getWAStatus] WA Status: healthy=true, activeWAs=1, pendingDeferrals=0, deferrals24h=0, subscribers=2
04-15 20:14:32.361 D/EnvFileUpdater(14514): Found CIRIS_HOME from env: /data/user/0/ai.ciris.mobile.debug/files/ciris
04-15 20:14:42.365 D/EnvFileUpdater(14514): Found CIRIS_HOME from env: /data/user/0/ai.ciris.mobile.debug/files/ciris
04-15 20:14:52.369 D/EnvFileUpdater(14514): Found CIRIS_HOME from env: /data/user/0/ai.ciris.mobile.debug/files/ciris
04-15 20:14:55.533 I/CIRISApiClient(14514): [getCirisServicesStatus] GET http://localhost:8080/v1/system/llm/ciris-services/status
04-15 20:14:55.965 I/CIRISApiClient(14514): [getCirisServicesStatus] Response 200 OK: {"data":{"disabled":true,"message":"CIRIS services are disabled"},"metadata":{"timestamp":"2026-04-16T01:14:55.939466+00:00","request_id":null,"duration_ms":null}}
04-15 20:14:55.986 I/CIRISApiClient(14514): [getWAStatus] Fetching WA status
04-15 20:14:56.390 I/CIRISApiClient(14514): [getWAStatus] WA Status: healthy=true, activeWAs=1, pendingDeferrals=0, deferrals24h=0, subscribers=2
04-15 20:15:02.374 D/EnvFileUpdater(14514): Found CIRIS_HOME from env: /data/user/0/ai.ciris.mobile.debug/files/ciris
04-15 20:15:12.377 D/EnvFileUpdater(14514): Found CIRIS_HOME from env: /data/user/0/ai.ciris.mobile.debug/files/ciris
04-15 20:15:22.383 D/EnvFileUpdater(14514): Found CIRIS_HOME from env: /data/user/0/ai.ciris.mobile.debug/files/ciris
04-15 20:15:26.790 I/CIRISApiClient(14514): [getCirisServicesStatus] GET http://localhost:8080/v1/system/llm/ciris-services/status
04-15 20:15:27.226 I/CIRISApiClient(14514): [getCirisServicesStatus] Response 200 OK: {"data":{"disabled":true,"message":"CIRIS services are disabled"},"metadata":{"timestamp":"2026-04-16T01:15:27.200695+00:00","request_id":null,"duration_ms":null}}
04-15 20:15:27.249 I/CIRISApiClient(14514): [getWAStatus] Fetching WA status
04-15 20:15:27.616 I/CIRISApiClient(14514): [getWAStatus] WA Status: healthy=true, activeWAs=1, pendingDeferrals=0, deferrals24h=0, subscribers=2
04-15 20:15:32.389 D/EnvFileUpdater(14514): Found CIRIS_HOME from env: /data/user/0/ai.ciris.mobile.debug/files/ciris
04-15 20:15:42.406 D/EnvFileUpdater(14514): Found CIRIS_HOME from env: /data/user/0/ai.ciris.mobile.debug/files/ciris
04-15 20:15:52.411 D/EnvFileUpdater(14514): Found CIRIS_HOME from env: /data/user/0/ai.ciris.mobile.debug/files/ciris
04-15 20:15:58.051 I/CIRISApiClient(14514): [getCirisServicesStatus] GET http://localhost:8080/v1/system/llm/ciris-services/status
04-15 20:15:58.475 I/CIRISApiClient(14514): [getCirisServicesStatus] Response 200 OK: {"data":{"disabled":true,"message":"CIRIS services are disabled"},"metadata":{"timestamp":"2026-04-16T01:15:58.463548+00:00","request_id":null,"duration_ms":null}}
04-15 20:15:58.863 I/CIRISApiClient(14514): [getWAStatus] Fetching WA status
04-15 20:15:59.599 I/CIRISApiClient(14514): [getWAStatus] WA Status: healthy=true, activeWAs=1, pendingDeferrals=0, deferrals24h=0, subscribers=2
04-15 20:16:02.419 D/EnvFileUpdater(14514): Found CIRIS_HOME from env: /data/user/0/ai.ciris.mobile.debug/files/ciris
04-15 20:16:12.426 D/EnvFileUpdater(14514): Found CIRIS_HOME from env: /data/user/0/ai.ciris.mobile.debug/files/ciris
04-15 20:16:22.429 D/EnvFileUpdater(14514): Found CIRIS_HOME from env: /data/user/0/ai.ciris.mobile.debug/files/ciris
04-15 20:16:30.328 I/CIRISApiClient(14514): [getCirisServicesStatus] GET http://localhost:8080/v1/system/llm/ciris-services/status
04-15 20:16:31.054 I/CIRISApiClient(14514): [getCirisServicesStatus] Response 200 OK: {"data":{"disabled":true,"message":"CIRIS services are disabled"},"metadata":{"timestamp":"2026-04-16T01:16:31.047822+00:00","request_id":null,"duration_ms":null}}
04-15 20:16:31.077 I/CIRISApiClient(14514): [getWAStatus] Fetching WA status
04-15 20:16:31.461 I/CIRISApiClient(14514): [getWAStatus] WA Status: healthy=true, activeWAs=1, pendingDeferrals=0, deferrals24h=0, subscribers=2
04-15 20:16:32.432 D/EnvFileUpdater(14514): Found CIRIS_HOME from env: /data/user/0/ai.ciris.mobile.debug/files/ciris
04-15 20:16:42.435 D/EnvFileUpdater(14514): Found CIRIS_HOME from env: /data/user/0/ai.ciris.mobile.debug/files/ciris
04-15 20:16:52.441 D/EnvFileUpdater(14514): Found CIRIS_HOME from env: /data/user/0/ai.ciris.mobile.debug/files/ciris
04-15 20:17:02.180 I/CIRISApiClient(14514): [getCirisServicesStatus] GET http://localhost:8080/v1/system/llm/ciris-services/status
04-15 20:17:02.444 D/EnvFileUpdater(14514): Found CIRIS_HOME from env: /data/user/0/ai.ciris.mobile.debug/files/ciris
04-15 20:17:02.570 I/CIRISApiClient(14514): [getCirisServicesStatus] Response 200 OK: {"data":{"disabled":true,"message":"CIRIS services are disabled"},"metadata":{"timestamp":"2026-04-16T01:17:02.550936+00:00","request_id":null,"duration_ms":null}}
04-15 20:17:02.605 I/CIRISApiClient(14514): [getWAStatus] Fetching WA status
04-15 20:17:02.992 I/CIRISApiClient(14514): [getWAStatus] WA Status: healthy=true, activeWAs=1, pendingDeferrals=0, deferrals24h=0, subscribers=2
04-15 20:17:12.448 D/EnvFileUpdater(14514): Found CIRIS_HOME from env: /data/user/0/ai.ciris.mobile.debug/files/ciris
04-15 20:17:22.453 D/EnvFileUpdater(14514): Found CIRIS_HOME from env: /data/user/0/ai.ciris.mobile.debug/files/ciris
04-15 20:17:32.456 D/EnvFileUpdater(14514): Found CIRIS_HOME from env: /data/user/0/ai.ciris.mobile.debug/files/ciris
04-15 20:17:33.385 I/CIRISApiClient(14514): [getCirisServicesStatus] GET http://localhost:8080/v1/system/llm/ciris-services/status
04-15 20:17:33.768 I/CIRISApiClient(14514): [getCirisServicesStatus] Response 200 OK: {"data":{"disabled":true,"message":"CIRIS services are disabled"},"metadata":{"timestamp":"2026-04-16T01:17:33.759020+00:00","request_id":null,"duration_ms":null}}
04-15 20:17:33.804 I/CIRISApiClient(14514): [getWAStatus] Fetching WA status
04-15 20:17:34.216 I/CIRISApiClient(14514): [getWAStatus] WA Status: healthy=true, activeWAs=1, pendingDeferrals=0, deferrals24h=0, subscribers=2
04-15 20:17:42.460 D/EnvFileUpdater(14514): Found CIRIS_HOME from env: /data/user/0/ai.ciris.mobile.debug/files/ciris
04-15 20:17:52.466 D/EnvFileUpdater(14514): Found CIRIS_HOME from env: /data/user/0/ai.ciris.mobile.debug/files/ciris
04-15 20:18:02.471 D/EnvFileUpdater(14514): Found CIRIS_HOME from env: /data/user/0/ai.ciris.mobile.debug/files/ciris
04-15 20:18:04.614 I/CIRISApiClient(14514): [getCirisServicesStatus] GET http://localhost:8080/v1/system/llm/ciris-services/status
04-15 20:18:04.994 I/CIRISApiClient(14514): [getCirisServicesStatus] Response 200 OK: {"data":{"disabled":true,"message":"CIRIS services are disabled"},"metadata":{"timestamp":"2026-04-16T01:18:04.986191+00:00","request_id":null,"duration_ms":null}}
04-15 20:18:05.019 I/CIRISApiClient(14514): [getWAStatus] Fetching WA status
04-15 20:18:05.404 I/CIRISApiClient(14514): [getWAStatus] WA Status: healthy=true, activeWAs=1, pendingDeferrals=0, deferrals24h=0, subscribers=2
04-15 20:18:12.475 D/EnvFileUpdater(14514): Found CIRIS_HOME from env: /data/user/0/ai.ciris.mobile.debug/files/ciris
04-15 20:18:22.479 D/EnvFileUpdater(14514): Found CIRIS_HOME from env: /data/user/0/ai.ciris.mobile.debug/files/ciris
04-15 20:18:32.483 D/EnvFileUpdater(14514): Found CIRIS_HOME from env: /data/user/0/ai.ciris.mobile.debug/files/ciris
04-15 20:18:35.839 I/CIRISApiClient(14514): [getCirisServicesStatus] GET http://localhost:8080/v1/system/llm/ciris-services/status
04-15 20:18:36.223 I/CIRISApiClient(14514): [getCirisServicesStatus] Response 200 OK: {"data":{"disabled":true,"message":"CIRIS services are disabled"},"metadata":{"timestamp":"2026-04-16T01:18:36.212379+00:00","request_id":null,"duration_ms":null}}
04-15 20:18:36.254 I/CIRISApiClient(14514): [getWAStatus] Fetching WA status
04-15 20:18:36.639 I/CIRISApiClient(14514): [getWAStatus] WA Status: healthy=true, activeWAs=1, pendingDeferrals=0, deferrals24h=0, subscribers=2
04-15 20:18:42.486 D/EnvFileUpdater(14514): Found CIRIS_HOME from env: /data/user/0/ai.ciris.mobile.debug/files/ciris
04-15 20:18:52.488 D/EnvFileUpdater(14514): Found CIRIS_HOME from env: /data/user/0/ai.ciris.mobile.debug/files/ciris
04-15 20:19:02.492 D/EnvFileUpdater(14514): Found CIRIS_HOME from env: /data/user/0/ai.ciris.mobile.debug/files/ciris
04-15 20:19:07.073 I/CIRISApiClient(14514): [getCirisServicesStatus] GET http://localhost:8080/v1/system/llm/ciris-services/status
04-15 20:19:07.456 I/CIRISApiClient(14514): [getCirisServicesStatus] Response 200 OK: {"data":{"disabled":true,"message":"CIRIS services are disabled"},"metadata":{"timestamp":"2026-04-16T01:19:07.448841+00:00","request_id":null,"duration_ms":null}}
04-15 20:19:07.490 I/CIRISApiClient(14514): [getWAStatus] Fetching WA status
04-15 20:19:07.881 I/CIRISApiClient(14514): [getWAStatus] WA Status: healthy=true, activeWAs=1, pendingDeferrals=0, deferrals24h=0, subscribers=2
04-15 20:19:12.495 D/EnvFileUpdater(14514): Found CIRIS_HOME from env: /data/user/0/ai.ciris.mobile.debug/files/ciris
04-15 20:19:22.499 D/EnvFileUpdater(14514): Found CIRIS_HOME from env: /data/user/0/ai.ciris.mobile.debug/files/ciris
04-15 20:19:32.505 D/EnvFileUpdater(14514): Found CIRIS_HOME from env: /data/user/0/ai.ciris.mobile.debug/files/ciris
04-15 20:19:38.312 I/CIRISApiClient(14514): [getCirisServicesStatus] GET http://localhost:8080/v1/system/llm/ciris-services/status
04-15 20:19:38.720 I/CIRISApiClient(14514): [getCirisServicesStatus] Response 200 OK: {"data":{"disabled":true,"message":"CIRIS services are disabled"},"metadata":{"timestamp":"2026-04-16T01:19:38.694394+00:00","request_id":null,"duration_ms":null}}
04-15 20:19:38.781 I/CIRISApiClient(14514): [getWAStatus] Fetching WA status
04-15 20:19:39.159 I/CIRISApiClient(14514): [getWAStatus] WA Status: healthy=true, activeWAs=1, pendingDeferrals=0, deferrals24h=0, subscribers=2
04-15 20:19:42.509 D/EnvFileUpdater(14514): Found CIRIS_HOME from env: /data/user/0/ai.ciris.mobile.debug/files/ciris
04-15 20:19:52.515 D/EnvFileUpdater(14514): Found CIRIS_HOME from env: /data/user/0/ai.ciris.mobile.debug/files/ciris
04-15 20:20:02.518 D/EnvFileUpdater(14514): Found CIRIS_HOME from env: /data/user/0/ai.ciris.mobile.debug/files/ciris
04-15 20:20:09.573 I/CIRISApiClient(14514): [getCirisServicesStatus] GET http://localhost:8080/v1/system/llm/ciris-services/status
04-15 20:20:09.991 I/CIRISApiClient(14514): [getCirisServicesStatus] Response 200 OK: {"data":{"disabled":true,"message":"CIRIS services are disabled"},"metadata":{"timestamp":"2026-04-16T01:20:09.982030+00:00","request_id":null,"duration_ms":null}}
04-15 20:20:10.387 I/CIRISApiClient(14514): [getWAStatus] Fetching WA status
04-15 20:20:11.127 I/CIRISApiClient(14514): [getWAStatus] WA Status: healthy=true, activeWAs=1, pendingDeferrals=0, deferrals24h=0, subscribers=2
04-15 20:20:12.525 D/EnvFileUpdater(14514): Found CIRIS_HOME from env: /data/user/0/ai.ciris.mobile.debug/files/ciris
04-15 20:20:22.528 D/EnvFileUpdater(14514): Found CIRIS_HOME from env: /data/user/0/ai.ciris.mobile.debug/files/ciris
04-15 20:20:32.534 D/EnvFileUpdater(14514): Found CIRIS_HOME from env: /data/user/0/ai.ciris.mobile.debug/files/ciris
04-15 20:20:41.823 I/CIRISApiClient(14514): [getCirisServicesStatus] GET http://localhost:8080/v1/system/llm/ciris-services/status
04-15 20:20:42.208 I/CIRISApiClient(14514): [getCirisServicesStatus] Response 200 OK: {"data":{"disabled":true,"message":"CIRIS services are disabled"},"metadata":{"timestamp":"2026-04-16T01:20:42.199987+00:00","request_id":null,"duration_ms":null}}
04-15 20:20:42.537 D/EnvFileUpdater(14514): Found CIRIS_HOME from env: /data/user/0/ai.ciris.mobile.debug/files/ciris
04-15 20:20:42.576 I/CIRISApiClient(14514): [getWAStatus] Fetching WA status
04-15 20:20:42.951 I/CIRISApiClient(14514): [getWAStatus] WA Status: healthy=true, activeWAs=1, pendingDeferrals=0, deferrals24h=0, subscribers=2
04-15 20:20:52.541 D/EnvFileUpdater(14514): Found CIRIS_HOME from env: /data/user/0/ai.ciris.mobile.debug/files/ciris
04-15 20:21:02.545 D/EnvFileUpdater(14514): Found CIRIS_HOME from env: /data/user/0/ai.ciris.mobile.debug/files/ciris
04-15 20:21:12.549 D/EnvFileUpdater(14514): Found CIRIS_HOME from env: /data/user/0/ai.ciris.mobile.debug/files/ciris
04-15 20:21:13.707 I/CIRISApiClient(14514): [getCirisServicesStatus] GET http://localhost:8080/v1/system/llm/ciris-services/status
04-15 20:21:14.082 I/CIRISApiClient(14514): [getCirisServicesStatus] Response 200 OK: {"data":{"disabled":true,"message":"CIRIS services are disabled"},"metadata":{"timestamp":"2026-04-16T01:21:14.075327+00:00","request_id":null,"duration_ms":null}}
04-15 20:21:14.112 I/CIRISApiClient(14514): [getWAStatus] Fetching WA status
04-15 20:21:14.497 I/CIRISApiClient(14514): [getWAStatus] WA Status: healthy=true, activeWAs=1, pendingDeferrals=0, deferrals24h=0, subscribers=2
04-15 20:21:22.552 D/EnvFileUpdater(14514): Found CIRIS_HOME from env: /data/user/0/ai.ciris.mobile.debug/files/ciris
04-15 20:21:32.555 D/EnvFileUpdater(14514): Found CIRIS_HOME from env: /data/user/0/ai.ciris.mobile.debug/files/ciris
04-15 20:21:42.559 D/EnvFileUpdater(14514): Found CIRIS_HOME from env: /data/user/0/ai.ciris.mobile.debug/files/ciris
04-15 20:21:44.883 I/CIRISApiClient(14514): [getCirisServicesStatus] GET http://localhost:8080/v1/system/llm/ciris-services/status
04-15 20:21:45.251 I/CIRISApiClient(14514): [getCirisServicesStatus] Response 200 OK: {"data":{"disabled":true,"message":"CIRIS services are disabled"},"metadata":{"timestamp":"2026-04-16T01:21:45.238585+00:00","request_id":null,"duration_ms":null}}
04-15 20:21:45.299 I/CIRISApiClient(14514): [getWAStatus] Fetching WA status
04-15 20:21:45.699 I/CIRISApiClient(14514): [getWAStatus] WA Status: healthy=true, activeWAs=1, pendingDeferrals=0, deferrals24h=0, subscribers=2
04-15 20:21:52.563 D/EnvFileUpdater(14514): Found CIRIS_HOME from env: /data/user/0/ai.ciris.mobile.debug/files/ciris
04-15 20:21:57.760 W/chromium(11852): [WARNING:net/cert/ev_root_ca_metadata.cc:118] Not implemented
04-15 20:21:59.601 W/chromium(11852): [WARNING:net/cert/ev_root_ca_metadata.cc:118] Not implemented
04-15 20:22:02.253 W/chromium(17414): [WARNING:content/app/android/content_main_android.cc:82] android_setCpu already initialized
04-15 20:22:02.446 W/chromium(11852): [WARNING:net/cert/ev_root_ca_metadata.cc:118] Not implemented
04-15 20:22:02.566 D/EnvFileUpdater(14514): Found CIRIS_HOME from env: /data/user/0/ai.ciris.mobile.debug/files/ciris
04-15 20:22:02.855 W/chromium(11852): [WARNING:net/cert/ev_root_ca_metadata.cc:118] Not implemented
04-15 20:22:03.235 W/chromium(11852): [WARNING:net/cert/ev_root_ca_metadata.cc:118] Not implemented
04-15 20:22:03.680 W/chromium(11852): [WARNING:net/cert/ev_root_ca_metadata.cc:118] Not implemented
04-15 20:22:04.020 W/chromium(11852): [WARNING:net/cert/ev_root_ca_metadata.cc:118] Not implemented
04-15 20:22:04.132 W/chromium(11852): [WARNING:net/cert/ev_root_ca_metadata.cc:118] Not implemented
04-15 20:22:05.565 W/chromium(17484): [WARNING:content/app/android/content_main_android.cc:82] android_setCpu already initialized
04-15 20:22:07.641 W/chromium(11852): [WARNING:net/cert/ev_root_ca_metadata.cc:118] Not implemented
04-15 20:22:07.676 W/chromium(11852): [WARNING:net/cert/ev_root_ca_metadata.cc:118] Not implemented
04-15 20:22:07.676 W/chromium(11852): [WARNING:net/cert/ev_root_ca_metadata.cc:118] Not implemented
04-15 20:22:07.689 W/chromium(17516): [WARNING:content/app/android/content_main_android.cc:82] android_setCpu already initialized
04-15 20:22:07.746 W/chromium(11852): [WARNING:net/cert/ev_root_ca_metadata.cc:118] Not implemented
04-15 20:22:07.972 W/chromium(11852): [WARNING:net/cert/ev_root_ca_metadata.cc:118] Not implemented
04-15 20:22:08.027 W/chromium(11852): [WARNING:net/cert/ev_root_ca_metadata.cc:118] Not implemented
04-15 20:22:08.051 W/chromium(17544): [WARNING:content/app/android/content_main_android.cc:82] android_setCpu already initialized
04-15 20:22:08.075 I/chromium(17484): [INFO:third_party/blink/renderer/modules/peerconnection/peer_connection_dependency_factory.cc:941] Running WebRTC with a combined Network and Worker thread.
04-15 20:22:08.133 W/chromium(11852): [WARNING:chrome/browser/media/prefs/capture_device_ranking.h:255] Can't initialize the value of media.audio_input.user_preference_ranking because media.default_audio_capture_device isn't registered or is empty
04-15 20:22:08.133 W/chromium(11852): [WARNING:chrome/browser/media/prefs/capture_device_ranking.h:255] Can't initialize the value of media.video_input.user_preference_ranking because media.default_video_capture_Device isn't registered or is empty
04-15 20:22:08.184 W/chromium(11852): [WARNING:net/dns/host_resolver_dns_task.cc:934] Address list empty after RFC3484 sort
04-15 20:22:12.500 W/chromium(11852): [WARNING:net/cert/ev_root_ca_metadata.cc:118] Not implemented
04-15 20:22:12.569 D/EnvFileUpdater(14514): Found CIRIS_HOME from env: /data/user/0/ai.ciris.mobile.debug/files/ciris
04-15 20:22:13.987 W/chromium(11852): [WARNING:net/cert/ev_root_ca_metadata.cc:118] Not implemented
04-15 20:22:16.142 I/CIRISApiClient(14514): [getCirisServicesStatus] GET http://localhost:8080/v1/system/llm/ciris-services/status
04-15 20:22:16.200 W/chromium(17590): [WARNING:content/app/android/content_main_android.cc:82] android_setCpu already initialized
04-15 20:22:16.521 I/CIRISApiClient(14514): [getCirisServicesStatus] Response 200 OK: {"data":{"disabled":true,"message":"CIRIS services are disabled"},"metadata":{"timestamp":"2026-04-16T01:22:16.510731+00:00","request_id":null,"duration_ms":null}}
04-15 20:22:16.555 I/CIRISApiClient(14514): [getWAStatus] Fetching WA status
04-15 20:22:16.942 I/CIRISApiClient(14514): [getWAStatus] WA Status: healthy=true, activeWAs=1, pendingDeferrals=0, deferrals24h=0, subscribers=2
04-15 20:22:20.471 W/chromium(17664): [WARNING:content/app/android/content_main_android.cc:82] android_setCpu already initialized
04-15 20:22:20.826 W/chromium(11852): [WARNING:net/cert/ev_root_ca_metadata.cc:118] Not implemented
04-15 20:22:20.848 W/chromium(17691): [WARNING:content/app/android/content_main_android.cc:82] android_setCpu already initialized
04-15 20:22:20.901 W/chromium(17705): [WARNING:content/app/android/content_main_android.cc:82] android_setCpu already initialized
04-15 20:22:20.989 W/chromium(11852): [WARNING:net/cert/ev_root_ca_metadata.cc:118] Not implemented
04-15 20:22:21.385 I/chromium(17590): [INFO:third_party/blink/renderer/modules/peerconnection/peer_connection_dependency_factory.cc:941] Running WebRTC with a combined Network and Worker thread.
04-15 20:22:21.432 W/chromium(11852): [WARNING:chrome/browser/media/prefs/capture_device_ranking.h:255] Can't initialize the value of media.audio_input.user_preference_ranking because media.default_audio_capture_device isn't registered or is empty
04-15 20:22:21.432 W/chromium(11852): [WARNING:chrome/browser/media/prefs/capture_device_ranking.h:255] Can't initialize the value of media.video_input.user_preference_ranking because media.default_video_capture_Device isn't registered or is empty
04-15 20:22:21.791 W/chromium(11852): [WARNING:net/cert/ev_root_ca_metadata.cc:118] Not implemented
04-15 20:22:22.425 E/chromium(13725): [ERROR:gpu/command_buffer/service/shared_image/shared_image_manager.cc:252] SharedImageManager::ProduceSkia: Trying to Produce a Skia representation from a non-existent mailbox.
04-15 20:22:22.426 E/chromium(13725): [ERROR:gpu/command_buffer/service/raster_decoder.cc:2331] [.BrowserCompositor-0x6a05aa4600]GL ERROR :GL_INVALID_VALUE : glReadbackImagePixels: Unknown mailbox
04-15 20:22:22.427 E/chromium(13725): [ERROR:gpu/command_buffer/service/shared_image/shared_image_manager.cc:252] SharedImageManager::ProduceSkia: Trying to Produce a Skia representation from a non-existent mailbox.
04-15 20:22:22.427 E/chromium(13725): [ERROR:gpu/command_buffer/service/raster_decoder.cc:2331] [.BrowserCompositor-0x6a05aa4600]GL ERROR :GL_INVALID_VALUE : glReadbackImagePixels: Unknown mailbox
04-15 20:22:22.427 E/chromium(13725): [ERROR:gpu/command_buffer/service/shared_image/shared_image_manager.cc:252] SharedImageManager::ProduceSkia: Trying to Produce a Skia representation from a non-existent mailbox.
04-15 20:22:22.427 E/chromium(13725): [ERROR:gpu/command_buffer/service/raster_decoder.cc:2331] [.BrowserCompositor-0x6a05aa4600]GL ERROR :GL_INVALID_VALUE : glReadbackImagePixels: Unknown mailbox
04-15 20:22:22.573 D/EnvFileUpdater(14514): Found CIRIS_HOME from env: /data/user/0/ai.ciris.mobile.debug/files/ciris
04-15 20:22:32.578 D/EnvFileUpdater(14514): Found CIRIS_HOME from env: /data/user/0/ai.ciris.mobile.debug/files/ciris
04-15 20:22:42.585 D/EnvFileUpdater(14514): Found CIRIS_HOME from env: /data/user/0/ai.ciris.mobile.debug/files/ciris
04-15 20:22:47.346 I/CIRISApiClient(14514): [getCirisServicesStatus] GET http://localhost:8080/v1/system/llm/ciris-services/status
04-15 20:22:47.740 I/CIRISApiClient(14514): [getCirisServicesStatus] Response 200 OK: {"data":{"disabled":true,"message":"CIRIS services are disabled"},"metadata":{"timestamp":"2026-04-16T01:22:47.728730+00:00","request_id":null,"duration_ms":null}}
04-15 20:22:47.781 I/CIRISApiClient(14514): [getWAStatus] Fetching WA status
04-15 20:22:48.174 I/CIRISApiClient(14514): [getWAStatus] WA Status: healthy=true, activeWAs=1, pendingDeferrals=0, deferrals24h=0, subscribers=2
04-15 20:22:52.600 D/EnvFileUpdater(14514): Found CIRIS_HOME from env: /data/user/0/ai.ciris.mobile.debug/files/ciris
04-15 20:23:01.337 E/chromium(17590): [ERROR:third_party/webrtc/p2p/base/stun_port.cc:123] Binding request timed out from [0:0:0:x:x:x:x:x]:51161 (any)
04-15 20:23:02.604 D/EnvFileUpdater(14514): Found CIRIS_HOME from env: /data/user/0/ai.ciris.mobile.debug/files/ciris
04-15 20:23:11.384 E/chromium(17590): [ERROR:third_party/webrtc/p2p/base/stun_port.cc:123] Binding request timed out from 0.0.0.x:40704 (any)
04-15 20:23:12.610 D/EnvFileUpdater(14514): Found CIRIS_HOME from env: /data/user/0/ai.ciris.mobile.debug/files/ciris
04-15 20:23:18.613 I/CIRISApiClient(14514): [getCirisServicesStatus] GET http://localhost:8080/v1/system/llm/ciris-services/status
04-15 20:23:19.003 I/CIRISApiClient(14514): [getCirisServicesStatus] Response 200 OK: {"data":{"disabled":true,"message":"CIRIS services are disabled"},"metadata":{"timestamp":"2026-04-16T01:23:18.994274+00:00","request_id":null,"duration_ms":null}}
04-15 20:23:19.044 I/CIRISApiClient(14514): [getWAStatus] Fetching WA status
04-15 20:23:19.787 I/CIRISApiClient(14514): [getWAStatus] WA Status: healthy=true, activeWAs=1, pendingDeferrals=0, deferrals24h=0, subscribers=2
04-15 20:23:22.614 D/EnvFileUpdater(14514): Found CIRIS_HOME from env: /data/user/0/ai.ciris.mobile.debug/files/ciris
04-15 20:23:32.617 D/EnvFileUpdater(14514): Found CIRIS_HOME from env: /data/user/0/ai.ciris.mobile.debug/files/ciris
04-15 20:23:42.623 D/EnvFileUpdater(14514): Found CIRIS_HOME from env: /data/user/0/ai.ciris.mobile.debug/files/ciris
04-15 20:23:50.208 I/CIRISApiClient(14514): [getCirisServicesStatus] GET http://localhost:8080/v1/system/llm/ciris-services/status
04-15 20:23:50.682 I/CIRISApiClient(14514): [getCirisServicesStatus] Response 200 OK: {"data":{"disabled":true,"message":"CIRIS services are disabled"},"metadata":{"timestamp":"2026-04-16T01:23:50.602044+00:00","request_id":null,"duration_ms":null}}
04-15 20:23:51.103 I/CIRISApiClient(14514): [getWAStatus] Fetching WA status
04-15 20:23:52.009 I/CIRISApiClient(14514): [getWAStatus] WA Status: healthy=true, activeWAs=1, pendingDeferrals=0, deferrals24h=0, subscribers=2
04-15 20:23:52.628 D/EnvFileUpdater(14514): Found CIRIS_HOME from env: /data/user/0/ai.ciris.mobile.debug/files/ciris
04-15 20:24:02.631 D/EnvFileUpdater(14514): Found CIRIS_HOME from env: /data/user/0/ai.ciris.mobile.debug/files/ciris
04-15 20:24:12.634 D/EnvFileUpdater(14514): Found CIRIS_HOME from env: /data/user/0/ai.ciris.mobile.debug/files/ciris
04-15 20:24:22.637 D/EnvFileUpdater(14514): Found CIRIS_HOME from env: /data/user/0/ai.ciris.mobile.debug/files/ciris
04-15 20:24:22.679 I/CIRISApiClient(14514): [getCirisServicesStatus] GET http://localhost:8080/v1/system/llm/ciris-services/status
04-15 20:24:23.698 I/CIRISApiClient(14514): [getCirisServicesStatus] Response 200 OK: {"data":{"disabled":true,"message":"CIRIS services are disabled"},"metadata":{"timestamp":"2026-04-16T01:24:23.186220+00:00","request_id":null,"duration_ms":null}}
04-15 20:24:24.596 I/CIRISApiClient(14514): [getWAStatus] Fetching WA status
04-15 20:24:25.117 I/CIRISApiClient(14514): [getWAStatus] WA Status: healthy=true, activeWAs=1, pendingDeferrals=0, deferrals24h=0, subscribers=2
04-15 20:24:27.655 E/CIRISApiClient(14514): [getMessages] Exception: UnknownHostException: Unable to resolve host "localhost": No address associated with hostname | Context: limit=50, is401=false, tokenPresent=true, tokenPreview=ciris_ad...tSpA
04-15 20:24:27.660 W/InteractViewModel(14514): [fetchHistory] Non-auth error: UnknownHostException: Unable to resolve host "localhost": No address associated with hostname
04-15 20:24:27.676 E/CIRISApiClient(14514): [getAuditEntries] Exception: UnknownHostException: Unable to resolve host "localhost": No address associated with hostname
04-15 20:24:29.010 E/CIRISApiClient(14514): [getSystemStatus] Exception: UnknownHostException: Unable to resolve host "localhost": No address associated with hostname | Context: url=http://localhost:8080
04-15 20:24:29.020 E/CIRISApiClient(14514): [getSystemStatus] Exception: UnknownHostException: Unable to resolve host "localhost": No address associated with hostname | Context: url=http://localhost:8080
04-15 20:24:30.711 E/CIRISApiClient(14514): [getMessages] Exception: UnknownHostException: Unable to resolve host "localhost": No address associated with hostname | Context: limit=50, is401=false, tokenPresent=true, tokenPreview=ciris_ad...tSpA
04-15 20:24:30.717 W/InteractViewModel(14514): [fetchHistory] Non-auth error: UnknownHostException: Unable to resolve host "localhost": No address associated with hostname
04-15 20:24:30.738 E/CIRISApiClient(14514): [getAuditEntries] Exception: UnknownHostException: Unable to resolve host "localhost": No address associated with hostname
04-15 20:24:32.642 D/EnvFileUpdater(14514): Found CIRIS_HOME from env: /data/user/0/ai.ciris.mobile.debug/files/ciris
04-15 20:24:33.784 E/CIRISApiClient(14514): [getMessages] Exception: UnknownHostException: Unable to resolve host "localhost": No address associated with hostname | Context: limit=50, is401=false, tokenPresent=true, tokenPreview=ciris_ad...tSpA
04-15 20:24:33.793 W/InteractViewModel(14514): [fetchHistory] Non-auth error: UnknownHostException: Unable to resolve host "localhost": No address associated with hostname
04-15 20:24:33.818 E/CIRISApiClient(14514): [getAuditEntries] Exception: UnknownHostException: Unable to resolve host "localhost": No address associated with hostname
04-15 20:24:34.050 E/CIRISApiClient(14514): [getSystemStatus] Exception: UnknownHostException: Unable to resolve host "localhost": No address associated with hostname | Context: url=http://localhost:8080
04-15 20:24:34.060 E/CIRISApiClient(14514): [getSystemStatus] Exception: UnknownHostException: Unable to resolve host "localhost": No address associated with hostname | Context: url=http://localhost:8080
04-15 20:24:36.856 E/CIRISApiClient(14514): [getMessages] Exception: UnknownHostException: Unable to resolve host "localhost": No address associated with hostname | Context: limit=50, is401=false, tokenPresent=true, tokenPreview=ciris_ad...tSpA
04-15 20:24:36.862 W/InteractViewModel(14514): [fetchHistory] Non-auth error: UnknownHostException: Unable to resolve host "localhost": No address associated with hostname
04-15 20:24:36.881 E/CIRISApiClient(14514): [getAuditEntries] Exception: UnknownHostException: Unable to resolve host "localhost": No address associated with hostname
04-15 20:24:39.091 E/CIRISApiClient(14514): [getSystemStatus] Exception: UnknownHostException: Unable to resolve host "localhost": No address associated with hostname | Context: url=http://localhost:8080
04-15 20:24:39.099 E/CIRISApiClient(14514): [getSystemStatus] Exception: UnknownHostException: Unable to resolve host "localhost": No address associated with hostname | Context: url=http://localhost:8080
04-15 20:24:39.916 E/CIRISApiClient(14514): [getMessages] Exception: UnknownHostException: Unable to resolve host "localhost": No address associated with hostname | Context: limit=50, is401=false, tokenPresent=true, tokenPreview=ciris_ad...tSpA
04-15 20:24:39.925 W/InteractViewModel(14514): [fetchHistory] Non-auth error: UnknownHostException: Unable to resolve host "localhost": No address associated with hostname
04-15 20:24:39.947 E/CIRISApiClient(14514): [getAuditEntries] Exception: UnknownHostException: Unable to resolve host "localhost": No address associated with hostname
04-15 20:24:42.648 D/EnvFileUpdater(14514): Found CIRIS_HOME from env: /data/user/0/ai.ciris.mobile.debug/files/ciris
04-15 20:24:42.985 E/CIRISApiClient(14514): [getMessages] Exception: UnknownHostException: Unable to resolve host "localhost": No address associated with hostname | Context: limit=50, is401=false, tokenPresent=true, tokenPreview=ciris_ad...tSpA
04-15 20:24:42.992 W/InteractViewModel(14514): [fetchHistory] Non-auth error: UnknownHostException: Unable to resolve host "localhost": No address associated with hostname
04-15 20:24:43.014 E/CIRISApiClient(14514): [getAuditEntries] Exception: UnknownHostException: Unable to resolve host "localhost": No address associated with hostname
04-15 20:24:44.119 E/CIRISApiClient(14514): [getSystemStatus] Exception: UnknownHostException: Unable to resolve host "localhost": No address associated with hostname | Context: url=http://localhost:8080
04-15 20:24:44.126 E/CIRISApiClient(14514): [getSystemStatus] Exception: UnknownHostException: Unable to resolve host "localhost": No address associated with hostname | Context: url=http://localhost:8080
04-15 20:24:46.056 E/CIRISApiClient(14514): [getMessages] Exception: UnknownHostException: Unable to resolve host "localhost": No address associated with hostname | Context: limit=50, is401=false, tokenPresent=true, tokenPreview=ciris_ad...tSpA
04-15 20:24:46.065 W/InteractViewModel(14514): [fetchHistory] Non-auth error: UnknownHostException: Unable to resolve host "localhost": No address associated with hostname
04-15 20:24:46.090 E/CIRISApiClient(14514): [getAuditEntries] Exception: UnknownHostException: Unable to resolve host "localhost": No address associated with hostname
04-15 20:24:49.138 E/CIRISApiClient(14514): [getMessages] Exception: UnknownHostException: Unable to resolve host "localhost": No address associated with hostname | Context: limit=50, is401=false, tokenPresent=true, tokenPreview=ciris_ad...tSpA
04-15 20:24:49.143 W/InteractViewModel(14514): [fetchHistory] Non-auth error: UnknownHostException: Unable to resolve host "localhost": No address associated with hostname
04-15 20:24:49.159 E/CIRISApiClient(14514): [getSystemStatus] Exception: UnknownHostException: Unable to resolve host "localhost": No address associated with hostname | Context: url=http://localhost:8080
04-15 20:24:49.166 E/CIRISApiClient(14514): [getAuditEntries] Exception: UnknownHostException: Unable to resolve host "localhost": No address associated with hostname
04-15 20:24:49.170 E/CIRISApiClient(14514): [getSystemStatus] Exception: UnknownHostException: Unable to resolve host "localhost": No address associated with hostname | Context: url=http://localhost:8080
04-15 20:24:52.193 E/CIRISApiClient(14514): [getMessages] Exception: UnknownHostException: Unable to resolve host "localhost": No address associated with hostname | Context: limit=50, is401=false, tokenPresent=true, tokenPreview=ciris_ad...tSpA
04-15 20:24:52.198 W/InteractViewModel(14514): [fetchHistory] Non-auth error: UnknownHostException: Unable to resolve host "localhost": No address associated with hostname
04-15 20:24:52.216 E/CIRISApiClient(14514): [getAuditEntries] Exception: UnknownHostException: Unable to resolve host "localhost": No address associated with hostname
04-15 20:24:52.655 D/EnvFileUpdater(14514): Found CIRIS_HOME from env: /data/user/0/ai.ciris.mobile.debug/files/ciris
04-15 20:24:54.202 E/CIRISApiClient(14514): [getSystemStatus] Exception: UnknownHostException: Unable to resolve host "localhost": No address associated with hostname | Context: url=http://localhost:8080
04-15 20:24:54.210 E/CIRISApiClient(14514): [getSystemStatus] Exception: UnknownHostException: Unable to resolve host "localhost": No address associated with hostname | Context: url=http://localhost:8080
04-15 20:24:55.147 E/CIRISApiClient(14514): [getLlmConfig] Exception: UnknownHostException: Unable to resolve host "localhost": No address associated with hostname
04-15 20:24:55.153 W/InteractViewModel(14514): [fetchHealthData] Failed to fetch LLM config from API: Unable to resolve host "localhost": No address associated with hostname
04-15 20:24:55.175 E/CIRISApiClient(14514): [getVerifyStatus] Exception: UnknownHostException: Unable to resolve host "localhost": No address associated with hostname
04-15 20:24:55.179 I/CIRISApiClient(14514): [getWAStatus] Fetching WA status
04-15 20:24:55.197 E/CIRISApiClient(14514): [getWAStatus] Exception: UnknownHostException: Unable to resolve host "localhost": No address associated with hostname
04-15 20:24:55.239 E/CIRISApiClient(14514): [getMessages] Exception: UnknownHostException: Unable to resolve host "localhost": No address associated with hostname | Context: limit=50, is401=false, tokenPresent=true, tokenPreview=ciris_ad...tSpA
04-15 20:24:55.243 W/InteractViewModel(14514): [fetchHistory] Non-auth error: UnknownHostException: Unable to resolve host "localhost": No address associated with hostname
04-15 20:24:55.259 E/CIRISApiClient(14514): [getAuditEntries] Exception: UnknownHostException: Unable to resolve host "localhost": No address associated with hostname
04-15 20:24:58.297 E/CIRISApiClient(14514): [getMessages] Exception: UnknownHostException: Unable to resolve host "localhost": No address associated with hostname | Context: limit=50, is401=false, tokenPresent=true, tokenPreview=ciris_ad...tSpA
04-15 20:24:58.304 W/InteractViewModel(14514): [fetchHistory] Non-auth error: UnknownHostException: Unable to resolve host "localhost": No address associated with hostname
04-15 20:24:58.324 E/CIRISApiClient(14514): [getAuditEntries] Exception: UnknownHostException: Unable to resolve host "localhost": No address associated with hostname
04-15 20:24:59.240 E/CIRISApiClient(14514): [getSystemStatus] Exception: UnknownHostException: Unable to resolve host "localhost": No address associated with hostname | Context: url=http://localhost:8080
04-15 20:24:59.248 E/CIRISApiClient(14514): [getSystemStatus] Exception: UnknownHostException: Unable to resolve host "localhost": No address associated with hostname | Context: url=http://localhost:8080
04-15 20:25:01.353 E/CIRISApiClient(14514): [getMessages] Exception: UnknownHostException: Unable to resolve host "localhost": No address associated with hostname | Context: limit=50, is401=false, tokenPresent=true, tokenPreview=ciris_ad...tSpA
04-15 20:25:01.357 W/InteractViewModel(14514): [fetchHistory] Non-auth error: UnknownHostException: Unable to resolve host "localhost": No address associated with hostname
04-15 20:25:01.377 E/CIRISApiClient(14514): [getAuditEntries] Exception: UnknownHostException: Unable to resolve host "localhost": No address associated with hostname
04-15 20:25:02.660 D/EnvFileUpdater(14514): Found CIRIS_HOME from env: /data/user/0/ai.ciris.mobile.debug/files/ciris
04-15 20:25:04.280 E/CIRISApiClient(14514): [getSystemStatus] Exception: UnknownHostException: Unable to resolve host "localhost": No address associated with hostname | Context: url=http://localhost:8080
04-15 20:25:04.289 E/CIRISApiClient(14514): [getSystemStatus] Exception: UnknownHostException: Unable to resolve host "localhost": No address associated with hostname | Context: url=http://localhost:8080
04-15 20:25:04.404 E/CIRISApiClient(14514): [getMessages] Exception: UnknownHostException: Unable to resolve host "localhost": No address associated with hostname | Context: limit=50, is401=false, tokenPresent=true, tokenPreview=ciris_ad...tSpA
04-15 20:25:04.409 W/InteractViewModel(14514): [fetchHistory] Non-auth error: UnknownHostException: Unable to resolve host "localhost": No address associated with hostname
04-15 20:25:04.428 E/CIRISApiClient(14514): [getAuditEntries] Exception: UnknownHostException: Unable to resolve host "localhost": No address associated with hostname
04-15 20:25:07.465 E/CIRISApiClient(14514): [getMessages] Exception: UnknownHostException: Unable to resolve host "localhost": No address associated with hostname | Context: limit=50, is401=false, tokenPresent=true, tokenPreview=ciris_ad...tSpA
04-15 20:25:07.471 W/InteractViewModel(14514): [fetchHistory] Non-auth error: UnknownHostException: Unable to resolve host "localhost": No address associated with hostname
04-15 20:25:07.489 E/CIRISApiClient(14514): [getAuditEntries] Exception: UnknownHostException: Unable to resolve host "localhost": No address associated with hostname
04-15 20:25:09.318 E/CIRISApiClient(14514): [getSystemStatus] Exception: UnknownHostException: Unable to resolve host "localhost": No address associated with hostname | Context: url=http://localhost:8080
04-15 20:25:09.328 E/CIRISApiClient(14514): [getSystemStatus] Exception: UnknownHostException: Unable to resolve host "localhost": No address associated with hostname | Context: url=http://localhost:8080
04-15 20:25:10.517 E/CIRISApiClient(14514): [getMessages] Exception: UnknownHostException: Unable to resolve host "localhost": No address associated with hostname | Context: limit=50, is401=false, tokenPresent=true, tokenPreview=ciris_ad...tSpA
04-15 20:25:10.523 W/InteractViewModel(14514): [fetchHistory] Non-auth error: UnknownHostException: Unable to resolve host "localhost": No address associated with hostname
04-15 20:25:10.542 E/CIRISApiClient(14514): [getAuditEntries] Exception: UnknownHostException: Unable to resolve host "localhost": No address associated with hostname
04-15 20:25:12.667 D/EnvFileUpdater(14514): Found CIRIS_HOME from env: /data/user/0/ai.ciris.mobile.debug/files/ciris
04-15 20:25:13.577 E/CIRISApiClient(14514): [getMessages] Exception: UnknownHostException: Unable to resolve host "localhost": No address associated with hostname | Context: limit=50, is401=false, tokenPresent=true, tokenPreview=ciris_ad...tSpA
04-15 20:25:13.583 W/InteractViewModel(14514): [fetchHistory] Non-auth error: UnknownHostException: Unable to resolve host "localhost": No address associated with hostname
04-15 20:25:13.601 E/CIRISApiClient(14514): [getAuditEntries] Exception: UnknownHostException: Unable to resolve host "localhost": No address associated with hostname
04-15 20:25:14.359 E/CIRISApiClient(14514): [getSystemStatus] Exception: UnknownHostException: Unable to resolve host "localhost": No address associated with hostname | Context: url=http://localhost:8080
04-15 20:25:14.367 E/CIRISApiClient(14514): [getSystemStatus] Exception: UnknownHostException: Unable to resolve host "localhost": No address associated with hostname | Context: url=http://localhost:8080
04-15 20:25:16.625 E/CIRISApiClient(14514): [getMessages] Exception: UnknownHostException: Unable to resolve host "localhost": No address associated with hostname | Context: limit=50, is401=false, tokenPresent=true, tokenPreview=ciris_ad...tSpA
04-15 20:25:16.629 W/InteractViewModel(14514): [fetchHistory] Non-auth error: UnknownHostException: Unable to resolve host "localhost": No address associated with hostname
04-15 20:25:16.643 E/CIRISApiClient(14514): [getAuditEntries] Exception: UnknownHostException: Unable to resolve host "localhost": No address associated with hostname
04-15 20:25:19.397 E/CIRISApiClient(14514): [getSystemStatus] Exception: UnknownHostException: Unable to resolve host "localhost": No address associated with hostname | Context: url=http://localhost:8080
04-15 20:25:19.404 E/CIRISApiClient(14514): [getSystemStatus] Exception: UnknownHostException: Unable to resolve host "localhost": No address associated with hostname | Context: url=http://localhost:8080
04-15 20:25:19.679 E/CIRISApiClient(14514): [getMessages] Exception: UnknownHostException: Unable to resolve host "localhost": No address associated with hostname | Context: limit=50, is401=false, tokenPresent=true, tokenPreview=ciris_ad...tSpA
04-15 20:25:19.686 W/InteractViewModel(14514): [fetchHistory] Non-auth error: UnknownHostException: Unable to resolve host "localhost": No address associated with hostname
