04-15 20:27:04.394 I/InteractViewModel(18704): [startStatusPolling] Agent ready with state: WORK
04-15 20:27:04.420 I/CIRISApp(18704):  Boot attestation: loaded=true, maxLevel=1, dns_us=true, dns_eu=true, https=true
04-15 20:27:04.485 I/CIRISApiClient(18704): [getCirisServicesStatus] GET http://localhost:8080/v1/system/llm/ciris-services/status
04-15 20:27:04.534 I/CIRISApiClient(18704): [listAdapters] API response: total=8, running=8, adapters.size=8
04-15 20:27:04.535 I/CIRISApiClient(18704): [listAdapters]   API adapter[0]: id=cirisverify_bootstrap, type=cirisverify, running=true, needsReauth=false, hasAuthStep=false
04-15 20:27:04.536 I/CIRISApiClient(18704): [listAdapters]   API adapter[1]: id=wallet_bootstrap, type=wallet, running=true, needsReauth=false, hasAuthStep=false
04-15 20:27:04.536 I/CIRISApiClient(18704): [listAdapters]   API adapter[2]: id=api_bootstrap, type=api, running=true, needsReauth=false, hasAuthStep=false
04-15 20:27:04.537 I/CIRISApiClient(18704): [listAdapters]   API adapter[3]: id=ciris_accord_metrics, type=ciris_accord_metrics, running=true, needsReauth=false, hasAuthStep=false
04-15 20:27:04.537 I/CIRISApiClient(18704): [listAdapters]   API adapter[4]: id=mobile_local_llm, type=mobile_local_llm, running=true, needsReauth=false, hasAuthStep=false
04-15 20:27:04.538 I/CIRISApiClient(18704): [listAdapters]   API adapter[5]: id=weather, type=weather, running=true, needsReauth=false, hasAuthStep=false
04-15 20:27:04.538 I/CIRISApiClient(18704): [listAdapters]   API adapter[6]: id=ciris_hosted_tools, type=ciris_hosted_tools, running=true, needsReauth=false, hasAuthStep=false
04-15 20:27:04.539 I/CIRISApiClient(18704): [listAdapters]   API adapter[7]: id=navigation, type=navigation, running=true, needsReauth=false, hasAuthStep=false
04-15 20:27:04.872 I/InteractViewModel(18704): [startSseStream] SSE connected
04-15 20:27:05.281 I/InteractViewModel(18704): [fetchHistory] Added 4 new messages to chat
04-15 20:27:05.332 I/InteractViewModel(18704): [fetchTrustStatus] Trust level changed: 0 -> 1
04-15 20:27:05.333 I/InteractViewModel(18704): [fetchTrustStatus] Level pending changed: false -> true
04-15 20:27:05.333 I/InteractViewModel(18704): [startTrustPendingPolling] Level pending=true, triggering device attestation automatically...
04-15 20:27:05.334 I/MainActivity(18704): Device attestation requested
04-15 20:27:05.336 I/CIRISApiClient(18704): [getPlayIntegrityNonce] Requesting Play Integrity nonce from Python API
04-15 20:27:05.337 I/CIRISApiClient(18704): [getCirisServicesStatus] Response 200 OK: {"data":{"disabled":true,"message":"CIRIS services are disabled"},"metadata":{"timestamp":"2026-04-16T01:27:05.219108+00:00","request_id":null,"duration_ms":null}}
04-15 20:27:05.540 I/CIRISApiClient(18704): [getGraphData] <<< DONE in 3405ms (single API call)
04-15 20:27:05.541 I/CIRISApiClient(18704): [getGraphData]     Nodes: 109 ({local=93, identity=16})
04-15 20:27:05.541 I/CIRISApiClient(18704): [getGraphData]     Edges: 87 total, 87 visible
04-15 20:27:05.542 I/CIRISApiClient(18704): [getGraphData]     Edge types: {FIRST_AUDIT_EVENT=1, LAST_AUDIT_EVENT=1, INVOLVED_USER=1, OCCURRED_IN_CHANNEL=2, DISCUSSED_CONCEPT=2, DRIVES_PROCESSING=1, TEMPORAL_CORRELATION=4, LONG_RUNNING_TASK=1, SUMMARIZES=73, CREATES_TRAIL=1}
04-15 20:27:05.743 I/BillingViewModel(18704): [loadBalance] Credit status loaded: hasCredit=true, creditsRemaining=416, freeUsesRemaining=0, dailyFreeUsesRemaining=2, planName=CIRIS Mobile
04-15 20:27:05.744 I/BillingViewModel(18704): [loadBalance] Total credits calculated: 418
04-15 20:27:05.748 I/CIRISApiClient(18704): [getWalletStatus] Wallet status: address=0x9F6c1A8fD170f199Ab6166f59042f7e6e012E61d, balance=0, level=1
04-15 20:27:05.749 I/InteractViewModel(18704): [fetchWalletStatus] Wallet response: hasWallet=true, isInitializing=false, provider=x402
04-15 20:27:05.753 I/CIRISApiClient(18704): [getWAStatus] Fetching WA status
04-15 20:27:05.768 I/InteractViewModel(18704): [startMessagePolling] First load complete
04-15 20:27:06.160 I/CIRISApiClient(18704): [getPlayIntegrityNonce] Got nonce: -bt5QigmwEAkyhkvM9jZ...
04-15 20:27:06.165 I/CIRISApiClient(18704): [getWAStatus] WA Status: healthy=true, activeWAs=1, pendingDeferrals=0, deferrals24h=0, subscribers=2
04-15 20:27:06.167 I/InteractViewModel(18704): [startHealthPolling] LLM health ready: provider=local
04-15 20:27:07.265 I/CIRISApiClient(18704): [reportPlayIntegrityFailed] Reporting Play Integrity failure: code=16
04-15 20:27:07.364 I/CIRISApiClient(18704): [reportPlayIntegrityFailed] Successfully reported Play Integrity failure
04-15 20:27:07.369 I/MainActivity(18704): Device attestation result: Error(message=Failed to get Play Integrity token: -16: Integrity API error (-16): The provided cloud project number is invalid.
04-15 20:27:07.369 I/MainActivity(18704): Use the cloud project number which can be found in Project info in your Google Cloud Console for the cloud project where Play Integrity API is enabled.
04-15 20:27:07.369 I/MainActivity(18704):  (https://developer.android.com/google/play/integrity/reference/com/google/android/play/core/integrity/model/IntegrityErrorCode.html#CLOUD_PROJECT_NUMBER_IS_INVALID).)
04-15 20:27:07.369 I/InteractViewModel(18704): [startTrustPendingPolling] Device attestation completed: Error(message=Failed to get Play Integrity token: -16: Integrity API error (-16): The provided cloud project number is invalid.
04-15 20:27:07.369 I/InteractViewModel(18704): Use the cloud project number which can be found in Project info in your Google Cloud Console for the cloud project where Play Integrity API is enabled.
04-15 20:27:07.369 I/InteractViewModel(18704):  (https://developer.android.com/google/play/integrity/reference/com/google/android/play/core/integrity/model/IntegrityErrorCode.html#CLOUD_PROJECT_NUMBER_IS_INVALID).)
04-15 20:27:07.374 D/MainActivity(18704): Verify: ciris_verify_ffi: [INFO] ciris_keyring::platform::android: VERIFY key_exists check - phase 1 (file/wrapper check), wrapper_alias=agent_signing_aes_wrapper, encrypted_key_path="/data/data/ai.ciris.mobile.debug/files/ciris/data/agent_signing.ed25519.enc", wrapper_exists=true, file_exists=true
04-15 20:27:07.375 D/MainActivity(18704): Verify: ciris_verify_ffi: [INFO] ciris_keyring::platform::android: VERIFY key_exists check - phase 2 PASSED (key can be decrypted), wrapper_alias=agent_signing_aes_wrapper
04-15 20:27:07.391 D/MainActivity(18704): Verify: ciris_verify_ffi: [INFO] ciris_verify_core::unified: VERIFY ATTESTATION STARTING: Full attestation with network+integrity checks
04-15 20:27:07.391 D/MainActivity(18704): Verify: ciris_verify_ffi: [INFO] ciris_verify_core::unified: VERIFY PHASE 1/2 STARTING: Parallel manifest fetch + validation (5 network calls)
04-15 20:27:07.392 D/MainActivity(18704): Verify: ciris_verify_ffi: [INFO] ciris_verify_core::unified: VERIFY STEP 1/5 STARTING: Binary manifest fetch
04-15 20:27:07.790 D/MainActivity(18704): Verify: ciris_verify_ffi: [INFO] ciris_verify_core::unified: VERIFY STEP 1/5 COMPLETE: OK (10 targets)
04-15 20:27:07.792 D/MainActivity(18704): Verify: ciris_verify_ffi: [INFO] ciris_verify_core::unified: VERIFY STEP 2/5 STARTING: Function manifest fetch
04-15 20:27:07.925 D/MainActivity(18704): Verify: ciris_verify_ffi: [INFO] ciris_verify_core::unified: VERIFY STEP 2/5 COMPLETE: OK (48 functions)
04-15 20:27:07.928 D/MainActivity(18704): Verify: ciris_verify_ffi: [INFO] ciris_verify_core::unified: VERIFY STEP 3/5 STARTING: Agent build record fetch
04-15 20:27:08.072 D/MainActivity(18704): Verify: ciris_verify_ffi: [WARN] ciris_verify_core::unified: VERIFY STEP 3/5 COMPLETE: FAILED (HTTPS error: All registry endpoints failed for build/2.5.0)
04-15 20:27:08.073 D/MainActivity(18704): Verify: ciris_verify_ffi: [INFO] ciris_verify_core::unified: VERIFY STEP 4/5 STARTING: Source validation (DNS US + EU + HTTPS)
04-15 20:27:08.854 D/MainActivity(18704): Verify: ciris_verify_ffi: [INFO] ciris_verify_core::unified: VERIFY STEP 4/5 COMPLETE: 3/3 sources reachable
04-15 20:27:08.855 D/MainActivity(18704): Verify: ciris_verify_ffi: [INFO] ciris_verify_core::unified: VERIFY STEP 5/5 STARTING: Registry key verification
04-15 20:27:08.982 D/MainActivity(18704): Verify: ciris_verify_ffi: [INFO] ciris_verify_core::unified: VERIFY STEP 5/5 COMPLETE: not_found
04-15 20:27:08.983 D/MainActivity(18704): Verify: ciris_verify_ffi: [INFO] ciris_verify_core::unified: VERIFY PHASE 1/2 COMPLETE: All network fetches done
04-15 20:27:08.984 D/MainActivity(18704): Verify: ciris_verify_ffi: [ERROR] ciris_verify_core::unified: VERIFY MANIFEST_CACHE MISS: No cached build record available and registry unreachable — L4 file integrity will be skipped
04-15 20:27:08.985 D/MainActivity(18704): Verify: ciris_verify_ffi: [INFO] ciris_verify_core::unified: VERIFY PHASE 2/2 STARTING: Local verification (6 checks)
04-15 20:27:08.986 D/MainActivity(18704): Verify: ciris_verify_ffi: [INFO] ciris_verify_core::unified: VERIFY STEP 1/6 STARTING: Self-verification (binary + functions)
04-15 20:27:09.060 D/MainActivity(18704): Verify: ciris_verify_ffi: [INFO] ciris_verify_core::unified: VERIFY STEP 1/6 COMPLETE: OK (binary=✓, functions=48/48)
04-15 20:27:09.062 D/MainActivity(18704): Verify: ciris_verify_ffi: [INFO] ciris_verify_core::unified: VERIFY STEP 2/6 STARTING: File integrity check
04-15 20:27:09.064 D/MainActivity(18704): Verify: ciris_verify_ffi: [WARN] ciris_verify_core::unified: VERIFY STEP 2/6 COMPLETE: FAILED (HTTPS error: No build record available (pre-fetch failed))
04-15 20:27:09.065 D/MainActivity(18704): Verify: ciris_verify_ffi: [INFO] ciris_verify_core::unified: VERIFY STEP 3/6 STARTING: Module integrity check
04-15 20:27:09.066 D/MainActivity(18704): Verify: ciris_verify_ffi: [WARN] ciris_verify_core::unified: VERIFY STEP 3/6 COMPLETE: FAILED (HTTPS error: No build record available (pre-fetch failed))
04-15 20:27:09.067 D/MainActivity(18704): Verify: ciris_verify_ffi: [INFO] ciris_verify_core::unified: VERIFY STEP 4/6 STARTING: Source validation analysis
04-15 20:27:09.068 D/MainActivity(18704): Verify: ciris_verify_ffi: [INFO] ciris_verify_core::unified: VERIFY STEP 4/6 COMPLETE: 3/3 sources valid (status=AllSourcesAgree)
04-15 20:27:09.068 D/MainActivity(18704): Verify: ciris_verify_ffi: [INFO] ciris_verify_core::unified: VERIFY STEP 5/6 STARTING: Python module integrity
04-15 20:27:09.069 D/MainActivity(18704): Verify: ciris_verify_ffi: [INFO] ciris_verify_core::unified: VERIFY STEP 5/6 COMPLETE: OK (970/970 modules passed)
04-15 20:27:09.069 D/MainActivity(18704): Verify: ciris_verify_ffi: [INFO] ciris_verify_core::unified: VERIFY STEP 6/6 STARTING: Audit trail verification
04-15 20:27:09.070 D/MainActivity(18704): Verify: ciris_verify_ffi: [INFO] ciris_verify_core::unified: VERIFY STEP 6/6 COMPLETE: SKIP (no entries provided)
04-15 20:27:09.071 D/MainActivity(18704): Verify: ciris_verify_ffi: [INFO] ciris_verify_core::unified: VERIFY PHASE 2/2 COMPLETE: All local checks done
04-15 20:27:09.071 D/MainActivity(18704): Verify: ciris_verify_ffi: [INFO] ciris_verify_core::unified: VERIFY ATTESTATION COMPLETE: level=1, valid=false, checks=5/6, time=1665ms
04-15 20:27:09.072 D/MainActivity(18704): Verify: ciris_verify_ffi: [INFO] ciris_keyring::platform::android: VERIFY key_exists check - phase 1 (file/wrapper check), wrapper_alias=agent_signing_aes_wrapper, encrypted_key_path="/data/data/ai.ciris.mobile.debug/files/ciris/data/agent_signing.ed25519.enc", wrapper_exists=true, file_exists=true
04-15 20:27:09.072 D/MainActivity(18704): Verify: ciris_verify_ffi: [INFO] ciris_keyring::platform::android: VERIFY key_exists check - phase 2 PASSED (key can be decrypted), wrapper_alias=agent_signing_aes_wrapper
04-15 20:27:09.072 D/MainActivity(18704): Verify: ciris_verify_ffi: [INFO] ciris_keyring::software: VERIFY MutableEd25519Signer::has_key - hardware wrapper check, has_key=true, hardware_backed=true, ciris_data_dir=Some("/data/data/ai.ciris.mobile.debug/files/ciris")
04-15 20:27:09.073 D/MainActivity(18704): Verify: ciris_verify_ffi: [INFO] ciris_keyring::platform::android: VERIFY key_exists check - phase 1 (file/wrapper check), wrapper_alias=agent_signing_aes_wrapper, encrypted_key_path="/data/data/ai.ciris.mobile.debug/files/ciris/data/agent_signing.ed25519.enc", wrapper_exists=true, file_exists=true
04-15 20:27:09.073 D/MainActivity(18704): Verify: ciris_verify_ffi: [INFO] ciris_keyring::platform::android: VERIFY key_exists check - phase 2 PASSED (key can be decrypted), wrapper_alias=agent_signing_aes_wrapper
04-15 20:27:09.198 I/python.stdout(18704): VERIFY Unified attestation complete, valid=false, level=1, level_pending=false, checks_passed=4, checks_total=5
04-15 20:27:09.199 D/MainActivity(18704): Verify: VERIFY Unified attestation complete, valid=false, level=1, level_pending=false, checks_passed=4, checks_total=5
04-15 20:27:09.700 I/InteractViewModel(18704): [fetchTrustStatus] Level pending changed: true -> false
04-15 20:27:09.702 I/InteractViewModel(18704): [startTrustPendingPolling] Trust status refreshed after device attestation
04-15 20:27:10.405 I/InteractViewModel(18704): [startTrustPendingPolling] Level pending=false (level=1/5), stopping fast poll
04-15 20:27:10.930 D/EnvFileUpdater(18704): Found CIRIS_HOME from env: /data/user/0/ai.ciris.mobile.debug/files/ciris
04-15 20:27:20.934 D/EnvFileUpdater(18704): Found CIRIS_HOME from env: /data/user/0/ai.ciris.mobile.debug/files/ciris
04-15 20:27:21.630 W/chromium(11852): [WARNING:components/sync/engine/syncer_proto_util.cc:430] Error posting from syncer: Response Code (bogus on error): -1 Content-Length (bogus on error): -1 Server Status: CONNECTION_UNAVAILABLE
04-15 20:27:21.631 E/chromium(11852): [ERROR:components/sync/engine/get_updates_processor.cc:270] PostClientToServerMessage() failed during GetUpdates with error Network error (ERR_NAME_NOT_RESOLVED)
04-15 20:27:24.170 W/chromium(11852): [WARNING:components/sync/engine/syncer_proto_util.cc:430] Error posting from syncer: Response Code (bogus on error): -1 Content-Length (bogus on error): -1 Server Status: CONNECTION_UNAVAILABLE
04-15 20:27:24.171 E/chromium(11852): [ERROR:components/sync/engine/get_updates_processor.cc:270] PostClientToServerMessage() failed during GetUpdates with error Network error (ERR_NAME_NOT_RESOLVED)
04-15 20:27:30.445 W/chromium(11852): [WARNING:components/sync/engine/syncer_proto_util.cc:430] Error posting from syncer: Response Code (bogus on error): -1 Content-Length (bogus on error): -1 Server Status: CONNECTION_UNAVAILABLE
04-15 20:27:30.445 E/chromium(11852): [ERROR:components/sync/engine/get_updates_processor.cc:270] PostClientToServerMessage() failed during GetUpdates with error Network error (ERR_NAME_NOT_RESOLVED)
04-15 20:27:31.059 D/EnvFileUpdater(18704): Found CIRIS_HOME from env: /data/user/0/ai.ciris.mobile.debug/files/ciris
04-15 20:27:34.811 D/CIRISApp(18704): [INIT] CIRISApp composable invoked - googleSignInCallback=PRESENT (113745579)
04-15 20:27:34.812 I/InteractViewModel(18704): [setDeviceAttestationCallback] Device attestation callback SET
04-15 20:27:34.921 I/SettingsViewModel(18704): [loadLlmConfig] Loading LLM configuration
04-15 20:27:34.925 I/CIRISApiClient(18704): [getCirisServicesStatus] GET http://localhost:8080/v1/system/llm/ciris-services/status
04-15 20:27:35.284 I/CIRISApiClient(18704): [getCirisServicesStatus] Response 200 OK: {"data":{"disabled":true,"message":"CIRIS services are disabled"},"metadata":{"timestamp":"2026-04-16T01:27:35.275634+00:00","request_id":null,"duration_ms":null}}
04-15 20:27:35.286 I/CIRISApiClient(18704): [listAdapters] Listing adapters
04-15 20:27:35.640 I/CIRISApiClient(18704): [getCirisServicesStatus] GET http://localhost:8080/v1/system/llm/ciris-services/status
04-15 20:27:36.408 I/CIRISApiClient(18704): [getCirisServicesStatus] Response 200 OK: {"data":{"disabled":true,"message":"CIRIS services are disabled"},"metadata":{"timestamp":"2026-04-16T01:27:36.397393+00:00","request_id":null,"duration_ms":null}}
04-15 20:27:36.410 I/SettingsViewModel(18704): [loadLlmConfig] LLM config loaded from API: provider=local, isCirisProxy=false, model=gemma-4-e2b
04-15 20:27:36.429 I/CIRISApiClient(18704): [listAdapters] API response: total=8, running=8, adapters.size=8
04-15 20:27:36.430 I/CIRISApiClient(18704): [listAdapters]   API adapter[0]: id=cirisverify_bootstrap, type=cirisverify, running=true, needsReauth=false, hasAuthStep=false
04-15 20:27:36.431 I/CIRISApiClient(18704): [listAdapters]   API adapter[1]: id=wallet_bootstrap, type=wallet, running=true, needsReauth=false, hasAuthStep=false
04-15 20:27:36.431 I/CIRISApiClient(18704): [listAdapters]   API adapter[2]: id=api_bootstrap, type=api, running=true, needsReauth=false, hasAuthStep=false
04-15 20:27:36.431 I/CIRISApiClient(18704): [listAdapters]   API adapter[3]: id=ciris_accord_metrics, type=ciris_accord_metrics, running=true, needsReauth=false, hasAuthStep=false
04-15 20:27:36.432 I/CIRISApiClient(18704): [listAdapters]   API adapter[4]: id=mobile_local_llm, type=mobile_local_llm, running=true, needsReauth=false, hasAuthStep=false
04-15 20:27:36.432 I/CIRISApiClient(18704): [listAdapters]   API adapter[5]: id=weather, type=weather, running=true, needsReauth=false, hasAuthStep=false
04-15 20:27:36.433 I/CIRISApiClient(18704): [listAdapters]   API adapter[6]: id=ciris_hosted_tools, type=ciris_hosted_tools, running=true, needsReauth=false, hasAuthStep=false
04-15 20:27:36.433 I/CIRISApiClient(18704): [listAdapters]   API adapter[7]: id=navigation, type=navigation, running=true, needsReauth=false, hasAuthStep=false
04-15 20:27:36.434 I/CIRISApiClient(18704): [getLlmBusStatus] GET http://localhost:8080/v1/system/llm/status
04-15 20:27:36.441 I/SettingsViewModel(18704): [loadLlmConfig] API key loaded, now fetching models for provider: local
04-15 20:27:36.442 I/SettingsViewModel(18704): [fetchModelsForProvider] Fetching models for provider: local
04-15 20:27:36.442 I/CIRISApiClient(18704): [listModels] Listing models: provider=local, baseUrl=http://127.0.0.1:8091/v1
04-15 20:27:37.124 I/CIRISApiClient(18704): [getCirisServicesStatus] GET http://localhost:8080/v1/system/llm/ciris-services/status
04-15 20:27:37.906 I/CIRISApiClient(18704): [getLlmProviders] GET http://localhost:8080/v1/system/llm/providers
04-15 20:27:38.413 I/CIRISApiClient(18704): [getCirisServicesStatus] Response 200 OK: {"data":{"disabled":true,"message":"CIRIS services are disabled"},"metadata":{"timestamp":"2026-04-16T01:27:37.894783+00:00","request_id":null,"duration_ms":null}}
04-15 20:27:39.148 I/CIRISApiClient(18704): [getWAStatus] Fetching WA status
04-15 20:27:39.531 I/CIRISApiClient(18704): [getWAStatus] WA Status: healthy=true, activeWAs=1, pendingDeferrals=0, deferrals24h=0, subscribers=2
04-15 20:27:41.061 D/EnvFileUpdater(18704): Found CIRIS_HOME from env: /data/user/0/ai.ciris.mobile.debug/files/ciris
04-15 20:27:41.322 I/CIRISApiClient(18704): [listModels] Listed 0 models from static
04-15 20:27:41.323 W/SettingsViewModel(18704): [fetchModelsForProvider] API returned no models, keeping static list
04-15 20:27:41.324 I/SettingsViewModel(18704): [loadLlmConfig] Configuration loaded successfully from API
04-15 20:27:46.095 W/chromium(11852): [WARNING:components/sync/engine/syncer_proto_util.cc:430] Error posting from syncer: Response Code (bogus on error): -1 Content-Length (bogus on error): -1 Server Status: CONNECTION_UNAVAILABLE
04-15 20:27:46.095 E/chromium(11852): [ERROR:components/sync/engine/get_updates_processor.cc:270] PostClientToServerMessage() failed during GetUpdates with error Network error (ERR_NAME_NOT_RESOLVED)
04-15 20:27:46.371 I/CIRISApiClient(18704): [deleteLlmProvider] DELETE http://localhost:8080/v1/system/llm/providers/local_primary
04-15 20:27:46.782 W/python.stderr(18704): <frozen importlib._bootstrap>:914: ImportWarning: PydanticCoreFinder.find_spec() not found; falling back to find_module()
04-15 20:27:46.809 I/CIRISApiClient(18704): [getCirisServicesStatus] GET http://localhost:8080/v1/system/llm/ciris-services/status
04-15 20:27:47.545 I/CIRISApiClient(18704): [getCirisServicesStatus] Response 200 OK: {"data":{"disabled":true,"message":"CIRIS services are disabled"},"metadata":{"timestamp":"2026-04-16T01:27:47.535656+00:00","request_id":null,"duration_ms":null}}
04-15 20:27:47.548 I/CIRISApiClient(18704): [listAdapters] Listing adapters
04-15 20:27:47.959 I/CIRISApiClient(18704): [listAdapters] API response: total=8, running=8, adapters.size=8
04-15 20:27:47.961 I/CIRISApiClient(18704): [listAdapters]   API adapter[0]: id=cirisverify_bootstrap, type=cirisverify, running=true, needsReauth=false, hasAuthStep=false
04-15 20:27:47.961 I/CIRISApiClient(18704): [listAdapters]   API adapter[1]: id=wallet_bootstrap, type=wallet, running=true, needsReauth=false, hasAuthStep=false
04-15 20:27:47.962 I/CIRISApiClient(18704): [listAdapters]   API adapter[2]: id=api_bootstrap, type=api, running=true, needsReauth=false, hasAuthStep=false
04-15 20:27:47.962 I/CIRISApiClient(18704): [listAdapters]   API adapter[3]: id=ciris_accord_metrics, type=ciris_accord_metrics, running=true, needsReauth=false, hasAuthStep=false
04-15 20:27:47.963 I/CIRISApiClient(18704): [listAdapters]   API adapter[4]: id=mobile_local_llm, type=mobile_local_llm, running=true, needsReauth=false, hasAuthStep=false
04-15 20:27:47.963 I/CIRISApiClient(18704): [listAdapters]   API adapter[5]: id=weather, type=weather, running=true, needsReauth=false, hasAuthStep=false
04-15 20:27:47.964 I/CIRISApiClient(18704): [listAdapters]   API adapter[6]: id=ciris_hosted_tools, type=ciris_hosted_tools, running=true, needsReauth=false, hasAuthStep=false
04-15 20:27:47.964 I/CIRISApiClient(18704): [listAdapters]   API adapter[7]: id=navigation, type=navigation, running=true, needsReauth=false, hasAuthStep=false
04-15 20:27:47.965 I/CIRISApiClient(18704): [getLlmBusStatus] GET http://localhost:8080/v1/system/llm/status
04-15 20:27:48.339 I/CIRISApiClient(18704): [getLlmProviders] GET http://localhost:8080/v1/system/llm/providers
04-15 20:27:50.273 I/CIRISApiClient(18704): [deleteLlmProvider] DELETE http://localhost:8080/v1/system/llm/providers/MobileLocalLLMService
04-15 20:27:50.671 I/CIRISApiClient(18704): [getCirisServicesStatus] GET http://localhost:8080/v1/system/llm/ciris-services/status
04-15 20:27:51.064 D/EnvFileUpdater(18704): Found CIRIS_HOME from env: /data/user/0/ai.ciris.mobile.debug/files/ciris
04-15 20:27:51.403 I/CIRISApiClient(18704): [getCirisServicesStatus] Response 200 OK: {"data":{"disabled":true,"message":"CIRIS services are disabled"},"metadata":{"timestamp":"2026-04-16T01:27:51.379458+00:00","request_id":null,"duration_ms":null}}
04-15 20:27:51.406 I/CIRISApiClient(18704): [listAdapters] Listing adapters
04-15 20:27:52.185 I/CIRISApiClient(18704): [listAdapters] API response: total=8, running=8, adapters.size=8
04-15 20:27:52.186 I/CIRISApiClient(18704): [listAdapters]   API adapter[0]: id=cirisverify_bootstrap, type=cirisverify, running=true, needsReauth=false, hasAuthStep=false
04-15 20:27:52.187 I/CIRISApiClient(18704): [listAdapters]   API adapter[1]: id=wallet_bootstrap, type=wallet, running=true, needsReauth=false, hasAuthStep=false
04-15 20:27:52.187 I/CIRISApiClient(18704): [listAdapters]   API adapter[2]: id=api_bootstrap, type=api, running=true, needsReauth=false, hasAuthStep=false
04-15 20:27:52.188 I/CIRISApiClient(18704): [listAdapters]   API adapter[3]: id=ciris_accord_metrics, type=ciris_accord_metrics, running=true, needsReauth=false, hasAuthStep=false
04-15 20:27:52.188 I/CIRISApiClient(18704): [listAdapters]   API adapter[4]: id=mobile_local_llm, type=mobile_local_llm, running=true, needsReauth=false, hasAuthStep=false
04-15 20:27:52.189 I/CIRISApiClient(18704): [listAdapters]   API adapter[5]: id=weather, type=weather, running=true, needsReauth=false, hasAuthStep=false
04-15 20:27:52.189 I/CIRISApiClient(18704): [listAdapters]   API adapter[6]: id=ciris_hosted_tools, type=ciris_hosted_tools, running=true, needsReauth=false, hasAuthStep=false
04-15 20:27:52.189 I/CIRISApiClient(18704): [listAdapters]   API adapter[7]: id=navigation, type=navigation, running=true, needsReauth=false, hasAuthStep=false
04-15 20:27:52.190 I/CIRISApiClient(18704): [getLlmBusStatus] GET http://localhost:8080/v1/system/llm/status
04-15 20:27:52.562 I/CIRISApiClient(18704): [getLlmProviders] GET http://localhost:8080/v1/system/llm/providers
04-15 20:27:52.594 I/InteractViewModel(18704): [startStatusPolling] Connection state changed: false -> true
04-15 20:28:01.072 D/EnvFileUpdater(18704): Found CIRIS_HOME from env: /data/user/0/ai.ciris.mobile.debug/files/ciris
04-15 20:28:05.609 I/CIRISApiClient(18704): [discoverLocalLlmServers] Discovering local LLM servers (timeout=5.0s, localhost=true)
04-15 20:28:08.021 W/python.stderr(18704): stdlib/asyncio/base_events.py:688: ResourceWarning: unclosed event loop <_UnixSelectorEventLoop running=False closed=False debug=False>
04-15 20:28:08.021 W/python.stderr(18704): ResourceWarning: Enable tracemalloc to get the object allocation traceback
04-15 20:28:09.572 W/chromium(11852): [WARNING:components/sync/engine/syncer_proto_util.cc:430] Error posting from syncer: Response Code (bogus on error): -1 Content-Length (bogus on error): -1 Server Status: CONNECTION_UNAVAILABLE
04-15 20:28:09.573 E/chromium(11852): [ERROR:components/sync/engine/get_updates_processor.cc:270] PostClientToServerMessage() failed during GetUpdates with error Network error (ERR_NAME_NOT_RESOLVED)
04-15 20:28:09.940 I/CIRISApiClient(18704): [getCirisServicesStatus] GET http://localhost:8080/v1/system/llm/ciris-services/status
04-15 20:28:10.347 I/CIRISApiClient(18704): [getCirisServicesStatus] Response 200 OK: {"data":{"disabled":true,"message":"CIRIS services are disabled"},"metadata":{"timestamp":"2026-04-16T01:28:10.313603+00:00","request_id":null,"duration_ms":null}}
04-15 20:28:10.366 I/CIRISApiClient(18704): [getWAStatus] Fetching WA status
04-15 20:28:11.075 D/EnvFileUpdater(18704): Found CIRIS_HOME from env: /data/user/0/ai.ciris.mobile.debug/files/ciris
04-15 20:28:11.127 I/CIRISApiClient(18704): [getWAStatus] WA Status: healthy=true, activeWAs=1, pendingDeferrals=0, deferrals24h=0, subscribers=2
04-15 20:28:11.142 I/CIRISApiClient(18704): [discoverLocalLlmServers] Discovered 1 servers via hostname_probe, localhost_scan
04-15 20:28:11.144 I/SettingsViewModel(18704): [selectServer] Selected server: jetson.local:11434 (4 models) (http://192.168.50.203:11434)
04-15 20:28:11.145 I/SettingsViewModel(18704): [selectServer] Set base URL to: http://192.168.50.203:11434/v1
04-15 20:28:11.146 I/SettingsViewModel(18704): [selectServer] Using 4 models from discovery: [gemma4:E2B, gemma4:latest, qwen3:4b, llama3.2:1b]
04-15 20:28:12.455 I/CIRISApiClient(18704): [addLlmProvider] POST http://localhost:8080/v1/system/llm/providers (provider=local, priority=FALLBACK)
04-15 20:28:12.926 I/CIRISApiClient(18704): [getCirisServicesStatus] GET http://localhost:8080/v1/system/llm/ciris-services/status
04-15 20:28:13.311 I/CIRISApiClient(18704): [getCirisServicesStatus] Response 200 OK: {"data":{"disabled":true,"message":"CIRIS services are disabled"},"metadata":{"timestamp":"2026-04-16T01:28:13.300180+00:00","request_id":null,"duration_ms":null}}
04-15 20:28:13.315 I/CIRISApiClient(18704): [listAdapters] Listing adapters
04-15 20:28:13.740 I/CIRISApiClient(18704): [listAdapters] API response: total=8, running=8, adapters.size=8
04-15 20:28:13.741 I/CIRISApiClient(18704): [listAdapters]   API adapter[0]: id=cirisverify_bootstrap, type=cirisverify, running=true, needsReauth=false, hasAuthStep=false
04-15 20:28:13.742 I/CIRISApiClient(18704): [listAdapters]   API adapter[1]: id=wallet_bootstrap, type=wallet, running=true, needsReauth=false, hasAuthStep=false
04-15 20:28:13.743 I/CIRISApiClient(18704): [listAdapters]   API adapter[2]: id=api_bootstrap, type=api, running=true, needsReauth=false, hasAuthStep=false
04-15 20:28:13.743 I/CIRISApiClient(18704): [listAdapters]   API adapter[3]: id=ciris_accord_metrics, type=ciris_accord_metrics, running=true, needsReauth=false, hasAuthStep=false
04-15 20:28:13.744 I/CIRISApiClient(18704): [listAdapters]   API adapter[4]: id=mobile_local_llm, type=mobile_local_llm, running=true, needsReauth=false, hasAuthStep=false
04-15 20:28:13.744 I/CIRISApiClient(18704): [listAdapters]   API adapter[5]: id=weather, type=weather, running=true, needsReauth=false, hasAuthStep=false
04-15 20:28:13.745 I/CIRISApiClient(18704): [listAdapters]   API adapter[6]: id=ciris_hosted_tools, type=ciris_hosted_tools, running=true, needsReauth=false, hasAuthStep=false
04-15 20:28:13.745 I/CIRISApiClient(18704): [listAdapters]   API adapter[7]: id=navigation, type=navigation, running=true, needsReauth=false, hasAuthStep=false
04-15 20:28:13.747 I/CIRISApiClient(18704): [getLlmBusStatus] GET http://localhost:8080/v1/system/llm/status
04-15 20:28:14.122 I/CIRISApiClient(18704): [getLlmProviders] GET http://localhost:8080/v1/system/llm/providers
04-15 20:28:21.083 D/EnvFileUpdater(18704): Found CIRIS_HOME from env: /data/user/0/ai.ciris.mobile.debug/files/ciris
04-15 20:28:26.966 I/SettingsViewModel(18704): [selectServer] Selected server: jetson.local:11434 (4 models) (http://192.168.50.203:11434)
04-15 20:28:26.968 I/SettingsViewModel(18704): [selectServer] Set base URL to: http://192.168.50.203:11434/v1
04-15 20:28:26.968 I/SettingsViewModel(18704): [selectServer] Using 4 models from discovery: [gemma4:E2B, gemma4:latest, qwen3:4b, llama3.2:1b]
04-15 20:28:31.089 D/EnvFileUpdater(18704): Found CIRIS_HOME from env: /data/user/0/ai.ciris.mobile.debug/files/ciris
04-15 20:28:39.457 I/CIRISApp(18704): [Screen.LLMSettings] Navigating back to Interact
04-15 20:28:39.470 D/CIRISApp(18704): [INIT] CIRISApp composable invoked - googleSignInCallback=PRESENT (113745579)
04-15 20:28:39.471 I/InteractViewModel(18704): [setDeviceAttestationCallback] Device attestation callback SET
04-15 20:28:39.479 D/CIRISApp(18704): [CIRISApp] >>> liveBackgroundEnabled=true, apiClient=present
04-15 20:28:39.649 I/CIRISApiClient(18704): [getGraphData] >>> START: hours=24, scope=ALL_SCOPES, type=null, limit=200
04-15 20:28:39.650 I/CIRISApiClient(18704): [getGraphData] Fetching timeline: http://localhost:8080/v1/memory/timeline?hours=24&include_edges=true&include_metrics=false
04-15 20:28:40.141 I/CIRISApiClient(18704): [getGraphData] <<< DONE in 492ms (single API call)
04-15 20:28:40.142 I/CIRISApiClient(18704): [getGraphData]     Nodes: 110 ({local=94, identity=16})
04-15 20:28:40.143 I/CIRISApiClient(18704): [getGraphData]     Edges: 87 total, 87 visible
04-15 20:28:40.143 I/CIRISApiClient(18704): [getGraphData]     Edge types: {FIRST_AUDIT_EVENT=1, LAST_AUDIT_EVENT=1, INVOLVED_USER=1, OCCURRED_IN_CHANNEL=2, DISCUSSED_CONCEPT=2, DRIVES_PROCESSING=1, TEMPORAL_CORRELATION=4, LONG_RUNNING_TASK=1, SUMMARIZES=73, CREATES_TRAIL=1}
04-15 20:28:41.093 D/EnvFileUpdater(18704): Found CIRIS_HOME from env: /data/user/0/ai.ciris.mobile.debug/files/ciris
04-15 20:28:41.476 I/CIRISApiClient(18704): [getCirisServicesStatus] GET http://localhost:8080/v1/system/llm/ciris-services/status
04-15 20:28:42.112 I/CIRISApiClient(18704): [getCirisServicesStatus] Response 200 OK: {"data":{"disabled":true,"message":"CIRIS services are disabled"},"metadata":{"timestamp":"2026-04-16T01:28:42.074078+00:00","request_id":null,"duration_ms":null}}
04-15 20:28:42.139 I/CIRISApiClient(18704): [getWAStatus] Fetching WA status
04-15 20:28:42.323 I/InteractViewModel(18704): [sendMessage] Sending message: 'hello...' with 0 attachments
04-15 20:28:42.325 I/CIRISApiClient(18704): [sendMessage] Sending message: 'hello...' to channel=mobile_app, images=0, docs=0
04-15 20:28:43.228 I/CIRISApiClient(18704): [getWAStatus] WA Status: healthy=true, activeWAs=1, pendingDeferrals=0, deferrals24h=0, subscribers=2
04-15 20:28:44.772 W/chromium(11852): [WARNING:components/sync/engine/syncer_proto_util.cc:430] Error posting from syncer: Response Code (bogus on error): -1 Content-Length (bogus on error): -1 Server Status: CONNECTION_UNAVAILABLE
04-15 20:28:44.773 E/chromium(11852): [ERROR:components/sync/engine/get_updates_processor.cc:270] PostClientToServerMessage() failed during GetUpdates with error Network error (ERR_NAME_NOT_RESOLVED)
04-15 20:28:45.232 I/CIRISApiClient(18704): [getGraphData] >>> START: hours=24, scope=ALL_SCOPES, type=null, limit=200
04-15 20:28:45.233 I/CIRISApiClient(18704): [getGraphData] Fetching timeline: http://localhost:8080/v1/memory/timeline?hours=24&include_edges=true&include_metrics=false
04-15 20:28:45.614 D/MainActivity(18704): Verify: ciris_verify_ffi: [INFO] ciris_keyring::platform::android: VERIFY key_exists check - phase 1 (file/wrapper check), wrapper_alias=agent_signing_aes_wrapper, encrypted_key_path="/data/data/ai.ciris.mobile.debug/files/ciris/data/agent_signing.ed25519.enc", wrapper_exists=true, file_exists=true
04-15 20:28:45.614 D/MainActivity(18704): Verify: ciris_verify_ffi: [INFO] ciris_keyring::platform::android: VERIFY key_exists check - phase 2 PASSED (key can be decrypted), wrapper_alias=agent_signing_aes_wrapper
04-15 20:28:45.614 D/MainActivity(18704): Verify: ciris_verify_ffi: [INFO] ciris_keyring::software: VERIFY MutableEd25519Signer::has_key - hardware wrapper check, has_key=true, hardware_backed=true, ciris_data_dir=Some("/data/data/ai.ciris.mobile.debug/files/ciris")
04-15 20:28:45.615 D/MainActivity(18704): Verify: ciris_verify_ffi: [INFO] ciris_keyring::platform::android: VERIFY key_exists check - phase 1 (file/wrapper check), wrapper_alias=agent_signing_aes_wrapper, encrypted_key_path="/data/data/ai.ciris.mobile.debug/files/ciris/data/agent_signing.ed25519.enc", wrapper_exists=true, file_exists=true
04-15 20:28:45.615 D/MainActivity(18704): Verify: ciris_verify_ffi: [INFO] ciris_keyring::platform::android: VERIFY key_exists check - phase 2 PASSED (key can be decrypted), wrapper_alias=agent_signing_aes_wrapper
04-15 20:28:45.616 D/MainActivity(18704): Verify: ciris_verify_ffi: [INFO] ciris_keyring::platform::android: VERIFY key_exists check - phase 1 (file/wrapper check), wrapper_alias=agent_signing_aes_wrapper, encrypted_key_path="/data/data/ai.ciris.mobile.debug/files/ciris/data/agent_signing.ed25519.enc", wrapper_exists=true, file_exists=true
04-15 20:28:45.617 D/MainActivity(18704): Verify: ciris_verify_ffi: [INFO] ciris_keyring::platform::android: VERIFY key_exists check - phase 2 PASSED (key can be decrypted), wrapper_alias=agent_signing_aes_wrapper
04-15 20:28:45.961 I/CIRISApiClient(18704): [getGraphData] <<< DONE in 729ms (single API call)
04-15 20:28:45.962 I/CIRISApiClient(18704): [getGraphData]     Nodes: 110 ({local=94, identity=16})
04-15 20:28:45.963 I/CIRISApiClient(18704): [getGraphData]     Edges: 87 total, 87 visible
04-15 20:28:45.963 I/CIRISApiClient(18704): [getGraphData]     Edge types: {FIRST_AUDIT_EVENT=1, LAST_AUDIT_EVENT=1, INVOLVED_USER=1, OCCURRED_IN_CHANNEL=2, DISCUSSED_CONCEPT=2, DRIVES_PROCESSING=1, TEMPORAL_CORRELATION=4, LONG_RUNNING_TASK=1, SUMMARIZES=73, CREATES_TRAIL=1}
04-15 20:28:46.643 I/InteractViewModel(18704): [fetchHistory] Added 1 new messages to chat
04-15 20:28:48.461 I/InteractViewModel(18704): [startStatusPolling] Connection state changed: true -> false
04-15 20:28:50.406 I/InteractViewModel(18704): [fetchHistory] Added 2 new messages to chat
04-15 20:28:51.099 D/EnvFileUpdater(18704): Found CIRIS_HOME from env: /data/user/0/ai.ciris.mobile.debug/files/ciris
04-15 20:29:01.100 D/EnvFileUpdater(18704): Found CIRIS_HOME from env: /data/user/0/ai.ciris.mobile.debug/files/ciris
04-15 20:29:11.112 D/EnvFileUpdater(18704): Found CIRIS_HOME from env: /data/user/0/ai.ciris.mobile.debug/files/ciris
04-15 20:29:12.343 E/CIRISApiClient(18704): [sendMessage] Exception: HttpRequestTimeoutException: Request timeout has expired [url=http://localhost:8080/v1/agent/interact, request_timeout=30000 ms] | Context: message='hello...', channelId=mobile_app, hasToken=true
04-15 20:29:12.343 E/CIRISApiClient(18704): io.ktor.client.plugins.HttpRequestTimeoutException: Request timeout has expired [url=http://localhost:8080/v1/agent/interact, request_timeout=30000 ms]
04-15 20:29:12.343 E/CIRISApiClient(18704): 	at io.ktor.client.plugins.HttpTimeout$Plugin$install$1$1$killer$1.invokeSuspend(HttpTimeout.kt:165)
04-15 20:29:12.343 E/CIRISApiClient(18704): 	at kotlin.coroutines.jvm.internal.BaseContinuationImpl.resumeWith(ContinuationImpl.kt:33)
04-15 20:29:12.343 E/CIRISApiClient(18704): 	at kotlinx.coroutines.DispatchedTask.run(DispatchedTask.kt:104)
04-15 20:29:12.343 E/CIRISApiClient(18704): 	at kotlinx.coroutines.internal.LimitedDispatcher$Worker.run(LimitedDispatcher.kt:111)
04-15 20:29:12.343 E/CIRISApiClient(18704): 	at kotlinx.coroutines.scheduling.TaskImpl.run(Tasks.kt:99)
04-15 20:29:12.343 E/CIRISApiClient(18704): 	at kotlinx.coroutines.scheduling.CoroutineScheduler.runSafely(CoroutineScheduler.kt:585)
04-15 20:29:12.343 E/CIRISApiClient(18704): 	at kotlinx.coroutines.scheduling.CoroutineScheduler$Worker.executeTask(CoroutineScheduler.kt:802)
04-15 20:29:12.343 E/CIRISApiClient(18704): 	at kotlinx.coroutines.scheduling.CoroutineScheduler$Worker.runWorker(CoroutineScheduler.kt:706)
04-15 20:29:12.343 E/CIRISApiClient(18704): 	at kotlinx.coroutines.scheduling.CoroutineScheduler$Worker.run(CoroutineScheduler.kt:693)
04-15 20:29:12.344 E/InteractViewModel(18704): [sendMessage] Failed to send message: HttpRequestTimeoutException: Request timeout has expired [url=http://localhost:8080/v1/agent/interact, request_timeout=30000 ms]
04-15 20:29:12.344 E/InteractViewModel(18704): [sendMessage] Stack trace: io.ktor.client.plugins.HttpRequestTimeoutException: Request timeout has expired [url=http://localhost:8080/v1/agent/interact, request_timeout=30000 ms]
04-15 20:29:12.344 E/InteractViewModel(18704): 	at io.ktor.client.plugins.HttpTimeout$Plugin$install$1$1$killer$1.invokeSuspend(HttpTimeout.kt:165)
04-15 20:29:12.344 E/InteractViewModel(18704): 	at kotlin.coroutines.jvm.internal.BaseContinuationImpl.resumeWith(ContinuationImpl.kt:33)
04-15 20:29:12.344 E/InteractViewModel(18704): 	at kotlinx.coroutines.DispatchedTask.run(DispatchedTask.kt:104)
04-15 20:29:12.344 E/InteractViewModel(18704): 	at kotlinx.coroutines.internal.LimitedDispatcher$Worker.run(LimitedDispatcher.kt:111)
04-15 20:29:12.344 E/InteractViewModel(18704): 	at 
04-15 20:29:12.345 I/InteractViewModel(18704): [sendMessage] Timeout during send - response will arrive via SSE
04-15 20:29:13.587 I/CIRISApiClient(18704): [getCirisServicesStatus] GET http://localhost:8080/v1/system/llm/ciris-services/status
04-15 20:29:13.810 W/chromium(11852): [WARNING:net/cert/ev_root_ca_metadata.cc:118] Not implemented
04-15 20:29:13.974 I/CIRISApiClient(18704): [getCirisServicesStatus] Response 200 OK: {"data":{"disabled":true,"message":"CIRIS services are disabled"},"metadata":{"timestamp":"2026-04-16T01:29:13.964673+00:00","request_id":null,"duration_ms":null}}
04-15 20:29:14.041 I/CIRISApiClient(18704): [getWAStatus] Fetching WA status
04-15 20:29:14.404 I/CIRISApiClient(18704): [getWAStatus] WA Status: healthy=true, activeWAs=1, pendingDeferrals=0, deferrals24h=0, subscribers=2
04-15 20:29:18.726 W/chromium(11852): [WARNING:net/cert/ev_root_ca_metadata.cc:118] Not implemented
04-15 20:29:21.113 D/EnvFileUpdater(18704): Found CIRIS_HOME from env: /data/user/0/ai.ciris.mobile.debug/files/ciris
04-15 20:29:24.274 W/chromium(20027): [WARNING:content/app/android/content_main_android.cc:82] android_setCpu already initialized
04-15 20:29:24.639 W/chromium(20057): [WARNING:content/app/android/content_main_android.cc:82] android_setCpu already initialized
04-15 20:29:24.869 I/chromium(17590): [INFO:third_party/blink/renderer/modules/peerconnection/peer_connection_dependency_factory.cc:941] Running WebRTC with a combined Network and Worker thread.
04-15 20:29:24.935 W/chromium(11852): [WARNING:chrome/browser/media/prefs/capture_device_ranking.h:255] Can't initialize the value of media.audio_input.user_preference_ranking because media.default_audio_capture_device isn't registered or is empty
04-15 20:29:24.935 W/chromium(11852): [WARNING:chrome/browser/media/prefs/capture_device_ranking.h:255] Can't initialize the value of media.video_input.user_preference_ranking because media.default_video_capture_Device isn't registered or is empty
04-15 20:29:25.071 W/chromium(11852): [WARNING:net/dns/host_resolver_dns_task.cc:934] Address list empty after RFC3484 sort
04-15 20:29:25.826 W/chromium(11852): [WARNING:net/cert/ev_root_ca_metadata.cc:118] Not implemented
04-15 20:29:26.341 W/chromium(20125): [WARNING:content/app/android/content_main_android.cc:82] android_setCpu already initialized
04-15 20:29:29.499 E/chromium(11852): [ERROR:net/socket/ssl_client_socket_impl.cc:924] handshake failed; returned -1, SSL error code 1, net_error -101
04-15 20:29:29.550 W/chromium(11852): [WARNING:net/cert/ev_root_ca_metadata.cc:118] Not implemented
04-15 20:29:29.953 W/chromium(20171): [WARNING:content/app/android/content_main_android.cc:82] android_setCpu already initialized
04-15 20:29:30.010 W/chromium(11852): [WARNING:net/cert/ev_root_ca_metadata.cc:118] Not implemented
04-15 20:29:30.614 W/chromium(13725): [WARNING:components/viz/service/frame_sinks/compositor_frame_sink_support.cc:1769] Surface SurfaceId(FrameSinkId(143, 33), LocalSurfaceId(10, 2, 7CE9...)) is destroyed while there is an outstanding CopyOutputRequest specificc for it.
04-15 20:29:30.674 W/chromium(11852): [WARNING:net/cert/ev_root_ca_metadata.cc:118] Not implemented
04-15 20:29:30.764 W/chromium(11852): [WARNING:net/cert/ev_root_ca_metadata.cc:118] Not implemented
04-15 20:29:30.873 W/chromium(11852): [WARNING:net/cert/ev_root_ca_metadata.cc:118] Not implemented
04-15 20:29:30.899 W/chromium(11852): [WARNING:net/cert/ev_root_ca_metadata.cc:118] Not implemented
04-15 20:29:31.014 W/chromium(11852): [WARNING:net/cert/ev_root_ca_metadata.cc:118] Not implemented
04-15 20:29:31.015 W/chromium(11852): [WARNING:net/cert/ev_root_ca_metadata.cc:118] Not implemented
04-15 20:29:31.015 W/chromium(11852): [WARNING:net/cert/ev_root_ca_metadata.cc:118] Not implemented
04-15 20:29:31.052 W/chromium(11852): [WARNING:net/cert/ev_root_ca_metadata.cc:118] Not implemented
04-15 20:29:31.087 W/chromium(11852): [WARNING:net/cert/ev_root_ca_metadata.cc:118] Not implemented
04-15 20:29:31.099 W/chromium(11852): [WARNING:net/cert/ev_root_ca_metadata.cc:118] Not implemented
04-15 20:29:31.100 W/chromium(11852): [WARNING:net/cert/ev_root_ca_metadata.cc:118] Not implemented
04-15 20:29:31.115 D/EnvFileUpdater(18704): Found CIRIS_HOME from env: /data/user/0/ai.ciris.mobile.debug/files/ciris
04-15 20:29:31.399 W/chromium(11852): [WARNING:net/cert/ev_root_ca_metadata.cc:118] Not implemented
04-15 20:29:31.420 W/chromium(11852): [WARNING:net/cert/ev_root_ca_metadata.cc:118] Not implemented
04-15 20:29:31.581 W/chromium(11852): [WARNING:net/cert/ev_root_ca_metadata.cc:118] Not implemented
04-15 20:29:31.725 W/chromium(11852): [WARNING:net/cert/ev_root_ca_metadata.cc:118] Not implemented
04-15 20:29:31.824 W/chromium(11852): [WARNING:net/cert/ev_root_ca_metadata.cc:118] Not implemented
04-15 20:29:32.193 W/chromium(20213): [WARNING:content/app/android/content_main_android.cc:82] android_setCpu already initialized
04-15 20:29:41.117 D/EnvFileUpdater(18704): Found CIRIS_HOME from env: /data/user/0/ai.ciris.mobile.debug/files/ciris
04-15 20:29:44.837 I/CIRISApiClient(18704): [getCirisServicesStatus] GET http://localhost:8080/v1/system/llm/ciris-services/status
04-15 20:29:45.291 I/CIRISApiClient(18704): [getCirisServicesStatus] Response 200 OK: {"data":{"disabled":true,"message":"CIRIS services are disabled"},"metadata":{"timestamp":"2026-04-16T01:29:45.253245+00:00","request_id":null,"duration_ms":null}}
04-15 20:29:45.375 I/CIRISApiClient(18704): [getWAStatus] Fetching WA status
04-15 20:29:45.819 I/CIRISApiClient(18704): [getWAStatus] WA Status: healthy=true, activeWAs=1, pendingDeferrals=0, deferrals24h=0, subscribers=2
04-15 20:29:50.075 I/InteractViewModel(18704): [startStatusPolling] Connection state changed: false -> true
04-15 20:29:51.119 D/EnvFileUpdater(18704): Found CIRIS_HOME from env: /data/user/0/ai.ciris.mobile.debug/files/ciris
04-15 20:30:00.868 W/chromium(11852): [WARNING:net/cert/ev_root_ca_metadata.cc:118] Not implemented
04-15 20:30:01.121 D/EnvFileUpdater(18704): Found CIRIS_HOME from env: /data/user/0/ai.ciris.mobile.debug/files/ciris
04-15 20:30:11.129 D/EnvFileUpdater(18704): Found CIRIS_HOME from env: /data/user/0/ai.ciris.mobile.debug/files/ciris
04-15 20:30:16.191 I/CIRISApiClient(18704): [getCirisServicesStatus] GET http://localhost:8080/v1/system/llm/ciris-services/status
04-15 20:30:16.522 I/CIRISApiClient(18704): [getCirisServicesStatus] Response 200 OK: {"data":{"disabled":true,"message":"CIRIS services are disabled"},"metadata":{"timestamp":"2026-04-16T01:30:16.516310+00:00","request_id":null,"duration_ms":null}}
04-15 20:30:16.550 I/CIRISApiClient(18704): [getWAStatus] Fetching WA status
04-15 20:30:16.957 I/CIRISApiClient(18704): [getWAStatus] WA Status: healthy=true, activeWAs=1, pendingDeferrals=0, deferrals24h=0, subscribers=2
04-15 20:30:17.915 D/CIRISApp(18704): [INIT] CIRISApp composable invoked - googleSignInCallback=PRESENT (113745579)
04-15 20:30:17.916 I/InteractViewModel(18704): [setDeviceAttestationCallback] Device attestation callback SET
04-15 20:30:18.150 I/SettingsViewModel(18704): [loadLlmConfig] Loading LLM configuration
04-15 20:30:18.153 I/CIRISApiClient(18704): [getCirisServicesStatus] GET http://localhost:8080/v1/system/llm/ciris-services/status
04-15 20:30:18.507 I/CIRISApiClient(18704): [getCirisServicesStatus] GET http://localhost:8080/v1/system/llm/ciris-services/status
04-15 20:30:19.587 I/CIRISApiClient(18704): [getCirisServicesStatus] Response 200 OK: {"data":{"disabled":true,"message":"CIRIS services are disabled"},"metadata":{"timestamp":"2026-04-16T01:30:18.862552+00:00","request_id":null,"duration_ms":null}}
04-15 20:30:19.589 I/CIRISApiClient(18704): [listAdapters] Listing adapters
04-15 20:30:19.634 I/CIRISApiClient(18704): [getCirisServicesStatus] Response 200 OK: {"data":{"disabled":true,"message":"CIRIS services are disabled"},"metadata":{"timestamp":"2026-04-16T01:30:19.226483+00:00","request_id":null,"duration_ms":null}}
04-15 20:30:19.635 I/SettingsViewModel(18704): [loadLlmConfig] LLM config loaded from API: provider=local, isCirisProxy=false, model=gemma-4-e2b
04-15 20:30:19.639 I/SettingsViewModel(18704): [loadLlmConfig] API key loaded, now fetching models for provider: local
04-15 20:30:19.640 I/SettingsViewModel(18704): [fetchModelsForProvider] Fetching models for provider: local
04-15 20:30:19.641 I/CIRISApiClient(18704): [listModels] Listing models: provider=local, baseUrl=http://127.0.0.1:8091/v1
04-15 20:30:20.031 I/CIRISApiClient(18704): [listAdapters] API response: total=8, running=8, adapters.size=8
04-15 20:30:20.032 I/CIRISApiClient(18704): [listAdapters]   API adapter[0]: id=cirisverify_bootstrap, type=cirisverify, running=true, needsReauth=false, hasAuthStep=false
04-15 20:30:20.033 I/CIRISApiClient(18704): [listAdapters]   API adapter[1]: id=wallet_bootstrap, type=wallet, running=true, needsReauth=false, hasAuthStep=false
04-15 20:30:20.033 I/CIRISApiClient(18704): [listAdapters]   API adapter[2]: id=api_bootstrap, type=api, running=true, needsReauth=false, hasAuthStep=false
04-15 20:30:20.034 I/CIRISApiClient(18704): [listAdapters]   API adapter[3]: id=ciris_accord_metrics, type=ciris_accord_metrics, running=true, needsReauth=false, hasAuthStep=false
04-15 20:30:20.034 I/CIRISApiClient(18704): [listAdapters]   API adapter[4]: id=mobile_local_llm, type=mobile_local_llm, running=true, needsReauth=false, hasAuthStep=false
04-15 20:30:20.035 I/CIRISApiClient(18704): [listAdapters]   API adapter[5]: id=weather, type=weather, running=true, needsReauth=false, hasAuthStep=false
04-15 20:30:20.035 I/CIRISApiClient(18704): [listAdapters]   API adapter[6]: id=ciris_hosted_tools, type=ciris_hosted_tools, running=true, needsReauth=false, hasAuthStep=false
04-15 20:30:20.036 I/CIRISApiClient(18704): [listAdapters]   API adapter[7]: id=navigation, type=navigation, running=true, needsReauth=false, hasAuthStep=false
04-15 20:30:20.037 I/CIRISApiClient(18704): [getLlmBusStatus] GET http://localhost:8080/v1/system/llm/status
04-15 20:30:20.773 I/CIRISApiClient(18704): [getLlmProviders] GET http://localhost:8080/v1/system/llm/providers
04-15 20:30:21.131 D/EnvFileUpdater(18704): Found CIRIS_HOME from env: /data/user/0/ai.ciris.mobile.debug/files/ciris
04-15 20:30:23.325 I/CIRISApiClient(18704): [listModels] Listed 0 models from static
04-15 20:30:23.327 W/SettingsViewModel(18704): [fetchModelsForProvider] API returned no models, keeping static list
04-15 20:30:23.328 I/SettingsViewModel(18704): [loadLlmConfig] Configuration loaded successfully from API
04-15 20:30:30.213 I/CIRISApiClient(18704): [startLocalLlmServer] Starting local LLM server (type=llama.cpp, model=gemma-4-e2b, port=8091, confirmDownload=false)
04-15 20:30:30.611 I/CIRISApiClient(18704): [startLocalLlmServer] Start server result: success=false, message=Unknown server type: llama.cpp. Use 'llama_cpp' or 'ollama'.
04-15 20:30:31.132 D/EnvFileUpdater(18704): Found CIRIS_HOME from env: /data/user/0/ai.ciris.mobile.debug/files/ciris
04-15 20:30:41.134 D/EnvFileUpdater(18704): Found CIRIS_HOME from env: /data/user/0/ai.ciris.mobile.debug/files/ciris
04-15 20:30:47.377 I/CIRISApiClient(18704): [getCirisServicesStatus] GET http://localhost:8080/v1/system/llm/ciris-services/status
04-15 20:30:47.734 I/CIRISApiClient(18704): [getCirisServicesStatus] Response 200 OK: {"data":{"disabled":true,"message":"CIRIS services are disabled"},"metadata":{"timestamp":"2026-04-16T01:30:47.726014+00:00","request_id":null,"duration_ms":null}}
04-15 20:30:47.752 I/CIRISApiClient(18704): [getWAStatus] Fetching WA status
