04-06 18:40:28.704 D/EnvFileUpdater( 7548): Found CIRIS_HOME from env: /data/user/0/ai.ciris.mobile.debug/files/ciris
04-06 18:40:38.706 D/EnvFileUpdater( 7548): Found CIRIS_HOME from env: /data/user/0/ai.ciris.mobile.debug/files/ciris
04-06 18:40:48.709 D/EnvFileUpdater( 7548): Found CIRIS_HOME from env: /data/user/0/ai.ciris.mobile.debug/files/ciris
04-06 18:40:58.711 D/EnvFileUpdater( 7548): Found CIRIS_HOME from env: /data/user/0/ai.ciris.mobile.debug/files/ciris
04-06 18:41:08.713 D/EnvFileUpdater( 7548): Found CIRIS_HOME from env: /data/user/0/ai.ciris.mobile.debug/files/ciris
04-06 18:41:18.716 D/EnvFileUpdater( 7548): Found CIRIS_HOME from env: /data/user/0/ai.ciris.mobile.debug/files/ciris
04-06 18:41:28.718 D/EnvFileUpdater( 7548): Found CIRIS_HOME from env: /data/user/0/ai.ciris.mobile.debug/files/ciris
04-06 18:41:38.722 D/EnvFileUpdater( 7548): Found CIRIS_HOME from env: /data/user/0/ai.ciris.mobile.debug/files/ciris
04-06 18:41:48.725 D/EnvFileUpdater( 7548): Found CIRIS_HOME from env: /data/user/0/ai.ciris.mobile.debug/files/ciris
04-06 18:41:58.728 D/EnvFileUpdater( 7548): Found CIRIS_HOME from env: /data/user/0/ai.ciris.mobile.debug/files/ciris
04-06 18:42:08.731 D/EnvFileUpdater( 7548): Found CIRIS_HOME from env: /data/user/0/ai.ciris.mobile.debug/files/ciris
04-06 18:42:18.734 D/EnvFileUpdater( 7548): Found CIRIS_HOME from env: /data/user/0/ai.ciris.mobile.debug/files/ciris
04-06 18:42:28.737 D/EnvFileUpdater( 7548): Found CIRIS_HOME from env: /data/user/0/ai.ciris.mobile.debug/files/ciris
04-06 18:42:38.739 D/EnvFileUpdater( 7548): Found CIRIS_HOME from env: /data/user/0/ai.ciris.mobile.debug/files/ciris
04-06 18:42:39.539 D/CIRISApp( 7548): [INFO][onGoogleSignIn] Button click handler invoked, googleSignInCallback=PRESENT
04-06 18:42:39.539 D/CIRISApp( 7548): [INFO][onGoogleSignIn] Callback is not null, calling onGoogleSignInRequested...
04-06 18:42:39.540 I/MainActivity( 7548): Google Sign-In requested from CIRISApp (interactive)
04-06 18:42:39.591 D/CIRISApp( 7548): [DEBUG][Screen.Login] Rendering login screen, googleSignInCallback=PRESENT, isFirstRun=true
04-06 18:42:41.706 I/MainActivity( 7548): Google Sign-In successful: ciristest1@gmail.com
04-06 18:42:41.707 D/CIRISApp( 7548): [INFO][onGoogleSignIn] Got result from native sign-in: Success
04-06 18:42:41.708 D/CIRISApp( 7548): [DEBUG][onGoogleSignIn] Processing result: Success(idToken=eyJhbGciOiJSUzI1NiIsImtpZCI6ImNjZTRlMDI0YTUxYWEwYzFjNDFjMWE0NTE1YTQxZGQ3ZTk2MTkzNmIiLCJ0eXAiOiJKV1QifQ.eyJpc3MiOiJodHRwczovL2FjY291bnRzLmdvb2dsZS5jb20iLCJhenAiOiIyNjU4ODI4NTM2OTctOGM1M20zaG4yZDcwczdvcWxtMmgxNjdmN2hyZDFhdTYuYXBwcy5nb29nbGV1c2VyY29udGVudC5jb20iLCJhdWQiOiIyNjU4ODI4NTM2OTctbDQyMW5kb2pjczVubTdsa2xuNTNqajI5a2Y3a2NrOTEuYXBwcy5nb29nbGV1c2VyY29udGVudC5jb20iLCJzdWIiOiIxMDI3NzM3NDkwMzM2ODE2NzEwODMiLCJlbWFpbCI6ImNpcmlzdGVzdDFAZ21haWwuY29tIiwiZW1haWxfdmVyaWZpZWQiOnRydWUsIm5hbWUiOiJDSVJJUyBURVNUIiwicGljdHVyZSI6Imh0dHBzOi8vbGgzLmdvb2dsZXVzZXJjb250ZW50LmNvbS9hL0FDZzhvY0t3ZzEwUXB2U1oxWDl2YWZ3eW5kSW51X0RlOGpTdXNqcExZanA0RFdOT253RFBVUT1zOTYtYyIsImdpdmVuX25hbWUiOiJDSVJJUyIsImZhbWlseV9uYW1lIjoiVEVTVCIsImlhdCI6MTc3NTUxODk2MywiZXhwIjoxNzc1NTIyNTYzfQ.kt6cYBkxp81jrUy9QR9us1igMxiJ2VONxN55i_L-2B6SZkZmSeZ2200_XG7xy-zAqZOZ4KYzGJH5ZOuVI-8KiIGK40A3wwjYtI1n-abQnAorNYyX7ypzfiPVXHhRtuVzKARQ3olIx9eSfqgSGWwAiRSWMVa3Zl3w7vFRwHK_lqGuUwkjwfb_rhiY881mkSN6k889nD7nxO2qNCQBas_6MvxTlGgNHT9VAmF-X4THrSBLN8WUonK_5K6o2l0BEx28AnEHALLNSrSk2XeYCcMJb2gXpPjHHceVdbc1v2p6Bv3q-vLjZIHxtZURZ2FA2etOnkYaoN45-1fMqqVewkVuJQ, userId=102773749033681671083, email=ciristest1@gmail.com, displayName=CIRIS TEST, provider=google)
04-06 18:42:41.708 D/CIRISApp( 7548): [INFO] Sign-in success: userId=102773749033681671083, email=ciristest1@gmail.com
04-06 18:42:41.715 D/CIRISApp( 7548): [INFO] Checking setup status at http://localhost:8080...
04-06 18:42:41.733 I/CIRISApiClient( 7548): [init] CIRISApiClient initialized with baseUrl=http://localhost:8080
04-06 18:42:41.741 D/CIRISApp( 7548): [DEBUG][Screen.Login] Rendering login screen, googleSignInCallback=PRESENT, isFirstRun=true
04-06 18:42:41.856 I/CIRISApiClient( 7548): [getSetupStatus] Setup status: required=true, firstRun=true, configExists=false
04-06 18:42:41.858 D/CIRISApp( 7548): [INFO] Setup required check result: true
04-06 18:42:41.858 D/CIRISApp( 7548): [INFO] Setup required - storing tokens and navigating to Setup wizard (provider=google)
04-06 18:42:41.858 I/TokenManager( 7548): [setCurrentProvider] Provider set to: google
04-06 18:42:41.860 D/CIRISApp( 7548): [INFO] Navigating to Screen.Setup
04-06 18:42:41.862 D/CIRISApp( 7548): [INIT] CIRISApp composable invoked - googleSignInCallback=PRESENT (133976192)
04-06 18:42:41.863 I/InteractViewModel( 7548): [setDeviceAttestationCallback] Device attestation callback SET
04-06 18:42:41.869 D/CIRISApp( 7548): [DEBUG][Screen.Setup] Rendering setup screen
04-06 18:42:48.742 D/EnvFileUpdater( 7548): Found CIRIS_HOME from env: /data/user/0/ai.ciris.mobile.debug/files/ciris
04-06 18:42:49.188 I/CIRISApiClient( 7548): [connectToNode] Initiating device auth for node: https://portal.ciris.ai
04-06 18:42:52.249 I/chromium(30649): [INFO:tin_six_tab_helper.cc(147)] OnTabAdded
04-06 18:42:52.249 I/chromium(30649): [INFO:tin_six_tab_helper.cc(736)] InsertWebContentsAt 0,7 :0xc1187f00
04-06 18:42:52.283 I/chromium(30649): [INFO:tin_six_tab_helper.cc(84)] OnCurrentTabChanged 0,7
04-06 18:42:52.283 I/chromium(30649): [INFO:tin_six_tab_helper.cc(640)] ForceActivateTabAt 0,7
04-06 18:42:52.316 I/chromium(30649): [INFO:render_widget_host_impl.cc(843)] SBRTOUCHLOG  RenderWidgetHostImpl::WasShown
04-06 18:42:52.316 W/chromium(30649): [WARNING:window_android.cc(109)] TAB-STATUS observer added
04-06 18:42:52.317 W/chromium(30649): [WARNING:render_widget_host_view_android.cc(1906)] TAB-STATUS it is still showing
04-06 18:42:52.317 W/chromium(30649): [WARNING:window_android.cc(123)] TAB-STATUS observer removed
04-06 18:42:52.317 W/chromium(30649): [WARNING:window_android.cc(109)] TAB-STATUS observer added
04-06 18:42:52.318 I/chromium(30649): [INFO:tin_six_tab_helper.cc(621)] ActivateTabAt 0,7
04-06 18:42:52.509 I/chromium(30649): [INFO:tin_six_tab_helper.cc(84)] OnCurrentTabChanged 0,7
04-06 18:42:52.509 I/chromium(30649): [INFO:tin_six_tab_helper.cc(640)] ForceActivateTabAt 0,7
04-06 18:42:52.541 I/chromium(30649): [INFO:layer_tree_host_impl.cc(198)] SBRTOUCHLOG DidVisibilityChange = 1
04-06 18:42:52.559 I/chromium( 8071): [INFO:dispatcher.cc(1571)] CreateBindingsSystem
04-06 18:42:52.576 I/chromium(30649): [INFO:browser_gpu_channel_host_factory.cc(359)] EstablishGpuChannel gpu_channel IsLost(),destroying channel
04-06 18:42:52.576 I/chromium(30649): [INFO:browser_gpu_channel_host_factory.cc(364)] EstablishGpuChannel: establishing gpu_channel
04-06 18:42:52.578 I/chromium( 8071): [INFO:layer_tree_host_impl.cc(198)] SBRTOUCHLOG DidVisibilityChange = 0
04-06 18:42:52.578 I/chromium( 8071): [INFO:layer_tree_host_impl.cc(4001)] SBRTOUCHLOG SetDeferCommitFlagForDebug = 1
04-06 18:42:52.578 W/chromium(30649): [WARNING:gpu_process_host.cc(996)] Reinitialized the GPU process after a crash. The reported initialization time was 60 ms
04-06 18:42:52.582 I/chromium(30649): [INFO:ui_resource_layer_manager.cc(290)] CC-HideUrlbar: EnableUIResourceLayer LayerType: 0 Drawable true
04-06 18:42:52.585 I/chromium(30649): [INFO:ui_resource_layer_manager.cc(290)] CC-HideUrlbar: EnableUIResourceLayer LayerType: 1 Drawable true
04-06 18:42:52.596 I/chromium( 8071): [INFO:tin_anti_tracking_renderer_url_loader_throttle_helper.cc(31)] [IAT] set delegate th 0x53880120 td 0x53662da0
04-06 18:42:52.596 I/chromium( 8071): [INFO:tin_smart_protect_renderer.cc(16)] TinSmartProtectRenderer
04-06 18:42:52.598 I/chromium( 8071): [INFO:tin_smart_protect_renderer.cc(33)] BindPendingReceiver bound=1
04-06 18:42:52.599 I/chromium( 8071): [INFO:layer_tree_host_impl.cc(198)] SBRTOUCHLOG DidVisibilityChange = 1
04-06 18:42:52.623 I/chromium(30649): [INFO:tin_six_tab_helper.cc(84)] OnCurrentTabChanged 0,7
04-06 18:42:52.623 I/chromium(30649): [INFO:tin_six_tab_helper.cc(640)] ForceActivateTabAt 0,7
04-06 18:42:52.625 I/chromium(30649): [INFO:tin_six_tab_helper.cc(84)] OnCurrentTabChanged 0,7
04-06 18:42:52.625 I/chromium(30649): [INFO:tin_six_tab_helper.cc(640)] ForceActivateTabAt 0,7
04-06 18:42:52.693 I/chromium(30649): [INFO:tin_six_tab_helper.cc(621)] ActivateTabAt 0,7
04-06 18:42:52.710 I/chromium( 8071): [INFO:render_frame_impl.cc(3805)] LoaderLog didCommitProvisionalLoad
04-06 18:42:52.724 I/chromium(30649): [INFO:tin_auto_https_upgrade_monitor.cc(27)] AutoHTTPSUpgrade  FallbackList  size = 0
04-06 18:42:52.743 I/chromium( 8071): [INFO:memory_cache.cc(126)] MemoryCache MemberMemoryCache is disabled
04-06 18:42:52.845 I/chromium( 8071): [INFO:progress_tracker.cc(112)] LoaderLog  FinishedParsing
04-06 18:42:52.847 I/chromium( 8071): [INFO:layer_tree_host_impl.cc(4001)] SBRTOUCHLOG SetDeferCommitFlagForDebug = 0
04-06 18:42:52.854 I/chromium( 8071): [INFO:layer_tree_impl.cc(1205)] DidUpdatePageScale IsActiveTree: 0 ScaleFactor: 1
04-06 18:42:52.856 I/chromium( 8071): [INFO:layer_tree_impl.cc(1205)] DidUpdatePageScale IsActiveTree: 1 ScaleFactor: 1
04-06 18:42:53.150 I/chromium(30649): [INFO:web_contents_impl.cc(6549)] LoaderLog  progress completed
04-06 18:42:53.167 I/chromium( 8071): [INFO:render_frame_impl.cc(4027)] LoaderLog didFinishLoad
04-06 18:42:53.169 I/chromium( 8071): [INFO:frame_loader.cc(402)] LoaderLog Completed totalBytes = 106022
04-06 18:42:53.169 I/chromium( 8071): [INFO:render_frame_impl.cc(5114)] LoaderLog didStopLoading
04-06 18:42:53.203 I/chromium(30649): [INFO:tin_six_tab_helper.cc(621)] ActivateTabAt 0,7
04-06 18:42:53.249 I/chromium( 8071): [INFO:document_loader.cc(793)] LoaderLog UpdateForSameDocumentNavigation  was_loading = 0  is_client_redirect_ = 0  replaces_history_item_ = 1
04-06 18:42:53.249 I/chromium( 8071): [INFO:render_frame_impl.cc(5114)] LoaderLog didStopLoading
04-06 18:42:53.294 I/chromium(30649): [INFO:tin_six_tab_helper.cc(621)] ActivateTabAt 0,7
04-06 18:42:54.669 W/chromium(30649): [WARNING:render_widget_host_view_android.cc(1070)] SBRTOUCHLOG  OnTouchEvent, Action::DOWN
04-06 18:42:54.669 I/chromium(30649): [INFO:render_widget_host_input_event_router.cc(861)] SBRTOUCHLOG Set Touch sequence target view: 0xc10caa00
04-06 18:42:54.670 W/chromium(30649): [WARNING:input_router_impl.cc(529)] SBRTOUCHLOG FilterAndSendWebInputEvent, kTouchStart
04-06 18:42:54.672 I/chromium( 8071): [INFO:web_frame_widget_impl.cc(2748)] SBRTOUCHLOG Blink HandleInputEvent event received = PointerDown
04-06 18:42:54.682 I/chromium( 8071): [INFO:web_frame_widget_impl.cc(2748)] SBRTOUCHLOG Blink HandleInputEvent event received = GestureTapDown
04-06 18:42:54.684 I/chromium( 8071): [INFO:web_frame_widget_impl.cc(2748)] SBRTOUCHLOG Blink HandleInputEvent event received = PointerMove
04-06 18:42:54.695 I/chromium( 8071): [INFO:web_frame_widget_impl.cc(2748)] SBRTOUCHLOG Blink HandleInputEvent event received = PointerMove
04-06 18:42:54.695 I/chromium( 8071): [INFO:layer_tree_host_impl.cc(332)] SBRTOUCHLOG LayerTreeHostImpl::ScrollBegin defer_commit =  0
04-06 18:42:54.696 I/chromium( 8071): [INFO:layer_tree_host_impl.cc(303)] SBRTOUCHLOG LayerTreeHostImpl::ScrollBy delta_y = 1.79973
04-06 18:42:54.697 I/chromium( 8071): [INFO:web_frame_widget_impl.cc(2748)] SBRTOUCHLOG Blink HandleInputEvent event received = GestureTapCancel
04-06 18:42:54.698 I/chromium( 8071): [INFO:web_frame_widget_impl.cc(2748)] SBRTOUCHLOG Blink HandleInputEvent event received = PointerCausedUaAction
04-06 18:42:54.719 I/chromium( 8071): [INFO:web_frame_widget_impl.cc(2748)] SBRTOUCHLOG Blink HandleInputEvent event received = PointerMove
04-06 18:42:54.768 I/chromium( 8071): [INFO:layer_tree_host_impl.cc(2438)] SBRTOUCHLOG AsyncLayerTreeFrameSink::SubmitCompositorFrame
04-06 18:42:54.786 I/chromium( 8071): [INFO:layer_tree_host_impl.cc(303)] SBRTOUCHLOG LayerTreeHostImpl::ScrollBy delta_y = 67.5757
04-06 18:42:54.817 W/chromium(30649): [WARNING:window_android.cc(109)] TAB-STATUS observer added
04-06 18:42:54.818 I/chromium( 8071): [INFO:web_frame_widget_impl.cc(2748)] SBRTOUCHLOG Blink HandleInputEvent event received = PointerMove
04-06 18:42:54.820 I/chromium( 8071): [INFO:web_frame_widget_impl.cc(2748)] SBRTOUCHLOG Blink HandleInputEvent event received = PointerUp
04-06 18:42:54.869 I/chromium( 8071): [INFO:layer_tree_host_impl.cc(2438)] SBRTOUCHLOG AsyncLayerTreeFrameSink::SubmitCompositorFrame
04-06 18:42:54.885 I/chromium( 8071): [INFO:layer_tree_host_impl.cc(303)] SBRTOUCHLOG LayerTreeHostImpl::ScrollBy delta_y = 70.4235
04-06 18:42:54.953 I/chromium( 8071): [INFO:layer_tree_host_impl.cc(2438)] SBRTOUCHLOG AsyncLayerTreeFrameSink::SubmitCompositorFrame
04-06 18:42:54.968 I/chromium( 8071): [INFO:layer_tree_host_impl.cc(303)] SBRTOUCHLOG LayerTreeHostImpl::ScrollBy delta_y = 60.2742
04-06 18:42:55.036 I/chromium( 8071): [INFO:layer_tree_host_impl.cc(2438)] SBRTOUCHLOG AsyncLayerTreeFrameSink::SubmitCompositorFrame
04-06 18:42:55.051 I/chromium( 8071): [INFO:layer_tree_host_impl.cc(303)] SBRTOUCHLOG LayerTreeHostImpl::ScrollBy delta_y = 48.9642
04-06 18:42:55.726 W/chromium(30649): [WARNING:render_widget_host_view_android.cc(1070)] SBRTOUCHLOG  OnTouchEvent, Action::DOWN
04-06 18:42:55.726 I/chromium(30649): [INFO:render_widget_host_input_event_router.cc(861)] SBRTOUCHLOG Set Touch sequence target view: 0xc10caa00
04-06 18:42:55.726 W/chromium(30649): [WARNING:input_router_impl.cc(529)] SBRTOUCHLOG FilterAndSendWebInputEvent, kTouchStart
04-06 18:42:55.727 I/chromium( 8071): [INFO:web_frame_widget_impl.cc(2748)] SBRTOUCHLOG Blink HandleInputEvent event received = PointerDown
04-06 18:42:55.728 W/chromium(30649): [WARNING:window_android.cc(123)] TAB-STATUS observer removed
04-06 18:42:55.736 I/chromium( 8071): [INFO:layer_tree_host_impl.cc(344)] SBRTOUCHLOG LayerTreeHostImpl::ScrollEnd
04-06 18:42:55.736 I/chromium( 8071): [INFO:web_frame_widget_impl.cc(2748)] SBRTOUCHLOG Blink HandleInputEvent event received = PointerMove
04-06 18:42:55.738 I/chromium( 8071): [INFO:layer_tree_host_impl.cc(332)] SBRTOUCHLOG LayerTreeHostImpl::ScrollBegin defer_commit =  0
04-06 18:42:55.739 I/chromium( 8071): [INFO:layer_tree_host_impl.cc(303)] SBRTOUCHLOG LayerTreeHostImpl::ScrollBy delta_y = 1.06334
04-06 18:42:55.741 I/chromium( 8071): [INFO:web_frame_widget_impl.cc(2748)] SBRTOUCHLOG Blink HandleInputEvent event received = PointerCausedUaAction
04-06 18:42:55.753 I/chromium( 8071): [INFO:web_frame_widget_impl.cc(2748)] SBRTOUCHLOG Blink HandleInputEvent event received = PointerMove
04-06 18:42:55.803 I/chromium( 8071): [INFO:layer_tree_host_impl.cc(2438)] SBRTOUCHLOG AsyncLayerTreeFrameSink::SubmitCompositorFrame
04-06 18:42:55.820 W/chromium(30649): [WARNING:window_android.cc(109)] TAB-STATUS observer added
04-06 18:42:55.821 I/chromium( 8071): [INFO:web_frame_widget_impl.cc(2748)] SBRTOUCHLOG Blink HandleInputEvent event received = PointerMove
04-06 18:42:55.823 I/chromium( 8071): [INFO:web_frame_widget_impl.cc(2748)] SBRTOUCHLOG Blink HandleInputEvent event received = PointerUp
04-06 18:42:55.835 I/chromium( 8071): [INFO:layer_tree_host_impl.cc(303)] SBRTOUCHLOG LayerTreeHostImpl::ScrollBy delta_y = 180.106
04-06 18:42:55.903 I/chromium( 8071): [INFO:layer_tree_host_impl.cc(2438)] SBRTOUCHLOG AsyncLayerTreeFrameSink::SubmitCompositorFrame
04-06 18:42:55.919 I/chromium( 8071): [INFO:layer_tree_host_impl.cc(303)] SBRTOUCHLOG LayerTreeHostImpl::ScrollBy delta_y = 126.729
04-06 18:42:55.987 I/chromium( 8071): [INFO:layer_tree_host_impl.cc(2438)] SBRTOUCHLOG AsyncLayerTreeFrameSink::SubmitCompositorFrame
04-06 18:42:56.003 I/chromium( 8071): [INFO:layer_tree_host_impl.cc(303)] SBRTOUCHLOG LayerTreeHostImpl::ScrollBy delta_y = 111.687
04-06 18:42:56.072 I/chromium( 8071): [INFO:layer_tree_host_impl.cc(2438)] SBRTOUCHLOG AsyncLayerTreeFrameSink::SubmitCompositorFrame
04-06 18:42:56.086 I/chromium( 8071): [INFO:layer_tree_host_impl.cc(303)] SBRTOUCHLOG LayerTreeHostImpl::ScrollBy delta_y = 94.4181
04-06 18:42:56.188 W/chromium(30649): [WARNING:window_android.cc(123)] TAB-STATUS observer removed
04-06 18:42:56.203 I/chromium( 8071): [INFO:layer_tree_host_impl.cc(344)] SBRTOUCHLOG LayerTreeHostImpl::ScrollEnd
04-06 18:42:56.872 W/chromium(30649): [WARNING:render_widget_host_view_android.cc(1070)] SBRTOUCHLOG  OnTouchEvent, Action::DOWN
04-06 18:42:56.872 I/chromium(30649): [INFO:render_widget_host_input_event_router.cc(861)] SBRTOUCHLOG Set Touch sequence target view: 0xc10caa00
04-06 18:42:56.872 W/chromium(30649): [WARNING:input_router_impl.cc(529)] SBRTOUCHLOG FilterAndSendWebInputEvent, kTouchStart
04-06 18:42:56.874 I/chromium( 8071): [INFO:web_frame_widget_impl.cc(2748)] SBRTOUCHLOG Blink HandleInputEvent event received = PointerDown
04-06 18:42:56.878 I/chromium( 8071): [INFO:web_frame_widget_impl.cc(2748)] SBRTOUCHLOG Blink HandleInputEvent event received = GestureTapDown
04-06 18:42:56.937 I/chromium( 8071): [INFO:web_frame_widget_impl.cc(2748)] SBRTOUCHLOG Blink HandleInputEvent event received = PointerMove
04-06 18:42:56.947 I/chromium( 8071): [INFO:web_frame_widget_impl.cc(2748)] SBRTOUCHLOG Blink HandleInputEvent event received = PointerUp
04-06 18:42:56.952 I/chromium(30649): [INFO:input_router_impl.cc(641)] SBRTOUCHLOG InputRouterImpl::TouchEventHandled type: TouchEnd & ack: NOT_CONSUMED
04-06 18:42:56.953 I/chromium( 8071): [INFO:web_frame_widget_impl.cc(2748)] SBRTOUCHLOG Blink HandleInputEvent event received = GestureShowPress
04-06 18:42:56.956 I/chromium( 8071): [INFO:web_frame_widget_impl.cc(2748)] SBRTOUCHLOG Blink HandleInputEvent event received = GestureTap
04-06 18:42:57.872 I/chromium( 8071): [INFO:frame_loader.cc(618)] LoaderLog  StartNavigation  ClientRedirect = 0
04-06 18:42:57.899 I/chromium(30649): [INFO:tin_six_tab_helper.cc(621)] ActivateTabAt 0,7
04-06 18:42:57.902 I/chromium( 8071): [INFO:layer_tree_host_impl.cc(198)] SBRTOUCHLOG DidVisibilityChange = 0
04-06 18:42:57.904 I/chromium( 8071): [INFO:tin_anti_tracking_renderer_url_loader_throttle_helper.cc(31)] [IAT] set delegate th 0x53880120 td 0x53da0f80
04-06 18:42:57.904 I/chromium( 8071): [INFO:tin_smart_protect_renderer.cc(16)] TinSmartProtectRenderer
04-06 18:42:57.905 I/chromium( 8071): [INFO:tin_smart_protect_renderer.cc(33)] BindPendingReceiver bound=1
04-06 18:42:57.907 I/chromium( 8071): [INFO:layer_tree_host_impl.cc(4001)] SBRTOUCHLOG SetDeferCommitFlagForDebug = 1
04-06 18:42:57.907 I/chromium( 8071): [INFO:layer_tree_host_impl.cc(4001)] SBRTOUCHLOG SetDeferCommitFlagForDebug = 0
04-06 18:42:58.071 I/chromium( 8071): [INFO:tin_anti_tracking_renderer_url_loader_throttle_helper.cc(38)] [IAT] detector destroyed 0x53da0f80
04-06 18:42:58.092 I/chromium(30649): [INFO:tin_six_tab_helper.cc(621)] ActivateTabAt 0,7
04-06 18:42:58.286 I/chromium( 8143): [INFO:dispatcher.cc(1571)] CreateBindingsSystem
04-06 18:42:58.307 I/chromium( 8143): [INFO:layer_tree_host_impl.cc(198)] SBRTOUCHLOG DidVisibilityChange = 0
04-06 18:42:58.307 I/chromium( 8143): [INFO:layer_tree_host_impl.cc(4001)] SBRTOUCHLOG SetDeferCommitFlagForDebug = 1
04-06 18:42:58.308 I/chromium( 8143): [INFO:layer_tree_host_impl.cc(4001)] SBRTOUCHLOG SetDeferCommitFlagForDebug = 0
04-06 18:42:58.308 I/chromium( 8143): [INFO:tin_anti_tracking_renderer_url_loader_throttle_helper.cc(31)] [IAT] set delegate th 0xc0417e20 td 0xc1263660
04-06 18:42:58.308 I/chromium( 8143): [INFO:tin_smart_protect_renderer.cc(16)] TinSmartProtectRenderer
04-06 18:42:58.309 I/chromium( 8143): [INFO:tin_smart_protect_renderer.cc(33)] BindPendingReceiver bound=1
04-06 18:42:58.319 I/chromium( 8143): [INFO:layer_tree_host_impl.cc(4001)] SBRTOUCHLOG SetDeferCommitFlagForDebug = 1
04-06 18:42:58.345 I/chromium( 8143): [INFO:render_frame_impl.cc(3805)] LoaderLog didCommitProvisionalLoad
04-06 18:42:58.349 W/chromium(30649): [WARNING:window_android.cc(123)] TAB-STATUS observer removed
04-06 18:42:58.350 I/chromium( 8071): [INFO:layer_tree_host_impl.cc(198)] SBRTOUCHLOG DidVisibilityChange = 0
04-06 18:42:58.351 I/chromium(30649): [INFO:render_widget_host_impl.cc(843)] SBRTOUCHLOG  RenderWidgetHostImpl::WasShown
04-06 18:42:58.351 W/chromium(30649): [WARNING:window_android.cc(109)] TAB-STATUS observer added
04-06 18:42:58.366 I/chromium( 8071): [INFO:frame_loader.cc(274)] LoaderLog  SetDefersLoading  DeferType = 1
04-06 18:42:58.380 I/chromium( 8143): [INFO:layer_tree_host_impl.cc(198)] SBRTOUCHLOG DidVisibilityChange = 1
04-06 18:42:58.412 I/chromium( 8143): [INFO:memory_cache.cc(126)] MemoryCache MemberMemoryCache is disabled
04-06 18:42:58.450 I/chromium( 8143): [INFO:layer_tree_host_impl.cc(4001)] SBRTOUCHLOG SetDeferCommitFlagForDebug = 0
04-06 18:42:58.460 I/chromium( 8143): [INFO:layer_tree_impl.cc(1205)] DidUpdatePageScale IsActiveTree: 0 ScaleFactor: 1
04-06 18:42:58.461 I/chromium( 8143): [INFO:layer_tree_impl.cc(1205)] DidUpdatePageScale IsActiveTree: 1 ScaleFactor: 1
04-06 18:42:58.744 D/EnvFileUpdater( 7548): Found CIRIS_HOME from env: /data/user/0/ai.ciris.mobile.debug/files/ciris
04-06 18:42:59.381 I/chromium(30649): [INFO:render_process_host_impl.cc(4491)] [Renderer][Exit] ChildProcessLauncher::OnChildProcessDied called through JNI pid = 8171, renderer_id =0
04-06 18:42:59.548 I/chromium( 8184): [INFO:dispatcher.cc(1571)] CreateBindingsSystem
04-06 18:42:59.570 I/chromium( 8184): [INFO:layer_tree_host_impl.cc(198)] SBRTOUCHLOG DidVisibilityChange = 0
04-06 18:42:59.571 I/chromium( 8184): [INFO:layer_tree_host_impl.cc(4001)] SBRTOUCHLOG SetDeferCommitFlagForDebug = 1
04-06 18:42:59.613 I/chromium(30649): [INFO:back_forward_cache_impl.cc(675)] BFCACHELOG  CanStorePageNow  result = No: not a main frame, related active contents exist: no BI swap result, HTTP status is not OK, scheme is not HTTP or HTTPS, frame is not fully loaded, main RenderFrameHost doesn't have response headers set, probably due not having successfully committed a navigation.
04-06 18:42:59.614 I/chromium(30649): [INFO:render_widget_host_impl.cc(843)] SBRTOUCHLOG  RenderWidgetHostImpl::WasShown
04-06 18:42:59.617 I/chromium( 8184): [INFO:layer_tree_host_impl.cc(198)] SBRTOUCHLOG DidVisibilityChange = 0
04-06 18:42:59.617 I/chromium( 8184): [INFO:layer_tree_host_impl.cc(4001)] SBRTOUCHLOG SetDeferCommitFlagForDebug = 1
04-06 18:42:59.643 I/chromium(30649): [INFO:back_forward_cache_impl.cc(675)] BFCACHELOG  CanStorePageNow  result = No: not a main frame, related active contents exist: no BI swap result, HTTP status is not OK, scheme is not HTTP or HTTPS, frame is not fully loaded, main RenderFrameHost doesn't have response headers set, probably due not having successfully committed a navigation.
04-06 18:42:59.644 I/chromium(30649): [INFO:render_widget_host_impl.cc(843)] SBRTOUCHLOG  RenderWidgetHostImpl::WasShown
04-06 18:42:59.660 I/chromium( 8184): [INFO:layer_tree_host_impl.cc(198)] SBRTOUCHLOG DidVisibilityChange = 1
04-06 18:42:59.675 I/chromium( 8184): [INFO:memory_cache.cc(126)] MemoryCache MemberMemoryCache is disabled
04-06 18:42:59.676 I/chromium( 8184): [INFO:layer_tree_host_impl.cc(198)] SBRTOUCHLOG DidVisibilityChange = 1
04-06 18:43:01.085 I/chromium( 8143): [INFO:progress_tracker.cc(112)] LoaderLog  FinishedParsing
04-06 18:43:01.101 I/chromium( 8184): [INFO:layer_tree_host_impl.cc(198)] SBRTOUCHLOG DidVisibilityChange = 0
04-06 18:43:01.101 I/chromium( 8184): [INFO:web_view_impl.cc(1439)] Blink ResizeWithBrowserControls old_size = 0 * 0, new_size = 720 * 1040
04-06 18:43:01.102 I/chromium( 8184): [INFO:layer_tree_host_impl.cc(4001)] SBRTOUCHLOG SetDeferCommitFlagForDebug = 0
04-06 18:43:01.107 I/chromium( 8184): [INFO:layer_tree_host_impl.cc(198)] SBRTOUCHLOG DidVisibilityChange = 0
04-06 18:43:01.109 I/chromium( 8184): [INFO:layer_tree_host_impl.cc(4001)] SBRTOUCHLOG SetDeferCommitFlagForDebug = 0
04-06 18:43:01.309 I/chromium( 8184): [INFO:layer_tree_host_impl.cc(198)] SBRTOUCHLOG DidVisibilityChange = 0
04-06 18:43:01.310 I/chromium( 8184): [INFO:layer_tree_host_impl.cc(4001)] SBRTOUCHLOG SetDeferCommitFlagForDebug = 1
04-06 18:43:01.311 I/chromium( 8184): [INFO:web_view_impl.cc(1439)] Blink ResizeWithBrowserControls old_size = 720 * 1040, new_size = 0 * 0
04-06 18:43:01.370 I/chromium(30649): [INFO:back_forward_cache_impl.cc(675)] BFCACHELOG  CanStorePageNow  result = No: not a main frame, related active contents exist: no BI swap result, HTTP status is not OK, scheme is not HTTP or HTTPS, main RenderFrameHost doesn't have response headers set, probably due not having successfully committed a navigation.
04-06 18:43:01.371 I/chromium(30649): [INFO:render_widget_host_impl.cc(843)] SBRTOUCHLOG  RenderWidgetHostImpl::WasShown
04-06 18:43:01.373 I/chromium( 8184): [INFO:layer_tree_host_impl.cc(198)] SBRTOUCHLOG DidVisibilityChange = 1
04-06 18:43:02.413 I/chromium( 8184): [INFO:layer_tree_host_impl.cc(198)] SBRTOUCHLOG DidVisibilityChange = 0
04-06 18:43:02.414 I/chromium( 8184): [INFO:web_view_impl.cc(1439)] Blink ResizeWithBrowserControls old_size = 0 * 0, new_size = 720 * 1040
04-06 18:43:02.415 I/chromium( 8184): [INFO:layer_tree_host_impl.cc(4001)] SBRTOUCHLOG SetDeferCommitFlagForDebug = 0
04-06 18:43:02.950 I/chromium( 8184): [INFO:layer_tree_host_impl.cc(198)] SBRTOUCHLOG DidVisibilityChange = 0
04-06 18:43:02.951 I/chromium( 8184): [INFO:layer_tree_host_impl.cc(4001)] SBRTOUCHLOG SetDeferCommitFlagForDebug = 1
04-06 18:43:02.951 I/chromium( 8184): [INFO:web_view_impl.cc(1439)] Blink ResizeWithBrowserControls old_size = 720 * 1040, new_size = 0 * 0
04-06 18:43:03.015 I/chromium(30649): [INFO:back_forward_cache_impl.cc(675)] BFCACHELOG  CanStorePageNow  result = No: not a main frame, related active contents exist: no BI swap result, HTTP status is not OK, scheme is not HTTP or HTTPS, frame is not fully loaded, main RenderFrameHost doesn't have response headers set, probably due not having successfully committed a navigation.
04-06 18:43:03.016 I/chromium(30649): [INFO:render_widget_host_impl.cc(843)] SBRTOUCHLOG  RenderWidgetHostImpl::WasShown
04-06 18:43:03.018 I/chromium( 8184): [INFO:layer_tree_host_impl.cc(198)] SBRTOUCHLOG DidVisibilityChange = 1
04-06 18:43:03.234 I/chromium( 8184): [INFO:layer_tree_host_impl.cc(198)] SBRTOUCHLOG DidVisibilityChange = 0
04-06 18:43:03.235 I/chromium( 8184): [INFO:layer_tree_host_impl.cc(4001)] SBRTOUCHLOG SetDeferCommitFlagForDebug = 1
04-06 18:43:03.294 I/chromium(30649): [INFO:back_forward_cache_impl.cc(675)] BFCACHELOG  CanStorePageNow  result = No: not a main frame, related active contents exist: no BI swap result, HTTP status is not OK, scheme is not HTTP or HTTPS, frame is not fully loaded, main RenderFrameHost doesn't have response headers set, probably due not having successfully committed a navigation.
04-06 18:43:03.295 I/chromium(30649): [INFO:render_widget_host_impl.cc(843)] SBRTOUCHLOG  RenderWidgetHostImpl::WasShown
04-06 18:43:03.304 I/chromium( 8184): [INFO:layer_tree_host_impl.cc(198)] SBRTOUCHLOG DidVisibilityChange = 1
04-06 18:43:03.495 I/chromium( 8252): [INFO:dispatcher.cc(1571)] CreateBindingsSystem
04-06 18:43:03.522 I/chromium( 8252): [INFO:layer_tree_host_impl.cc(198)] SBRTOUCHLOG DidVisibilityChange = 0
04-06 18:43:03.522 I/chromium( 8252): [INFO:layer_tree_host_impl.cc(4001)] SBRTOUCHLOG SetDeferCommitFlagForDebug = 1
04-06 18:43:03.562 I/chromium(30649): [INFO:web_contents_impl.cc(6549)] LoaderLog  progress completed
04-06 18:43:03.610 I/chromium(30649): [INFO:back_forward_cache_impl.cc(675)] BFCACHELOG  CanStorePageNow  result = No: not a main frame, related active contents exist: no BI swap result, HTTP status is not OK, scheme is not HTTP or HTTPS, frame is not fully loaded, main RenderFrameHost doesn't have response headers set, probably due not having successfully committed a navigation.
04-06 18:43:03.631 I/chromium( 8252): [INFO:memory_cache.cc(126)] MemoryCache MemberMemoryCache is disabled
04-06 18:43:03.736 I/chromium( 8184): [INFO:layer_tree_host_impl.cc(198)] SBRTOUCHLOG DidVisibilityChange = 0
04-06 18:43:03.737 I/chromium( 8184): [INFO:web_view_impl.cc(1439)] Blink ResizeWithBrowserControls old_size = 0 * 0, new_size = 720 * 1040
04-06 18:43:03.738 I/chromium( 8184): [INFO:layer_tree_host_impl.cc(4001)] SBRTOUCHLOG SetDeferCommitFlagForDebug = 0
04-06 18:43:03.761 I/chromium( 8184): [INFO:layer_tree_host_impl.cc(198)] SBRTOUCHLOG DidVisibilityChange = 0
04-06 18:43:03.761 I/chromium( 8184): [INFO:layer_tree_host_impl.cc(4001)] SBRTOUCHLOG SetDeferCommitFlagForDebug = 0
04-06 18:43:03.769 I/chromium( 8252): [INFO:layer_tree_host_impl.cc(198)] SBRTOUCHLOG DidVisibilityChange = 0
04-06 18:43:03.771 I/chromium( 8252): [INFO:layer_tree_host_impl.cc(4001)] SBRTOUCHLOG SetDeferCommitFlagForDebug = 1
04-06 18:43:03.778 I/chromium( 8252): [INFO:layer_tree_host_impl.cc(4001)] SBRTOUCHLOG SetDeferCommitFlagForDebug = 0
04-06 18:43:03.779 I/chromium( 8252): [INFO:web_view_impl.cc(1439)] Blink ResizeWithBrowserControls old_size = 0 * 0, new_size = 720 * 1040
04-06 18:43:03.816 I/chromium(30649): [INFO:back_forward_cache_impl.cc(675)] BFCACHELOG  CanStorePageNow  result = No: not a main frame, related active contents exist: no BI swap result, HTTP status is not OK, scheme is not HTTP or HTTPS, main RenderFrameHost doesn't have response headers set, probably due not having successfully committed a navigation.
04-06 18:43:03.853 I/chromium( 8252): [INFO:layer_tree_host_impl.cc(4001)] SBRTOUCHLOG SetDeferCommitFlagForDebug = 0
04-06 18:43:04.274 I/chromium( 8184): [INFO:layer_tree_host_impl.cc(198)] SBRTOUCHLOG DidVisibilityChange = 0
04-06 18:43:04.275 I/chromium( 8184): [INFO:layer_tree_host_impl.cc(4001)] SBRTOUCHLOG SetDeferCommitFlagForDebug = 1
04-06 18:43:04.275 I/chromium( 8184): [INFO:web_view_impl.cc(1439)] Blink ResizeWithBrowserControls old_size = 720 * 1040, new_size = 0 * 0
04-06 18:43:04.387 I/chromium(30649): [INFO:back_forward_cache_impl.cc(675)] BFCACHELOG  CanStorePageNow  result = No: not a main frame, related active contents exist: no BI swap result, HTTP status is not OK, scheme is not HTTP or HTTPS, main RenderFrameHost doesn't have response headers set, probably due not having successfully committed a navigation.
04-06 18:43:04.388 I/chromium(30649): [INFO:render_widget_host_impl.cc(843)] SBRTOUCHLOG  RenderWidgetHostImpl::WasShown
04-06 18:43:04.407 I/chromium( 8184): [INFO:layer_tree_host_impl.cc(198)] SBRTOUCHLOG DidVisibilityChange = 1
04-06 18:43:04.632 I/chromium(30649): [INFO:permission_service_impl.cc(151)] Permissions query about NOTIFICATIONS
04-06 18:43:04.906 I/chromium( 8143): [INFO:progress_tracker.cc(112)] LoaderLog  FinishedParsing
04-06 18:43:05.480 I/chromium( 8184): [INFO:layer_tree_host_impl.cc(198)] SBRTOUCHLOG DidVisibilityChange = 0
04-06 18:43:05.481 I/chromium( 8184): [INFO:web_view_impl.cc(1439)] Blink ResizeWithBrowserControls old_size = 0 * 0, new_size = 720 * 1040
04-06 18:43:05.481 I/chromium( 8184): [INFO:layer_tree_host_impl.cc(4001)] SBRTOUCHLOG SetDeferCommitFlagForDebug = 0
04-06 18:43:05.565 E/chromium( 8252): [ERROR:content_block_element_hider.cc(93)] main frame is not a local frame
04-06 18:43:05.569 E/chromium( 8252): [ERROR:content_block_element_hider.cc(93)] main frame is not a local frame
04-06 18:43:05.572 E/chromium( 8252): [ERROR:content_block_element_hider.cc(93)] main frame is not a local frame
04-06 18:43:05.576 E/chromium( 8252): [ERROR:content_block_element_hider.cc(93)] main frame is not a local frame
04-06 18:43:06.010 W/chromium(30649): [WARNING:render_widget_host_view_android.cc(1070)] SBRTOUCHLOG  OnTouchEvent, Action::DOWN
04-06 18:43:06.010 I/chromium(30649): [INFO:render_widget_host_input_event_router.cc(861)] SBRTOUCHLOG Set Touch sequence target view: 0xc10cc800
04-06 18:43:06.010 W/chromium(30649): [WARNING:input_router_impl.cc(529)] SBRTOUCHLOG FilterAndSendWebInputEvent, kTouchStart
04-06 18:43:06.012 I/chromium( 8143): [INFO:web_frame_widget_impl.cc(2748)] SBRTOUCHLOG Blink HandleInputEvent event received = PointerDown
04-06 18:43:06.018 I/chromium(30649): [INFO:input_router_impl.cc(641)] SBRTOUCHLOG InputRouterImpl::TouchEventHandled type: TouchStart & ack: NOT_CONSUMED
04-06 18:43:06.024 I/chromium( 8143): [INFO:web_frame_widget_impl.cc(2748)] SBRTOUCHLOG Blink HandleInputEvent event received = GestureTapDown
04-06 18:43:06.032 I/chromium( 8143): [INFO:web_frame_widget_impl.cc(2748)] SBRTOUCHLOG Blink HandleInputEvent event received = PointerMove
04-06 18:43:06.033 I/chromium(30649): [INFO:input_router_impl.cc(641)] SBRTOUCHLOG InputRouterImpl::TouchEventHandled type: TouchMove & ack: CONSUMED
04-06 18:43:06.048 I/chromium( 8143): [INFO:web_frame_widget_impl.cc(2748)] SBRTOUCHLOG Blink HandleInputEvent event received = PointerMove
04-06 18:43:06.051 I/chromium(30649): [INFO:input_router_impl.cc(641)] SBRTOUCHLOG InputRouterImpl::TouchEventHandled type: TouchMove & ack: CONSUMED
04-06 18:43:06.051 I/chromium(30649): [INFO:input_router_impl.cc(641)] SBRTOUCHLOG InputRouterImpl::TouchEventHandled type: TouchMove & ack: CONSUMED
04-06 18:43:06.065 I/chromium( 8143): [INFO:web_frame_widget_impl.cc(2748)] SBRTOUCHLOG Blink HandleInputEvent event received = PointerMove
04-06 18:43:06.066 I/chromium(30649): [INFO:input_router_impl.cc(641)] SBRTOUCHLOG InputRouterImpl::TouchEventHandled type: TouchMove & ack: NOT_CONSUMED
04-06 18:43:06.067 I/chromium(30649): [INFO:input_router_impl.cc(641)] SBRTOUCHLOG InputRouterImpl::TouchEventHandled type: TouchMove & ack: NOT_CONSUMED
04-06 18:43:06.068 I/chromium( 8143): [INFO:layer_tree_host_impl.cc(332)] SBRTOUCHLOG LayerTreeHostImpl::ScrollBegin defer_commit =  0
04-06 18:43:06.073 I/chromium( 8143): [INFO:web_frame_widget_impl.cc(2748)] SBRTOUCHLOG Blink HandleInputEvent event received = GestureTapCancel
04-06 18:43:06.074 I/chromium( 8143): [INFO:web_frame_widget_impl.cc(2748)] SBRTOUCHLOG Blink HandleInputEvent event received = PointerCausedUaAction
04-06 18:43:06.082 I/chromium( 8143): [INFO:layer_tree_host_impl.cc(303)] SBRTOUCHLOG LayerTreeHostImpl::ScrollBy delta_y = 6.15838
04-06 18:43:06.083 I/chromium( 8143): [INFO:web_frame_widget_impl.cc(2748)] SBRTOUCHLOG Blink HandleInputEvent event received = PointerMove
04-06 18:43:06.094 I/chromium(30649): [INFO:input_router_impl.cc(641)] SBRTOUCHLOG InputRouterImpl::TouchEventHandled type: TouchMove & ack: NOT_CONSUMED
04-06 18:43:06.095 I/chromium(30649): [INFO:input_router_impl.cc(641)] SBRTOUCHLOG InputRouterImpl::TouchEventHandled type: TouchMove & ack: NOT_CONSUMED
04-06 18:43:06.116 I/chromium( 8143): [INFO:web_frame_widget_impl.cc(2748)] SBRTOUCHLOG Blink HandleInputEvent event received = PointerMove
04-06 18:43:06.150 I/chromium( 8143): [INFO:layer_tree_host_impl.cc(2438)] SBRTOUCHLOG AsyncLayerTreeFrameSink::SubmitCompositorFrame
04-06 18:43:06.166 I/chromium( 8143): [INFO:layer_tree_host_impl.cc(303)] SBRTOUCHLOG LayerTreeHostImpl::ScrollBy delta_y = 31.8003
04-06 18:43:06.207 W/chromium(30649): [WARNING:window_android.cc(109)] TAB-STATUS observer added
04-06 18:43:06.207 I/chromium( 8143): [INFO:web_frame_widget_impl.cc(2748)] SBRTOUCHLOG Blink HandleInputEvent event received = PointerMove
04-06 18:43:06.210 I/chromium( 8143): [INFO:web_frame_widget_impl.cc(2748)] SBRTOUCHLOG Blink HandleInputEvent event received = PointerUp
04-06 18:43:06.218 W/chromium(30649): [WARNING:window_android.cc(123)] TAB-STATUS observer removed
04-06 18:43:06.232 I/chromium( 8143): [INFO:layer_tree_host_impl.cc(344)] SBRTOUCHLOG LayerTreeHostImpl::ScrollEnd
04-06 18:43:06.420 I/chromium( 8184): [INFO:web_view_impl.cc(1439)] Blink ResizeWithBrowserControls old_size = 720 * 1040, new_size = 720 * 1232
04-06 18:43:06.427 I/chromium( 8184): [INFO:layer_tree_host_impl.cc(198)] SBRTOUCHLOG DidVisibilityChange = 0
04-06 18:43:06.427 I/chromium( 8184): [INFO:layer_tree_host_impl.cc(4001)] SBRTOUCHLOG SetDeferCommitFlagForDebug = 1
04-06 18:43:06.428 I/chromium( 8184): [INFO:web_view_impl.cc(1439)] Blink ResizeWithBrowserControls old_size = 720 * 1232, new_size = 0 * 0
04-06 18:43:06.461 I/chromium(30649): [INFO:back_forward_cache_impl.cc(675)] BFCACHELOG  CanStorePageNow  result = No: not a main frame, related active contents exist: no BI swap result, HTTP status is not OK, scheme is not HTTP or HTTPS, frame is not fully loaded, main RenderFrameHost doesn't have response headers set, probably due not having successfully committed a navigation.
04-06 18:43:06.462 I/chromium(30649): [INFO:render_widget_host_impl.cc(843)] SBRTOUCHLOG  RenderWidgetHostImpl::WasShown
04-06 18:43:06.538 I/chromium( 8184): [INFO:layer_tree_host_impl.cc(198)] SBRTOUCHLOG DidVisibilityChange = 1
04-06 18:43:06.539 I/chromium( 8184): [INFO:web_view_impl.cc(1439)] Blink ResizeWithBrowserControls old_size = 0 * 0, new_size = 720 * 1232
04-06 18:43:06.548 I/chromium( 8184): [INFO:layer_tree_host_impl.cc(198)] SBRTOUCHLOG DidVisibilityChange = 0
04-06 18:43:06.549 I/chromium( 8184): [INFO:layer_tree_host_impl.cc(4001)] SBRTOUCHLOG SetDeferCommitFlagForDebug = 0
04-06 18:43:06.658 W/chromium(30649): [WARNING:render_widget_host_view_android.cc(1070)] SBRTOUCHLOG  OnTouchEvent, Action::DOWN
04-06 18:43:06.658 I/chromium(30649): [INFO:render_widget_host_input_event_router.cc(861)] SBRTOUCHLOG Set Touch sequence target view: 0xc10cc800
04-06 18:43:06.658 W/chromium(30649): [WARNING:input_router_impl.cc(529)] SBRTOUCHLOG FilterAndSendWebInputEvent, kTouchStart
04-06 18:43:06.664 I/chromium( 8143): [INFO:web_frame_widget_impl.cc(2748)] SBRTOUCHLOG Blink HandleInputEvent event received = PointerDown
04-06 18:43:06.666 I/chromium(30649): [INFO:input_router_impl.cc(641)] SBRTOUCHLOG InputRouterImpl::TouchEventHandled type: TouchStart & ack: NOT_CONSUMED
04-06 18:43:06.670 I/chromium( 8143): [INFO:web_frame_widget_impl.cc(2748)] SBRTOUCHLOG Blink HandleInputEvent event received = GestureTapDown
04-06 18:43:06.759 I/chromium( 8143): [INFO:web_frame_widget_impl.cc(2748)] SBRTOUCHLOG Blink HandleInputEvent event received = GestureShowPress
04-06 18:43:06.767 I/chromium( 8143): [INFO:web_frame_widget_impl.cc(2748)] SBRTOUCHLOG Blink HandleInputEvent event received = PointerUp
04-06 18:43:06.769 I/chromium(30649): [INFO:input_router_impl.cc(641)] SBRTOUCHLOG InputRouterImpl::TouchEventHandled type: TouchEnd & ack: NOT_CONSUMED
04-06 18:43:06.775 I/chromium( 8143): [INFO:web_frame_widget_impl.cc(2748)] SBRTOUCHLOG Blink HandleInputEvent event received = GestureTap
04-06 18:43:07.234 E/chromium( 8252): [ERROR:tin_smart_protect_renderer_url_loader_throttle.cc(113)] GetServiceBridgeForFrame no local root frame
04-06 18:43:07.237 I/chromium( 8252): [INFO:web_view_impl.cc(1439)] Blink ResizeWithBrowserControls old_size = 720 * 1040, new_size = 720 * 1232
04-06 18:43:07.249 I/chromium( 8252): [INFO:layer_tree_host_impl.cc(198)] SBRTOUCHLOG DidVisibilityChange = 0
04-06 18:43:07.249 I/chromium( 8252): [INFO:layer_tree_host_impl.cc(4001)] SBRTOUCHLOG SetDeferCommitFlagForDebug = 1
04-06 18:43:07.250 I/chromium( 8252): [INFO:web_view_impl.cc(1439)] Blink ResizeWithBrowserControls old_size = 720 * 1232, new_size = 0 * 0
04-06 18:43:07.273 I/chromium(30649): [INFO:back_forward_cache_impl.cc(675)] BFCACHELOG  CanStorePageNow  result = No: not a main frame, related active contents exist: no BI swap result, HTTP status is not OK, scheme is not HTTP or HTTPS, frame is not fully loaded, main RenderFrameHost doesn't have response headers set, probably due not having successfully committed a navigation.
04-06 18:43:07.289 E/chromium( 8252): [ERROR:tin_smart_protect_renderer_url_loader_throttle.cc(113)] GetServiceBridgeForFrame no local root frame
04-06 18:43:07.321 I/chromium( 8252): [INFO:layer_tree_host_impl.cc(4001)] SBRTOUCHLOG SetDeferCommitFlagForDebug = 0
04-06 18:43:07.321 I/chromium( 8252): [INFO:web_view_impl.cc(1439)] Blink ResizeWithBrowserControls old_size = 0 * 0, new_size = 720 * 1232
04-06 18:43:08.746 D/EnvFileUpdater( 7548): Found CIRIS_HOME from env: /data/user/0/ai.ciris.mobile.debug/files/ciris
04-06 18:43:10.293 E/chromium( 8252): [ERROR:gin_java_bridge_dispatcher.cc(130)] HasJavaMethod method toString not found, returning
04-06 18:43:10.295 E/chromium( 8252): [ERROR:gin_java_bridge_dispatcher.cc(130)] HasJavaMethod method name not found, returning
04-06 18:43:10.296 E/chromium( 8252): [ERROR:gin_java_bridge_dispatcher.cc(130)] HasJavaMethod method toString not found, returning
04-06 18:43:10.296 E/chromium( 8252): [ERROR:gin_java_bridge_dispatcher.cc(130)] HasJavaMethod method name not found, returning
04-06 18:43:10.452 E/chromium( 8058): [ERROR:gles2_cmd_decoder.cc(8683)] [.RendererMainThread-0xc12fe400]GL ERROR :GL_INVALID_FRAMEBUFFER_OPERATION : glFramebufferTexture2D: <- error from previous GL command
04-06 18:43:12.038 I/chromium( 8143): [INFO:render_frame_impl.cc(4027)] LoaderLog didFinishLoad
04-06 18:43:12.042 I/chromium( 8143): [INFO:frame_loader.cc(402)] LoaderLog Completed totalBytes = 4932820
04-06 18:43:12.042 I/chromium( 8143): [INFO:render_frame_impl.cc(5114)] LoaderLog didStopLoading
04-06 18:43:12.045 I/chromium(30649): [INFO:tin_six_tab_helper.cc(621)] ActivateTabAt 0,7
04-06 18:43:12.671 E/chromium( 8252): [ERROR:gin_java_bridge_dispatcher.cc(130)] HasJavaMethod method toString not found, returning
04-06 18:43:12.671 E/chromium( 8252): [ERROR:gin_java_bridge_dispatcher.cc(130)] HasJavaMethod method name not found, returning
04-06 18:43:12.672 E/chromium( 8252): [ERROR:gin_java_bridge_dispatcher.cc(130)] HasJavaMethod method toString not found, returning
04-06 18:43:12.672 E/chromium( 8252): [ERROR:gin_java_bridge_dispatcher.cc(130)] HasJavaMethod method name not found, returning
04-06 18:43:12.798 E/chromium( 8058): [ERROR:gles2_cmd_decoder.cc(8683)] [.RendererMainThread-0xc12fe400]GL ERROR :GL_INVALID_FRAMEBUFFER_OPERATION : glFramebufferTexture2D: <- error from previous GL command
04-06 18:43:18.747 D/EnvFileUpdater( 7548): Found CIRIS_HOME from env: /data/user/0/ai.ciris.mobile.debug/files/ciris
04-06 18:43:19.670 I/chromium( 8143): [INFO:frame_loader.cc(618)] LoaderLog  StartNavigation  ClientRedirect = 0
04-06 18:43:19.708 I/chromium(30649): [INFO:tin_six_tab_helper.cc(621)] ActivateTabAt 0,7
04-06 18:43:19.712 I/chromium(30649): [INFO:tin_six_tab_helper.cc(621)] ActivateTabAt 0,7
04-06 18:43:19.908 I/chromium( 8184): [INFO:web_view_impl.cc(1439)] Blink ResizeWithBrowserControls old_size = 720 * 1232, new_size = 720 * 1040
04-06 18:43:19.913 I/chromium( 8252): [INFO:web_view_impl.cc(1439)] Blink ResizeWithBrowserControls old_size = 720 * 1232, new_size = 720 * 1040
04-06 18:43:19.991 I/chromium( 8305): [INFO:dispatcher.cc(1571)] CreateBindingsSystem
04-06 18:43:20.011 I/chromium( 8305): [INFO:layer_tree_host_impl.cc(198)] SBRTOUCHLOG DidVisibilityChange = 0
04-06 18:43:20.011 I/chromium( 8305): [INFO:layer_tree_host_impl.cc(4001)] SBRTOUCHLOG SetDeferCommitFlagForDebug = 1
04-06 18:43:20.012 I/chromium( 8305): [INFO:layer_tree_host_impl.cc(4001)] SBRTOUCHLOG SetDeferCommitFlagForDebug = 0
04-06 18:43:20.012 I/chromium( 8305): [INFO:tin_anti_tracking_renderer_url_loader_throttle_helper.cc(31)] [IAT] set delegate th 0x580780f0 td 0x57e63660
04-06 18:43:20.012 I/chromium( 8305): [INFO:tin_smart_protect_renderer.cc(16)] TinSmartProtectRenderer
04-06 18:43:20.013 I/chromium( 8305): [INFO:tin_smart_protect_renderer.cc(33)] BindPendingReceiver bound=1
04-06 18:43:20.022 I/chromium( 8305): [INFO:layer_tree_host_impl.cc(4001)] SBRTOUCHLOG SetDeferCommitFlagForDebug = 1
04-06 18:43:20.045 I/chromium( 8305): [INFO:render_frame_impl.cc(3805)] LoaderLog didCommitProvisionalLoad
04-06 18:43:20.048 W/chromium(30649): [WARNING:window_android.cc(123)] TAB-STATUS observer removed
04-06 18:43:20.049 I/chromium( 8143): [INFO:layer_tree_host_impl.cc(198)] SBRTOUCHLOG DidVisibilityChange = 0
04-06 18:43:20.056 I/chromium(30649): [INFO:render_widget_host_impl.cc(843)] SBRTOUCHLOG  RenderWidgetHostImpl::WasShown
04-06 18:43:20.056 W/chromium(30649): [WARNING:window_android.cc(109)] TAB-STATUS observer added
04-06 18:43:20.058 I/chromium( 8143): [INFO:frame_loader.cc(274)] LoaderLog  SetDefersLoading  DeferType = 1
04-06 18:43:20.064 I/chromium( 8252): [INFO:frame_loader.cc(274)] LoaderLog  SetDefersLoading  DeferType = 1
04-06 18:43:20.064 I/chromium( 8252): [INFO:frame_loader.cc(274)] LoaderLog  SetDefersLoading  DeferType = 1
04-06 18:43:20.064 I/chromium( 8252): [INFO:frame_loader.cc(274)] LoaderLog  SetDefersLoading  DeferType = 1
04-06 18:43:20.064 I/chromium( 8252): [INFO:frame_loader.cc(274)] LoaderLog  SetDefersLoading  DeferType = 1
04-06 18:43:20.064 I/chromium( 8252): [INFO:frame_loader.cc(274)] LoaderLog  SetDefersLoading  DeferType = 1
04-06 18:43:20.064 I/chromium( 8252): [INFO:frame_loader.cc(274)] LoaderLog  SetDefersLoading  DeferType = 1
04-06 18:43:20.065 I/chromium( 8252): [INFO:frame_loader.cc(274)] LoaderLog  SetDefersLoading  DeferType = 1
04-06 18:43:20.071 I/chromium( 8305): [INFO:layer_tree_host_impl.cc(198)] SBRTOUCHLOG DidVisibilityChange = 1
04-06 18:43:20.077 I/chromium( 8184): [INFO:frame_loader.cc(274)] LoaderLog  SetDefersLoading  DeferType = 1
04-06 18:43:20.077 I/chromium( 8184): [INFO:frame_loader.cc(274)] LoaderLog  SetDefersLoading  DeferType = 1
04-06 18:43:20.077 I/chromium( 8184): [INFO:frame_loader.cc(274)] LoaderLog  SetDefersLoading  DeferType = 1
04-06 18:43:20.077 I/chromium( 8184): [INFO:frame_loader.cc(274)] LoaderLog  SetDefersLoading  DeferType = 1
04-06 18:43:20.077 I/chromium( 8184): [INFO:frame_loader.cc(274)] LoaderLog  SetDefersLoading  DeferType = 1
04-06 18:43:20.078 I/chromium( 8184): [INFO:frame_loader.cc(274)] LoaderLog  SetDefersLoading  DeferType = 1
04-06 18:43:20.078 I/chromium( 8184): [INFO:frame_loader.cc(274)] LoaderLog  SetDefersLoading  DeferType = 1
04-06 18:43:20.105 I/chromium(30649): [INFO:render_frame_host_impl.cc(5780)] BFCACHELOG  Eviction  reason = No: cache limit
04-06 18:43:20.114 I/chromium( 8305): [INFO:memory_cache.cc(126)] MemoryCache MemberMemoryCache is disabled
04-06 18:43:20.127 I/chromium(30649): [INFO:render_process_host_impl.cc(4491)] [Renderer][Exit] ChildProcessLauncher::OnChildProcessDied called through JNI pid = 8071, renderer_id =0
04-06 18:43:20.203 I/chromium( 8305): [INFO:layer_tree_host_impl.cc(4001)] SBRTOUCHLOG SetDeferCommitFlagForDebug = 0
04-06 18:43:20.272 I/chromium( 8305): [INFO:progress_tracker.cc(112)] LoaderLog  FinishedParsing
04-06 18:43:20.279 I/chromium( 8305): [INFO:layer_tree_impl.cc(1205)] DidUpdatePageScale IsActiveTree: 0 ScaleFactor: 1
04-06 18:43:20.282 I/chromium( 8305): [INFO:layer_tree_impl.cc(1205)] DidUpdatePageScale IsActiveTree: 1 ScaleFactor: 1
04-06 18:43:20.346 I/chromium(30649): [INFO:web_contents_impl.cc(6549)] LoaderLog  progress completed
04-06 18:43:20.619 I/chromium( 8305): [INFO:render_frame_impl.cc(4027)] LoaderLog didFinishLoad
04-06 18:43:20.620 I/chromium( 8305): [INFO:frame_loader.cc(402)] LoaderLog Completed totalBytes = 106022
04-06 18:43:20.620 I/chromium( 8305): [INFO:render_frame_impl.cc(5114)] LoaderLog didStopLoading
04-06 18:43:20.622 I/chromium(30649): [INFO:tin_six_tab_helper.cc(621)] ActivateTabAt 0,7
04-06 18:43:20.694 I/chromium( 8305): [INFO:document_loader.cc(793)] LoaderLog UpdateForSameDocumentNavigation  was_loading = 0  is_client_redirect_ = 0  replaces_history_item_ = 1
04-06 18:43:20.694 I/chromium( 8305): [INFO:render_frame_impl.cc(5114)] LoaderLog didStopLoading
04-06 18:43:20.738 I/chromium(30649): [INFO:tin_six_tab_helper.cc(621)] ActivateTabAt 0,7
04-06 18:43:23.173 W/chromium(30649): [WARNING:window_android.cc(123)] TAB-STATUS observer removed
04-06 18:43:23.174 I/chromium( 8305): [INFO:layer_tree_host_impl.cc(198)] SBRTOUCHLOG DidVisibilityChange = 0
04-06 18:43:23.396 I/chromium(30649): [INFO:layer_tree_host_impl.cc(198)] SBRTOUCHLOG DidVisibilityChange = 0
04-06 18:43:24.901 I/chromium(30649): [INFO:render_process_host_impl.cc(4491)] [Renderer][Exit] ChildProcessLauncher::OnChildProcessDied called through JNI pid = 7183, renderer_id =45
04-06 18:43:24.991 I/chromium(30649): [INFO:render_process_host_impl.cc(4491)] [Renderer][Exit] ChildProcessLauncher::OnChildProcessDied called through JNI pid = 8058, renderer_id =0
04-06 18:43:25.057 E/chromium(30649): [ERROR:gpu_process_host.cc(968)] GPU process exited unexpectedly: exit_code=0
04-06 18:43:25.057 W/chromium(30649): [WARNING:gpu_process_host.cc(1274)] The GPU process has crashed 5 time(s)
04-06 18:43:26.418 I/SetupViewModel( 7548): [pollNodeAuthStatus] ========== ENTRY ==========
04-06 18:43:26.420 I/SetupViewModel( 7548): [pollNodeAuthStatus] Current status: WAITING
04-06 18:43:26.421 I/SetupViewModel( 7548): [pollNodeAuthStatus] deviceCode: d2bebe028cc9252e...
04-06 18:43:26.423 I/SetupViewModel( 7548): [pollNodeAuthStatus] portalUrl: https://portal.ciris.ai
04-06 18:43:26.425 I/SetupViewModel( 7548): [pollNodeAuthStatus] Invoking pollFunc...
04-06 18:43:26.438 I/CIRISApiClient( 7548): [pollNodeAuthStatus] ========== POLL START ==========
04-06 18:43:26.440 I/CIRISApiClient( 7548): [pollNodeAuthStatus] deviceCode: d2bebe028cc9252e...
04-06 18:43:26.442 I/CIRISApiClient( 7548): [pollNodeAuthStatus] portalUrl: https://portal.ciris.ai
04-06 18:43:26.443 I/CIRISApiClient( 7548): [pollNodeAuthStatus] baseUrl: http://localhost:8080
04-06 18:43:26.445 I/CIRISApiClient( 7548): [pollNodeAuthStatus] Full URL: http://localhost:8080/v1/setup/connect-node/status
04-06 18:43:26.450 I/CIRISApiClient( 7548): [pollNodeAuthStatus] Making HTTP GET request...
04-06 18:43:27.391 I/CIRISApiClient( 7548): [pollNodeAuthStatus] HTTP response received: status=200 OK
04-06 18:43:27.396 I/CIRISApiClient( 7548): [pollNodeAuthStatus] Response body (first 500 chars): {"data":{"status":"complete","template":"default","adapters":["ciris_hosted_tools"],"org_id":"0922ad46-ffe2-43f0-82ca-48b1c3084029","signing_key_b64":null,"key_id":null,"stewardship_tier":4,"package_download_url":null,"package_template_id":null},"metadata":{"timestamp":"2026-04-06T23:43:27.376672+00:00","request_id":null,"duration_ms":null}}
