04-06 18:32:51.234 I/chromium( 7091): [INFO:layer_tree_host_impl.cc(198)] SBRTOUCHLOG DidVisibilityChange = 0
04-06 18:32:51.237 I/chromium( 7091): [INFO:web_view_impl.cc(1439)] Blink ResizeWithBrowserControls old_size = 0 * 0, new_size = 720 * 1040
04-06 18:32:51.239 I/chromium( 7091): [INFO:layer_tree_host_impl.cc(4001)] SBRTOUCHLOG SetDeferCommitFlagForDebug = 0
04-06 18:32:51.258 I/chromium( 7091): [INFO:layer_tree_host_impl.cc(198)] SBRTOUCHLOG DidVisibilityChange = 0
04-06 18:32:51.258 I/chromium( 7091): [INFO:layer_tree_host_impl.cc(4001)] SBRTOUCHLOG SetDeferCommitFlagForDebug = 0
04-06 18:32:51.393 I/chromium( 7135): [INFO:web_view_impl.cc(1439)] Blink ResizeWithBrowserControls old_size = 0 * 0, new_size = 720 * 1040
04-06 18:32:51.393 I/chromium( 7135): [INFO:layer_tree_host_impl.cc(4001)] SBRTOUCHLOG SetDeferCommitFlagForDebug = 0
04-06 18:32:51.393 I/chromium( 7135): [INFO:layer_tree_host_impl.cc(4001)] SBRTOUCHLOG SetDeferCommitFlagForDebug = 0
04-06 18:32:51.730 I/chromium( 7091): [INFO:layer_tree_host_impl.cc(198)] SBRTOUCHLOG DidVisibilityChange = 0
04-06 18:32:51.731 I/chromium( 7091): [INFO:web_view_impl.cc(1439)] Blink ResizeWithBrowserControls old_size = 720 * 1040, new_size = 0 * 0
04-06 18:32:51.733 I/chromium( 7091): [INFO:layer_tree_host_impl.cc(4001)] SBRTOUCHLOG SetDeferCommitFlagForDebug = 1
04-06 18:32:51.845 I/chromium(30649): [INFO:back_forward_cache_impl.cc(675)] BFCACHELOG  CanStorePageNow  result = No: not a main frame, related active contents exist: no BI swap result, HTTP status is not OK, scheme is not HTTP or HTTPS, main RenderFrameHost doesn't have response headers set, probably due not having successfully committed a navigation.
04-06 18:32:51.846 I/chromium(30649): [INFO:render_widget_host_impl.cc(843)] SBRTOUCHLOG  RenderWidgetHostImpl::WasShown
04-06 18:32:51.856 I/chromium( 7091): [INFO:layer_tree_host_impl.cc(198)] SBRTOUCHLOG DidVisibilityChange = 1
04-06 18:32:52.031 I/chromium(30649): [INFO:permission_service_impl.cc(151)] Permissions query about NOTIFICATIONS
04-06 18:32:52.338 I/chromium( 7047): [INFO:progress_tracker.cc(112)] LoaderLog  FinishedParsing
04-06 18:32:52.347 I/chromium( 7091): [INFO:layer_tree_host_impl.cc(198)] SBRTOUCHLOG DidVisibilityChange = 0
04-06 18:32:52.347 I/chromium( 7091): [INFO:web_view_impl.cc(1439)] Blink ResizeWithBrowserControls old_size = 0 * 0, new_size = 720 * 1040
04-06 18:32:52.347 I/chromium( 7091): [INFO:layer_tree_host_impl.cc(4001)] SBRTOUCHLOG SetDeferCommitFlagForDebug = 0
04-06 18:32:52.886 W/chromium(30649): [WARNING:render_widget_host_view_android.cc(1070)] SBRTOUCHLOG  OnTouchEvent, Action::DOWN
04-06 18:32:52.886 I/chromium(30649): [INFO:render_widget_host_input_event_router.cc(861)] SBRTOUCHLOG Set Touch sequence target view: 0x5f6b8800
04-06 18:32:52.886 W/chromium(30649): [WARNING:input_router_impl.cc(529)] SBRTOUCHLOG FilterAndSendWebInputEvent, kTouchStart
04-06 18:32:52.889 I/chromium( 7047): [INFO:web_frame_widget_impl.cc(2748)] SBRTOUCHLOG Blink HandleInputEvent event received = PointerDown
04-06 18:32:52.894 I/chromium(30649): [INFO:input_router_impl.cc(641)] SBRTOUCHLOG InputRouterImpl::TouchEventHandled type: TouchStart & ack: NOT_CONSUMED
04-06 18:32:52.902 I/chromium( 7047): [INFO:web_frame_widget_impl.cc(2748)] SBRTOUCHLOG Blink HandleInputEvent event received = GestureTapDown
04-06 18:32:52.905 I/chromium( 7047): [INFO:web_frame_widget_impl.cc(2748)] SBRTOUCHLOG Blink HandleInputEvent event received = PointerMove
04-06 18:32:52.906 I/chromium(30649): [INFO:input_router_impl.cc(641)] SBRTOUCHLOG InputRouterImpl::TouchEventHandled type: TouchMove & ack: CONSUMED
04-06 18:32:52.922 I/chromium( 7047): [INFO:web_frame_widget_impl.cc(2748)] SBRTOUCHLOG Blink HandleInputEvent event received = PointerMove
04-06 18:32:52.923 I/chromium(30649): [INFO:input_router_impl.cc(641)] SBRTOUCHLOG InputRouterImpl::TouchEventHandled type: TouchMove & ack: CONSUMED
04-06 18:32:52.923 I/chromium(30649): [INFO:input_router_impl.cc(641)] SBRTOUCHLOG InputRouterImpl::TouchEventHandled type: TouchMove & ack: CONSUMED
04-06 18:32:52.934 I/chromium( 7047): [INFO:web_frame_widget_impl.cc(2748)] SBRTOUCHLOG Blink HandleInputEvent event received = PointerMove
04-06 18:32:52.937 I/chromium(30649): [INFO:input_router_impl.cc(641)] SBRTOUCHLOG InputRouterImpl::TouchEventHandled type: TouchMove & ack: CONSUMED
04-06 18:32:52.951 I/chromium( 7047): [INFO:web_frame_widget_impl.cc(2748)] SBRTOUCHLOG Blink HandleInputEvent event received = PointerMove
04-06 18:32:52.952 I/chromium(30649): [INFO:input_router_impl.cc(641)] SBRTOUCHLOG InputRouterImpl::TouchEventHandled type: TouchMove & ack: NOT_CONSUMED
04-06 18:32:52.953 I/chromium(30649): [INFO:input_router_impl.cc(641)] SBRTOUCHLOG InputRouterImpl::TouchEventHandled type: TouchMove & ack: NOT_CONSUMED
04-06 18:32:52.953 I/chromium( 7047): [INFO:layer_tree_host_impl.cc(332)] SBRTOUCHLOG LayerTreeHostImpl::ScrollBegin defer_commit =  0
04-06 18:32:52.957 I/chromium( 7047): [INFO:web_frame_widget_impl.cc(2748)] SBRTOUCHLOG Blink HandleInputEvent event received = GestureTapCancel
04-06 18:32:52.958 I/chromium( 7047): [INFO:web_frame_widget_impl.cc(2748)] SBRTOUCHLOG Blink HandleInputEvent event received = PointerCausedUaAction
04-06 18:32:52.967 I/chromium( 7047): [INFO:layer_tree_host_impl.cc(303)] SBRTOUCHLOG LayerTreeHostImpl::ScrollBy delta_y = 19.4157
04-06 18:32:52.968 I/chromium( 7047): [INFO:web_frame_widget_impl.cc(2748)] SBRTOUCHLOG Blink HandleInputEvent event received = PointerMove
04-06 18:32:52.980 I/chromium(30649): [INFO:input_router_impl.cc(641)] SBRTOUCHLOG InputRouterImpl::TouchEventHandled type: TouchMove & ack: NOT_CONSUMED
04-06 18:32:52.981 I/chromium(30649): [INFO:input_router_impl.cc(641)] SBRTOUCHLOG InputRouterImpl::TouchEventHandled type: TouchMove & ack: NOT_CONSUMED
04-06 18:32:53.004 I/chromium( 7047): [INFO:web_frame_widget_impl.cc(2748)] SBRTOUCHLOG Blink HandleInputEvent event received = PointerMove
04-06 18:32:53.036 I/chromium( 7047): [INFO:layer_tree_host_impl.cc(2438)] SBRTOUCHLOG AsyncLayerTreeFrameSink::SubmitCompositorFrame
04-06 18:32:53.052 I/chromium( 7047): [INFO:layer_tree_host_impl.cc(303)] SBRTOUCHLOG LayerTreeHostImpl::ScrollBy delta_y = 55.9924
04-06 18:32:53.070 W/chromium(30649): [WARNING:window_android.cc(109)] TAB-STATUS observer added
04-06 18:32:53.076 I/chromium( 7047): [INFO:web_frame_widget_impl.cc(2748)] SBRTOUCHLOG Blink HandleInputEvent event received = PointerMove
04-06 18:32:53.078 I/chromium( 7047): [INFO:web_frame_widget_impl.cc(2748)] SBRTOUCHLOG Blink HandleInputEvent event received = PointerUp
04-06 18:32:53.086 W/chromium(30649): [WARNING:window_android.cc(123)] TAB-STATUS observer removed
04-06 18:32:53.101 I/chromium( 7047): [INFO:layer_tree_host_impl.cc(344)] SBRTOUCHLOG LayerTreeHostImpl::ScrollEnd
04-06 18:32:53.110 E/chromium( 7135): [ERROR:content_block_element_hider.cc(93)] main frame is not a local frame
04-06 18:32:53.115 E/chromium( 7135): [ERROR:content_block_element_hider.cc(93)] main frame is not a local frame
04-06 18:32:53.121 E/chromium( 7135): [ERROR:content_block_element_hider.cc(93)] main frame is not a local frame
04-06 18:32:53.126 E/chromium( 7135): [ERROR:content_block_element_hider.cc(93)] main frame is not a local frame
04-06 18:32:53.280 I/chromium( 7091): [INFO:web_view_impl.cc(1439)] Blink ResizeWithBrowserControls old_size = 720 * 1040, new_size = 720 * 1232
04-06 18:32:53.468 W/chromium(30649): [WARNING:render_widget_host_view_android.cc(1070)] SBRTOUCHLOG  OnTouchEvent, Action::DOWN
04-06 18:32:53.468 I/chromium(30649): [INFO:render_widget_host_input_event_router.cc(861)] SBRTOUCHLOG Set Touch sequence target view: 0x5f6b8800
04-06 18:32:53.468 W/chromium(30649): [WARNING:input_router_impl.cc(529)] SBRTOUCHLOG FilterAndSendWebInputEvent, kTouchStart
04-06 18:32:53.474 I/chromium( 7047): [INFO:web_frame_widget_impl.cc(2748)] SBRTOUCHLOG Blink HandleInputEvent event received = PointerDown
04-06 18:32:53.477 I/chromium(30649): [INFO:input_router_impl.cc(641)] SBRTOUCHLOG InputRouterImpl::TouchEventHandled type: TouchStart & ack: NOT_CONSUMED
04-06 18:32:53.478 I/chromium( 7047): [INFO:web_frame_widget_impl.cc(2748)] SBRTOUCHLOG Blink HandleInputEvent event received = GestureTapDown
04-06 18:32:53.519 I/chromium( 7047): [INFO:web_frame_widget_impl.cc(2748)] SBRTOUCHLOG Blink HandleInputEvent event received = PointerMove
04-06 18:32:53.520 I/chromium(30649): [INFO:input_router_impl.cc(641)] SBRTOUCHLOG InputRouterImpl::TouchEventHandled type: TouchMove & ack: CONSUMED
04-06 18:32:53.538 I/chromium( 7047): [INFO:web_frame_widget_impl.cc(2748)] SBRTOUCHLOG Blink HandleInputEvent event received = PointerMove
04-06 18:32:53.541 I/chromium(30649): [INFO:input_router_impl.cc(641)] SBRTOUCHLOG InputRouterImpl::TouchEventHandled type: TouchMove & ack: CONSUMED
04-06 18:32:53.545 I/chromium( 7047): [INFO:web_frame_widget_impl.cc(2748)] SBRTOUCHLOG Blink HandleInputEvent event received = PointerUp
04-06 18:32:53.547 I/chromium(30649): [INFO:input_router_impl.cc(641)] SBRTOUCHLOG InputRouterImpl::TouchEventHandled type: TouchEnd & ack: NOT_CONSUMED
04-06 18:32:53.548 I/chromium( 7047): [INFO:web_frame_widget_impl.cc(2748)] SBRTOUCHLOG Blink HandleInputEvent event received = GestureShowPress
04-06 18:32:53.558 I/chromium( 7047): [INFO:web_frame_widget_impl.cc(2748)] SBRTOUCHLOG Blink HandleInputEvent event received = GestureTap
04-06 18:32:54.457 I/chromium( 7135): [INFO:web_view_impl.cc(1439)] Blink ResizeWithBrowserControls old_size = 720 * 1040, new_size = 720 * 1232
04-06 18:32:54.660 E/chromium( 7135): [ERROR:tin_smart_protect_renderer_url_loader_throttle.cc(113)] GetServiceBridgeForFrame no local root frame
04-06 18:32:54.695 E/chromium( 7135): [ERROR:tin_smart_protect_renderer_url_loader_throttle.cc(113)] GetServiceBridgeForFrame no local root frame
04-06 18:32:54.751 I/chromium( 7091): [INFO:layer_tree_host_impl.cc(198)] SBRTOUCHLOG DidVisibilityChange = 0
04-06 18:32:54.751 I/chromium( 7091): [INFO:layer_tree_host_impl.cc(4001)] SBRTOUCHLOG SetDeferCommitFlagForDebug = 1
04-06 18:32:54.752 I/chromium( 7091): [INFO:web_view_impl.cc(1439)] Blink ResizeWithBrowserControls old_size = 720 * 1232, new_size = 0 * 0
04-06 18:32:54.810 I/chromium(30649): [INFO:back_forward_cache_impl.cc(675)] BFCACHELOG  CanStorePageNow  result = No: not a main frame, related active contents exist: no BI swap result, HTTP status is not OK, scheme is not HTTP or HTTPS, frame is not fully loaded, main RenderFrameHost doesn't have response headers set, probably due not having successfully committed a navigation.
04-06 18:32:54.811 I/chromium(30649): [INFO:render_widget_host_impl.cc(843)] SBRTOUCHLOG  RenderWidgetHostImpl::WasShown
04-06 18:32:54.812 I/chromium( 7091): [INFO:layer_tree_host_impl.cc(198)] SBRTOUCHLOG DidVisibilityChange = 1
04-06 18:32:54.828 I/chromium( 7091): [INFO:web_view_impl.cc(1439)] Blink ResizeWithBrowserControls old_size = 0 * 0, new_size = 720 * 1232
04-06 18:32:54.837 I/chromium( 7091): [INFO:layer_tree_host_impl.cc(198)] SBRTOUCHLOG DidVisibilityChange = 0
04-06 18:32:54.837 I/chromium( 7091): [INFO:layer_tree_host_impl.cc(4001)] SBRTOUCHLOG SetDeferCommitFlagForDebug = 0
04-06 18:32:54.865 I/chromium( 7135): [INFO:layer_tree_host_impl.cc(198)] SBRTOUCHLOG DidVisibilityChange = 0
04-06 18:32:54.866 I/chromium( 7135): [INFO:layer_tree_host_impl.cc(4001)] SBRTOUCHLOG SetDeferCommitFlagForDebug = 1
04-06 18:32:54.866 I/chromium( 7135): [INFO:web_view_impl.cc(1439)] Blink ResizeWithBrowserControls old_size = 720 * 1232, new_size = 0 * 0
04-06 18:32:55.565 I/chromium(30649): [INFO:back_forward_cache_impl.cc(675)] BFCACHELOG  CanStorePageNow  result = No: not a main frame, related active contents exist: no BI swap result, HTTP status is not OK, scheme is not HTTP or HTTPS, frame is not fully loaded, main RenderFrameHost doesn't have response headers set, probably due not having successfully committed a navigation.
04-06 18:32:56.204 I/chromium( 7135): [INFO:web_view_impl.cc(1439)] Blink ResizeWithBrowserControls old_size = 0 * 0, new_size = 720 * 1232
04-06 18:32:56.204 I/chromium( 7135): [INFO:layer_tree_host_impl.cc(4001)] SBRTOUCHLOG SetDeferCommitFlagForDebug = 0
04-06 18:32:57.651 E/chromium( 7135): [ERROR:gin_java_bridge_dispatcher.cc(130)] HasJavaMethod method toString not found, returning
04-06 18:32:57.651 E/chromium( 7135): [ERROR:gin_java_bridge_dispatcher.cc(130)] HasJavaMethod method name not found, returning
04-06 18:32:57.652 E/chromium( 7135): [ERROR:gin_java_bridge_dispatcher.cc(130)] HasJavaMethod method toString not found, returning
04-06 18:32:57.652 E/chromium( 7135): [ERROR:gin_java_bridge_dispatcher.cc(130)] HasJavaMethod method name not found, returning
04-06 18:32:57.836 E/chromium( 6956): [ERROR:gles2_cmd_decoder.cc(8683)] [.RendererMainThread-0xc12ff800]GL ERROR :GL_INVALID_FRAMEBUFFER_OPERATION : glFramebufferTexture2D: <- error from previous GL command
04-06 18:32:58.607 D/EnvFileUpdater( 6292): Found CIRIS_HOME from env: /data/user/0/ai.ciris.mobile.debug/files/ciris
04-06 18:32:59.974 E/chromium( 7135): [ERROR:gin_java_bridge_dispatcher.cc(130)] HasJavaMethod method toString not found, returning
04-06 18:32:59.974 E/chromium( 7135): [ERROR:gin_java_bridge_dispatcher.cc(130)] HasJavaMethod method name not found, returning
04-06 18:32:59.975 E/chromium( 7135): [ERROR:gin_java_bridge_dispatcher.cc(130)] HasJavaMethod method toString not found, returning
04-06 18:32:59.975 E/chromium( 7135): [ERROR:gin_java_bridge_dispatcher.cc(130)] HasJavaMethod method name not found, returning
04-06 18:33:00.103 E/chromium( 6956): [ERROR:gles2_cmd_decoder.cc(8683)] [.RendererMainThread-0xc12ff800]GL ERROR :GL_INVALID_FRAMEBUFFER_OPERATION : glFramebufferTexture2D: <- error from previous GL command
04-06 18:33:03.961 I/chromium( 7047): [INFO:render_frame_impl.cc(4027)] LoaderLog didFinishLoad
04-06 18:33:03.967 I/chromium( 7047): [INFO:frame_loader.cc(402)] LoaderLog Completed totalBytes = 4922687
04-06 18:33:03.967 I/chromium( 7047): [INFO:render_frame_impl.cc(5114)] LoaderLog didStopLoading
04-06 18:33:03.971 I/chromium(30649): [INFO:tin_six_tab_helper.cc(621)] ActivateTabAt 0,6
04-06 18:33:05.847 I/chromium( 7047): [INFO:frame_loader.cc(618)] LoaderLog  StartNavigation  ClientRedirect = 0
04-06 18:33:05.892 I/chromium(30649): [INFO:tin_six_tab_helper.cc(621)] ActivateTabAt 0,6
04-06 18:33:05.900 I/chromium(30649): [INFO:tin_six_tab_helper.cc(621)] ActivateTabAt 0,6
04-06 18:33:06.087 I/chromium( 7091): [INFO:web_view_impl.cc(1439)] Blink ResizeWithBrowserControls old_size = 720 * 1232, new_size = 720 * 1040
04-06 18:33:06.094 I/chromium( 7135): [INFO:web_view_impl.cc(1439)] Blink ResizeWithBrowserControls old_size = 720 * 1232, new_size = 720 * 1040
04-06 18:33:06.193 I/chromium( 7183): [INFO:dispatcher.cc(1571)] CreateBindingsSystem
04-06 18:33:06.215 I/chromium( 7183): [INFO:layer_tree_host_impl.cc(198)] SBRTOUCHLOG DidVisibilityChange = 0
04-06 18:33:06.216 I/chromium( 7183): [INFO:layer_tree_host_impl.cc(4001)] SBRTOUCHLOG SetDeferCommitFlagForDebug = 1
04-06 18:33:06.216 I/chromium( 7183): [INFO:layer_tree_host_impl.cc(4001)] SBRTOUCHLOG SetDeferCommitFlagForDebug = 0
04-06 18:33:06.216 I/chromium( 7183): [INFO:tin_anti_tracking_renderer_url_loader_throttle_helper.cc(31)] [IAT] set delegate th 0xc0213e60 td 0xc1263660
04-06 18:33:06.216 I/chromium( 7183): [INFO:tin_smart_protect_renderer.cc(16)] TinSmartProtectRenderer
04-06 18:33:06.217 I/chromium( 7183): [INFO:tin_smart_protect_renderer.cc(33)] BindPendingReceiver bound=1
04-06 18:33:06.227 I/chromium( 7183): [INFO:layer_tree_host_impl.cc(4001)] SBRTOUCHLOG SetDeferCommitFlagForDebug = 1
04-06 18:33:06.252 I/chromium( 7183): [INFO:render_frame_impl.cc(3805)] LoaderLog didCommitProvisionalLoad
04-06 18:33:06.255 W/chromium(30649): [WARNING:window_android.cc(123)] TAB-STATUS observer removed
04-06 18:33:06.257 I/chromium( 7047): [INFO:layer_tree_host_impl.cc(198)] SBRTOUCHLOG DidVisibilityChange = 0
04-06 18:33:06.257 I/chromium(30649): [INFO:render_widget_host_impl.cc(843)] SBRTOUCHLOG  RenderWidgetHostImpl::WasShown
04-06 18:33:06.258 W/chromium(30649): [WARNING:window_android.cc(109)] TAB-STATUS observer added
04-06 18:33:06.276 I/chromium( 7091): [INFO:frame_loader.cc(274)] LoaderLog  SetDefersLoading  DeferType = 1
04-06 18:33:06.276 I/chromium( 7091): [INFO:frame_loader.cc(274)] LoaderLog  SetDefersLoading  DeferType = 1
04-06 18:33:06.276 I/chromium( 7091): [INFO:frame_loader.cc(274)] LoaderLog  SetDefersLoading  DeferType = 1
04-06 18:33:06.276 I/chromium( 7091): [INFO:frame_loader.cc(274)] LoaderLog  SetDefersLoading  DeferType = 1
04-06 18:33:06.276 I/chromium( 7091): [INFO:frame_loader.cc(274)] LoaderLog  SetDefersLoading  DeferType = 1
04-06 18:33:06.276 I/chromium( 7091): [INFO:frame_loader.cc(274)] LoaderLog  SetDefersLoading  DeferType = 1
04-06 18:33:06.276 I/chromium( 7091): [INFO:frame_loader.cc(274)] LoaderLog  SetDefersLoading  DeferType = 1
04-06 18:33:06.276 I/chromium( 7047): [INFO:frame_loader.cc(274)] LoaderLog  SetDefersLoading  DeferType = 1
04-06 18:33:06.282 I/chromium( 7183): [INFO:layer_tree_host_impl.cc(198)] SBRTOUCHLOG DidVisibilityChange = 1
04-06 18:33:06.282 I/chromium( 7135): [INFO:frame_loader.cc(274)] LoaderLog  SetDefersLoading  DeferType = 1
04-06 18:33:06.282 I/chromium( 7135): [INFO:frame_loader.cc(274)] LoaderLog  SetDefersLoading  DeferType = 1
04-06 18:33:06.282 I/chromium( 7135): [INFO:frame_loader.cc(274)] LoaderLog  SetDefersLoading  DeferType = 1
04-06 18:33:06.282 I/chromium( 7135): [INFO:frame_loader.cc(274)] LoaderLog  SetDefersLoading  DeferType = 1
04-06 18:33:06.282 I/chromium( 7135): [INFO:frame_loader.cc(274)] LoaderLog  SetDefersLoading  DeferType = 1
04-06 18:33:06.283 I/chromium( 7135): [INFO:frame_loader.cc(274)] LoaderLog  SetDefersLoading  DeferType = 1
04-06 18:33:06.283 I/chromium( 7135): [INFO:frame_loader.cc(274)] LoaderLog  SetDefersLoading  DeferType = 1
04-06 18:33:06.305 I/chromium(30649): [INFO:render_frame_host_impl.cc(5780)] BFCACHELOG  Eviction  reason = No: cache limit
04-06 18:33:06.311 I/chromium( 7183): [INFO:memory_cache.cc(126)] MemoryCache MemberMemoryCache is disabled
04-06 18:33:06.313 I/chromium( 6969): [INFO:render_frame_impl.cc(5114)] LoaderLog didStopLoading
04-06 18:33:06.314 I/chromium(30649): [INFO:render_process_host_impl.cc(4491)] [Renderer][Exit] ChildProcessLauncher::OnChildProcessDied called through JNI pid = 6969, renderer_id =0
04-06 18:33:06.367 I/chromium( 7183): [INFO:layer_tree_host_impl.cc(4001)] SBRTOUCHLOG SetDeferCommitFlagForDebug = 0
04-06 18:33:06.430 I/chromium( 7183): [INFO:progress_tracker.cc(112)] LoaderLog  FinishedParsing
04-06 18:33:06.437 I/chromium( 7183): [INFO:layer_tree_impl.cc(1205)] DidUpdatePageScale IsActiveTree: 0 ScaleFactor: 1
04-06 18:33:06.440 I/chromium( 7183): [INFO:layer_tree_impl.cc(1205)] DidUpdatePageScale IsActiveTree: 1 ScaleFactor: 1
04-06 18:33:06.500 I/chromium(30649): [INFO:web_contents_impl.cc(6549)] LoaderLog  progress completed
04-06 18:33:06.786 I/chromium( 7183): [INFO:render_frame_impl.cc(4027)] LoaderLog didFinishLoad
04-06 18:33:06.788 I/chromium( 7183): [INFO:frame_loader.cc(402)] LoaderLog Completed totalBytes = 106022
04-06 18:33:06.788 I/chromium( 7183): [INFO:render_frame_impl.cc(5114)] LoaderLog didStopLoading
04-06 18:33:06.792 I/chromium(30649): [INFO:tin_six_tab_helper.cc(621)] ActivateTabAt 0,6
04-06 18:33:06.857 I/chromium( 7183): [INFO:document_loader.cc(793)] LoaderLog UpdateForSameDocumentNavigation  was_loading = 0  is_client_redirect_ = 0  replaces_history_item_ = 1
04-06 18:33:06.857 I/chromium( 7183): [INFO:render_frame_impl.cc(5114)] LoaderLog didStopLoading
04-06 18:33:06.926 I/chromium(30649): [INFO:tin_six_tab_helper.cc(621)] ActivateTabAt 0,6
04-06 18:33:08.609 D/EnvFileUpdater( 6292): Found CIRIS_HOME from env: /data/user/0/ai.ciris.mobile.debug/files/ciris
04-06 18:33:08.636 W/chromium(30649): [WARNING:window_android.cc(123)] TAB-STATUS observer removed
04-06 18:33:08.640 I/chromium( 7183): [INFO:layer_tree_host_impl.cc(198)] SBRTOUCHLOG DidVisibilityChange = 0
04-06 18:33:08.863 I/chromium(30649): [INFO:layer_tree_host_impl.cc(198)] SBRTOUCHLOG DidVisibilityChange = 0
04-06 18:33:10.356 I/chromium(30649): [INFO:render_process_host_impl.cc(4491)] [Renderer][Exit] ChildProcessLauncher::OnChildProcessDied called through JNI pid = 1710, renderer_id =38
04-06 18:33:10.359 I/chromium(30649): [INFO:render_process_host_impl.cc(4491)] [Renderer][Exit] ChildProcessLauncher::OnChildProcessDied called through JNI pid = 31483, renderer_id =32
04-06 18:33:12.547 I/SetupViewModel( 6292): [pollNodeAuthStatus] ========== ENTRY ==========
04-06 18:33:12.549 I/SetupViewModel( 6292): [pollNodeAuthStatus] Current status: WAITING
04-06 18:33:12.551 I/SetupViewModel( 6292): [pollNodeAuthStatus] deviceCode: 3664fa95a7c4e839...
04-06 18:33:12.553 I/SetupViewModel( 6292): [pollNodeAuthStatus] portalUrl: https://portal.ciris.ai
04-06 18:33:12.555 I/SetupViewModel( 6292): [pollNodeAuthStatus] Invoking pollFunc...
04-06 18:33:12.565 I/CIRISApiClient( 6292): [pollNodeAuthStatus] ========== POLL START ==========
04-06 18:33:12.566 I/CIRISApiClient( 6292): [pollNodeAuthStatus] deviceCode: 3664fa95a7c4e839...
04-06 18:33:12.568 I/CIRISApiClient( 6292): [pollNodeAuthStatus] portalUrl: https://portal.ciris.ai
04-06 18:33:12.570 I/CIRISApiClient( 6292): [pollNodeAuthStatus] baseUrl: http://localhost:8080
04-06 18:33:12.572 I/CIRISApiClient( 6292): [pollNodeAuthStatus] Full URL: http://localhost:8080/v1/setup/connect-node/status
04-06 18:33:12.577 I/CIRISApiClient( 6292): [pollNodeAuthStatus] Making HTTP GET request...
04-06 18:33:13.204 I/CIRISApiClient( 6292): [pollNodeAuthStatus] HTTP response received: status=200 OK
04-06 18:33:13.209 I/CIRISApiClient( 6292): [pollNodeAuthStatus] Response body (first 500 chars): {"data":{"status":"pending","template":null,"adapters":null,"org_id":null,"signing_key_b64":null,"key_id":null,"stewardship_tier":null,"package_download_url":null,"package_template_id":null},"metadata":{"timestamp":"2026-04-06T23:33:13.192264+00:00","request_id":null,"duration_ms":null}}
04-06 18:33:13.211 I/CIRISApiClient( 6292): [pollNodeAuthStatus] Parsed response: status=pending, keyId=null, error=null
04-06 18:33:13.215 I/CIRISApiClient( 6292): [pollNodeAuthStatus] ========== POLL END (returning result) ==========
04-06 18:33:13.219 I/SetupViewModel( 6292): [pollNodeAuthStatus] pollFunc returned: status=pending, keyId=null, error=null
04-06 18:33:13.220 I/SetupViewModel( 6292): pollNodeAuthStatus: status=pending, keep polling
04-06 18:33:13.222 I/SetupViewModel( 6292): [pollNodeAuthStatus] ========== EXIT (success) ==========
04-06 18:33:15.372 I/SetupViewModel( 6292): [pollNodeAuthStatus] ========== ENTRY ==========
04-06 18:33:15.374 I/SetupViewModel( 6292): [pollNodeAuthStatus] Current status: WAITING
04-06 18:33:15.376 I/SetupViewModel( 6292): [pollNodeAuthStatus] deviceCode: 3664fa95a7c4e839...
04-06 18:33:15.377 I/SetupViewModel( 6292): [pollNodeAuthStatus] portalUrl: https://portal.ciris.ai
04-06 18:33:15.379 I/SetupViewModel( 6292): [pollNodeAuthStatus] Invoking pollFunc...
04-06 18:33:15.384 I/CIRISApiClient( 6292): [pollNodeAuthStatus] ========== POLL START ==========
04-06 18:33:15.386 I/CIRISApiClient( 6292): [pollNodeAuthStatus] deviceCode: 3664fa95a7c4e839...
04-06 18:33:15.387 I/CIRISApiClient( 6292): [pollNodeAuthStatus] portalUrl: https://portal.ciris.ai
04-06 18:33:15.389 I/CIRISApiClient( 6292): [pollNodeAuthStatus] baseUrl: http://localhost:8080
04-06 18:33:15.391 I/CIRISApiClient( 6292): [pollNodeAuthStatus] Full URL: http://localhost:8080/v1/setup/connect-node/status
04-06 18:33:15.395 I/CIRISApiClient( 6292): [pollNodeAuthStatus] Making HTTP GET request...
04-06 18:33:15.845 I/CIRISApiClient( 6292): [pollNodeAuthStatus] HTTP response received: status=200 OK
04-06 18:33:15.853 I/CIRISApiClient( 6292): [pollNodeAuthStatus] Response body (first 500 chars): {"data":{"status":"pending","template":null,"adapters":null,"org_id":null,"signing_key_b64":null,"key_id":null,"stewardship_tier":null,"package_download_url":null,"package_template_id":null},"metadata":{"timestamp":"2026-04-06T23:33:15.823307+00:00","request_id":null,"duration_ms":null}}
04-06 18:33:15.857 I/CIRISApiClient( 6292): [pollNodeAuthStatus] Parsed response: status=pending, keyId=null, error=null
04-06 18:33:15.859 I/CIRISApiClient( 6292): [pollNodeAuthStatus] ========== POLL END (returning result) ==========
04-06 18:33:15.865 I/SetupViewModel( 6292): [pollNodeAuthStatus] pollFunc returned: status=pending, keyId=null, error=null
04-06 18:33:15.867 I/SetupViewModel( 6292): pollNodeAuthStatus: status=pending, keep polling
04-06 18:33:15.868 I/SetupViewModel( 6292): [pollNodeAuthStatus] ========== EXIT (success) ==========
04-06 18:33:18.612 D/EnvFileUpdater( 6292): Found CIRIS_HOME from env: /data/user/0/ai.ciris.mobile.debug/files/ciris
04-06 18:33:28.132 I/SetupViewModel( 6292): [pollNodeAuthStatus] ========== ENTRY ==========
04-06 18:33:28.133 I/SetupViewModel( 6292): [pollNodeAuthStatus] Current status: WAITING
04-06 18:33:28.135 I/SetupViewModel( 6292): [pollNodeAuthStatus] deviceCode: 3664fa95a7c4e839...
04-06 18:33:28.137 I/SetupViewModel( 6292): [pollNodeAuthStatus] portalUrl: https://portal.ciris.ai
04-06 18:33:28.138 I/SetupViewModel( 6292): [pollNodeAuthStatus] Invoking pollFunc...
04-06 18:33:28.144 I/CIRISApiClient( 6292): [pollNodeAuthStatus] ========== POLL START ==========
04-06 18:33:28.145 I/CIRISApiClient( 6292): [pollNodeAuthStatus] deviceCode: 3664fa95a7c4e839...
04-06 18:33:28.147 I/CIRISApiClient( 6292): [pollNodeAuthStatus] portalUrl: https://portal.ciris.ai
04-06 18:33:28.149 I/CIRISApiClient( 6292): [pollNodeAuthStatus] baseUrl: http://localhost:8080
04-06 18:33:28.150 I/CIRISApiClient( 6292): [pollNodeAuthStatus] Full URL: http://localhost:8080/v1/setup/connect-node/status
04-06 18:33:28.154 I/CIRISApiClient( 6292): [pollNodeAuthStatus] Making HTTP GET request...
04-06 18:33:28.574 I/CIRISApiClient( 6292): [pollNodeAuthStatus] HTTP response received: status=200 OK
04-06 18:33:28.578 I/CIRISApiClient( 6292): [pollNodeAuthStatus] Response body (first 500 chars): {"data":{"status":"pending","template":null,"adapters":null,"org_id":null,"signing_key_b64":null,"key_id":null,"stewardship_tier":null,"package_download_url":null,"package_template_id":null},"metadata":{"timestamp":"2026-04-06T23:33:28.559193+00:00","request_id":null,"duration_ms":null}}
04-06 18:33:28.580 I/CIRISApiClient( 6292): [pollNodeAuthStatus] Parsed response: status=pending, keyId=null, error=null
04-06 18:33:28.582 I/CIRISApiClient( 6292): [pollNodeAuthStatus] ========== POLL END (returning result) ==========
04-06 18:33:28.585 I/SetupViewModel( 6292): [pollNodeAuthStatus] pollFunc returned: status=pending, keyId=null, error=null
04-06 18:33:28.587 I/SetupViewModel( 6292): pollNodeAuthStatus: status=pending, keep polling
04-06 18:33:28.588 I/SetupViewModel( 6292): [pollNodeAuthStatus] ========== EXIT (success) ==========
04-06 18:33:28.618 D/EnvFileUpdater( 6292): Found CIRIS_HOME from env: /data/user/0/ai.ciris.mobile.debug/files/ciris
04-06 18:33:38.621 D/EnvFileUpdater( 6292): Found CIRIS_HOME from env: /data/user/0/ai.ciris.mobile.debug/files/ciris
04-06 18:33:48.624 D/EnvFileUpdater( 6292): Found CIRIS_HOME from env: /data/user/0/ai.ciris.mobile.debug/files/ciris
04-06 18:33:58.626 D/EnvFileUpdater( 6292): Found CIRIS_HOME from env: /data/user/0/ai.ciris.mobile.debug/files/ciris
04-06 18:34:08.630 D/EnvFileUpdater( 6292): Found CIRIS_HOME from env: /data/user/0/ai.ciris.mobile.debug/files/ciris
04-06 18:34:18.633 D/EnvFileUpdater( 6292): Found CIRIS_HOME from env: /data/user/0/ai.ciris.mobile.debug/files/ciris
04-06 18:34:28.635 D/EnvFileUpdater( 6292): Found CIRIS_HOME from env: /data/user/0/ai.ciris.mobile.debug/files/ciris
04-06 18:34:38.637 D/EnvFileUpdater( 6292): Found CIRIS_HOME from env: /data/user/0/ai.ciris.mobile.debug/files/ciris
04-06 18:34:44.970 I/MainActivity( 7548): Initializing Python runtime...
04-06 18:34:46.508 I/MainActivity( 7548): Python runtime started
04-06 18:34:46.510 I/MainActivity( 7548): Localization resource loader initialized
04-06 18:34:46.878 I/MainActivity( 7548): Google Sign-In initialized with client ID: 265882853697-l421ndo...
04-06 18:34:46.878 I/MainActivity( 7548): Initializing Google Play Billing...
04-06 18:34:47.007 I/CIRISApiClient( 7548): [init] CIRISApiClient initialized with baseUrl=http://localhost:8080
04-06 18:34:47.047 I/MainActivity( 7548): Google Play Billing initialized
04-06 18:34:47.054 I/MainActivity( 7548): Google Play Integrity initialized (via Python API)
04-06 18:34:47.574 I/python.stdout( 7548): ============================================================
04-06 18:34:47.574 I/python.stdout( 7548): PYDANTIC_CORE NATIVE LIBRARY SETUP
04-06 18:34:47.574 I/python.stdout( 7548): ============================================================
04-06 18:34:47.574 I/python.stdout( 7548): [1/6] Architecture: armeabi-v7a (machine=armv8l)
04-06 18:34:47.575 I/python.stdout( 7548): [2/6] Extract target: /data/data/ai.ciris.mobile.debug/files/chaquopy/extract-packages
04-06 18:34:47.581 I/python.stdout( 7548): [3/6] Found existing .so: _pydantic_core.cpython-310-arm-linux-androideabi.so
04-06 18:34:47.581 I/python.stdout( 7548): [4/6] No cached modules to clear
04-06 18:34:47.582 I/python.stdout( 7548): [5/6] sys.path[0] = /data/data/ai.ciris.mobile.debug/files/chaquopy/extract-packages
04-06 18:34:47.582 I/python.stdout( 7548): [5/6] Installed PydanticCoreFinder at meta_path[0]
04-06 18:34:47.582 I/python.stdout( 7548): [6/6] Testing native library load...
04-06 18:34:47.604 I/python.stdout( 7548): [6/6] ctypes.CDLL: SUCCESS
04-06 18:34:47.605 W/python.stderr( 7548): <frozen importlib._bootstrap>:914: ImportWarning: PydanticCoreFinder.find_spec() not found; falling back to find_module()
04-06 18:34:47.605 W/python.stderr( 7548): <frozen importlib._bootstrap>:671: ImportWarning: PydanticCoreFinder.exec_module() not found; falling back to load_module()
04-06 18:34:47.642 I/MainActivity( 7548): Running CIRIS network diagnostics...
04-06 18:34:47.649 I/MainActivity( 7548): Showing CIRISApp immediately for startup animation
04-06 18:34:47.650 I/MainActivity( 7548): PythonRuntimeService already running
04-06 18:34:47.650 I/MainActivity( 7548): Starting logcat reader (generation 1)
04-06 18:34:47.669 D/CIRISApp( 7548): [INIT] CIRISApp composable invoked - googleSignInCallback=PRESENT (133976192)
04-06 18:34:47.733 I/CIRISApiClient( 7548): [init] CIRISApiClient initialized with baseUrl=http://localhost:8080
04-06 18:34:47.769 I/TokenManager( 7548): [setShared] Shared TokenManager instance set
04-06 18:34:47.804 I/InteractViewModel( 7548): [init] InteractViewModel initialized (polling deferred until token available)
04-06 18:34:47.806 I/InteractViewModel( 7548): [setDeviceAttestationCallback] Device attestation callback SET
04-06 18:34:47.807 I/InteractViewModel( 7548): [observeLanguageChanges] Starting language observation for pipeline localization
04-06 18:34:47.814 I/python.stdout( 7548): [6/6] import pydantic_core: SUCCESS (v2.23.4)
04-06 18:34:47.814 I/python.stdout( 7548): [6/6] Location: /data/data/ai.ciris.mobile.debug/files/chaquopy/extract-packages/pydantic_core/__init__.py
04-06 18:34:47.815 I/python.stdout( 7548): ============================================================
04-06 18:34:47.815 I/python.stdout( 7548): PYDANTIC_CORE READY
04-06 18:34:47.815 I/python.stdout( 7548): ============================================================
04-06 18:34:47.817 D/MainActivity( 7548): Prep step 6/6: [6/6] import pydantic_core: SUCCESS (v2.23.4)
04-06 18:34:47.818 I/python.stdout( 7548): INFO: mobile_main: CIRIS Mobile - Full On-Device Runtime (LLM Remote)
04-06 18:34:47.818 D/MainActivity( 7548): Prep step 6/6: [6/6] Location: /data/data/ai.ciris.mobile.debug/files/chaquopy/extract-packages/pydantic_core/__init__.py
04-06 18:34:47.826 I/SettingsViewModel( 7548): [loadDisplaySettings] >>> Loading live_background_enabled from secure storage...
04-06 18:34:47.859 I/BillingViewModel( 7548): [init] BillingViewModel initialized
04-06 18:34:48.595 I/CIRISApp( 7548): Test mode enabled on mobile — starting test automation server
04-06 18:34:48.597 I/CIRISApp( 7548): Initializing localization...
04-06 18:34:48.607 I/MainActivity( 7548): Setting purchase result callback
04-06 18:34:48.733 I/MainActivity( 7548): Network diagnostics completed
04-06 18:34:48.829 I/CIRISApp( 7548): Initializing currency...
04-06 18:34:48.864 D/CIRISApp( 7548): [INIT] CIRISApp composable invoked - googleSignInCallback=PRESENT (133976192)
04-06 18:34:48.875 I/InteractViewModel( 7548): [setDeviceAttestationCallback] Device attestation callback SET
04-06 18:34:49.177 I/InteractViewModel( 7548): [observeLanguageChanges] Updating pipeline labels for language: en (explicit=false)
04-06 18:34:49.181 I/SettingsViewModel( 7548): [loadDisplaySettings] >>> Raw value='null', parsed=true
04-06 18:34:49.183 I/SettingsViewModel( 7548): [loadDisplaySettings] >>> Live background state set to: true
04-06 18:34:49.316 D/CIRISApp( 7548): [INIT] CIRISApp composable invoked - googleSignInCallback=PRESENT (133976192)
04-06 18:34:49.321 I/InteractViewModel( 7548): [setDeviceAttestationCallback] Device attestation callback SET
04-06 18:34:49.470 I/SettingsViewModel( 7548): [loadDisplaySettings] >>> Color theme loaded: VAPOR
04-06 18:34:49.575 I/SettingsViewModel( 7548): [loadDisplaySettings] >>> Brightness preference loaded: SYSTEM
04-06 18:34:49.650 E/CIRISApiClient( 7548): [getSystemStatus] Exception: ConnectException: Failed to connect to localhost/127.0.0.1:8080 | Context: url=http://localhost:8080
04-06 18:34:49.650 E/CIRISApiClient( 7548): java.net.ConnectException: Failed to connect to localhost/127.0.0.1:8080
04-06 18:34:49.650 E/CIRISApiClient( 7548): 	at okhttp3.internal.connection.RealConnection.connectSocket(RealConnection.kt:297)
04-06 18:34:49.650 E/CIRISApiClient( 7548): 	at okhttp3.internal.connection.RealConnection.connect(RealConnection.kt:207)
04-06 18:34:49.650 E/CIRISApiClient( 7548): 	at okhttp3.internal.connection.ExchangeFinder.findConnection(ExchangeFinder.kt:226)
04-06 18:34:49.650 E/CIRISApiClient( 7548): 	at okhttp3.internal.connection.ExchangeFinder.findHealthyConnection(ExchangeFinder.kt:106)
04-06 18:34:49.650 E/CIRISApiClient( 7548): 	at okhttp3.internal.connection.ExchangeFinder.find(ExchangeFinder.kt:74)
04-06 18:34:49.650 E/CIRISApiClient( 7548): 	at okhttp3.internal.connection.RealCall.initExchange$okhttp(RealCall.kt:255)
04-06 18:34:49.650 E/CIRISApiClient( 7548): 	at okhttp3.internal.connection.ConnectInterceptor.intercept(ConnectInterceptor.kt:32)
04-06 18:34:49.650 E/CIRISApiClient( 7548): 	at okhttp3.internal.http.RealInterceptorChain.proceed(RealInterceptorChain.kt:109)
04-06 18:34:49.650 E/CIRISApiClient( 7548): 	at okhttp3.internal.cache.CacheInterceptor.intercept(CacheInterceptor.kt:95)
04-06 18:34:49.650 E/CIRISApiClient( 7548): 	at okhttp3.internal.http.RealInterceptorChain.proceed(RealInterceptorChain.kt:109)
04-06 18:34:49.650 E/CIRISApiClient( 7548): 	at okhttp3.internal.http.BridgeInterceptor.intercept(BridgeInterceptor.kt:83)
04-06 18:34:49.650 E/CIRISApiClient( 7548): 	at okhttp3.internal.http.RealInterceptorChain.proceed(RealInterceptorChain.kt:109)
04-06 18:34:49.650 E/CIRISApiClient( 7548): 	at okhttp3.internal.http.RetryAndFollowUpInterceptor.intercept(RetryAndFollowUpInterceptor.kt:76)
04-06 18:34:49.650 E/CIRISApiClient( 7548): 	at okhttp3.internal.http.RealInterceptorChain.proceed(RealInterceptorChain.kt:109)
04-06 18:34:49.650 E/CIRISApiClient( 7548): 	at okhttp3.internal.connection.RealCall.getResponseWithInterceptorChain$okhttp(RealCall.kt:201)
04-06 18:34:49.650 E/CIRISApiClient( 7548): 	at okhttp3.internal.connection.RealCall$AsyncCall.run(RealCall.kt:517)
04-06 18:34:49.650 E/CIRISApiClient( 7548): 	at java.util.concurrent.ThreadPoolExecutor.runWorker(ThreadPoolExecutor.java:1133)
04-06 18:34:49.650 E/CIRISApiClient( 7548): 	at java.util.concurrent.ThreadPoolExecutor$Worker.run(ThreadPoolExecutor.java:607)
04-06 18:34:49.650 E/CIRISApiClient( 7548): 	at java.lang.Thread.run(Thread.java:762)
04-06 18:34:49.650 E/CIRISApiClient( 7548): Caused by: java.net.ConnectException: Connection refused
04-06 18:34:49.650 E/CIRISApiClient( 7548): 	at java.net.PlainSocketImpl.socketConnect(Native Method)
04-06 18:34:49.650 E/CIRISApiClient( 7548): 	at java.net.AbstractPlainSocketImpl.doConnect(AbstractPlainSocketImpl.java:334)
04-06 18:34:49.650 E/CIRISApiClient( 7548): 	at java.net.AbstractPlainSocketImpl.connectToAddress(AbstractPlainSocketImpl.java:196)
04-06 18:34:49.650 E/CIRISApiClient( 7548): 	at java.net.AbstractPlainSocketImpl.connect(AbstractPlainSocketImpl.java:178)
04-06 18:34:49.650 E/CIRISApiClient( 7548): 	at java.net.SocksSocketImpl.connect(SocksSocketImpl.java:356)
04-06 18:34:49.650 E/CIRISApiClient( 7548): 	at java.net.Socket.connect(Socket.java:605)
04-06 18:34:49.650 E/CIRISApiClient( 7548): 	at okhttp3.internal.platform.AndroidPlatform.connectSocket(AndroidPlatform.kt:63)
04-06 18:34:49.650 E/CIRISApiClient( 7548): 	at okhttp3.internal.connection.RealConnection.connectSocket(RealConnection.kt:295)
04-06 18:34:49.650 E/CIRISApiClient( 7548): 	... 18 more
04-06 18:34:52.558 D/CIRISApp( 7548): [INIT] CIRISApp composable invoked - googleSignInCallback=PRESENT (133976192)
04-06 18:34:52.565 I/InteractViewModel( 7548): [setDeviceAttestationCallback] Device attestation callback SET
04-06 18:34:54.712 E/CIRISApiClient( 7548): [getSystemStatus] Exception: ConnectException: Failed to connect to localhost/127.0.0.1:8080 | Context: url=http://localhost:8080
04-06 18:34:54.712 E/CIRISApiClient( 7548): java.net.ConnectException: Failed to connect to localhost/127.0.0.1:8080
04-06 18:34:54.712 E/CIRISApiClient( 7548): 	at okhttp3.internal.connection.RealConnection.connectSocket(RealConnection.kt:297)
04-06 18:34:54.712 E/CIRISApiClient( 7548): 	at okhttp3.internal.connection.RealConnection.connect(RealConnection.kt:207)
04-06 18:34:54.712 E/CIRISApiClient( 7548): 	at okhttp3.internal.connection.ExchangeFinder.findConnection(ExchangeFinder.kt:226)
04-06 18:34:54.712 E/CIRISApiClient( 7548): 	at okhttp3.internal.connection.ExchangeFinder.findHealthyConnection(ExchangeFinder.kt:106)
04-06 18:34:54.712 E/CIRISApiClient( 7548): 	at okhttp3.internal.connection.ExchangeFinder.find(ExchangeFinder.kt:74)
04-06 18:34:54.712 E/CIRISApiClient( 7548): 	at okhttp3.internal.connection.RealCall.initExchange$okhttp(RealCall.kt:255)
04-06 18:34:54.712 E/CIRISApiClient( 7548): 	at okhttp3.internal.connection.ConnectInterceptor.intercept(ConnectInterceptor.kt:32)
04-06 18:34:54.712 E/CIRISApiClient( 7548): 	at okhttp3.internal.http.RealInterceptorChain.proceed(RealInterceptorChain.kt:109)
04-06 18:34:54.712 E/CIRISApiClient( 7548): 	at okhttp3.internal.cache.CacheInterceptor.intercept(CacheInterceptor.kt:95)
04-06 18:34:54.712 E/CIRISApiClient( 7548): 	at okhttp3.internal.http.RealInterceptorChain.proceed(RealInterceptorChain.kt:109)
04-06 18:34:54.712 E/CIRISApiClient( 7548): 	at okhttp3.internal.http.BridgeInterceptor.intercept(BridgeInterceptor.kt:83)
04-06 18:34:54.712 E/CIRISApiClient( 7548): 	at okhttp3.internal.http.RealInterceptorChain.proceed(RealInterceptorChain.kt:109)
04-06 18:34:54.712 E/CIRISApiClient( 7548): 	at okhttp3.internal.http.RetryAndFollowUpInterceptor.intercept(RetryAndFollowUpInterceptor.kt:76)
04-06 18:34:54.712 E/CIRISApiClient( 7548): 	at okhttp3.internal.http.RealInterceptorChain.proceed(RealInterceptorChain.kt:109)
04-06 18:34:54.712 E/CIRISApiClient( 7548): 	at okhttp3.internal.connection.RealCall.getResponseWithInterceptorChain$okhttp(RealCall.kt:201)
04-06 18:34:54.712 E/CIRISApiClient( 7548): 	at okhttp3.internal.connection.RealCall$AsyncCall.run(RealCall.kt:517)
04-06 18:34:54.712 E/CIRISApiClient( 7548): 	at java.util.concurrent.ThreadPoolExecutor.runWorker(ThreadPoolExecutor.java:1133)
04-06 18:34:54.712 E/CIRISApiClient( 7548): 	at java.util.concurrent.ThreadPoolExecutor$Worker.run(ThreadPoolExecutor.java:607)
04-06 18:34:54.712 E/CIRISApiClient( 7548): 	at java.lang.Thread.run(Thread.java:762)
04-06 18:34:54.712 E/CIRISApiClient( 7548): Caused by: java.net.ConnectException: Connection refused
04-06 18:34:54.712 E/CIRISApiClient( 7548): 	at java.net.PlainSocketImpl.socketConnect(Native Method)
04-06 18:34:54.712 E/CIRISApiClient( 7548): 	at java.net.AbstractPlainSocketImpl.doConnect(AbstractPlainSocketImpl.java:334)
04-06 18:34:54.712 E/CIRISApiClient( 7548): 	at java.net.AbstractPlainSocketImpl.connectToAddress(AbstractPlainSocketImpl.java:196)
04-06 18:34:54.712 E/CIRISApiClient( 7548): 	at java.net.AbstractPlainSocketImpl.connect(AbstractPlainSocketImpl.java:178)
04-06 18:34:54.712 E/CIRISApiClient( 7548): 	at java.net.SocksSocketImpl.connect(SocksSocketImpl.java:356)
04-06 18:34:54.712 E/CIRISApiClient( 7548): 	at java.net.Socket.connect(Socket.java:605)
04-06 18:34:54.712 E/CIRISApiClient( 7548): 	at okhttp3.internal.platform.AndroidPlatform.connectSocket(AndroidPlatform.kt:63)
04-06 18:34:54.712 E/CIRISApiClient( 7548): 	at okhttp3.internal.connection.RealConnection.connectSocket(RealConnection.kt:295)
04-06 18:34:54.712 E/CIRISApiClient( 7548): 	... 18 more
04-06 18:34:55.061 D/CIRISApp( 7548): [INIT] CIRISApp composable invoked - googleSignInCallback=PRESENT (133976192)
04-06 18:34:55.064 I/InteractViewModel( 7548): [setDeviceAttestationCallback] Device attestation callback SET
04-06 18:34:56.172 I/python.stdout( 7548): INFO: ciris_engine.logic.utils.constants: [ACCORD] Loaded accord_1.2b_POLYGLOT.txt: 63819 chars
04-06 18:34:56.174 I/python.stdout( 7548): INFO: ciris_engine.logic.utils.constants: [ACCORD] ACCORD_TEXT ready: 63819 chars total
04-06 18:34:56.176 I/python.stdout( 7548): INFO: ciris_engine.logic.utils.constants: [ACCORD] Loaded accord_1.2b_POLYGLOT_compressed.txt: 7338 chars
04-06 18:34:56.177 I/python.stdout( 7548): INFO: ciris_engine.logic.utils.constants: [ACCORD] Active mode: compressed (set via CIRIS_ACCORD_MODE env var)
04-06 18:34:56.177 I/python.stdout( 7548): INFO: ciris_engine.logic.utils.constants: [ACCORD] Using compressed polyglot (~7338 chars) for system prompts
04-06 18:34:57.553 I/InteractViewModel( 7548): [observeLanguageChanges] Updating pipeline labels for language: en (explicit=false)
04-06 18:34:57.570 D/CIRISApp( 7548): [INIT] CIRISApp composable invoked - googleSignInCallback=PRESENT (133976192)
04-06 18:34:57.576 I/InteractViewModel( 7548): [setDeviceAttestationCallback] Device attestation callback SET
04-06 18:34:58.608 D/EnvFileUpdater( 7548): Found CIRIS_HOME from env: /data/user/0/ai.ciris.mobile.debug/files/ciris
04-06 18:34:59.758 E/CIRISApiClient( 7548): [getSystemStatus] Exception: ConnectException: Failed to connect to localhost/127.0.0.1:8080 | Context: url=http://localhost:8080
04-06 18:34:59.758 E/CIRISApiClient( 7548): java.net.ConnectException: Failed to connect to localhost/127.0.0.1:8080
04-06 18:34:59.758 E/CIRISApiClient( 7548): 	at okhttp3.internal.connection.RealConnection.connectSocket(RealConnection.kt:297)
04-06 18:34:59.758 E/CIRISApiClient( 7548): 	at okhttp3.internal.connection.RealConnection.connect(RealConnection.kt:207)
04-06 18:34:59.758 E/CIRISApiClient( 7548): 	at okhttp3.internal.connection.ExchangeFinder.findConnection(ExchangeFinder.kt:226)
04-06 18:34:59.758 E/CIRISApiClient( 7548): 	at okhttp3.internal.connection.ExchangeFinder.findHealthyConnection(ExchangeFinder.kt:106)
04-06 18:34:59.758 E/CIRISApiClient( 7548): 	at okhttp3.internal.connection.ExchangeFinder.find(ExchangeFinder.kt:74)
04-06 18:34:59.758 E/CIRISApiClient( 7548): 	at okhttp3.internal.connection.RealCall.initExchange$okhttp(RealCall.kt:255)
04-06 18:34:59.758 E/CIRISApiClient( 7548): 	at okhttp3.internal.connection.ConnectInterceptor.intercept(ConnectInterceptor.kt:32)
04-06 18:34:59.758 E/CIRISApiClient( 7548): 	at okhttp3.internal.http.RealInterceptorChain.proceed(RealInterceptorChain.kt:109)
04-06 18:34:59.758 E/CIRISApiClient( 7548): 	at okhttp3.internal.cache.CacheInterceptor.intercept(CacheInterceptor.kt:95)
04-06 18:34:59.758 E/CIRISApiClient( 7548): 	at okhttp3.internal.http.RealInterceptorChain.proceed(RealInterceptorChain.kt:109)
04-06 18:34:59.758 E/CIRISApiClient( 7548): 	at okhttp3.internal.http.BridgeInterceptor.intercept(BridgeInterceptor.kt:83)
04-06 18:34:59.758 E/CIRISApiClient( 7548): 	at okhttp3.internal.http.RealInterceptorChain.proceed(RealInterceptorChain.kt:109)
04-06 18:34:59.758 E/CIRISApiClient( 7548): 	at okhttp3.internal.http.RetryAndFollowUpInterceptor.intercept(RetryAndFollowUpInterceptor.kt:76)
04-06 18:34:59.758 E/CIRISApiClient( 7548): 	at okhttp3.internal.http.RealInterceptorChain.proceed(RealInterceptorChain.kt:109)
04-06 18:34:59.758 E/CIRISApiClient( 7548): 	at okhttp3.internal.connection.RealCall.getResponseWithInterceptorChain$okhttp(RealCall.kt:201)
04-06 18:34:59.758 E/CIRISApiClient( 7548): 	at okhttp3.internal.connection.RealCall$AsyncCall.run(RealCall.kt:517)
04-06 18:34:59.758 E/CIRISApiClient( 7548): 	at java.util.concurrent.ThreadPoolExecutor.runWorker(ThreadPoolExecutor.java:1133)
04-06 18:34:59.758 E/CIRISApiClient( 7548): 	at java.util.concurrent.ThreadPoolExecutor$Worker.run(ThreadPoolExecutor.java:607)
04-06 18:34:59.758 E/CIRISApiClient( 7548): 	at java.lang.Thread.run(Thread.java:762)
04-06 18:34:59.758 E/CIRISApiClient( 7548): Caused by: java.net.ConnectException: Connection refused
04-06 18:34:59.758 E/CIRISApiClient( 7548): 	at java.net.PlainSocketImpl.socketConnect(Native Method)
04-06 18:34:59.758 E/CIRISApiClient( 7548): 	at java.net.AbstractPlainSocketImpl.doConnect(AbstractPlainSocketImpl.java:334)
04-06 18:34:59.758 E/CIRISApiClient( 7548): 	at java.net.AbstractPlainSocketImpl.connectToAddress(AbstractPlainSocketImpl.java:196)
04-06 18:34:59.758 E/CIRISApiClient( 7548): 	at java.net.AbstractPlainSocketImpl.connect(AbstractPlainSocketImpl.java:178)
04-06 18:34:59.758 E/CIRISApiClient( 7548): 	at java.net.SocksSocketImpl.connect(SocksSocketImpl.java:356)
04-06 18:34:59.758 E/CIRISApiClient( 7548): 	at java.net.Socket.connect(Socket.java:605)
04-06 18:34:59.758 E/CIRISApiClient( 7548): 	at okhttp3.internal.platform.AndroidPlatform.connectSocket(AndroidPlatform.kt:63)
04-06 18:34:59.758 E/CIRISApiClient( 7548): 	at okhttp3.internal.connection.RealConnection.connectSocket(RealConnection.kt:295)
04-06 18:34:59.758 E/CIRISApiClient( 7548): 	... 18 more
04-06 18:34:59.807 W/python.stderr( 7548): stdlib/enum.py:289: DeprecationWarning: FUNCTIONS is deprecated and will be removed in future versions
04-06 18:35:00.068 D/CIRISApp( 7548): [INIT] CIRISApp composable invoked - googleSignInCallback=PRESENT (133976192)
04-06 18:35:00.070 I/InteractViewModel( 7548): [setDeviceAttestationCallback] Device attestation callback SET
04-06 18:35:01.883 I/python.stdout( 7548): INFO: ciris_engine.logic.utils.path_resolution: [path_resolution] CIRIS_HOME configured: /data/data/ai.ciris.mobile.debug/files/ciris (platform: Android, os: linux)
04-06 18:35:01.885 I/python.stdout( 7548): INFO: mobile_main: Android paths: CIRIS_HOME=/data/data/ai.ciris.mobile.debug/files/ciris, data=/data/data/ai.ciris.mobile.debug/files/ciris/data, logs=/data/data/ai.ciris.mobile.debug/files/ciris/logs
04-06 18:35:01.886 I/python.stdout( 7548): INFO: mobile_main: No .env file at /data/data/ai.ciris.mobile.debug/files/ciris/.env - is_first_run() will detect this
04-06 18:35:01.887 I/python.stdout( 7548): INFO: mobile_main: Verifying code integrity (parallel with imports)...
04-06 18:35:01.913 I/python.stdout( 7548): [7/8] Hashing ciris_engine...
04-06 18:35:01.923 D/MainActivity( 7548): Prep step 7/8: [7/8] Hashing ciris_engine...
04-06 18:35:02.574 D/CIRISApp( 7548): [INIT] CIRISApp composable invoked - googleSignInCallback=PRESENT (133976192)
04-06 18:35:02.578 I/InteractViewModel( 7548): [setDeviceAttestationCallback] Device attestation callback SET
04-06 18:35:03.039 I/python.stdout( 7548): [7/8] ciris_engine: 701 files hashed
04-06 18:35:03.039 I/python.stdout( 7548): [8/8] Hashing ciris_adapters...
04-06 18:35:03.046 D/MainActivity( 7548): Prep step 7/8: [7/8] ciris_engine: 701 files hashed
04-06 18:35:03.060 D/MainActivity( 7548): Prep step 8/8: [8/8] Hashing ciris_adapters...
04-06 18:35:04.800 E/CIRISApiClient( 7548): [getSystemStatus] Exception: ConnectException: Failed to connect to localhost/127.0.0.1:8080 | Context: url=http://localhost:8080
04-06 18:35:04.800 E/CIRISApiClient( 7548): java.net.ConnectException: Failed to connect to localhost/127.0.0.1:8080
04-06 18:35:04.800 E/CIRISApiClient( 7548): 	at okhttp3.internal.connection.RealConnection.connectSocket(RealConnection.kt:297)
04-06 18:35:04.800 E/CIRISApiClient( 7548): 	at okhttp3.internal.connection.RealConnection.connect(RealConnection.kt:207)
04-06 18:35:04.800 E/CIRISApiClient( 7548): 	at okhttp3.internal.connection.ExchangeFinder.findConnection(ExchangeFinder.kt:226)
04-06 18:35:04.800 E/CIRISApiClient( 7548): 	at okhttp3.internal.connection.ExchangeFinder.findHealthyConnection(ExchangeFinder.kt:106)
04-06 18:35:04.800 E/CIRISApiClient( 7548): 	at okhttp3.internal.connection.ExchangeFinder.find(ExchangeFinder.kt:74)
04-06 18:35:04.800 E/CIRISApiClient( 7548): 	at okhttp3.internal.connection.RealCall.initExchange$okhttp(RealCall.kt:255)
04-06 18:35:04.800 E/CIRISApiClient( 7548): 	at okhttp3.internal.connection.ConnectInterceptor.intercept(ConnectInterceptor.kt:32)
04-06 18:35:04.800 E/CIRISApiClient( 7548): 	at okhttp3.internal.http.RealInterceptorChain.proceed(RealInterceptorChain.kt:109)
04-06 18:35:04.800 E/CIRISApiClient( 7548): 	at okhttp3.internal.cache.CacheInterceptor.intercept(CacheInterceptor.kt:95)
04-06 18:35:04.800 E/CIRISApiClient( 7548): 	at okhttp3.internal.http.RealInterceptorChain.proceed(RealInterceptorChain.kt:109)
