04-06 18:32:09.978 E/CIRISApiClient( 6292): 	at java.net.AbstractPlainSocketImpl.doConnect(AbstractPlainSocketImpl.java:334)
04-06 18:32:09.978 E/CIRISApiClient( 6292): 	at java.net.AbstractPlainSocketImpl.connectToAddress(AbstractPlainSocketImpl.java:196)
04-06 18:32:09.978 E/CIRISApiClient( 6292): 	at java.net.AbstractPlainSocketImpl.connect(AbstractPlainSocketImpl.java:178)
04-06 18:32:09.978 E/CIRISApiClient( 6292): 	at java.net.SocksSocketImpl.connect(SocksSocketImpl.java:356)
04-06 18:32:09.978 E/CIRISApiClient( 6292): 	at java.net.Socket.connect(Socket.java:605)
04-06 18:32:09.978 E/CIRISApiClient( 6292): 	at okhttp3.internal.platform.AndroidPlatform.connectSocket(AndroidPlatform.kt:63)
04-06 18:32:09.978 E/CIRISApiClient( 6292): 	at okhttp3.internal.connection.RealConnection.connectSocket(RealConnection.kt:295)
04-06 18:32:09.978 E/CIRISApiClient( 6292): 	... 18 more
04-06 18:32:10.026 I/python.stdout( 6292): [STARTUP] Registering API routes...
04-06 18:32:10.062 D/CIRISApp( 6292): [INIT] CIRISApp composable invoked - googleSignInCallback=PRESENT (175147990)
04-06 18:32:10.063 I/InteractViewModel( 6292): [setDeviceAttestationCallback] Device attestation callback SET
04-06 18:32:12.565 D/CIRISApp( 6292): [INIT] CIRISApp composable invoked - googleSignInCallback=PRESENT (175147990)
04-06 18:32:12.566 I/InteractViewModel( 6292): [setDeviceAttestationCallback] Device attestation callback SET
04-06 18:32:15.028 E/CIRISApiClient( 6292): [getSystemStatus] Exception: ConnectException: Failed to connect to localhost/127.0.0.1:8080 | Context: url=http://localhost:8080
04-06 18:32:15.028 E/CIRISApiClient( 6292): java.net.ConnectException: Failed to connect to localhost/127.0.0.1:8080
04-06 18:32:15.028 E/CIRISApiClient( 6292): 	at okhttp3.internal.connection.RealConnection.connectSocket(RealConnection.kt:297)
04-06 18:32:15.028 E/CIRISApiClient( 6292): 	at okhttp3.internal.connection.RealConnection.connect(RealConnection.kt:207)
04-06 18:32:15.028 E/CIRISApiClient( 6292): 	at okhttp3.internal.connection.ExchangeFinder.findConnection(ExchangeFinder.kt:226)
04-06 18:32:15.028 E/CIRISApiClient( 6292): 	at okhttp3.internal.connection.ExchangeFinder.findHealthyConnection(ExchangeFinder.kt:106)
04-06 18:32:15.028 E/CIRISApiClient( 6292): 	at okhttp3.internal.connection.ExchangeFinder.find(ExchangeFinder.kt:74)
04-06 18:32:15.028 E/CIRISApiClient( 6292): 	at okhttp3.internal.connection.RealCall.initExchange$okhttp(RealCall.kt:255)
04-06 18:32:15.028 E/CIRISApiClient( 6292): 	at okhttp3.internal.connection.ConnectInterceptor.intercept(ConnectInterceptor.kt:32)
04-06 18:32:15.028 E/CIRISApiClient( 6292): 	at okhttp3.internal.http.RealInterceptorChain.proceed(RealInterceptorChain.kt:109)
04-06 18:32:15.028 E/CIRISApiClient( 6292): 	at okhttp3.internal.cache.CacheInterceptor.intercept(CacheInterceptor.kt:95)
04-06 18:32:15.028 E/CIRISApiClient( 6292): 	at okhttp3.internal.http.RealInterceptorChain.proceed(RealInterceptorChain.kt:109)
04-06 18:32:15.028 E/CIRISApiClient( 6292): 	at okhttp3.internal.http.BridgeInterceptor.intercept(BridgeInterceptor.kt:83)
04-06 18:32:15.028 E/CIRISApiClient( 6292): 	at okhttp3.internal.http.RealInterceptorChain.proceed(RealInterceptorChain.kt:109)
04-06 18:32:15.028 E/CIRISApiClient( 6292): 	at okhttp3.internal.http.RetryAndFollowUpInterceptor.intercept(RetryAndFollowUpInterceptor.kt:76)
04-06 18:32:15.028 E/CIRISApiClient( 6292): 	at okhttp3.internal.http.RealInterceptorChain.proceed(RealInterceptorChain.kt:109)
04-06 18:32:15.028 E/CIRISApiClient( 6292): 	at okhttp3.internal.connection.RealCall.getResponseWithInterceptorChain$okhttp(RealCall.kt:201)
04-06 18:32:15.028 E/CIRISApiClient( 6292): 	at okhttp3.internal.connection.RealCall$AsyncCall.run(RealCall.kt:517)
04-06 18:32:15.028 E/CIRISApiClient( 6292): 	at java.util.concurrent.ThreadPoolExecutor.runWorker(ThreadPoolExecutor.java:1133)
04-06 18:32:15.028 E/CIRISApiClient( 6292): 	at java.util.concurrent.ThreadPoolExecutor$Worker.run(ThreadPoolExecutor.java:607)
04-06 18:32:15.028 E/CIRISApiClient( 6292): 	at java.lang.Thread.run(Thread.java:762)
04-06 18:32:15.028 E/CIRISApiClient( 6292): Caused by: java.net.ConnectException: Connection refused
04-06 18:32:15.028 E/CIRISApiClient( 6292): 	at java.net.PlainSocketImpl.socketConnect(Native Method)
04-06 18:32:15.028 E/CIRISApiClient( 6292): 	at java.net.AbstractPlainSocketImpl.doConnect(AbstractPlainSocketImpl.java:334)
04-06 18:32:15.028 E/CIRISApiClient( 6292): 	at java.net.AbstractPlainSocketImpl.connectToAddress(AbstractPlainSocketImpl.java:196)
04-06 18:32:15.028 E/CIRISApiClient( 6292): 	at java.net.AbstractPlainSocketImpl.connect(AbstractPlainSocketImpl.java:178)
04-06 18:32:15.028 E/CIRISApiClient( 6292): 	at java.net.SocksSocketImpl.connect(SocksSocketImpl.java:356)
04-06 18:32:15.028 E/CIRISApiClient( 6292): 	at java.net.Socket.connect(Socket.java:605)
04-06 18:32:15.028 E/CIRISApiClient( 6292): 	at okhttp3.internal.platform.AndroidPlatform.connectSocket(AndroidPlatform.kt:63)
04-06 18:32:15.028 E/CIRISApiClient( 6292): 	at okhttp3.internal.connection.RealConnection.connectSocket(RealConnection.kt:295)
04-06 18:32:15.028 E/CIRISApiClient( 6292): 	... 18 more
04-06 18:32:15.068 D/CIRISApp( 6292): [INIT] CIRISApp composable invoked - googleSignInCallback=PRESENT (175147990)
04-06 18:32:15.070 I/InteractViewModel( 6292): [setDeviceAttestationCallback] Device attestation callback SET
04-06 18:32:15.569 I/python.stdout( 6292): [STARTUP] Routes registered successfully
04-06 18:32:15.582 I/python.stdout( 6292): ℹ️  API-only mode - use CIRIS Desktop app to connect
04-06 18:32:15.583 I/python.stdout( 6292): [STARTUP] API application ready
04-06 18:32:15.583 I/python.stdout( 6292): INFO: ciris_engine.logic.adapters.base: Initializing service: APIRuntimeControlService
04-06 18:32:15.584 I/python.stdout( 6292): INFO: ciris_engine.logic.adapters.api.adapter: API adapter initialized - host: 0.0.0.0, port: 8080
04-06 18:32:15.585 I/python.stdout( 6292): INFO: ciris_engine.logic.runtime.bootstrap_helpers: Successfully loaded adapter: api
04-06 18:32:15.586 I/python.stdout( 6292): INFO: mobile_main: Initializing CIRIS services...
04-06 18:32:15.586 I/python.stdout( 6292): INFO: ciris_engine.logic.runtime.ciris_runtime: Initializing CIRIS Runtime...
04-06 18:32:15.591 I/python.stdout( 6292): INFO: ciris_engine.logic.runtime.ciris_runtime: Development environment - setting up directories...
04-06 18:32:15.610 I/python.stdout( 6292): ✓ Database exclusive access confirmed: /data/data/ai.ciris.mobile.debug/files/ciris/data/ciris_engine.db
04-06 18:32:15.615 I/python.stdout( 6292): ✓ All directories and critical files successfully configured
04-06 18:32:15.616 I/python.stdout( 6292): INFO: ciris_engine.logic.runtime.ciris_runtime: [initialize] Initializing infrastructure services...
04-06 18:32:15.617 I/python.stdout( 6292): INFO: ciris_engine.logic.setup.first_run: Checking first-run status...
04-06 18:32:15.618 I/python.stdout( 6292): INFO: ciris_engine.logic.setup.first_run: Running in INSTALLED mode (git repo: False)
04-06 18:32:15.619 I/python.stdout( 6292): INFO: ciris_engine.logic.setup.first_run: CIRIS_FORCE_FIRST_RUN env var: None
04-06 18:32:15.622 I/python.stdout( 6292): INFO: ciris_engine.logic.setup.first_run: Android mode: checking /data/data/ai.ciris.mobile.debug/files/ciris/.env
04-06 18:32:15.623 I/python.stdout( 6292): INFO: ciris_engine.logic.setup.first_run: Checking config paths: ['/data/data/ai.ciris.mobile.debug/files/ciris/.env']
04-06 18:32:15.624 I/python.stdout( 6292): INFO: ciris_engine.logic.setup.first_run: No valid config files found - IS first run
04-06 18:32:15.625 I/python.stdout( 6292): WARNING: ciris_engine.logic.runtime.startup_logging: [SERVICES] === FIRST-RUN PHASE ===
04-06 18:32:15.625 I/python.stdout( 6292): [SERVICES] === FIRST-RUN PHASE ===
04-06 18:32:15.626 I/python.stdout( 6292): INFO: ciris_engine.services.TimeService: TimeService started successfully
04-06 18:32:15.627 I/python.stdout( 6292): WARNING: ciris_engine.logic.runtime.startup_logging: [FIRST-RUN] [SERVICE 1/22] TimeService STARTED
04-06 18:32:15.627 I/python.stdout( 6292): [FIRST-RUN] [SERVICE 1/22] TimeService STARTED
04-06 18:32:15.628 I/python.stdout( 6292): INFO: ciris_engine.services.ShutdownService: ShutdownService started successfully
04-06 18:32:15.628 I/python.stdout( 6292): WARNING: ciris_engine.logic.runtime.startup_logging: [FIRST-RUN] [SERVICE 2/22] ShutdownService STARTED
04-06 18:32:15.629 I/python.stdout( 6292): [FIRST-RUN] [SERVICE 2/22] ShutdownService STARTED
04-06 18:32:15.630 I/python.stdout( 6292): INFO: ciris_engine.services.InitializationService: InitializationService started successfully
04-06 18:32:15.630 I/python.stdout( 6292): WARNING: ciris_engine.logic.runtime.startup_logging: [FIRST-RUN] [SERVICE 3/22] InitializationService STARTED
04-06 18:32:15.630 I/python.stdout( 6292): [FIRST-RUN] [SERVICE 3/22] InitializationService STARTED
04-06 18:32:15.652 D/CIRISApp( 6292): [INIT] CIRISApp composable invoked - googleSignInCallback=PRESENT (175147990)
04-06 18:32:15.653 D/MainActivity( 6292): Service 1 started (1/22)
04-06 18:32:15.654 I/InteractViewModel( 6292): [setDeviceAttestationCallback] Device attestation callback SET
04-06 18:32:15.661 D/MainActivity( 6292): Service 1 started (1/22)
04-06 18:32:15.671 D/MainActivity( 6292): Service 2 started (2/22)
04-06 18:32:15.676 D/MainActivity( 6292): Service 2 started (2/22)
04-06 18:32:15.676 I/python.stdout( 6292): INFO: ciris_engine.logic.runtime.service_initializer: Android not using CIRIS proxy - no billing required
04-06 18:32:15.683 D/MainActivity( 6292): Service 3 started (3/22)
04-06 18:32:15.688 D/MainActivity( 6292): Service 3 started (3/22)
04-06 18:32:15.707 I/python.stdout( 6292): INFO: ciris_engine.services.ResourceMonitorService: ResourceMonitorService: Started scheduled task with interval 1.0s
04-06 18:32:15.707 I/python.stdout( 6292): INFO: ciris_engine.services.ResourceMonitorService: ResourceMonitorService started successfully
04-06 18:32:15.708 I/python.stdout( 6292): WARNING: ciris_engine.logic.runtime.startup_logging: [FIRST-RUN] [SERVICE 4/22] ResourceMonitor STARTED
04-06 18:32:15.708 I/python.stdout( 6292): [FIRST-RUN] [SERVICE 4/22] ResourceMonitor STARTED
04-06 18:32:15.709 I/python.stdout( 6292): INFO: ciris_engine.logic.runtime.ciris_runtime: [initialize] Infrastructure services initialized
04-06 18:32:15.709 I/python.stdout( 6292): INFO: ciris_engine.logic.runtime.ciris_runtime: [initialize] Got initialization service: <ciris_engine.logic.services.lifecycle.initialization.service.InitializationService object at 0xb39c16e8>
04-06 18:32:15.710 I/python.stdout( 6292): INFO: ciris_engine.logic.runtime.ciris_runtime: [initialize] Registering initialization steps...
04-06 18:32:15.711 I/python.stdout( 6292): INFO: ciris_engine.logic.runtime.ciris_runtime: [initialize] Steps registered
04-06 18:32:15.712 I/python.stdout( 6292): INFO: ciris_engine.logic.runtime.ciris_runtime: [initialize] Running initialization sequence...
04-06 18:32:15.713 I/python.stdout( 6292): INFO: ciris_engine.logic.services.lifecycle.initialization.service: ============================================================
04-06 18:32:15.713 I/python.stdout( 6292): INFO: ciris_engine.logic.services.lifecycle.initialization.service: CIRIS Agent Initialization Sequence Starting
04-06 18:32:15.714 I/python.stdout( 6292): INFO: ciris_engine.logic.services.lifecycle.initialization.service: ============================================================
04-06 18:32:15.714 I/python.stdout( 6292): INFO: ciris_engine.logic.services.lifecycle.initialization.service: [InitializationService] Registered 13 steps across 8 phases
04-06 18:32:15.715 I/python.stdout( 6292): INFO: ciris_engine.logic.services.lifecycle.initialization.service: [InitializationService] Executing phase infrastructure with 1 steps
04-06 18:32:15.715 D/MainActivity( 6292): Service 4 started (4/22)
04-06 18:32:15.715 I/python.stdout( 6292): INFO: ciris_engine.logic.services.lifecycle.initialization.service: ------------------------------------------------------------
04-06 18:32:15.716 I/python.stdout( 6292): INFO: ciris_engine.logic.services.lifecycle.initialization.service: Phase: INFRASTRUCTURE
04-06 18:32:15.716 I/python.stdout( 6292): INFO: ciris_engine.logic.services.lifecycle.initialization.service: ------------------------------------------------------------
04-06 18:32:15.717 I/python.stdout( 6292): INFO: ciris_engine.logic.services.lifecycle.initialization.service: → Initialize Infrastructure Services...
04-06 18:32:15.722 D/MainActivity( 6292): Service 4 started (4/22)
04-06 18:32:15.804 I/python.stdout( 6292): 
04-06 18:32:15.804 I/python.stdout( 6292): ================================================================================
04-06 18:32:15.804 I/python.stdout( 6292): 🔍 LOGGING INITIALIZED - SEE DETAILED LOGS AT: /data/data/ai.ciris.mobile.debug/files/ciris/logs/ciris_agent_20260406_233215.log
04-06 18:32:15.804 I/python.stdout( 6292): 🔗 Symlinked to: /data/data/ai.ciris.mobile.debug/files/ciris/logs/latest.log
04-06 18:32:15.804 I/python.stdout( 6292): ⚠️  Incident capture: /data/data/ai.ciris.mobile.debug/files/ciris/logs/incidents_latest.log (WARNING/ERROR messages captured as incidents)
04-06 18:32:15.804 I/python.stdout( 6292): ================================================================================
04-06 18:32:15.804 I/python.stdout( 6292): 
04-06 18:32:15.903 I/python.stdout( 6292): [FIRST-RUN] [SERVICE 5/22] SecretsService STARTED
04-06 18:32:15.914 D/MainActivity( 6292): Service 5 started (5/22)
04-06 18:32:15.914 I/python.stdout( 6292): [FIRST-RUN] [SERVICE 22/22] SecretsToolService STARTED
04-06 18:32:15.926 D/MainActivity( 6292): Service 22 started (6/22)
04-06 18:32:15.951 I/python.stdout( 6292): [FIRST-RUN] [SERVICE 6/22] MemoryService STARTED
04-06 18:32:15.954 I/python.stdout( 6292): [FIRST-RUN] [SERVICE 7/22] ConfigService STARTED
04-06 18:32:15.960 D/MainActivity( 6292): Service 6 started (7/22)
04-06 18:32:15.970 D/MainActivity( 6292): Service 7 started (8/22)
04-06 18:32:18.222 D/CIRISApp( 6292): [INIT] CIRISApp composable invoked - googleSignInCallback=PRESENT (175147990)
04-06 18:32:18.223 I/InteractViewModel( 6292): [setDeviceAttestationCallback] Device attestation callback SET
04-06 18:32:18.573 D/EnvFileUpdater( 6292): Found CIRIS_HOME from env: /data/user/0/ai.ciris.mobile.debug/files/ciris
04-06 18:32:19.836 I/python.stdout( 6292): [FIRST-RUN] [SERVICE 15/22] AuthenticationService STARTED
04-06 18:32:19.848 D/MainActivity( 6292): Service 15 started (9/22)
04-06 18:32:19.857 I/python.stdout( 6292): [FIRST-RUN] [SERVICE 13/22] WiseAuthority STARTED
04-06 18:32:19.864 I/python.stdout( 6292): [FIRST-RUN] ✓ 10/10 minimal services started - ready for setup wizard
04-06 18:32:19.868 D/MainActivity( 6292): Service 13 started (10/22)
04-06 18:32:20.073 E/CIRISApiClient( 6292): [getSystemStatus] Exception: ConnectException: Failed to connect to localhost/127.0.0.1:8080 | Context: url=http://localhost:8080
04-06 18:32:20.073 E/CIRISApiClient( 6292): java.net.ConnectException: Failed to connect to localhost/127.0.0.1:8080
04-06 18:32:20.073 E/CIRISApiClient( 6292): 	at okhttp3.internal.connection.RealConnection.connectSocket(RealConnection.kt:297)
04-06 18:32:20.073 E/CIRISApiClient( 6292): 	at okhttp3.internal.connection.RealConnection.connect(RealConnection.kt:207)
04-06 18:32:20.073 E/CIRISApiClient( 6292): 	at okhttp3.internal.connection.ExchangeFinder.findConnection(ExchangeFinder.kt:226)
04-06 18:32:20.073 E/CIRISApiClient( 6292): 	at okhttp3.internal.connection.ExchangeFinder.findHealthyConnection(ExchangeFinder.kt:106)
04-06 18:32:20.073 E/CIRISApiClient( 6292): 	at okhttp3.internal.connection.ExchangeFinder.find(ExchangeFinder.kt:74)
04-06 18:32:20.073 E/CIRISApiClient( 6292): 	at okhttp3.internal.connection.RealCall.initExchange$okhttp(RealCall.kt:255)
04-06 18:32:20.073 E/CIRISApiClient( 6292): 	at okhttp3.internal.connection.ConnectInterceptor.intercept(ConnectInterceptor.kt:32)
04-06 18:32:20.073 E/CIRISApiClient( 6292): 	at okhttp3.internal.http.RealInterceptorChain.proceed(RealInterceptorChain.kt:109)
04-06 18:32:20.073 E/CIRISApiClient( 6292): 	at okhttp3.internal.cache.CacheInterceptor.intercept(CacheInterceptor.kt:95)
04-06 18:32:20.073 E/CIRISApiClient( 6292): 	at okhttp3.internal.http.RealInterceptorChain.proceed(RealInterceptorChain.kt:109)
04-06 18:32:20.073 E/CIRISApiClient( 6292): 	at okhttp3.internal.http.BridgeInterceptor.intercept(BridgeInterceptor.kt:83)
04-06 18:32:20.073 E/CIRISApiClient( 6292): 	at okhttp3.internal.http.RealInterceptorChain.proceed(RealInterceptorChain.kt:109)
04-06 18:32:20.073 E/CIRISApiClient( 6292): 	at okhttp3.internal.http.RetryAndFollowUpInterceptor.intercept(RetryAndFollowUpInterceptor.kt:76)
04-06 18:32:20.073 E/CIRISApiClient( 6292): 	at okhttp3.internal.http.RealInterceptorChain.proceed(RealInterceptorChain.kt:109)
04-06 18:32:20.073 E/CIRISApiClient( 6292): 	at okhttp3.internal.connection.RealCall.getResponseWithInterceptorChain$okhttp(RealCall.kt:201)
04-06 18:32:20.073 E/CIRISApiClient( 6292): 	at okhttp3.internal.connection.RealCall$AsyncCall.run(RealCall.kt:517)
04-06 18:32:20.073 E/CIRISApiClient( 6292): 	at java.util.concurrent.ThreadPoolExecutor.runWorker(ThreadPoolExecutor.java:1133)
04-06 18:32:20.073 E/CIRISApiClient( 6292): 	at java.util.concurrent.ThreadPoolExecutor$Worker.run(ThreadPoolExecutor.java:607)
04-06 18:32:20.073 E/CIRISApiClient( 6292): 	at java.lang.Thread.run(Thread.java:762)
04-06 18:32:20.073 E/CIRISApiClient( 6292): Caused by: java.net.ConnectException: Connection refused
04-06 18:32:20.073 E/CIRISApiClient( 6292): 	at java.net.PlainSocketImpl.socketConnect(Native Method)
04-06 18:32:20.073 E/CIRISApiClient( 6292): 	at java.net.AbstractPlainSocketImpl.doConnect(AbstractPlainSocketImpl.java:334)
04-06 18:32:20.073 E/CIRISApiClient( 6292): 	at java.net.AbstractPlainSocketImpl.connectToAddress(AbstractPlainSocketImpl.java:196)
04-06 18:32:20.073 E/CIRISApiClient( 6292): 	at java.net.AbstractPlainSocketImpl.connect(AbstractPlainSocketImpl.java:178)
04-06 18:32:20.073 E/CIRISApiClient( 6292): 	at java.net.SocksSocketImpl.connect(SocksSocketImpl.java:356)
04-06 18:32:20.073 E/CIRISApiClient( 6292): 	at java.net.Socket.connect(Socket.java:605)
04-06 18:32:20.073 E/CIRISApiClient( 6292): 	at okhttp3.internal.platform.AndroidPlatform.connectSocket(AndroidPlatform.kt:63)
04-06 18:32:20.073 E/CIRISApiClient( 6292): 	at okhttp3.internal.connection.RealConnection.connectSocket(RealConnection.kt:295)
04-06 18:32:20.073 E/CIRISApiClient( 6292): 	... 18 more
04-06 18:32:20.717 I/InteractViewModel( 6292): [observeLanguageChanges] Updating pipeline labels for language: en (explicit=false)
04-06 18:32:20.726 D/CIRISApp( 6292): [INIT] CIRISApp composable invoked - googleSignInCallback=PRESENT (175147990)
04-06 18:32:20.728 I/InteractViewModel( 6292): [setDeviceAttestationCallback] Device attestation callback SET
04-06 18:32:20.982 W/python.stderr( 6292): /data/data/ai.ciris.mobile.debug/files/chaquopy/AssetFinder/requirements/pydantic/_internal/_config.py:291: PydanticDeprecatedSince20: Support for class-based `config` is deprecated, use ConfigDict instead. Deprecated in Pydantic V2.0 to be removed in V3.0. See Pydantic V2 Migration Guide at https://errors.pydantic.dev/2.9/migration/
04-06 18:32:23.189 I/python.stdout( 6292): [STARTUP] Checking port 8080 availability...
04-06 18:32:23.190 I/python.stdout( 6292): [STARTUP] Binding to port 8080...
04-06 18:32:23.208 I/python.stdout( 6292): 
04-06 18:32:23.208 I/python.stdout( 6292): ============================================================
04-06 18:32:23.208 I/python.stdout( 6292):   CIRIS Setup Required
04-06 18:32:23.209 I/python.stdout( 6292): ============================================================
04-06 18:32:23.209 I/python.stdout( 6292): 
04-06 18:32:23.209 I/python.stdout( 6292):   Open your browser to complete setup:
04-06 18:32:23.209 I/python.stdout( 6292): 
04-06 18:32:23.209 I/python.stdout( 6292):     http://0.0.0.0:8080
04-06 18:32:23.209 I/python.stdout( 6292): 
04-06 18:32:23.209 I/python.stdout( 6292): ============================================================
04-06 18:32:23.209 I/python.stdout( 6292): 
04-06 18:32:23.209 I/python.stdout( 6292): [STARTUP] Starting server...
04-06 18:32:23.233 D/CIRISApp( 6292): [INIT] CIRISApp composable invoked - googleSignInCallback=PRESENT (175147990)
04-06 18:32:23.236 I/InteractViewModel( 6292): [setDeviceAttestationCallback] Device attestation callback SET
04-06 18:32:23.260 I/python.stdout( 6292): Starting CIRIS API...
04-06 18:32:24.214 I/python.stdout( 6292): [STARTUP] API server listening on port 8080
04-06 18:32:24.214 I/python.stdout( 6292): [STARTUP] Server ready for connections
04-06 18:32:25.748 D/CIRISApp( 6292): [INIT] CIRISApp composable invoked - googleSignInCallback=PRESENT (175147990)
04-06 18:32:25.750 I/InteractViewModel( 6292): [setDeviceAttestationCallback] Device attestation callback SET
04-06 18:32:28.253 D/CIRISApp( 6292): [INIT] CIRISApp composable invoked - googleSignInCallback=PRESENT (175147990)
04-06 18:32:28.256 I/InteractViewModel( 6292): [setDeviceAttestationCallback] Device attestation callback SET
04-06 18:32:28.576 D/EnvFileUpdater( 6292): Found CIRIS_HOME from env: /data/user/0/ai.ciris.mobile.debug/files/ciris
04-06 18:32:29.720 D/CIRISApp( 6292): [INIT] CIRISApp composable invoked - googleSignInCallback=PRESENT (175147990)
04-06 18:32:29.722 I/InteractViewModel( 6292): [setDeviceAttestationCallback] Device attestation callback SET
04-06 18:32:29.773 D/CIRISApp( 6292): [INFO] Startup READY, checking first-run status...
04-06 18:32:29.825 I/CIRISApiClient( 6292): [init] CIRISApiClient initialized with baseUrl=http://localhost:8080
04-06 18:32:29.854 I/InteractViewModel( 6292): [observeLanguageChanges] Updating pipeline labels for language: en (explicit=false)
04-06 18:32:29.859 D/CIRISApp( 6292): [INIT] CIRISApp composable invoked - googleSignInCallback=PRESENT (175147990)
04-06 18:32:29.861 I/InteractViewModel( 6292): [setDeviceAttestationCallback] Device attestation callback SET
04-06 18:32:29.930 I/CIRISApiClient( 6292): [getSetupStatus] Setup status: required=true, firstRun=true, configExists=false
04-06 18:32:29.934 D/CIRISApp( 6292): [INFO] First run check result: true
04-06 18:32:29.935 D/CIRISApp( 6292): [INFO] First run detected, navigating to Login
04-06 18:32:29.936 D/CIRISApp( 6292): [INIT] CIRISApp composable invoked - googleSignInCallback=PRESENT (175147990)
04-06 18:32:29.937 I/InteractViewModel( 6292): [setDeviceAttestationCallback] Device attestation callback SET
04-06 18:32:29.944 D/CIRISApp( 6292): [DEBUG][Screen.Login] Rendering login screen, googleSignInCallback=PRESENT, isFirstRun=true
04-06 18:32:33.436 D/CIRISApp( 6292): [INFO][onGoogleSignIn] Button click handler invoked, googleSignInCallback=PRESENT
04-06 18:32:33.436 D/CIRISApp( 6292): [INFO][onGoogleSignIn] Callback is not null, calling onGoogleSignInRequested...
04-06 18:32:33.437 I/MainActivity( 6292): Google Sign-In requested from CIRISApp (interactive)
04-06 18:32:33.492 D/CIRISApp( 6292): [DEBUG][Screen.Login] Rendering login screen, googleSignInCallback=PRESENT, isFirstRun=true
04-06 18:32:35.823 I/MainActivity( 6292): Google Sign-In successful: ciristest1@gmail.com
04-06 18:32:35.824 D/CIRISApp( 6292): [INFO][onGoogleSignIn] Got result from native sign-in: Success
04-06 18:32:35.825 D/CIRISApp( 6292): [DEBUG][onGoogleSignIn] Processing result: Success(idToken=eyJhbGciOiJSUzI1NiIsImtpZCI6ImNjZTRlMDI0YTUxYWEwYzFjNDFjMWE0NTE1YTQxZGQ3ZTk2MTkzNmIiLCJ0eXAiOiJKV1QifQ.eyJpc3MiOiJodHRwczovL2FjY291bnRzLmdvb2dsZS5jb20iLCJhenAiOiIyNjU4ODI4NTM2OTctOGM1M20zaG4yZDcwczdvcWxtMmgxNjdmN2hyZDFhdTYuYXBwcy5nb29nbGV1c2VyY29udGVudC5jb20iLCJhdWQiOiIyNjU4ODI4NTM2OTctbDQyMW5kb2pjczVubTdsa2xuNTNqajI5a2Y3a2NrOTEuYXBwcy5nb29nbGV1c2VyY29udGVudC5jb20iLCJzdWIiOiIxMDI3NzM3NDkwMzM2ODE2NzEwODMiLCJlbWFpbCI6ImNpcmlzdGVzdDFAZ21haWwuY29tIiwiZW1haWxfdmVyaWZpZWQiOnRydWUsIm5hbWUiOiJDSVJJUyBURVNUIiwicGljdHVyZSI6Imh0dHBzOi8vbGgzLmdvb2dsZXVzZXJjb250ZW50LmNvbS9hL0FDZzhvY0t3ZzEwUXB2U1oxWDl2YWZ3eW5kSW51X0RlOGpTdXNqcExZanA0RFdOT253RFBVUT1zOTYtYyIsImdpdmVuX25hbWUiOiJDSVJJUyIsImZhbWlseV9uYW1lIjoiVEVTVCIsImlhdCI6MTc3NTUxNDkyOCwiZXhwIjoxNzc1NTE4NTI4fQ.iegOEwOrt24L-exL9uuzn7zi7Ey0c7hh221E2uaEdj2XDwd7HD_UYxX37adlPXtqi6HKKhyKhDYA458RZIt74KWP_KOZSy-MEj6f-NrwQQsXLRiTQX3I4_OWAWvf1vlg5vk-4jVDxY9rc6ztLY350HFLhSdPy_oOKqiMSa7uGz_gC7-BZQvvij0XdeANDiiSVkMCyKDQYlmBWrZLZFYdp2XuCEXULE1cnBSR4bflvXt3tjSNVloAiNOttLjALs98-FKJd2qlFYt8RL4jvOgApmO10aEPqdYGAP9WZimengEeRBS15gmSTeTHv3zWBfFXRkPPiqFyTUlFqhgUoz28IQ, userId=102773749033681671083, email=ciristest1@gmail.com, displayName=CIRIS TEST, provider=google)
04-06 18:32:35.825 D/CIRISApp( 6292): [INFO] Sign-in success: userId=102773749033681671083, email=ciristest1@gmail.com
04-06 18:32:35.829 D/CIRISApp( 6292): [INFO] Checking setup status at http://localhost:8080...
04-06 18:32:35.869 I/CIRISApiClient( 6292): [init] CIRISApiClient initialized with baseUrl=http://localhost:8080
04-06 18:32:35.880 D/CIRISApp( 6292): [DEBUG][Screen.Login] Rendering login screen, googleSignInCallback=PRESENT, isFirstRun=true
04-06 18:32:35.999 I/CIRISApiClient( 6292): [getSetupStatus] Setup status: required=true, firstRun=true, configExists=false
04-06 18:32:36.001 D/CIRISApp( 6292): [INFO] Setup required check result: true
04-06 18:32:36.001 D/CIRISApp( 6292): [INFO] Setup required - storing tokens and navigating to Setup wizard (provider=google)
04-06 18:32:36.001 I/TokenManager( 6292): [setCurrentProvider] Provider set to: google
04-06 18:32:36.003 D/CIRISApp( 6292): [INFO] Navigating to Screen.Setup
04-06 18:32:36.005 D/CIRISApp( 6292): [INIT] CIRISApp composable invoked - googleSignInCallback=PRESENT (175147990)
04-06 18:32:36.006 I/InteractViewModel( 6292): [setDeviceAttestationCallback] Device attestation callback SET
04-06 18:32:36.011 D/CIRISApp( 6292): [DEBUG][Screen.Setup] Rendering setup screen
04-06 18:32:38.453 I/CIRISApiClient( 6292): [connectToNode] Initiating device auth for node: https://portal.ciris.ai
04-06 18:32:38.604 D/EnvFileUpdater( 6292): Found CIRIS_HOME from env: /data/user/0/ai.ciris.mobile.debug/files/ciris
04-06 18:32:40.288 I/chromium(30649): [INFO:tin_six_tab_helper.cc(147)] OnTabAdded
04-06 18:32:40.289 I/chromium(30649): [INFO:tin_six_tab_helper.cc(736)] InsertWebContentsAt 0,6 :0xc1184000
04-06 18:32:40.346 I/chromium(30649): [INFO:tin_six_tab_helper.cc(84)] OnCurrentTabChanged 0,6
04-06 18:32:40.346 I/chromium(30649): [INFO:tin_six_tab_helper.cc(640)] ForceActivateTabAt 0,6
04-06 18:32:40.403 I/chromium(30649): [INFO:render_widget_host_impl.cc(843)] SBRTOUCHLOG  RenderWidgetHostImpl::WasShown
04-06 18:32:40.405 W/chromium(30649): [WARNING:window_android.cc(109)] TAB-STATUS observer added
04-06 18:32:40.406 W/chromium(30649): [WARNING:render_widget_host_view_android.cc(1906)] TAB-STATUS it is still showing
04-06 18:32:40.406 W/chromium(30649): [WARNING:window_android.cc(123)] TAB-STATUS observer removed
04-06 18:32:40.406 W/chromium(30649): [WARNING:window_android.cc(109)] TAB-STATUS observer added
04-06 18:32:40.407 I/chromium(30649): [INFO:tin_six_tab_helper.cc(621)] ActivateTabAt 0,6
04-06 18:32:40.618 I/chromium(30649): [INFO:tin_six_tab_helper.cc(84)] OnCurrentTabChanged 0,6
04-06 18:32:40.618 I/chromium(30649): [INFO:tin_six_tab_helper.cc(640)] ForceActivateTabAt 0,6
04-06 18:32:40.655 I/chromium(30649): [INFO:layer_tree_host_impl.cc(198)] SBRTOUCHLOG DidVisibilityChange = 1
04-06 18:32:40.690 I/chromium(30649): [INFO:browser_gpu_channel_host_factory.cc(359)] EstablishGpuChannel gpu_channel IsLost(),destroying channel
04-06 18:32:40.690 I/chromium(30649): [INFO:browser_gpu_channel_host_factory.cc(364)] EstablishGpuChannel: establishing gpu_channel
04-06 18:32:40.705 I/chromium(30649): [INFO:ui_resource_layer_manager.cc(290)] CC-HideUrlbar: EnableUIResourceLayer LayerType: 0 Drawable true
04-06 18:32:40.707 I/chromium(30649): [INFO:ui_resource_layer_manager.cc(290)] CC-HideUrlbar: EnableUIResourceLayer LayerType: 1 Drawable true
04-06 18:32:40.744 I/chromium(30649): [INFO:tin_six_tab_helper.cc(84)] OnCurrentTabChanged 0,6
04-06 18:32:40.744 I/chromium(30649): [INFO:tin_six_tab_helper.cc(640)] ForceActivateTabAt 0,6
04-06 18:32:40.746 I/chromium(30649): [INFO:tin_six_tab_helper.cc(84)] OnCurrentTabChanged 0,6
04-06 18:32:40.746 I/chromium(30649): [INFO:tin_six_tab_helper.cc(640)] ForceActivateTabAt 0,6
04-06 18:32:40.775 I/chromium( 6969): [INFO:dispatcher.cc(1571)] CreateBindingsSystem
04-06 18:32:40.783 W/chromium(30649): [WARNING:gpu_process_host.cc(996)] Reinitialized the GPU process after a crash. The reported initialization time was 98 ms
04-06 18:32:40.862 I/chromium( 6969): [INFO:layer_tree_host_impl.cc(198)] SBRTOUCHLOG DidVisibilityChange = 0
04-06 18:32:40.863 I/chromium( 6969): [INFO:layer_tree_host_impl.cc(4001)] SBRTOUCHLOG SetDeferCommitFlagForDebug = 1
04-06 18:32:40.865 I/chromium(30649): [INFO:tin_six_tab_helper.cc(621)] ActivateTabAt 0,6
04-06 18:32:40.889 I/chromium( 6969): [INFO:tin_anti_tracking_renderer_url_loader_throttle_helper.cc(31)] [IAT] set delegate th 0x56a8c150 td 0x56862da0
04-06 18:32:40.889 I/chromium( 6969): [INFO:tin_smart_protect_renderer.cc(16)] TinSmartProtectRenderer
04-06 18:32:40.891 I/chromium( 6969): [INFO:tin_smart_protect_renderer.cc(33)] BindPendingReceiver bound=1
04-06 18:32:40.892 I/chromium( 6969): [INFO:layer_tree_host_impl.cc(198)] SBRTOUCHLOG DidVisibilityChange = 1
04-06 18:32:40.911 I/chromium( 6969): [INFO:render_frame_impl.cc(3805)] LoaderLog didCommitProvisionalLoad
04-06 18:32:40.925 I/chromium(30649): [INFO:tin_auto_https_upgrade_monitor.cc(27)] AutoHTTPSUpgrade  FallbackList  size = 0
04-06 18:32:40.957 I/chromium( 6969): [INFO:memory_cache.cc(126)] MemoryCache MemberMemoryCache is disabled
04-06 18:32:41.185 I/chromium( 6969): [INFO:progress_tracker.cc(112)] LoaderLog  FinishedParsing
04-06 18:32:41.187 I/chromium( 6969): [INFO:layer_tree_host_impl.cc(4001)] SBRTOUCHLOG SetDeferCommitFlagForDebug = 0
04-06 18:32:41.215 I/chromium( 6969): [INFO:layer_tree_impl.cc(1205)] DidUpdatePageScale IsActiveTree: 0 ScaleFactor: 1
04-06 18:32:41.217 I/chromium( 6969): [INFO:layer_tree_impl.cc(1205)] DidUpdatePageScale IsActiveTree: 1 ScaleFactor: 1
04-06 18:32:41.519 I/chromium(30649): [INFO:web_contents_impl.cc(6549)] LoaderLog  progress completed
04-06 18:32:41.541 I/chromium( 6969): [INFO:render_frame_impl.cc(4027)] LoaderLog didFinishLoad
04-06 18:32:41.542 I/chromium( 6969): [INFO:frame_loader.cc(402)] LoaderLog Completed totalBytes = 106022
04-06 18:32:41.542 I/chromium( 6969): [INFO:render_frame_impl.cc(5114)] LoaderLog didStopLoading
04-06 18:32:41.569 I/chromium(30649): [INFO:tin_six_tab_helper.cc(621)] ActivateTabAt 0,6
04-06 18:32:41.609 I/chromium( 6969): [INFO:document_loader.cc(793)] LoaderLog UpdateForSameDocumentNavigation  was_loading = 0  is_client_redirect_ = 0  replaces_history_item_ = 1
04-06 18:32:41.609 I/chromium( 6969): [INFO:render_frame_impl.cc(5114)] LoaderLog didStopLoading
04-06 18:32:41.655 I/chromium(30649): [INFO:tin_six_tab_helper.cc(621)] ActivateTabAt 0,6
04-06 18:32:42.917 W/chromium(30649): [WARNING:render_widget_host_view_android.cc(1070)] SBRTOUCHLOG  OnTouchEvent, Action::DOWN
04-06 18:32:42.917 I/chromium(30649): [INFO:render_widget_host_input_event_router.cc(861)] SBRTOUCHLOG Set Touch sequence target view: 0x5f6b2400
04-06 18:32:42.917 W/chromium(30649): [WARNING:input_router_impl.cc(529)] SBRTOUCHLOG FilterAndSendWebInputEvent, kTouchStart
04-06 18:32:42.919 I/chromium( 6969): [INFO:web_frame_widget_impl.cc(2748)] SBRTOUCHLOG Blink HandleInputEvent event received = PointerDown
04-06 18:32:42.930 I/chromium( 6969): [INFO:web_frame_widget_impl.cc(2748)] SBRTOUCHLOG Blink HandleInputEvent event received = PointerMove
04-06 18:32:42.932 I/chromium( 6969): [INFO:web_frame_widget_impl.cc(2748)] SBRTOUCHLOG Blink HandleInputEvent event received = GestureTapDown
04-06 18:32:42.938 I/chromium( 6969): [INFO:web_frame_widget_impl.cc(2748)] SBRTOUCHLOG Blink HandleInputEvent event received = PointerMove
04-06 18:32:42.956 I/chromium( 6969): [INFO:web_frame_widget_impl.cc(2748)] SBRTOUCHLOG Blink HandleInputEvent event received = PointerMove
04-06 18:32:42.967 I/chromium( 6969): [INFO:web_frame_widget_impl.cc(2748)] SBRTOUCHLOG Blink HandleInputEvent event received = PointerMove
04-06 18:32:42.967 I/chromium( 6969): [INFO:layer_tree_host_impl.cc(332)] SBRTOUCHLOG LayerTreeHostImpl::ScrollBegin defer_commit =  0
04-06 18:32:42.968 I/chromium( 6969): [INFO:layer_tree_host_impl.cc(303)] SBRTOUCHLOG LayerTreeHostImpl::ScrollBy delta_y = 2.82591
04-06 18:32:42.969 I/chromium( 6969): [INFO:web_frame_widget_impl.cc(2748)] SBRTOUCHLOG Blink HandleInputEvent event received = GestureTapCancel
04-06 18:32:42.970 I/chromium( 6969): [INFO:web_frame_widget_impl.cc(2748)] SBRTOUCHLOG Blink HandleInputEvent event received = PointerCausedUaAction
04-06 18:32:42.993 I/chromium( 6969): [INFO:web_frame_widget_impl.cc(2748)] SBRTOUCHLOG Blink HandleInputEvent event received = PointerMove
04-06 18:32:43.042 I/chromium( 6969): [INFO:layer_tree_host_impl.cc(2438)] SBRTOUCHLOG AsyncLayerTreeFrameSink::SubmitCompositorFrame
04-06 18:32:43.056 I/chromium( 6969): [INFO:layer_tree_host_impl.cc(303)] SBRTOUCHLOG LayerTreeHostImpl::ScrollBy delta_y = 17.4985
04-06 18:32:43.124 I/chromium( 6969): [INFO:layer_tree_host_impl.cc(2438)] SBRTOUCHLOG AsyncLayerTreeFrameSink::SubmitCompositorFrame
04-06 18:32:43.140 I/chromium( 6969): [INFO:layer_tree_host_impl.cc(303)] SBRTOUCHLOG LayerTreeHostImpl::ScrollBy delta_y = 54.2319
04-06 18:32:43.166 I/chromium( 6969): [INFO:web_frame_widget_impl.cc(2748)] SBRTOUCHLOG Blink HandleInputEvent event received = PointerMove
04-06 18:32:43.167 W/chromium(30649): [WARNING:window_android.cc(109)] TAB-STATUS observer added
04-06 18:32:43.169 I/chromium( 6969): [INFO:web_frame_widget_impl.cc(2748)] SBRTOUCHLOG Blink HandleInputEvent event received = PointerUp
04-06 18:32:43.207 I/chromium( 6969): [INFO:layer_tree_host_impl.cc(2438)] SBRTOUCHLOG AsyncLayerTreeFrameSink::SubmitCompositorFrame
04-06 18:32:43.223 I/chromium( 6969): [INFO:layer_tree_host_impl.cc(303)] SBRTOUCHLOG LayerTreeHostImpl::ScrollBy delta_y = 60.1052
04-06 18:32:43.291 I/chromium( 6969): [INFO:layer_tree_host_impl.cc(2438)] SBRTOUCHLOG AsyncLayerTreeFrameSink::SubmitCompositorFrame
04-06 18:32:43.307 I/chromium( 6969): [INFO:layer_tree_host_impl.cc(303)] SBRTOUCHLOG LayerTreeHostImpl::ScrollBy delta_y = 51.326
04-06 18:32:43.611 W/chromium(30649): [WARNING:render_widget_host_view_android.cc(1070)] SBRTOUCHLOG  OnTouchEvent, Action::DOWN
04-06 18:32:43.612 I/chromium(30649): [INFO:render_widget_host_input_event_router.cc(861)] SBRTOUCHLOG Set Touch sequence target view: 0x5f6b2400
04-06 18:32:43.612 W/chromium(30649): [WARNING:input_router_impl.cc(529)] SBRTOUCHLOG FilterAndSendWebInputEvent, kTouchStart
04-06 18:32:43.620 I/chromium( 6969): [INFO:web_frame_widget_impl.cc(2748)] SBRTOUCHLOG Blink HandleInputEvent event received = PointerDown
04-06 18:32:43.622 W/chromium(30649): [WARNING:window_android.cc(123)] TAB-STATUS observer removed
04-06 18:32:43.624 I/chromium( 6969): [INFO:layer_tree_host_impl.cc(344)] SBRTOUCHLOG LayerTreeHostImpl::ScrollEnd
04-06 18:32:43.625 I/chromium( 6969): [INFO:layer_tree_host_impl.cc(332)] SBRTOUCHLOG LayerTreeHostImpl::ScrollBegin defer_commit =  0
04-06 18:32:43.627 I/chromium( 6969): [INFO:web_frame_widget_impl.cc(2748)] SBRTOUCHLOG Blink HandleInputEvent event received = PointerMove
04-06 18:32:43.627 I/chromium( 6969): [INFO:layer_tree_host_impl.cc(2438)] SBRTOUCHLOG AsyncLayerTreeFrameSink::SubmitCompositorFrame
04-06 18:32:43.630 I/chromium( 6969): [INFO:web_frame_widget_impl.cc(2748)] SBRTOUCHLOG Blink HandleInputEvent event received = PointerCausedUaAction
04-06 18:32:43.634 I/chromium( 6969): [INFO:layer_tree_host_impl.cc(303)] SBRTOUCHLOG LayerTreeHostImpl::ScrollBy delta_y = 57.5602
04-06 18:32:43.677 W/chromium(30649): [WARNING:window_android.cc(109)] TAB-STATUS observer added
04-06 18:32:43.678 I/chromium( 6969): [INFO:web_frame_widget_impl.cc(2748)] SBRTOUCHLOG Blink HandleInputEvent event received = PointerMove
04-06 18:32:43.679 I/chromium( 6969): [INFO:web_frame_widget_impl.cc(2748)] SBRTOUCHLOG Blink HandleInputEvent event received = PointerUp
04-06 18:32:43.690 I/chromium( 6969): [INFO:layer_tree_host_impl.cc(2438)] SBRTOUCHLOG AsyncLayerTreeFrameSink::SubmitCompositorFrame
04-06 18:32:43.706 I/chromium( 6969): [INFO:layer_tree_host_impl.cc(303)] SBRTOUCHLOG LayerTreeHostImpl::ScrollBy delta_y = 105.813
04-06 18:32:43.773 I/chromium( 6969): [INFO:layer_tree_host_impl.cc(2438)] SBRTOUCHLOG AsyncLayerTreeFrameSink::SubmitCompositorFrame
04-06 18:32:43.791 I/chromium( 6969): [INFO:layer_tree_host_impl.cc(303)] SBRTOUCHLOG LayerTreeHostImpl::ScrollBy delta_y = 156.723
04-06 18:32:43.856 I/chromium( 6969): [INFO:layer_tree_host_impl.cc(2438)] SBRTOUCHLOG AsyncLayerTreeFrameSink::SubmitCompositorFrame
04-06 18:32:43.874 I/chromium( 6969): [INFO:layer_tree_host_impl.cc(303)] SBRTOUCHLOG LayerTreeHostImpl::ScrollBy delta_y = 139.64
04-06 18:32:43.942 I/chromium( 6969): [INFO:layer_tree_host_impl.cc(2438)] SBRTOUCHLOG AsyncLayerTreeFrameSink::SubmitCompositorFrame
04-06 18:32:43.957 I/chromium( 6969): [INFO:layer_tree_host_impl.cc(303)] SBRTOUCHLOG LayerTreeHostImpl::ScrollBy delta_y = 119.219
04-06 18:32:44.060 W/chromium(30649): [WARNING:window_android.cc(123)] TAB-STATUS observer removed
04-06 18:32:44.075 I/chromium( 6969): [INFO:layer_tree_host_impl.cc(344)] SBRTOUCHLOG LayerTreeHostImpl::ScrollEnd
04-06 18:32:44.757 W/chromium(30649): [WARNING:render_widget_host_view_android.cc(1070)] SBRTOUCHLOG  OnTouchEvent, Action::DOWN
04-06 18:32:44.757 I/chromium(30649): [INFO:render_widget_host_input_event_router.cc(861)] SBRTOUCHLOG Set Touch sequence target view: 0x5f6b2400
04-06 18:32:44.757 W/chromium(30649): [WARNING:input_router_impl.cc(529)] SBRTOUCHLOG FilterAndSendWebInputEvent, kTouchStart
04-06 18:32:44.758 I/chromium( 6969): [INFO:web_frame_widget_impl.cc(2748)] SBRTOUCHLOG Blink HandleInputEvent event received = PointerDown
04-06 18:32:44.763 I/chromium( 6969): [INFO:web_frame_widget_impl.cc(2748)] SBRTOUCHLOG Blink HandleInputEvent event received = GestureTapDown
04-06 18:32:44.807 I/chromium( 6969): [INFO:web_frame_widget_impl.cc(2748)] SBRTOUCHLOG Blink HandleInputEvent event received = PointerMove
04-06 18:32:44.821 I/chromium( 6969): [INFO:web_frame_widget_impl.cc(2748)] SBRTOUCHLOG Blink HandleInputEvent event received = PointerUp
04-06 18:32:44.826 I/chromium(30649): [INFO:input_router_impl.cc(641)] SBRTOUCHLOG InputRouterImpl::TouchEventHandled type: TouchEnd & ack: NOT_CONSUMED
04-06 18:32:44.827 I/chromium( 6969): [INFO:web_frame_widget_impl.cc(2748)] SBRTOUCHLOG Blink HandleInputEvent event received = GestureShowPress
04-06 18:32:44.830 I/chromium( 6969): [INFO:web_frame_widget_impl.cc(2748)] SBRTOUCHLOG Blink HandleInputEvent event received = GestureTap
04-06 18:32:45.719 I/chromium( 6969): [INFO:frame_loader.cc(618)] LoaderLog  StartNavigation  ClientRedirect = 0
04-06 18:32:45.737 I/chromium(30649): [INFO:tin_six_tab_helper.cc(621)] ActivateTabAt 0,6
04-06 18:32:45.747 I/chromium( 6969): [INFO:layer_tree_host_impl.cc(198)] SBRTOUCHLOG DidVisibilityChange = 0
04-06 18:32:45.749 I/chromium( 6969): [INFO:layer_tree_host_impl.cc(4001)] SBRTOUCHLOG SetDeferCommitFlagForDebug = 1
04-06 18:32:45.749 I/chromium( 6969): [INFO:layer_tree_host_impl.cc(4001)] SBRTOUCHLOG SetDeferCommitFlagForDebug = 0
04-06 18:32:45.759 I/chromium( 6969): [INFO:tin_anti_tracking_renderer_url_loader_throttle_helper.cc(31)] [IAT] set delegate th 0x56a8c150 td 0x5e8c0320
04-06 18:32:45.759 I/chromium( 6969): [INFO:tin_smart_protect_renderer.cc(16)] TinSmartProtectRenderer
04-06 18:32:45.761 I/chromium( 6969): [INFO:tin_smart_protect_renderer.cc(33)] BindPendingReceiver bound=1
04-06 18:32:45.900 I/chromium( 6969): [INFO:tin_anti_tracking_renderer_url_loader_throttle_helper.cc(38)] [IAT] detector destroyed 0x5e8c0320
04-06 18:32:45.917 I/chromium(30649): [INFO:tin_six_tab_helper.cc(621)] ActivateTabAt 0,6
04-06 18:32:46.179 I/chromium( 7047): [INFO:dispatcher.cc(1571)] CreateBindingsSystem
04-06 18:32:46.200 I/chromium( 7047): [INFO:layer_tree_host_impl.cc(198)] SBRTOUCHLOG DidVisibilityChange = 0
04-06 18:32:46.200 I/chromium( 7047): [INFO:layer_tree_host_impl.cc(4001)] SBRTOUCHLOG SetDeferCommitFlagForDebug = 1
04-06 18:32:46.201 I/chromium( 7047): [INFO:layer_tree_host_impl.cc(4001)] SBRTOUCHLOG SetDeferCommitFlagForDebug = 0
04-06 18:32:46.202 I/chromium( 7047): [INFO:tin_anti_tracking_renderer_url_loader_throttle_helper.cc(31)] [IAT] set delegate th 0xc0217e20 td 0xc1263660
04-06 18:32:46.202 I/chromium( 7047): [INFO:tin_smart_protect_renderer.cc(16)] TinSmartProtectRenderer
04-06 18:32:46.203 I/chromium( 7047): [INFO:tin_smart_protect_renderer.cc(33)] BindPendingReceiver bound=1
04-06 18:32:46.218 I/chromium( 7047): [INFO:layer_tree_host_impl.cc(4001)] SBRTOUCHLOG SetDeferCommitFlagForDebug = 1
04-06 18:32:46.250 I/chromium( 7047): [INFO:render_frame_impl.cc(3805)] LoaderLog didCommitProvisionalLoad
04-06 18:32:46.253 W/chromium(30649): [WARNING:window_android.cc(123)] TAB-STATUS observer removed
04-06 18:32:46.254 I/chromium( 6969): [INFO:layer_tree_host_impl.cc(198)] SBRTOUCHLOG DidVisibilityChange = 0
04-06 18:32:46.256 I/chromium(30649): [INFO:render_widget_host_impl.cc(843)] SBRTOUCHLOG  RenderWidgetHostImpl::WasShown
04-06 18:32:46.262 W/chromium(30649): [WARNING:window_android.cc(109)] TAB-STATUS observer added
04-06 18:32:46.266 I/chromium( 6969): [INFO:frame_loader.cc(274)] LoaderLog  SetDefersLoading  DeferType = 1
04-06 18:32:46.278 I/chromium( 7047): [INFO:layer_tree_host_impl.cc(198)] SBRTOUCHLOG DidVisibilityChange = 1
04-06 18:32:46.317 I/chromium( 7047): [INFO:memory_cache.cc(126)] MemoryCache MemberMemoryCache is disabled
04-06 18:32:46.355 I/chromium( 7047): [INFO:layer_tree_host_impl.cc(4001)] SBRTOUCHLOG SetDeferCommitFlagForDebug = 0
04-06 18:32:46.367 I/chromium( 7047): [INFO:layer_tree_impl.cc(1205)] DidUpdatePageScale IsActiveTree: 0 ScaleFactor: 1
04-06 18:32:46.368 I/chromium( 7047): [INFO:layer_tree_impl.cc(1205)] DidUpdatePageScale IsActiveTree: 1 ScaleFactor: 1
04-06 18:32:47.325 I/chromium(30649): [INFO:render_process_host_impl.cc(4491)] [Renderer][Exit] ChildProcessLauncher::OnChildProcessDied called through JNI pid = 7078, renderer_id =0
04-06 18:32:47.537 I/chromium( 7091): [INFO:dispatcher.cc(1571)] CreateBindingsSystem
04-06 18:32:47.560 I/chromium( 7091): [INFO:layer_tree_host_impl.cc(198)] SBRTOUCHLOG DidVisibilityChange = 0
04-06 18:32:47.560 I/chromium( 7091): [INFO:layer_tree_host_impl.cc(4001)] SBRTOUCHLOG SetDeferCommitFlagForDebug = 1
04-06 18:32:47.596 I/chromium(30649): [INFO:back_forward_cache_impl.cc(675)] BFCACHELOG  CanStorePageNow  result = No: not a main frame, related active contents exist: no BI swap result, HTTP status is not OK, scheme is not HTTP or HTTPS, frame is not fully loaded, main RenderFrameHost doesn't have response headers set, probably due not having successfully committed a navigation.
04-06 18:32:47.597 I/chromium(30649): [INFO:render_widget_host_impl.cc(843)] SBRTOUCHLOG  RenderWidgetHostImpl::WasShown
04-06 18:32:47.599 I/chromium( 7091): [INFO:layer_tree_host_impl.cc(198)] SBRTOUCHLOG DidVisibilityChange = 0
04-06 18:32:47.599 I/chromium( 7091): [INFO:layer_tree_host_impl.cc(4001)] SBRTOUCHLOG SetDeferCommitFlagForDebug = 1
04-06 18:32:47.628 I/chromium(30649): [INFO:back_forward_cache_impl.cc(675)] BFCACHELOG  CanStorePageNow  result = No: not a main frame, related active contents exist: no BI swap result, HTTP status is not OK, scheme is not HTTP or HTTPS, frame is not fully loaded, main RenderFrameHost doesn't have response headers set, probably due not having successfully committed a navigation.
04-06 18:32:47.629 I/chromium(30649): [INFO:render_widget_host_impl.cc(843)] SBRTOUCHLOG  RenderWidgetHostImpl::WasShown
04-06 18:32:47.648 I/chromium( 7091): [INFO:layer_tree_host_impl.cc(198)] SBRTOUCHLOG DidVisibilityChange = 1
04-06 18:32:47.658 I/chromium( 7091): [INFO:memory_cache.cc(126)] MemoryCache MemberMemoryCache is disabled
04-06 18:32:47.662 I/chromium( 7091): [INFO:layer_tree_host_impl.cc(198)] SBRTOUCHLOG DidVisibilityChange = 1
04-06 18:32:48.370 I/chromium( 7047): [INFO:progress_tracker.cc(112)] LoaderLog  FinishedParsing
04-06 18:32:48.378 I/chromium( 7091): [INFO:layer_tree_host_impl.cc(198)] SBRTOUCHLOG DidVisibilityChange = 0
04-06 18:32:48.380 I/chromium( 7091): [INFO:web_view_impl.cc(1439)] Blink ResizeWithBrowserControls old_size = 0 * 0, new_size = 720 * 1040
04-06 18:32:48.380 I/chromium( 7091): [INFO:layer_tree_host_impl.cc(4001)] SBRTOUCHLOG SetDeferCommitFlagForDebug = 0
04-06 18:32:48.382 I/chromium( 7091): [INFO:layer_tree_host_impl.cc(198)] SBRTOUCHLOG DidVisibilityChange = 0
04-06 18:32:48.383 I/chromium( 7091): [INFO:layer_tree_host_impl.cc(4001)] SBRTOUCHLOG SetDeferCommitFlagForDebug = 0
04-06 18:32:48.605 D/EnvFileUpdater( 6292): Found CIRIS_HOME from env: /data/user/0/ai.ciris.mobile.debug/files/ciris
04-06 18:32:48.924 I/chromium( 7091): [INFO:layer_tree_host_impl.cc(198)] SBRTOUCHLOG DidVisibilityChange = 0
04-06 18:32:48.925 I/chromium( 7091): [INFO:layer_tree_host_impl.cc(4001)] SBRTOUCHLOG SetDeferCommitFlagForDebug = 1
04-06 18:32:48.925 I/chromium( 7091): [INFO:web_view_impl.cc(1439)] Blink ResizeWithBrowserControls old_size = 720 * 1040, new_size = 0 * 0
04-06 18:32:48.989 I/chromium(30649): [INFO:back_forward_cache_impl.cc(675)] BFCACHELOG  CanStorePageNow  result = No: not a main frame, related active contents exist: no BI swap result, HTTP status is not OK, scheme is not HTTP or HTTPS, main RenderFrameHost doesn't have response headers set, probably due not having successfully committed a navigation.
04-06 18:32:48.990 I/chromium(30649): [INFO:render_widget_host_impl.cc(843)] SBRTOUCHLOG  RenderWidgetHostImpl::WasShown
04-06 18:32:48.991 I/chromium( 7091): [INFO:layer_tree_host_impl.cc(198)] SBRTOUCHLOG DidVisibilityChange = 1
04-06 18:32:49.189 I/chromium(30649): [INFO:web_contents_impl.cc(6549)] LoaderLog  progress completed
04-06 18:32:49.236 I/chromium(30649): [INFO:web_contents_impl.cc(6549)] LoaderLog  progress completed
04-06 18:32:50.041 I/chromium( 7091): [INFO:layer_tree_host_impl.cc(198)] SBRTOUCHLOG DidVisibilityChange = 0
04-06 18:32:50.042 I/chromium( 7091): [INFO:layer_tree_host_impl.cc(4001)] SBRTOUCHLOG SetDeferCommitFlagForDebug = 0
04-06 18:32:50.042 I/chromium( 7091): [INFO:web_view_impl.cc(1439)] Blink ResizeWithBrowserControls old_size = 0 * 0, new_size = 720 * 1040
04-06 18:32:50.565 I/chromium( 7091): [INFO:layer_tree_host_impl.cc(198)] SBRTOUCHLOG DidVisibilityChange = 0
04-06 18:32:50.565 I/chromium( 7091): [INFO:layer_tree_host_impl.cc(4001)] SBRTOUCHLOG SetDeferCommitFlagForDebug = 1
04-06 18:32:50.565 I/chromium( 7091): [INFO:web_view_impl.cc(1439)] Blink ResizeWithBrowserControls old_size = 720 * 1040, new_size = 0 * 0
04-06 18:32:50.622 I/chromium(30649): [INFO:back_forward_cache_impl.cc(675)] BFCACHELOG  CanStorePageNow  result = No: not a main frame, related active contents exist: no BI swap result, HTTP status is not OK, scheme is not HTTP or HTTPS, frame is not fully loaded, main RenderFrameHost doesn't have response headers set, probably due not having successfully committed a navigation.
04-06 18:32:50.623 I/chromium(30649): [INFO:render_widget_host_impl.cc(843)] SBRTOUCHLOG  RenderWidgetHostImpl::WasShown
04-06 18:32:50.624 I/chromium( 7091): [INFO:layer_tree_host_impl.cc(198)] SBRTOUCHLOG DidVisibilityChange = 1
04-06 18:32:50.762 I/chromium( 7091): [INFO:layer_tree_host_impl.cc(198)] SBRTOUCHLOG DidVisibilityChange = 0
04-06 18:32:50.762 I/chromium( 7091): [INFO:layer_tree_host_impl.cc(4001)] SBRTOUCHLOG SetDeferCommitFlagForDebug = 1
04-06 18:32:50.811 I/chromium(30649): [INFO:back_forward_cache_impl.cc(675)] BFCACHELOG  CanStorePageNow  result = No: not a main frame, related active contents exist: no BI swap result, HTTP status is not OK, scheme is not HTTP or HTTPS, frame is not fully loaded, main RenderFrameHost doesn't have response headers set, probably due not having successfully committed a navigation.
04-06 18:32:50.812 I/chromium(30649): [INFO:render_widget_host_impl.cc(843)] SBRTOUCHLOG  RenderWidgetHostImpl::WasShown
04-06 18:32:50.823 I/chromium( 7091): [INFO:layer_tree_host_impl.cc(198)] SBRTOUCHLOG DidVisibilityChange = 1
04-06 18:32:51.027 I/chromium( 7135): [INFO:dispatcher.cc(1571)] CreateBindingsSystem
04-06 18:32:51.055 I/chromium( 7135): [INFO:layer_tree_host_impl.cc(198)] SBRTOUCHLOG DidVisibilityChange = 0
04-06 18:32:51.056 I/chromium( 7135): [INFO:layer_tree_host_impl.cc(4001)] SBRTOUCHLOG SetDeferCommitFlagForDebug = 1
04-06 18:32:51.109 I/chromium(30649): [INFO:back_forward_cache_impl.cc(675)] BFCACHELOG  CanStorePageNow  result = No: not a main frame, related active contents exist: no BI swap result, HTTP status is not OK, scheme is not HTTP or HTTPS, frame is not fully loaded, main RenderFrameHost doesn't have response headers set, probably due not having successfully committed a navigation.
04-06 18:32:51.130 I/chromium( 7135): [INFO:layer_tree_host_impl.cc(198)] SBRTOUCHLOG DidVisibilityChange = 0
04-06 18:32:51.131 I/chromium( 7135): [INFO:layer_tree_host_impl.cc(4001)] SBRTOUCHLOG SetDeferCommitFlagForDebug = 1
04-06 18:32:51.163 I/chromium(30649): [INFO:back_forward_cache_impl.cc(675)] BFCACHELOG  CanStorePageNow  result = No: not a main frame, related active contents exist: no BI swap result, HTTP status is not OK, scheme is not HTTP or HTTPS, main RenderFrameHost doesn't have response headers set, probably due not having successfully committed a navigation.
04-06 18:32:51.185 I/chromium( 7135): [INFO:memory_cache.cc(126)] MemoryCache MemberMemoryCache is disabled
