--------- beginning of main
04-14 23:32:07.420 W/chromium( 9515): [WARNING:content/app/android/content_main_android.cc:82] android_setCpu already initialized
04-14 23:32:09.623 W/chromium( 9539): [WARNING:content/app/android/content_main_android.cc:82] android_setCpu already initialized
04-14 23:32:09.658 W/chromium( 9548): [WARNING:content/app/android/content_main_android.cc:82] android_setCpu already initialized
04-14 23:32:09.834 I/chromium( 9515): [INFO:third_party/blink/renderer/modules/peerconnection/peer_connection_dependency_factory.cc:941] Running WebRTC with a combined Network and Worker thread.
04-14 23:32:09.894 W/chromium(29244): [WARNING:net/dns/host_resolver_dns_task.cc:934] Address list empty after RFC3484 sort
04-14 23:32:09.895 W/chromium(29244): [WARNING:chrome/browser/media/prefs/capture_device_ranking.h:255] Can't initialize the value of media.audio_input.user_preference_ranking because media.default_audio_capture_device isn't registered or is empty
04-14 23:32:09.895 W/chromium(29244): [WARNING:chrome/browser/media/prefs/capture_device_ranking.h:255] Can't initialize the value of media.video_input.user_preference_ranking because media.default_video_capture_Device isn't registered or is empty
04-14 23:32:11.696 E/chromium(29378): [ERROR:gpu/command_buffer/service/shared_image/shared_image_manager.cc:252] SharedImageManager::ProduceSkia: Trying to Produce a Skia representation from a non-existent mailbox.
04-14 23:32:11.696 E/chromium(29378): [ERROR:gpu/command_buffer/service/raster_decoder.cc:2354] [.BrowserCompositor-0x6a0020a880]GL ERROR :GL_INVALID_VALUE : glReadbackImagePixels: Unknown mailbox
04-14 23:32:22.701 W/chromium(29244): [WARNING:components/sync/engine/syncer_proto_util.cc:430] Error posting from syncer: Response Code (bogus on error): -1 Content-Length (bogus on error): -1 Server Status: CONNECTION_UNAVAILABLE
04-14 23:32:22.701 W/chromium(29244): [WARNING:components/sync/engine/commit.cc:181] Post commit failed
04-14 23:33:32.784 E/chromium( 9515): [ERROR:third_party/webrtc/p2p/base/stun_port.cc:123] Binding request timed out from [0:0:0:x:x:x:x:x]:52043 (any)
04-14 23:33:42.815 E/chromium( 9515): [ERROR:third_party/webrtc/p2p/base/stun_port.cc:123] Binding request timed out from 0.0.0.x:54762 (any)
04-14 23:34:49.497 E/chromium(29104): [ERROR:cc/tiles/tile_manager.cc:997] WARNING: tile memory limits exceeded, some content may not draw
04-14 23:34:49.498 E/chromium(29104): [ERROR:cc/tiles/tile_manager.cc:997] WARNING: tile memory limits exceeded, some content may not draw
04-14 23:34:49.591 E/chromium(29104): [ERROR:cc/tiles/tile_manager.cc:997] WARNING: tile memory limits exceeded, some content may not draw
04-14 23:34:49.592 E/chromium(29104): [ERROR:cc/tiles/tile_manager.cc:997] WARNING: tile memory limits exceeded, some content may not draw
04-14 23:34:50.961 E/chromium(29104): [ERROR:cc/tiles/tile_manager.cc:997] WARNING: tile memory limits exceeded, some content may not draw
04-14 23:34:50.964 E/chromium(29104): [ERROR:cc/tiles/tile_manager.cc:997] WARNING: tile memory limits exceeded, some content may not draw
04-14 23:34:50.975 E/chromium(29104): [ERROR:cc/tiles/tile_manager.cc:997] WARNING: tile memory limits exceeded, some content may not draw
04-14 23:34:50.976 E/chromium(29104): [ERROR:cc/tiles/tile_manager.cc:997] WARNING: tile memory limits exceeded, some content may not draw
04-14 23:34:50.981 E/chromium(29104): [ERROR:cc/tiles/tile_manager.cc:997] WARNING: tile memory limits exceeded, some content may not draw
04-14 23:34:50.982 E/chromium(29104): [ERROR:cc/tiles/tile_manager.cc:997] WARNING: tile memory limits exceeded, some content may not draw
04-14 23:34:52.879 E/chromium(29104): [ERROR:cc/tiles/tile_manager.cc:997] WARNING: tile memory limits exceeded, some content may not draw
04-14 23:34:52.884 E/chromium(29104): [ERROR:cc/tiles/tile_manager.cc:997] WARNING: tile memory limits exceeded, some content may not draw
04-14 23:34:52.894 E/chromium(29104): [ERROR:cc/tiles/tile_manager.cc:997] WARNING: tile memory limits exceeded, some content may not draw
04-14 23:34:52.895 E/chromium(29104): [ERROR:cc/tiles/tile_manager.cc:997] WARNING: tile memory limits exceeded, some content may not draw
04-14 23:34:52.903 E/chromium(29104): [ERROR:cc/tiles/tile_manager.cc:997] WARNING: tile memory limits exceeded, some content may not draw
04-14 23:34:56.929 E/chromium(29104): [ERROR:cc/tiles/tile_manager.cc:997] WARNING: tile memory limits exceeded, some content may not draw
04-14 23:34:56.930 E/chromium(29104): [ERROR:cc/tiles/tile_manager.cc:997] WARNING: tile memory limits exceeded, some content may not draw
04-14 23:34:58.019 E/chromium(29104): [ERROR:cc/tiles/tile_manager.cc:997] WARNING: tile memory limits exceeded, some content may not draw
04-14 23:34:58.019 E/chromium(29104): [ERROR:cc/tiles/tile_manager.cc:997] WARNING: tile memory limits exceeded, some content may not draw
04-14 23:34:58.026 E/chromium(29104): [ERROR:cc/tiles/tile_manager.cc:997] WARNING: tile memory limits exceeded, some content may not draw
04-14 23:34:58.028 E/chromium(29104): [ERROR:cc/tiles/tile_manager.cc:997] WARNING: tile memory limits exceeded, some content may not draw
04-14 23:34:58.042 E/chromium(29104): [ERROR:cc/tiles/tile_manager.cc:997] WARNING: tile memory limits exceeded, some content may not draw
04-14 23:34:58.043 E/chromium(29104): [ERROR:cc/tiles/tile_manager.cc:997] WARNING: tile memory limits exceeded, some content may not draw
04-14 23:34:58.055 E/chromium(29104): [ERROR:cc/tiles/tile_manager.cc:997] WARNING: tile memory limits exceeded, some content may not draw
04-14 23:34:58.923 E/chromium(29104): [ERROR:cc/tiles/tile_manager.cc:997] WARNING: tile memory limits exceeded, some content may not draw
04-14 23:34:58.924 E/chromium(29104): [ERROR:cc/tiles/tile_manager.cc:997] WARNING: tile memory limits exceeded, some content may not draw
04-14 23:34:58.939 E/chromium(29104): [ERROR:cc/tiles/tile_manager.cc:997] WARNING: tile memory limits exceeded, some content may not draw
04-14 23:34:58.940 E/chromium(29104): [ERROR:cc/tiles/tile_manager.cc:997] WARNING: tile memory limits exceeded, some content may not draw
04-14 23:34:58.948 E/chromium(29104): [ERROR:cc/tiles/tile_manager.cc:997] WARNING: tile memory limits exceeded, some content may not draw
04-14 23:34:59.290 E/chromium(29104): [ERROR:cc/tiles/tile_manager.cc:997] WARNING: tile memory limits exceeded, some content may not draw
04-14 23:34:59.291 E/chromium(29104): [ERROR:cc/tiles/tile_manager.cc:997] WARNING: tile memory limits exceeded, some content may not draw
04-14 23:34:59.303 E/chromium(29104): [ERROR:cc/tiles/tile_manager.cc:997] WARNING: tile memory limits exceeded, some content may not draw
04-14 23:34:59.303 E/chromium(29104): [ERROR:cc/tiles/tile_manager.cc:997] WARNING: tile memory limits exceeded, some content may not draw
04-14 23:34:59.307 E/chromium(29104): [ERROR:cc/tiles/tile_manager.cc:997] WARNING: tile memory limits exceeded, some content may not draw
04-14 23:34:59.308 E/chromium(29104): [ERROR:cc/tiles/tile_manager.cc:997] WARNING: tile memory limits exceeded, some content may not draw
04-14 23:34:59.676 E/chromium(29104): [ERROR:cc/tiles/tile_manager.cc:997] WARNING: tile memory limits exceeded, some content may not draw
04-14 23:34:59.676 E/chromium(29104): [ERROR:cc/tiles/tile_manager.cc:997] WARNING: tile memory limits exceeded, some content may not draw
04-14 23:34:59.689 E/chromium(29104): [ERROR:cc/tiles/tile_manager.cc:997] WARNING: tile memory limits exceeded, some content may not draw
04-14 23:34:59.689 E/chromium(29104): [ERROR:cc/tiles/tile_manager.cc:997] WARNING: tile memory limits exceeded, some content may not draw
04-14 23:34:59.690 E/chromium(29104): [ERROR:cc/tiles/tile_manager.cc:997] WARNING: tile memory limits exceeded, some content may not draw
04-14 23:34:59.691 E/chromium(29104): [ERROR:cc/tiles/tile_manager.cc:997] WARNING: tile memory limits exceeded, some content may not draw
04-14 23:35:01.375 E/chromium(29104): [ERROR:cc/tiles/tile_manager.cc:997] WARNING: tile memory limits exceeded, some content may not draw
04-14 23:35:01.376 E/chromium(29104): [ERROR:cc/tiles/tile_manager.cc:997] WARNING: tile memory limits exceeded, some content may not draw
04-14 23:35:01.395 E/chromium(29104): [ERROR:cc/tiles/tile_manager.cc:997] WARNING: tile memory limits exceeded, some content may not draw
04-14 23:35:01.396 E/chromium(29104): [ERROR:cc/tiles/tile_manager.cc:997] WARNING: tile memory limits exceeded, some content may not draw
04-14 23:35:01.396 E/chromium(29104): [ERROR:cc/tiles/tile_manager.cc:997] WARNING: tile memory limits exceeded, some content may not draw
04-14 23:35:05.371 W/chromium(11128): [WARNING:content/app/android/content_main_android.cc:82] android_setCpu already initialized
04-14 23:35:05.392 W/chromium(11128): [WARNING:content/child/runtime_features.cc:563] Fenced frames cannot be enabled in this configuration. Use --enable-features=FencedFrames instead.
04-14 23:35:05.392 W/chromium(11128): [WARNING:content/child/runtime_features.cc:588] Topics cannot be enabled in this configuration. Use --enable-features=BrowsingTopics in addition.
04-14 23:35:05.392 W/chromium(11128): [WARNING:content/child/runtime_features.cc:609] SharedStorage cannot be enabled in this configuration. Use --enable-features=SharedStorageAPI in addition.
04-14 23:35:20.978 W/chromium(29244): [WARNING:net/cert/ev_root_ca_metadata.cc:118] Not implemented
04-14 23:35:21.033 W/chromium(29244): [WARNING:net/cert/ev_root_ca_metadata.cc:118] Not implemented
04-14 23:35:21.189 W/chromium(29244): [WARNING:net/cert/ev_root_ca_metadata.cc:118] Not implemented
04-14 23:35:21.296 W/chromium(29244): [WARNING:net/cert/ev_root_ca_metadata.cc:118] Not implemented
04-14 23:35:21.425 W/chromium(29244): [WARNING:net/cert/ev_root_ca_metadata.cc:118] Not implemented
04-14 23:35:21.665 W/chromium(29244): [WARNING:net/cert/ev_root_ca_metadata.cc:118] Not implemented
04-14 23:35:22.162 W/chromium(29244): [WARNING:net/cert/ev_root_ca_metadata.cc:118] Not implemented
04-14 23:35:22.393 W/chromium(29244): [WARNING:net/cert/ev_root_ca_metadata.cc:118] Not implemented
04-14 23:35:24.654 W/chromium(29244): [WARNING:net/cert/ev_root_ca_metadata.cc:118] Not implemented
04-14 23:35:24.697 W/chromium(29244): [WARNING:net/cert/ev_root_ca_metadata.cc:118] Not implemented
04-14 23:35:24.697 W/chromium(29244): [WARNING:net/cert/ev_root_ca_metadata.cc:118] Not implemented
04-14 23:35:24.719 W/chromium(11460): [WARNING:content/app/android/content_main_android.cc:82] android_setCpu already initialized
04-14 23:35:24.773 W/chromium(29244): [WARNING:net/cert/ev_root_ca_metadata.cc:118] Not implemented
04-14 23:35:24.889 I/chromium( 9515): [INFO:third_party/blink/renderer/modules/peerconnection/peer_connection_dependency_factory.cc:941] Running WebRTC with a combined Network and Worker thread.
04-14 23:35:24.939 W/chromium(11485): [WARNING:content/app/android/content_main_android.cc:82] android_setCpu already initialized
04-14 23:35:24.941 W/chromium(29244): [WARNING:chrome/browser/media/prefs/capture_device_ranking.h:255] Can't initialize the value of media.audio_input.user_preference_ranking because media.default_audio_capture_device isn't registered or is empty
04-14 23:35:24.942 W/chromium(29244): [WARNING:chrome/browser/media/prefs/capture_device_ranking.h:255] Can't initialize the value of media.video_input.user_preference_ranking because media.default_video_capture_Device isn't registered or is empty
04-14 23:35:24.953 W/chromium(29244): [WARNING:net/dns/host_resolver_dns_task.cc:934] Address list empty after RFC3484 sort
04-14 23:35:24.980 W/chromium(11494): [WARNING:content/app/android/content_main_android.cc:82] android_setCpu already initialized
04-14 23:35:25.001 W/chromium(29244): [WARNING:net/cert/ev_root_ca_metadata.cc:118] Not implemented
04-14 23:35:25.159 W/chromium(29244): [WARNING:net/cert/ev_root_ca_metadata.cc:118] Not implemented
04-14 23:35:25.433 W/chromium(29244): [WARNING:net/cert/ev_root_ca_metadata.cc:118] Not implemented
04-14 23:35:25.833 W/chromium(29244): [WARNING:net/cert/ev_root_ca_metadata.cc:118] Not implemented
04-14 23:35:29.417 W/chromium(29244): [WARNING:net/cert/ev_root_ca_metadata.cc:118] Not implemented
04-14 23:35:29.649 W/chromium(29244): [WARNING:net/cert/ev_root_ca_metadata.cc:118] Not implemented
04-14 23:35:29.651 W/chromium(29244): [WARNING:net/cert/ev_root_ca_metadata.cc:118] Not implemented
04-14 23:35:33.990 W/chromium(29244): [WARNING:net/cert/ev_root_ca_metadata.cc:118] Not implemented
04-14 23:35:34.115 W/chromium(29244): [WARNING:net/cert/ev_root_ca_metadata.cc:118] Not implemented
04-14 23:35:34.249 W/chromium(29244): [WARNING:net/cert/ev_root_ca_metadata.cc:118] Not implemented
04-14 23:35:34.687 W/chromium(29244): [WARNING:net/cert/ev_root_ca_metadata.cc:118] Not implemented
04-14 23:35:34.837 W/chromium(29244): [WARNING:net/cert/ev_root_ca_metadata.cc:118] Not implemented
04-14 23:35:35.310 W/chromium(29244): [WARNING:net/cert/ev_root_ca_metadata.cc:118] Not implemented
04-14 23:35:35.838 W/chromium(29244): [WARNING:net/cert/ev_root_ca_metadata.cc:118] Not implemented
04-14 23:35:54.473 W/chromium( 9515): [WARNING:third_party/webrtc/media/engine/webrtc_voice_engine.cc:805] Attempting to stop aecdump when no audio processing module is present
04-14 23:36:04.862 E/chromium( 9515): [ERROR:third_party/webrtc/p2p/base/stun_port.cc:123] Binding request timed out from [0:0:0:x:x:x:x:x]:59083 (any)
04-14 23:36:24.941 E/chromium( 9515): [ERROR:third_party/webrtc/p2p/base/stun_port.cc:123] Binding request timed out from 0.0.0.x:56453 (any)
04-14 23:37:01.098 I/chromium(12350): [INFO:components/enterprise/browser/controller/chrome_browser_cloud_management_controller.cc:315] Deferring CBCM Controller Initialization until it is unblocked.
04-14 23:37:01.190 W/chromium(12350): [WARNING:components/gcm_driver/instance_id/instance_id_android.cc:101] Non-zero TTL requested for InstanceID token, while TTLs are not supported by Android Firebase IID API.
04-14 23:37:01.190 W/chromium(12350): [WARNING:components/gcm_driver/instance_id/instance_id_android.cc:101] Non-zero TTL requested for InstanceID token, while TTLs are not supported by Android Firebase IID API.
04-14 23:37:01.217 W/chromium(12421): [WARNING:content/app/android/content_main_android.cc:82] android_setCpu already initialized
04-14 23:37:01.292 I/chromium(12421): [INFO:third_party/skia/src/gpu/vk/VulkanPreferredFeatures.cpp:434] WARNING: VulkanPreferredFeatures::addFeaturesToQuery() was not called
04-14 23:37:01.292 I/chromium(12421): 
04-14 23:37:01.293 I/chromium(12421): [INFO:third_party/skia/src/gpu/vk/VulkanPreferredFeatures.cpp:437] WARNING: VulkanPreferredFeatures::addFeaturesToEnable() was not called
04-14 23:37:01.293 I/chromium(12421): 
04-14 23:37:01.373 W/chromium(12390): [WARNING:content/app/android/content_main_android.cc:82] android_setCpu already initialized
04-14 23:37:01.447 I/chromium(12350): [INFO:brave/components/brave_ads/core/internal/creatives/new_tab_page_ads/creative_new_tab_page_ads_util.cc:157] Successfully saved creative new tab page ads
04-14 23:37:01.448 I/chromium(12350): [INFO:brave/components/brave_ads/core/internal/creatives/new_tab_page_ads/creative_new_tab_page_ads_util.cc:142] Successfully saved creative set conversions
04-14 23:37:01.522 W/chromium(12350): [WARNING:net/cert/ev_root_ca_metadata.cc:118] Not implemented
04-14 23:37:01.529 W/chromium(12460): [WARNING:content/app/android/content_main_android.cc:82] android_setCpu already initialized
04-14 23:37:01.580 W/chromium(12473): [WARNING:content/app/android/content_main_android.cc:82] android_setCpu already initialized
04-14 23:37:01.590 W/chromium(12350): [WARNING:net/cert/ev_root_ca_metadata.cc:118] Not implemented
04-14 23:37:01.717 W/chromium(12350): [WARNING:net/cert/ev_root_ca_metadata.cc:118] Not implemented
04-14 23:37:01.746 W/chromium(12350): [WARNING:net/cert/ev_root_ca_metadata.cc:118] Not implemented
04-14 23:37:01.811 E/chromium(12350): [ERROR:net/socket/socket_posix.cc:173] bind() failed: Address already in use (98)
04-14 23:37:01.811 E/chromium(12350): [ERROR:net/socket/unix_domain_server_socket_posix.cc:88] Could not bind unix domain socket to chrome_devtools_remote (with abstract namespace): Address already in use (98)
04-14 23:37:01.865 W/chromium(12524): [WARNING:content/app/android/content_main_android.cc:82] android_setCpu already initialized
04-14 23:37:01.902 W/chromium(12534): [WARNING:content/app/android/content_main_android.cc:82] android_setCpu already initialized
04-14 23:37:01.932 W/chromium(12535): [WARNING:content/app/android/content_main_android.cc:82] android_setCpu already initialized
04-14 23:37:02.024 W/chromium(12572): [WARNING:content/app/android/content_main_android.cc:82] android_setCpu already initialized
04-14 23:37:02.035 W/chromium(12350): [WARNING:chrome/browser/android/compositor/compositor_view.cc:385] Child process died (type=6) pid=12524)
04-14 23:37:02.045 W/chromium(12350): [WARNING:chrome/browser/android/compositor/compositor_view.cc:385] Child process died (type=6) pid=12534)
04-14 23:37:02.104 W/chromium(12587): [WARNING:content/app/android/content_main_android.cc:82] android_setCpu already initialized
04-14 23:37:02.121 W/chromium(12594): [WARNING:content/app/android/content_main_android.cc:82] android_setCpu already initialized
04-14 23:37:02.137 W/chromium(12350): [WARNING:chrome/browser/android/compositor/compositor_view.cc:385] Child process died (type=6) pid=12572)
04-14 23:37:02.193 W/chromium(12350): [WARNING:chrome/browser/android/compositor/compositor_view.cc:385] Child process died (type=6) pid=12594)
04-14 23:37:02.202 W/chromium(12623): [WARNING:content/app/android/content_main_android.cc:82] android_setCpu already initialized
04-14 23:37:02.203 W/chromium(12350): [WARNING:chrome/browser/android/compositor/compositor_view.cc:385] Child process died (type=6) pid=12587)
04-14 23:37:02.207 W/chromium(12350): [WARNING:chrome/browser/android/compositor/compositor_view.cc:385] Child process died (type=6) pid=12535)
04-14 23:37:02.262 W/chromium(12641): [WARNING:content/app/android/content_main_android.cc:82] android_setCpu already initialized
04-14 23:37:02.278 I/chromium(12350): [INFO:brave/components/brave_ads/core/internal/creatives/new_tab_page_ads/creative_new_tab_page_ads_util.cc:157] Successfully saved creative new tab page ads
04-14 23:37:02.279 I/chromium(12350): [INFO:brave/components/brave_ads/core/internal/creatives/new_tab_page_ads/creative_new_tab_page_ads_util.cc:142] Successfully saved creative set conversions
04-14 23:37:02.293 W/chromium(12350): [WARNING:net/cert/ev_root_ca_metadata.cc:118] Not implemented
04-14 23:37:02.302 W/chromium(12350): [WARNING:chrome/browser/android/compositor/compositor_view.cc:385] Child process died (type=6) pid=12623)
04-14 23:37:02.380 W/chromium(12350): [WARNING:chrome/browser/android/compositor/compositor_view.cc:385] Child process died (type=6) pid=12641)
04-14 23:37:03.310 W/chromium(12350): [WARNING:net/cert/ev_root_ca_metadata.cc:118] Not implemented
04-14 23:37:03.429 W/chromium(12350): [WARNING:net/cert/ev_root_ca_metadata.cc:118] Not implemented
04-14 23:37:05.878 W/chromium(12421): [WARNING:components/viz/service/frame_sinks/compositor_frame_sink_support.cc:1769] Surface SurfaceId(FrameSinkId(3, 3), LocalSurfaceId(10, 1, 8FA4...)) is destroyed while there is an outstanding CopyOutputRequest specificc for it.
04-14 23:37:10.601 W/chromium(12350): [WARNING:net/cert/ev_root_ca_metadata.cc:118] Not implemented
04-14 23:37:34.586 W/chromium(29244): [WARNING:net/cert/ev_root_ca_metadata.cc:118] Not implemented
04-14 23:37:37.057 W/chromium(29244): [WARNING:net/cert/ev_root_ca_metadata.cc:118] Not implemented
04-14 23:37:37.057 W/chromium(29244): [WARNING:net/cert/ev_root_ca_metadata.cc:118] Not implemented
04-14 23:37:37.120 W/chromium(12860): [WARNING:content/app/android/content_main_android.cc:82] android_setCpu already initialized
04-14 23:37:37.128 W/chromium(29244): [WARNING:net/cert/ev_root_ca_metadata.cc:118] Not implemented
04-14 23:37:37.241 W/chromium(29244): [WARNING:net/cert/ev_root_ca_metadata.cc:118] Not implemented
04-14 23:37:37.317 W/chromium(29244): [WARNING:net/cert/ev_root_ca_metadata.cc:118] Not implemented
04-14 23:37:37.323 W/chromium(12881): [WARNING:content/app/android/content_main_android.cc:82] android_setCpu already initialized
04-14 23:37:37.372 I/chromium( 9515): [INFO:third_party/blink/renderer/modules/peerconnection/peer_connection_dependency_factory.cc:941] Running WebRTC with a combined Network and Worker thread.
04-14 23:37:37.399 W/chromium(12899): [WARNING:content/app/android/content_main_android.cc:82] android_setCpu already initialized
04-14 23:37:37.485 W/chromium(29244): [WARNING:net/dns/host_resolver_dns_task.cc:934] Address list empty after RFC3484 sort
04-14 23:37:37.502 W/chromium(29244): [WARNING:chrome/browser/media/prefs/capture_device_ranking.h:255] Can't initialize the value of media.audio_input.user_preference_ranking because media.default_audio_capture_device isn't registered or is empty
04-14 23:37:37.502 W/chromium(29244): [WARNING:chrome/browser/media/prefs/capture_device_ranking.h:255] Can't initialize the value of media.video_input.user_preference_ranking because media.default_video_capture_Device isn't registered or is empty
04-14 23:37:49.555 W/chromium(29244): [WARNING:components/sync/engine/syncer_proto_util.cc:430] Error posting from syncer: Response Code (bogus on error): -1 Content-Length (bogus on error): -1 Server Status: CONNECTION_UNAVAILABLE
04-14 23:37:49.555 W/chromium(29244): [WARNING:components/sync/engine/commit.cc:181] Post commit failed
04-14 23:38:06.604 W/chromium( 9515): [WARNING:third_party/webrtc/media/engine/webrtc_voice_engine.cc:805] Attempting to stop aecdump when no audio processing module is present
04-14 23:38:17.409 E/chromium( 9515): [ERROR:third_party/webrtc/p2p/base/stun_port.cc:123] Binding request timed out from [0:0:0:x:x:x:x:x]:58491 (any)
04-14 23:38:27.409 E/chromium( 9515): [ERROR:third_party/webrtc/p2p/base/stun_port.cc:123] Binding request timed out from 0.0.0.x:36793 (any)
04-14 23:41:43.792 I/MainActivity(14082): Initializing Python runtime...
04-14 23:41:44.021 I/MainActivity(14082): Python runtime started
04-14 23:41:44.022 I/MainActivity(14082): Localization resource loader initialized
04-14 23:41:44.108 I/MainActivity(14082): Google Sign-In initialized with client ID: 265882853697-l421ndo...
04-14 23:41:44.108 I/MainActivity(14082): Initializing Google Play Billing...
04-14 23:41:44.152 I/CIRISApiClient(14082): [init] CIRISApiClient initialized with baseUrl=http://localhost:8080
04-14 23:41:44.171 I/MainActivity(14082): Google Play Billing initialized
04-14 23:41:44.174 I/MainActivity(14082): Google Play Integrity initialized (via Python API)
04-14 23:41:44.399 I/MainActivity(14082): Running CIRIS network diagnostics...
04-14 23:41:44.400 I/MainActivity(14082): Showing CIRISApp immediately for startup animation
04-14 23:41:44.401 I/MainActivity(14082): Starting PythonRuntimeService...
04-14 23:41:44.401 I/MainActivity(14082): Starting logcat reader (generation 1)
04-14 23:41:44.412 D/CIRISApp(14082): [INIT] CIRISApp composable invoked - googleSignInCallback=PRESENT (4586095)
04-14 23:41:44.422 I/CIRISApiClient(14082): [init] CIRISApiClient initialized with baseUrl=http://localhost:8080
04-14 23:41:44.428 I/TokenManager(14082): [setShared] Shared TokenManager instance set
04-14 23:41:44.439 I/InteractViewModel(14082): [init] InteractViewModel initialized (polling deferred until token available)
04-14 23:41:44.439 I/InteractViewModel(14082): [setDeviceAttestationCallback] Device attestation callback SET
04-14 23:41:44.440 I/InteractViewModel(14082): [observeLanguageChanges] Starting language observation for pipeline localization
04-14 23:41:44.444 I/SettingsViewModel(14082): [loadDisplaySettings] >>> Loading live_background_enabled from secure storage...
04-14 23:41:44.446 I/CIRISApiClient(14082): [getLlmBusStatus] GET http://localhost:8080/v1/system/llm/status
04-14 23:41:44.464 I/BillingViewModel(14082): [init] BillingViewModel initialized
04-14 23:41:44.674 I/CIRISApp(14082): Test mode enabled on mobile — starting test automation server
04-14 23:41:44.674 I/CIRISApp(14082): Initializing localization...
04-14 23:41:44.677 I/MainActivity(14082): Setting purchase result callback
04-14 23:41:44.691 D/CIRISApp(14082): [INIT] CIRISApp composable invoked - googleSignInCallback=PRESENT (4586095)
04-14 23:41:44.693 I/InteractViewModel(14082): [setDeviceAttestationCallback] Device attestation callback SET
04-14 23:41:44.738 E/CIRISApiClient(14082): [getLlmBusStatus] Exception: ConnectException: Failed to connect to localhost/127.0.0.1:8080 | Context: url=http://localhost:8080/v1/system/llm/status
04-14 23:41:44.738 E/CIRISApiClient(14082): java.net.ConnectException: Failed to connect to localhost/127.0.0.1:8080
04-14 23:41:44.738 E/CIRISApiClient(14082): 	at okhttp3.internal.connection.RealConnection.connectSocket(RealConnection.kt:297)
04-14 23:41:44.738 E/CIRISApiClient(14082): 	at okhttp3.internal.connection.RealConnection.connect(RealConnection.kt:207)
04-14 23:41:44.738 E/CIRISApiClient(14082): 	at okhttp3.internal.connection.ExchangeFinder.findConnection(ExchangeFinder.kt:226)
04-14 23:41:44.738 E/CIRISApiClient(14082): 	at okhttp3.internal.connection.ExchangeFinder.findHealthyConnection(ExchangeFinder.kt:106)
04-14 23:41:44.738 E/CIRISApiClient(14082): 	at okhttp3.internal.connection.ExchangeFinder.find(ExchangeFinder.kt:74)
04-14 23:41:44.738 E/CIRISApiClient(14082): 	at okhttp3.internal.connection.RealCall.initExchange$okhttp(RealCall.kt:255)
04-14 23:41:44.738 E/CIRISApiClient(14082): 	at okhttp3.internal.connection.ConnectInterceptor.intercept(ConnectInterceptor.kt:32)
04-14 23:41:44.738 E/CIRISApiClient(14082): 	at okhttp3.internal.http.RealInterceptorChain.proceed(RealInterceptorChain.kt:109)
04-14 23:41:44.738 E/CIRISApiClient(14082): 	at okhttp3.internal.cache.CacheInterceptor.intercept(CacheInterceptor.kt:95)
04-14 23:41:44.738 E/CIRISApiClient(14082): 	at okhttp3.internal.http.RealInterceptorChain.proceed(RealInterceptorChain.kt:109)
04-14 23:41:44.738 E/CIRISApiClient(14082): 	at okhttp3.internal.http.BridgeInterceptor.intercept(BridgeInterceptor.kt:83)
04-14 23:41:44.738 E/CIRISApiClient(14082): 	at okhttp3.internal.http.RealInterceptorChain.proceed(RealInterceptorChain.kt:109)
04-14 23:41:44.738 E/CIRISApiClient(14082): 	at okhttp3.internal.http.RetryAndFollowUpInterceptor.intercept(RetryAndFollowUpInterceptor.kt:76)
04-14 23:41:44.738 E/CIRISApiClient(14082): 	at okhttp3.internal.http.RealInterceptorChain.proceed(RealInterceptorChain.kt:109)
04-14 23:41:44.738 E/CIRISApiClient(14082): 	at okhttp3.internal.connection.RealCall.getResponseWithInterceptorChain$okhttp(RealCall.kt:201)
04-14 23:41:44.738 E/CIRISApiClient(14082): 	at okhttp3.internal.connection.RealCall$AsyncCall.run(RealCall.kt:517)
04-14 23:41:44.738 E/CIRISApiClient(14082): 	at java.util.concurrent.ThreadPoolExecutor.runWorker(ThreadPoolExecutor.java:1154)
04-14 23:41:44.738 E/CIRISApiClient(14082): 	at java.util.concurrent.ThreadPoolExecutor$Worker.run(ThreadPoolExecutor.java:652)
04-14 23:41:44.738 E/CIRISApiClient(14082): 	at java.lang.Thread.run(Thread.java:1564)
04-14 23:41:44.738 E/CIRISApiClient(14082): Caused by: java.net.ConnectException: failed to connect to localhost/127.0.0.1 (port 8080) from /127.0.0.1 (port 52506) after 5000ms: isConnected failed: ECONNREFUSED (Connection refused)
04-14 23:41:44.738 E/CIRISApiClient(14082): 	at libcore.io.IoBridge.isConnected(IoBridge.java:347)
04-14 23:41:44.738 E/CIRISApiClient(14082): 	at libcore.io.IoBridge.connectErrno(IoBridge.java:237)
04-14 23:41:44.738 E/CIRISApiClient(14082): 	at libcore.io.IoBridge.connect(IoBridge.java:179)
04-14 23:41:44.738 E/CIRISApiClient(14082): 	at java.net.PlainSocketImpl.socketConnect(PlainSocketImpl.java:142)
04-14 23:41:44.738 E/CIRISApiClient(14082): 	at java.net.AbstractPlainSocketImpl.doConnect(AbstractPlainSocketImpl.java:390)
04-14 23:41:44.738 E/CIRISApiClient(14082): 	at java.net.AbstractPlainSocketImpl.connectToAddress(AbstractPlainSocketImpl.java:230)
04-14 23:41:44.738 E/CIRISApiClient(14082): 	at java.net.AbstractPlainSocketImpl.connect(AbstractPlainSocketImpl.java:212)
04-14 23:41:44.738 E/CIRISApiClient(14082): 	at java.net.SocksSocketImpl.connect(SocksSocketImpl.java:436)
04-14 23:41:44.738 E/CIRISApiClient(14082): 	at java.net.Socket.connect(Socket.java:646)
04-14 23:41:44.738 E/CIRISApiClient(14082): 	at okhttp3.internal.platform.Platform.connectSocket(Platform.kt:128)
04-14 23:41:44.738 E/CIRISApiClient(14082): 	at okhttp3.internal.connection.RealConnection.connectSocket(RealConnection.kt:295)
04-14 23:41:44.738 E/CIRISApiClient(14082): 	... 18 more
04-14 23:41:44.738 E/CIRISApiClient(14082): Caused by: android.system.ErrnoException: isConnected failed: ECONNREFUSED (Connection refused)
04-14 23:41:44.738 E/CIRISApiClient(14082): 	at libcore.io.IoBridge.isConnected(IoBridge.java:334)
04-14 23:41:44.738 E/CIRISApiClient(14082): 	... 28 more
04-14 23:41:44.740 I/CIRISApiClient(14082): [getLlmProviders] GET http://localhost:8080/v1/system/llm/providers
04-14 23:41:44.796 I/python.stdout(14082): ============================================================
04-14 23:41:44.796 I/python.stdout(14082): PYDANTIC_CORE NATIVE LIBRARY SETUP
04-14 23:41:44.796 I/python.stdout(14082): ============================================================
04-14 23:41:44.796 I/python.stdout(14082): [1/6] Architecture: arm64-v8a (machine=aarch64)
04-14 23:41:44.796 I/python.stdout(14082): [2/6] Extract target: /data/data/ai.ciris.mobile.debug/files/chaquopy/extract-packages
04-14 23:41:44.798 I/python.stdout(14082): [3/6] No existing .so found, extracting from .imy...
04-14 23:41:44.802 I/python.stdout(14082):     Opening: chaquopy/requirements-arm64-v8a.imy
04-14 23:41:44.848 D/MainActivity(14082): Prep step 1/6: [1/6] Architecture: arm64-v8a (machine=aarch64)
04-14 23:41:44.850 D/MainActivity(14082): Prep step 2/6: [2/6] Extract target: /data/data/ai.ciris.mobile.debug/files/chaquopy/extract-packages
04-14 23:41:44.852 D/MainActivity(14082): Prep step 3/6: [3/6] No existing .so found, extracting from .imy...
04-14 23:41:45.011 I/InteractViewModel(14082): [observeLanguageChanges] Updating pipeline labels for language: en (explicit=false)
04-14 23:41:45.012 I/CIRISApp(14082): Initializing currency...
04-14 23:41:45.016 I/SettingsViewModel(14082): [loadDisplaySettings] >>> Raw value='null', parsed=true
04-14 23:41:45.017 I/SettingsViewModel(14082): [loadDisplaySettings] >>> Live background state set to: true
04-14 23:41:45.019 D/CIRISApp(14082): [INIT] CIRISApp composable invoked - googleSignInCallback=PRESENT (4586095)
04-14 23:41:45.021 I/InteractViewModel(14082): [setDeviceAttestationCallback] Device attestation callback SET
04-14 23:41:45.082 E/CIRISApiClient(14082): [getLlmProviders] Exception: ConnectException: Failed to connect to localhost/127.0.0.1:8080 | Context: url=http://localhost:8080/v1/system/llm/providers
04-14 23:41:45.082 E/CIRISApiClient(14082): java.net.ConnectException: Failed to connect to localhost/127.0.0.1:8080
04-14 23:41:45.082 E/CIRISApiClient(14082): 	at okhttp3.internal.connection.RealConnection.connectSocket(RealConnection.kt:297)
04-14 23:41:45.082 E/CIRISApiClient(14082): 	at okhttp3.internal.connection.RealConnection.connect(RealConnection.kt:207)
04-14 23:41:45.082 E/CIRISApiClient(14082): 	at okhttp3.internal.connection.ExchangeFinder.findConnection(ExchangeFinder.kt:226)
04-14 23:41:45.082 E/CIRISApiClient(14082): 	at okhttp3.internal.connection.ExchangeFinder.findHealthyConnection(ExchangeFinder.kt:106)
04-14 23:41:45.082 E/CIRISApiClient(14082): 	at okhttp3.internal.connection.ExchangeFinder.find(ExchangeFinder.kt:74)
04-14 23:41:45.082 E/CIRISApiClient(14082): 	at okhttp3.internal.connection.RealCall.initExchange$okhttp(RealCall.kt:255)
04-14 23:41:45.082 E/CIRISApiClient(14082): 	at okhttp3.internal.connection.ConnectInterceptor.intercept(ConnectInterceptor.kt:32)
04-14 23:41:45.082 E/CIRISApiClient(14082): 	at okhttp3.internal.http.RealInterceptorChain.proceed(RealInterceptorChain.kt:109)
04-14 23:41:45.082 E/CIRISApiClient(14082): 	at okhttp3.internal.cache.CacheInterceptor.intercept(CacheInterceptor.kt:95)
04-14 23:41:45.082 E/CIRISApiClient(14082): 	at okhttp3.internal.http.RealInterceptorChain.proceed(RealInterceptorChain.kt:109)
04-14 23:41:45.082 E/CIRISApiClient(14082): 	at okhttp3.internal.http.BridgeInterceptor.intercept(BridgeInterceptor.kt:83)
04-14 23:41:45.082 E/CIRISApiClient(14082): 	at okhttp3.internal.http.RealInterceptorChain.proceed(RealInterceptorChain.kt:109)
04-14 23:41:45.082 E/CIRISApiClient(14082): 	at okhttp3.internal.http.RetryAndFollowUpInterceptor.intercept(RetryAndFollowUpInterceptor.kt:76)
04-14 23:41:45.082 E/CIRISApiClient(14082): 	at okhttp3.internal.http.RealInterceptorChain.proceed(RealInterceptorChain.kt:109)
04-14 23:41:45.082 E/CIRISApiClient(14082): 	at okhttp3.internal.connection.RealCall.getResponseWithInterceptorChain$okhttp(RealCall.kt:201)
04-14 23:41:45.082 E/CIRISApiClient(14082): 	at okhttp3.internal.connection.RealCall$AsyncCall.run(RealCall.kt:517)
04-14 23:41:45.082 E/CIRISApiClient(14082): 	at java.util.concurrent.ThreadPoolExecutor.runWorker(ThreadPoolExecutor.java:1154)
04-14 23:41:45.082 E/CIRISApiClient(14082): 	at java.util.concurrent.ThreadPoolExecutor$Worker.run(ThreadPoolExecutor.java:652)
04-14 23:41:45.082 E/CIRISApiClient(14082): 	at java.lang.Thread.run(Thread.java:1564)
04-14 23:41:45.082 E/CIRISApiClient(14082): Caused by: java.net.ConnectException: failed to connect to localhost/127.0.0.1 (port 8080) from /127.0.0.1 (port 52534) after 5000ms: isConnected failed: ECONNREFUSED (Connection refused)
04-14 23:41:45.082 E/CIRISApiClient(14082): 	at libcore.io.IoBridge.isConnected(IoBridge.java:347)
04-14 23:41:45.082 E/CIRISApiClient(14082): 	at libcore.io.IoBridge.connectErrno(IoBridge.java:237)
04-14 23:41:45.082 E/CIRISApiClient(14082): 	at libcore.io.IoBridge.connect(IoBridge.java:179)
04-14 23:41:45.082 E/CIRISApiClient(14082): 	at java.net.PlainSocketImpl.socketConnect(PlainSocketImpl.java:142)
04-14 23:41:45.082 E/CIRISApiClient(14082): 	at java.net.AbstractPlainSocketImpl.doConnect(AbstractPlainSocketImpl.java:390)
04-14 23:41:45.082 E/CIRISApiClient(14082): 	at java.net.AbstractPlainSocketImpl.connectToAddress(AbstractPlainSocketImpl.java:230)
04-14 23:41:45.082 E/CIRISApiClient(14082): 	at java.net.AbstractPlainSocketImpl.connect(AbstractPlainSocketImpl.java:212)
04-14 23:41:45.082 E/CIRISApiClient(14082): 	at java.net.SocksSocketImpl.connect(SocksSocketImpl.java:436)
04-14 23:41:45.082 E/CIRISApiClient(14082): 	at java.net.Socket.connect(Socket.java:646)
04-14 23:41:45.082 E/CIRISApiClient(14082): 	at okhttp3.internal.platform.Platform.connectSocket(Platform.kt:128)
04-14 23:41:45.082 E/CIRISApiClient(14082): 	at okhttp3.internal.connection.RealConnection.connectSocket(RealConnection.kt:295)
04-14 23:41:45.082 E/CIRISApiClient(14082): 	... 18 more
04-14 23:41:45.082 E/CIRISApiClient(14082): Caused by: android.system.ErrnoException: isConnected failed: ECONNREFUSED (Connection refused)
04-14 23:41:45.082 E/CIRISApiClient(14082): 	at libcore.io.IoBridge.isConnected(IoBridge.java:334)
04-14 23:41:45.082 E/CIRISApiClient(14082): 	... 28 more
04-14 23:41:45.090 I/SettingsViewModel(14082): [loadDisplaySettings] >>> Color theme loaded: VAPOR
04-14 23:41:45.162 I/SettingsViewModel(14082): [loadDisplaySettings] >>> Brightness preference loaded: SYSTEM
04-14 23:41:45.164 E/CIRISApiClient(14082): [getSystemStatus] Exception: ConnectException: Failed to connect to localhost/127.0.0.1:8080 | Context: url=http://localhost:8080
04-14 23:41:45.164 E/CIRISApiClient(14082): java.net.ConnectException: Failed to connect to localhost/127.0.0.1:8080
04-14 23:41:45.164 E/CIRISApiClient(14082): 	at okhttp3.internal.connection.RealConnection.connectSocket(RealConnection.kt:297)
04-14 23:41:45.164 E/CIRISApiClient(14082): 	at okhttp3.internal.connection.RealConnection.connect(RealConnection.kt:207)
04-14 23:41:45.164 E/CIRISApiClient(14082): 	at okhttp3.internal.connection.ExchangeFinder.findConnection(ExchangeFinder.kt:226)
04-14 23:41:45.164 E/CIRISApiClient(14082): 	at okhttp3.internal.connection.ExchangeFinder.findHealthyConnection(ExchangeFinder.kt:106)
04-14 23:41:45.164 E/CIRISApiClient(14082): 	at okhttp3.internal.connection.ExchangeFinder.find(ExchangeFinder.kt:74)
04-14 23:41:45.164 E/CIRISApiClient(14082): 	at okhttp3.internal.connection.RealCall.initExchange$okhttp(RealCall.kt:255)
04-14 23:41:45.164 E/CIRISApiClient(14082): 	at okhttp3.internal.connection.ConnectInterceptor.intercept(ConnectInterceptor.kt:32)
04-14 23:41:45.164 E/CIRISApiClient(14082): 	at okhttp3.internal.http.RealInterceptorChain.proceed(RealInterceptorChain.kt:109)
04-14 23:41:45.164 E/CIRISApiClient(14082): 	at okhttp3.internal.cache.CacheInterceptor.intercept(CacheInterceptor.kt:95)
04-14 23:41:45.164 E/CIRISApiClient(14082): 	at okhttp3.internal.http.RealInterceptorChain.proceed(RealInterceptorChain.kt:109)
04-14 23:41:45.164 E/CIRISApiClient(14082): 	at okhttp3.internal.http.BridgeInterceptor.intercept(BridgeInterceptor.kt:83)
04-14 23:41:45.164 E/CIRISApiClient(14082): 	at okhttp3.internal.http.RealInterceptorChain.proceed(RealInterceptorChain.kt:109)
04-14 23:41:45.164 E/CIRISApiClient(14082): 	at okhttp3.internal.http.RetryAndFollowUpInterceptor.intercept(RetryAndFollowUpInterceptor.kt:76)
04-14 23:41:45.164 E/CIRISApiClient(14082): 	at okhttp3.internal.http.RealInterceptorChain.proceed(RealInterceptorChain.kt:109)
04-14 23:41:45.164 E/CIRISApiClient(14082): 	at okhttp3.internal.connection.RealCall.getResponseWithInterceptorChain$okhttp(RealCall.kt:201)
04-14 23:41:45.164 E/CIRISApiClient(14082): 	at okhttp3.internal.connection.RealCall$AsyncCall.run(RealCall.kt:517)
04-14 23:41:45.164 E/CIRISApiClient(14082): 	at java.util.concurrent.ThreadPoolExecutor.runWorker(ThreadPoolExecutor.java:1154)
04-14 23:41:45.164 E/CIRISApiClient(14082): 	at java.util.concurrent.ThreadPoolExecutor$Worker.run(ThreadPoolExecutor.java:652)
04-14 23:41:45.164 E/CIRISApiClient(14082): 	at java.lang.Thread.run(Thread.java:1564)
04-14 23:41:45.164 E/CIRISApiClient(14082): Caused by: java.net.ConnectException: failed to connect to localhost/127.0.0.1 (port 8080) from /127.0.0.1 (port 52546) after 5000ms: isConnected failed: ECONNREFUSED (Connection refused)
04-14 23:41:45.164 E/CIRISApiClient(14082): 	at libcore.io.IoBridge.isConnected(IoBridge.java:347)
04-14 23:41:45.164 E/CIRISApiClient(14082): 	at libcore.io.IoBridge.connectErrno(IoBridge.java:237)
04-14 23:41:45.164 E/CIRISApiClient(14082): 	at libcore.io.IoBridge.connect(IoBridge.java:179)
04-14 23:41:45.164 E/CIRISApiClient(14082): 	at java.net.PlainSocketImpl.socketConnect(PlainSocketImpl.java:142)
04-14 23:41:45.164 E/CIRISApiClient(14082): 	at java.net.AbstractPlainSocketImpl.doConnect(AbstractPlainSocketImpl.java:390)
04-14 23:41:45.164 E/CIRISApiClient(14082): 	at java.net.AbstractPlainSocketImpl.connectToAddress(AbstractPlainSocketImpl.java:230)
04-14 23:41:45.164 E/CIRISApiClient(14082): 	at java.net.AbstractPlainSocketImpl.connect(AbstractPlainSocketImpl.java:212)
04-14 23:41:45.164 E/CIRISApiClient(14082): 	at java.net.SocksSocketImpl.connect(SocksSocketImpl.java:436)
04-14 23:41:45.164 E/CIRISApiClient(14082): 	at java.net.Socket.connect(Socket.java:646)
04-14 23:41:45.164 E/CIRISApiClient(14082): 	at okhttp3.internal.platform.Platform.connectSocket(Platform.kt:128)
04-14 23:41:45.164 E/CIRISApiClient(14082): 	at okhttp3.internal.connection.RealConnection.connectSocket(RealConnection.kt:295)
04-14 23:41:45.164 E/CIRISApiClient(14082): 	... 18 more
04-14 23:41:45.164 E/CIRISApiClient(14082): Caused by: android.system.ErrnoException: isConnected failed: ECONNREFUSED (Connection refused)
04-14 23:41:45.164 E/CIRISApiClient(14082): 	at libcore.io.IoBridge.isConnected(IoBridge.java:334)
04-14 23:41:45.164 E/CIRISApiClient(14082): 	... 28 more
04-14 23:41:45.320 I/python.stdout(14082):     Read 3,244,742 bytes from .imy
04-14 23:41:45.362 I/python.stdout(14082):     Extracted 10 files
04-14 23:41:45.363 I/python.stdout(14082):     Found: _pydantic_core.cpython-310-aarch64-linux-android.so (4,656,857 bytes)
04-14 23:41:45.363 I/python.stdout(14082): [4/6] No cached modules to clear
04-14 23:41:45.363 I/python.stdout(14082): [5/6] sys.path[0] = /data/data/ai.ciris.mobile.debug/files/chaquopy/extract-packages
04-14 23:41:45.363 I/python.stdout(14082): [5/6] Installed PydanticCoreFinder at meta_path[0]
04-14 23:41:45.363 I/python.stdout(14082): [6/6] Testing native library load...
04-14 23:41:45.368 D/MainActivity(14082): Prep step 4/6: [4/6] No cached modules to clear
04-14 23:41:45.368 I/python.stdout(14082): [6/6] ctypes.CDLL: SUCCESS
04-14 23:41:45.368 W/python.stderr(14082): <frozen importlib._bootstrap>:914: ImportWarning: PydanticCoreFinder.find_spec() not found; falling back to find_module()
04-14 23:41:45.369 W/python.stderr(14082): <frozen importlib._bootstrap>:671: ImportWarning: PydanticCoreFinder.exec_module() not found; falling back to load_module()
04-14 23:41:45.369 D/MainActivity(14082): Prep step 5/6: [5/6] sys.path[0] = /data/data/ai.ciris.mobile.debug/files/chaquopy/extract-packages
04-14 23:41:45.370 D/MainActivity(14082): Prep step 5/6: [5/6] Installed PydanticCoreFinder at meta_path[0]
04-14 23:41:45.371 D/MainActivity(14082): Prep step 6/6: [6/6] Testing native library load...
04-14 23:41:45.372 D/MainActivity(14082): Prep step 6/6: [6/6] ctypes.CDLL: SUCCESS
04-14 23:41:45.438 I/python.stdout(14082): [6/6] import pydantic_core: SUCCESS (v2.23.4)
04-14 23:41:45.438 I/python.stdout(14082): [6/6] Location: /data/data/ai.ciris.mobile.debug/files/chaquopy/extract-packages/pydantic_core/__init__.py
04-14 23:41:45.438 I/python.stdout(14082): ============================================================
04-14 23:41:45.438 I/python.stdout(14082): PYDANTIC_CORE READY
04-14 23:41:45.438 I/python.stdout(14082): ============================================================
04-14 23:41:45.439 I/python.stdout(14082): INFO: mobile_main: CIRIS Mobile - Full On-Device Runtime (LLM Remote)
04-14 23:41:45.440 D/MainActivity(14082): Prep step 6/6: [6/6] import pydantic_core: SUCCESS (v2.23.4)
04-14 23:41:45.441 D/MainActivity(14082): Prep step 6/6: [6/6] Location: /data/data/ai.ciris.mobile.debug/files/chaquopy/extract-packages/pydantic_core/__init__.py
04-14 23:41:46.125 I/MainActivity(14082): Network diagnostics completed
04-14 23:41:48.025 D/CIRISApp(14082): [INIT] CIRISApp composable invoked - googleSignInCallback=PRESENT (4586095)
04-14 23:41:48.028 I/InteractViewModel(14082): [setDeviceAttestationCallback] Device attestation callback SET
04-14 23:41:48.108 I/python.stdout(14082): INFO: ciris_engine.logic.utils.constants: [ACCORD] Loaded accord_1.2b_POLYGLOT.txt: 63819 chars
04-14 23:41:48.109 I/python.stdout(14082): INFO: ciris_engine.logic.utils.constants: [ACCORD] ACCORD_TEXT ready: 63819 chars total
04-14 23:41:48.109 I/python.stdout(14082): INFO: ciris_engine.logic.utils.constants: [ACCORD] Loaded accord_1.2b_POLYGLOT_compressed.txt: 7338 chars
04-14 23:41:48.109 I/python.stdout(14082): INFO: ciris_engine.logic.utils.constants: [ACCORD] Active mode: compressed (set via CIRIS_ACCORD_MODE env var)
04-14 23:41:48.109 I/python.stdout(14082): INFO: ciris_engine.logic.utils.constants: [ACCORD] Using compressed polyglot (~7338 chars) for system prompts
04-14 23:41:48.866 W/python.stderr(14082): stdlib/enum.py:289: DeprecationWarning: FUNCTIONS is deprecated and will be removed in future versions
04-14 23:41:49.188 I/python.stdout(14082): INFO: ciris_engine.logic.utils.path_resolution: [path_resolution] CIRIS_HOME configured: /data/data/ai.ciris.mobile.debug/files/ciris (platform: Android, os: linux)
04-14 23:41:49.188 I/python.stdout(14082): INFO: mobile_main: Android paths: CIRIS_HOME=/data/data/ai.ciris.mobile.debug/files/ciris, data=/data/data/ai.ciris.mobile.debug/files/ciris/data, logs=/data/data/ai.ciris.mobile.debug/files/ciris/logs
04-14 23:41:49.188 I/python.stdout(14082): INFO: mobile_main: No .env file at /data/data/ai.ciris.mobile.debug/files/ciris/.env - is_first_run() will detect this
04-14 23:41:49.188 I/python.stdout(14082): INFO: mobile_main: Verifying code integrity (parallel with imports)...
04-14 23:41:49.194 I/python.stdout(14082): [7/8] Hashing ciris_engine...
04-14 23:41:49.196 D/MainActivity(14082): Prep step 7/8: [7/8] Hashing ciris_engine...
04-14 23:41:49.619 I/python.stdout(14082): [7/8] ciris_engine: 708 files hashed
04-14 23:41:49.619 I/python.stdout(14082): [8/8] Hashing ciris_adapters...
04-14 23:41:49.625 D/MainActivity(14082): Prep step 7/8: [7/8] ciris_engine: 708 files hashed
04-14 23:41:49.628 D/MainActivity(14082): Prep step 8/8: [8/8] Hashing ciris_adapters...
04-14 23:41:49.642 D/CIRISApp(14082): [INIT] CIRISApp composable invoked - googleSignInCallback=PRESENT (4586095)
04-14 23:41:49.644 I/InteractViewModel(14082): [setDeviceAttestationCallback] Device attestation callback SET
04-14 23:41:49.741 I/python.stdout(14082): [8/8] ciris_adapters: 262 files hashed
04-14 23:41:49.742 I/python.stdout(14082): INFO: mobile_main: Code integrity check: 970/970 files hashed, total_hash=0ea4e9e2fc85fbe5...
04-14 23:41:49.744 D/MainActivity(14082): Prep step 8/8: [8/8] ciris_adapters: 262 files hashed
04-14 23:41:49.746 I/python.stdout(14082): INFO: mobile_main: Saved 970 module hashes to /data/data/ai.ciris.mobile.debug/files/ciris/startup_python_hashes.json
04-14 23:41:50.178 E/CIRISApiClient(14082): [getSystemStatus] Exception: ConnectException: Failed to connect to localhost/127.0.0.1:8080 | Context: url=http://localhost:8080
04-14 23:41:50.178 E/CIRISApiClient(14082): java.net.ConnectException: Failed to connect to localhost/127.0.0.1:8080
04-14 23:41:50.178 E/CIRISApiClient(14082): 	at okhttp3.internal.connection.RealConnection.connectSocket(RealConnection.kt:297)
04-14 23:41:50.178 E/CIRISApiClient(14082): 	at okhttp3.internal.connection.RealConnection.connect(RealConnection.kt:207)
04-14 23:41:50.178 E/CIRISApiClient(14082): 	at okhttp3.internal.connection.ExchangeFinder.findConnection(ExchangeFinder.kt:226)
04-14 23:41:50.178 E/CIRISApiClient(14082): 	at okhttp3.internal.connection.ExchangeFinder.findHealthyConnection(ExchangeFinder.kt:106)
04-14 23:41:50.178 E/CIRISApiClient(14082): 	at okhttp3.internal.connection.ExchangeFinder.find(ExchangeFinder.kt:74)
04-14 23:41:50.178 E/CIRISApiClient(14082): 	at okhttp3.internal.connection.RealCall.initExchange$okhttp(RealCall.kt:255)
04-14 23:41:50.178 E/CIRISApiClient(14082): 	at okhttp3.internal.connection.ConnectInterceptor.intercept(ConnectInterceptor.kt:32)
04-14 23:41:50.178 E/CIRISApiClient(14082): 	at okhttp3.internal.http.RealInterceptorChain.proceed(RealInterceptorChain.kt:109)
04-14 23:41:50.178 E/CIRISApiClient(14082): 	at okhttp3.internal.cache.CacheInterceptor.intercept(CacheInterceptor.kt:95)
04-14 23:41:50.178 E/CIRISApiClient(14082): 	at okhttp3.internal.http.RealInterceptorChain.proceed(RealInterceptorChain.kt:109)
04-14 23:41:50.178 E/CIRISApiClient(14082): 	at okhttp3.internal.http.BridgeInterceptor.intercept(BridgeInterceptor.kt:83)
04-14 23:41:50.178 E/CIRISApiClient(14082): 	at okhttp3.internal.http.RealInterceptorChain.proceed(RealInterceptorChain.kt:109)
04-14 23:41:50.178 E/CIRISApiClient(14082): 	at okhttp3.internal.http.RetryAndFollowUpInterceptor.intercept(RetryAndFollowUpInterceptor.kt:76)
04-14 23:41:50.178 E/CIRISApiClient(14082): 	at okhttp3.internal.http.RealInterceptorChain.proceed(RealInterceptorChain.kt:109)
04-14 23:41:50.178 E/CIRISApiClient(14082): 	at okhttp3.internal.connection.RealCall.getResponseWithInterceptorChain$okhttp(RealCall.kt:201)
04-14 23:41:50.178 E/CIRISApiClient(14082): 	at okhttp3.internal.connection.RealCall$AsyncCall.run(RealCall.kt:517)
04-14 23:41:50.178 E/CIRISApiClient(14082): 	at java.util.concurrent.ThreadPoolExecutor.runWorker(ThreadPoolExecutor.java:1154)
04-14 23:41:50.178 E/CIRISApiClient(14082): 	at java.util.concurrent.ThreadPoolExecutor$Worker.run(ThreadPoolExecutor.java:652)
04-14 23:41:50.178 E/CIRISApiClient(14082): 	at java.lang.Thread.run(Thread.java:1564)
04-14 23:41:50.178 E/CIRISApiClient(14082): Caused by: java.net.ConnectException: failed to connect to localhost/127.0.0.1 (port 8080) from /127.0.0.1 (port 52614) after 5000ms: isConnected failed: ECONNREFUSED (Connection refused)
04-14 23:41:50.178 E/CIRISApiClient(14082): 	at libcore.io.IoBridge.isConnected(IoBridge.java:347)
04-14 23:41:50.178 E/CIRISApiClient(14082): 	at libcore.io.IoBridge.connectErrno(IoBridge.java:237)
04-14 23:41:50.178 E/CIRISApiClient(14082): 	at libcore.io.IoBridge.connect(IoBridge.java:179)
04-14 23:41:50.178 E/CIRISApiClient(14082): 	at java.net.PlainSocketImpl.socketConnect(PlainSocketImpl.java:142)
04-14 23:41:50.178 E/CIRISApiClient(14082): 	at java.net.AbstractPlainSocketImpl.doConnect(AbstractPlainSocketImpl.java:390)
04-14 23:41:50.178 E/CIRISApiClient(14082): 	at java.net.AbstractPlainSocketImpl.connectToAddress(AbstractPlainSocketImpl.java:230)
04-14 23:41:50.178 E/CIRISApiClient(14082): 	at java.net.AbstractPlainSocketImpl.connect(AbstractPlainSocketImpl.java:212)
04-14 23:41:50.178 E/CIRISApiClient(14082): 	at java.net.SocksSocketImpl.connect(SocksSocketImpl.java:436)
04-14 23:41:50.178 E/CIRISApiClient(14082): 	at java.net.Socket.connect(Socket.java:646)
04-14 23:41:50.178 E/CIRISApiClient(14082): 	at okhttp3.internal.platform.Platform.connectSocket(Platform.kt:128)
04-14 23:41:50.178 E/CIRISApiClient(14082): 	at okhttp3.internal.connection.RealConnection.connectSocket(RealConnection.kt:295)
04-14 23:41:50.178 E/CIRISApiClient(14082): 	... 18 more
