03-23 21:17:43.098 I/python.stdout(21292): INFO: ciris_engine.logic.runtime.ciris_runtime: [initialize] Got initialization service: <ciris_engine.logic.services.lifecycle.initialization.service.InitializationService object at 0x7775623a30>
03-23 21:17:43.098 I/python.stdout(21292): INFO: ciris_engine.logic.runtime.ciris_runtime: [initialize] Registering initialization steps...
03-23 21:17:43.099 I/python.stdout(21292): INFO: ciris_engine.logic.runtime.ciris_runtime: [initialize] Steps registered
03-23 21:17:43.099 I/python.stdout(21292): INFO: ciris_engine.logic.runtime.ciris_runtime: [initialize] Running initialization sequence...
03-23 21:17:43.099 I/python.stdout(21292): INFO: ciris_engine.logic.services.lifecycle.initialization.service: ============================================================
03-23 21:17:43.099 I/python.stdout(21292): INFO: ciris_engine.logic.services.lifecycle.initialization.service: CIRIS Agent Initialization Sequence Starting
03-23 21:17:43.099 I/python.stdout(21292): INFO: ciris_engine.logic.services.lifecycle.initialization.service: ============================================================
03-23 21:17:43.099 I/python.stdout(21292): INFO: ciris_engine.logic.services.lifecycle.initialization.service: [InitializationService] Registered 13 steps across 8 phases
03-23 21:17:43.099 I/python.stdout(21292): INFO: ciris_engine.logic.services.lifecycle.initialization.service: [InitializationService] Executing phase infrastructure with 1 steps
03-23 21:17:43.099 I/python.stdout(21292): INFO: ciris_engine.logic.services.lifecycle.initialization.service: ------------------------------------------------------------
03-23 21:17:43.099 I/python.stdout(21292): INFO: ciris_engine.logic.services.lifecycle.initialization.service: Phase: INFRASTRUCTURE
03-23 21:17:43.099 I/python.stdout(21292): INFO: ciris_engine.logic.services.lifecycle.initialization.service: ------------------------------------------------------------
03-23 21:17:43.099 I/python.stdout(21292): INFO: ciris_engine.logic.services.lifecycle.initialization.service: → Initialize Infrastructure Services...
03-23 21:17:43.099 D/MainActivity(21292): Service 4 started (4/22)
03-23 21:17:43.100 D/MainActivity(21292): Service 4 started (4/22)
03-23 21:17:43.116 I/python.stdout(21292): 
03-23 21:17:43.116 I/python.stdout(21292): ================================================================================
03-23 21:17:43.116 I/python.stdout(21292): 🔍 LOGGING INITIALIZED - SEE DETAILED LOGS AT: /data/data/ai.ciris.mobile.debug/files/ciris/logs/ciris_agent_20260324_021743.log
03-23 21:17:43.116 I/python.stdout(21292): 🔗 Symlinked to: /data/data/ai.ciris.mobile.debug/files/ciris/logs/latest.log
03-23 21:17:43.116 I/python.stdout(21292): ⚠️  Incident capture: /data/data/ai.ciris.mobile.debug/files/ciris/logs/incidents_latest.log (WARNING/ERROR messages captured as incidents)
03-23 21:17:43.116 I/python.stdout(21292): ================================================================================
03-23 21:17:43.116 I/python.stdout(21292): 
03-23 21:17:43.133 I/python.stdout(21292): [FULL-STARTUP] [SERVICE 5/22] SecretsService STARTED
03-23 21:17:43.133 D/MainActivity(21292): Service 5 started (5/22)
03-23 21:17:43.135 I/python.stdout(21292): [FULL-STARTUP] [SERVICE 22/22] SecretsToolService STARTED
03-23 21:17:43.135 D/MainActivity(21292): Service 22 started (6/22)
03-23 21:17:43.139 I/python.stdout(21292): [FULL-STARTUP] [SERVICE 6/22] MemoryService STARTED
03-23 21:17:43.140 I/python.stdout(21292): [FULL-STARTUP] [SERVICE 7/22] ConfigService STARTED
03-23 21:17:43.140 D/MainActivity(21292): Service 6 started (7/22)
03-23 21:17:43.140 D/MainActivity(21292): Service 7 started (8/22)
03-23 21:17:43.776 I/python.stdout(21292): [FULL-STARTUP] [SERVICE 15/22] AuthenticationService STARTED
03-23 21:17:43.777 D/MainActivity(21292): Service 15 started (9/22)
03-23 21:17:43.788 I/python.stdout(21292): [FULL-STARTUP] [SERVICE 13/22] WiseAuthority STARTED
03-23 21:17:43.789 W/chromium(20552): [WARNING:components/sync/engine/syncer_proto_util.cc:430] Error posting from syncer: Response Code (bogus on error): -1 Content-Length (bogus on error): -1 Server Status: CONNECTION_UNAVAILABLE
03-23 21:17:43.789 E/chromium(20552): [ERROR:components/sync/engine/get_updates_processor.cc:270] PostClientToServerMessage() failed during GetUpdates with error Network error (ERR_INTERNET_DISCONNECTED)
03-23 21:17:43.793 D/MainActivity(21292): Service 13 started (10/22)
03-23 21:17:43.799 I/python.stdout(21292): [SERVICES] === RESUME (12 remaining services) PHASE ===
03-23 21:17:43.805 I/python.stdout(21292): [RESUME (12 remaining services)] [SERVICE 9/22] TelemetryService STARTED
03-23 21:17:43.806 D/MainActivity(21292): Service 9 started (11/22)
03-23 21:17:43.844 I/python.stdout(21292): [RESUME (12 remaining services)] [SERVICE 14/22] LLMService STARTED
03-23 21:17:43.850 D/MainActivity(21292): Service 14 started (12/22)
03-23 21:17:47.119 D/EnvFileUpdater(21292): Found CIRIS_HOME from env: /data/user/0/ai.ciris.mobile.debug/files/ciris
03-23 21:17:47.421 I/python.stdout(21292): [RESUME (12 remaining services)] [SERVICE 8/22] AuditService STARTED
03-23 21:17:47.423 D/MainActivity(21292): Service 8 started (13/22)
03-23 21:17:47.432 I/python.stdout(21292): [RESUME (12 remaining services)] [SERVICE 10/22] IncidentManagement STARTED
03-23 21:17:47.435 D/MainActivity(21292): Service 10 started (14/22)
03-23 21:17:47.446 I/python.stdout(21292): [RESUME (12 remaining services)] [SERVICE 19/22] AdaptiveFilter STARTED
03-23 21:17:47.448 D/MainActivity(21292): Service 19 started (15/22)
03-23 21:17:47.454 I/python.stdout(21292): [RESUME (12 remaining services)] [SERVICE 18/22] TaskScheduler STARTED
03-23 21:17:47.455 D/MainActivity(21292): Service 18 started (16/22)
03-23 21:17:47.590 I/python.stdout(21292): [RESUME (12 remaining services)] [SERVICE 11/22] TSDBConsolidation STARTED
03-23 21:17:47.591 I/python.stdout(21292): [RESUME (12 remaining services)] [SERVICE 16/22] DatabaseMaintenance STARTED
03-23 21:17:47.591 D/MainActivity(21292): Service 11 started (17/22)
03-23 21:17:47.592 I/python.stdout(21292): [RESUME (12 remaining services)] [SERVICE 21/22] SelfObservation STARTED
03-23 21:17:47.593 D/MainActivity(21292): Service 16 started (18/22)
03-23 21:17:47.593 D/MainActivity(21292): Service 21 started (19/22)
03-23 21:17:47.595 I/python.stdout(21292): [RESUME (12 remaining services)] [SERVICE 20/22] VisibilityService STARTED
03-23 21:17:47.595 D/MainActivity(21292): Service 20 started (20/22)
03-23 21:17:47.595 I/python.stdout(21292): [RESUME (12 remaining services)] [SERVICE 12/22] ConsentService STARTED
03-23 21:17:47.595 D/MainActivity(21292): Service 12 started (21/22)
03-23 21:17:47.602 I/python.stdout(21292): [RESUME (12 remaining services)] [SERVICE 17/22] RuntimeControl STARTED
03-23 21:17:47.602 D/MainActivity(21292): Service 17 started (22/22)
03-23 21:17:47.750 W/python.stderr(21292): /data/data/ai.ciris.mobile.debug/files/chaquopy/AssetFinder/requirements/pydantic/_internal/_config.py:291: PydanticDeprecatedSince20: Support for class-based `config` is deprecated, use ConfigDict instead. Deprecated in Pydantic V2.0 to be removed in V3.0. See Pydantic V2 Migration Guide at https://errors.pydantic.dev/2.9/migration/
03-23 21:17:48.195 I/python.stdout(21292): Starting CIRIS API...
03-23 21:17:48.860 D/CIRISApp(21292): [INIT] CIRISApp composable invoked - googleSignInCallback=PRESENT (77361101)
03-23 21:17:48.863 I/InteractViewModel(21292): [setDeviceAttestationCallback] Device attestation callback SET
03-23 21:17:48.909 D/CIRISApp(21292): [INFO] Startup READY, checking first-run status...
03-23 21:17:48.923 I/CIRISApiClient(21292): [init] CIRISApiClient initialized with baseUrl=http://localhost:8080
03-23 21:17:48.989 I/CIRISApiClient(21292): [getSetupStatus] Setup status: required=false, firstRun=false, configExists=true
03-23 21:17:48.991 D/CIRISApp(21292): [INFO] First run check result: false
03-23 21:17:48.991 D/CIRISApp(21292): [INFO] Not first run, attempting to load and validate stored token
03-23 21:17:49.044 D/CIRISApp(21292): [INFO] Loaded stored token: ciris_ad...LNIE
03-23 21:17:49.046 W/TokenManager(21292): [getTokenExpiry] Invalid JWT format: expected 3 parts, got 1
03-23 21:17:49.047 I/TokenManager(21292): [checkAndRefreshToken] Token check: expiry=null, remaining=nulls, minValid=300s
03-23 21:17:49.047 W/TokenManager(21292): [checkAndRefreshToken] Could not parse token expiry - treating as expired
03-23 21:17:49.048 I/TokenManager(21292): [attemptSilentRefresh] Attempting silent sign-in...
03-23 21:17:49.048 I/MainActivity(21292): Silent Sign-In requested from CIRISApp
03-23 21:17:49.055 I/MainActivity(21292): Found cached account: mooreericnyc@gmail.com
03-23 21:17:49.381 W/python.stderr(21292): /data/data/ai.ciris.mobile.debug/files/chaquopy/AssetFinder/requirements/pydantic/main.py:390: UserWarning: Pydantic serializer warnings:
03-23 21:17:49.381 W/python.stderr(21292):   Expected `dict[str, nullable]` but got `AdapterConfig` with value `AdapterConfig(adapter_typ...{}, adapter_config=None)` - serialized value may not be as expected
03-23 21:17:49.671 I/MainActivity(21292): Silent Sign-In successful: mooreericnyc@gmail.com
03-23 21:17:49.671 I/TokenManager(21292): [attemptSilentRefresh] Silent sign-in successful! provider=google
03-23 21:17:49.672 I/TokenManager(21292): [handleNewToken] Processing new token (length: 1100, provider: google)
03-23 21:17:49.675 I/TokenManager(21292): [handleNewToken] New token expiry: 1774322269 (3600s remaining)
03-23 21:17:49.676 I/CIRISApp(21292):  OAuth ID token refreshed by TokenManager (provider=google), exchanging for CIRIS token
03-23 21:17:49.677 I/CIRISApp(21292):  Token was refreshed, waiting for CIRIS token exchange...
03-23 21:17:49.679 I/CIRISApiClient(21292): [nativeAuth] Attempting native auth: provider=google, userId=null
03-23 21:17:49.679 I/CIRISApiClient(21292): [googleAuth] Attempting Google auth: userId=null, idToken=eyJhbGci...18fg
03-23 21:17:49.695 I/TokenManager(21292): [startPeriodicRefresh] Starting periodic refresh (interval: 45 minutes)
03-23 21:17:49.817 I/python.stdout(21292): [21:17:49.816] [STATE] Transition: shutdown -> work
03-23 21:17:50.839 I/CIRISApiClient(21292): [googleAuth] Google auth successful: userId=google:115300315355793131383, role=SYSTEM_ADMIN
03-23 21:17:50.840 I/CIRISApp(21292):  Got CIRIS access token: ciris_ad...STlA
03-23 21:17:50.840 I/CIRISApiClient(21292): [setAccessToken] Setting access token: ciris_ad...STlA, length=55
03-23 21:17:50.841 I/CIRISApiClient(21292): [setAccessToken] Bearer token set on all API instances (13 APIs)
03-23 21:17:50.842 I/MainActivity(21292): Token updated, setting on billing apiClient
03-23 21:17:50.842 I/CIRISApiClient(21292): [setAccessToken] Setting access token: ciris_ad...STlA, length=55
03-23 21:17:50.842 I/CIRISApiClient(21292): [setAccessToken] Bearer token set on all API instances (13 APIs)
03-23 21:17:50.843 I/CIRISApiClient(21292): [logTokenState] === TOKEN STATE DEBUG ===
03-23 21:17:50.843 I/CIRISApiClient(21292): [logTokenState] accessToken present: true
03-23 21:17:50.844 I/CIRISApiClient(21292): [logTokenState] accessToken preview: ciris_ad...STlA
03-23 21:17:50.844 I/CIRISApiClient(21292): [logTokenState] accessToken length: 55
03-23 21:17:50.844 I/CIRISApiClient(21292): [logTokenState] authHeader() returns: Bearer <token>
03-23 21:17:50.845 I/CIRISApiClient(21292): [logTokenState] =========================
03-23 21:17:50.848 I/CIRISApp(21292):  Refreshed CIRIS token saved to secure storage
03-23 21:17:50.848 I/CIRISApp(21292):  Writing OAuth ID token to .env for Python billing...
03-23 21:17:50.849 D/EnvFileUpdater(21292): Found CIRIS_HOME from env: /data/user/0/ai.ciris.mobile.debug/files/ciris
03-23 21:17:50.850 I/EnvFileUpdater(21292): Read .env file (7092 bytes)
03-23 21:17:50.851 I/EnvFileUpdater(21292): CIRIS proxy mode detected - updating OPENAI_API_KEY
03-23 21:17:50.852 I/EnvFileUpdater(21292): Updated OPENAI_API_KEY
03-23 21:17:50.853 I/EnvFileUpdater(21292): Updated CIRIS_BILLING_GOOGLE_ID_TOKEN
03-23 21:17:50.853 I/EnvFileUpdater(21292): .env file updated (proxy mode: true)
03-23 21:17:50.853 D/EnvFileUpdater(21292): Found CIRIS_HOME from env: /data/user/0/ai.ciris.mobile.debug/files/ciris
03-23 21:17:50.854 I/EnvFileUpdater(21292): Config reload signal written to /data/user/0/ai.ciris.mobile.debug/files/ciris/.config_reload
03-23 21:17:50.854 I/CIRISApp(21292):  .env updated, .config_reload signal written
03-23 21:17:50.854 I/CIRISApp(21292):  Waiting 1.5s for Python to reload billing token...
03-23 21:17:52.247 W/chromium(20552): [WARNING:components/sync/engine/syncer_proto_util.cc:430] Error posting from syncer: Response Code (bogus on error): -1 Content-Length (bogus on error): -1 Server Status: CONNECTION_UNAVAILABLE
03-23 21:17:52.248 E/chromium(20552): [ERROR:components/sync/engine/get_updates_processor.cc:270] PostClientToServerMessage() failed during GetUpdates with error Network error (ERR_INTERNET_DISCONNECTED)
03-23 21:17:52.356 I/CIRISApp(21292):  Python reload wait complete
03-23 21:17:52.452 I/CIRISApp(21292):  Token exchange completed
03-23 21:17:52.527 I/CIRISApp(21292):  Agent state: WORK
03-23 21:17:52.528 I/CIRISApp(21292):  Agent reached WORK state!
03-23 21:17:53.033 I/CIRISApp(21292):  Triggering data load for ViewModels after token set
03-23 21:17:53.034 I/BillingViewModel(21292): [loadBalance] Loading credit balance...
03-23 21:17:53.046 I/CIRISApiClient(21292): [listAdapters] Listing adapters
03-23 21:17:53.053 I/InteractViewModel(21292): [startPolling] Starting polling and SSE streams
03-23 21:17:53.054 I/InteractViewModel(21292): [startStatusPolling] Starting status polling (fast until agent ready)
03-23 21:17:53.058 I/InteractViewModel(21292): [startMessagePolling] Starting message polling (interval=3000ms)
03-23 21:17:53.064 I/InteractViewModel(21292): [startHealthPolling] Starting health polling (fast until LLM ready)
03-23 21:17:53.069 I/InteractViewModel(21292): [startTrustPendingPolling] Starting trust pending polling (interval=5000ms)
03-23 21:17:53.070 I/InteractViewModel(21292): [startSseStream] Starting SSE reasoning stream
03-23 21:17:53.074 I/CIRISApp(21292):  Running boot-time attestation check...
03-23 21:17:53.075 D/CIRISApp(21292): [INIT] CIRISApp composable invoked - googleSignInCallback=PRESENT (77361101)
03-23 21:17:53.076 I/InteractViewModel(21292): [setDeviceAttestationCallback] Device attestation callback SET
03-23 21:17:53.082 D/CIRISApp(21292): [CIRISApp] >>> liveBackgroundEnabled=true, apiClient=present
03-23 21:17:53.369 I/CIRISApiClient(21292): [getGraphData] >>> START: hours=24, scope=ALL_SCOPES, type=null, limit=200
03-23 21:17:53.370 I/CIRISApiClient(21292): [getGraphData] Fetching timeline: http://localhost:8080/v1/memory/timeline?hours=24&include_edges=true&include_metrics=false
03-23 21:17:54.925 I/CIRISApp(21292):  Boot attestation: loaded=true, maxLevel=1, dns_us=true, dns_eu=true, https=true
03-23 21:17:54.928 I/InteractViewModel(21292): [startStatusPolling] Agent ready with state: WORK
03-23 21:17:54.929 I/InteractViewModel(21292): [startStatusPolling] Connection state changed: false -> true
03-23 21:17:55.274 I/InteractViewModel(21292): [startSseStream] SSE connected
03-23 21:17:55.303 I/CIRISApiClient(21292): [listAdapters] API response: total=5, running=5, adapters.size=5
03-23 21:17:55.304 I/CIRISApiClient(21292): [listAdapters]   API adapter[0]: id=cirisverify_bootstrap, type=cirisverify, running=true
03-23 21:17:55.304 I/CIRISApiClient(21292): [listAdapters]   API adapter[1]: id=api_bootstrap, type=api, running=true
03-23 21:17:55.305 I/CIRISApiClient(21292): [listAdapters]   API adapter[2]: id=ciris_hosted_tools, type=ciris_hosted_tools, running=true
03-23 21:17:55.305 I/CIRISApiClient(21292): [listAdapters]   API adapter[3]: id=navigation, type=navigation, running=true
03-23 21:17:55.305 I/CIRISApiClient(21292): [listAdapters]   API adapter[4]: id=weather, type=weather, running=true
03-23 21:17:55.696 I/CIRISApiClient(21292): [getGraphData] <<< DONE in 2327ms (single API call)
03-23 21:17:55.697 I/CIRISApiClient(21292): [getGraphData]     Nodes: 15 ({local=14, identity=1})
03-23 21:17:55.698 I/CIRISApiClient(21292): [getGraphData]     Edges: 0 total, 0 visible
03-23 21:17:55.698 I/CIRISApiClient(21292): [getGraphData]     Edge types: {}
03-23 21:17:55.698 I/CIRISApiClient(21292): [getGraphData]     INFO: No edges found - nodes may not have relationships yet
03-23 21:17:56.005 I/InteractViewModel(21292): [fetchTrustStatus] Trust level changed: 0 -> 1
03-23 21:17:56.005 I/InteractViewModel(21292): [fetchTrustStatus] Level pending changed: false -> true
03-23 21:17:56.006 I/InteractViewModel(21292): [startTrustPendingPolling] Level pending=true, triggering device attestation automatically...
03-23 21:17:56.006 I/MainActivity(21292): Device attestation requested
03-23 21:17:56.007 I/CIRISApiClient(21292): [getPlayIntegrityNonce] Requesting Play Integrity nonce from Python API
03-23 21:17:56.055 I/BillingViewModel(21292): [loadBalance] Credit status loaded: hasCredit=true, creditsRemaining=429, freeUsesRemaining=0, dailyFreeUsesRemaining=1, planName=CIRIS Mobile
03-23 21:17:56.056 I/BillingViewModel(21292): [loadBalance] Total credits calculated: 430
03-23 21:17:56.059 I/InteractViewModel(21292): [startMessagePolling] First load complete
03-23 21:17:56.270 I/InteractViewModel(21292): [startHealthPolling] LLM health ready: provider=other
03-23 21:17:56.412 I/CIRISApiClient(21292): [getPlayIntegrityNonce] Got nonce: KdVHxgwHkTCrk63HJPUS...
03-23 21:17:57.129 D/EnvFileUpdater(21292): Found CIRIS_HOME from env: /data/user/0/ai.ciris.mobile.debug/files/ciris
03-23 21:17:57.200 I/MainActivity(21292): Device attestation result: Error(message=Failed to get Play Integrity token: -16: Integrity API error (-16): The provided cloud project number is invalid.
03-23 21:17:57.200 I/MainActivity(21292): Use the cloud project number which can be found in Project info in your Google Cloud Console for the cloud project where Play Integrity API is enabled.
03-23 21:17:57.200 I/MainActivity(21292):  (https://developer.android.com/google/play/integrity/reference/com/google/android/play/core/integrity/model/IntegrityErrorCode.html#CLOUD_PROJECT_NUMBER_IS_INVALID).)
03-23 21:17:57.201 I/InteractViewModel(21292): [startTrustPendingPolling] Device attestation completed: Error(message=Failed to get Play Integrity token: -16: Integrity API error (-16): The provided cloud project number is invalid.
03-23 21:17:57.201 I/InteractViewModel(21292): Use the cloud project number which can be found in Project info in your Google Cloud Console for the cloud project where Play Integrity API is enabled.
03-23 21:17:57.201 I/InteractViewModel(21292):  (https://developer.android.com/google/play/integrity/reference/com/google/android/play/core/integrity/model/IntegrityErrorCode.html#CLOUD_PROJECT_NUMBER_IS_INVALID).)
03-23 21:17:59.467 I/InteractViewModel(21292): [startTrustPendingPolling] Trust status refreshed after device attestation
03-23 21:17:59.884 D/CIRISApp(21292): [INIT] CIRISApp composable invoked - googleSignInCallback=PRESENT (77361101)
03-23 21:17:59.885 I/InteractViewModel(21292): [setDeviceAttestationCallback] Device attestation callback SET
03-23 21:17:59.927 I/CIRISApp(21292): [Screen.Adapters] Fetching adapters and starting polling
03-23 21:17:59.927 I/CIRISApiClient(21292): [listAdapters] Listing adapters
03-23 21:18:00.287 I/CIRISApiClient(21292): [listAdapters] API response: total=5, running=5, adapters.size=5
03-23 21:18:00.288 I/CIRISApiClient(21292): [listAdapters]   API adapter[0]: id=cirisverify_bootstrap, type=cirisverify, running=true
03-23 21:18:00.288 I/CIRISApiClient(21292): [listAdapters]   API adapter[1]: id=api_bootstrap, type=api, running=true
03-23 21:18:00.288 I/CIRISApiClient(21292): [listAdapters]   API adapter[2]: id=ciris_hosted_tools, type=ciris_hosted_tools, running=true
03-23 21:18:00.289 I/CIRISApiClient(21292): [listAdapters]   API adapter[3]: id=navigation, type=navigation, running=true
03-23 21:18:00.289 I/CIRISApiClient(21292): [listAdapters]   API adapter[4]: id=weather, type=weather, running=true
03-23 21:18:03.618 I/CIRISApp(21292): [Screen.Adapters] Add adapter requested
03-23 21:18:03.621 I/CIRISApiClient(21292): [getLoadableAdapters] GET http://localhost:8080/v1/system/adapters/loadable | auth=true token=ciris_ad...STlA
03-23 21:18:04.139 I/CIRISApiClient(21292): [getLoadableAdapters] Response: 200 OK
03-23 21:18:04.146 I/CIRISApiClient(21292): [getLoadableAdapters] Loadable adapters: 7 total (6 configurable, 1 direct)
03-23 21:18:06.516 I/CIRISApp(21292): [AdapterWizard] Selected type: home_assistant
03-23 21:18:06.519 I/CIRISApiClient(21292): [startAdapterConfiguration] Starting configuration for adapter type: home_assistant
03-23 21:18:07.130 D/EnvFileUpdater(21292): Found CIRIS_HOME from env: /data/user/0/ai.ciris.mobile.debug/files/ciris
03-23 21:18:07.217 I/CIRISApiClient(21292): [startAdapterConfiguration] Config session started: sessionId=c3acd548-5b9a-432a-90c4-6732460071c7, step=0/5
03-23 21:18:07.218 I/CIRISApiClient(21292): [executeConfigurationStep] === EXECUTE CONFIG STEP ===
03-23 21:18:07.219 I/CIRISApiClient(21292): [executeConfigurationStep] Session: c3acd548-5b9a-432a-90c4-6732460071c7
03-23 21:18:07.219 I/CIRISApiClient(21292): [executeConfigurationStep] Step data keys: []
03-23 21:18:07.220 I/CIRISApiClient(21292): [executeConfigurationStep] Step data values: {}
03-23 21:18:09.931 I/CIRISApiClient(21292): [listAdapters] Listing adapters
03-23 21:18:10.371 I/CIRISApiClient(21292): [listAdapters] API response: total=5, running=5, adapters.size=5
03-23 21:18:10.372 I/CIRISApiClient(21292): [listAdapters]   API adapter[0]: id=cirisverify_bootstrap, type=cirisverify, running=true
03-23 21:18:10.372 I/CIRISApiClient(21292): [listAdapters]   API adapter[1]: id=api_bootstrap, type=api, running=true
03-23 21:18:10.372 I/CIRISApiClient(21292): [listAdapters]   API adapter[2]: id=ciris_hosted_tools, type=ciris_hosted_tools, running=true
03-23 21:18:10.373 I/CIRISApiClient(21292): [listAdapters]   API adapter[3]: id=navigation, type=navigation, running=true
03-23 21:18:10.373 I/CIRISApiClient(21292): [listAdapters]   API adapter[4]: id=weather, type=weather, running=true
03-23 21:18:11.074 I/CIRISApiClient(21292): [executeConfigurationStep] Response HTTP status: 200
03-23 21:18:11.082 I/CIRISApiClient(21292): [executeConfigurationStep] Response data: success=true, error=null, nextStepIndex=null
03-23 21:18:11.084 I/CIRISApiClient(21292): [executeConfigurationStep] Response data keys: [discovered_items]
03-23 21:18:11.085 I/CIRISApiClient(21292): [executeConfigurationStep] Response data.data: discovered_items=[{"id":"ha_192.168.50.243_8123","label":"Home Assistant (192.168.50.243:8123)","description":"Home",
03-23 21:18:11.085 I/CIRISApiClient(21292): [executeConfigurationStep] Step result: success=true, nextStep=null, isDiscovery=true, isComplete=false
03-23 21:18:11.086 I/CIRISApiClient(21292): [executeConfigurationStep] Parsed 1 discovered items
03-23 21:18:11.087 I/CIRISApiClient(21292): [executeConfigurationStep] === OAUTH URL EXTRACTION ===
03-23 21:18:11.087 I/CIRISApiClient(21292): [executeConfigurationStep] oauth_url present in data: false
03-23 21:18:11.088 I/CIRISApiClient(21292): [executeConfigurationStep] awaiting_callback present in data: false
03-23 21:18:11.089 I/CIRISApiClient(21292): [executeConfigurationStep] No oauth_url extracted from response
03-23 21:18:11.089 I/CIRISApiClient(21292): [executeConfigurationStep] awaitingCallback: false
03-23 21:18:12.553 I/CIRISApp(21292): [AdapterWizard] Selected discovered item: Home Assistant (192.168.50.243:8123)
03-23 21:18:12.556 I/CIRISApiClient(21292): [executeConfigurationStep] === EXECUTE CONFIG STEP ===
03-23 21:18:12.557 I/CIRISApiClient(21292): [executeConfigurationStep] Session: c3acd548-5b9a-432a-90c4-6732460071c7
03-23 21:18:12.558 I/CIRISApiClient(21292): [executeConfigurationStep] Step data keys: [selected_url, selected_id]
03-23 21:18:12.558 I/CIRISApiClient(21292): [executeConfigurationStep] Step data values: {selected_url=http://192.168.50.243:8123, selected_id=ha_192.168.50.243_8123}
03-23 21:18:12.936 I/CIRISApiClient(21292): [executeConfigurationStep] Response HTTP status: 200
03-23 21:18:12.938 I/CIRISApiClient(21292): [executeConfigurationStep] Response data: success=true, error=null, nextStepIndex=1
03-23 21:18:12.939 I/CIRISApiClient(21292): [executeConfigurationStep] Response data keys: []
03-23 21:18:12.940 I/CIRISApiClient(21292): [executeConfigurationStep] Response data.data: 
03-23 21:18:12.940 I/CIRISApiClient(21292): [executeConfigurationStep] Step result: success=true, nextStep=1, isDiscovery=false, isComplete=false
03-23 21:18:12.941 I/CIRISApiClient(21292): [executeConfigurationStep] === OAUTH URL EXTRACTION ===
03-23 21:18:12.942 I/CIRISApiClient(21292): [executeConfigurationStep] oauth_url present in data: false
03-23 21:18:12.942 I/CIRISApiClient(21292): [executeConfigurationStep] awaiting_callback present in data: false
03-23 21:18:12.943 I/CIRISApiClient(21292): [executeConfigurationStep] No oauth_url extracted from response
03-23 21:18:12.944 I/CIRISApiClient(21292): [executeConfigurationStep] awaitingCallback: false
03-23 21:18:12.945 I/CIRISApiClient(21292): [getConfigurationSessionStatus] Getting session status for: c3acd548-5b9a-432a-90c4-6732460071c7
03-23 21:18:13.308 I/CIRISApiClient(21292): [getConfigurationSessionStatus] Session status: step=1/5, status=active, stepType=oauth
03-23 21:18:13.309 I/CIRISApiClient(21292): [getConfigurationSessionStatus] Collected config keys: [base_url]
03-23 21:18:13.368 W/chromium(20552): [WARNING:components/sync/engine/syncer_proto_util.cc:430] Error posting from syncer: Response Code (bogus on error): -1 Content-Length (bogus on error): -1 Server Status: CONNECTION_UNAVAILABLE
03-23 21:18:13.368 E/chromium(20552): [ERROR:components/sync/engine/get_updates_processor.cc:270] PostClientToServerMessage() failed during GetUpdates with error Network error (ERR_INTERNET_DISCONNECTED)
03-23 21:18:14.603 I/CIRISApp(21292): [AdapterWizard] Initiating OAuth
03-23 21:18:14.610 I/CIRISApiClient(21292): [executeConfigurationStep] === EXECUTE CONFIG STEP ===
03-23 21:18:14.610 I/CIRISApiClient(21292): [executeConfigurationStep] Session: c3acd548-5b9a-432a-90c4-6732460071c7
03-23 21:18:14.611 I/CIRISApiClient(21292): [executeConfigurationStep] Step data keys: [callback_base_url]
03-23 21:18:14.612 I/CIRISApiClient(21292): [executeConfigurationStep] Step data values: {callback_base_url=http://127.0.0.1:8080}
03-23 21:18:14.980 I/CIRISApiClient(21292): [executeConfigurationStep] Response HTTP status: 200
03-23 21:18:14.983 I/CIRISApiClient(21292): [executeConfigurationStep] Response data: success=true, error=null, nextStepIndex=null
03-23 21:18:14.983 I/CIRISApiClient(21292): [executeConfigurationStep] Response data keys: [oauth_url, code_challenge]
03-23 21:18:14.984 I/CIRISApiClient(21292): [executeConfigurationStep] Response data.data: oauth_url="http://192.168.50.243:8123/auth/authorize?client_id=http%3A%2F%2F127.0.0.1%3A8080&redirect_uri=http, code_challenge="eaFmUlyTbGKoWtchKhAQy0dVjGvc1xaT8o3jbd4dMC4"
03-23 21:18:14.984 I/CIRISApiClient(21292): [executeConfigurationStep] Step result: success=true, nextStep=null, isDiscovery=false, isComplete=false
03-23 21:18:14.985 I/CIRISApiClient(21292): [executeConfigurationStep] === OAUTH URL EXTRACTION ===
03-23 21:18:14.985 I/CIRISApiClient(21292): [executeConfigurationStep] oauth_url present in data: true
03-23 21:18:14.986 I/CIRISApiClient(21292): [executeConfigurationStep] awaiting_callback present in data: false
03-23 21:18:14.986 I/CIRISApiClient(21292): [executeConfigurationStep] Extracted OAuth URL (full): http://192.168.50.243:8123/auth/authorize?client_id=http%3A%2F%2F127.0.0.1%3A8080&redirect_uri=http%3A%2F%2F127.0.0.1%3A8080%2Fv1%2Fsystem%2Fadapters%2Fconfigure%2Fc3acd548-5b9a-432a-90c4-6732460071c7%2Foauth%2Fcallback&response_type=code&state=c3acd548-5b9a-432a-90c4-6732460071c7&code_challenge=LBBSc9XhEZgnrXh7Adi4iRwN_jFNaAhE1dRQgUUKV6I&code_challenge_method=S256
03-23 21:18:14.987 I/CIRISApiClient(21292): [executeConfigurationStep] awaitingCallback: false
03-23 21:18:15.234 W/chromium(20552): [WARNING:net/cert/ev_root_ca_metadata.cc:118] Not implemented
03-23 21:18:15.234 W/chromium(20552): [WARNING:net/cert/ev_root_ca_metadata.cc:118] Not implemented
03-23 21:18:15.484 W/chromium(20552): [WARNING:net/cert/ev_root_ca_metadata.cc:118] Not implemented
03-23 21:18:15.505 W/chromium(20552): [WARNING:net/cert/ev_root_ca_metadata.cc:118] Not implemented
03-23 21:18:15.859 W/chromium(20552): [WARNING:net/cert/ev_root_ca_metadata.cc:118] Not implemented
03-23 21:18:15.978 W/chromium(20552): [WARNING:net/cert/ev_root_ca_metadata.cc:118] Not implemented
03-23 21:18:15.995 I/CIRISApiClient(21292): [getConfigurationSessionStatus] Getting session status for: c3acd548-5b9a-432a-90c4-6732460071c7
03-23 21:18:16.095 W/chromium(20552): [WARNING:net/cert/ev_root_ca_metadata.cc:118] Not implemented
03-23 21:18:16.300 I/CIRISApiClient(21292): [getConfigurationSessionStatus] Session status: step=1/5, status=awaiting_oauth, stepType=oauth
03-23 21:18:16.303 I/CIRISApiClient(21292): [getConfigurationSessionStatus] Collected config keys: [base_url, callback_base_url]
03-23 21:18:17.064 I/CIRISApiClient(21292): [getConfigurationSessionStatus] Getting session status for: c3acd548-5b9a-432a-90c4-6732460071c7
03-23 21:18:17.132 D/EnvFileUpdater(21292): Found CIRIS_HOME from env: /data/user/0/ai.ciris.mobile.debug/files/ciris
03-23 21:18:17.308 I/CIRISApiClient(21292): [getConfigurationSessionStatus] Getting session status for: c3acd548-5b9a-432a-90c4-6732460071c7
03-23 21:18:17.636 I/CIRISApiClient(21292): [getConfigurationSessionStatus] Session status: step=1/5, status=awaiting_oauth, stepType=oauth
03-23 21:18:17.637 I/CIRISApiClient(21292): [getConfigurationSessionStatus] Collected config keys: [base_url, callback_base_url]
03-23 21:18:17.640 I/CIRISApiClient(21292): [getConfigurationSessionStatus] Session status: step=1/5, status=awaiting_oauth, stepType=oauth
03-23 21:18:17.640 I/CIRISApiClient(21292): [getConfigurationSessionStatus] Collected config keys: [base_url, callback_base_url]
03-23 21:18:18.341 W/chromium(20552): [WARNING:net/cert/ev_root_ca_metadata.cc:118] Not implemented
03-23 21:18:18.642 I/CIRISApiClient(21292): [getConfigurationSessionStatus] Getting session status for: c3acd548-5b9a-432a-90c4-6732460071c7
03-23 21:18:18.736 W/chromium(21403): [WARNING:content/app/android/content_main_android.cc:82] android_setCpu already initialized
03-23 21:18:19.079 I/CIRISApiClient(21292): [getConfigurationSessionStatus] Getting session status for: c3acd548-5b9a-432a-90c4-6732460071c7
03-23 21:18:19.271 I/CIRISApiClient(21292): [getConfigurationSessionStatus] Session status: step=1/5, status=awaiting_oauth, stepType=oauth
03-23 21:18:19.272 I/CIRISApiClient(21292): [getConfigurationSessionStatus] Collected config keys: [base_url, callback_base_url]
03-23 21:18:19.784 W/chromium(20552): [WARNING:net/cert/ev_root_ca_metadata.cc:118] Not implemented
03-23 21:18:19.919 I/CIRISApiClient(21292): [getConfigurationSessionStatus] Session status: step=2/5, status=active, stepType=select
03-23 21:18:19.921 I/CIRISApiClient(21292): [getConfigurationSessionStatus] Collected config keys: [base_url, callback_base_url, oauth_tokens]
03-23 21:18:19.934 I/CIRISApiClient(21292): [executeConfigurationStep] === EXECUTE CONFIG STEP ===
03-23 21:18:19.935 I/CIRISApiClient(21292): [executeConfigurationStep] Session: c3acd548-5b9a-432a-90c4-6732460071c7
03-23 21:18:19.936 I/CIRISApiClient(21292): [executeConfigurationStep] Step data keys: []
03-23 21:18:19.937 I/CIRISApiClient(21292): [executeConfigurationStep] Step data values: {}
03-23 21:18:20.341 I/CIRISApiClient(21292): [executeConfigurationStep] Response HTTP status: 200
03-23 21:18:20.344 I/CIRISApiClient(21292): [executeConfigurationStep] Response data: success=true, error=null, nextStepIndex=null
03-23 21:18:20.345 I/CIRISApiClient(21292): [executeConfigurationStep] Response data keys: [options]
03-23 21:18:20.346 I/CIRISApiClient(21292): [executeConfigurationStep] Response data.data: options=[{"id":"device_control","label":"Device Control","description":"Control lights, switches, and other 
03-23 21:18:20.346 I/CIRISApiClient(21292): [executeConfigurationStep] Step result: success=true, nextStep=null, isDiscovery=false, isComplete=false
03-23 21:18:20.347 I/CIRISApiClient(21292): [executeConfigurationStep] === OAUTH URL EXTRACTION ===
03-23 21:18:20.347 I/CIRISApiClient(21292): [executeConfigurationStep] oauth_url present in data: false
03-23 21:18:20.348 I/CIRISApiClient(21292): [executeConfigurationStep] awaiting_callback present in data: false
03-23 21:18:20.348 I/CIRISApiClient(21292): [executeConfigurationStep] No oauth_url extracted from response
03-23 21:18:20.349 I/CIRISApiClient(21292): [executeConfigurationStep] awaitingCallback: false
03-23 21:18:20.350 I/CIRISApiClient(21292): [executeConfigurationStep] Parsed 6 select options
03-23 21:18:20.378 I/CIRISApiClient(21292): [listAdapters] Listing adapters
03-23 21:18:20.828 I/CIRISApiClient(21292): [listAdapters] API response: total=5, running=5, adapters.size=5
03-23 21:18:20.831 I/CIRISApiClient(21292): [listAdapters]   API adapter[0]: id=cirisverify_bootstrap, type=cirisverify, running=true
03-23 21:18:20.833 I/CIRISApiClient(21292): [listAdapters]   API adapter[1]: id=api_bootstrap, type=api, running=true
03-23 21:18:20.834 I/CIRISApiClient(21292): [listAdapters]   API adapter[2]: id=ciris_hosted_tools, type=ciris_hosted_tools, running=true
03-23 21:18:20.835 I/CIRISApiClient(21292): [listAdapters]   API adapter[3]: id=navigation, type=navigation, running=true
03-23 21:18:20.836 I/CIRISApiClient(21292): [listAdapters]   API adapter[4]: id=weather, type=weather, running=true
03-23 21:18:25.049 I/CIRISApp(21292): [AdapterWizard] Submitting step with 1 fields
03-23 21:18:25.052 I/CIRISApiClient(21292): [executeConfigurationStep] === EXECUTE CONFIG STEP ===
03-23 21:18:25.052 I/CIRISApiClient(21292): [executeConfigurationStep] Session: c3acd548-5b9a-432a-90c4-6732460071c7
03-23 21:18:25.053 I/CIRISApiClient(21292): [executeConfigurationStep] Step data keys: [selection]
03-23 21:18:25.054 I/CIRISApiClient(21292): [executeConfigurationStep] Step data values: {selection=notifications,sensor_data,automation_trigger,device_control,camera_frames,event_detection}
03-23 21:18:25.432 I/CIRISApiClient(21292): [executeConfigurationStep] Response HTTP status: 200
03-23 21:18:25.434 I/CIRISApiClient(21292): [executeConfigurationStep] Response data: success=true, error=null, nextStepIndex=3
03-23 21:18:25.435 I/CIRISApiClient(21292): [executeConfigurationStep] Response data keys: []
03-23 21:18:25.436 I/CIRISApiClient(21292): [executeConfigurationStep] Response data.data: 
03-23 21:18:25.436 I/CIRISApiClient(21292): [executeConfigurationStep] Step result: success=true, nextStep=3, isDiscovery=false, isComplete=false
03-23 21:18:25.437 I/CIRISApiClient(21292): [executeConfigurationStep] === OAUTH URL EXTRACTION ===
03-23 21:18:25.438 I/CIRISApiClient(21292): [executeConfigurationStep] oauth_url present in data: false
03-23 21:18:25.438 I/CIRISApiClient(21292): [executeConfigurationStep] awaiting_callback present in data: false
03-23 21:18:25.439 I/CIRISApiClient(21292): [executeConfigurationStep] No oauth_url extracted from response
03-23 21:18:25.439 I/CIRISApiClient(21292): [executeConfigurationStep] awaitingCallback: false
03-23 21:18:25.440 I/CIRISApiClient(21292): [getConfigurationSessionStatus] Getting session status for: c3acd548-5b9a-432a-90c4-6732460071c7
03-23 21:18:25.810 I/CIRISApiClient(21292): [getConfigurationSessionStatus] Session status: step=3/5, status=active, stepType=select
03-23 21:18:25.812 I/CIRISApiClient(21292): [getConfigurationSessionStatus] Collected config keys: [base_url, callback_base_url, oauth_tokens, select_features]
03-23 21:18:25.816 I/CIRISApiClient(21292): [executeConfigurationStep] === EXECUTE CONFIG STEP ===
03-23 21:18:25.817 I/CIRISApiClient(21292): [executeConfigurationStep] Session: c3acd548-5b9a-432a-90c4-6732460071c7
03-23 21:18:25.818 I/CIRISApiClient(21292): [executeConfigurationStep] Step data keys: []
03-23 21:18:25.819 I/CIRISApiClient(21292): [executeConfigurationStep] Step data values: {}
03-23 21:18:26.232 I/CIRISApiClient(21292): [executeConfigurationStep] Response HTTP status: 200
03-23 21:18:26.235 I/CIRISApiClient(21292): [executeConfigurationStep] Response data: success=true, error=null, nextStepIndex=null
03-23 21:18:26.236 I/CIRISApiClient(21292): [executeConfigurationStep] Response data keys: [options]
03-23 21:18:26.237 I/CIRISApiClient(21292): [executeConfigurationStep] Response data.data: options=[{"id":"camera.back_door_camera","label":"Back door camera","description":"Camera entity: camera.bac
03-23 21:18:26.238 I/CIRISApiClient(21292): [executeConfigurationStep] Step result: success=true, nextStep=null, isDiscovery=false, isComplete=false
03-23 21:18:26.238 I/CIRISApiClient(21292): [executeConfigurationStep] === OAUTH URL EXTRACTION ===
03-23 21:18:26.239 I/CIRISApiClient(21292): [executeConfigurationStep] oauth_url present in data: false
03-23 21:18:26.240 I/CIRISApiClient(21292): [executeConfigurationStep] awaiting_callback present in data: false
03-23 21:18:26.240 I/CIRISApiClient(21292): [executeConfigurationStep] No oauth_url extracted from response
03-23 21:18:26.241 I/CIRISApiClient(21292): [executeConfigurationStep] awaitingCallback: false
03-23 21:18:26.241 I/CIRISApiClient(21292): [executeConfigurationStep] Parsed 3 select options
03-23 21:18:27.134 D/EnvFileUpdater(21292): Found CIRIS_HOME from env: /data/user/0/ai.ciris.mobile.debug/files/ciris
03-23 21:18:28.506 I/CIRISApp(21292): [AdapterWizard] Submitting step with 1 fields
03-23 21:18:28.509 I/CIRISApiClient(21292): [executeConfigurationStep] === EXECUTE CONFIG STEP ===
03-23 21:18:28.510 I/CIRISApiClient(21292): [executeConfigurationStep] Session: c3acd548-5b9a-432a-90c4-6732460071c7
03-23 21:18:28.511 I/CIRISApiClient(21292): [executeConfigurationStep] Step data keys: [selection]
03-23 21:18:28.512 I/CIRISApiClient(21292): [executeConfigurationStep] Step data values: {selection=camera.back_door_camera}
03-23 21:18:28.883 I/CIRISApiClient(21292): [executeConfigurationStep] Response HTTP status: 200
03-23 21:18:28.891 I/CIRISApiClient(21292): [executeConfigurationStep] Response data: success=true, error=null, nextStepIndex=4
03-23 21:18:28.892 I/CIRISApiClient(21292): [executeConfigurationStep] Response data keys: []
03-23 21:18:28.892 I/CIRISApiClient(21292): [executeConfigurationStep] Response data.data: 
03-23 21:18:28.892 I/CIRISApiClient(21292): [executeConfigurationStep] Step result: success=true, nextStep=4, isDiscovery=false, isComplete=false
03-23 21:18:28.893 I/CIRISApiClient(21292): [executeConfigurationStep] === OAUTH URL EXTRACTION ===
03-23 21:18:28.893 I/CIRISApiClient(21292): [executeConfigurationStep] oauth_url present in data: false
03-23 21:18:28.894 I/CIRISApiClient(21292): [executeConfigurationStep] awaiting_callback present in data: false
03-23 21:18:28.894 I/CIRISApiClient(21292): [executeConfigurationStep] No oauth_url extracted from response
03-23 21:18:28.894 I/CIRISApiClient(21292): [executeConfigurationStep] awaitingCallback: false
03-23 21:18:28.895 I/CIRISApiClient(21292): [getConfigurationSessionStatus] Getting session status for: c3acd548-5b9a-432a-90c4-6732460071c7
03-23 21:18:29.259 I/CIRISApiClient(21292): [getConfigurationSessionStatus] Session status: step=4/5, status=active, stepType=confirm
03-23 21:18:29.261 I/CIRISApiClient(21292): [getConfigurationSessionStatus] Collected config keys: [base_url, callback_base_url, oauth_tokens, select_features, select_cameras]
03-23 21:18:30.272 I/CIRISApp(21292): [AdapterWizard] Submitting step with 0 fields
03-23 21:18:30.274 I/CIRISApiClient(21292): [executeConfigurationStep] === EXECUTE CONFIG STEP ===
03-23 21:18:30.275 I/CIRISApiClient(21292): [executeConfigurationStep] Session: c3acd548-5b9a-432a-90c4-6732460071c7
03-23 21:18:30.276 I/CIRISApiClient(21292): [executeConfigurationStep] Step data keys: []
03-23 21:18:30.279 I/CIRISApiClient(21292): [executeConfigurationStep] Step data values: {}
03-23 21:18:30.656 I/CIRISApiClient(21292): [executeConfigurationStep] Response HTTP status: 200
03-23 21:18:30.664 I/CIRISApiClient(21292): [executeConfigurationStep] Response data: success=true, error=null, nextStepIndex=5
03-23 21:18:30.665 I/CIRISApiClient(21292): [executeConfigurationStep] Response data keys: [config_summary]
03-23 21:18:30.667 I/CIRISApiClient(21292): [executeConfigurationStep] Response data.data: config_summary={"base_url":"http://192.168.50.243:8123","callback_base_url":"http://127.0.0.1:8080","oauth_tokens":
03-23 21:18:30.667 I/CIRISApiClient(21292): [executeConfigurationStep] Step result: success=true, nextStep=5, isDiscovery=false, isComplete=false
03-23 21:18:30.668 I/CIRISApiClient(21292): [executeConfigurationStep] === OAUTH URL EXTRACTION ===
03-23 21:18:30.668 I/CIRISApiClient(21292): [executeConfigurationStep] oauth_url present in data: false
03-23 21:18:30.669 I/CIRISApiClient(21292): [executeConfigurationStep] awaiting_callback present in data: false
03-23 21:18:30.669 I/CIRISApiClient(21292): [executeConfigurationStep] No oauth_url extracted from response
03-23 21:18:30.669 I/CIRISApiClient(21292): [executeConfigurationStep] awaitingCallback: false
03-23 21:18:30.670 I/CIRISApiClient(21292): [getConfigurationSessionStatus] Getting session status for: c3acd548-5b9a-432a-90c4-6732460071c7
03-23 21:18:30.845 I/CIRISApiClient(21292): [listAdapters] Listing adapters
03-23 21:18:31.048 I/CIRISApiClient(21292): [getConfigurationSessionStatus] Session status: step=5/5, status=active, stepType=null
03-23 21:18:31.049 I/CIRISApiClient(21292): [getConfigurationSessionStatus] Collected config keys: [base_url, callback_base_url, oauth_tokens, select_features, select_cameras]
03-23 21:18:31.052 I/CIRISApiClient(21292): [completeAdapterConfiguration] Completing configuration for session: c3acd548-5b9a-432a-90c4-6732460071c7, persist=true
03-23 21:18:31.807 I/CIRISApiClient(21292): [listAdapters] API response: total=5, running=5, adapters.size=5
03-23 21:18:31.807 I/CIRISApiClient(21292): [listAdapters]   API adapter[0]: id=cirisverify_bootstrap, type=cirisverify, running=true
03-23 21:18:31.808 I/CIRISApiClient(21292): [listAdapters]   API adapter[1]: id=api_bootstrap, type=api, running=true
03-23 21:18:31.808 I/CIRISApiClient(21292): [listAdapters]   API adapter[2]: id=ciris_hosted_tools, type=ciris_hosted_tools, running=true
03-23 21:18:31.808 I/CIRISApiClient(21292): [listAdapters]   API adapter[3]: id=navigation, type=navigation, running=true
03-23 21:18:31.809 I/CIRISApiClient(21292): [listAdapters]   API adapter[4]: id=weather, type=weather, running=true
03-23 21:18:32.551 W/python.stderr(21292): /data/data/ai.ciris.mobile.debug/files/chaquopy/AssetFinder/requirements/pydantic/main.py:390: UserWarning: Pydantic serializer warnings:
03-23 21:18:32.551 W/python.stderr(21292):   Expected `dict[str, nullable]` but got `AdapterConfig` with value `AdapterConfig(adapter_typ...mera', 'persist': True})` - serialized value may not be as expected
03-23 21:18:32.661 I/CIRISApiClient(21292): [completeAdapterConfiguration] Config complete: success=true, adapterType=home_assistant
03-23 21:18:32.663 I/CIRISApiClient(21292): [listAdapters] Listing adapters
03-23 21:18:33.092 I/CIRISApiClient(21292): [listAdapters] API response: total=6, running=6, adapters.size=6
03-23 21:18:33.093 I/CIRISApiClient(21292): [listAdapters]   API adapter[0]: id=cirisverify_bootstrap, type=cirisverify, running=true
03-23 21:18:33.093 I/CIRISApiClient(21292): [listAdapters]   API adapter[1]: id=api_bootstrap, type=api, running=true
03-23 21:18:33.094 I/CIRISApiClient(21292): [listAdapters]   API adapter[2]: id=ciris_hosted_tools, type=ciris_hosted_tools, running=true
03-23 21:18:33.094 I/CIRISApiClient(21292): [listAdapters]   API adapter[3]: id=navigation, type=navigation, running=true
03-23 21:18:33.094 I/CIRISApiClient(21292): [listAdapters]   API adapter[4]: id=weather, type=weather, running=true
03-23 21:18:33.095 I/CIRISApiClient(21292): [listAdapters]   API adapter[5]: id=home_assistant_26ce9dd8, type=home_assistant, running=true
03-23 21:18:34.702 I/CIRISApp(21292): [Screen.Adapters] Navigating back to Interact
03-23 21:18:34.706 D/CIRISApp(21292): [INIT] CIRISApp composable invoked - googleSignInCallback=PRESENT (77361101)
03-23 21:18:34.708 I/InteractViewModel(21292): [setDeviceAttestationCallback] Device attestation callback SET
03-23 21:18:34.712 D/CIRISApp(21292): [CIRISApp] >>> liveBackgroundEnabled=true, apiClient=present
03-23 21:18:34.733 I/CIRISApp(21292): [Screen.Adapters] Stopping adapter polling
03-23 21:18:34.832 I/CIRISApiClient(21292): [getGraphData] >>> START: hours=24, scope=ALL_SCOPES, type=null, limit=200
03-23 21:18:34.833 I/CIRISApiClient(21292): [getGraphData] Fetching timeline: http://localhost:8080/v1/memory/timeline?hours=24&include_edges=true&include_metrics=false
03-23 21:18:35.228 I/CIRISApiClient(21292): [getGraphData] <<< DONE in 396ms (single API call)
03-23 21:18:35.229 I/CIRISApiClient(21292): [getGraphData]     Nodes: 20 ({local=19, identity=1})
03-23 21:18:35.229 I/CIRISApiClient(21292): [getGraphData]     Edges: 0 total, 0 visible
03-23 21:18:35.230 I/CIRISApiClient(21292): [getGraphData]     Edge types: {}
03-23 21:18:35.230 I/CIRISApiClient(21292): [getGraphData]     INFO: No edges found - nodes may not have relationships yet
03-23 21:18:37.142 D/EnvFileUpdater(21292): Found CIRIS_HOME from env: /data/user/0/ai.ciris.mobile.debug/files/ciris
03-23 21:18:37.789 W/chromium(20552): [WARNING:components/sync/engine/syncer_proto_util.cc:430] Error posting from syncer: Response Code (bogus on error): -1 Content-Length (bogus on error): -1 Server Status: CONNECTION_UNAVAILABLE
03-23 21:18:37.789 W/chromium(20552): [WARNING:components/sync/engine/commit.cc:181] Post commit failed
03-23 21:18:47.155 D/EnvFileUpdater(21292): Found CIRIS_HOME from env: /data/user/0/ai.ciris.mobile.debug/files/ciris
03-23 21:18:56.566 I/InteractViewModel(21292): [sendMessage] Sending message: 'hello! please play enya on the bedroom media playe...' with 0 attachments
03-23 21:18:56.567 I/CIRISApiClient(21292): [sendMessage] Sending message: 'hello! please play enya on the bedroom media playe...' to channel=mobile_app, images=0, docs=0
03-23 21:18:57.161 D/EnvFileUpdater(21292): Found CIRIS_HOME from env: /data/user/0/ai.ciris.mobile.debug/files/ciris
03-23 21:18:57.692 I/CIRISApiClient(21292): [getGraphData] >>> START: hours=24, scope=ALL_SCOPES, type=null, limit=200
03-23 21:18:57.693 I/CIRISApiClient(21292): [getGraphData] Fetching timeline: http://localhost:8080/v1/memory/timeline?hours=24&include_edges=true&include_metrics=false
03-23 21:18:58.841 I/CIRISApiClient(21292): [getGraphData] <<< DONE in 1149ms (single API call)
03-23 21:18:58.841 I/CIRISApiClient(21292): [getGraphData]     Nodes: 20 ({local=19, identity=1})
03-23 21:18:58.842 I/CIRISApiClient(21292): [getGraphData]     Edges: 0 total, 0 visible
03-23 21:18:58.842 I/CIRISApiClient(21292): [getGraphData]     Edge types: {}
03-23 21:18:58.843 I/CIRISApiClient(21292): [getGraphData]     INFO: No edges found - nodes may not have relationships yet
03-23 21:19:07.162 D/EnvFileUpdater(21292): Found CIRIS_HOME from env: /data/user/0/ai.ciris.mobile.debug/files/ciris
03-23 21:19:17.164 D/EnvFileUpdater(21292): Found CIRIS_HOME from env: /data/user/0/ai.ciris.mobile.debug/files/ciris
03-23 21:19:17.455 W/python.stderr(21292): <frozen importlib._bootstrap>:914: ImportWarning: PydanticCoreFinder.find_spec() not found; falling back to find_module()
03-23 21:19:17.477 I/CIRISApiClient(21292): [getGraphData] >>> START: hours=24, scope=ALL_SCOPES, type=null, limit=200
03-23 21:19:17.478 I/CIRISApiClient(21292): [getGraphData] Fetching timeline: http://localhost:8080/v1/memory/timeline?hours=24&include_edges=true&include_metrics=false
03-23 21:19:18.280 I/CIRISApiClient(21292): [getGraphData] <<< DONE in 803ms (single API call)
03-23 21:19:18.281 I/CIRISApiClient(21292): [getGraphData]     Nodes: 22 ({local=21, identity=1})
03-23 21:19:18.281 I/CIRISApiClient(21292): [getGraphData]     Edges: 0 total, 0 visible
03-23 21:19:18.282 I/CIRISApiClient(21292): [getGraphData]     Edge types: {}
03-23 21:19:18.282 I/CIRISApiClient(21292): [getGraphData]     INFO: No edges found - nodes may not have relationships yet
03-23 21:19:26.575 E/CIRISApiClient(21292): [sendMessage] Exception: HttpRequestTimeoutException: Request timeout has expired [url=http://localhost:8080/v1/agent/interact, request_timeout=30000 ms] | Context: message='hello! please play enya on the...', channelId=mobile_app, hasToken=true
03-23 21:19:26.575 E/CIRISApiClient(21292): io.ktor.client.plugins.HttpRequestTimeoutException: Request timeout has expired [url=http://localhost:8080/v1/agent/interact, request_timeout=30000 ms]
03-23 21:19:26.575 E/CIRISApiClient(21292): 	at io.ktor.client.plugins.HttpTimeout$Plugin$install$1$1$killer$1.invokeSuspend(HttpTimeout.kt:165)
03-23 21:19:26.575 E/CIRISApiClient(21292): 	at kotlin.coroutines.jvm.internal.BaseContinuationImpl.resumeWith(ContinuationImpl.kt:33)
03-23 21:19:26.575 E/CIRISApiClient(21292): 	at kotlinx.coroutines.DispatchedTask.run(DispatchedTask.kt:104)
03-23 21:19:26.575 E/CIRISApiClient(21292): 	at kotlinx.coroutines.internal.LimitedDispatcher$Worker.run(LimitedDispatcher.kt:111)
03-23 21:19:26.575 E/CIRISApiClient(21292): 	at kotlinx.coroutines.scheduling.TaskImpl.run(Tasks.kt:99)
