04-06 18:18:03.729 I/python.stdout(32191): [FIRST-RUN] [SERVICE 13/22] WiseAuthority STARTED
04-06 18:18:03.735 D/MainActivity(32191): Service 13 started (10/22)
04-06 18:18:03.738 I/python.stdout(32191): [FIRST-RUN] ✓ 10/10 minimal services started - ready for setup wizard
04-06 18:18:03.798 D/EnvFileUpdater(32191): Found CIRIS_HOME from env: /data/user/0/ai.ciris.mobile.debug/files/ciris
04-06 18:18:04.580 I/InteractViewModel(32191): [observeLanguageChanges] Updating pipeline labels for language: en (explicit=false)
04-06 18:18:04.595 D/CIRISApp(32191): [INIT] CIRISApp composable invoked - googleSignInCallback=PRESENT (182490387)
04-06 18:18:04.596 I/InteractViewModel(32191): [setDeviceAttestationCallback] Device attestation callback SET
04-06 18:18:05.013 W/python.stderr(32191): /data/data/ai.ciris.mobile.debug/files/chaquopy/AssetFinder/requirements/pydantic/_internal/_config.py:291: PydanticDeprecatedSince20: Support for class-based `config` is deprecated, use ConfigDict instead. Deprecated in Pydantic V2.0 to be removed in V3.0. See Pydantic V2 Migration Guide at https://errors.pydantic.dev/2.9/migration/
04-06 18:18:05.269 E/CIRISApiClient(32191): [getSystemStatus] Exception: ConnectException: Failed to connect to localhost/127.0.0.1:8080 | Context: url=http://localhost:8080
04-06 18:18:05.269 E/CIRISApiClient(32191): java.net.ConnectException: Failed to connect to localhost/127.0.0.1:8080
04-06 18:18:05.269 E/CIRISApiClient(32191): 	at okhttp3.internal.connection.RealConnection.connectSocket(RealConnection.kt:297)
04-06 18:18:05.269 E/CIRISApiClient(32191): 	at okhttp3.internal.connection.RealConnection.connect(RealConnection.kt:207)
04-06 18:18:05.269 E/CIRISApiClient(32191): 	at okhttp3.internal.connection.ExchangeFinder.findConnection(ExchangeFinder.kt:226)
04-06 18:18:05.269 E/CIRISApiClient(32191): 	at okhttp3.internal.connection.ExchangeFinder.findHealthyConnection(ExchangeFinder.kt:106)
04-06 18:18:05.269 E/CIRISApiClient(32191): 	at okhttp3.internal.connection.ExchangeFinder.find(ExchangeFinder.kt:74)
04-06 18:18:05.269 E/CIRISApiClient(32191): 	at okhttp3.internal.connection.RealCall.initExchange$okhttp(RealCall.kt:255)
04-06 18:18:05.269 E/CIRISApiClient(32191): 	at okhttp3.internal.connection.ConnectInterceptor.intercept(ConnectInterceptor.kt:32)
04-06 18:18:05.269 E/CIRISApiClient(32191): 	at okhttp3.internal.http.RealInterceptorChain.proceed(RealInterceptorChain.kt:109)
04-06 18:18:05.269 E/CIRISApiClient(32191): 	at okhttp3.internal.cache.CacheInterceptor.intercept(CacheInterceptor.kt:95)
04-06 18:18:05.269 E/CIRISApiClient(32191): 	at okhttp3.internal.http.RealInterceptorChain.proceed(RealInterceptorChain.kt:109)
04-06 18:18:05.269 E/CIRISApiClient(32191): 	at okhttp3.internal.http.BridgeInterceptor.intercept(BridgeInterceptor.kt:83)
04-06 18:18:05.269 E/CIRISApiClient(32191): 	at okhttp3.internal.http.RealInterceptorChain.proceed(RealInterceptorChain.kt:109)
04-06 18:18:05.269 E/CIRISApiClient(32191): 	at okhttp3.internal.http.RetryAndFollowUpInterceptor.intercept(RetryAndFollowUpInterceptor.kt:76)
04-06 18:18:05.269 E/CIRISApiClient(32191): 	at okhttp3.internal.http.RealInterceptorChain.proceed(RealInterceptorChain.kt:109)
04-06 18:18:05.269 E/CIRISApiClient(32191): 	at okhttp3.internal.connection.RealCall.getResponseWithInterceptorChain$okhttp(RealCall.kt:201)
04-06 18:18:05.269 E/CIRISApiClient(32191): 	at okhttp3.internal.connection.RealCall$AsyncCall.run(RealCall.kt:517)
04-06 18:18:05.269 E/CIRISApiClient(32191): 	at java.util.concurrent.ThreadPoolExecutor.runWorker(ThreadPoolExecutor.java:1133)
04-06 18:18:05.269 E/CIRISApiClient(32191): 	at java.util.concurrent.ThreadPoolExecutor$Worker.run(ThreadPoolExecutor.java:607)
04-06 18:18:05.269 E/CIRISApiClient(32191): 	at java.lang.Thread.run(Thread.java:762)
04-06 18:18:05.269 E/CIRISApiClient(32191): Caused by: java.net.ConnectException: Connection refused
04-06 18:18:05.269 E/CIRISApiClient(32191): 	at java.net.PlainSocketImpl.socketConnect(Native Method)
04-06 18:18:05.269 E/CIRISApiClient(32191): 	at java.net.AbstractPlainSocketImpl.doConnect(AbstractPlainSocketImpl.java:334)
04-06 18:18:05.269 E/CIRISApiClient(32191): 	at java.net.AbstractPlainSocketImpl.connectToAddress(AbstractPlainSocketImpl.java:196)
04-06 18:18:05.269 E/CIRISApiClient(32191): 	at java.net.AbstractPlainSocketImpl.connect(AbstractPlainSocketImpl.java:178)
04-06 18:18:05.269 E/CIRISApiClient(32191): 	at java.net.SocksSocketImpl.connect(SocksSocketImpl.java:356)
04-06 18:18:05.269 E/CIRISApiClient(32191): 	at java.net.Socket.connect(Socket.java:605)
04-06 18:18:05.269 E/CIRISApiClient(32191): 	at okhttp3.internal.platform.AndroidPlatform.connectSocket(AndroidPlatform.kt:63)
04-06 18:18:05.269 E/CIRISApiClient(32191): 	at okhttp3.internal.connection.RealConnection.connectSocket(RealConnection.kt:295)
04-06 18:18:05.269 E/CIRISApiClient(32191): 	... 18 more
04-06 18:18:07.099 D/CIRISApp(32191): [INIT] CIRISApp composable invoked - googleSignInCallback=PRESENT (182490387)
04-06 18:18:07.100 I/InteractViewModel(32191): [setDeviceAttestationCallback] Device attestation callback SET
04-06 18:18:07.414 I/python.stdout(32191): [STARTUP] Checking port 8080 availability...
04-06 18:18:07.416 I/python.stdout(32191): [STARTUP] Binding to port 8080...
04-06 18:18:07.435 I/python.stdout(32191): 
04-06 18:18:07.435 I/python.stdout(32191): ============================================================
04-06 18:18:07.436 I/python.stdout(32191):   CIRIS Setup Required
04-06 18:18:07.436 I/python.stdout(32191): ============================================================
04-06 18:18:07.436 I/python.stdout(32191): 
04-06 18:18:07.436 I/python.stdout(32191):   Open your browser to complete setup:
04-06 18:18:07.436 I/python.stdout(32191): 
04-06 18:18:07.436 I/python.stdout(32191):     http://0.0.0.0:8080
04-06 18:18:07.436 I/python.stdout(32191): 
04-06 18:18:07.436 I/python.stdout(32191): ============================================================
04-06 18:18:07.437 I/python.stdout(32191): 
04-06 18:18:07.437 I/python.stdout(32191): [STARTUP] Starting server...
04-06 18:18:07.481 I/python.stdout(32191): Starting CIRIS API...
04-06 18:18:08.439 I/python.stdout(32191): [STARTUP] API server listening on port 8080
04-06 18:18:08.440 I/python.stdout(32191): [STARTUP] Server ready for connections
04-06 18:18:09.603 D/CIRISApp(32191): [INIT] CIRISApp composable invoked - googleSignInCallback=PRESENT (182490387)
04-06 18:18:09.605 I/InteractViewModel(32191): [setDeviceAttestationCallback] Device attestation callback SET
04-06 18:18:12.106 D/CIRISApp(32191): [INIT] CIRISApp composable invoked - googleSignInCallback=PRESENT (182490387)
04-06 18:18:12.109 I/InteractViewModel(32191): [setDeviceAttestationCallback] Device attestation callback SET
04-06 18:18:12.857 D/CIRISApp(32191): [INIT] CIRISApp composable invoked - googleSignInCallback=PRESENT (182490387)
04-06 18:18:12.858 I/InteractViewModel(32191): [setDeviceAttestationCallback] Device attestation callback SET
04-06 18:18:12.902 D/CIRISApp(32191): [INFO] Startup READY, checking first-run status...
04-06 18:18:12.949 I/CIRISApiClient(32191): [init] CIRISApiClient initialized with baseUrl=http://localhost:8080
04-06 18:18:12.982 I/InteractViewModel(32191): [observeLanguageChanges] Updating pipeline labels for language: en (explicit=false)
04-06 18:18:12.990 D/CIRISApp(32191): [INIT] CIRISApp composable invoked - googleSignInCallback=PRESENT (182490387)
04-06 18:18:12.991 I/InteractViewModel(32191): [setDeviceAttestationCallback] Device attestation callback SET
04-06 18:18:13.062 I/CIRISApiClient(32191): [getSetupStatus] Setup status: required=true, firstRun=true, configExists=false
04-06 18:18:13.066 D/CIRISApp(32191): [INFO] First run check result: true
04-06 18:18:13.066 D/CIRISApp(32191): [INFO] First run detected, navigating to Login
04-06 18:18:13.068 D/CIRISApp(32191): [INIT] CIRISApp composable invoked - googleSignInCallback=PRESENT (182490387)
04-06 18:18:13.069 I/InteractViewModel(32191): [setDeviceAttestationCallback] Device attestation callback SET
04-06 18:18:13.075 D/CIRISApp(32191): [DEBUG][Screen.Login] Rendering login screen, googleSignInCallback=PRESENT, isFirstRun=true
04-06 18:18:13.800 D/EnvFileUpdater(32191): Found CIRIS_HOME from env: /data/user/0/ai.ciris.mobile.debug/files/ciris
04-06 18:18:23.803 D/EnvFileUpdater(32191): Found CIRIS_HOME from env: /data/user/0/ai.ciris.mobile.debug/files/ciris
04-06 18:18:31.988 D/CIRISApp(32191): [INFO][onGoogleSignIn] Button click handler invoked, googleSignInCallback=PRESENT
04-06 18:18:31.988 D/CIRISApp(32191): [INFO][onGoogleSignIn] Callback is not null, calling onGoogleSignInRequested...
04-06 18:18:31.989 I/MainActivity(32191): Google Sign-In requested from CIRISApp (interactive)
04-06 18:18:32.062 D/CIRISApp(32191): [DEBUG][Screen.Login] Rendering login screen, googleSignInCallback=PRESENT, isFirstRun=true
04-06 18:18:33.805 D/EnvFileUpdater(32191): Found CIRIS_HOME from env: /data/user/0/ai.ciris.mobile.debug/files/ciris
04-06 18:18:34.414 I/MainActivity(32191): Google Sign-In successful: ciristest1@gmail.com
04-06 18:18:34.415 D/CIRISApp(32191): [INFO][onGoogleSignIn] Got result from native sign-in: Success
04-06 18:18:34.415 D/CIRISApp(32191): [DEBUG][onGoogleSignIn] Processing result: Success(idToken=eyJhbGciOiJSUzI1NiIsImtpZCI6ImNjZTRlMDI0YTUxYWEwYzFjNDFjMWE0NTE1YTQxZGQ3ZTk2MTkzNmIiLCJ0eXAiOiJKV1QifQ.eyJpc3MiOiJodHRwczovL2FjY291bnRzLmdvb2dsZS5jb20iLCJhenAiOiIyNjU4ODI4NTM2OTctOGM1M20zaG4yZDcwczdvcWxtMmgxNjdmN2hyZDFhdTYuYXBwcy5nb29nbGV1c2VyY29udGVudC5jb20iLCJhdWQiOiIyNjU4ODI4NTM2OTctbDQyMW5kb2pjczVubTdsa2xuNTNqajI5a2Y3a2NrOTEuYXBwcy5nb29nbGV1c2VyY29udGVudC5jb20iLCJzdWIiOiIxMDI3NzM3NDkwMzM2ODE2NzEwODMiLCJlbWFpbCI6ImNpcmlzdGVzdDFAZ21haWwuY29tIiwiZW1haWxfdmVyaWZpZWQiOnRydWUsIm5hbWUiOiJDSVJJUyBURVNUIiwicGljdHVyZSI6Imh0dHBzOi8vbGgzLmdvb2dsZXVzZXJjb250ZW50LmNvbS9hL0FDZzhvY0t3ZzEwUXB2U1oxWDl2YWZ3eW5kSW51X0RlOGpTdXNqcExZanA0RFdOT253RFBVUT1zOTYtYyIsImdpdmVuX25hbWUiOiJDSVJJUyIsImZhbWlseV9uYW1lIjoiVEVTVCIsImlhdCI6MTc3NTUxNDkyOCwiZXhwIjoxNzc1NTE4NTI4fQ.iegOEwOrt24L-exL9uuzn7zi7Ey0c7hh221E2uaEdj2XDwd7HD_UYxX37adlPXtqi6HKKhyKhDYA458RZIt74KWP_KOZSy-MEj6f-NrwQQsXLRiTQX3I4_OWAWvf1vlg5vk-4jVDxY9rc6ztLY350HFLhSdPy_oOKqiMSa7uGz_gC7-BZQvvij0XdeANDiiSVkMCyKDQYlmBWrZLZFYdp2XuCEXULE1cnBSR4bflvXt3tjSNVloAiNOttLjALs98-FKJd2qlFYt8RL4jvOgApmO10aEPqdYGAP9WZimengEeRBS15gmSTeTHv3zWBfFXRkPPiqFyTUlFqhgUoz28IQ, userId=102773749033681671083, email=ciristest1@gmail.com, displayName=CIRIS TEST, provider=google)
04-06 18:18:34.415 D/CIRISApp(32191): [INFO] Sign-in success: userId=102773749033681671083, email=ciristest1@gmail.com
04-06 18:18:34.425 D/CIRISApp(32191): [INFO] Checking setup status at http://localhost:8080...
04-06 18:18:34.467 I/CIRISApiClient(32191): [init] CIRISApiClient initialized with baseUrl=http://localhost:8080
04-06 18:18:34.478 D/CIRISApp(32191): [DEBUG][Screen.Login] Rendering login screen, googleSignInCallback=PRESENT, isFirstRun=true
04-06 18:18:34.588 I/CIRISApiClient(32191): [getSetupStatus] Setup status: required=true, firstRun=true, configExists=false
04-06 18:18:34.590 D/CIRISApp(32191): [INFO] Setup required check result: true
04-06 18:18:34.590 D/CIRISApp(32191): [INFO] Setup required - storing tokens and navigating to Setup wizard (provider=google)
04-06 18:18:34.591 I/TokenManager(32191): [setCurrentProvider] Provider set to: google
04-06 18:18:34.593 D/CIRISApp(32191): [INFO] Navigating to Screen.Setup
04-06 18:18:34.596 D/CIRISApp(32191): [INIT] CIRISApp composable invoked - googleSignInCallback=PRESENT (182490387)
04-06 18:18:34.597 I/InteractViewModel(32191): [setDeviceAttestationCallback] Device attestation callback SET
04-06 18:18:34.604 D/CIRISApp(32191): [DEBUG][Screen.Setup] Rendering setup screen
04-06 18:18:37.122 I/CIRISApiClient(32191): [connectToNode] Initiating device auth for node: https://portal.ciris.ai
04-06 18:18:39.553 I/chromium(30649): [INFO:tin_six_tab_helper.cc(147)] OnTabAdded
04-06 18:18:39.553 I/chromium(30649): [INFO:tin_six_tab_helper.cc(736)] InsertWebContentsAt 0,5 :0xc118a200
04-06 18:18:39.611 I/chromium(30649): [INFO:tin_six_tab_helper.cc(84)] OnCurrentTabChanged 0,5
04-06 18:18:39.611 I/chromium(30649): [INFO:tin_six_tab_helper.cc(640)] ForceActivateTabAt 0,5
04-06 18:18:39.673 I/chromium(30649): [INFO:render_widget_host_impl.cc(843)] SBRTOUCHLOG  RenderWidgetHostImpl::WasShown
04-06 18:18:39.675 W/chromium(30649): [WARNING:window_android.cc(109)] TAB-STATUS observer added
04-06 18:18:39.676 W/chromium(30649): [WARNING:render_widget_host_view_android.cc(1906)] TAB-STATUS it is still showing
04-06 18:18:39.676 W/chromium(30649): [WARNING:window_android.cc(123)] TAB-STATUS observer removed
04-06 18:18:39.676 W/chromium(30649): [WARNING:window_android.cc(109)] TAB-STATUS observer added
04-06 18:18:39.677 I/chromium(30649): [INFO:tin_six_tab_helper.cc(621)] ActivateTabAt 0,5
04-06 18:18:39.863 I/chromium(30649): [INFO:tin_six_tab_helper.cc(84)] OnCurrentTabChanged 0,5
04-06 18:18:39.863 I/chromium(30649): [INFO:tin_six_tab_helper.cc(640)] ForceActivateTabAt 0,5
04-06 18:18:39.908 I/chromium(30649): [INFO:layer_tree_host_impl.cc(198)] SBRTOUCHLOG DidVisibilityChange = 1
04-06 18:18:39.937 I/chromium(30649): [INFO:browser_gpu_channel_host_factory.cc(364)] EstablishGpuChannel: establishing gpu_channel
04-06 18:18:39.960 I/chromium(30649): [INFO:browser_gpu_channel_host_factory.cc(391)] EstablishGpuChannel: gpu_channel_ exists run callback 0xc110fc00
04-06 18:18:39.979 I/chromium(30649): [INFO:ui_resource_layer_manager.cc(290)] CC-HideUrlbar: EnableUIResourceLayer LayerType: 0 Drawable true
04-06 18:18:39.986 I/chromium(30649): [INFO:tin_six_tab_helper.cc(84)] OnCurrentTabChanged 0,5
04-06 18:18:39.986 I/chromium(30649): [INFO:tin_six_tab_helper.cc(640)] ForceActivateTabAt 0,5
04-06 18:18:39.987 I/chromium(30649): [INFO:tin_six_tab_helper.cc(84)] OnCurrentTabChanged 0,5
04-06 18:18:39.987 I/chromium(30649): [INFO:tin_six_tab_helper.cc(640)] ForceActivateTabAt 0,5
04-06 18:18:40.007 I/chromium(30649): [INFO:ui_resource_layer_manager.cc(290)] CC-HideUrlbar: EnableUIResourceLayer LayerType: 1 Drawable true
04-06 18:18:40.084 I/chromium( 1520): [INFO:dispatcher.cc(1571)] CreateBindingsSystem
04-06 18:18:40.130 I/chromium(30649): [INFO:tin_six_tab_helper.cc(621)] ActivateTabAt 0,5
04-06 18:18:40.153 I/chromium( 1520): [INFO:layer_tree_host_impl.cc(198)] SBRTOUCHLOG DidVisibilityChange = 0
04-06 18:18:40.154 I/chromium( 1520): [INFO:layer_tree_host_impl.cc(4001)] SBRTOUCHLOG SetDeferCommitFlagForDebug = 1
04-06 18:18:40.175 I/chromium( 1520): [INFO:tin_anti_tracking_renderer_url_loader_throttle_helper.cc(31)] [IAT] set delegate th 0xc008c140 td 0xc1262da0
04-06 18:18:40.175 I/chromium( 1520): [INFO:tin_smart_protect_renderer.cc(16)] TinSmartProtectRenderer
04-06 18:18:40.176 I/chromium( 1520): [INFO:tin_smart_protect_renderer.cc(33)] BindPendingReceiver bound=1
04-06 18:18:40.177 I/chromium( 1520): [INFO:layer_tree_host_impl.cc(198)] SBRTOUCHLOG DidVisibilityChange = 1
04-06 18:18:40.201 I/chromium( 1520): [INFO:render_frame_impl.cc(3805)] LoaderLog didCommitProvisionalLoad
04-06 18:18:40.214 I/chromium(30649): [INFO:tin_auto_https_upgrade_monitor.cc(27)] AutoHTTPSUpgrade  FallbackList  size = 0
04-06 18:18:40.233 I/chromium( 1520): [INFO:memory_cache.cc(126)] MemoryCache MemberMemoryCache is disabled
04-06 18:18:40.280 I/chromium( 1520): [INFO:layer_tree_host_impl.cc(4001)] SBRTOUCHLOG SetDeferCommitFlagForDebug = 0
04-06 18:18:40.462 I/chromium( 1520): [INFO:progress_tracker.cc(112)] LoaderLog  FinishedParsing
04-06 18:18:40.468 I/chromium( 1520): [INFO:layer_tree_impl.cc(1205)] DidUpdatePageScale IsActiveTree: 0 ScaleFactor: 1
04-06 18:18:40.477 I/chromium( 1520): [INFO:layer_tree_impl.cc(1205)] DidUpdatePageScale IsActiveTree: 1 ScaleFactor: 1
04-06 18:18:40.758 I/chromium(30649): [INFO:web_contents_impl.cc(6549)] LoaderLog  progress completed
04-06 18:18:40.783 I/chromium( 1520): [INFO:render_frame_impl.cc(4027)] LoaderLog didFinishLoad
04-06 18:18:40.784 I/chromium( 1520): [INFO:frame_loader.cc(402)] LoaderLog Completed totalBytes = 106022
04-06 18:18:40.784 I/chromium( 1520): [INFO:render_frame_impl.cc(5114)] LoaderLog didStopLoading
04-06 18:18:40.809 I/chromium(30649): [INFO:tin_six_tab_helper.cc(621)] ActivateTabAt 0,5
04-06 18:18:40.851 I/chromium( 1520): [INFO:document_loader.cc(793)] LoaderLog UpdateForSameDocumentNavigation  was_loading = 0  is_client_redirect_ = 0  replaces_history_item_ = 1
04-06 18:18:40.851 I/chromium( 1520): [INFO:render_frame_impl.cc(5114)] LoaderLog didStopLoading
04-06 18:18:40.893 I/chromium(30649): [INFO:tin_six_tab_helper.cc(621)] ActivateTabAt 0,5
04-06 18:18:43.082 W/chromium(30649): [WARNING:render_widget_host_view_android.cc(1070)] SBRTOUCHLOG  OnTouchEvent, Action::DOWN
04-06 18:18:43.082 I/chromium(30649): [INFO:render_widget_host_input_event_router.cc(861)] SBRTOUCHLOG Set Touch sequence target view: 0x5f6ade00
04-06 18:18:43.083 W/chromium(30649): [WARNING:input_router_impl.cc(529)] SBRTOUCHLOG FilterAndSendWebInputEvent, kTouchStart
04-06 18:18:43.085 I/chromium( 1520): [INFO:web_frame_widget_impl.cc(2748)] SBRTOUCHLOG Blink HandleInputEvent event received = PointerDown
04-06 18:18:43.094 I/chromium( 1520): [INFO:web_frame_widget_impl.cc(2748)] SBRTOUCHLOG Blink HandleInputEvent event received = PointerMove
04-06 18:18:43.096 I/chromium( 1520): [INFO:web_frame_widget_impl.cc(2748)] SBRTOUCHLOG Blink HandleInputEvent event received = GestureTapDown
04-06 18:18:43.097 I/chromium( 1520): [INFO:web_frame_widget_impl.cc(2748)] SBRTOUCHLOG Blink HandleInputEvent event received = PointerMove
04-06 18:18:43.112 I/chromium( 1520): [INFO:web_frame_widget_impl.cc(2748)] SBRTOUCHLOG Blink HandleInputEvent event received = PointerMove
04-06 18:18:43.125 I/chromium( 1520): [INFO:web_frame_widget_impl.cc(2748)] SBRTOUCHLOG Blink HandleInputEvent event received = PointerMove
04-06 18:18:43.125 I/chromium( 1520): [INFO:layer_tree_host_impl.cc(332)] SBRTOUCHLOG LayerTreeHostImpl::ScrollBegin defer_commit =  0
04-06 18:18:43.126 I/chromium( 1520): [INFO:layer_tree_host_impl.cc(303)] SBRTOUCHLOG LayerTreeHostImpl::ScrollBy delta_y = 7.01828
04-06 18:18:43.127 I/chromium( 1520): [INFO:web_frame_widget_impl.cc(2748)] SBRTOUCHLOG Blink HandleInputEvent event received = GestureTapCancel
04-06 18:18:43.127 I/chromium( 1520): [INFO:web_frame_widget_impl.cc(2748)] SBRTOUCHLOG Blink HandleInputEvent event received = PointerCausedUaAction
04-06 18:18:43.149 I/chromium( 1520): [INFO:web_frame_widget_impl.cc(2748)] SBRTOUCHLOG Blink HandleInputEvent event received = PointerMove
04-06 18:18:43.198 I/chromium( 1520): [INFO:layer_tree_host_impl.cc(2438)] SBRTOUCHLOG AsyncLayerTreeFrameSink::SubmitCompositorFrame
04-06 18:18:43.212 I/chromium( 1520): [INFO:layer_tree_host_impl.cc(303)] SBRTOUCHLOG LayerTreeHostImpl::ScrollBy delta_y = 24.4779
04-06 18:18:43.281 I/chromium( 1520): [INFO:layer_tree_host_impl.cc(2438)] SBRTOUCHLOG AsyncLayerTreeFrameSink::SubmitCompositorFrame
04-06 18:18:43.296 I/chromium( 1520): [INFO:layer_tree_host_impl.cc(303)] SBRTOUCHLOG LayerTreeHostImpl::ScrollBy delta_y = 18.6765
04-06 18:18:43.349 I/chromium( 1520): [INFO:web_frame_widget_impl.cc(2748)] SBRTOUCHLOG Blink HandleInputEvent event received = PointerMove
04-06 18:18:43.365 I/chromium( 1520): [INFO:layer_tree_host_impl.cc(2438)] SBRTOUCHLOG AsyncLayerTreeFrameSink::SubmitCompositorFrame
04-06 18:18:43.381 I/chromium( 1520): [INFO:layer_tree_host_impl.cc(303)] SBRTOUCHLOG LayerTreeHostImpl::ScrollBy delta_y = 4.79929
04-06 18:18:43.448 I/chromium( 1520): [INFO:layer_tree_host_impl.cc(2438)] SBRTOUCHLOG AsyncLayerTreeFrameSink::SubmitCompositorFrame
04-06 18:18:43.465 I/chromium( 1520): [INFO:layer_tree_host_impl.cc(303)] SBRTOUCHLOG LayerTreeHostImpl::ScrollBy delta_y = 10.4918
04-06 18:18:43.549 I/chromium( 1520): [INFO:web_frame_widget_impl.cc(2748)] SBRTOUCHLOG Blink HandleInputEvent event received = PointerMove
04-06 18:18:43.749 I/chromium( 1520): [INFO:web_frame_widget_impl.cc(2748)] SBRTOUCHLOG Blink HandleInputEvent event received = PointerMove
04-06 18:18:43.806 D/EnvFileUpdater(32191): Found CIRIS_HOME from env: /data/user/0/ai.ciris.mobile.debug/files/ciris
04-06 18:18:43.951 I/chromium( 1520): [INFO:web_frame_widget_impl.cc(2748)] SBRTOUCHLOG Blink HandleInputEvent event received = PointerMove
04-06 18:18:43.958 W/chromium(30649): [WARNING:window_android.cc(109)] TAB-STATUS observer added
04-06 18:18:43.959 I/chromium( 1520): [INFO:web_frame_widget_impl.cc(2748)] SBRTOUCHLOG Blink HandleInputEvent event received = PointerUp
04-06 18:18:44.301 W/chromium(30649): [WARNING:render_widget_host_view_android.cc(1070)] SBRTOUCHLOG  OnTouchEvent, Action::DOWN
04-06 18:18:44.301 I/chromium(30649): [INFO:render_widget_host_input_event_router.cc(861)] SBRTOUCHLOG Set Touch sequence target view: 0x5f6ade00
04-06 18:18:44.302 W/chromium(30649): [WARNING:input_router_impl.cc(529)] SBRTOUCHLOG FilterAndSendWebInputEvent, kTouchStart
04-06 18:18:44.303 I/chromium( 1520): [INFO:web_frame_widget_impl.cc(2748)] SBRTOUCHLOG Blink HandleInputEvent event received = PointerDown
04-06 18:18:44.305 W/chromium(30649): [WARNING:window_android.cc(123)] TAB-STATUS observer removed
04-06 18:18:44.314 I/chromium( 1520): [INFO:layer_tree_host_impl.cc(344)] SBRTOUCHLOG LayerTreeHostImpl::ScrollEnd
04-06 18:18:44.316 I/chromium( 1520): [INFO:web_frame_widget_impl.cc(2748)] SBRTOUCHLOG Blink HandleInputEvent event received = PointerMove
04-06 18:18:44.319 I/chromium( 1520): [INFO:layer_tree_host_impl.cc(332)] SBRTOUCHLOG LayerTreeHostImpl::ScrollBegin defer_commit =  0
04-06 18:18:44.320 I/chromium( 1520): [INFO:layer_tree_host_impl.cc(303)] SBRTOUCHLOG LayerTreeHostImpl::ScrollBy delta_y = 20.2381
04-06 18:18:44.320 I/chromium( 1520): [INFO:web_frame_widget_impl.cc(2748)] SBRTOUCHLOG Blink HandleInputEvent event received = PointerMove
04-06 18:18:44.322 I/chromium( 1520): [INFO:web_frame_widget_impl.cc(2748)] SBRTOUCHLOG Blink HandleInputEvent event received = PointerCausedUaAction
04-06 18:18:44.332 I/chromium( 1520): [INFO:web_frame_widget_impl.cc(2748)] SBRTOUCHLOG Blink HandleInputEvent event received = PointerMove
04-06 18:18:44.385 I/chromium( 1520): [INFO:layer_tree_host_impl.cc(2438)] SBRTOUCHLOG AsyncLayerTreeFrameSink::SubmitCompositorFrame
04-06 18:18:44.397 I/chromium( 1520): [INFO:layer_tree_host_impl.cc(303)] SBRTOUCHLOG LayerTreeHostImpl::ScrollBy delta_y = 123.164
04-06 18:18:44.405 I/chromium( 1520): [INFO:web_frame_widget_impl.cc(2748)] SBRTOUCHLOG Blink HandleInputEvent event received = PointerMove
04-06 18:18:44.405 W/chromium(30649): [WARNING:window_android.cc(109)] TAB-STATUS observer added
04-06 18:18:44.407 I/chromium( 1520): [INFO:web_frame_widget_impl.cc(2748)] SBRTOUCHLOG Blink HandleInputEvent event received = PointerUp
04-06 18:18:44.465 I/chromium( 1520): [INFO:layer_tree_host_impl.cc(2438)] SBRTOUCHLOG AsyncLayerTreeFrameSink::SubmitCompositorFrame
04-06 18:18:44.482 I/chromium( 1520): [INFO:layer_tree_host_impl.cc(303)] SBRTOUCHLOG LayerTreeHostImpl::ScrollBy delta_y = 150.226
04-06 18:18:44.549 I/chromium( 1520): [INFO:layer_tree_host_impl.cc(2438)] SBRTOUCHLOG AsyncLayerTreeFrameSink::SubmitCompositorFrame
04-06 18:18:44.564 I/chromium( 1520): [INFO:layer_tree_host_impl.cc(303)] SBRTOUCHLOG LayerTreeHostImpl::ScrollBy delta_y = 134.907
04-06 18:18:44.633 I/chromium( 1520): [INFO:layer_tree_host_impl.cc(2438)] SBRTOUCHLOG AsyncLayerTreeFrameSink::SubmitCompositorFrame
04-06 18:18:44.649 I/chromium( 1520): [INFO:layer_tree_host_impl.cc(303)] SBRTOUCHLOG LayerTreeHostImpl::ScrollBy delta_y = 118.054
04-06 18:18:44.869 W/chromium(30649): [WARNING:window_android.cc(123)] TAB-STATUS observer removed
04-06 18:18:44.883 I/chromium( 1520): [INFO:layer_tree_host_impl.cc(344)] SBRTOUCHLOG LayerTreeHostImpl::ScrollEnd
04-06 18:18:45.769 W/chromium(30649): [WARNING:render_widget_host_view_android.cc(1070)] SBRTOUCHLOG  OnTouchEvent, Action::DOWN
04-06 18:18:45.769 I/chromium(30649): [INFO:render_widget_host_input_event_router.cc(861)] SBRTOUCHLOG Set Touch sequence target view: 0x5f6ade00
04-06 18:18:45.769 W/chromium(30649): [WARNING:input_router_impl.cc(529)] SBRTOUCHLOG FilterAndSendWebInputEvent, kTouchStart
04-06 18:18:45.770 I/chromium( 1520): [INFO:web_frame_widget_impl.cc(2748)] SBRTOUCHLOG Blink HandleInputEvent event received = PointerDown
04-06 18:18:45.775 I/chromium( 1520): [INFO:web_frame_widget_impl.cc(2748)] SBRTOUCHLOG Blink HandleInputEvent event received = GestureTapDown
04-06 18:18:45.849 I/chromium( 1520): [INFO:web_frame_widget_impl.cc(2748)] SBRTOUCHLOG Blink HandleInputEvent event received = PointerMove
04-06 18:18:45.866 I/chromium( 1520): [INFO:web_frame_widget_impl.cc(2748)] SBRTOUCHLOG Blink HandleInputEvent event received = PointerMove
04-06 18:18:45.871 I/chromium( 1520): [INFO:web_frame_widget_impl.cc(2748)] SBRTOUCHLOG Blink HandleInputEvent event received = PointerUp
04-06 18:18:45.876 I/chromium(30649): [INFO:input_router_impl.cc(641)] SBRTOUCHLOG InputRouterImpl::TouchEventHandled type: TouchEnd & ack: NOT_CONSUMED
04-06 18:18:45.877 I/chromium( 1520): [INFO:web_frame_widget_impl.cc(2748)] SBRTOUCHLOG Blink HandleInputEvent event received = GestureShowPress
04-06 18:18:45.880 I/chromium( 1520): [INFO:web_frame_widget_impl.cc(2748)] SBRTOUCHLOG Blink HandleInputEvent event received = GestureTap
04-06 18:18:46.835 I/chromium( 1520): [INFO:frame_loader.cc(618)] LoaderLog  StartNavigation  ClientRedirect = 0
04-06 18:18:46.855 I/chromium(30649): [INFO:tin_six_tab_helper.cc(621)] ActivateTabAt 0,5
04-06 18:18:46.858 I/chromium( 1520): [INFO:layer_tree_host_impl.cc(198)] SBRTOUCHLOG DidVisibilityChange = 0
04-06 18:18:46.858 I/chromium( 1520): [INFO:layer_tree_host_impl.cc(4001)] SBRTOUCHLOG SetDeferCommitFlagForDebug = 1
04-06 18:18:46.859 I/chromium( 1520): [INFO:layer_tree_host_impl.cc(4001)] SBRTOUCHLOG SetDeferCommitFlagForDebug = 0
04-06 18:18:46.859 I/chromium( 1520): [INFO:tin_anti_tracking_renderer_url_loader_throttle_helper.cc(31)] [IAT] set delegate th 0xc008c140 td 0xbeba9160
04-06 18:18:46.860 I/chromium( 1520): [INFO:tin_smart_protect_renderer.cc(16)] TinSmartProtectRenderer
04-06 18:18:46.861 I/chromium( 1520): [INFO:tin_smart_protect_renderer.cc(33)] BindPendingReceiver bound=1
04-06 18:18:47.034 I/chromium( 1520): [INFO:tin_anti_tracking_renderer_url_loader_throttle_helper.cc(38)] [IAT] detector destroyed 0xbeba9160
04-06 18:18:47.045 I/chromium(30649): [INFO:tin_six_tab_helper.cc(621)] ActivateTabAt 0,5
04-06 18:18:47.280 I/chromium( 1580): [INFO:dispatcher.cc(1571)] CreateBindingsSystem
04-06 18:18:47.301 I/chromium( 1580): [INFO:layer_tree_host_impl.cc(198)] SBRTOUCHLOG DidVisibilityChange = 0
04-06 18:18:47.301 I/chromium( 1580): [INFO:layer_tree_host_impl.cc(4001)] SBRTOUCHLOG SetDeferCommitFlagForDebug = 1
04-06 18:18:47.302 I/chromium( 1580): [INFO:layer_tree_host_impl.cc(4001)] SBRTOUCHLOG SetDeferCommitFlagForDebug = 0
04-06 18:18:47.302 I/chromium( 1580): [INFO:tin_anti_tracking_renderer_url_loader_throttle_helper.cc(31)] [IAT] set delegate th 0x5ee17fb0 td 0x5ec63660
04-06 18:18:47.302 I/chromium( 1580): [INFO:tin_smart_protect_renderer.cc(16)] TinSmartProtectRenderer
04-06 18:18:47.303 I/chromium( 1580): [INFO:tin_smart_protect_renderer.cc(33)] BindPendingReceiver bound=1
04-06 18:18:47.313 I/chromium( 1580): [INFO:layer_tree_host_impl.cc(4001)] SBRTOUCHLOG SetDeferCommitFlagForDebug = 1
04-06 18:18:47.338 I/chromium( 1580): [INFO:render_frame_impl.cc(3805)] LoaderLog didCommitProvisionalLoad
04-06 18:18:47.341 W/chromium(30649): [WARNING:window_android.cc(123)] TAB-STATUS observer removed
04-06 18:18:47.342 I/chromium( 1520): [INFO:layer_tree_host_impl.cc(198)] SBRTOUCHLOG DidVisibilityChange = 0
04-06 18:18:47.342 I/chromium(30649): [INFO:render_widget_host_impl.cc(843)] SBRTOUCHLOG  RenderWidgetHostImpl::WasShown
04-06 18:18:47.343 W/chromium(30649): [WARNING:window_android.cc(109)] TAB-STATUS observer added
04-06 18:18:47.349 I/chromium( 1520): [INFO:frame_loader.cc(274)] LoaderLog  SetDefersLoading  DeferType = 1
04-06 18:18:47.365 I/chromium( 1580): [INFO:layer_tree_host_impl.cc(198)] SBRTOUCHLOG DidVisibilityChange = 1
04-06 18:18:47.405 I/chromium( 1580): [INFO:memory_cache.cc(126)] MemoryCache MemberMemoryCache is disabled
04-06 18:18:47.431 I/chromium( 1580): [INFO:layer_tree_host_impl.cc(4001)] SBRTOUCHLOG SetDeferCommitFlagForDebug = 0
04-06 18:18:47.439 I/chromium( 1580): [INFO:layer_tree_impl.cc(1205)] DidUpdatePageScale IsActiveTree: 0 ScaleFactor: 1
04-06 18:18:47.440 I/chromium( 1580): [INFO:layer_tree_impl.cc(1205)] DidUpdatePageScale IsActiveTree: 1 ScaleFactor: 1
04-06 18:18:48.391 I/chromium(30649): [INFO:render_process_host_impl.cc(4491)] [Renderer][Exit] ChildProcessLauncher::OnChildProcessDied called through JNI pid = 1608, renderer_id =0
04-06 18:18:48.559 I/chromium( 1621): [INFO:dispatcher.cc(1571)] CreateBindingsSystem
04-06 18:18:48.582 I/chromium( 1621): [INFO:layer_tree_host_impl.cc(198)] SBRTOUCHLOG DidVisibilityChange = 0
04-06 18:18:48.583 I/chromium( 1621): [INFO:layer_tree_host_impl.cc(4001)] SBRTOUCHLOG SetDeferCommitFlagForDebug = 1
04-06 18:18:48.623 I/chromium(30649): [INFO:back_forward_cache_impl.cc(675)] BFCACHELOG  CanStorePageNow  result = No: not a main frame, related active contents exist: no BI swap result, HTTP status is not OK, scheme is not HTTP or HTTPS, frame is not fully loaded, main RenderFrameHost doesn't have response headers set, probably due not having successfully committed a navigation.
04-06 18:18:48.624 I/chromium(30649): [INFO:render_widget_host_impl.cc(843)] SBRTOUCHLOG  RenderWidgetHostImpl::WasShown
04-06 18:18:48.626 I/chromium( 1621): [INFO:layer_tree_host_impl.cc(198)] SBRTOUCHLOG DidVisibilityChange = 0
04-06 18:18:48.627 I/chromium( 1621): [INFO:layer_tree_host_impl.cc(4001)] SBRTOUCHLOG SetDeferCommitFlagForDebug = 1
04-06 18:18:48.649 I/chromium(30649): [INFO:back_forward_cache_impl.cc(675)] BFCACHELOG  CanStorePageNow  result = No: not a main frame, related active contents exist: no BI swap result, HTTP status is not OK, scheme is not HTTP or HTTPS, frame is not fully loaded, main RenderFrameHost doesn't have response headers set, probably due not having successfully committed a navigation.
04-06 18:18:48.651 I/chromium(30649): [INFO:render_widget_host_impl.cc(843)] SBRTOUCHLOG  RenderWidgetHostImpl::WasShown
04-06 18:18:48.667 I/chromium( 1621): [INFO:layer_tree_host_impl.cc(198)] SBRTOUCHLOG DidVisibilityChange = 1
04-06 18:18:48.682 I/chromium( 1621): [INFO:memory_cache.cc(126)] MemoryCache MemberMemoryCache is disabled
04-06 18:18:48.684 I/chromium( 1621): [INFO:layer_tree_host_impl.cc(198)] SBRTOUCHLOG DidVisibilityChange = 1
04-06 18:18:49.816 I/chromium( 1580): [INFO:progress_tracker.cc(112)] LoaderLog  FinishedParsing
04-06 18:18:49.831 I/chromium( 1621): [INFO:layer_tree_host_impl.cc(198)] SBRTOUCHLOG DidVisibilityChange = 0
04-06 18:18:49.832 I/chromium( 1621): [INFO:layer_tree_host_impl.cc(4001)] SBRTOUCHLOG SetDeferCommitFlagForDebug = 0
04-06 18:18:49.832 I/chromium( 1621): [INFO:web_view_impl.cc(1439)] Blink ResizeWithBrowserControls old_size = 0 * 0, new_size = 720 * 1040
04-06 18:18:49.836 I/chromium( 1621): [INFO:layer_tree_host_impl.cc(198)] SBRTOUCHLOG DidVisibilityChange = 0
04-06 18:18:49.838 I/chromium( 1621): [INFO:layer_tree_host_impl.cc(4001)] SBRTOUCHLOG SetDeferCommitFlagForDebug = 0
04-06 18:18:50.060 I/chromium( 1621): [INFO:layer_tree_host_impl.cc(198)] SBRTOUCHLOG DidVisibilityChange = 0
04-06 18:18:50.061 I/chromium( 1621): [INFO:web_view_impl.cc(1439)] Blink ResizeWithBrowserControls old_size = 720 * 1040, new_size = 0 * 0
04-06 18:18:50.063 I/chromium( 1621): [INFO:layer_tree_host_impl.cc(4001)] SBRTOUCHLOG SetDeferCommitFlagForDebug = 1
04-06 18:18:50.126 I/chromium(30649): [INFO:back_forward_cache_impl.cc(675)] BFCACHELOG  CanStorePageNow  result = No: not a main frame, related active contents exist: no BI swap result, HTTP status is not OK, scheme is not HTTP or HTTPS, main RenderFrameHost doesn't have response headers set, probably due not having successfully committed a navigation.
04-06 18:18:50.127 I/chromium(30649): [INFO:render_widget_host_impl.cc(843)] SBRTOUCHLOG  RenderWidgetHostImpl::WasShown
04-06 18:18:50.130 I/chromium( 1621): [INFO:layer_tree_host_impl.cc(198)] SBRTOUCHLOG DidVisibilityChange = 1
04-06 18:18:50.346 I/chromium( 1621): [INFO:layer_tree_host_impl.cc(198)] SBRTOUCHLOG DidVisibilityChange = 0
04-06 18:18:50.348 I/chromium( 1621): [INFO:layer_tree_host_impl.cc(4001)] SBRTOUCHLOG SetDeferCommitFlagForDebug = 0
04-06 18:18:50.348 I/chromium( 1621): [INFO:web_view_impl.cc(1439)] Blink ResizeWithBrowserControls old_size = 0 * 0, new_size = 720 * 1040
04-06 18:18:50.664 I/chromium(30649): [INFO:web_contents_impl.cc(6549)] LoaderLog  progress completed
04-06 18:18:50.703 I/chromium(30649): [INFO:web_contents_impl.cc(6549)] LoaderLog  progress completed
04-06 18:18:51.706 I/chromium( 1621): [INFO:layer_tree_host_impl.cc(198)] SBRTOUCHLOG DidVisibilityChange = 0
04-06 18:18:51.707 I/chromium( 1621): [INFO:layer_tree_host_impl.cc(4001)] SBRTOUCHLOG SetDeferCommitFlagForDebug = 1
04-06 18:18:51.707 I/chromium( 1621): [INFO:web_view_impl.cc(1439)] Blink ResizeWithBrowserControls old_size = 720 * 1040, new_size = 0 * 0
04-06 18:18:51.769 I/chromium(30649): [INFO:back_forward_cache_impl.cc(675)] BFCACHELOG  CanStorePageNow  result = No: not a main frame, related active contents exist: no BI swap result, HTTP status is not OK, scheme is not HTTP or HTTPS, frame is not fully loaded, main RenderFrameHost doesn't have response headers set, probably due not having successfully committed a navigation.
04-06 18:18:51.769 I/chromium(30649): [INFO:render_widget_host_impl.cc(843)] SBRTOUCHLOG  RenderWidgetHostImpl::WasShown
04-06 18:18:51.771 I/chromium( 1621): [INFO:layer_tree_host_impl.cc(198)] SBRTOUCHLOG DidVisibilityChange = 1
04-06 18:18:51.936 I/chromium( 1621): [INFO:layer_tree_host_impl.cc(198)] SBRTOUCHLOG DidVisibilityChange = 0
04-06 18:18:51.936 I/chromium( 1621): [INFO:layer_tree_host_impl.cc(4001)] SBRTOUCHLOG SetDeferCommitFlagForDebug = 1
04-06 18:18:51.991 I/chromium(30649): [INFO:back_forward_cache_impl.cc(675)] BFCACHELOG  CanStorePageNow  result = No: not a main frame, related active contents exist: no BI swap result, HTTP status is not OK, scheme is not HTTP or HTTPS, frame is not fully loaded, main RenderFrameHost doesn't have response headers set, probably due not having successfully committed a navigation.
04-06 18:18:51.991 I/chromium(30649): [INFO:render_widget_host_impl.cc(843)] SBRTOUCHLOG  RenderWidgetHostImpl::WasShown
04-06 18:18:51.998 I/chromium( 1621): [INFO:layer_tree_host_impl.cc(198)] SBRTOUCHLOG DidVisibilityChange = 1
04-06 18:18:52.196 I/chromium( 1664): [INFO:dispatcher.cc(1571)] CreateBindingsSystem
04-06 18:18:52.222 I/chromium( 1664): [INFO:layer_tree_host_impl.cc(198)] SBRTOUCHLOG DidVisibilityChange = 0
04-06 18:18:52.223 I/chromium( 1664): [INFO:layer_tree_host_impl.cc(4001)] SBRTOUCHLOG SetDeferCommitFlagForDebug = 1
04-06 18:18:52.295 I/chromium(30649): [INFO:back_forward_cache_impl.cc(675)] BFCACHELOG  CanStorePageNow  result = No: not a main frame, related active contents exist: no BI swap result, HTTP status is not OK, scheme is not HTTP or HTTPS, frame is not fully loaded, main RenderFrameHost doesn't have response headers set, probably due not having successfully committed a navigation.
04-06 18:18:52.303 I/chromium( 1664): [INFO:layer_tree_host_impl.cc(198)] SBRTOUCHLOG DidVisibilityChange = 0
04-06 18:18:52.303 I/chromium( 1664): [INFO:layer_tree_host_impl.cc(4001)] SBRTOUCHLOG SetDeferCommitFlagForDebug = 1
04-06 18:18:52.332 I/chromium(30649): [INFO:back_forward_cache_impl.cc(675)] BFCACHELOG  CanStorePageNow  result = No: not a main frame, related active contents exist: no BI swap result, HTTP status is not OK, scheme is not HTTP or HTTPS, main RenderFrameHost doesn't have response headers set, probably due not having successfully committed a navigation.
04-06 18:18:52.350 I/chromium( 1664): [INFO:memory_cache.cc(126)] MemoryCache MemberMemoryCache is disabled
04-06 18:18:52.410 I/chromium( 1621): [INFO:layer_tree_host_impl.cc(198)] SBRTOUCHLOG DidVisibilityChange = 0
04-06 18:18:52.413 I/chromium( 1621): [INFO:web_view_impl.cc(1439)] Blink ResizeWithBrowserControls old_size = 0 * 0, new_size = 720 * 1040
04-06 18:18:52.414 I/chromium( 1621): [INFO:layer_tree_host_impl.cc(4001)] SBRTOUCHLOG SetDeferCommitFlagForDebug = 0
04-06 18:18:52.434 I/chromium( 1621): [INFO:layer_tree_host_impl.cc(198)] SBRTOUCHLOG DidVisibilityChange = 0
04-06 18:18:52.434 I/chromium( 1621): [INFO:layer_tree_host_impl.cc(4001)] SBRTOUCHLOG SetDeferCommitFlagForDebug = 0
04-06 18:18:52.503 I/chromium( 1664): [INFO:layer_tree_host_impl.cc(4001)] SBRTOUCHLOG SetDeferCommitFlagForDebug = 0
04-06 18:18:52.503 I/chromium( 1664): [INFO:web_view_impl.cc(1439)] Blink ResizeWithBrowserControls old_size = 0 * 0, new_size = 720 * 1040
04-06 18:18:52.503 I/chromium( 1664): [INFO:layer_tree_host_impl.cc(4001)] SBRTOUCHLOG SetDeferCommitFlagForDebug = 0
04-06 18:18:52.534 I/chromium( 1621): [INFO:layer_tree_host_impl.cc(198)] SBRTOUCHLOG DidVisibilityChange = 0
04-06 18:18:52.535 I/chromium( 1621): [INFO:layer_tree_host_impl.cc(4001)] SBRTOUCHLOG SetDeferCommitFlagForDebug = 1
04-06 18:18:52.535 I/chromium( 1621): [INFO:web_view_impl.cc(1439)] Blink ResizeWithBrowserControls old_size = 720 * 1040, new_size = 0 * 0
04-06 18:18:52.587 I/chromium(30649): [INFO:back_forward_cache_impl.cc(675)] BFCACHELOG  CanStorePageNow  result = No: not a main frame, related active contents exist: no BI swap result, HTTP status is not OK, scheme is not HTTP or HTTPS, main RenderFrameHost doesn't have response headers set, probably due not having successfully committed a navigation.
04-06 18:18:52.588 I/chromium(30649): [INFO:render_widget_host_impl.cc(843)] SBRTOUCHLOG  RenderWidgetHostImpl::WasShown
04-06 18:18:52.589 I/chromium( 1621): [INFO:layer_tree_host_impl.cc(198)] SBRTOUCHLOG DidVisibilityChange = 1
04-06 18:18:53.253 I/chromium( 1621): [INFO:layer_tree_host_impl.cc(198)] SBRTOUCHLOG DidVisibilityChange = 0
04-06 18:18:53.254 I/chromium( 1621): [INFO:web_view_impl.cc(1439)] Blink ResizeWithBrowserControls old_size = 0 * 0, new_size = 720 * 1040
04-06 18:18:53.254 I/chromium( 1621): [INFO:layer_tree_host_impl.cc(4001)] SBRTOUCHLOG SetDeferCommitFlagForDebug = 0
04-06 18:18:53.283 W/chromium(30649): [WARNING:render_widget_host_view_android.cc(1070)] SBRTOUCHLOG  OnTouchEvent, Action::DOWN
04-06 18:18:53.284 I/chromium(30649): [INFO:render_widget_host_input_event_router.cc(861)] SBRTOUCHLOG Set Touch sequence target view: 0x5f6ba600
04-06 18:18:53.284 W/chromium(30649): [WARNING:input_router_impl.cc(529)] SBRTOUCHLOG FilterAndSendWebInputEvent, kTouchStart
04-06 18:18:53.361 I/chromium( 1580): [INFO:web_frame_widget_impl.cc(2748)] SBRTOUCHLOG Blink HandleInputEvent event received = PointerDown
04-06 18:18:53.367 I/chromium( 1580): [INFO:web_frame_widget_impl.cc(2748)] SBRTOUCHLOG Blink HandleInputEvent event received = PointerMove
04-06 18:18:53.367 I/chromium(30649): [INFO:input_router_impl.cc(641)] SBRTOUCHLOG InputRouterImpl::TouchEventHandled type: TouchStart & ack: NOT_CONSUMED
04-06 18:18:53.367 I/chromium( 1580): [INFO:web_frame_widget_impl.cc(2748)] SBRTOUCHLOG Blink HandleInputEvent event received = PointerUp
04-06 18:18:53.368 I/chromium(30649): [INFO:input_router_impl.cc(641)] SBRTOUCHLOG InputRouterImpl::TouchEventHandled type: TouchMove & ack: CONSUMED
04-06 18:18:53.368 I/chromium( 1580): [INFO:web_frame_widget_impl.cc(2748)] SBRTOUCHLOG Blink HandleInputEvent event received = GestureTapDown
04-06 18:18:53.369 I/chromium(30649): [INFO:input_router_impl.cc(641)] SBRTOUCHLOG InputRouterImpl::TouchEventHandled type: TouchEnd & ack: NOT_CONSUMED
04-06 18:18:53.389 I/chromium( 1580): [INFO:web_frame_widget_impl.cc(2748)] SBRTOUCHLOG Blink HandleInputEvent event received = GestureShowPress
04-06 18:18:53.390 I/chromium( 1580): [INFO:web_frame_widget_impl.cc(2748)] SBRTOUCHLOG Blink HandleInputEvent event received = GestureTap
04-06 18:18:53.423 I/chromium(30649): [INFO:permission_service_impl.cc(151)] Permissions query about NOTIFICATIONS
04-06 18:18:53.434 I/chromium( 1580): [INFO:progress_tracker.cc(112)] LoaderLog  FinishedParsing
04-06 18:18:53.717 E/chromium( 1664): [ERROR:content_block_element_hider.cc(93)] main frame is not a local frame
04-06 18:18:53.721 E/chromium( 1664): [ERROR:content_block_element_hider.cc(93)] main frame is not a local frame
04-06 18:18:53.725 E/chromium( 1664): [ERROR:content_block_element_hider.cc(93)] main frame is not a local frame
04-06 18:18:53.729 E/chromium( 1664): [ERROR:content_block_element_hider.cc(93)] main frame is not a local frame
04-06 18:18:53.808 D/EnvFileUpdater(32191): Found CIRIS_HOME from env: /data/user/0/ai.ciris.mobile.debug/files/ciris
04-06 18:18:54.213 W/chromium(30649): [WARNING:render_widget_host_view_android.cc(1070)] SBRTOUCHLOG  OnTouchEvent, Action::DOWN
04-06 18:18:54.214 I/chromium(30649): [INFO:render_widget_host_input_event_router.cc(861)] SBRTOUCHLOG Set Touch sequence target view: 0x5f6ba600
04-06 18:18:54.214 W/chromium(30649): [WARNING:input_router_impl.cc(529)] SBRTOUCHLOG FilterAndSendWebInputEvent, kTouchStart
04-06 18:18:54.217 I/chromium( 1580): [INFO:web_frame_widget_impl.cc(2748)] SBRTOUCHLOG Blink HandleInputEvent event received = PointerDown
04-06 18:18:54.222 I/chromium(30649): [INFO:input_router_impl.cc(641)] SBRTOUCHLOG InputRouterImpl::TouchEventHandled type: TouchStart & ack: NOT_CONSUMED
04-06 18:18:54.223 I/chromium( 1580): [INFO:web_frame_widget_impl.cc(2748)] SBRTOUCHLOG Blink HandleInputEvent event received = PointerMove
04-06 18:18:54.224 I/chromium( 1580): [INFO:web_frame_widget_impl.cc(2748)] SBRTOUCHLOG Blink HandleInputEvent event received = GestureTapDown
04-06 18:18:54.224 I/chromium(30649): [INFO:input_router_impl.cc(641)] SBRTOUCHLOG InputRouterImpl::TouchEventHandled type: TouchMove & ack: CONSUMED
04-06 18:18:54.245 I/chromium( 1580): [INFO:web_frame_widget_impl.cc(2748)] SBRTOUCHLOG Blink HandleInputEvent event received = PointerMove
04-06 18:18:54.246 I/chromium(30649): [INFO:input_router_impl.cc(641)] SBRTOUCHLOG InputRouterImpl::TouchEventHandled type: TouchMove & ack: NOT_CONSUMED
04-06 18:18:54.247 I/chromium(30649): [INFO:input_router_impl.cc(641)] SBRTOUCHLOG InputRouterImpl::TouchEventHandled type: TouchMove & ack: NOT_CONSUMED
04-06 18:18:54.247 I/chromium( 1580): [INFO:layer_tree_host_impl.cc(332)] SBRTOUCHLOG LayerTreeHostImpl::ScrollBegin defer_commit =  0
04-06 18:18:54.251 I/chromium( 1580): [INFO:web_frame_widget_impl.cc(2748)] SBRTOUCHLOG Blink HandleInputEvent event received = GestureTapCancel
04-06 18:18:54.252 I/chromium( 1580): [INFO:web_frame_widget_impl.cc(2748)] SBRTOUCHLOG Blink HandleInputEvent event received = PointerCausedUaAction
04-06 18:18:54.260 I/chromium( 1580): [INFO:layer_tree_host_impl.cc(303)] SBRTOUCHLOG LayerTreeHostImpl::ScrollBy delta_y = 23.1404
04-06 18:18:54.262 I/chromium( 1580): [INFO:web_frame_widget_impl.cc(2748)] SBRTOUCHLOG Blink HandleInputEvent event received = PointerMove
04-06 18:18:54.273 I/chromium(30649): [INFO:input_router_impl.cc(641)] SBRTOUCHLOG InputRouterImpl::TouchEventHandled type: TouchMove & ack: NOT_CONSUMED
04-06 18:18:54.273 I/chromium(30649): [INFO:input_router_impl.cc(641)] SBRTOUCHLOG InputRouterImpl::TouchEventHandled type: TouchMove & ack: NOT_CONSUMED
04-06 18:18:54.280 I/chromium( 1580): [INFO:web_frame_widget_impl.cc(2748)] SBRTOUCHLOG Blink HandleInputEvent event received = PointerMove
04-06 18:18:54.328 I/chromium( 1580): [INFO:layer_tree_host_impl.cc(2438)] SBRTOUCHLOG AsyncLayerTreeFrameSink::SubmitCompositorFrame
04-06 18:18:54.344 I/chromium( 1580): [INFO:layer_tree_host_impl.cc(303)] SBRTOUCHLOG LayerTreeHostImpl::ScrollBy delta_y = 31.9897
04-06 18:18:54.372 W/chromium(30649): [WARNING:window_android.cc(109)] TAB-STATUS observer added
04-06 18:18:54.373 I/chromium( 1580): [INFO:web_frame_widget_impl.cc(2748)] SBRTOUCHLOG Blink HandleInputEvent event received = PointerMove
04-06 18:18:54.374 I/chromium( 1580): [INFO:web_frame_widget_impl.cc(2748)] SBRTOUCHLOG Blink HandleInputEvent event received = PointerUp
04-06 18:18:54.378 W/chromium(30649): [WARNING:window_android.cc(123)] TAB-STATUS observer removed
04-06 18:18:54.393 I/chromium( 1580): [INFO:layer_tree_host_impl.cc(344)] SBRTOUCHLOG LayerTreeHostImpl::ScrollEnd
04-06 18:18:54.564 I/chromium( 1621): [INFO:web_view_impl.cc(1439)] Blink ResizeWithBrowserControls old_size = 720 * 1040, new_size = 720 * 1232
04-06 18:18:54.891 I/chromium( 1621): [INFO:layer_tree_host_impl.cc(198)] SBRTOUCHLOG DidVisibilityChange = 0
04-06 18:18:54.892 I/chromium( 1621): [INFO:layer_tree_host_impl.cc(4001)] SBRTOUCHLOG SetDeferCommitFlagForDebug = 1
04-06 18:18:54.892 I/chromium( 1621): [INFO:web_view_impl.cc(1439)] Blink ResizeWithBrowserControls old_size = 720 * 1232, new_size = 0 * 0
04-06 18:18:54.942 W/chromium(30649): [WARNING:render_widget_host_view_android.cc(1070)] SBRTOUCHLOG  OnTouchEvent, Action::DOWN
04-06 18:18:54.942 I/chromium(30649): [INFO:render_widget_host_input_event_router.cc(861)] SBRTOUCHLOG Set Touch sequence target view: 0x5f6ba600
04-06 18:18:54.942 W/chromium(30649): [WARNING:input_router_impl.cc(529)] SBRTOUCHLOG FilterAndSendWebInputEvent, kTouchStart
04-06 18:18:54.944 I/chromium( 1580): [INFO:web_frame_widget_impl.cc(2748)] SBRTOUCHLOG Blink HandleInputEvent event received = PointerDown
04-06 18:18:54.948 I/chromium(30649): [INFO:back_forward_cache_impl.cc(675)] BFCACHELOG  CanStorePageNow  result = No: not a main frame, related active contents exist: no BI swap result, HTTP status is not OK, scheme is not HTTP or HTTPS, frame is not fully loaded, main RenderFrameHost doesn't have response headers set, probably due not having successfully committed a navigation.
04-06 18:18:54.948 I/chromium(30649): [INFO:render_widget_host_impl.cc(843)] SBRTOUCHLOG  RenderWidgetHostImpl::WasShown
04-06 18:18:54.950 I/chromium( 1621): [INFO:layer_tree_host_impl.cc(198)] SBRTOUCHLOG DidVisibilityChange = 1
04-06 18:18:54.952 I/chromium(30649): [INFO:input_router_impl.cc(641)] SBRTOUCHLOG InputRouterImpl::TouchEventHandled type: TouchStart & ack: NOT_CONSUMED
04-06 18:18:54.957 I/chromium( 1580): [INFO:web_frame_widget_impl.cc(2748)] SBRTOUCHLOG Blink HandleInputEvent event received = GestureTapDown
04-06 18:18:54.966 I/chromium( 1621): [INFO:layer_tree_host_impl.cc(198)] SBRTOUCHLOG DidVisibilityChange = 0
04-06 18:18:54.968 I/chromium( 1621): [INFO:layer_tree_host_impl.cc(4001)] SBRTOUCHLOG SetDeferCommitFlagForDebug = 0
04-06 18:18:54.968 I/chromium( 1621): [INFO:web_view_impl.cc(1439)] Blink ResizeWithBrowserControls old_size = 0 * 0, new_size = 720 * 1232
04-06 18:18:54.979 I/chromium( 1580): [INFO:web_frame_widget_impl.cc(2748)] SBRTOUCHLOG Blink HandleInputEvent event received = PointerUp
04-06 18:18:54.981 I/chromium(30649): [INFO:input_router_impl.cc(641)] SBRTOUCHLOG InputRouterImpl::TouchEventHandled type: TouchEnd & ack: NOT_CONSUMED
04-06 18:18:54.986 I/chromium( 1580): [INFO:web_frame_widget_impl.cc(2748)] SBRTOUCHLOG Blink HandleInputEvent event received = GestureShowPress
04-06 18:18:54.996 I/chromium( 1580): [INFO:web_frame_widget_impl.cc(2748)] SBRTOUCHLOG Blink HandleInputEvent event received = GestureTap
04-06 18:18:55.190 E/chromium( 1664): [ERROR:tin_smart_protect_renderer_url_loader_throttle.cc(113)] GetServiceBridgeForFrame no local root frame
04-06 18:18:55.199 I/chromium( 1664): [INFO:web_view_impl.cc(1439)] Blink ResizeWithBrowserControls old_size = 720 * 1040, new_size = 720 * 1232
04-06 18:18:55.212 E/chromium( 1664): [ERROR:tin_smart_protect_renderer_url_loader_throttle.cc(113)] GetServiceBridgeForFrame no local root frame
04-06 18:18:55.218 I/chromium( 1664): [INFO:layer_tree_host_impl.cc(198)] SBRTOUCHLOG DidVisibilityChange = 0
04-06 18:18:55.218 I/chromium( 1664): [INFO:layer_tree_host_impl.cc(4001)] SBRTOUCHLOG SetDeferCommitFlagForDebug = 1
04-06 18:18:55.218 I/chromium( 1664): [INFO:web_view_impl.cc(1439)] Blink ResizeWithBrowserControls old_size = 720 * 1232, new_size = 0 * 0
04-06 18:18:55.427 I/chromium(30649): [INFO:back_forward_cache_impl.cc(675)] BFCACHELOG  CanStorePageNow  result = No: not a main frame, related active contents exist: no BI swap result, HTTP status is not OK, scheme is not HTTP or HTTPS, frame is not fully loaded, main RenderFrameHost doesn't have response headers set, probably due not having successfully committed a navigation.
04-06 18:18:55.605 I/chromium( 1664): [INFO:web_view_impl.cc(1439)] Blink ResizeWithBrowserControls old_size = 0 * 0, new_size = 720 * 1232
04-06 18:18:55.605 I/chromium( 1664): [INFO:layer_tree_host_impl.cc(4001)] SBRTOUCHLOG SetDeferCommitFlagForDebug = 0
04-06 18:18:58.725 E/chromium( 1664): [ERROR:gin_java_bridge_dispatcher.cc(130)] HasJavaMethod method toString not found, returning
04-06 18:18:58.727 E/chromium( 1664): [ERROR:gin_java_bridge_dispatcher.cc(130)] HasJavaMethod method name not found, returning
04-06 18:18:58.727 E/chromium( 1664): [ERROR:gin_java_bridge_dispatcher.cc(130)] HasJavaMethod method toString not found, returning
04-06 18:18:58.727 E/chromium( 1664): [ERROR:gin_java_bridge_dispatcher.cc(130)] HasJavaMethod method name not found, returning
04-06 18:18:58.908 E/chromium(31251): [ERROR:gles2_cmd_decoder.cc(8683)] [.RendererMainThread-0xc12ffd00]GL ERROR :GL_INVALID_FRAMEBUFFER_OPERATION : glFramebufferTexture2D: <- error from previous GL command
04-06 18:19:01.105 E/chromium( 1664): [ERROR:gin_java_bridge_dispatcher.cc(130)] HasJavaMethod method toString not found, returning
04-06 18:19:01.106 E/chromium( 1664): [ERROR:gin_java_bridge_dispatcher.cc(130)] HasJavaMethod method name not found, returning
04-06 18:19:01.106 E/chromium( 1664): [ERROR:gin_java_bridge_dispatcher.cc(130)] HasJavaMethod method toString not found, returning
