04-06 18:32:23.209 I/python.stdout( 6292):   Open your browser to complete setup:
04-06 18:32:23.209 I/python.stdout( 6292): 
04-06 18:32:23.209 I/python.stdout( 6292):     http://0.0.0.0:8080
04-06 18:32:23.209 I/python.stdout( 6292): 
04-06 18:32:23.209 I/python.stdout( 6292): ============================================================
04-06 18:32:23.209 I/python.stdout( 6292): 
04-06 18:32:23.209 I/python.stdout( 6292): [STARTUP] Starting server...
04-06 18:32:23.233 D/CIRISApp( 6292): [INIT] CIRISApp composable invoked - googleSignInCallback=PRESENT (175147990)
04-06 18:32:23.236 I/InteractViewModel( 6292): [setDeviceAttestationCallback] Device attestation callback SET
04-06 18:32:23.260 I/python.stdout( 6292): Starting CIRIS API...
04-06 18:32:24.214 I/python.stdout( 6292): [STARTUP] API server listening on port 8080
04-06 18:32:24.214 I/python.stdout( 6292): [STARTUP] Server ready for connections
04-06 18:32:25.748 D/CIRISApp( 6292): [INIT] CIRISApp composable invoked - googleSignInCallback=PRESENT (175147990)
04-06 18:32:25.750 I/InteractViewModel( 6292): [setDeviceAttestationCallback] Device attestation callback SET
04-06 18:32:28.253 D/CIRISApp( 6292): [INIT] CIRISApp composable invoked - googleSignInCallback=PRESENT (175147990)
04-06 18:32:28.256 I/InteractViewModel( 6292): [setDeviceAttestationCallback] Device attestation callback SET
04-06 18:32:28.576 D/EnvFileUpdater( 6292): Found CIRIS_HOME from env: /data/user/0/ai.ciris.mobile.debug/files/ciris
04-06 18:32:29.720 D/CIRISApp( 6292): [INIT] CIRISApp composable invoked - googleSignInCallback=PRESENT (175147990)
04-06 18:32:29.722 I/InteractViewModel( 6292): [setDeviceAttestationCallback] Device attestation callback SET
04-06 18:32:29.773 D/CIRISApp( 6292): [INFO] Startup READY, checking first-run status...
04-06 18:32:29.825 I/CIRISApiClient( 6292): [init] CIRISApiClient initialized with baseUrl=http://localhost:8080
04-06 18:32:29.854 I/InteractViewModel( 6292): [observeLanguageChanges] Updating pipeline labels for language: en (explicit=false)
04-06 18:32:29.859 D/CIRISApp( 6292): [INIT] CIRISApp composable invoked - googleSignInCallback=PRESENT (175147990)
04-06 18:32:29.861 I/InteractViewModel( 6292): [setDeviceAttestationCallback] Device attestation callback SET
04-06 18:32:29.930 I/CIRISApiClient( 6292): [getSetupStatus] Setup status: required=true, firstRun=true, configExists=false
04-06 18:32:29.934 D/CIRISApp( 6292): [INFO] First run check result: true
04-06 18:32:29.935 D/CIRISApp( 6292): [INFO] First run detected, navigating to Login
04-06 18:32:29.936 D/CIRISApp( 6292): [INIT] CIRISApp composable invoked - googleSignInCallback=PRESENT (175147990)
04-06 18:32:29.937 I/InteractViewModel( 6292): [setDeviceAttestationCallback] Device attestation callback SET
04-06 18:32:29.944 D/CIRISApp( 6292): [DEBUG][Screen.Login] Rendering login screen, googleSignInCallback=PRESENT, isFirstRun=true
04-06 18:32:33.436 D/CIRISApp( 6292): [INFO][onGoogleSignIn] Button click handler invoked, googleSignInCallback=PRESENT
04-06 18:32:33.436 D/CIRISApp( 6292): [INFO][onGoogleSignIn] Callback is not null, calling onGoogleSignInRequested...
04-06 18:32:33.437 I/MainActivity( 6292): Google Sign-In requested from CIRISApp (interactive)
04-06 18:32:33.492 D/CIRISApp( 6292): [DEBUG][Screen.Login] Rendering login screen, googleSignInCallback=PRESENT, isFirstRun=true
04-06 18:32:35.823 I/MainActivity( 6292): Google Sign-In successful: ciristest1@gmail.com
04-06 18:32:35.824 D/CIRISApp( 6292): [INFO][onGoogleSignIn] Got result from native sign-in: Success
04-06 18:32:35.825 D/CIRISApp( 6292): [DEBUG][onGoogleSignIn] Processing result: Success(idToken=eyJhbGciOiJSUzI1NiIsImtpZCI6ImNjZTRlMDI0YTUxYWEwYzFjNDFjMWE0NTE1YTQxZGQ3ZTk2MTkzNmIiLCJ0eXAiOiJKV1QifQ.eyJpc3MiOiJodHRwczovL2FjY291bnRzLmdvb2dsZS5jb20iLCJhenAiOiIyNjU4ODI4NTM2OTctOGM1M20zaG4yZDcwczdvcWxtMmgxNjdmN2hyZDFhdTYuYXBwcy5nb29nbGV1c2VyY29udGVudC5jb20iLCJhdWQiOiIyNjU4ODI4NTM2OTctbDQyMW5kb2pjczVubTdsa2xuNTNqajI5a2Y3a2NrOTEuYXBwcy5nb29nbGV1c2VyY29udGVudC5jb20iLCJzdWIiOiIxMDI3NzM3NDkwMzM2ODE2NzEwODMiLCJlbWFpbCI6ImNpcmlzdGVzdDFAZ21haWwuY29tIiwiZW1haWxfdmVyaWZpZWQiOnRydWUsIm5hbWUiOiJDSVJJUyBURVNUIiwicGljdHVyZSI6Imh0dHBzOi8vbGgzLmdvb2dsZXVzZXJjb250ZW50LmNvbS9hL0FDZzhvY0t3ZzEwUXB2U1oxWDl2YWZ3eW5kSW51X0RlOGpTdXNqcExZanA0RFdOT253RFBVUT1zOTYtYyIsImdpdmVuX25hbWUiOiJDSVJJUyIsImZhbWlseV9uYW1lIjoiVEVTVCIsImlhdCI6MTc3NTUxNDkyOCwiZXhwIjoxNzc1NTE4NTI4fQ.iegOEwOrt24L-exL9uuzn7zi7Ey0c7hh221E2uaEdj2XDwd7HD_UYxX37adlPXtqi6HKKhyKhDYA458RZIt74KWP_KOZSy-MEj6f-NrwQQsXLRiTQX3I4_OWAWvf1vlg5vk-4jVDxY9rc6ztLY350HFLhSdPy_oOKqiMSa7uGz_gC7-BZQvvij0XdeANDiiSVkMCyKDQYlmBWrZLZFYdp2XuCEXULE1cnBSR4bflvXt3tjSNVloAiNOttLjALs98-FKJd2qlFYt8RL4jvOgApmO10aEPqdYGAP9WZimengEeRBS15gmSTeTHv3zWBfFXRkPPiqFyTUlFqhgUoz28IQ, userId=102773749033681671083, email=ciristest1@gmail.com, displayName=CIRIS TEST, provider=google)
04-06 18:32:35.825 D/CIRISApp( 6292): [INFO] Sign-in success: userId=102773749033681671083, email=ciristest1@gmail.com
04-06 18:32:35.829 D/CIRISApp( 6292): [INFO] Checking setup status at http://localhost:8080...
04-06 18:32:35.869 I/CIRISApiClient( 6292): [init] CIRISApiClient initialized with baseUrl=http://localhost:8080
04-06 18:32:35.880 D/CIRISApp( 6292): [DEBUG][Screen.Login] Rendering login screen, googleSignInCallback=PRESENT, isFirstRun=true
04-06 18:32:35.999 I/CIRISApiClient( 6292): [getSetupStatus] Setup status: required=true, firstRun=true, configExists=false
04-06 18:32:36.001 D/CIRISApp( 6292): [INFO] Setup required check result: true
04-06 18:32:36.001 D/CIRISApp( 6292): [INFO] Setup required - storing tokens and navigating to Setup wizard (provider=google)
04-06 18:32:36.001 I/TokenManager( 6292): [setCurrentProvider] Provider set to: google
04-06 18:32:36.003 D/CIRISApp( 6292): [INFO] Navigating to Screen.Setup
04-06 18:32:36.005 D/CIRISApp( 6292): [INIT] CIRISApp composable invoked - googleSignInCallback=PRESENT (175147990)
04-06 18:32:36.006 I/InteractViewModel( 6292): [setDeviceAttestationCallback] Device attestation callback SET
04-06 18:32:36.011 D/CIRISApp( 6292): [DEBUG][Screen.Setup] Rendering setup screen
04-06 18:32:38.453 I/CIRISApiClient( 6292): [connectToNode] Initiating device auth for node: https://portal.ciris.ai
04-06 18:32:38.604 D/EnvFileUpdater( 6292): Found CIRIS_HOME from env: /data/user/0/ai.ciris.mobile.debug/files/ciris
04-06 18:32:40.288 I/chromium(30649): [INFO:tin_six_tab_helper.cc(147)] OnTabAdded
04-06 18:32:40.289 I/chromium(30649): [INFO:tin_six_tab_helper.cc(736)] InsertWebContentsAt 0,6 :0xc1184000
04-06 18:32:40.346 I/chromium(30649): [INFO:tin_six_tab_helper.cc(84)] OnCurrentTabChanged 0,6
04-06 18:32:40.346 I/chromium(30649): [INFO:tin_six_tab_helper.cc(640)] ForceActivateTabAt 0,6
04-06 18:32:40.403 I/chromium(30649): [INFO:render_widget_host_impl.cc(843)] SBRTOUCHLOG  RenderWidgetHostImpl::WasShown
04-06 18:32:40.405 W/chromium(30649): [WARNING:window_android.cc(109)] TAB-STATUS observer added
04-06 18:32:40.406 W/chromium(30649): [WARNING:render_widget_host_view_android.cc(1906)] TAB-STATUS it is still showing
04-06 18:32:40.406 W/chromium(30649): [WARNING:window_android.cc(123)] TAB-STATUS observer removed
04-06 18:32:40.406 W/chromium(30649): [WARNING:window_android.cc(109)] TAB-STATUS observer added
04-06 18:32:40.407 I/chromium(30649): [INFO:tin_six_tab_helper.cc(621)] ActivateTabAt 0,6
04-06 18:32:40.618 I/chromium(30649): [INFO:tin_six_tab_helper.cc(84)] OnCurrentTabChanged 0,6
04-06 18:32:40.618 I/chromium(30649): [INFO:tin_six_tab_helper.cc(640)] ForceActivateTabAt 0,6
04-06 18:32:40.655 I/chromium(30649): [INFO:layer_tree_host_impl.cc(198)] SBRTOUCHLOG DidVisibilityChange = 1
04-06 18:32:40.690 I/chromium(30649): [INFO:browser_gpu_channel_host_factory.cc(359)] EstablishGpuChannel gpu_channel IsLost(),destroying channel
04-06 18:32:40.690 I/chromium(30649): [INFO:browser_gpu_channel_host_factory.cc(364)] EstablishGpuChannel: establishing gpu_channel
04-06 18:32:40.705 I/chromium(30649): [INFO:ui_resource_layer_manager.cc(290)] CC-HideUrlbar: EnableUIResourceLayer LayerType: 0 Drawable true
04-06 18:32:40.707 I/chromium(30649): [INFO:ui_resource_layer_manager.cc(290)] CC-HideUrlbar: EnableUIResourceLayer LayerType: 1 Drawable true
04-06 18:32:40.744 I/chromium(30649): [INFO:tin_six_tab_helper.cc(84)] OnCurrentTabChanged 0,6
04-06 18:32:40.744 I/chromium(30649): [INFO:tin_six_tab_helper.cc(640)] ForceActivateTabAt 0,6
04-06 18:32:40.746 I/chromium(30649): [INFO:tin_six_tab_helper.cc(84)] OnCurrentTabChanged 0,6
04-06 18:32:40.746 I/chromium(30649): [INFO:tin_six_tab_helper.cc(640)] ForceActivateTabAt 0,6
04-06 18:32:40.775 I/chromium( 6969): [INFO:dispatcher.cc(1571)] CreateBindingsSystem
04-06 18:32:40.783 W/chromium(30649): [WARNING:gpu_process_host.cc(996)] Reinitialized the GPU process after a crash. The reported initialization time was 98 ms
04-06 18:32:40.862 I/chromium( 6969): [INFO:layer_tree_host_impl.cc(198)] SBRTOUCHLOG DidVisibilityChange = 0
04-06 18:32:40.863 I/chromium( 6969): [INFO:layer_tree_host_impl.cc(4001)] SBRTOUCHLOG SetDeferCommitFlagForDebug = 1
04-06 18:32:40.865 I/chromium(30649): [INFO:tin_six_tab_helper.cc(621)] ActivateTabAt 0,6
04-06 18:32:40.889 I/chromium( 6969): [INFO:tin_anti_tracking_renderer_url_loader_throttle_helper.cc(31)] [IAT] set delegate th 0x56a8c150 td 0x56862da0
04-06 18:32:40.889 I/chromium( 6969): [INFO:tin_smart_protect_renderer.cc(16)] TinSmartProtectRenderer
04-06 18:32:40.891 I/chromium( 6969): [INFO:tin_smart_protect_renderer.cc(33)] BindPendingReceiver bound=1
04-06 18:32:40.892 I/chromium( 6969): [INFO:layer_tree_host_impl.cc(198)] SBRTOUCHLOG DidVisibilityChange = 1
04-06 18:32:40.911 I/chromium( 6969): [INFO:render_frame_impl.cc(3805)] LoaderLog didCommitProvisionalLoad
04-06 18:32:40.925 I/chromium(30649): [INFO:tin_auto_https_upgrade_monitor.cc(27)] AutoHTTPSUpgrade  FallbackList  size = 0
04-06 18:32:40.957 I/chromium( 6969): [INFO:memory_cache.cc(126)] MemoryCache MemberMemoryCache is disabled
04-06 18:32:41.185 I/chromium( 6969): [INFO:progress_tracker.cc(112)] LoaderLog  FinishedParsing
04-06 18:32:41.187 I/chromium( 6969): [INFO:layer_tree_host_impl.cc(4001)] SBRTOUCHLOG SetDeferCommitFlagForDebug = 0
04-06 18:32:41.215 I/chromium( 6969): [INFO:layer_tree_impl.cc(1205)] DidUpdatePageScale IsActiveTree: 0 ScaleFactor: 1
04-06 18:32:41.217 I/chromium( 6969): [INFO:layer_tree_impl.cc(1205)] DidUpdatePageScale IsActiveTree: 1 ScaleFactor: 1
04-06 18:32:41.519 I/chromium(30649): [INFO:web_contents_impl.cc(6549)] LoaderLog  progress completed
04-06 18:32:41.541 I/chromium( 6969): [INFO:render_frame_impl.cc(4027)] LoaderLog didFinishLoad
04-06 18:32:41.542 I/chromium( 6969): [INFO:frame_loader.cc(402)] LoaderLog Completed totalBytes = 106022
04-06 18:32:41.542 I/chromium( 6969): [INFO:render_frame_impl.cc(5114)] LoaderLog didStopLoading
04-06 18:32:41.569 I/chromium(30649): [INFO:tin_six_tab_helper.cc(621)] ActivateTabAt 0,6
04-06 18:32:41.609 I/chromium( 6969): [INFO:document_loader.cc(793)] LoaderLog UpdateForSameDocumentNavigation  was_loading = 0  is_client_redirect_ = 0  replaces_history_item_ = 1
04-06 18:32:41.609 I/chromium( 6969): [INFO:render_frame_impl.cc(5114)] LoaderLog didStopLoading
04-06 18:32:41.655 I/chromium(30649): [INFO:tin_six_tab_helper.cc(621)] ActivateTabAt 0,6
04-06 18:32:42.917 W/chromium(30649): [WARNING:render_widget_host_view_android.cc(1070)] SBRTOUCHLOG  OnTouchEvent, Action::DOWN
04-06 18:32:42.917 I/chromium(30649): [INFO:render_widget_host_input_event_router.cc(861)] SBRTOUCHLOG Set Touch sequence target view: 0x5f6b2400
04-06 18:32:42.917 W/chromium(30649): [WARNING:input_router_impl.cc(529)] SBRTOUCHLOG FilterAndSendWebInputEvent, kTouchStart
04-06 18:32:42.919 I/chromium( 6969): [INFO:web_frame_widget_impl.cc(2748)] SBRTOUCHLOG Blink HandleInputEvent event received = PointerDown
04-06 18:32:42.930 I/chromium( 6969): [INFO:web_frame_widget_impl.cc(2748)] SBRTOUCHLOG Blink HandleInputEvent event received = PointerMove
04-06 18:32:42.932 I/chromium( 6969): [INFO:web_frame_widget_impl.cc(2748)] SBRTOUCHLOG Blink HandleInputEvent event received = GestureTapDown
04-06 18:32:42.938 I/chromium( 6969): [INFO:web_frame_widget_impl.cc(2748)] SBRTOUCHLOG Blink HandleInputEvent event received = PointerMove
04-06 18:32:42.956 I/chromium( 6969): [INFO:web_frame_widget_impl.cc(2748)] SBRTOUCHLOG Blink HandleInputEvent event received = PointerMove
04-06 18:32:42.967 I/chromium( 6969): [INFO:web_frame_widget_impl.cc(2748)] SBRTOUCHLOG Blink HandleInputEvent event received = PointerMove
04-06 18:32:42.967 I/chromium( 6969): [INFO:layer_tree_host_impl.cc(332)] SBRTOUCHLOG LayerTreeHostImpl::ScrollBegin defer_commit =  0
04-06 18:32:42.968 I/chromium( 6969): [INFO:layer_tree_host_impl.cc(303)] SBRTOUCHLOG LayerTreeHostImpl::ScrollBy delta_y = 2.82591
04-06 18:32:42.969 I/chromium( 6969): [INFO:web_frame_widget_impl.cc(2748)] SBRTOUCHLOG Blink HandleInputEvent event received = GestureTapCancel
04-06 18:32:42.970 I/chromium( 6969): [INFO:web_frame_widget_impl.cc(2748)] SBRTOUCHLOG Blink HandleInputEvent event received = PointerCausedUaAction
04-06 18:32:42.993 I/chromium( 6969): [INFO:web_frame_widget_impl.cc(2748)] SBRTOUCHLOG Blink HandleInputEvent event received = PointerMove
04-06 18:32:43.042 I/chromium( 6969): [INFO:layer_tree_host_impl.cc(2438)] SBRTOUCHLOG AsyncLayerTreeFrameSink::SubmitCompositorFrame
04-06 18:32:43.056 I/chromium( 6969): [INFO:layer_tree_host_impl.cc(303)] SBRTOUCHLOG LayerTreeHostImpl::ScrollBy delta_y = 17.4985
04-06 18:32:43.124 I/chromium( 6969): [INFO:layer_tree_host_impl.cc(2438)] SBRTOUCHLOG AsyncLayerTreeFrameSink::SubmitCompositorFrame
04-06 18:32:43.140 I/chromium( 6969): [INFO:layer_tree_host_impl.cc(303)] SBRTOUCHLOG LayerTreeHostImpl::ScrollBy delta_y = 54.2319
04-06 18:32:43.166 I/chromium( 6969): [INFO:web_frame_widget_impl.cc(2748)] SBRTOUCHLOG Blink HandleInputEvent event received = PointerMove
04-06 18:32:43.167 W/chromium(30649): [WARNING:window_android.cc(109)] TAB-STATUS observer added
04-06 18:32:43.169 I/chromium( 6969): [INFO:web_frame_widget_impl.cc(2748)] SBRTOUCHLOG Blink HandleInputEvent event received = PointerUp
04-06 18:32:43.207 I/chromium( 6969): [INFO:layer_tree_host_impl.cc(2438)] SBRTOUCHLOG AsyncLayerTreeFrameSink::SubmitCompositorFrame
04-06 18:32:43.223 I/chromium( 6969): [INFO:layer_tree_host_impl.cc(303)] SBRTOUCHLOG LayerTreeHostImpl::ScrollBy delta_y = 60.1052
04-06 18:32:43.291 I/chromium( 6969): [INFO:layer_tree_host_impl.cc(2438)] SBRTOUCHLOG AsyncLayerTreeFrameSink::SubmitCompositorFrame
04-06 18:32:43.307 I/chromium( 6969): [INFO:layer_tree_host_impl.cc(303)] SBRTOUCHLOG LayerTreeHostImpl::ScrollBy delta_y = 51.326
04-06 18:32:43.611 W/chromium(30649): [WARNING:render_widget_host_view_android.cc(1070)] SBRTOUCHLOG  OnTouchEvent, Action::DOWN
04-06 18:32:43.612 I/chromium(30649): [INFO:render_widget_host_input_event_router.cc(861)] SBRTOUCHLOG Set Touch sequence target view: 0x5f6b2400
04-06 18:32:43.612 W/chromium(30649): [WARNING:input_router_impl.cc(529)] SBRTOUCHLOG FilterAndSendWebInputEvent, kTouchStart
04-06 18:32:43.620 I/chromium( 6969): [INFO:web_frame_widget_impl.cc(2748)] SBRTOUCHLOG Blink HandleInputEvent event received = PointerDown
04-06 18:32:43.622 W/chromium(30649): [WARNING:window_android.cc(123)] TAB-STATUS observer removed
04-06 18:32:43.624 I/chromium( 6969): [INFO:layer_tree_host_impl.cc(344)] SBRTOUCHLOG LayerTreeHostImpl::ScrollEnd
04-06 18:32:43.625 I/chromium( 6969): [INFO:layer_tree_host_impl.cc(332)] SBRTOUCHLOG LayerTreeHostImpl::ScrollBegin defer_commit =  0
04-06 18:32:43.627 I/chromium( 6969): [INFO:web_frame_widget_impl.cc(2748)] SBRTOUCHLOG Blink HandleInputEvent event received = PointerMove
04-06 18:32:43.627 I/chromium( 6969): [INFO:layer_tree_host_impl.cc(2438)] SBRTOUCHLOG AsyncLayerTreeFrameSink::SubmitCompositorFrame
04-06 18:32:43.630 I/chromium( 6969): [INFO:web_frame_widget_impl.cc(2748)] SBRTOUCHLOG Blink HandleInputEvent event received = PointerCausedUaAction
04-06 18:32:43.634 I/chromium( 6969): [INFO:layer_tree_host_impl.cc(303)] SBRTOUCHLOG LayerTreeHostImpl::ScrollBy delta_y = 57.5602
04-06 18:32:43.677 W/chromium(30649): [WARNING:window_android.cc(109)] TAB-STATUS observer added
04-06 18:32:43.678 I/chromium( 6969): [INFO:web_frame_widget_impl.cc(2748)] SBRTOUCHLOG Blink HandleInputEvent event received = PointerMove
04-06 18:32:43.679 I/chromium( 6969): [INFO:web_frame_widget_impl.cc(2748)] SBRTOUCHLOG Blink HandleInputEvent event received = PointerUp
04-06 18:32:43.690 I/chromium( 6969): [INFO:layer_tree_host_impl.cc(2438)] SBRTOUCHLOG AsyncLayerTreeFrameSink::SubmitCompositorFrame
04-06 18:32:43.706 I/chromium( 6969): [INFO:layer_tree_host_impl.cc(303)] SBRTOUCHLOG LayerTreeHostImpl::ScrollBy delta_y = 105.813
04-06 18:32:43.773 I/chromium( 6969): [INFO:layer_tree_host_impl.cc(2438)] SBRTOUCHLOG AsyncLayerTreeFrameSink::SubmitCompositorFrame
04-06 18:32:43.791 I/chromium( 6969): [INFO:layer_tree_host_impl.cc(303)] SBRTOUCHLOG LayerTreeHostImpl::ScrollBy delta_y = 156.723
04-06 18:32:43.856 I/chromium( 6969): [INFO:layer_tree_host_impl.cc(2438)] SBRTOUCHLOG AsyncLayerTreeFrameSink::SubmitCompositorFrame
04-06 18:32:43.874 I/chromium( 6969): [INFO:layer_tree_host_impl.cc(303)] SBRTOUCHLOG LayerTreeHostImpl::ScrollBy delta_y = 139.64
04-06 18:32:43.942 I/chromium( 6969): [INFO:layer_tree_host_impl.cc(2438)] SBRTOUCHLOG AsyncLayerTreeFrameSink::SubmitCompositorFrame
04-06 18:32:43.957 I/chromium( 6969): [INFO:layer_tree_host_impl.cc(303)] SBRTOUCHLOG LayerTreeHostImpl::ScrollBy delta_y = 119.219
04-06 18:32:44.060 W/chromium(30649): [WARNING:window_android.cc(123)] TAB-STATUS observer removed
04-06 18:32:44.075 I/chromium( 6969): [INFO:layer_tree_host_impl.cc(344)] SBRTOUCHLOG LayerTreeHostImpl::ScrollEnd
04-06 18:32:44.757 W/chromium(30649): [WARNING:render_widget_host_view_android.cc(1070)] SBRTOUCHLOG  OnTouchEvent, Action::DOWN
04-06 18:32:44.757 I/chromium(30649): [INFO:render_widget_host_input_event_router.cc(861)] SBRTOUCHLOG Set Touch sequence target view: 0x5f6b2400
04-06 18:32:44.757 W/chromium(30649): [WARNING:input_router_impl.cc(529)] SBRTOUCHLOG FilterAndSendWebInputEvent, kTouchStart
04-06 18:32:44.758 I/chromium( 6969): [INFO:web_frame_widget_impl.cc(2748)] SBRTOUCHLOG Blink HandleInputEvent event received = PointerDown
04-06 18:32:44.763 I/chromium( 6969): [INFO:web_frame_widget_impl.cc(2748)] SBRTOUCHLOG Blink HandleInputEvent event received = GestureTapDown
04-06 18:32:44.807 I/chromium( 6969): [INFO:web_frame_widget_impl.cc(2748)] SBRTOUCHLOG Blink HandleInputEvent event received = PointerMove
04-06 18:32:44.821 I/chromium( 6969): [INFO:web_frame_widget_impl.cc(2748)] SBRTOUCHLOG Blink HandleInputEvent event received = PointerUp
04-06 18:32:44.826 I/chromium(30649): [INFO:input_router_impl.cc(641)] SBRTOUCHLOG InputRouterImpl::TouchEventHandled type: TouchEnd & ack: NOT_CONSUMED
04-06 18:32:44.827 I/chromium( 6969): [INFO:web_frame_widget_impl.cc(2748)] SBRTOUCHLOG Blink HandleInputEvent event received = GestureShowPress
04-06 18:32:44.830 I/chromium( 6969): [INFO:web_frame_widget_impl.cc(2748)] SBRTOUCHLOG Blink HandleInputEvent event received = GestureTap
04-06 18:32:45.719 I/chromium( 6969): [INFO:frame_loader.cc(618)] LoaderLog  StartNavigation  ClientRedirect = 0
04-06 18:32:45.737 I/chromium(30649): [INFO:tin_six_tab_helper.cc(621)] ActivateTabAt 0,6
04-06 18:32:45.747 I/chromium( 6969): [INFO:layer_tree_host_impl.cc(198)] SBRTOUCHLOG DidVisibilityChange = 0
04-06 18:32:45.749 I/chromium( 6969): [INFO:layer_tree_host_impl.cc(4001)] SBRTOUCHLOG SetDeferCommitFlagForDebug = 1
04-06 18:32:45.749 I/chromium( 6969): [INFO:layer_tree_host_impl.cc(4001)] SBRTOUCHLOG SetDeferCommitFlagForDebug = 0
04-06 18:32:45.759 I/chromium( 6969): [INFO:tin_anti_tracking_renderer_url_loader_throttle_helper.cc(31)] [IAT] set delegate th 0x56a8c150 td 0x5e8c0320
04-06 18:32:45.759 I/chromium( 6969): [INFO:tin_smart_protect_renderer.cc(16)] TinSmartProtectRenderer
04-06 18:32:45.761 I/chromium( 6969): [INFO:tin_smart_protect_renderer.cc(33)] BindPendingReceiver bound=1
04-06 18:32:45.900 I/chromium( 6969): [INFO:tin_anti_tracking_renderer_url_loader_throttle_helper.cc(38)] [IAT] detector destroyed 0x5e8c0320
04-06 18:32:45.917 I/chromium(30649): [INFO:tin_six_tab_helper.cc(621)] ActivateTabAt 0,6
04-06 18:32:46.179 I/chromium( 7047): [INFO:dispatcher.cc(1571)] CreateBindingsSystem
04-06 18:32:46.200 I/chromium( 7047): [INFO:layer_tree_host_impl.cc(198)] SBRTOUCHLOG DidVisibilityChange = 0
04-06 18:32:46.200 I/chromium( 7047): [INFO:layer_tree_host_impl.cc(4001)] SBRTOUCHLOG SetDeferCommitFlagForDebug = 1
04-06 18:32:46.201 I/chromium( 7047): [INFO:layer_tree_host_impl.cc(4001)] SBRTOUCHLOG SetDeferCommitFlagForDebug = 0
04-06 18:32:46.202 I/chromium( 7047): [INFO:tin_anti_tracking_renderer_url_loader_throttle_helper.cc(31)] [IAT] set delegate th 0xc0217e20 td 0xc1263660
04-06 18:32:46.202 I/chromium( 7047): [INFO:tin_smart_protect_renderer.cc(16)] TinSmartProtectRenderer
04-06 18:32:46.203 I/chromium( 7047): [INFO:tin_smart_protect_renderer.cc(33)] BindPendingReceiver bound=1
04-06 18:32:46.218 I/chromium( 7047): [INFO:layer_tree_host_impl.cc(4001)] SBRTOUCHLOG SetDeferCommitFlagForDebug = 1
04-06 18:32:46.250 I/chromium( 7047): [INFO:render_frame_impl.cc(3805)] LoaderLog didCommitProvisionalLoad
04-06 18:32:46.253 W/chromium(30649): [WARNING:window_android.cc(123)] TAB-STATUS observer removed
04-06 18:32:46.254 I/chromium( 6969): [INFO:layer_tree_host_impl.cc(198)] SBRTOUCHLOG DidVisibilityChange = 0
04-06 18:32:46.256 I/chromium(30649): [INFO:render_widget_host_impl.cc(843)] SBRTOUCHLOG  RenderWidgetHostImpl::WasShown
04-06 18:32:46.262 W/chromium(30649): [WARNING:window_android.cc(109)] TAB-STATUS observer added
04-06 18:32:46.266 I/chromium( 6969): [INFO:frame_loader.cc(274)] LoaderLog  SetDefersLoading  DeferType = 1
04-06 18:32:46.278 I/chromium( 7047): [INFO:layer_tree_host_impl.cc(198)] SBRTOUCHLOG DidVisibilityChange = 1
04-06 18:32:46.317 I/chromium( 7047): [INFO:memory_cache.cc(126)] MemoryCache MemberMemoryCache is disabled
04-06 18:32:46.355 I/chromium( 7047): [INFO:layer_tree_host_impl.cc(4001)] SBRTOUCHLOG SetDeferCommitFlagForDebug = 0
04-06 18:32:46.367 I/chromium( 7047): [INFO:layer_tree_impl.cc(1205)] DidUpdatePageScale IsActiveTree: 0 ScaleFactor: 1
04-06 18:32:46.368 I/chromium( 7047): [INFO:layer_tree_impl.cc(1205)] DidUpdatePageScale IsActiveTree: 1 ScaleFactor: 1
04-06 18:32:47.325 I/chromium(30649): [INFO:render_process_host_impl.cc(4491)] [Renderer][Exit] ChildProcessLauncher::OnChildProcessDied called through JNI pid = 7078, renderer_id =0
04-06 18:32:47.537 I/chromium( 7091): [INFO:dispatcher.cc(1571)] CreateBindingsSystem
04-06 18:32:47.560 I/chromium( 7091): [INFO:layer_tree_host_impl.cc(198)] SBRTOUCHLOG DidVisibilityChange = 0
04-06 18:32:47.560 I/chromium( 7091): [INFO:layer_tree_host_impl.cc(4001)] SBRTOUCHLOG SetDeferCommitFlagForDebug = 1
04-06 18:32:47.596 I/chromium(30649): [INFO:back_forward_cache_impl.cc(675)] BFCACHELOG  CanStorePageNow  result = No: not a main frame, related active contents exist: no BI swap result, HTTP status is not OK, scheme is not HTTP or HTTPS, frame is not fully loaded, main RenderFrameHost doesn't have response headers set, probably due not having successfully committed a navigation.
04-06 18:32:47.597 I/chromium(30649): [INFO:render_widget_host_impl.cc(843)] SBRTOUCHLOG  RenderWidgetHostImpl::WasShown
04-06 18:32:47.599 I/chromium( 7091): [INFO:layer_tree_host_impl.cc(198)] SBRTOUCHLOG DidVisibilityChange = 0
04-06 18:32:47.599 I/chromium( 7091): [INFO:layer_tree_host_impl.cc(4001)] SBRTOUCHLOG SetDeferCommitFlagForDebug = 1
04-06 18:32:47.628 I/chromium(30649): [INFO:back_forward_cache_impl.cc(675)] BFCACHELOG  CanStorePageNow  result = No: not a main frame, related active contents exist: no BI swap result, HTTP status is not OK, scheme is not HTTP or HTTPS, frame is not fully loaded, main RenderFrameHost doesn't have response headers set, probably due not having successfully committed a navigation.
04-06 18:32:47.629 I/chromium(30649): [INFO:render_widget_host_impl.cc(843)] SBRTOUCHLOG  RenderWidgetHostImpl::WasShown
04-06 18:32:47.648 I/chromium( 7091): [INFO:layer_tree_host_impl.cc(198)] SBRTOUCHLOG DidVisibilityChange = 1
04-06 18:32:47.658 I/chromium( 7091): [INFO:memory_cache.cc(126)] MemoryCache MemberMemoryCache is disabled
04-06 18:32:47.662 I/chromium( 7091): [INFO:layer_tree_host_impl.cc(198)] SBRTOUCHLOG DidVisibilityChange = 1
04-06 18:32:48.370 I/chromium( 7047): [INFO:progress_tracker.cc(112)] LoaderLog  FinishedParsing
04-06 18:32:48.378 I/chromium( 7091): [INFO:layer_tree_host_impl.cc(198)] SBRTOUCHLOG DidVisibilityChange = 0
04-06 18:32:48.380 I/chromium( 7091): [INFO:web_view_impl.cc(1439)] Blink ResizeWithBrowserControls old_size = 0 * 0, new_size = 720 * 1040
04-06 18:32:48.380 I/chromium( 7091): [INFO:layer_tree_host_impl.cc(4001)] SBRTOUCHLOG SetDeferCommitFlagForDebug = 0
04-06 18:32:48.382 I/chromium( 7091): [INFO:layer_tree_host_impl.cc(198)] SBRTOUCHLOG DidVisibilityChange = 0
04-06 18:32:48.383 I/chromium( 7091): [INFO:layer_tree_host_impl.cc(4001)] SBRTOUCHLOG SetDeferCommitFlagForDebug = 0
04-06 18:32:48.605 D/EnvFileUpdater( 6292): Found CIRIS_HOME from env: /data/user/0/ai.ciris.mobile.debug/files/ciris
04-06 18:32:48.924 I/chromium( 7091): [INFO:layer_tree_host_impl.cc(198)] SBRTOUCHLOG DidVisibilityChange = 0
04-06 18:32:48.925 I/chromium( 7091): [INFO:layer_tree_host_impl.cc(4001)] SBRTOUCHLOG SetDeferCommitFlagForDebug = 1
04-06 18:32:48.925 I/chromium( 7091): [INFO:web_view_impl.cc(1439)] Blink ResizeWithBrowserControls old_size = 720 * 1040, new_size = 0 * 0
04-06 18:32:48.989 I/chromium(30649): [INFO:back_forward_cache_impl.cc(675)] BFCACHELOG  CanStorePageNow  result = No: not a main frame, related active contents exist: no BI swap result, HTTP status is not OK, scheme is not HTTP or HTTPS, main RenderFrameHost doesn't have response headers set, probably due not having successfully committed a navigation.
04-06 18:32:48.990 I/chromium(30649): [INFO:render_widget_host_impl.cc(843)] SBRTOUCHLOG  RenderWidgetHostImpl::WasShown
04-06 18:32:48.991 I/chromium( 7091): [INFO:layer_tree_host_impl.cc(198)] SBRTOUCHLOG DidVisibilityChange = 1
04-06 18:32:49.189 I/chromium(30649): [INFO:web_contents_impl.cc(6549)] LoaderLog  progress completed
04-06 18:32:49.236 I/chromium(30649): [INFO:web_contents_impl.cc(6549)] LoaderLog  progress completed
04-06 18:32:50.041 I/chromium( 7091): [INFO:layer_tree_host_impl.cc(198)] SBRTOUCHLOG DidVisibilityChange = 0
04-06 18:32:50.042 I/chromium( 7091): [INFO:layer_tree_host_impl.cc(4001)] SBRTOUCHLOG SetDeferCommitFlagForDebug = 0
04-06 18:32:50.042 I/chromium( 7091): [INFO:web_view_impl.cc(1439)] Blink ResizeWithBrowserControls old_size = 0 * 0, new_size = 720 * 1040
04-06 18:32:50.565 I/chromium( 7091): [INFO:layer_tree_host_impl.cc(198)] SBRTOUCHLOG DidVisibilityChange = 0
04-06 18:32:50.565 I/chromium( 7091): [INFO:layer_tree_host_impl.cc(4001)] SBRTOUCHLOG SetDeferCommitFlagForDebug = 1
04-06 18:32:50.565 I/chromium( 7091): [INFO:web_view_impl.cc(1439)] Blink ResizeWithBrowserControls old_size = 720 * 1040, new_size = 0 * 0
04-06 18:32:50.622 I/chromium(30649): [INFO:back_forward_cache_impl.cc(675)] BFCACHELOG  CanStorePageNow  result = No: not a main frame, related active contents exist: no BI swap result, HTTP status is not OK, scheme is not HTTP or HTTPS, frame is not fully loaded, main RenderFrameHost doesn't have response headers set, probably due not having successfully committed a navigation.
04-06 18:32:50.623 I/chromium(30649): [INFO:render_widget_host_impl.cc(843)] SBRTOUCHLOG  RenderWidgetHostImpl::WasShown
04-06 18:32:50.624 I/chromium( 7091): [INFO:layer_tree_host_impl.cc(198)] SBRTOUCHLOG DidVisibilityChange = 1
04-06 18:32:50.762 I/chromium( 7091): [INFO:layer_tree_host_impl.cc(198)] SBRTOUCHLOG DidVisibilityChange = 0
04-06 18:32:50.762 I/chromium( 7091): [INFO:layer_tree_host_impl.cc(4001)] SBRTOUCHLOG SetDeferCommitFlagForDebug = 1
04-06 18:32:50.811 I/chromium(30649): [INFO:back_forward_cache_impl.cc(675)] BFCACHELOG  CanStorePageNow  result = No: not a main frame, related active contents exist: no BI swap result, HTTP status is not OK, scheme is not HTTP or HTTPS, frame is not fully loaded, main RenderFrameHost doesn't have response headers set, probably due not having successfully committed a navigation.
04-06 18:32:50.812 I/chromium(30649): [INFO:render_widget_host_impl.cc(843)] SBRTOUCHLOG  RenderWidgetHostImpl::WasShown
04-06 18:32:50.823 I/chromium( 7091): [INFO:layer_tree_host_impl.cc(198)] SBRTOUCHLOG DidVisibilityChange = 1
04-06 18:32:51.027 I/chromium( 7135): [INFO:dispatcher.cc(1571)] CreateBindingsSystem
04-06 18:32:51.055 I/chromium( 7135): [INFO:layer_tree_host_impl.cc(198)] SBRTOUCHLOG DidVisibilityChange = 0
04-06 18:32:51.056 I/chromium( 7135): [INFO:layer_tree_host_impl.cc(4001)] SBRTOUCHLOG SetDeferCommitFlagForDebug = 1
04-06 18:32:51.109 I/chromium(30649): [INFO:back_forward_cache_impl.cc(675)] BFCACHELOG  CanStorePageNow  result = No: not a main frame, related active contents exist: no BI swap result, HTTP status is not OK, scheme is not HTTP or HTTPS, frame is not fully loaded, main RenderFrameHost doesn't have response headers set, probably due not having successfully committed a navigation.
04-06 18:32:51.130 I/chromium( 7135): [INFO:layer_tree_host_impl.cc(198)] SBRTOUCHLOG DidVisibilityChange = 0
04-06 18:32:51.131 I/chromium( 7135): [INFO:layer_tree_host_impl.cc(4001)] SBRTOUCHLOG SetDeferCommitFlagForDebug = 1
04-06 18:32:51.163 I/chromium(30649): [INFO:back_forward_cache_impl.cc(675)] BFCACHELOG  CanStorePageNow  result = No: not a main frame, related active contents exist: no BI swap result, HTTP status is not OK, scheme is not HTTP or HTTPS, main RenderFrameHost doesn't have response headers set, probably due not having successfully committed a navigation.
04-06 18:32:51.185 I/chromium( 7135): [INFO:memory_cache.cc(126)] MemoryCache MemberMemoryCache is disabled
04-06 18:32:51.234 I/chromium( 7091): [INFO:layer_tree_host_impl.cc(198)] SBRTOUCHLOG DidVisibilityChange = 0
04-06 18:32:51.237 I/chromium( 7091): [INFO:web_view_impl.cc(1439)] Blink ResizeWithBrowserControls old_size = 0 * 0, new_size = 720 * 1040
04-06 18:32:51.239 I/chromium( 7091): [INFO:layer_tree_host_impl.cc(4001)] SBRTOUCHLOG SetDeferCommitFlagForDebug = 0
04-06 18:32:51.258 I/chromium( 7091): [INFO:layer_tree_host_impl.cc(198)] SBRTOUCHLOG DidVisibilityChange = 0
04-06 18:32:51.258 I/chromium( 7091): [INFO:layer_tree_host_impl.cc(4001)] SBRTOUCHLOG SetDeferCommitFlagForDebug = 0
04-06 18:32:51.393 I/chromium( 7135): [INFO:web_view_impl.cc(1439)] Blink ResizeWithBrowserControls old_size = 0 * 0, new_size = 720 * 1040
04-06 18:32:51.393 I/chromium( 7135): [INFO:layer_tree_host_impl.cc(4001)] SBRTOUCHLOG SetDeferCommitFlagForDebug = 0
04-06 18:32:51.393 I/chromium( 7135): [INFO:layer_tree_host_impl.cc(4001)] SBRTOUCHLOG SetDeferCommitFlagForDebug = 0
04-06 18:32:51.730 I/chromium( 7091): [INFO:layer_tree_host_impl.cc(198)] SBRTOUCHLOG DidVisibilityChange = 0
04-06 18:32:51.731 I/chromium( 7091): [INFO:web_view_impl.cc(1439)] Blink ResizeWithBrowserControls old_size = 720 * 1040, new_size = 0 * 0
04-06 18:32:51.733 I/chromium( 7091): [INFO:layer_tree_host_impl.cc(4001)] SBRTOUCHLOG SetDeferCommitFlagForDebug = 1
04-06 18:32:51.845 I/chromium(30649): [INFO:back_forward_cache_impl.cc(675)] BFCACHELOG  CanStorePageNow  result = No: not a main frame, related active contents exist: no BI swap result, HTTP status is not OK, scheme is not HTTP or HTTPS, main RenderFrameHost doesn't have response headers set, probably due not having successfully committed a navigation.
04-06 18:32:51.846 I/chromium(30649): [INFO:render_widget_host_impl.cc(843)] SBRTOUCHLOG  RenderWidgetHostImpl::WasShown
04-06 18:32:51.856 I/chromium( 7091): [INFO:layer_tree_host_impl.cc(198)] SBRTOUCHLOG DidVisibilityChange = 1
04-06 18:32:52.031 I/chromium(30649): [INFO:permission_service_impl.cc(151)] Permissions query about NOTIFICATIONS
04-06 18:32:52.338 I/chromium( 7047): [INFO:progress_tracker.cc(112)] LoaderLog  FinishedParsing
04-06 18:32:52.347 I/chromium( 7091): [INFO:layer_tree_host_impl.cc(198)] SBRTOUCHLOG DidVisibilityChange = 0
04-06 18:32:52.347 I/chromium( 7091): [INFO:web_view_impl.cc(1439)] Blink ResizeWithBrowserControls old_size = 0 * 0, new_size = 720 * 1040
04-06 18:32:52.347 I/chromium( 7091): [INFO:layer_tree_host_impl.cc(4001)] SBRTOUCHLOG SetDeferCommitFlagForDebug = 0
04-06 18:32:52.886 W/chromium(30649): [WARNING:render_widget_host_view_android.cc(1070)] SBRTOUCHLOG  OnTouchEvent, Action::DOWN
04-06 18:32:52.886 I/chromium(30649): [INFO:render_widget_host_input_event_router.cc(861)] SBRTOUCHLOG Set Touch sequence target view: 0x5f6b8800
04-06 18:32:52.886 W/chromium(30649): [WARNING:input_router_impl.cc(529)] SBRTOUCHLOG FilterAndSendWebInputEvent, kTouchStart
04-06 18:32:52.889 I/chromium( 7047): [INFO:web_frame_widget_impl.cc(2748)] SBRTOUCHLOG Blink HandleInputEvent event received = PointerDown
04-06 18:32:52.894 I/chromium(30649): [INFO:input_router_impl.cc(641)] SBRTOUCHLOG InputRouterImpl::TouchEventHandled type: TouchStart & ack: NOT_CONSUMED
04-06 18:32:52.902 I/chromium( 7047): [INFO:web_frame_widget_impl.cc(2748)] SBRTOUCHLOG Blink HandleInputEvent event received = GestureTapDown
04-06 18:32:52.905 I/chromium( 7047): [INFO:web_frame_widget_impl.cc(2748)] SBRTOUCHLOG Blink HandleInputEvent event received = PointerMove
04-06 18:32:52.906 I/chromium(30649): [INFO:input_router_impl.cc(641)] SBRTOUCHLOG InputRouterImpl::TouchEventHandled type: TouchMove & ack: CONSUMED
04-06 18:32:52.922 I/chromium( 7047): [INFO:web_frame_widget_impl.cc(2748)] SBRTOUCHLOG Blink HandleInputEvent event received = PointerMove
04-06 18:32:52.923 I/chromium(30649): [INFO:input_router_impl.cc(641)] SBRTOUCHLOG InputRouterImpl::TouchEventHandled type: TouchMove & ack: CONSUMED
04-06 18:32:52.923 I/chromium(30649): [INFO:input_router_impl.cc(641)] SBRTOUCHLOG InputRouterImpl::TouchEventHandled type: TouchMove & ack: CONSUMED
04-06 18:32:52.934 I/chromium( 7047): [INFO:web_frame_widget_impl.cc(2748)] SBRTOUCHLOG Blink HandleInputEvent event received = PointerMove
04-06 18:32:52.937 I/chromium(30649): [INFO:input_router_impl.cc(641)] SBRTOUCHLOG InputRouterImpl::TouchEventHandled type: TouchMove & ack: CONSUMED
04-06 18:32:52.951 I/chromium( 7047): [INFO:web_frame_widget_impl.cc(2748)] SBRTOUCHLOG Blink HandleInputEvent event received = PointerMove
04-06 18:32:52.952 I/chromium(30649): [INFO:input_router_impl.cc(641)] SBRTOUCHLOG InputRouterImpl::TouchEventHandled type: TouchMove & ack: NOT_CONSUMED
04-06 18:32:52.953 I/chromium(30649): [INFO:input_router_impl.cc(641)] SBRTOUCHLOG InputRouterImpl::TouchEventHandled type: TouchMove & ack: NOT_CONSUMED
04-06 18:32:52.953 I/chromium( 7047): [INFO:layer_tree_host_impl.cc(332)] SBRTOUCHLOG LayerTreeHostImpl::ScrollBegin defer_commit =  0
04-06 18:32:52.957 I/chromium( 7047): [INFO:web_frame_widget_impl.cc(2748)] SBRTOUCHLOG Blink HandleInputEvent event received = GestureTapCancel
04-06 18:32:52.958 I/chromium( 7047): [INFO:web_frame_widget_impl.cc(2748)] SBRTOUCHLOG Blink HandleInputEvent event received = PointerCausedUaAction
04-06 18:32:52.967 I/chromium( 7047): [INFO:layer_tree_host_impl.cc(303)] SBRTOUCHLOG LayerTreeHostImpl::ScrollBy delta_y = 19.4157
04-06 18:32:52.968 I/chromium( 7047): [INFO:web_frame_widget_impl.cc(2748)] SBRTOUCHLOG Blink HandleInputEvent event received = PointerMove
04-06 18:32:52.980 I/chromium(30649): [INFO:input_router_impl.cc(641)] SBRTOUCHLOG InputRouterImpl::TouchEventHandled type: TouchMove & ack: NOT_CONSUMED
04-06 18:32:52.981 I/chromium(30649): [INFO:input_router_impl.cc(641)] SBRTOUCHLOG InputRouterImpl::TouchEventHandled type: TouchMove & ack: NOT_CONSUMED
04-06 18:32:53.004 I/chromium( 7047): [INFO:web_frame_widget_impl.cc(2748)] SBRTOUCHLOG Blink HandleInputEvent event received = PointerMove
04-06 18:32:53.036 I/chromium( 7047): [INFO:layer_tree_host_impl.cc(2438)] SBRTOUCHLOG AsyncLayerTreeFrameSink::SubmitCompositorFrame
04-06 18:32:53.052 I/chromium( 7047): [INFO:layer_tree_host_impl.cc(303)] SBRTOUCHLOG LayerTreeHostImpl::ScrollBy delta_y = 55.9924
04-06 18:32:53.070 W/chromium(30649): [WARNING:window_android.cc(109)] TAB-STATUS observer added
04-06 18:32:53.076 I/chromium( 7047): [INFO:web_frame_widget_impl.cc(2748)] SBRTOUCHLOG Blink HandleInputEvent event received = PointerMove
04-06 18:32:53.078 I/chromium( 7047): [INFO:web_frame_widget_impl.cc(2748)] SBRTOUCHLOG Blink HandleInputEvent event received = PointerUp
04-06 18:32:53.086 W/chromium(30649): [WARNING:window_android.cc(123)] TAB-STATUS observer removed
04-06 18:32:53.101 I/chromium( 7047): [INFO:layer_tree_host_impl.cc(344)] SBRTOUCHLOG LayerTreeHostImpl::ScrollEnd
04-06 18:32:53.110 E/chromium( 7135): [ERROR:content_block_element_hider.cc(93)] main frame is not a local frame
04-06 18:32:53.115 E/chromium( 7135): [ERROR:content_block_element_hider.cc(93)] main frame is not a local frame
04-06 18:32:53.121 E/chromium( 7135): [ERROR:content_block_element_hider.cc(93)] main frame is not a local frame
04-06 18:32:53.126 E/chromium( 7135): [ERROR:content_block_element_hider.cc(93)] main frame is not a local frame
04-06 18:32:53.280 I/chromium( 7091): [INFO:web_view_impl.cc(1439)] Blink ResizeWithBrowserControls old_size = 720 * 1040, new_size = 720 * 1232
04-06 18:32:53.468 W/chromium(30649): [WARNING:render_widget_host_view_android.cc(1070)] SBRTOUCHLOG  OnTouchEvent, Action::DOWN
04-06 18:32:53.468 I/chromium(30649): [INFO:render_widget_host_input_event_router.cc(861)] SBRTOUCHLOG Set Touch sequence target view: 0x5f6b8800
04-06 18:32:53.468 W/chromium(30649): [WARNING:input_router_impl.cc(529)] SBRTOUCHLOG FilterAndSendWebInputEvent, kTouchStart
04-06 18:32:53.474 I/chromium( 7047): [INFO:web_frame_widget_impl.cc(2748)] SBRTOUCHLOG Blink HandleInputEvent event received = PointerDown
04-06 18:32:53.477 I/chromium(30649): [INFO:input_router_impl.cc(641)] SBRTOUCHLOG InputRouterImpl::TouchEventHandled type: TouchStart & ack: NOT_CONSUMED
04-06 18:32:53.478 I/chromium( 7047): [INFO:web_frame_widget_impl.cc(2748)] SBRTOUCHLOG Blink HandleInputEvent event received = GestureTapDown
04-06 18:32:53.519 I/chromium( 7047): [INFO:web_frame_widget_impl.cc(2748)] SBRTOUCHLOG Blink HandleInputEvent event received = PointerMove
04-06 18:32:53.520 I/chromium(30649): [INFO:input_router_impl.cc(641)] SBRTOUCHLOG InputRouterImpl::TouchEventHandled type: TouchMove & ack: CONSUMED
04-06 18:32:53.538 I/chromium( 7047): [INFO:web_frame_widget_impl.cc(2748)] SBRTOUCHLOG Blink HandleInputEvent event received = PointerMove
04-06 18:32:53.541 I/chromium(30649): [INFO:input_router_impl.cc(641)] SBRTOUCHLOG InputRouterImpl::TouchEventHandled type: TouchMove & ack: CONSUMED
04-06 18:32:53.545 I/chromium( 7047): [INFO:web_frame_widget_impl.cc(2748)] SBRTOUCHLOG Blink HandleInputEvent event received = PointerUp
04-06 18:32:53.547 I/chromium(30649): [INFO:input_router_impl.cc(641)] SBRTOUCHLOG InputRouterImpl::TouchEventHandled type: TouchEnd & ack: NOT_CONSUMED
04-06 18:32:53.548 I/chromium( 7047): [INFO:web_frame_widget_impl.cc(2748)] SBRTOUCHLOG Blink HandleInputEvent event received = GestureShowPress
04-06 18:32:53.558 I/chromium( 7047): [INFO:web_frame_widget_impl.cc(2748)] SBRTOUCHLOG Blink HandleInputEvent event received = GestureTap
04-06 18:32:54.457 I/chromium( 7135): [INFO:web_view_impl.cc(1439)] Blink ResizeWithBrowserControls old_size = 720 * 1040, new_size = 720 * 1232
04-06 18:32:54.660 E/chromium( 7135): [ERROR:tin_smart_protect_renderer_url_loader_throttle.cc(113)] GetServiceBridgeForFrame no local root frame
04-06 18:32:54.695 E/chromium( 7135): [ERROR:tin_smart_protect_renderer_url_loader_throttle.cc(113)] GetServiceBridgeForFrame no local root frame
04-06 18:32:54.751 I/chromium( 7091): [INFO:layer_tree_host_impl.cc(198)] SBRTOUCHLOG DidVisibilityChange = 0
04-06 18:32:54.751 I/chromium( 7091): [INFO:layer_tree_host_impl.cc(4001)] SBRTOUCHLOG SetDeferCommitFlagForDebug = 1
04-06 18:32:54.752 I/chromium( 7091): [INFO:web_view_impl.cc(1439)] Blink ResizeWithBrowserControls old_size = 720 * 1232, new_size = 0 * 0
04-06 18:32:54.810 I/chromium(30649): [INFO:back_forward_cache_impl.cc(675)] BFCACHELOG  CanStorePageNow  result = No: not a main frame, related active contents exist: no BI swap result, HTTP status is not OK, scheme is not HTTP or HTTPS, frame is not fully loaded, main RenderFrameHost doesn't have response headers set, probably due not having successfully committed a navigation.
04-06 18:32:54.811 I/chromium(30649): [INFO:render_widget_host_impl.cc(843)] SBRTOUCHLOG  RenderWidgetHostImpl::WasShown
04-06 18:32:54.812 I/chromium( 7091): [INFO:layer_tree_host_impl.cc(198)] SBRTOUCHLOG DidVisibilityChange = 1
04-06 18:32:54.828 I/chromium( 7091): [INFO:web_view_impl.cc(1439)] Blink ResizeWithBrowserControls old_size = 0 * 0, new_size = 720 * 1232
04-06 18:32:54.837 I/chromium( 7091): [INFO:layer_tree_host_impl.cc(198)] SBRTOUCHLOG DidVisibilityChange = 0
04-06 18:32:54.837 I/chromium( 7091): [INFO:layer_tree_host_impl.cc(4001)] SBRTOUCHLOG SetDeferCommitFlagForDebug = 0
04-06 18:32:54.865 I/chromium( 7135): [INFO:layer_tree_host_impl.cc(198)] SBRTOUCHLOG DidVisibilityChange = 0
04-06 18:32:54.866 I/chromium( 7135): [INFO:layer_tree_host_impl.cc(4001)] SBRTOUCHLOG SetDeferCommitFlagForDebug = 1
04-06 18:32:54.866 I/chromium( 7135): [INFO:web_view_impl.cc(1439)] Blink ResizeWithBrowserControls old_size = 720 * 1232, new_size = 0 * 0
04-06 18:32:55.565 I/chromium(30649): [INFO:back_forward_cache_impl.cc(675)] BFCACHELOG  CanStorePageNow  result = No: not a main frame, related active contents exist: no BI swap result, HTTP status is not OK, scheme is not HTTP or HTTPS, frame is not fully loaded, main RenderFrameHost doesn't have response headers set, probably due not having successfully committed a navigation.
04-06 18:32:56.204 I/chromium( 7135): [INFO:web_view_impl.cc(1439)] Blink ResizeWithBrowserControls old_size = 0 * 0, new_size = 720 * 1232
04-06 18:32:56.204 I/chromium( 7135): [INFO:layer_tree_host_impl.cc(4001)] SBRTOUCHLOG SetDeferCommitFlagForDebug = 0
04-06 18:32:57.651 E/chromium( 7135): [ERROR:gin_java_bridge_dispatcher.cc(130)] HasJavaMethod method toString not found, returning
04-06 18:32:57.651 E/chromium( 7135): [ERROR:gin_java_bridge_dispatcher.cc(130)] HasJavaMethod method name not found, returning
04-06 18:32:57.652 E/chromium( 7135): [ERROR:gin_java_bridge_dispatcher.cc(130)] HasJavaMethod method toString not found, returning
04-06 18:32:57.652 E/chromium( 7135): [ERROR:gin_java_bridge_dispatcher.cc(130)] HasJavaMethod method name not found, returning
04-06 18:32:57.836 E/chromium( 6956): [ERROR:gles2_cmd_decoder.cc(8683)] [.RendererMainThread-0xc12ff800]GL ERROR :GL_INVALID_FRAMEBUFFER_OPERATION : glFramebufferTexture2D: <- error from previous GL command
04-06 18:32:58.607 D/EnvFileUpdater( 6292): Found CIRIS_HOME from env: /data/user/0/ai.ciris.mobile.debug/files/ciris
04-06 18:32:59.974 E/chromium( 7135): [ERROR:gin_java_bridge_dispatcher.cc(130)] HasJavaMethod method toString not found, returning
04-06 18:32:59.974 E/chromium( 7135): [ERROR:gin_java_bridge_dispatcher.cc(130)] HasJavaMethod method name not found, returning
04-06 18:32:59.975 E/chromium( 7135): [ERROR:gin_java_bridge_dispatcher.cc(130)] HasJavaMethod method toString not found, returning
04-06 18:32:59.975 E/chromium( 7135): [ERROR:gin_java_bridge_dispatcher.cc(130)] HasJavaMethod method name not found, returning
04-06 18:33:00.103 E/chromium( 6956): [ERROR:gles2_cmd_decoder.cc(8683)] [.RendererMainThread-0xc12ff800]GL ERROR :GL_INVALID_FRAMEBUFFER_OPERATION : glFramebufferTexture2D: <- error from previous GL command
04-06 18:33:03.961 I/chromium( 7047): [INFO:render_frame_impl.cc(4027)] LoaderLog didFinishLoad
04-06 18:33:03.967 I/chromium( 7047): [INFO:frame_loader.cc(402)] LoaderLog Completed totalBytes = 4922687
04-06 18:33:03.967 I/chromium( 7047): [INFO:render_frame_impl.cc(5114)] LoaderLog didStopLoading
04-06 18:33:03.971 I/chromium(30649): [INFO:tin_six_tab_helper.cc(621)] ActivateTabAt 0,6
04-06 18:33:05.847 I/chromium( 7047): [INFO:frame_loader.cc(618)] LoaderLog  StartNavigation  ClientRedirect = 0
04-06 18:33:05.892 I/chromium(30649): [INFO:tin_six_tab_helper.cc(621)] ActivateTabAt 0,6
04-06 18:33:05.900 I/chromium(30649): [INFO:tin_six_tab_helper.cc(621)] ActivateTabAt 0,6
04-06 18:33:06.087 I/chromium( 7091): [INFO:web_view_impl.cc(1439)] Blink ResizeWithBrowserControls old_size = 720 * 1232, new_size = 720 * 1040
04-06 18:33:06.094 I/chromium( 7135): [INFO:web_view_impl.cc(1439)] Blink ResizeWithBrowserControls old_size = 720 * 1232, new_size = 720 * 1040
04-06 18:33:06.193 I/chromium( 7183): [INFO:dispatcher.cc(1571)] CreateBindingsSystem
04-06 18:33:06.215 I/chromium( 7183): [INFO:layer_tree_host_impl.cc(198)] SBRTOUCHLOG DidVisibilityChange = 0
04-06 18:33:06.216 I/chromium( 7183): [INFO:layer_tree_host_impl.cc(4001)] SBRTOUCHLOG SetDeferCommitFlagForDebug = 1
04-06 18:33:06.216 I/chromium( 7183): [INFO:layer_tree_host_impl.cc(4001)] SBRTOUCHLOG SetDeferCommitFlagForDebug = 0
04-06 18:33:06.216 I/chromium( 7183): [INFO:tin_anti_tracking_renderer_url_loader_throttle_helper.cc(31)] [IAT] set delegate th 0xc0213e60 td 0xc1263660
04-06 18:33:06.216 I/chromium( 7183): [INFO:tin_smart_protect_renderer.cc(16)] TinSmartProtectRenderer
04-06 18:33:06.217 I/chromium( 7183): [INFO:tin_smart_protect_renderer.cc(33)] BindPendingReceiver bound=1
04-06 18:33:06.227 I/chromium( 7183): [INFO:layer_tree_host_impl.cc(4001)] SBRTOUCHLOG SetDeferCommitFlagForDebug = 1
04-06 18:33:06.252 I/chromium( 7183): [INFO:render_frame_impl.cc(3805)] LoaderLog didCommitProvisionalLoad
04-06 18:33:06.255 W/chromium(30649): [WARNING:window_android.cc(123)] TAB-STATUS observer removed
04-06 18:33:06.257 I/chromium( 7047): [INFO:layer_tree_host_impl.cc(198)] SBRTOUCHLOG DidVisibilityChange = 0
04-06 18:33:06.257 I/chromium(30649): [INFO:render_widget_host_impl.cc(843)] SBRTOUCHLOG  RenderWidgetHostImpl::WasShown
04-06 18:33:06.258 W/chromium(30649): [WARNING:window_android.cc(109)] TAB-STATUS observer added
04-06 18:33:06.276 I/chromium( 7091): [INFO:frame_loader.cc(274)] LoaderLog  SetDefersLoading  DeferType = 1
04-06 18:33:06.276 I/chromium( 7091): [INFO:frame_loader.cc(274)] LoaderLog  SetDefersLoading  DeferType = 1
04-06 18:33:06.276 I/chromium( 7091): [INFO:frame_loader.cc(274)] LoaderLog  SetDefersLoading  DeferType = 1
04-06 18:33:06.276 I/chromium( 7091): [INFO:frame_loader.cc(274)] LoaderLog  SetDefersLoading  DeferType = 1
04-06 18:33:06.276 I/chromium( 7091): [INFO:frame_loader.cc(274)] LoaderLog  SetDefersLoading  DeferType = 1
04-06 18:33:06.276 I/chromium( 7091): [INFO:frame_loader.cc(274)] LoaderLog  SetDefersLoading  DeferType = 1
04-06 18:33:06.276 I/chromium( 7091): [INFO:frame_loader.cc(274)] LoaderLog  SetDefersLoading  DeferType = 1
04-06 18:33:06.276 I/chromium( 7047): [INFO:frame_loader.cc(274)] LoaderLog  SetDefersLoading  DeferType = 1
04-06 18:33:06.282 I/chromium( 7183): [INFO:layer_tree_host_impl.cc(198)] SBRTOUCHLOG DidVisibilityChange = 1
04-06 18:33:06.282 I/chromium( 7135): [INFO:frame_loader.cc(274)] LoaderLog  SetDefersLoading  DeferType = 1
04-06 18:33:06.282 I/chromium( 7135): [INFO:frame_loader.cc(274)] LoaderLog  SetDefersLoading  DeferType = 1
04-06 18:33:06.282 I/chromium( 7135): [INFO:frame_loader.cc(274)] LoaderLog  SetDefersLoading  DeferType = 1
04-06 18:33:06.282 I/chromium( 7135): [INFO:frame_loader.cc(274)] LoaderLog  SetDefersLoading  DeferType = 1
04-06 18:33:06.282 I/chromium( 7135): [INFO:frame_loader.cc(274)] LoaderLog  SetDefersLoading  DeferType = 1
04-06 18:33:06.283 I/chromium( 7135): [INFO:frame_loader.cc(274)] LoaderLog  SetDefersLoading  DeferType = 1
04-06 18:33:06.283 I/chromium( 7135): [INFO:frame_loader.cc(274)] LoaderLog  SetDefersLoading  DeferType = 1
04-06 18:33:06.305 I/chromium(30649): [INFO:render_frame_host_impl.cc(5780)] BFCACHELOG  Eviction  reason = No: cache limit
04-06 18:33:06.311 I/chromium( 7183): [INFO:memory_cache.cc(126)] MemoryCache MemberMemoryCache is disabled
04-06 18:33:06.313 I/chromium( 6969): [INFO:render_frame_impl.cc(5114)] LoaderLog didStopLoading
04-06 18:33:06.314 I/chromium(30649): [INFO:render_process_host_impl.cc(4491)] [Renderer][Exit] ChildProcessLauncher::OnChildProcessDied called through JNI pid = 6969, renderer_id =0
04-06 18:33:06.367 I/chromium( 7183): [INFO:layer_tree_host_impl.cc(4001)] SBRTOUCHLOG SetDeferCommitFlagForDebug = 0
04-06 18:33:06.430 I/chromium( 7183): [INFO:progress_tracker.cc(112)] LoaderLog  FinishedParsing
04-06 18:33:06.437 I/chromium( 7183): [INFO:layer_tree_impl.cc(1205)] DidUpdatePageScale IsActiveTree: 0 ScaleFactor: 1
04-06 18:33:06.440 I/chromium( 7183): [INFO:layer_tree_impl.cc(1205)] DidUpdatePageScale IsActiveTree: 1 ScaleFactor: 1
04-06 18:33:06.500 I/chromium(30649): [INFO:web_contents_impl.cc(6549)] LoaderLog  progress completed
04-06 18:33:06.786 I/chromium( 7183): [INFO:render_frame_impl.cc(4027)] LoaderLog didFinishLoad
04-06 18:33:06.788 I/chromium( 7183): [INFO:frame_loader.cc(402)] LoaderLog Completed totalBytes = 106022
04-06 18:33:06.788 I/chromium( 7183): [INFO:render_frame_impl.cc(5114)] LoaderLog didStopLoading
04-06 18:33:06.792 I/chromium(30649): [INFO:tin_six_tab_helper.cc(621)] ActivateTabAt 0,6
04-06 18:33:06.857 I/chromium( 7183): [INFO:document_loader.cc(793)] LoaderLog UpdateForSameDocumentNavigation  was_loading = 0  is_client_redirect_ = 0  replaces_history_item_ = 1
04-06 18:33:06.857 I/chromium( 7183): [INFO:render_frame_impl.cc(5114)] LoaderLog didStopLoading
04-06 18:33:06.926 I/chromium(30649): [INFO:tin_six_tab_helper.cc(621)] ActivateTabAt 0,6
04-06 18:33:08.609 D/EnvFileUpdater( 6292): Found CIRIS_HOME from env: /data/user/0/ai.ciris.mobile.debug/files/ciris
