04-06 18:19:01.106 E/chromium( 1664): [ERROR:gin_java_bridge_dispatcher.cc(130)] HasJavaMethod method name not found, returning
04-06 18:19:01.265 E/chromium(31251): [ERROR:gles2_cmd_decoder.cc(8683)] [.RendererMainThread-0xc12ffd00]GL ERROR :GL_INVALID_FRAMEBUFFER_OPERATION : glFramebufferTexture2D: <- error from previous GL command
04-06 18:19:03.811 D/EnvFileUpdater(32191): Found CIRIS_HOME from env: /data/user/0/ai.ciris.mobile.debug/files/ciris
04-06 18:19:04.591 I/chromium( 1580): [INFO:render_frame_impl.cc(4027)] LoaderLog didFinishLoad
04-06 18:19:04.595 I/chromium( 1580): [INFO:frame_loader.cc(402)] LoaderLog Completed totalBytes = 4932812
04-06 18:19:04.595 I/chromium( 1580): [INFO:render_frame_impl.cc(5114)] LoaderLog didStopLoading
04-06 18:19:04.598 I/chromium(30649): [INFO:tin_six_tab_helper.cc(621)] ActivateTabAt 0,5
04-06 18:19:07.179 I/chromium( 1580): [INFO:frame_loader.cc(618)] LoaderLog  StartNavigation  ClientRedirect = 0
04-06 18:19:07.198 I/chromium(30649): [INFO:tin_six_tab_helper.cc(621)] ActivateTabAt 0,5
04-06 18:19:07.369 I/chromium( 1621): [INFO:web_view_impl.cc(1439)] Blink ResizeWithBrowserControls old_size = 720 * 1232, new_size = 720 * 1040
04-06 18:19:07.372 I/chromium( 1664): [INFO:web_view_impl.cc(1439)] Blink ResizeWithBrowserControls old_size = 720 * 1232, new_size = 720 * 1040
04-06 18:19:07.387 I/chromium(30649): [INFO:tin_six_tab_helper.cc(621)] ActivateTabAt 0,5
04-06 18:19:07.526 I/chromium( 1710): [INFO:dispatcher.cc(1571)] CreateBindingsSystem
04-06 18:19:07.551 I/chromium( 1710): [INFO:layer_tree_host_impl.cc(198)] SBRTOUCHLOG DidVisibilityChange = 0
04-06 18:19:07.551 I/chromium( 1710): [INFO:layer_tree_host_impl.cc(4001)] SBRTOUCHLOG SetDeferCommitFlagForDebug = 1
04-06 18:19:07.552 I/chromium( 1710): [INFO:layer_tree_host_impl.cc(4001)] SBRTOUCHLOG SetDeferCommitFlagForDebug = 0
04-06 18:19:07.552 I/chromium( 1710): [INFO:tin_anti_tracking_renderer_url_loader_throttle_helper.cc(31)] [IAT] set delegate th 0x5881bea0 td 0x58663660
04-06 18:19:07.552 I/chromium( 1710): [INFO:tin_smart_protect_renderer.cc(16)] TinSmartProtectRenderer
04-06 18:19:07.553 I/chromium( 1710): [INFO:tin_smart_protect_renderer.cc(33)] BindPendingReceiver bound=1
04-06 18:19:07.562 I/chromium( 1710): [INFO:layer_tree_host_impl.cc(4001)] SBRTOUCHLOG SetDeferCommitFlagForDebug = 1
04-06 18:19:07.588 I/chromium( 1710): [INFO:render_frame_impl.cc(3805)] LoaderLog didCommitProvisionalLoad
04-06 18:19:07.593 W/chromium(30649): [WARNING:window_android.cc(123)] TAB-STATUS observer removed
04-06 18:19:07.595 I/chromium( 1580): [INFO:layer_tree_host_impl.cc(198)] SBRTOUCHLOG DidVisibilityChange = 0
04-06 18:19:07.601 I/chromium(30649): [INFO:render_widget_host_impl.cc(843)] SBRTOUCHLOG  RenderWidgetHostImpl::WasShown
04-06 18:19:07.602 W/chromium(30649): [WARNING:window_android.cc(109)] TAB-STATUS observer added
04-06 18:19:07.603 I/chromium( 1580): [INFO:frame_loader.cc(274)] LoaderLog  SetDefersLoading  DeferType = 1
04-06 18:19:07.623 I/chromium( 1664): [INFO:frame_loader.cc(274)] LoaderLog  SetDefersLoading  DeferType = 1
04-06 18:19:07.623 I/chromium( 1664): [INFO:frame_loader.cc(274)] LoaderLog  SetDefersLoading  DeferType = 1
04-06 18:19:07.623 I/chromium( 1664): [INFO:frame_loader.cc(274)] LoaderLog  SetDefersLoading  DeferType = 1
04-06 18:19:07.623 I/chromium( 1664): [INFO:frame_loader.cc(274)] LoaderLog  SetDefersLoading  DeferType = 1
04-06 18:19:07.624 I/chromium( 1664): [INFO:frame_loader.cc(274)] LoaderLog  SetDefersLoading  DeferType = 1
04-06 18:19:07.624 I/chromium( 1664): [INFO:frame_loader.cc(274)] LoaderLog  SetDefersLoading  DeferType = 1
04-06 18:19:07.624 I/chromium( 1664): [INFO:frame_loader.cc(274)] LoaderLog  SetDefersLoading  DeferType = 1
04-06 18:19:07.643 I/chromium( 1621): [INFO:frame_loader.cc(274)] LoaderLog  SetDefersLoading  DeferType = 1
04-06 18:19:07.643 I/chromium( 1621): [INFO:frame_loader.cc(274)] LoaderLog  SetDefersLoading  DeferType = 1
04-06 18:19:07.644 I/chromium( 1621): [INFO:frame_loader.cc(274)] LoaderLog  SetDefersLoading  DeferType = 1
04-06 18:19:07.644 I/chromium( 1621): [INFO:frame_loader.cc(274)] LoaderLog  SetDefersLoading  DeferType = 1
04-06 18:19:07.644 I/chromium( 1621): [INFO:frame_loader.cc(274)] LoaderLog  SetDefersLoading  DeferType = 1
04-06 18:19:07.644 I/chromium( 1621): [INFO:frame_loader.cc(274)] LoaderLog  SetDefersLoading  DeferType = 1
04-06 18:19:07.644 I/chromium( 1621): [INFO:frame_loader.cc(274)] LoaderLog  SetDefersLoading  DeferType = 1
04-06 18:19:07.645 I/chromium( 1710): [INFO:layer_tree_host_impl.cc(198)] SBRTOUCHLOG DidVisibilityChange = 1
04-06 18:19:07.676 I/chromium(30649): [INFO:render_frame_host_impl.cc(5780)] BFCACHELOG  Eviction  reason = No: cache limit
04-06 18:19:07.685 I/chromium( 1710): [INFO:memory_cache.cc(126)] MemoryCache MemberMemoryCache is disabled
04-06 18:19:07.688 I/chromium(30649): [INFO:render_process_host_impl.cc(4491)] [Renderer][Exit] ChildProcessLauncher::OnChildProcessDied called through JNI pid = 1520, renderer_id =0
04-06 18:19:07.825 I/chromium( 1710): [INFO:progress_tracker.cc(112)] LoaderLog  FinishedParsing
04-06 18:19:07.829 I/chromium( 1710): [INFO:layer_tree_host_impl.cc(4001)] SBRTOUCHLOG SetDeferCommitFlagForDebug = 0
04-06 18:19:07.870 I/chromium( 1710): [INFO:layer_tree_impl.cc(1205)] DidUpdatePageScale IsActiveTree: 0 ScaleFactor: 1
04-06 18:19:07.872 I/chromium( 1710): [INFO:layer_tree_impl.cc(1205)] DidUpdatePageScale IsActiveTree: 1 ScaleFactor: 1
04-06 18:19:08.179 I/chromium(30649): [INFO:web_contents_impl.cc(6549)] LoaderLog  progress completed
04-06 18:19:08.197 I/chromium( 1710): [INFO:render_frame_impl.cc(4027)] LoaderLog didFinishLoad
04-06 18:19:08.198 I/chromium( 1710): [INFO:frame_loader.cc(402)] LoaderLog Completed totalBytes = 106022
04-06 18:19:08.198 I/chromium( 1710): [INFO:render_frame_impl.cc(5114)] LoaderLog didStopLoading
04-06 18:19:08.220 I/chromium(30649): [INFO:tin_six_tab_helper.cc(621)] ActivateTabAt 0,5
04-06 18:19:08.274 I/chromium( 1710): [INFO:document_loader.cc(793)] LoaderLog UpdateForSameDocumentNavigation  was_loading = 0  is_client_redirect_ = 0  replaces_history_item_ = 1
04-06 18:19:08.274 I/chromium( 1710): [INFO:render_frame_impl.cc(5114)] LoaderLog didStopLoading
04-06 18:19:08.343 I/chromium(30649): [INFO:tin_six_tab_helper.cc(621)] ActivateTabAt 0,5
04-06 18:19:13.814 D/EnvFileUpdater(32191): Found CIRIS_HOME from env: /data/user/0/ai.ciris.mobile.debug/files/ciris
04-06 18:19:18.050 W/chromium(30649): [WARNING:window_android.cc(123)] TAB-STATUS observer removed
04-06 18:19:18.052 I/chromium( 1710): [INFO:layer_tree_host_impl.cc(198)] SBRTOUCHLOG DidVisibilityChange = 0
04-06 18:19:18.246 I/chromium(30649): [INFO:layer_tree_host_impl.cc(198)] SBRTOUCHLOG DidVisibilityChange = 0
04-06 18:19:20.603 I/chromium(30649): [INFO:render_process_host_impl.cc(4491)] [Renderer][Exit] ChildProcessLauncher::OnChildProcessDied called through JNI pid = 31251, renderer_id =0
04-06 18:19:20.688 E/chromium(30649): [ERROR:gpu_process_host.cc(968)] GPU process exited unexpectedly: exit_code=0
04-06 18:19:20.688 W/chromium(30649): [WARNING:gpu_process_host.cc(1274)] The GPU process has crashed 3 time(s)
04-06 18:19:23.817 D/EnvFileUpdater(32191): Found CIRIS_HOME from env: /data/user/0/ai.ciris.mobile.debug/files/ciris
04-06 18:19:31.702 I/CIRISApiClient(32191): [pollNodeAuthStatus] Polling device auth status: deviceCode=3664fa95..., portalUrl=https://portal.ciris.ai
04-06 18:19:33.819 D/EnvFileUpdater(32191): Found CIRIS_HOME from env: /data/user/0/ai.ciris.mobile.debug/files/ciris
04-06 18:19:35.078 I/CIRISApiClient(32191): [pollNodeAuthStatus] Polling device auth status: deviceCode=3664fa95..., portalUrl=https://portal.ciris.ai
04-06 18:19:43.822 D/EnvFileUpdater(32191): Found CIRIS_HOME from env: /data/user/0/ai.ciris.mobile.debug/files/ciris
04-06 18:19:53.824 D/EnvFileUpdater(32191): Found CIRIS_HOME from env: /data/user/0/ai.ciris.mobile.debug/files/ciris
04-06 18:20:03.827 D/EnvFileUpdater(32191): Found CIRIS_HOME from env: /data/user/0/ai.ciris.mobile.debug/files/ciris
04-06 18:20:13.830 D/EnvFileUpdater(32191): Found CIRIS_HOME from env: /data/user/0/ai.ciris.mobile.debug/files/ciris
04-06 18:20:23.833 D/EnvFileUpdater(32191): Found CIRIS_HOME from env: /data/user/0/ai.ciris.mobile.debug/files/ciris
04-06 18:20:33.836 D/EnvFileUpdater(32191): Found CIRIS_HOME from env: /data/user/0/ai.ciris.mobile.debug/files/ciris
04-06 18:20:43.839 D/EnvFileUpdater(32191): Found CIRIS_HOME from env: /data/user/0/ai.ciris.mobile.debug/files/ciris
04-06 18:20:53.843 D/EnvFileUpdater(32191): Found CIRIS_HOME from env: /data/user/0/ai.ciris.mobile.debug/files/ciris
04-06 18:21:03.845 D/EnvFileUpdater(32191): Found CIRIS_HOME from env: /data/user/0/ai.ciris.mobile.debug/files/ciris
04-06 18:21:13.847 D/EnvFileUpdater(32191): Found CIRIS_HOME from env: /data/user/0/ai.ciris.mobile.debug/files/ciris
04-06 18:21:23.850 D/EnvFileUpdater(32191): Found CIRIS_HOME from env: /data/user/0/ai.ciris.mobile.debug/files/ciris
04-06 18:21:33.853 D/EnvFileUpdater(32191): Found CIRIS_HOME from env: /data/user/0/ai.ciris.mobile.debug/files/ciris
04-06 18:21:43.855 D/EnvFileUpdater(32191): Found CIRIS_HOME from env: /data/user/0/ai.ciris.mobile.debug/files/ciris
04-06 18:21:53.857 D/EnvFileUpdater(32191): Found CIRIS_HOME from env: /data/user/0/ai.ciris.mobile.debug/files/ciris
04-06 18:22:03.860 D/EnvFileUpdater(32191): Found CIRIS_HOME from env: /data/user/0/ai.ciris.mobile.debug/files/ciris
04-06 18:22:07.602 I/chromium(30649): [INFO:render_frame_host_impl.cc(5780)] BFCACHELOG  Eviction  reason = No: timeout
04-06 18:22:07.701 I/chromium( 1580): [INFO:render_frame_impl.cc(5114)] LoaderLog didStopLoading
04-06 18:22:07.702 I/chromium( 1580): [INFO:layer_tree_host_impl.cc(4001)] SBRTOUCHLOG SetDeferCommitFlagForDebug = 1
04-06 18:22:07.715 I/chromium(30649): [INFO:render_process_host_impl.cc(4491)] [Renderer][Exit] ChildProcessLauncher::OnChildProcessDied called through JNI pid = 1664, renderer_id =0
04-06 18:22:07.724 I/chromium(30649): [INFO:render_process_host_impl.cc(4491)] [Renderer][Exit] ChildProcessLauncher::OnChildProcessDied called through JNI pid = 1580, renderer_id =0
04-06 18:22:13.864 D/EnvFileUpdater(32191): Found CIRIS_HOME from env: /data/user/0/ai.ciris.mobile.debug/files/ciris
04-06 18:22:23.866 D/EnvFileUpdater(32191): Found CIRIS_HOME from env: /data/user/0/ai.ciris.mobile.debug/files/ciris
04-06 18:22:33.868 D/EnvFileUpdater(32191): Found CIRIS_HOME from env: /data/user/0/ai.ciris.mobile.debug/files/ciris
04-06 18:22:37.651 I/chromium(30649): [INFO:render_process_host_impl.cc(4491)] [Renderer][Exit] ChildProcessLauncher::OnChildProcessDied called through JNI pid = 1621, renderer_id =0
04-06 18:22:43.869 D/EnvFileUpdater(32191): Found CIRIS_HOME from env: /data/user/0/ai.ciris.mobile.debug/files/ciris
04-06 18:22:53.870 D/EnvFileUpdater(32191): Found CIRIS_HOME from env: /data/user/0/ai.ciris.mobile.debug/files/ciris
04-06 18:23:03.872 D/EnvFileUpdater(32191): Found CIRIS_HOME from env: /data/user/0/ai.ciris.mobile.debug/files/ciris
04-06 18:23:09.373 I/MainActivity( 2231): Initializing Python runtime...
04-06 18:23:10.786 I/MainActivity( 2231): Python runtime started
04-06 18:23:10.788 I/MainActivity( 2231): Localization resource loader initialized
04-06 18:23:11.154 I/MainActivity( 2231): Google Sign-In initialized with client ID: 265882853697-l421ndo...
04-06 18:23:11.154 I/MainActivity( 2231): Initializing Google Play Billing...
04-06 18:23:11.279 I/CIRISApiClient( 2231): [init] CIRISApiClient initialized with baseUrl=http://localhost:8080
04-06 18:23:11.320 I/MainActivity( 2231): Google Play Billing initialized
04-06 18:23:11.327 I/MainActivity( 2231): Google Play Integrity initialized (via Python API)
04-06 18:23:11.830 I/MainActivity( 2231): Running CIRIS network diagnostics...
04-06 18:23:11.832 I/python.stdout( 2231): ============================================================
04-06 18:23:11.832 I/python.stdout( 2231): PYDANTIC_CORE NATIVE LIBRARY SETUP
04-06 18:23:11.832 I/python.stdout( 2231): ============================================================
04-06 18:23:11.833 I/python.stdout( 2231): [1/6] Architecture: armeabi-v7a (machine=armv8l)
04-06 18:23:11.833 I/python.stdout( 2231): [2/6] Extract target: /data/data/ai.ciris.mobile.debug/files/chaquopy/extract-packages
04-06 18:23:11.839 I/python.stdout( 2231): [3/6] Found existing .so: _pydantic_core.cpython-310-arm-linux-androideabi.so
04-06 18:23:11.839 I/python.stdout( 2231): [4/6] No cached modules to clear
04-06 18:23:11.840 I/python.stdout( 2231): [5/6] sys.path[0] = /data/data/ai.ciris.mobile.debug/files/chaquopy/extract-packages
04-06 18:23:11.840 I/python.stdout( 2231): [5/6] Installed PydanticCoreFinder at meta_path[0]
04-06 18:23:11.841 I/python.stdout( 2231): [6/6] Testing native library load...
04-06 18:23:11.842 I/MainActivity( 2231): Showing CIRISApp immediately for startup animation
04-06 18:23:11.842 I/MainActivity( 2231): PythonRuntimeService already running
04-06 18:23:11.844 I/MainActivity( 2231): Starting logcat reader (generation 1)
04-06 18:23:11.860 I/python.stdout( 2231): [6/6] ctypes.CDLL: SUCCESS
04-06 18:23:11.860 W/python.stderr( 2231): <frozen importlib._bootstrap>:914: ImportWarning: PydanticCoreFinder.find_spec() not found; falling back to find_module()
04-06 18:23:11.861 D/CIRISApp( 2231): [INIT] CIRISApp composable invoked - googleSignInCallback=PRESENT (224979203)
04-06 18:23:11.861 W/python.stderr( 2231): <frozen importlib._bootstrap>:671: ImportWarning: PydanticCoreFinder.exec_module() not found; falling back to load_module()
04-06 18:23:11.911 I/CIRISApiClient( 2231): [init] CIRISApiClient initialized with baseUrl=http://localhost:8080
04-06 18:23:11.937 I/TokenManager( 2231): [setShared] Shared TokenManager instance set
04-06 18:23:11.973 I/InteractViewModel( 2231): [init] InteractViewModel initialized (polling deferred until token available)
04-06 18:23:11.975 I/InteractViewModel( 2231): [setDeviceAttestationCallback] Device attestation callback SET
04-06 18:23:11.977 I/InteractViewModel( 2231): [observeLanguageChanges] Starting language observation for pipeline localization
04-06 18:23:11.992 I/SettingsViewModel( 2231): [loadDisplaySettings] >>> Loading live_background_enabled from secure storage...
04-06 18:23:12.010 I/BillingViewModel( 2231): [init] BillingViewModel initialized
04-06 18:23:12.031 I/python.stdout( 2231): [6/6] import pydantic_core: SUCCESS (v2.23.4)
04-06 18:23:12.032 I/python.stdout( 2231): [6/6] Location: /data/data/ai.ciris.mobile.debug/files/chaquopy/extract-packages/pydantic_core/__init__.py
04-06 18:23:12.032 I/python.stdout( 2231): ============================================================
04-06 18:23:12.032 I/python.stdout( 2231): PYDANTIC_CORE READY
04-06 18:23:12.032 I/python.stdout( 2231): ============================================================
04-06 18:23:12.034 D/MainActivity( 2231): Prep step 6/6: [6/6] import pydantic_core: SUCCESS (v2.23.4)
04-06 18:23:12.034 D/MainActivity( 2231): Prep step 6/6: [6/6] Location: /data/data/ai.ciris.mobile.debug/files/chaquopy/extract-packages/pydantic_core/__init__.py
04-06 18:23:12.035 I/python.stdout( 2231): INFO: mobile_main: CIRIS Mobile - Full On-Device Runtime (LLM Remote)
04-06 18:23:12.666 I/CIRISApp( 2231): Test mode enabled on mobile — starting test automation server
04-06 18:23:12.668 I/CIRISApp( 2231): Initializing localization...
04-06 18:23:12.679 I/MainActivity( 2231): Setting purchase result callback
04-06 18:23:12.825 I/CIRISApp( 2231): Initializing currency...
04-06 18:23:12.859 D/CIRISApp( 2231): [INIT] CIRISApp composable invoked - googleSignInCallback=PRESENT (224979203)
04-06 18:23:12.868 I/InteractViewModel( 2231): [setDeviceAttestationCallback] Device attestation callback SET
04-06 18:23:13.176 I/InteractViewModel( 2231): [observeLanguageChanges] Updating pipeline labels for language: en (explicit=false)
04-06 18:23:13.185 I/SettingsViewModel( 2231): [loadDisplaySettings] >>> Raw value='null', parsed=true
04-06 18:23:13.188 I/SettingsViewModel( 2231): [loadDisplaySettings] >>> Live background state set to: true
04-06 18:23:13.289 D/CIRISApp( 2231): [INIT] CIRISApp composable invoked - googleSignInCallback=PRESENT (224979203)
04-06 18:23:13.293 I/InteractViewModel( 2231): [setDeviceAttestationCallback] Device attestation callback SET
04-06 18:23:13.491 I/SettingsViewModel( 2231): [loadDisplaySettings] >>> Color theme loaded: VAPOR
04-06 18:23:13.650 I/SettingsViewModel( 2231): [loadDisplaySettings] >>> Brightness preference loaded: SYSTEM
04-06 18:23:13.662 E/CIRISApiClient( 2231): [getSystemStatus] Exception: ConnectException: Failed to connect to localhost/127.0.0.1:8080 | Context: url=http://localhost:8080
04-06 18:23:13.662 E/CIRISApiClient( 2231): java.net.ConnectException: Failed to connect to localhost/127.0.0.1:8080
04-06 18:23:13.662 E/CIRISApiClient( 2231): 	at okhttp3.internal.connection.RealConnection.connectSocket(RealConnection.kt:297)
04-06 18:23:13.662 E/CIRISApiClient( 2231): 	at okhttp3.internal.connection.RealConnection.connect(RealConnection.kt:207)
04-06 18:23:13.662 E/CIRISApiClient( 2231): 	at okhttp3.internal.connection.ExchangeFinder.findConnection(ExchangeFinder.kt:226)
04-06 18:23:13.662 E/CIRISApiClient( 2231): 	at okhttp3.internal.connection.ExchangeFinder.findHealthyConnection(ExchangeFinder.kt:106)
04-06 18:23:13.662 E/CIRISApiClient( 2231): 	at okhttp3.internal.connection.ExchangeFinder.find(ExchangeFinder.kt:74)
04-06 18:23:13.662 E/CIRISApiClient( 2231): 	at okhttp3.internal.connection.RealCall.initExchange$okhttp(RealCall.kt:255)
04-06 18:23:13.662 E/CIRISApiClient( 2231): 	at okhttp3.internal.connection.ConnectInterceptor.intercept(ConnectInterceptor.kt:32)
04-06 18:23:13.662 E/CIRISApiClient( 2231): 	at okhttp3.internal.http.RealInterceptorChain.proceed(RealInterceptorChain.kt:109)
04-06 18:23:13.662 E/CIRISApiClient( 2231): 	at okhttp3.internal.cache.CacheInterceptor.intercept(CacheInterceptor.kt:95)
04-06 18:23:13.662 E/CIRISApiClient( 2231): 	at okhttp3.internal.http.RealInterceptorChain.proceed(RealInterceptorChain.kt:109)
04-06 18:23:13.662 E/CIRISApiClient( 2231): 	at okhttp3.internal.http.BridgeInterceptor.intercept(BridgeInterceptor.kt:83)
04-06 18:23:13.662 E/CIRISApiClient( 2231): 	at okhttp3.internal.http.RealInterceptorChain.proceed(RealInterceptorChain.kt:109)
04-06 18:23:13.662 E/CIRISApiClient( 2231): 	at okhttp3.internal.http.RetryAndFollowUpInterceptor.intercept(RetryAndFollowUpInterceptor.kt:76)
04-06 18:23:13.662 E/CIRISApiClient( 2231): 	at okhttp3.internal.http.RealInterceptorChain.proceed(RealInterceptorChain.kt:109)
04-06 18:23:13.662 E/CIRISApiClient( 2231): 	at okhttp3.internal.connection.RealCall.getResponseWithInterceptorChain$okhttp(RealCall.kt:201)
04-06 18:23:13.662 E/CIRISApiClient( 2231): 	at okhttp3.internal.connection.RealCall$AsyncCall.run(RealCall.kt:517)
04-06 18:23:13.662 E/CIRISApiClient( 2231): 	at java.util.concurrent.ThreadPoolExecutor.runWorker(ThreadPoolExecutor.java:1133)
04-06 18:23:13.662 E/CIRISApiClient( 2231): 	at java.util.concurrent.ThreadPoolExecutor$Worker.run(ThreadPoolExecutor.java:607)
04-06 18:23:13.662 E/CIRISApiClient( 2231): 	at java.lang.Thread.run(Thread.java:762)
04-06 18:23:13.662 E/CIRISApiClient( 2231): Caused by: java.net.ConnectException: Connection refused
04-06 18:23:13.662 E/CIRISApiClient( 2231): 	at java.net.PlainSocketImpl.socketConnect(Native Method)
04-06 18:23:13.662 E/CIRISApiClient( 2231): 	at java.net.AbstractPlainSocketImpl.doConnect(AbstractPlainSocketImpl.java:334)
04-06 18:23:13.662 E/CIRISApiClient( 2231): 	at java.net.AbstractPlainSocketImpl.connectToAddress(AbstractPlainSocketImpl.java:196)
04-06 18:23:13.662 E/CIRISApiClient( 2231): 	at java.net.AbstractPlainSocketImpl.connect(AbstractPlainSocketImpl.java:178)
04-06 18:23:13.662 E/CIRISApiClient( 2231): 	at java.net.SocksSocketImpl.connect(SocksSocketImpl.java:356)
04-06 18:23:13.662 E/CIRISApiClient( 2231): 	at java.net.Socket.connect(Socket.java:605)
04-06 18:23:13.662 E/CIRISApiClient( 2231): 	at okhttp3.internal.platform.AndroidPlatform.connectSocket(AndroidPlatform.kt:63)
04-06 18:23:13.662 E/CIRISApiClient( 2231): 	at okhttp3.internal.connection.RealConnection.connectSocket(RealConnection.kt:295)
04-06 18:23:13.662 E/CIRISApiClient( 2231): 	... 18 more
04-06 18:23:16.620 D/CIRISApp( 2231): [INIT] CIRISApp composable invoked - googleSignInCallback=PRESENT (224979203)
04-06 18:23:16.628 I/InteractViewModel( 2231): [setDeviceAttestationCallback] Device attestation callback SET
04-06 18:23:18.724 E/CIRISApiClient( 2231): [getSystemStatus] Exception: ConnectException: Failed to connect to localhost/127.0.0.1:8080 | Context: url=http://localhost:8080
04-06 18:23:18.724 E/CIRISApiClient( 2231): java.net.ConnectException: Failed to connect to localhost/127.0.0.1:8080
04-06 18:23:18.724 E/CIRISApiClient( 2231): 	at okhttp3.internal.connection.RealConnection.connectSocket(RealConnection.kt:297)
04-06 18:23:18.724 E/CIRISApiClient( 2231): 	at okhttp3.internal.connection.RealConnection.connect(RealConnection.kt:207)
04-06 18:23:18.724 E/CIRISApiClient( 2231): 	at okhttp3.internal.connection.ExchangeFinder.findConnection(ExchangeFinder.kt:226)
04-06 18:23:18.724 E/CIRISApiClient( 2231): 	at okhttp3.internal.connection.ExchangeFinder.findHealthyConnection(ExchangeFinder.kt:106)
04-06 18:23:18.724 E/CIRISApiClient( 2231): 	at okhttp3.internal.connection.ExchangeFinder.find(ExchangeFinder.kt:74)
04-06 18:23:18.724 E/CIRISApiClient( 2231): 	at okhttp3.internal.connection.RealCall.initExchange$okhttp(RealCall.kt:255)
04-06 18:23:18.724 E/CIRISApiClient( 2231): 	at okhttp3.internal.connection.ConnectInterceptor.intercept(ConnectInterceptor.kt:32)
04-06 18:23:18.724 E/CIRISApiClient( 2231): 	at okhttp3.internal.http.RealInterceptorChain.proceed(RealInterceptorChain.kt:109)
04-06 18:23:18.724 E/CIRISApiClient( 2231): 	at okhttp3.internal.cache.CacheInterceptor.intercept(CacheInterceptor.kt:95)
04-06 18:23:18.724 E/CIRISApiClient( 2231): 	at okhttp3.internal.http.RealInterceptorChain.proceed(RealInterceptorChain.kt:109)
04-06 18:23:18.724 E/CIRISApiClient( 2231): 	at okhttp3.internal.http.BridgeInterceptor.intercept(BridgeInterceptor.kt:83)
04-06 18:23:18.724 E/CIRISApiClient( 2231): 	at okhttp3.internal.http.RealInterceptorChain.proceed(RealInterceptorChain.kt:109)
04-06 18:23:18.724 E/CIRISApiClient( 2231): 	at okhttp3.internal.http.RetryAndFollowUpInterceptor.intercept(RetryAndFollowUpInterceptor.kt:76)
04-06 18:23:18.724 E/CIRISApiClient( 2231): 	at okhttp3.internal.http.RealInterceptorChain.proceed(RealInterceptorChain.kt:109)
04-06 18:23:18.724 E/CIRISApiClient( 2231): 	at okhttp3.internal.connection.RealCall.getResponseWithInterceptorChain$okhttp(RealCall.kt:201)
04-06 18:23:18.724 E/CIRISApiClient( 2231): 	at okhttp3.internal.connection.RealCall$AsyncCall.run(RealCall.kt:517)
04-06 18:23:18.724 E/CIRISApiClient( 2231): 	at java.util.concurrent.ThreadPoolExecutor.runWorker(ThreadPoolExecutor.java:1133)
04-06 18:23:18.724 E/CIRISApiClient( 2231): 	at java.util.concurrent.ThreadPoolExecutor$Worker.run(ThreadPoolExecutor.java:607)
04-06 18:23:18.724 E/CIRISApiClient( 2231): 	at java.lang.Thread.run(Thread.java:762)
04-06 18:23:18.724 E/CIRISApiClient( 2231): Caused by: java.net.ConnectException: Connection refused
04-06 18:23:18.724 E/CIRISApiClient( 2231): 	at java.net.PlainSocketImpl.socketConnect(Native Method)
04-06 18:23:18.724 E/CIRISApiClient( 2231): 	at java.net.AbstractPlainSocketImpl.doConnect(AbstractPlainSocketImpl.java:334)
04-06 18:23:18.724 E/CIRISApiClient( 2231): 	at java.net.AbstractPlainSocketImpl.connectToAddress(AbstractPlainSocketImpl.java:196)
04-06 18:23:18.724 E/CIRISApiClient( 2231): 	at java.net.AbstractPlainSocketImpl.connect(AbstractPlainSocketImpl.java:178)
04-06 18:23:18.724 E/CIRISApiClient( 2231): 	at java.net.SocksSocketImpl.connect(SocksSocketImpl.java:356)
04-06 18:23:18.724 E/CIRISApiClient( 2231): 	at java.net.Socket.connect(Socket.java:605)
04-06 18:23:18.724 E/CIRISApiClient( 2231): 	at okhttp3.internal.platform.AndroidPlatform.connectSocket(AndroidPlatform.kt:63)
04-06 18:23:18.724 E/CIRISApiClient( 2231): 	at okhttp3.internal.connection.RealConnection.connectSocket(RealConnection.kt:295)
04-06 18:23:18.724 E/CIRISApiClient( 2231): 	... 18 more
04-06 18:23:19.122 D/CIRISApp( 2231): [INIT] CIRISApp composable invoked - googleSignInCallback=PRESENT (224979203)
04-06 18:23:19.125 I/InteractViewModel( 2231): [setDeviceAttestationCallback] Device attestation callback SET
04-06 18:23:20.189 I/python.stdout( 2231): INFO: ciris_engine.logic.utils.constants: [ACCORD] Loaded accord_1.2b_POLYGLOT.txt: 63819 chars
04-06 18:23:20.191 I/python.stdout( 2231): INFO: ciris_engine.logic.utils.constants: [ACCORD] ACCORD_TEXT ready: 63819 chars total
04-06 18:23:20.192 I/python.stdout( 2231): INFO: ciris_engine.logic.utils.constants: [ACCORD] Loaded accord_1.2b_POLYGLOT_compressed.txt: 7338 chars
04-06 18:23:20.193 I/python.stdout( 2231): INFO: ciris_engine.logic.utils.constants: [ACCORD] Active mode: compressed (set via CIRIS_ACCORD_MODE env var)
04-06 18:23:20.193 I/python.stdout( 2231): INFO: ciris_engine.logic.utils.constants: [ACCORD] Using compressed polyglot (~7338 chars) for system prompts
04-06 18:23:21.616 I/InteractViewModel( 2231): [observeLanguageChanges] Updating pipeline labels for language: en (explicit=false)
04-06 18:23:21.631 D/CIRISApp( 2231): [INIT] CIRISApp composable invoked - googleSignInCallback=PRESENT (224979203)
04-06 18:23:21.634 I/InteractViewModel( 2231): [setDeviceAttestationCallback] Device attestation callback SET
04-06 18:23:22.368 I/MainActivity( 2231): Network diagnostics completed
04-06 18:23:22.679 D/EnvFileUpdater( 2231): Found CIRIS_HOME from env: /data/user/0/ai.ciris.mobile.debug/files/ciris
04-06 18:23:23.782 E/CIRISApiClient( 2231): [getSystemStatus] Exception: ConnectException: Failed to connect to localhost/127.0.0.1:8080 | Context: url=http://localhost:8080
04-06 18:23:23.782 E/CIRISApiClient( 2231): java.net.ConnectException: Failed to connect to localhost/127.0.0.1:8080
04-06 18:23:23.782 E/CIRISApiClient( 2231): 	at okhttp3.internal.connection.RealConnection.connectSocket(RealConnection.kt:297)
04-06 18:23:23.782 E/CIRISApiClient( 2231): 	at okhttp3.internal.connection.RealConnection.connect(RealConnection.kt:207)
04-06 18:23:23.782 E/CIRISApiClient( 2231): 	at okhttp3.internal.connection.ExchangeFinder.findConnection(ExchangeFinder.kt:226)
04-06 18:23:23.782 E/CIRISApiClient( 2231): 	at okhttp3.internal.connection.ExchangeFinder.findHealthyConnection(ExchangeFinder.kt:106)
04-06 18:23:23.782 E/CIRISApiClient( 2231): 	at okhttp3.internal.connection.ExchangeFinder.find(ExchangeFinder.kt:74)
04-06 18:23:23.782 E/CIRISApiClient( 2231): 	at okhttp3.internal.connection.RealCall.initExchange$okhttp(RealCall.kt:255)
04-06 18:23:23.782 E/CIRISApiClient( 2231): 	at okhttp3.internal.connection.ConnectInterceptor.intercept(ConnectInterceptor.kt:32)
04-06 18:23:23.782 E/CIRISApiClient( 2231): 	at okhttp3.internal.http.RealInterceptorChain.proceed(RealInterceptorChain.kt:109)
04-06 18:23:23.782 E/CIRISApiClient( 2231): 	at okhttp3.internal.cache.CacheInterceptor.intercept(CacheInterceptor.kt:95)
04-06 18:23:23.782 E/CIRISApiClient( 2231): 	at okhttp3.internal.http.RealInterceptorChain.proceed(RealInterceptorChain.kt:109)
04-06 18:23:23.782 E/CIRISApiClient( 2231): 	at okhttp3.internal.http.BridgeInterceptor.intercept(BridgeInterceptor.kt:83)
04-06 18:23:23.782 E/CIRISApiClient( 2231): 	at okhttp3.internal.http.RealInterceptorChain.proceed(RealInterceptorChain.kt:109)
04-06 18:23:23.782 E/CIRISApiClient( 2231): 	at okhttp3.internal.http.RetryAndFollowUpInterceptor.intercept(RetryAndFollowUpInterceptor.kt:76)
04-06 18:23:23.782 E/CIRISApiClient( 2231): 	at okhttp3.internal.http.RealInterceptorChain.proceed(RealInterceptorChain.kt:109)
04-06 18:23:23.782 E/CIRISApiClient( 2231): 	at okhttp3.internal.connection.RealCall.getResponseWithInterceptorChain$okhttp(RealCall.kt:201)
04-06 18:23:23.782 E/CIRISApiClient( 2231): 	at okhttp3.internal.connection.RealCall$AsyncCall.run(RealCall.kt:517)
04-06 18:23:23.782 E/CIRISApiClient( 2231): 	at java.util.concurrent.ThreadPoolExecutor.runWorker(ThreadPoolExecutor.java:1133)
04-06 18:23:23.782 E/CIRISApiClient( 2231): 	at java.util.concurrent.ThreadPoolExecutor$Worker.run(ThreadPoolExecutor.java:607)
04-06 18:23:23.782 E/CIRISApiClient( 2231): 	at java.lang.Thread.run(Thread.java:762)
04-06 18:23:23.782 E/CIRISApiClient( 2231): Caused by: java.net.ConnectException: Connection refused
04-06 18:23:23.782 E/CIRISApiClient( 2231): 	at java.net.PlainSocketImpl.socketConnect(Native Method)
04-06 18:23:23.782 E/CIRISApiClient( 2231): 	at java.net.AbstractPlainSocketImpl.doConnect(AbstractPlainSocketImpl.java:334)
04-06 18:23:23.782 E/CIRISApiClient( 2231): 	at java.net.AbstractPlainSocketImpl.connectToAddress(AbstractPlainSocketImpl.java:196)
04-06 18:23:23.782 E/CIRISApiClient( 2231): 	at java.net.AbstractPlainSocketImpl.connect(AbstractPlainSocketImpl.java:178)
04-06 18:23:23.782 E/CIRISApiClient( 2231): 	at java.net.SocksSocketImpl.connect(SocksSocketImpl.java:356)
04-06 18:23:23.782 E/CIRISApiClient( 2231): 	at java.net.Socket.connect(Socket.java:605)
04-06 18:23:23.782 E/CIRISApiClient( 2231): 	at okhttp3.internal.platform.AndroidPlatform.connectSocket(AndroidPlatform.kt:63)
04-06 18:23:23.782 E/CIRISApiClient( 2231): 	at okhttp3.internal.connection.RealConnection.connectSocket(RealConnection.kt:295)
04-06 18:23:23.782 E/CIRISApiClient( 2231): 	... 18 more
04-06 18:23:23.794 W/python.stderr( 2231): stdlib/enum.py:289: DeprecationWarning: FUNCTIONS is deprecated and will be removed in future versions
04-06 18:23:24.135 D/CIRISApp( 2231): [INIT] CIRISApp composable invoked - googleSignInCallback=PRESENT (224979203)
04-06 18:23:24.138 I/InteractViewModel( 2231): [setDeviceAttestationCallback] Device attestation callback SET
04-06 18:23:25.825 I/python.stdout( 2231): INFO: ciris_engine.logic.utils.path_resolution: [path_resolution] CIRIS_HOME configured: /data/data/ai.ciris.mobile.debug/files/ciris (platform: Android, os: linux)
04-06 18:23:25.828 I/python.stdout( 2231): INFO: mobile_main: Android paths: CIRIS_HOME=/data/data/ai.ciris.mobile.debug/files/ciris, data=/data/data/ai.ciris.mobile.debug/files/ciris/data, logs=/data/data/ai.ciris.mobile.debug/files/ciris/logs
04-06 18:23:25.828 I/python.stdout( 2231): INFO: mobile_main: No .env file at /data/data/ai.ciris.mobile.debug/files/ciris/.env - is_first_run() will detect this
04-06 18:23:25.829 I/python.stdout( 2231): INFO: mobile_main: Verifying code integrity (parallel with imports)...
04-06 18:23:25.855 I/python.stdout( 2231): [7/8] Hashing ciris_engine...
04-06 18:23:25.860 D/MainActivity( 2231): Prep step 7/8: [7/8] Hashing ciris_engine...
04-06 18:23:26.648 D/CIRISApp( 2231): [INIT] CIRISApp composable invoked - googleSignInCallback=PRESENT (224979203)
04-06 18:23:26.651 I/InteractViewModel( 2231): [setDeviceAttestationCallback] Device attestation callback SET
04-06 18:23:26.949 I/python.stdout( 2231): [7/8] ciris_engine: 701 files hashed
04-06 18:23:26.949 I/python.stdout( 2231): [8/8] Hashing ciris_adapters...
04-06 18:23:26.952 D/MainActivity( 2231): Prep step 7/8: [7/8] ciris_engine: 701 files hashed
04-06 18:23:26.959 D/MainActivity( 2231): Prep step 8/8: [8/8] Hashing ciris_adapters...
04-06 18:23:28.381 I/python.stdout( 2231): [8/8] ciris_adapters: 256 files hashed
04-06 18:23:28.388 D/MainActivity( 2231): Prep step 8/8: [8/8] ciris_adapters: 256 files hashed
04-06 18:23:28.396 I/python.stdout( 2231): INFO: mobile_main: Code integrity check: 957/957 files hashed, total_hash=c8f581e891820c55...
04-06 18:23:28.549 I/python.stdout( 2231): INFO: mobile_main: Saved 957 module hashes to /data/data/ai.ciris.mobile.debug/files/ciris/startup_python_hashes.json
04-06 18:23:28.833 E/CIRISApiClient( 2231): [getSystemStatus] Exception: ConnectException: Failed to connect to localhost/127.0.0.1:8080 | Context: url=http://localhost:8080
04-06 18:23:28.833 E/CIRISApiClient( 2231): java.net.ConnectException: Failed to connect to localhost/127.0.0.1:8080
04-06 18:23:28.833 E/CIRISApiClient( 2231): 	at okhttp3.internal.connection.RealConnection.connectSocket(RealConnection.kt:297)
04-06 18:23:28.833 E/CIRISApiClient( 2231): 	at okhttp3.internal.connection.RealConnection.connect(RealConnection.kt:207)
04-06 18:23:28.833 E/CIRISApiClient( 2231): 	at okhttp3.internal.connection.ExchangeFinder.findConnection(ExchangeFinder.kt:226)
04-06 18:23:28.833 E/CIRISApiClient( 2231): 	at okhttp3.internal.connection.ExchangeFinder.findHealthyConnection(ExchangeFinder.kt:106)
04-06 18:23:28.833 E/CIRISApiClient( 2231): 	at okhttp3.internal.connection.ExchangeFinder.find(ExchangeFinder.kt:74)
04-06 18:23:28.833 E/CIRISApiClient( 2231): 	at okhttp3.internal.connection.RealCall.initExchange$okhttp(RealCall.kt:255)
04-06 18:23:28.833 E/CIRISApiClient( 2231): 	at okhttp3.internal.connection.ConnectInterceptor.intercept(ConnectInterceptor.kt:32)
04-06 18:23:28.833 E/CIRISApiClient( 2231): 	at okhttp3.internal.http.RealInterceptorChain.proceed(RealInterceptorChain.kt:109)
04-06 18:23:28.833 E/CIRISApiClient( 2231): 	at okhttp3.internal.cache.CacheInterceptor.intercept(CacheInterceptor.kt:95)
04-06 18:23:28.833 E/CIRISApiClient( 2231): 	at okhttp3.internal.http.RealInterceptorChain.proceed(RealInterceptorChain.kt:109)
04-06 18:23:28.833 E/CIRISApiClient( 2231): 	at okhttp3.internal.http.BridgeInterceptor.intercept(BridgeInterceptor.kt:83)
04-06 18:23:28.833 E/CIRISApiClient( 2231): 	at okhttp3.internal.http.RealInterceptorChain.proceed(RealInterceptorChain.kt:109)
04-06 18:23:28.833 E/CIRISApiClient( 2231): 	at okhttp3.internal.http.RetryAndFollowUpInterceptor.intercept(RetryAndFollowUpInterceptor.kt:76)
04-06 18:23:28.833 E/CIRISApiClient( 2231): 	at okhttp3.internal.http.RealInterceptorChain.proceed(RealInterceptorChain.kt:109)
04-06 18:23:28.833 E/CIRISApiClient( 2231): 	at okhttp3.internal.connection.RealCall.getResponseWithInterceptorChain$okhttp(RealCall.kt:201)
04-06 18:23:28.833 E/CIRISApiClient( 2231): 	at okhttp3.internal.connection.RealCall$AsyncCall.run(RealCall.kt:517)
04-06 18:23:28.833 E/CIRISApiClient( 2231): 	at java.util.concurrent.ThreadPoolExecutor.runWorker(ThreadPoolExecutor.java:1133)
04-06 18:23:28.833 E/CIRISApiClient( 2231): 	at java.util.concurrent.ThreadPoolExecutor$Worker.run(ThreadPoolExecutor.java:607)
04-06 18:23:28.833 E/CIRISApiClient( 2231): 	at java.lang.Thread.run(Thread.java:762)
04-06 18:23:28.833 E/CIRISApiClient( 2231): Caused by: java.net.ConnectException: Connection refused
04-06 18:23:28.833 E/CIRISApiClient( 2231): 	at java.net.PlainSocketImpl.socketConnect(Native Method)
04-06 18:23:28.833 E/CIRISApiClient( 2231): 	at java.net.AbstractPlainSocketImpl.doConnect(AbstractPlainSocketImpl.java:334)
04-06 18:23:28.833 E/CIRISApiClient( 2231): 	at java.net.AbstractPlainSocketImpl.connectToAddress(AbstractPlainSocketImpl.java:196)
04-06 18:23:28.833 E/CIRISApiClient( 2231): 	at java.net.AbstractPlainSocketImpl.connect(AbstractPlainSocketImpl.java:178)
04-06 18:23:28.833 E/CIRISApiClient( 2231): 	at java.net.SocksSocketImpl.connect(SocksSocketImpl.java:356)
04-06 18:23:28.833 E/CIRISApiClient( 2231): 	at java.net.Socket.connect(Socket.java:605)
04-06 18:23:28.833 E/CIRISApiClient( 2231): 	at okhttp3.internal.platform.AndroidPlatform.connectSocket(AndroidPlatform.kt:63)
04-06 18:23:28.833 E/CIRISApiClient( 2231): 	at okhttp3.internal.connection.RealConnection.connectSocket(RealConnection.kt:295)
04-06 18:23:28.833 E/CIRISApiClient( 2231): 	... 18 more
04-06 18:23:29.151 D/CIRISApp( 2231): [INIT] CIRISApp composable invoked - googleSignInCallback=PRESENT (224979203)
04-06 18:23:29.153 I/InteractViewModel( 2231): [setDeviceAttestationCallback] Device attestation callback SET
04-06 18:23:31.654 D/CIRISApp( 2231): [INIT] CIRISApp composable invoked - googleSignInCallback=PRESENT (224979203)
04-06 18:23:31.655 I/InteractViewModel( 2231): [setDeviceAttestationCallback] Device attestation callback SET
04-06 18:23:32.681 D/EnvFileUpdater( 2231): Found CIRIS_HOME from env: /data/user/0/ai.ciris.mobile.debug/files/ciris
04-06 18:23:33.875 E/CIRISApiClient( 2231): [getSystemStatus] Exception: ConnectException: Failed to connect to localhost/127.0.0.1:8080 | Context: url=http://localhost:8080
04-06 18:23:33.875 E/CIRISApiClient( 2231): java.net.ConnectException: Failed to connect to localhost/127.0.0.1:8080
04-06 18:23:33.875 E/CIRISApiClient( 2231): 	at okhttp3.internal.connection.RealConnection.connectSocket(RealConnection.kt:297)
04-06 18:23:33.875 E/CIRISApiClient( 2231): 	at okhttp3.internal.connection.RealConnection.connect(RealConnection.kt:207)
04-06 18:23:33.875 E/CIRISApiClient( 2231): 	at okhttp3.internal.connection.ExchangeFinder.findConnection(ExchangeFinder.kt:226)
04-06 18:23:33.875 E/CIRISApiClient( 2231): 	at okhttp3.internal.connection.ExchangeFinder.findHealthyConnection(ExchangeFinder.kt:106)
04-06 18:23:33.875 E/CIRISApiClient( 2231): 	at okhttp3.internal.connection.ExchangeFinder.find(ExchangeFinder.kt:74)
04-06 18:23:33.875 E/CIRISApiClient( 2231): 	at okhttp3.internal.connection.RealCall.initExchange$okhttp(RealCall.kt:255)
04-06 18:23:33.875 E/CIRISApiClient( 2231): 	at okhttp3.internal.connection.ConnectInterceptor.intercept(ConnectInterceptor.kt:32)
04-06 18:23:33.875 E/CIRISApiClient( 2231): 	at okhttp3.internal.http.RealInterceptorChain.proceed(RealInterceptorChain.kt:109)
04-06 18:23:33.875 E/CIRISApiClient( 2231): 	at okhttp3.internal.cache.CacheInterceptor.intercept(CacheInterceptor.kt:95)
04-06 18:23:33.875 E/CIRISApiClient( 2231): 	at okhttp3.internal.http.RealInterceptorChain.proceed(RealInterceptorChain.kt:109)
04-06 18:23:33.875 E/CIRISApiClient( 2231): 	at okhttp3.internal.http.BridgeInterceptor.intercept(BridgeInterceptor.kt:83)
04-06 18:23:33.875 E/CIRISApiClient( 2231): 	at okhttp3.internal.http.RealInterceptorChain.proceed(RealInterceptorChain.kt:109)
04-06 18:23:33.875 E/CIRISApiClient( 2231): 	at okhttp3.internal.http.RetryAndFollowUpInterceptor.intercept(RetryAndFollowUpInterceptor.kt:76)
04-06 18:23:33.875 E/CIRISApiClient( 2231): 	at okhttp3.internal.http.RealInterceptorChain.proceed(RealInterceptorChain.kt:109)
04-06 18:23:33.875 E/CIRISApiClient( 2231): 	at okhttp3.internal.connection.RealCall.getResponseWithInterceptorChain$okhttp(RealCall.kt:201)
04-06 18:23:33.875 E/CIRISApiClient( 2231): 	at okhttp3.internal.connection.RealCall$AsyncCall.run(RealCall.kt:517)
04-06 18:23:33.875 E/CIRISApiClient( 2231): 	at java.util.concurrent.ThreadPoolExecutor.runWorker(ThreadPoolExecutor.java:1133)
04-06 18:23:33.875 E/CIRISApiClient( 2231): 	at java.util.concurrent.ThreadPoolExecutor$Worker.run(ThreadPoolExecutor.java:607)
04-06 18:23:33.875 E/CIRISApiClient( 2231): 	at java.lang.Thread.run(Thread.java:762)
04-06 18:23:33.875 E/CIRISApiClient( 2231): Caused by: java.net.ConnectException: Connection refused
04-06 18:23:33.875 E/CIRISApiClient( 2231): 	at java.net.PlainSocketImpl.socketConnect(Native Method)
04-06 18:23:33.875 E/CIRISApiClient( 2231): 	at java.net.AbstractPlainSocketImpl.doConnect(AbstractPlainSocketImpl.java:334)
04-06 18:23:33.875 E/CIRISApiClient( 2231): 	at java.net.AbstractPlainSocketImpl.connectToAddress(AbstractPlainSocketImpl.java:196)
04-06 18:23:33.875 E/CIRISApiClient( 2231): 	at java.net.AbstractPlainSocketImpl.connect(AbstractPlainSocketImpl.java:178)
04-06 18:23:33.875 E/CIRISApiClient( 2231): 	at java.net.SocksSocketImpl.connect(SocksSocketImpl.java:356)
04-06 18:23:33.875 E/CIRISApiClient( 2231): 	at java.net.Socket.connect(Socket.java:605)
04-06 18:23:33.875 E/CIRISApiClient( 2231): 	at okhttp3.internal.platform.AndroidPlatform.connectSocket(AndroidPlatform.kt:63)
04-06 18:23:33.875 E/CIRISApiClient( 2231): 	at okhttp3.internal.connection.RealConnection.connectSocket(RealConnection.kt:295)
04-06 18:23:33.875 E/CIRISApiClient( 2231): 	... 18 more
04-06 18:23:34.140 D/CIRISApp( 2231): [INIT] CIRISApp composable invoked - googleSignInCallback=PRESENT (224979203)
04-06 18:23:34.142 I/InteractViewModel( 2231): [setDeviceAttestationCallback] Device attestation callback SET
04-06 18:23:36.645 D/CIRISApp( 2231): [INIT] CIRISApp composable invoked - googleSignInCallback=PRESENT (224979203)
04-06 18:23:36.646 I/InteractViewModel( 2231): [setDeviceAttestationCallback] Device attestation callback SET
04-06 18:23:37.116 W/python.stderr( 2231): /data/data/ai.ciris.mobile.debug/files/chaquopy/AssetFinder/requirements/pydantic/_internal/_fields.py:132: UserWarning: Field "model_used" in ResourceCost has conflict with protected namespace "model_".
04-06 18:23:37.116 W/python.stderr( 2231): 
04-06 18:23:37.116 W/python.stderr( 2231): You may be able to resolve this warning by setting `model_config['protected_namespaces'] = ()`.
04-06 18:23:38.921 E/CIRISApiClient( 2231): [getSystemStatus] Exception: ConnectException: Failed to connect to localhost/127.0.0.1:8080 | Context: url=http://localhost:8080
04-06 18:23:38.921 E/CIRISApiClient( 2231): java.net.ConnectException: Failed to connect to localhost/127.0.0.1:8080
04-06 18:23:38.921 E/CIRISApiClient( 2231): 	at okhttp3.internal.connection.RealConnection.connectSocket(RealConnection.kt:297)
04-06 18:23:38.921 E/CIRISApiClient( 2231): 	at okhttp3.internal.connection.RealConnection.connect(RealConnection.kt:207)
04-06 18:23:38.921 E/CIRISApiClient( 2231): 	at okhttp3.internal.connection.ExchangeFinder.findConnection(ExchangeFinder.kt:226)
04-06 18:23:38.921 E/CIRISApiClient( 2231): 	at okhttp3.internal.connection.ExchangeFinder.findHealthyConnection(ExchangeFinder.kt:106)
04-06 18:23:38.921 E/CIRISApiClient( 2231): 	at okhttp3.internal.connection.ExchangeFinder.find(ExchangeFinder.kt:74)
04-06 18:23:38.921 E/CIRISApiClient( 2231): 	at okhttp3.internal.connection.RealCall.initExchange$okhttp(RealCall.kt:255)
04-06 18:23:38.921 E/CIRISApiClient( 2231): 	at okhttp3.internal.connection.ConnectInterceptor.intercept(ConnectInterceptor.kt:32)
04-06 18:23:38.921 E/CIRISApiClient( 2231): 	at okhttp3.internal.http.RealInterceptorChain.proceed(RealInterceptorChain.kt:109)
04-06 18:23:38.921 E/CIRISApiClient( 2231): 	at okhttp3.internal.cache.CacheInterceptor.intercept(CacheInterceptor.kt:95)
04-06 18:23:38.921 E/CIRISApiClient( 2231): 	at okhttp3.internal.http.RealInterceptorChain.proceed(RealInterceptorChain.kt:109)
04-06 18:23:38.921 E/CIRISApiClient( 2231): 	at okhttp3.internal.http.BridgeInterceptor.intercept(BridgeInterceptor.kt:83)
04-06 18:23:38.921 E/CIRISApiClient( 2231): 	at okhttp3.internal.http.RealInterceptorChain.proceed(RealInterceptorChain.kt:109)
04-06 18:23:38.921 E/CIRISApiClient( 2231): 	at okhttp3.internal.http.RetryAndFollowUpInterceptor.intercept(RetryAndFollowUpInterceptor.kt:76)
04-06 18:23:38.921 E/CIRISApiClient( 2231): 	at okhttp3.internal.http.RealInterceptorChain.proceed(RealInterceptorChain.kt:109)
04-06 18:23:38.921 E/CIRISApiClient( 2231): 	at okhttp3.internal.connection.RealCall.getResponseWithInterceptorChain$okhttp(RealCall.kt:201)
04-06 18:23:38.921 E/CIRISApiClient( 2231): 	at okhttp3.internal.connection.RealCall$AsyncCall.run(RealCall.kt:517)
04-06 18:23:38.921 E/CIRISApiClient( 2231): 	at java.util.concurrent.ThreadPoolExecutor.runWorker(ThreadPoolExecutor.java:1133)
04-06 18:23:38.921 E/CIRISApiClient( 2231): 	at java.util.concurrent.ThreadPoolExecutor$Worker.run(ThreadPoolExecutor.java:607)
04-06 18:23:38.921 E/CIRISApiClient( 2231): 	at java.lang.Thread.run(Thread.java:762)
04-06 18:23:38.921 E/CIRISApiClient( 2231): Caused by: java.net.ConnectException: Connection refused
04-06 18:23:38.921 E/CIRISApiClient( 2231): 	at java.net.PlainSocketImpl.socketConnect(Native Method)
04-06 18:23:38.921 E/CIRISApiClient( 2231): 	at java.net.AbstractPlainSocketImpl.doConnect(AbstractPlainSocketImpl.java:334)
04-06 18:23:38.921 E/CIRISApiClient( 2231): 	at java.net.AbstractPlainSocketImpl.connectToAddress(AbstractPlainSocketImpl.java:196)
04-06 18:23:38.921 E/CIRISApiClient( 2231): 	at java.net.AbstractPlainSocketImpl.connect(AbstractPlainSocketImpl.java:178)
04-06 18:23:38.921 E/CIRISApiClient( 2231): 	at java.net.SocksSocketImpl.connect(SocksSocketImpl.java:356)
04-06 18:23:38.921 E/CIRISApiClient( 2231): 	at java.net.Socket.connect(Socket.java:605)
04-06 18:23:38.921 E/CIRISApiClient( 2231): 	at okhttp3.internal.platform.AndroidPlatform.connectSocket(AndroidPlatform.kt:63)
04-06 18:23:38.921 E/CIRISApiClient( 2231): 	at okhttp3.internal.connection.RealConnection.connectSocket(RealConnection.kt:295)
04-06 18:23:38.921 E/CIRISApiClient( 2231): 	... 18 more
04-06 18:23:39.149 D/CIRISApp( 2231): [INIT] CIRISApp composable invoked - googleSignInCallback=PRESENT (224979203)
04-06 18:23:39.152 I/InteractViewModel( 2231): [setDeviceAttestationCallback] Device attestation callback SET
04-06 18:23:41.653 D/CIRISApp( 2231): [INIT] CIRISApp composable invoked - googleSignInCallback=PRESENT (224979203)
04-06 18:23:41.656 I/InteractViewModel( 2231): [setDeviceAttestationCallback] Device attestation callback SET
04-06 18:23:42.683 D/EnvFileUpdater( 2231): Found CIRIS_HOME from env: /data/user/0/ai.ciris.mobile.debug/files/ciris
04-06 18:23:43.976 E/CIRISApiClient( 2231): [getSystemStatus] Exception: ConnectException: Failed to connect to localhost/127.0.0.1:8080 | Context: url=http://localhost:8080
04-06 18:23:43.976 E/CIRISApiClient( 2231): java.net.ConnectException: Failed to connect to localhost/127.0.0.1:8080
04-06 18:23:43.976 E/CIRISApiClient( 2231): 	at okhttp3.internal.connection.RealConnection.connectSocket(RealConnection.kt:297)
04-06 18:23:43.976 E/CIRISApiClient( 2231): 	at okhttp3.internal.connection.RealConnection.connect(RealConnection.kt:207)
04-06 18:23:43.976 E/CIRISApiClient( 2231): 	at okhttp3.internal.connection.ExchangeFinder.findConnection(ExchangeFinder.kt:226)
04-06 18:23:43.976 E/CIRISApiClient( 2231): 	at okhttp3.internal.connection.ExchangeFinder.findHealthyConnection(ExchangeFinder.kt:106)
04-06 18:23:43.976 E/CIRISApiClient( 2231): 	at okhttp3.internal.connection.ExchangeFinder.find(ExchangeFinder.kt:74)
04-06 18:23:43.976 E/CIRISApiClient( 2231): 	at okhttp3.internal.connection.RealCall.initExchange$okhttp(RealCall.kt:255)
04-06 18:23:43.976 E/CIRISApiClient( 2231): 	at okhttp3.internal.connection.ConnectInterceptor.intercept(ConnectInterceptor.kt:32)
04-06 18:23:43.976 E/CIRISApiClient( 2231): 	at okhttp3.internal.http.RealInterceptorChain.proceed(RealInterceptorChain.kt:109)
04-06 18:23:43.976 E/CIRISApiClient( 2231): 	at okhttp3.internal.cache.CacheInterceptor.intercept(CacheInterceptor.kt:95)
04-06 18:23:43.976 E/CIRISApiClient( 2231): 	at okhttp3.internal.http.RealInterceptorChain.proceed(RealInterceptorChain.kt:109)
04-06 18:23:43.976 E/CIRISApiClient( 2231): 	at okhttp3.internal.http.BridgeInterceptor.intercept(BridgeInterceptor.kt:83)
04-06 18:23:43.976 E/CIRISApiClient( 2231): 	at okhttp3.internal.http.RealInterceptorChain.proceed(RealInterceptorChain.kt:109)
04-06 18:23:43.976 E/CIRISApiClient( 2231): 	at okhttp3.internal.http.RetryAndFollowUpInterceptor.intercept(RetryAndFollowUpInterceptor.kt:76)
04-06 18:23:43.976 E/CIRISApiClient( 2231): 	at okhttp3.internal.http.RealInterceptorChain.proceed(RealInterceptorChain.kt:109)
04-06 18:23:43.976 E/CIRISApiClient( 2231): 	at okhttp3.internal.connection.RealCall.getResponseWithInterceptorChain$okhttp(RealCall.kt:201)
04-06 18:23:43.976 E/CIRISApiClient( 2231): 	at okhttp3.internal.connection.RealCall$AsyncCall.run(RealCall.kt:517)
04-06 18:23:43.976 E/CIRISApiClient( 2231): 	at java.util.concurrent.ThreadPoolExecutor.runWorker(ThreadPoolExecutor.java:1133)
04-06 18:23:43.976 E/CIRISApiClient( 2231): 	at java.util.concurrent.ThreadPoolExecutor$Worker.run(ThreadPoolExecutor.java:607)
04-06 18:23:43.976 E/CIRISApiClient( 2231): 	at java.lang.Thread.run(Thread.java:762)
04-06 18:23:43.976 E/CIRISApiClient( 2231): Caused by: java.net.ConnectException: Connection refused
04-06 18:23:43.976 E/CIRISApiClient( 2231): 	at java.net.PlainSocketImpl.socketConnect(Native Method)
04-06 18:23:43.976 E/CIRISApiClient( 2231): 	at java.net.AbstractPlainSocketImpl.doConnect(AbstractPlainSocketImpl.java:334)
04-06 18:23:43.976 E/CIRISApiClient( 2231): 	at java.net.AbstractPlainSocketImpl.connectToAddress(AbstractPlainSocketImpl.java:196)
04-06 18:23:43.976 E/CIRISApiClient( 2231): 	at java.net.AbstractPlainSocketImpl.connect(AbstractPlainSocketImpl.java:178)
04-06 18:23:43.976 E/CIRISApiClient( 2231): 	at java.net.SocksSocketImpl.connect(SocksSocketImpl.java:356)
04-06 18:23:43.976 E/CIRISApiClient( 2231): 	at java.net.Socket.connect(Socket.java:605)
04-06 18:23:43.976 E/CIRISApiClient( 2231): 	at okhttp3.internal.platform.AndroidPlatform.connectSocket(AndroidPlatform.kt:63)
04-06 18:23:43.976 E/CIRISApiClient( 2231): 	at okhttp3.internal.connection.RealConnection.connectSocket(RealConnection.kt:295)
04-06 18:23:43.976 E/CIRISApiClient( 2231): 	... 18 more
04-06 18:23:44.155 D/CIRISApp( 2231): [INIT] CIRISApp composable invoked - googleSignInCallback=PRESENT (224979203)
04-06 18:23:44.159 I/InteractViewModel( 2231): [setDeviceAttestationCallback] Device attestation callback SET
04-06 18:23:44.610 I/python.stdout( 2231): INFO: mobile_main: Code integrity verified: 957 modules, hash=c8f581e891820c55...
04-06 18:23:44.612 I/python.stdout( 2231): INFO: mobile_main: Starting CIRIS on-device runtime...
04-06 18:23:44.612 I/python.stdout( 2231): INFO: mobile_main: API endpoint: http://0.0.0.0:8080 (binding all interfaces)
04-06 18:23:44.613 I/python.stdout( 2231): INFO: mobile_main: LLM endpoint: NOT CONFIGURED
04-06 18:23:44.744 I/python.stdout( 2231): INFO: mobile_main: Using Android config - CIRIS_HOME: /data/data/ai.ciris.mobile.debug/files/ciris, data_dir: /data/data/ai.ciris.mobile.debug/files/ciris/data
