04-13 15:26:50.399 I/chromium(30459): [INFO:tin_six_tab_helper.cc(84)] OnCurrentTabChanged 0,18
04-13 15:26:50.399 I/chromium(30459): [INFO:tin_six_tab_helper.cc(640)] ForceActivateTabAt 0,18
04-13 15:26:50.434 I/chromium(30459): [INFO:layer_tree_host_impl.cc(198)] SBRTOUCHLOG DidVisibilityChange = 1
04-13 15:26:50.467 I/chromium(30459): [INFO:browser_gpu_channel_host_factory.cc(364)] EstablishGpuChannel: establishing gpu_channel
04-13 15:26:50.488 I/chromium(30459): [INFO:browser_gpu_channel_host_factory.cc(391)] EstablishGpuChannel: gpu_channel_ exists run callback 0xc690f900
04-13 15:26:50.507 I/chromium(30459): [INFO:ui_resource_layer_manager.cc(290)] CC-HideUrlbar: EnableUIResourceLayer LayerType: 0 Drawable true
04-13 15:26:50.515 I/chromium(30459): [INFO:tin_six_tab_helper.cc(84)] OnCurrentTabChanged 0,18
04-13 15:26:50.515 I/chromium(30459): [INFO:tin_six_tab_helper.cc(640)] ForceActivateTabAt 0,18
04-13 15:26:50.517 I/chromium(30459): [INFO:tin_six_tab_helper.cc(84)] OnCurrentTabChanged 0,18
04-13 15:26:50.517 I/chromium(30459): [INFO:tin_six_tab_helper.cc(640)] ForceActivateTabAt 0,18
04-13 15:26:50.557 I/chromium(30459): [INFO:ui_resource_layer_manager.cc(290)] CC-HideUrlbar: EnableUIResourceLayer LayerType: 1 Drawable true
04-13 15:26:50.652 I/chromium(30459): [INFO:tin_six_tab_helper.cc(621)] ActivateTabAt 0,18
04-13 15:26:51.262 I/CIRISApiClient(16159): [getConfigurationSessionStatus] Getting session status for: 427aad99-72ab-4833-92a5-0c569e732822
04-13 15:26:51.270 I/SetupViewModel(16159): checkAdapterOAuthOnResume: Checking status...
04-13 15:26:51.272 I/CIRISApiClient(16159): [getConfigurationSessionStatus] Getting session status for: 427aad99-72ab-4833-92a5-0c569e732822
04-13 15:26:51.314 I/CIRISApiClient(16159): [getConfigurationSessionStatus] Session status: step=1/5, status=awaiting_oauth, stepType=oauth
04-13 15:26:51.315 I/CIRISApiClient(16159): [getConfigurationSessionStatus] Collected config keys: [base_url, callback_base_url]
04-13 15:26:51.354 I/CIRISApiClient(16159): [getConfigurationSessionStatus] Session status: step=1/5, status=awaiting_oauth, stepType=oauth
04-13 15:26:51.355 I/CIRISApiClient(16159): [getConfigurationSessionStatus] Collected config keys: [base_url, callback_base_url]
04-13 15:26:52.319 I/CIRISApiClient(16159): [getConfigurationSessionStatus] Getting session status for: 427aad99-72ab-4833-92a5-0c569e732822
04-13 15:26:52.405 I/CIRISApiClient(16159): [getConfigurationSessionStatus] Session status: step=1/5, status=awaiting_oauth, stepType=oauth
04-13 15:26:52.407 I/CIRISApiClient(16159): [getConfigurationSessionStatus] Collected config keys: [base_url, callback_base_url]
04-13 15:26:53.282 I/SetupViewModel(16159): checkAdapterOAuthOnResume: Checking status...
04-13 15:26:53.286 I/CIRISApiClient(16159): [getConfigurationSessionStatus] Getting session status for: 427aad99-72ab-4833-92a5-0c569e732822
04-13 15:26:53.370 I/CIRISApiClient(16159): [getConfigurationSessionStatus] Session status: step=1/5, status=awaiting_oauth, stepType=oauth
04-13 15:26:53.372 I/CIRISApiClient(16159): [getConfigurationSessionStatus] Collected config keys: [base_url, callback_base_url]
04-13 15:26:53.403 I/chromium(18038): [INFO:dispatcher.cc(1571)] CreateBindingsSystem
04-13 15:26:53.409 I/CIRISApiClient(16159): [getConfigurationSessionStatus] Getting session status for: 427aad99-72ab-4833-92a5-0c569e732822
04-13 15:26:53.456 I/CIRISApiClient(16159): [getConfigurationSessionStatus] Session status: step=1/5, status=awaiting_oauth, stepType=oauth
04-13 15:26:53.458 I/CIRISApiClient(16159): [getConfigurationSessionStatus] Collected config keys: [base_url, callback_base_url]
04-13 15:26:53.472 I/chromium(18038): [INFO:layer_tree_host_impl.cc(198)] SBRTOUCHLOG DidVisibilityChange = 0
04-13 15:26:53.474 I/chromium(18038): [INFO:layer_tree_host_impl.cc(4001)] SBRTOUCHLOG SetDeferCommitFlagForDebug = 1
04-13 15:26:53.508 I/chromium(18038): [INFO:tin_anti_tracking_renderer_url_loader_throttle_helper.cc(31)] [IAT] set delegate th 0xc5870310 td 0xc7264100
04-13 15:26:53.508 I/chromium(18038): [INFO:tin_smart_protect_renderer.cc(16)] TinSmartProtectRenderer
04-13 15:26:53.510 I/chromium(18038): [INFO:tin_smart_protect_renderer.cc(33)] BindPendingReceiver bound=1
04-13 15:26:53.511 I/chromium(18038): [INFO:layer_tree_host_impl.cc(198)] SBRTOUCHLOG DidVisibilityChange = 1
04-13 15:26:53.552 I/chromium(18038): [INFO:render_frame_impl.cc(3805)] LoaderLog didCommitProvisionalLoad
04-13 15:26:53.633 I/chromium(18038): [INFO:memory_cache.cc(126)] MemoryCache MemberMemoryCache is disabled
04-13 15:26:53.651 I/chromium(18038): [INFO:layer_tree_host_impl.cc(4001)] SBRTOUCHLOG SetDeferCommitFlagForDebug = 0
04-13 15:26:53.982 I/chromium(18038): [INFO:layer_tree_impl.cc(1205)] DidUpdatePageScale IsActiveTree: 0 ScaleFactor: 1
04-13 15:26:53.984 I/chromium(18038): [INFO:layer_tree_impl.cc(1205)] DidUpdatePageScale IsActiveTree: 1 ScaleFactor: 1
04-13 15:26:53.996 I/chromium(18038): [INFO:progress_tracker.cc(112)] LoaderLog  FinishedParsing
04-13 15:26:54.108 I/chromium(30459): [INFO:web_contents_impl.cc(6549)] LoaderLog  progress completed
04-13 15:26:54.461 I/CIRISApiClient(16159): [getConfigurationSessionStatus] Getting session status for: 427aad99-72ab-4833-92a5-0c569e732822
04-13 15:26:54.518 I/CIRISApiClient(16159): [getConfigurationSessionStatus] Session status: step=1/5, status=awaiting_oauth, stepType=oauth
04-13 15:26:54.520 I/CIRISApiClient(16159): [getConfigurationSessionStatus] Collected config keys: [base_url, callback_base_url]
04-13 15:26:54.999 I/chromium(18038): [INFO:render_frame_impl.cc(4027)] LoaderLog didFinishLoad
04-13 15:26:55.000 I/chromium(18038): [INFO:frame_loader.cc(402)] LoaderLog Completed totalBytes = 550092
04-13 15:26:55.000 I/chromium(18038): [INFO:render_frame_impl.cc(5114)] LoaderLog didStopLoading
04-13 15:26:55.002 I/chromium(30459): [INFO:tin_six_tab_helper.cc(621)] ActivateTabAt 0,18
04-13 15:26:55.309 I/SetupViewModel(16159): checkAdapterOAuthOnResume: Checking status...
04-13 15:26:55.314 I/CIRISApiClient(16159): [getConfigurationSessionStatus] Getting session status for: 427aad99-72ab-4833-92a5-0c569e732822
04-13 15:26:55.379 I/CIRISApiClient(16159): [getConfigurationSessionStatus] Session status: step=1/5, status=awaiting_oauth, stepType=oauth
04-13 15:26:55.381 I/CIRISApiClient(16159): [getConfigurationSessionStatus] Collected config keys: [base_url, callback_base_url]
04-13 15:26:55.523 I/CIRISApiClient(16159): [getConfigurationSessionStatus] Getting session status for: 427aad99-72ab-4833-92a5-0c569e732822
04-13 15:26:55.583 I/CIRISApiClient(16159): [getConfigurationSessionStatus] Session status: step=1/5, status=awaiting_oauth, stepType=oauth
04-13 15:26:55.585 I/CIRISApiClient(16159): [getConfigurationSessionStatus] Collected config keys: [base_url, callback_base_url]
04-13 15:26:56.588 I/CIRISApiClient(16159): [getConfigurationSessionStatus] Getting session status for: 427aad99-72ab-4833-92a5-0c569e732822
04-13 15:26:56.681 I/CIRISApiClient(16159): [getConfigurationSessionStatus] Session status: step=1/5, status=awaiting_oauth, stepType=oauth
04-13 15:26:56.684 I/CIRISApiClient(16159): [getConfigurationSessionStatus] Collected config keys: [base_url, callback_base_url]
04-13 15:26:56.927 D/EnvFileUpdater(16159): Found CIRIS_HOME from env: /data/user/0/ai.ciris.mobile.debug/files/ciris
04-13 15:26:57.026 W/chromium(30459): [WARNING:render_widget_host_view_android.cc(1070)] SBRTOUCHLOG  OnTouchEvent, Action::DOWN
04-13 15:26:57.027 I/chromium(30459): [INFO:render_widget_host_input_event_router.cc(861)] SBRTOUCHLOG Set Touch sequence target view: 0xc68cc800
04-13 15:26:57.028 W/chromium(30459): [WARNING:input_router_impl.cc(529)] SBRTOUCHLOG FilterAndSendWebInputEvent, kTouchStart
04-13 15:26:57.032 I/chromium(18038): [INFO:web_frame_widget_impl.cc(2748)] SBRTOUCHLOG Blink HandleInputEvent event received = PointerDown
04-13 15:26:57.040 I/chromium(18038): [INFO:web_frame_widget_impl.cc(2748)] SBRTOUCHLOG Blink HandleInputEvent event received = GestureTapDown
04-13 15:26:57.042 I/chromium(18038): [INFO:web_frame_widget_impl.cc(2748)] SBRTOUCHLOG Blink HandleInputEvent event received = PointerMove
04-13 15:26:57.049 I/chromium(18038): [INFO:web_frame_widget_impl.cc(2748)] SBRTOUCHLOG Blink HandleInputEvent event received = PointerMove
04-13 15:26:57.066 I/chromium(18038): [INFO:web_frame_widget_impl.cc(2748)] SBRTOUCHLOG Blink HandleInputEvent event received = PointerMove
04-13 15:26:57.067 I/chromium(18038): [INFO:web_frame_widget_impl.cc(2748)] SBRTOUCHLOG Blink HandleInputEvent event received = GestureTapCancel
04-13 15:26:57.068 I/chromium(18038): [INFO:layer_tree_host_impl.cc(332)] SBRTOUCHLOG LayerTreeHostImpl::ScrollBegin defer_commit =  0
04-13 15:26:57.069 I/chromium(18038): [INFO:web_frame_widget_impl.cc(2748)] SBRTOUCHLOG Blink HandleInputEvent event received = PointerCausedUaAction
04-13 15:26:57.069 I/chromium(18038): [INFO:layer_tree_host_impl.cc(303)] SBRTOUCHLOG LayerTreeHostImpl::ScrollBy delta_y = 1.21281
04-13 15:26:57.090 W/chromium(30459): [WARNING:window_android.cc(109)] TAB-STATUS observer added
04-13 15:26:57.090 I/chromium(18038): [INFO:web_frame_widget_impl.cc(2748)] SBRTOUCHLOG Blink HandleInputEvent event received = PointerUp
04-13 15:26:57.152 I/chromium(18038): [INFO:layer_tree_host_impl.cc(2438)] SBRTOUCHLOG AsyncLayerTreeFrameSink::SubmitCompositorFrame
04-13 15:26:57.166 I/chromium(18038): [INFO:layer_tree_host_impl.cc(303)] SBRTOUCHLOG LayerTreeHostImpl::ScrollBy delta_y = 8.26329
04-13 15:26:57.236 I/chromium(18038): [INFO:layer_tree_host_impl.cc(2438)] SBRTOUCHLOG AsyncLayerTreeFrameSink::SubmitCompositorFrame
04-13 15:26:57.250 I/chromium(18038): [INFO:layer_tree_host_impl.cc(303)] SBRTOUCHLOG LayerTreeHostImpl::ScrollBy delta_y = 5.53313
04-13 15:26:57.319 I/chromium(18038): [INFO:layer_tree_host_impl.cc(2438)] SBRTOUCHLOG AsyncLayerTreeFrameSink::SubmitCompositorFrame
04-13 15:26:57.319 W/chromium(30459): [WARNING:window_android.cc(123)] TAB-STATUS observer removed
04-13 15:26:57.335 I/chromium(18038): [INFO:layer_tree_host_impl.cc(344)] SBRTOUCHLOG LayerTreeHostImpl::ScrollEnd
04-13 15:26:57.339 I/SetupViewModel(16159): checkAdapterOAuthOnResume: Checking status...
04-13 15:26:57.342 I/CIRISApiClient(16159): [getConfigurationSessionStatus] Getting session status for: 427aad99-72ab-4833-92a5-0c569e732822
04-13 15:26:57.428 I/CIRISApiClient(16159): [getConfigurationSessionStatus] Session status: step=1/5, status=awaiting_oauth, stepType=oauth
04-13 15:26:57.430 I/CIRISApiClient(16159): [getConfigurationSessionStatus] Collected config keys: [base_url, callback_base_url]
04-13 15:26:57.687 I/CIRISApiClient(16159): [getConfigurationSessionStatus] Getting session status for: 427aad99-72ab-4833-92a5-0c569e732822
04-13 15:26:57.764 I/CIRISApiClient(16159): [getConfigurationSessionStatus] Session status: step=1/5, status=awaiting_oauth, stepType=oauth
04-13 15:26:57.766 I/CIRISApiClient(16159): [getConfigurationSessionStatus] Collected config keys: [base_url, callback_base_url]
04-13 15:26:58.365 W/chromium(30459): [WARNING:render_widget_host_view_android.cc(1070)] SBRTOUCHLOG  OnTouchEvent, Action::DOWN
04-13 15:26:58.365 I/chromium(30459): [INFO:render_widget_host_input_event_router.cc(861)] SBRTOUCHLOG Set Touch sequence target view: 0xc68cc800
04-13 15:26:58.365 W/chromium(30459): [WARNING:input_router_impl.cc(529)] SBRTOUCHLOG FilterAndSendWebInputEvent, kTouchStart
04-13 15:26:58.366 I/chromium(18038): [INFO:web_frame_widget_impl.cc(2748)] SBRTOUCHLOG Blink HandleInputEvent event received = PointerDown
04-13 15:26:58.369 I/chromium(18038): [INFO:web_frame_widget_impl.cc(2748)] SBRTOUCHLOG Blink HandleInputEvent event received = GestureTapDown
04-13 15:26:58.401 I/chromium(18038): [INFO:web_frame_widget_impl.cc(2748)] SBRTOUCHLOG Blink HandleInputEvent event received = PointerMove
04-13 15:26:58.418 I/chromium(18038): [INFO:web_frame_widget_impl.cc(2748)] SBRTOUCHLOG Blink HandleInputEvent event received = PointerMove
04-13 15:26:58.421 I/chromium(18038): [INFO:web_frame_widget_impl.cc(2748)] SBRTOUCHLOG Blink HandleInputEvent event received = PointerUp
04-13 15:26:58.425 I/chromium(30459): [INFO:input_router_impl.cc(641)] SBRTOUCHLOG InputRouterImpl::TouchEventHandled type: TouchEnd & ack: NOT_CONSUMED
04-13 15:26:58.426 I/chromium(18038): [INFO:web_frame_widget_impl.cc(2748)] SBRTOUCHLOG Blink HandleInputEvent event received = GestureShowPress
04-13 15:26:58.430 I/chromium(18038): [INFO:web_frame_widget_impl.cc(2748)] SBRTOUCHLOG Blink HandleInputEvent event received = GestureTap
04-13 15:26:58.768 I/CIRISApiClient(16159): [getConfigurationSessionStatus] Getting session status for: 427aad99-72ab-4833-92a5-0c569e732822
04-13 15:26:58.817 I/CIRISApiClient(16159): [getConfigurationSessionStatus] Session status: step=1/5, status=awaiting_oauth, stepType=oauth
04-13 15:26:58.819 I/CIRISApiClient(16159): [getConfigurationSessionStatus] Collected config keys: [base_url, callback_base_url]
04-13 15:26:59.362 I/SetupViewModel(16159): checkAdapterOAuthOnResume: Checking status...
04-13 15:26:59.365 I/CIRISApiClient(16159): [getConfigurationSessionStatus] Getting session status for: 427aad99-72ab-4833-92a5-0c569e732822
04-13 15:26:59.465 I/CIRISApiClient(16159): [getConfigurationSessionStatus] Session status: step=1/5, status=awaiting_oauth, stepType=oauth
04-13 15:26:59.468 I/CIRISApiClient(16159): [getConfigurationSessionStatus] Collected config keys: [base_url, callback_base_url]
04-13 15:26:59.807 I/chromium(18038): [INFO:web_frame_widget_impl.cc(2748)] SBRTOUCHLOG Blink HandleInputEvent event received = RawKeyDown
04-13 15:26:59.821 I/CIRISApiClient(16159): [getConfigurationSessionStatus] Getting session status for: 427aad99-72ab-4833-92a5-0c569e732822
04-13 15:26:59.855 I/chromium(18038): [INFO:web_frame_widget_impl.cc(2748)] SBRTOUCHLOG Blink HandleInputEvent event received = KeyUp
04-13 15:26:59.880 I/CIRISApiClient(16159): [getConfigurationSessionStatus] Session status: step=1/5, status=awaiting_oauth, stepType=oauth
04-13 15:26:59.882 I/CIRISApiClient(16159): [getConfigurationSessionStatus] Collected config keys: [base_url, callback_base_url]
04-13 15:26:59.884 I/chromium(18038): [INFO:web_frame_widget_impl.cc(2748)] SBRTOUCHLOG Blink HandleInputEvent event received = RawKeyDown
04-13 15:26:59.889 I/chromium(18038): [INFO:web_frame_widget_impl.cc(2748)] SBRTOUCHLOG Blink HandleInputEvent event received = KeyUp
04-13 15:26:59.893 I/chromium(18038): [INFO:web_frame_widget_impl.cc(2748)] SBRTOUCHLOG Blink HandleInputEvent event received = RawKeyDown
04-13 15:26:59.907 I/chromium(18038): [INFO:web_frame_widget_impl.cc(2748)] SBRTOUCHLOG Blink HandleInputEvent event received = KeyUp
04-13 15:27:00.700 W/chromium(30459): [WARNING:render_widget_host_view_android.cc(1070)] SBRTOUCHLOG  OnTouchEvent, Action::DOWN
04-13 15:27:00.700 I/chromium(30459): [INFO:render_widget_host_input_event_router.cc(861)] SBRTOUCHLOG Set Touch sequence target view: 0xc68cc800
04-13 15:27:00.700 W/chromium(30459): [WARNING:input_router_impl.cc(529)] SBRTOUCHLOG FilterAndSendWebInputEvent, kTouchStart
04-13 15:27:00.702 I/chromium(18038): [INFO:web_frame_widget_impl.cc(2748)] SBRTOUCHLOG Blink HandleInputEvent event received = PointerDown
04-13 15:27:00.705 I/chromium(18038): [INFO:web_frame_widget_impl.cc(2748)] SBRTOUCHLOG Blink HandleInputEvent event received = GestureTapDown
04-13 15:27:00.721 I/chromium(18038): [INFO:web_frame_widget_impl.cc(2748)] SBRTOUCHLOG Blink HandleInputEvent event received = PointerMove
04-13 15:27:00.738 I/chromium(18038): [INFO:layer_tree_host_impl.cc(332)] SBRTOUCHLOG LayerTreeHostImpl::ScrollBegin defer_commit =  0
04-13 15:27:00.738 I/chromium(18038): [INFO:web_frame_widget_impl.cc(2748)] SBRTOUCHLOG Blink HandleInputEvent event received = PointerMove
04-13 15:27:00.738 I/chromium(18038): [INFO:layer_tree_host_impl.cc(303)] SBRTOUCHLOG LayerTreeHostImpl::ScrollBy delta_y = 1.08543
04-13 15:27:00.739 I/chromium(18038): [INFO:web_frame_widget_impl.cc(2748)] SBRTOUCHLOG Blink HandleInputEvent event received = GestureTapCancel
04-13 15:27:00.741 I/chromium(18038): [INFO:web_frame_widget_impl.cc(2748)] SBRTOUCHLOG Blink HandleInputEvent event received = PointerCausedUaAction
04-13 15:27:00.756 I/chromium(18038): [INFO:web_frame_widget_impl.cc(2748)] SBRTOUCHLOG Blink HandleInputEvent event received = PointerMove
04-13 15:27:00.805 I/chromium(18038): [INFO:layer_tree_host_impl.cc(2438)] SBRTOUCHLOG AsyncLayerTreeFrameSink::SubmitCompositorFrame
04-13 15:27:00.821 I/chromium(18038): [INFO:layer_tree_host_impl.cc(303)] SBRTOUCHLOG LayerTreeHostImpl::ScrollBy delta_y = 31.1174
04-13 15:27:00.885 I/CIRISApiClient(16159): [getConfigurationSessionStatus] Getting session status for: 427aad99-72ab-4833-92a5-0c569e732822
04-13 15:27:00.888 I/chromium(18038): [INFO:layer_tree_host_impl.cc(2438)] SBRTOUCHLOG AsyncLayerTreeFrameSink::SubmitCompositorFrame
04-13 15:27:00.904 I/chromium(18038): [INFO:layer_tree_host_impl.cc(303)] SBRTOUCHLOG LayerTreeHostImpl::ScrollBy delta_y = 21.7926
04-13 15:27:00.961 I/CIRISApiClient(16159): [getConfigurationSessionStatus] Session status: step=1/5, status=awaiting_oauth, stepType=oauth
04-13 15:27:00.963 I/CIRISApiClient(16159): [getConfigurationSessionStatus] Collected config keys: [base_url, callback_base_url]
04-13 15:27:00.972 I/chromium(18038): [INFO:layer_tree_host_impl.cc(2438)] SBRTOUCHLOG AsyncLayerTreeFrameSink::SubmitCompositorFrame
04-13 15:27:00.973 I/chromium(18038): [INFO:web_frame_widget_impl.cc(2748)] SBRTOUCHLOG Blink HandleInputEvent event received = PointerMove
04-13 15:27:00.988 I/chromium(18038): [INFO:layer_tree_host_impl.cc(303)] SBRTOUCHLOG LayerTreeHostImpl::ScrollBy delta_y = 0.906799
04-13 15:27:01.002 W/chromium(30459): [WARNING:window_android.cc(109)] TAB-STATUS observer added
04-13 15:27:01.003 I/chromium(18038): [INFO:web_frame_widget_impl.cc(2748)] SBRTOUCHLOG Blink HandleInputEvent event received = PointerMove
04-13 15:27:01.004 I/chromium(18038): [INFO:web_frame_widget_impl.cc(2748)] SBRTOUCHLOG Blink HandleInputEvent event received = PointerUp
04-13 15:27:01.055 I/chromium(18038): [INFO:layer_tree_host_impl.cc(2438)] SBRTOUCHLOG AsyncLayerTreeFrameSink::SubmitCompositorFrame
04-13 15:27:01.071 I/chromium(18038): [INFO:layer_tree_host_impl.cc(303)] SBRTOUCHLOG LayerTreeHostImpl::ScrollBy delta_y = 5.72719
04-13 15:27:01.377 I/SetupViewModel(16159): checkAdapterOAuthOnResume: Checking status...
04-13 15:27:01.381 I/CIRISApiClient(16159): [getConfigurationSessionStatus] Getting session status for: 427aad99-72ab-4833-92a5-0c569e732822
04-13 15:27:01.455 I/CIRISApiClient(16159): [getConfigurationSessionStatus] Session status: step=1/5, status=awaiting_oauth, stepType=oauth
04-13 15:27:01.458 I/CIRISApiClient(16159): [getConfigurationSessionStatus] Collected config keys: [base_url, callback_base_url]
04-13 15:27:01.487 W/chromium(30459): [WARNING:render_widget_host_view_android.cc(1070)] SBRTOUCHLOG  OnTouchEvent, Action::DOWN
04-13 15:27:01.487 I/chromium(30459): [INFO:render_widget_host_input_event_router.cc(861)] SBRTOUCHLOG Set Touch sequence target view: 0xc68cc800
04-13 15:27:01.487 W/chromium(30459): [WARNING:input_router_impl.cc(529)] SBRTOUCHLOG FilterAndSendWebInputEvent, kTouchStart
04-13 15:27:01.489 I/chromium(18038): [INFO:web_frame_widget_impl.cc(2748)] SBRTOUCHLOG Blink HandleInputEvent event received = PointerDown
04-13 15:27:01.491 W/chromium(30459): [WARNING:window_android.cc(123)] TAB-STATUS observer removed
04-13 15:27:01.505 I/chromium(18038): [INFO:layer_tree_host_impl.cc(344)] SBRTOUCHLOG LayerTreeHostImpl::ScrollEnd
04-13 15:27:01.552 I/chromium(18038): [INFO:web_frame_widget_impl.cc(2748)] SBRTOUCHLOG Blink HandleInputEvent event received = PointerUp
04-13 15:27:01.554 I/chromium(30459): [INFO:input_router_impl.cc(641)] SBRTOUCHLOG InputRouterImpl::TouchEventHandled type: TouchEnd & ack: NOT_CONSUMED
04-13 15:27:01.967 I/CIRISApiClient(16159): [getConfigurationSessionStatus] Getting session status for: 427aad99-72ab-4833-92a5-0c569e732822
04-13 15:27:02.087 I/CIRISApiClient(16159): [getConfigurationSessionStatus] Session status: step=1/5, status=awaiting_oauth, stepType=oauth
04-13 15:27:02.091 I/CIRISApiClient(16159): [getConfigurationSessionStatus] Collected config keys: [base_url, callback_base_url]
04-13 15:27:02.294 W/chromium(30459): [WARNING:render_widget_host_view_android.cc(1070)] SBRTOUCHLOG  OnTouchEvent, Action::DOWN
04-13 15:27:02.294 I/chromium(30459): [INFO:render_widget_host_input_event_router.cc(861)] SBRTOUCHLOG Set Touch sequence target view: 0xc68cc800
04-13 15:27:02.294 W/chromium(30459): [WARNING:input_router_impl.cc(529)] SBRTOUCHLOG FilterAndSendWebInputEvent, kTouchStart
04-13 15:27:02.295 I/chromium(18038): [INFO:web_frame_widget_impl.cc(2748)] SBRTOUCHLOG Blink HandleInputEvent event received = PointerDown
04-13 15:27:02.298 I/chromium(18038): [INFO:web_frame_widget_impl.cc(2748)] SBRTOUCHLOG Blink HandleInputEvent event received = GestureTapDown
04-13 15:27:02.339 I/chromium(18038): [INFO:web_frame_widget_impl.cc(2748)] SBRTOUCHLOG Blink HandleInputEvent event received = PointerMove
04-13 15:27:02.349 I/chromium(18038): [INFO:web_frame_widget_impl.cc(2748)] SBRTOUCHLOG Blink HandleInputEvent event received = PointerUp
04-13 15:27:02.351 I/chromium(30459): [INFO:input_router_impl.cc(641)] SBRTOUCHLOG InputRouterImpl::TouchEventHandled type: TouchEnd & ack: NOT_CONSUMED
04-13 15:27:02.352 I/chromium(18038): [INFO:web_frame_widget_impl.cc(2748)] SBRTOUCHLOG Blink HandleInputEvent event received = GestureShowPress
04-13 15:27:02.358 I/chromium(18038): [INFO:web_frame_widget_impl.cc(2748)] SBRTOUCHLOG Blink HandleInputEvent event received = GestureTap
04-13 15:27:03.097 I/CIRISApiClient(16159): [getConfigurationSessionStatus] Getting session status for: 427aad99-72ab-4833-92a5-0c569e732822
04-13 15:27:03.190 I/CIRISApiClient(16159): [getConfigurationSessionStatus] Session status: step=1/5, status=awaiting_oauth, stepType=oauth
04-13 15:27:03.192 I/CIRISApiClient(16159): [getConfigurationSessionStatus] Collected config keys: [base_url, callback_base_url]
04-13 15:27:03.399 I/SetupViewModel(16159): checkAdapterOAuthOnResume: Checking status...
04-13 15:27:03.403 I/CIRISApiClient(16159): [getConfigurationSessionStatus] Getting session status for: 427aad99-72ab-4833-92a5-0c569e732822
04-13 15:27:03.469 I/CIRISApiClient(16159): [getConfigurationSessionStatus] Session status: step=1/5, status=awaiting_oauth, stepType=oauth
04-13 15:27:03.471 I/CIRISApiClient(16159): [getConfigurationSessionStatus] Collected config keys: [base_url, callback_base_url]
04-13 15:27:03.522 I/chromium(18038): [INFO:web_frame_widget_impl.cc(2748)] SBRTOUCHLOG Blink HandleInputEvent event received = RawKeyDown
04-13 15:27:03.545 I/chromium(18038): [INFO:web_frame_widget_impl.cc(2748)] SBRTOUCHLOG Blink HandleInputEvent event received = KeyUp
04-13 15:27:04.196 I/CIRISApiClient(16159): [getConfigurationSessionStatus] Getting session status for: 427aad99-72ab-4833-92a5-0c569e732822
04-13 15:27:04.276 I/CIRISApiClient(16159): [getConfigurationSessionStatus] Session status: step=1/5, status=awaiting_oauth, stepType=oauth
04-13 15:27:04.278 I/CIRISApiClient(16159): [getConfigurationSessionStatus] Collected config keys: [base_url, callback_base_url]
04-13 15:27:04.326 I/chromium(18038): [INFO:web_frame_widget_impl.cc(2748)] SBRTOUCHLOG Blink HandleInputEvent event received = RawKeyDown
04-13 15:27:04.346 I/chromium(18038): [INFO:web_frame_widget_impl.cc(2748)] SBRTOUCHLOG Blink HandleInputEvent event received = KeyUp
04-13 15:27:04.990 I/chromium(18038): [INFO:web_frame_widget_impl.cc(2748)] SBRTOUCHLOG Blink HandleInputEvent event received = RawKeyDown
04-13 15:27:05.006 I/chromium(18038): [INFO:web_frame_widget_impl.cc(2748)] SBRTOUCHLOG Blink HandleInputEvent event received = KeyUp
04-13 15:27:05.281 I/CIRISApiClient(16159): [getConfigurationSessionStatus] Getting session status for: 427aad99-72ab-4833-92a5-0c569e732822
04-13 15:27:05.358 I/CIRISApiClient(16159): [getConfigurationSessionStatus] Session status: step=1/5, status=awaiting_oauth, stepType=oauth
04-13 15:27:05.360 I/CIRISApiClient(16159): [getConfigurationSessionStatus] Collected config keys: [base_url, callback_base_url]
04-13 15:27:05.417 I/SetupViewModel(16159): checkAdapterOAuthOnResume: Checking status...
04-13 15:27:05.420 I/CIRISApiClient(16159): [getConfigurationSessionStatus] Getting session status for: 427aad99-72ab-4833-92a5-0c569e732822
04-13 15:27:05.492 I/CIRISApiClient(16159): [getConfigurationSessionStatus] Session status: step=1/5, status=awaiting_oauth, stepType=oauth
04-13 15:27:05.495 I/CIRISApiClient(16159): [getConfigurationSessionStatus] Collected config keys: [base_url, callback_base_url]
04-13 15:27:05.701 I/chromium(18038): [INFO:web_frame_widget_impl.cc(2748)] SBRTOUCHLOG Blink HandleInputEvent event received = RawKeyDown
04-13 15:27:05.720 I/chromium(18038): [INFO:web_frame_widget_impl.cc(2748)] SBRTOUCHLOG Blink HandleInputEvent event received = KeyUp
04-13 15:27:06.363 I/CIRISApiClient(16159): [getConfigurationSessionStatus] Getting session status for: 427aad99-72ab-4833-92a5-0c569e732822
04-13 15:27:06.376 I/chromium(18038): [INFO:web_frame_widget_impl.cc(2748)] SBRTOUCHLOG Blink HandleInputEvent event received = RawKeyDown
04-13 15:27:06.391 I/chromium(18038): [INFO:web_frame_widget_impl.cc(2748)] SBRTOUCHLOG Blink HandleInputEvent event received = KeyUp
04-13 15:27:06.531 I/CIRISApiClient(16159): [getConfigurationSessionStatus] Session status: step=1/5, status=awaiting_oauth, stepType=oauth
04-13 15:27:06.533 I/CIRISApiClient(16159): [getConfigurationSessionStatus] Collected config keys: [base_url, callback_base_url]
04-13 15:27:06.930 D/EnvFileUpdater(16159): Found CIRIS_HOME from env: /data/user/0/ai.ciris.mobile.debug/files/ciris
04-13 15:27:07.105 I/chromium(18038): [INFO:web_frame_widget_impl.cc(2748)] SBRTOUCHLOG Blink HandleInputEvent event received = RawKeyDown
04-13 15:27:07.122 I/chromium(18038): [INFO:web_frame_widget_impl.cc(2748)] SBRTOUCHLOG Blink HandleInputEvent event received = KeyUp
04-13 15:27:07.435 I/SetupViewModel(16159): checkAdapterOAuthOnResume: Checking status...
04-13 15:27:07.437 I/CIRISApiClient(16159): [getConfigurationSessionStatus] Getting session status for: 427aad99-72ab-4833-92a5-0c569e732822
04-13 15:27:07.516 I/CIRISApiClient(16159): [getConfigurationSessionStatus] Session status: step=1/5, status=awaiting_oauth, stepType=oauth
04-13 15:27:07.517 I/CIRISApiClient(16159): [getConfigurationSessionStatus] Collected config keys: [base_url, callback_base_url]
04-13 15:27:07.522 I/chromium(18038): [INFO:web_frame_widget_impl.cc(2748)] SBRTOUCHLOG Blink HandleInputEvent event received = RawKeyDown
04-13 15:27:07.534 I/chromium(18038): [INFO:web_frame_widget_impl.cc(2748)] SBRTOUCHLOG Blink HandleInputEvent event received = KeyUp
04-13 15:27:07.535 I/CIRISApiClient(16159): [getConfigurationSessionStatus] Getting session status for: 427aad99-72ab-4833-92a5-0c569e732822
04-13 15:27:07.592 I/CIRISApiClient(16159): [getConfigurationSessionStatus] Session status: step=1/5, status=awaiting_oauth, stepType=oauth
04-13 15:27:07.594 I/CIRISApiClient(16159): [getConfigurationSessionStatus] Collected config keys: [base_url, callback_base_url]
04-13 15:27:07.836 I/chromium(18038): [INFO:web_frame_widget_impl.cc(2748)] SBRTOUCHLOG Blink HandleInputEvent event received = RawKeyDown
04-13 15:27:07.852 I/chromium(18038): [INFO:web_frame_widget_impl.cc(2748)] SBRTOUCHLOG Blink HandleInputEvent event received = KeyUp
04-13 15:27:08.386 I/chromium(18038): [INFO:web_frame_widget_impl.cc(2748)] SBRTOUCHLOG Blink HandleInputEvent event received = RawKeyDown
04-13 15:27:08.403 I/chromium(18038): [INFO:web_frame_widget_impl.cc(2748)] SBRTOUCHLOG Blink HandleInputEvent event received = KeyUp
04-13 15:27:08.597 I/CIRISApiClient(16159): [getConfigurationSessionStatus] Getting session status for: 427aad99-72ab-4833-92a5-0c569e732822
04-13 15:27:08.669 I/CIRISApiClient(16159): [getConfigurationSessionStatus] Session status: step=1/5, status=awaiting_oauth, stepType=oauth
04-13 15:27:08.671 I/CIRISApiClient(16159): [getConfigurationSessionStatus] Collected config keys: [base_url, callback_base_url]
04-13 15:27:08.995 I/chromium(18038): [INFO:web_frame_widget_impl.cc(2748)] SBRTOUCHLOG Blink HandleInputEvent event received = RawKeyDown
04-13 15:27:09.012 I/chromium(18038): [INFO:web_frame_widget_impl.cc(2748)] SBRTOUCHLOG Blink HandleInputEvent event received = KeyUp
04-13 15:27:09.453 I/SetupViewModel(16159): checkAdapterOAuthOnResume: Checking status...
04-13 15:27:09.458 I/CIRISApiClient(16159): [getConfigurationSessionStatus] Getting session status for: 427aad99-72ab-4833-92a5-0c569e732822
04-13 15:27:09.567 I/CIRISApiClient(16159): [getConfigurationSessionStatus] Session status: step=1/5, status=awaiting_oauth, stepType=oauth
04-13 15:27:09.569 I/CIRISApiClient(16159): [getConfigurationSessionStatus] Collected config keys: [base_url, callback_base_url]
04-13 15:27:09.674 I/CIRISApiClient(16159): [getConfigurationSessionStatus] Getting session status for: 427aad99-72ab-4833-92a5-0c569e732822
04-13 15:27:09.760 I/CIRISApiClient(16159): [getConfigurationSessionStatus] Session status: step=1/5, status=awaiting_oauth, stepType=oauth
04-13 15:27:09.763 I/CIRISApiClient(16159): [getConfigurationSessionStatus] Collected config keys: [base_url, callback_base_url]
04-13 15:27:09.874 W/chromium(30459): [WARNING:render_widget_host_view_android.cc(1070)] SBRTOUCHLOG  OnTouchEvent, Action::DOWN
04-13 15:27:09.875 I/chromium(30459): [INFO:render_widget_host_input_event_router.cc(861)] SBRTOUCHLOG Set Touch sequence target view: 0xc68cc800
04-13 15:27:09.875 W/chromium(30459): [WARNING:input_router_impl.cc(529)] SBRTOUCHLOG FilterAndSendWebInputEvent, kTouchStart
04-13 15:27:09.876 I/chromium(18038): [INFO:web_frame_widget_impl.cc(2748)] SBRTOUCHLOG Blink HandleInputEvent event received = PointerDown
04-13 15:27:09.879 I/chromium(18038): [INFO:web_frame_widget_impl.cc(2748)] SBRTOUCHLOG Blink HandleInputEvent event received = GestureTapDown
04-13 15:27:09.949 I/chromium(18038): [INFO:web_frame_widget_impl.cc(2748)] SBRTOUCHLOG Blink HandleInputEvent event received = PointerMove
04-13 15:27:09.950 I/chromium(18038): [INFO:web_frame_widget_impl.cc(2748)] SBRTOUCHLOG Blink HandleInputEvent event received = PointerUp
04-13 15:27:09.951 I/chromium(30459): [INFO:input_router_impl.cc(641)] SBRTOUCHLOG InputRouterImpl::TouchEventHandled type: TouchEnd & ack: NOT_CONSUMED
04-13 15:27:09.952 I/chromium(18038): [INFO:web_frame_widget_impl.cc(2748)] SBRTOUCHLOG Blink HandleInputEvent event received = GestureShowPress
04-13 15:27:09.964 I/chromium(18038): [INFO:web_frame_widget_impl.cc(2748)] SBRTOUCHLOG Blink HandleInputEvent event received = GestureTap
04-13 15:27:10.767 I/CIRISApiClient(16159): [getConfigurationSessionStatus] Getting session status for: 427aad99-72ab-4833-92a5-0c569e732822
04-13 15:27:10.856 I/CIRISApiClient(16159): [getConfigurationSessionStatus] Session status: step=1/5, status=awaiting_oauth, stepType=oauth
04-13 15:27:10.858 I/CIRISApiClient(16159): [getConfigurationSessionStatus] Collected config keys: [base_url, callback_base_url]
04-13 15:27:11.137 I/chromium(18038): [INFO:frame_loader.cc(618)] LoaderLog  StartNavigation  ClientRedirect = 0
04-13 15:27:11.174 I/chromium(30459): [INFO:tin_six_tab_helper.cc(621)] ActivateTabAt 0,18
04-13 15:27:11.227 I/chromium(18038): [INFO:layer_tree_host_impl.cc(198)] SBRTOUCHLOG DidVisibilityChange = 0
04-13 15:27:11.228 I/chromium(18038): [INFO:layer_tree_host_impl.cc(4001)] SBRTOUCHLOG SetDeferCommitFlagForDebug = 1
04-13 15:27:11.230 I/chromium(18038): [INFO:layer_tree_host_impl.cc(4001)] SBRTOUCHLOG SetDeferCommitFlagForDebug = 0
04-13 15:27:11.231 I/chromium(18038): [INFO:tin_anti_tracking_renderer_url_loader_throttle_helper.cc(31)] [IAT] set delegate th 0xc5870310 td 0xc38b3da0
04-13 15:27:11.231 I/chromium(18038): [INFO:tin_smart_protect_renderer.cc(16)] TinSmartProtectRenderer
04-13 15:27:11.232 I/chromium(18038): [INFO:tin_smart_protect_renderer.cc(33)] BindPendingReceiver bound=1
04-13 15:27:11.352 I/chromium(30459): [INFO:tin_six_tab_helper.cc(621)] ActivateTabAt 0,18
04-13 15:27:11.364 I/chromium(18038): [INFO:layer_tree_host_impl.cc(4001)] SBRTOUCHLOG SetDeferCommitFlagForDebug = 1
04-13 15:27:11.384 I/chromium(18038): [INFO:render_frame_impl.cc(3805)] LoaderLog didCommitProvisionalLoad
04-13 15:27:11.388 W/chromium(30459): [WARNING:window_android.cc(123)] TAB-STATUS observer removed
04-13 15:27:11.393 I/chromium(30459): [INFO:render_widget_host_impl.cc(843)] SBRTOUCHLOG  RenderWidgetHostImpl::WasShown
04-13 15:27:11.394 W/chromium(30459): [WARNING:window_android.cc(109)] TAB-STATUS observer added
04-13 15:27:11.399 I/chromium(18038): [INFO:layer_tree_host_impl.cc(198)] SBRTOUCHLOG DidVisibilityChange = 0
04-13 15:27:11.404 I/chromium(18038): [INFO:frame_loader.cc(274)] LoaderLog  SetDefersLoading  DeferType = 1
04-13 15:27:11.405 I/chromium(18038): [INFO:layer_tree_host_impl.cc(198)] SBRTOUCHLOG DidVisibilityChange = 1
04-13 15:27:11.443 I/chromium(30459): [INFO:back_forward_cache_impl.cc(675)] BFCACHELOG  CanStorePageNow  result = No: blocklisted features: AppFeature
04-13 15:27:11.443 I/chromium(30459): [INFO:render_frame_host_impl.cc(5780)] BFCACHELOG  Eviction  reason = No: blocklisted features: AppFeature
04-13 15:27:11.452 I/chromium(18038): [INFO:render_frame_impl.cc(5114)] LoaderLog didStopLoading
04-13 15:27:11.453 I/chromium(18038): [INFO:layer_tree_host_impl.cc(4001)] SBRTOUCHLOG SetDeferCommitFlagForDebug = 1
04-13 15:27:11.457 I/chromium(18038): [INFO:layer_tree_host_impl.cc(4001)] SBRTOUCHLOG SetDeferCommitFlagForDebug = 0
04-13 15:27:11.480 I/SetupViewModel(16159): checkAdapterOAuthOnResume: Checking status...
04-13 15:27:11.482 I/CIRISApiClient(16159): [getConfigurationSessionStatus] Getting session status for: 427aad99-72ab-4833-92a5-0c569e732822
04-13 15:27:11.487 I/chromium(18038): [INFO:layer_tree_host_impl.cc(4001)] SBRTOUCHLOG SetDeferCommitFlagForDebug = 0
04-13 15:27:11.489 I/chromium(18038): [INFO:progress_tracker.cc(112)] LoaderLog  FinishedParsing
04-13 15:27:11.498 I/chromium(18038): [INFO:render_frame_impl.cc(4027)] LoaderLog didFinishLoad
04-13 15:27:11.498 I/chromium(18038): [INFO:frame_loader.cc(402)] LoaderLog Completed totalBytes = 767
04-13 15:27:11.498 I/chromium(18038): [INFO:render_frame_impl.cc(5114)] LoaderLog didStopLoading
04-13 15:27:11.499 I/chromium(30459): [INFO:web_contents_impl.cc(6549)] LoaderLog  progress completed
04-13 15:27:11.504 I/chromium(18038): [INFO:layer_tree_impl.cc(1205)] DidUpdatePageScale IsActiveTree: 0 ScaleFactor: 1
04-13 15:27:11.514 I/chromium(18038): [INFO:layer_tree_impl.cc(1205)] DidUpdatePageScale IsActiveTree: 1 ScaleFactor: 1
04-13 15:27:11.526 I/CIRISApiClient(16159): [getConfigurationSessionStatus] Session status: step=2/5, status=active, stepType=select
04-13 15:27:11.528 I/CIRISApiClient(16159): [getConfigurationSessionStatus] Collected config keys: [base_url, callback_base_url, oauth_tokens]
04-13 15:27:11.530 I/SetupViewModel(16159): OAuth completed while app was suspended
04-13 15:27:11.533 I/chromium(30459): [INFO:tin_six_tab_helper.cc(621)] ActivateTabAt 0,18
04-13 15:27:11.537 I/CIRISApiClient(16159): [executeConfigurationStep] === EXECUTE CONFIG STEP ===
04-13 15:27:11.539 I/CIRISApiClient(16159): [executeConfigurationStep] Session: 427aad99-72ab-4833-92a5-0c569e732822
04-13 15:27:11.540 I/CIRISApiClient(16159): [executeConfigurationStep] Step data keys: []
04-13 15:27:11.542 I/CIRISApiClient(16159): [executeConfigurationStep] Step data values: {}
04-13 15:27:11.660 I/CIRISApiClient(16159): [executeConfigurationStep] Response HTTP status: 200
04-13 15:27:11.668 I/CIRISApiClient(16159): [executeConfigurationStep] Response data: success=true, error=null, nextStepIndex=null
04-13 15:27:11.670 I/CIRISApiClient(16159): [executeConfigurationStep] Response data keys: [options]
04-13 15:27:11.674 I/CIRISApiClient(16159): [executeConfigurationStep] Response data.data: options=[{"id":"device_control","label":"Device Control","description":"Control lights, switches, and other 
04-13 15:27:11.677 I/CIRISApiClient(16159): [executeConfigurationStep] Step result: success=true, nextStep=null, isDiscovery=false, isComplete=false
04-13 15:27:11.679 I/CIRISApiClient(16159): [executeConfigurationStep] === OAUTH URL EXTRACTION ===
04-13 15:27:11.681 I/CIRISApiClient(16159): [executeConfigurationStep] oauth_url present in data: false
04-13 15:27:11.683 I/CIRISApiClient(16159): [executeConfigurationStep] awaiting_callback present in data: false
04-13 15:27:11.685 I/CIRISApiClient(16159): [executeConfigurationStep] No oauth_url extracted from response
04-13 15:27:11.687 I/CIRISApiClient(16159): [executeConfigurationStep] awaitingCallback: false
04-13 15:27:11.690 I/CIRISApiClient(16159): [executeConfigurationStep] Parsed 6 select options
04-13 15:27:11.693 I/SetupViewModel(16159): Fetched 6 select options
04-13 15:27:15.642 W/chromium(30459): [WARNING:window_android.cc(123)] TAB-STATUS observer removed
04-13 15:27:15.643 I/chromium(18038): [INFO:layer_tree_host_impl.cc(198)] SBRTOUCHLOG DidVisibilityChange = 0
04-13 15:27:15.817 I/chromium(30459): [INFO:layer_tree_host_impl.cc(198)] SBRTOUCHLOG DidVisibilityChange = 0
04-13 15:27:16.932 D/EnvFileUpdater(16159): Found CIRIS_HOME from env: /data/user/0/ai.ciris.mobile.debug/files/ciris
04-13 15:27:18.851 I/SetupViewModel(16159): submitAdapterWizardStep: Submitting step data: {selection=notifications,sensor_data,automation_trigger,device_control}
04-13 15:27:18.854 I/CIRISApiClient(16159): [executeConfigurationStep] === EXECUTE CONFIG STEP ===
04-13 15:27:18.856 I/CIRISApiClient(16159): [executeConfigurationStep] Session: 427aad99-72ab-4833-92a5-0c569e732822
04-13 15:27:18.858 I/CIRISApiClient(16159): [executeConfigurationStep] Step data keys: [selection]
04-13 15:27:18.860 I/CIRISApiClient(16159): [executeConfigurationStep] Step data values: {selection=notifications,sensor_data,automation_trigger,device_control}
04-13 15:27:18.956 I/CIRISApiClient(16159): [executeConfigurationStep] Response HTTP status: 200
04-13 15:27:18.963 I/CIRISApiClient(16159): [executeConfigurationStep] Response data: success=true, error=null, nextStepIndex=3
04-13 15:27:18.964 I/CIRISApiClient(16159): [executeConfigurationStep] Response data keys: []
04-13 15:27:18.966 I/CIRISApiClient(16159): [executeConfigurationStep] Response data.data: 
04-13 15:27:18.968 I/CIRISApiClient(16159): [executeConfigurationStep] Step result: success=true, nextStep=3, isDiscovery=false, isComplete=false
04-13 15:27:18.970 I/CIRISApiClient(16159): [executeConfigurationStep] === OAUTH URL EXTRACTION ===
04-13 15:27:18.972 I/CIRISApiClient(16159): [executeConfigurationStep] oauth_url present in data: false
04-13 15:27:18.973 I/CIRISApiClient(16159): [executeConfigurationStep] awaiting_callback present in data: false
04-13 15:27:18.975 I/CIRISApiClient(16159): [executeConfigurationStep] No oauth_url extracted from response
04-13 15:27:18.976 I/CIRISApiClient(16159): [executeConfigurationStep] awaitingCallback: false
04-13 15:27:18.978 I/CIRISApiClient(16159): [getConfigurationSessionStatus] Getting session status for: 427aad99-72ab-4833-92a5-0c569e732822
04-13 15:27:19.023 I/CIRISApiClient(16159): [getConfigurationSessionStatus] Session status: step=3/5, status=active, stepType=select
04-13 15:27:19.025 I/CIRISApiClient(16159): [getConfigurationSessionStatus] Collected config keys: [base_url, callback_base_url, oauth_tokens, select_features]
04-13 15:27:19.027 I/SetupViewModel(16159): handleAdapterWizardStepResult: Step 3/5
04-13 15:27:19.029 I/CIRISApiClient(16159): [executeConfigurationStep] === EXECUTE CONFIG STEP ===
04-13 15:27:19.031 I/CIRISApiClient(16159): [executeConfigurationStep] Session: 427aad99-72ab-4833-92a5-0c569e732822
04-13 15:27:19.033 I/CIRISApiClient(16159): [executeConfigurationStep] Step data keys: []
04-13 15:27:19.034 I/CIRISApiClient(16159): [executeConfigurationStep] Step data values: {}
04-13 15:27:19.142 I/CIRISApiClient(16159): [executeConfigurationStep] Response HTTP status: 200
04-13 15:27:19.147 I/CIRISApiClient(16159): [executeConfigurationStep] Response data: success=true, error=null, nextStepIndex=null
04-13 15:27:19.149 I/CIRISApiClient(16159): [executeConfigurationStep] Response data keys: [options]
04-13 15:27:19.151 I/CIRISApiClient(16159): [executeConfigurationStep] Response data.data: options=[{"id":"camera.back_door_camera","label":"Back door camera","description":"Camera entity: camera.bac
04-13 15:27:19.152 I/CIRISApiClient(16159): [executeConfigurationStep] Step result: success=true, nextStep=null, isDiscovery=false, isComplete=false
04-13 15:27:19.154 I/CIRISApiClient(16159): [executeConfigurationStep] === OAUTH URL EXTRACTION ===
04-13 15:27:19.155 I/CIRISApiClient(16159): [executeConfigurationStep] oauth_url present in data: false
04-13 15:27:19.157 I/CIRISApiClient(16159): [executeConfigurationStep] awaiting_callback present in data: false
04-13 15:27:19.158 I/CIRISApiClient(16159): [executeConfigurationStep] No oauth_url extracted from response
04-13 15:27:19.160 I/CIRISApiClient(16159): [executeConfigurationStep] awaitingCallback: false
04-13 15:27:19.161 I/CIRISApiClient(16159): [executeConfigurationStep] Parsed 3 select options
04-13 15:27:19.163 I/SetupViewModel(16159): Fetched 3 select options
04-13 15:27:20.453 I/SetupViewModel(16159): submitAdapterWizardStep: Submitting step data: {selection=skip}
04-13 15:27:20.456 I/CIRISApiClient(16159): [executeConfigurationStep] === EXECUTE CONFIG STEP ===
04-13 15:27:20.458 I/CIRISApiClient(16159): [executeConfigurationStep] Session: 427aad99-72ab-4833-92a5-0c569e732822
04-13 15:27:20.460 I/CIRISApiClient(16159): [executeConfigurationStep] Step data keys: [selection]
04-13 15:27:20.462 I/CIRISApiClient(16159): [executeConfigurationStep] Step data values: {selection=skip}
04-13 15:27:20.567 I/CIRISApiClient(16159): [executeConfigurationStep] Response HTTP status: 200
04-13 15:27:20.573 I/CIRISApiClient(16159): [executeConfigurationStep] Response data: success=true, error=null, nextStepIndex=4
04-13 15:27:20.575 I/CIRISApiClient(16159): [executeConfigurationStep] Response data keys: []
04-13 15:27:20.577 I/CIRISApiClient(16159): [executeConfigurationStep] Response data.data: 
04-13 15:27:20.582 I/CIRISApiClient(16159): [executeConfigurationStep] Step result: success=true, nextStep=4, isDiscovery=false, isComplete=false
04-13 15:27:20.584 I/CIRISApiClient(16159): [executeConfigurationStep] === OAUTH URL EXTRACTION ===
04-13 15:27:20.585 I/CIRISApiClient(16159): [executeConfigurationStep] oauth_url present in data: false
04-13 15:27:20.587 I/CIRISApiClient(16159): [executeConfigurationStep] awaiting_callback present in data: false
04-13 15:27:20.589 I/CIRISApiClient(16159): [executeConfigurationStep] No oauth_url extracted from response
04-13 15:27:20.590 I/CIRISApiClient(16159): [executeConfigurationStep] awaitingCallback: false
04-13 15:27:20.592 I/CIRISApiClient(16159): [getConfigurationSessionStatus] Getting session status for: 427aad99-72ab-4833-92a5-0c569e732822
04-13 15:27:20.639 I/CIRISApiClient(16159): [getConfigurationSessionStatus] Session status: step=4/5, status=active, stepType=confirm
04-13 15:27:20.641 I/CIRISApiClient(16159): [getConfigurationSessionStatus] Collected config keys: [base_url, callback_base_url, oauth_tokens, select_features, select_cameras]
04-13 15:27:20.643 I/SetupViewModel(16159): handleAdapterWizardStepResult: Step 4/5
04-13 15:27:23.585 I/SetupViewModel(16159): submitAdapterWizardStep: Submitting step data: {}
04-13 15:27:23.588 I/CIRISApiClient(16159): [executeConfigurationStep] === EXECUTE CONFIG STEP ===
04-13 15:27:23.590 I/CIRISApiClient(16159): [executeConfigurationStep] Session: 427aad99-72ab-4833-92a5-0c569e732822
04-13 15:27:23.592 I/CIRISApiClient(16159): [executeConfigurationStep] Step data keys: []
04-13 15:27:23.594 I/CIRISApiClient(16159): [executeConfigurationStep] Step data values: {}
04-13 15:27:23.683 I/CIRISApiClient(16159): [executeConfigurationStep] Response HTTP status: 200
04-13 15:27:23.689 I/CIRISApiClient(16159): [executeConfigurationStep] Response data: success=true, error=null, nextStepIndex=5
04-13 15:27:23.690 I/CIRISApiClient(16159): [executeConfigurationStep] Response data keys: [config_summary]
04-13 15:27:23.694 I/CIRISApiClient(16159): [executeConfigurationStep] Response data.data: config_summary={"base_url":"http://192.168.50.243:8123","callback_base_url":"http://127.0.0.1:8080","oauth_tokens":
04-13 15:27:23.696 I/CIRISApiClient(16159): [executeConfigurationStep] Step result: success=true, nextStep=5, isDiscovery=false, isComplete=false
04-13 15:27:23.698 I/CIRISApiClient(16159): [executeConfigurationStep] === OAUTH URL EXTRACTION ===
04-13 15:27:23.700 I/CIRISApiClient(16159): [executeConfigurationStep] oauth_url present in data: false
04-13 15:27:23.702 I/CIRISApiClient(16159): [executeConfigurationStep] awaiting_callback present in data: false
04-13 15:27:23.704 I/CIRISApiClient(16159): [executeConfigurationStep] No oauth_url extracted from response
04-13 15:27:23.706 I/CIRISApiClient(16159): [executeConfigurationStep] awaitingCallback: false
04-13 15:27:23.708 I/CIRISApiClient(16159): [getConfigurationSessionStatus] Getting session status for: 427aad99-72ab-4833-92a5-0c569e732822
04-13 15:27:23.761 I/CIRISApiClient(16159): [getConfigurationSessionStatus] Session status: step=5/5, status=active, stepType=null
04-13 15:27:23.762 I/CIRISApiClient(16159): [getConfigurationSessionStatus] Collected config keys: [base_url, callback_base_url, oauth_tokens, select_features, select_cameras]
04-13 15:27:23.764 I/SetupViewModel(16159): handleAdapterWizardStepResult: Step 5/5
04-13 15:27:23.766 I/SetupViewModel(16159): Wizard completed!
04-13 15:27:23.768 I/CIRISApiClient(16159): [completeAdapterConfiguration] Completing configuration for session: 427aad99-72ab-4833-92a5-0c569e732822, persist=true
04-13 15:27:23.916 I/CIRISApiClient(16159): [completeAdapterConfiguration] Config complete: success=true, adapterType=home_assistant
04-13 15:27:23.921 I/SetupViewModel(16159): completeAdapterWizardInternal: Completed - success=true
04-13 15:27:23.922 I/SetupViewModel(16159): closeAdapterWizard: Closing wizard
04-13 15:27:26.934 D/EnvFileUpdater(16159): Found CIRIS_HOME from env: /data/user/0/ai.ciris.mobile.debug/files/ciris
04-13 15:27:29.562 I/SetupViewModel(16159): buildSetupRequest: isNodeFlow=false, deviceAuth.status=IDLE
04-13 15:27:29.564 I/SetupViewModel(16159): buildSetupRequest: deviceAuth.keyId=null, signingKeyB64=null...
04-13 15:27:29.576 W/SetupViewModel(16159): Node flow NOT complete or not in node flow - nodeFlowData will be null (isNodeFlow=false, status=IDLE)
04-13 15:27:29.580 I/SetupViewModel(16159): completeSetup: signing_key_id=null, signing_key_provisioned=false
04-13 15:27:29.581 I/SetupViewModel(16159): completeSetup: provisioned_signing_key_b64=null...
04-13 15:27:29.589 I/CIRISApiClient(16159): [completeSetup] Completing setup: provider=other, template=default, username=oauth_google_user
04-13 15:27:29.921 D/MainActivity(16159): Verify: ciris_verify_ffi: [INFO] ciris_keyring::platform::android: VERIFY key_exists check - phase 1 (file/wrapper check), wrapper_alias=agent_signing_aes_wrapper, encrypted_key_path="/data/data/ai.ciris.mobile.debug/files/ciris/data/agent_signing.ed25519.enc", wrapper_exists=true, file_exists=true
04-13 15:27:29.922 D/MainActivity(16159): Verify: ciris_verify_ffi: [INFO] ciris_keyring::platform::android: VERIFY key_exists check - phase 2 PASSED (key can be decrypted), wrapper_alias=agent_signing_aes_wrapper
04-13 15:27:29.924 D/MainActivity(16159): Verify: ciris_verify_ffi: [INFO] ciris_keyring::software: VERIFY MutableEd25519Signer::has_key - hardware wrapper check, has_key=true, hardware_backed=true, ciris_data_dir=Some("/data/data/ai.ciris.mobile.debug/files/ciris")
04-13 15:27:29.932 D/MainActivity(16159): Verify: ciris_verify_ffi: [INFO] ciris_keyring::platform::android: VERIFY key_exists check - phase 1 (file/wrapper check), wrapper_alias=agent_signing_aes_wrapper, encrypted_key_path="/data/data/ai.ciris.mobile.debug/files/ciris/data/agent_signing.ed25519.enc", wrapper_exists=true, file_exists=true
04-13 15:27:29.934 D/MainActivity(16159): Verify: ciris_verify_ffi: [INFO] ciris_keyring::platform::android: VERIFY key_exists check - phase 2 PASSED (key can be decrypted), wrapper_alias=agent_signing_aes_wrapper
04-13 15:27:29.941 I/python.stdout(16159): [SETUP_COMPLETE] Calling _create_setup_users(username=oauth_google_user, db=/data/data/ai.ciris.mobile.debug/files/ciris/data/ciris_audit.db)
04-13 15:27:30.824 I/python.stdout(16159): [SETUP_COMPLETE] ✅ Founding partnership created: consent/google:102773749033681671083 (PARTNERED)
04-13 15:27:30.987 I/python.stdout(16159): [SETUP_COMPLETE] _create_setup_users completed successfully
04-13 15:27:31.006 D/MainActivity(16159): Verify: ciris_verify_ffi: [INFO] ciris_keyring::platform::android: VERIFY key_exists check - phase 1 (file/wrapper check), wrapper_alias=agent_signing_aes_wrapper, encrypted_key_path="/data/data/ai.ciris.mobile.debug/files/ciris/data/agent_signing.ed25519.enc", wrapper_exists=true, file_exists=true
04-13 15:27:31.007 D/MainActivity(16159): Verify: ciris_verify_ffi: [INFO] ciris_keyring::platform::android: VERIFY key_exists check - phase 2 PASSED (key can be decrypted), wrapper_alias=agent_signing_aes_wrapper
04-13 15:27:31.063 D/MainActivity(16159): Verify: ciris_verify_ffi: [INFO] ciris_verify_core::unified: VERIFY ATTESTATION STARTING: Full attestation with network+integrity checks
04-13 15:27:31.064 D/MainActivity(16159): Verify: ciris_verify_ffi: [INFO] ciris_verify_core::unified: VERIFY PHASE 1/2 STARTING: Parallel manifest fetch + validation (5 network calls)
