04-13 15:05:57.194 I/CIRISApiClient( 9555): [getConfigurationSessionStatus] Session status: step=1/5, status=awaiting_oauth, stepType=oauth
04-13 15:05:57.196 I/CIRISApiClient( 9555): [getConfigurationSessionStatus] Collected config keys: [base_url, callback_base_url]
04-13 15:05:57.218 W/chromium(30459): [WARNING:render_widget_host_view_android.cc(1070)] SBRTOUCHLOG  OnTouchEvent, Action::DOWN
04-13 15:05:57.218 I/chromium(30459): [INFO:render_widget_host_input_event_router.cc(861)] SBRTOUCHLOG Set Touch sequence target view: 0xc68cc800
04-13 15:05:57.218 W/chromium(30459): [WARNING:input_router_impl.cc(529)] SBRTOUCHLOG FilterAndSendWebInputEvent, kTouchStart
04-13 15:05:57.219 I/chromium(10380): [INFO:web_frame_widget_impl.cc(2748)] SBRTOUCHLOG Blink HandleInputEvent event received = PointerDown
04-13 15:05:57.222 I/chromium(10380): [INFO:web_frame_widget_impl.cc(2748)] SBRTOUCHLOG Blink HandleInputEvent event received = GestureTapDown
04-13 15:05:57.292 I/chromium(10380): [INFO:web_frame_widget_impl.cc(2748)] SBRTOUCHLOG Blink HandleInputEvent event received = PointerUp
04-13 15:05:57.294 I/chromium(30459): [INFO:input_router_impl.cc(641)] SBRTOUCHLOG InputRouterImpl::TouchEventHandled type: TouchEnd & ack: NOT_CONSUMED
04-13 15:05:57.295 I/chromium(10380): [INFO:web_frame_widget_impl.cc(2748)] SBRTOUCHLOG Blink HandleInputEvent event received = GestureShowPress
04-13 15:05:57.301 I/chromium(10380): [INFO:web_frame_widget_impl.cc(2748)] SBRTOUCHLOG Blink HandleInputEvent event received = GestureTap
04-13 15:05:57.643 I/CIRISApiClient( 9555): [getConfigurationSessionStatus] Getting session status for: 55496ff4-022d-40eb-bd1c-95b51b4467da
04-13 15:05:57.694 I/CIRISApiClient( 9555): [getConfigurationSessionStatus] Session status: step=1/5, status=awaiting_oauth, stepType=oauth
04-13 15:05:57.696 I/CIRISApiClient( 9555): [getConfigurationSessionStatus] Collected config keys: [base_url, callback_base_url]
04-13 15:05:58.615 I/chromium(10380): [INFO:web_frame_widget_impl.cc(2748)] SBRTOUCHLOG Blink HandleInputEvent event received = RawKeyDown
04-13 15:05:58.641 I/chromium(10380): [INFO:web_frame_widget_impl.cc(2748)] SBRTOUCHLOG Blink HandleInputEvent event received = KeyUp
04-13 15:05:58.699 I/CIRISApiClient( 9555): [getConfigurationSessionStatus] Getting session status for: 55496ff4-022d-40eb-bd1c-95b51b4467da
04-13 15:05:58.793 I/CIRISApiClient( 9555): [getConfigurationSessionStatus] Session status: step=1/5, status=awaiting_oauth, stepType=oauth
04-13 15:05:58.795 I/CIRISApiClient( 9555): [getConfigurationSessionStatus] Collected config keys: [base_url, callback_base_url]
04-13 15:05:59.021 I/chromium(10380): [INFO:web_frame_widget_impl.cc(2748)] SBRTOUCHLOG Blink HandleInputEvent event received = RawKeyDown
04-13 15:05:59.038 I/chromium(10380): [INFO:web_frame_widget_impl.cc(2748)] SBRTOUCHLOG Blink HandleInputEvent event received = KeyUp
04-13 15:05:59.130 I/SetupViewModel( 9555): checkAdapterOAuthOnResume: Checking status...
04-13 15:05:59.134 I/CIRISApiClient( 9555): [getConfigurationSessionStatus] Getting session status for: 55496ff4-022d-40eb-bd1c-95b51b4467da
04-13 15:05:59.234 I/CIRISApiClient( 9555): [getConfigurationSessionStatus] Session status: step=1/5, status=awaiting_oauth, stepType=oauth
04-13 15:05:59.236 I/CIRISApiClient( 9555): [getConfigurationSessionStatus] Collected config keys: [base_url, callback_base_url]
04-13 15:05:59.315 I/chromium(10380): [INFO:web_frame_widget_impl.cc(2748)] SBRTOUCHLOG Blink HandleInputEvent event received = RawKeyDown
04-13 15:05:59.337 I/chromium(10380): [INFO:web_frame_widget_impl.cc(2748)] SBRTOUCHLOG Blink HandleInputEvent event received = KeyUp
04-13 15:05:59.685 I/chromium(10380): [INFO:web_frame_widget_impl.cc(2748)] SBRTOUCHLOG Blink HandleInputEvent event received = RawKeyDown
04-13 15:05:59.705 I/chromium(10380): [INFO:web_frame_widget_impl.cc(2748)] SBRTOUCHLOG Blink HandleInputEvent event received = KeyUp
04-13 15:05:59.800 I/CIRISApiClient( 9555): [getConfigurationSessionStatus] Getting session status for: 55496ff4-022d-40eb-bd1c-95b51b4467da
04-13 15:05:59.883 I/CIRISApiClient( 9555): [getConfigurationSessionStatus] Session status: step=1/5, status=awaiting_oauth, stepType=oauth
04-13 15:05:59.885 I/CIRISApiClient( 9555): [getConfigurationSessionStatus] Collected config keys: [base_url, callback_base_url]
04-13 15:05:59.911 I/chromium(10380): [INFO:web_frame_widget_impl.cc(2748)] SBRTOUCHLOG Blink HandleInputEvent event received = RawKeyDown
04-13 15:05:59.924 I/chromium(10380): [INFO:web_frame_widget_impl.cc(2748)] SBRTOUCHLOG Blink HandleInputEvent event received = KeyUp
04-13 15:06:00.377 I/chromium(10380): [INFO:web_frame_widget_impl.cc(2748)] SBRTOUCHLOG Blink HandleInputEvent event received = RawKeyDown
04-13 15:06:00.393 I/chromium(10380): [INFO:web_frame_widget_impl.cc(2748)] SBRTOUCHLOG Blink HandleInputEvent event received = KeyUp
04-13 15:06:00.635 I/chromium(10380): [INFO:web_frame_widget_impl.cc(2748)] SBRTOUCHLOG Blink HandleInputEvent event received = RawKeyDown
04-13 15:06:00.652 I/chromium(10380): [INFO:web_frame_widget_impl.cc(2748)] SBRTOUCHLOG Blink HandleInputEvent event received = KeyUp
04-13 15:06:00.833 I/chromium(10380): [INFO:web_frame_widget_impl.cc(2748)] SBRTOUCHLOG Blink HandleInputEvent event received = RawKeyDown
04-13 15:06:00.850 I/chromium(10380): [INFO:web_frame_widget_impl.cc(2748)] SBRTOUCHLOG Blink HandleInputEvent event received = KeyUp
04-13 15:06:00.889 I/CIRISApiClient( 9555): [getConfigurationSessionStatus] Getting session status for: 55496ff4-022d-40eb-bd1c-95b51b4467da
04-13 15:06:00.959 I/CIRISApiClient( 9555): [getConfigurationSessionStatus] Session status: step=1/5, status=awaiting_oauth, stepType=oauth
04-13 15:06:00.961 I/CIRISApiClient( 9555): [getConfigurationSessionStatus] Collected config keys: [base_url, callback_base_url]
04-13 15:06:01.069 D/EnvFileUpdater( 9555): Found CIRIS_HOME from env: /data/user/0/ai.ciris.mobile.debug/files/ciris
04-13 15:06:01.157 I/SetupViewModel( 9555): checkAdapterOAuthOnResume: Checking status...
04-13 15:06:01.162 I/CIRISApiClient( 9555): [getConfigurationSessionStatus] Getting session status for: 55496ff4-022d-40eb-bd1c-95b51b4467da
04-13 15:06:01.238 I/CIRISApiClient( 9555): [getConfigurationSessionStatus] Session status: step=1/5, status=awaiting_oauth, stepType=oauth
04-13 15:06:01.239 I/CIRISApiClient( 9555): [getConfigurationSessionStatus] Collected config keys: [base_url, callback_base_url]
04-13 15:06:01.268 I/chromium(10380): [INFO:web_frame_widget_impl.cc(2748)] SBRTOUCHLOG Blink HandleInputEvent event received = RawKeyDown
04-13 15:06:01.283 I/chromium(10380): [INFO:web_frame_widget_impl.cc(2748)] SBRTOUCHLOG Blink HandleInputEvent event received = KeyUp
04-13 15:06:01.885 I/chromium(10380): [INFO:web_frame_widget_impl.cc(2748)] SBRTOUCHLOG Blink HandleInputEvent event received = RawKeyDown
04-13 15:06:01.901 I/chromium(10380): [INFO:web_frame_widget_impl.cc(2748)] SBRTOUCHLOG Blink HandleInputEvent event received = KeyUp
04-13 15:06:01.966 I/CIRISApiClient( 9555): [getConfigurationSessionStatus] Getting session status for: 55496ff4-022d-40eb-bd1c-95b51b4467da
04-13 15:06:02.048 I/CIRISApiClient( 9555): [getConfigurationSessionStatus] Session status: step=1/5, status=awaiting_oauth, stepType=oauth
04-13 15:06:02.050 I/CIRISApiClient( 9555): [getConfigurationSessionStatus] Collected config keys: [base_url, callback_base_url]
04-13 15:06:02.293 W/chromium(30459): [WARNING:render_widget_host_view_android.cc(1070)] SBRTOUCHLOG  OnTouchEvent, Action::DOWN
04-13 15:06:02.293 I/chromium(30459): [INFO:render_widget_host_input_event_router.cc(861)] SBRTOUCHLOG Set Touch sequence target view: 0xc68cc800
04-13 15:06:02.293 W/chromium(30459): [WARNING:input_router_impl.cc(529)] SBRTOUCHLOG FilterAndSendWebInputEvent, kTouchStart
04-13 15:06:02.295 I/chromium(10380): [INFO:web_frame_widget_impl.cc(2748)] SBRTOUCHLOG Blink HandleInputEvent event received = PointerDown
04-13 15:06:02.298 I/chromium(10380): [INFO:web_frame_widget_impl.cc(2748)] SBRTOUCHLOG Blink HandleInputEvent event received = GestureTapDown
04-13 15:06:02.318 I/chromium(10380): [INFO:web_frame_widget_impl.cc(2748)] SBRTOUCHLOG Blink HandleInputEvent event received = PointerMove
04-13 15:06:02.330 I/chromium(10380): [INFO:web_frame_widget_impl.cc(2748)] SBRTOUCHLOG Blink HandleInputEvent event received = PointerMove
04-13 15:06:02.330 I/chromium(10380): [INFO:layer_tree_host_impl.cc(332)] SBRTOUCHLOG LayerTreeHostImpl::ScrollBegin defer_commit =  0
04-13 15:06:02.330 I/chromium(10380): [INFO:layer_tree_host_impl.cc(303)] SBRTOUCHLOG LayerTreeHostImpl::ScrollBy delta_y = 4.09971
04-13 15:06:02.331 I/chromium(10380): [INFO:web_frame_widget_impl.cc(2748)] SBRTOUCHLOG Blink HandleInputEvent event received = GestureTapCancel
04-13 15:06:02.332 I/chromium(10380): [INFO:web_frame_widget_impl.cc(2748)] SBRTOUCHLOG Blink HandleInputEvent event received = PointerCausedUaAction
04-13 15:06:02.371 I/chromium(10380): [INFO:web_frame_widget_impl.cc(2748)] SBRTOUCHLOG Blink HandleInputEvent event received = PointerMove
04-13 15:06:02.419 I/chromium(10380): [INFO:layer_tree_host_impl.cc(2438)] SBRTOUCHLOG AsyncLayerTreeFrameSink::SubmitCompositorFrame
04-13 15:06:02.434 I/chromium(10380): [INFO:layer_tree_host_impl.cc(303)] SBRTOUCHLOG LayerTreeHostImpl::ScrollBy delta_y = 37.4719
04-13 15:06:02.518 I/chromium(10380): [INFO:layer_tree_host_impl.cc(303)] SBRTOUCHLOG LayerTreeHostImpl::ScrollBy delta_y = 0.793106
04-13 15:06:02.538 W/chromium(30459): [WARNING:window_android.cc(109)] TAB-STATUS observer added
04-13 15:06:02.538 I/chromium(10380): [INFO:web_frame_widget_impl.cc(2748)] SBRTOUCHLOG Blink HandleInputEvent event received = PointerMove
04-13 15:06:02.540 I/chromium(10380): [INFO:web_frame_widget_impl.cc(2748)] SBRTOUCHLOG Blink HandleInputEvent event received = PointerUp
04-13 15:06:02.585 I/chromium(10380): [INFO:layer_tree_host_impl.cc(2438)] SBRTOUCHLOG AsyncLayerTreeFrameSink::SubmitCompositorFrame
04-13 15:06:02.601 I/chromium(10380): [INFO:layer_tree_host_impl.cc(303)] SBRTOUCHLOG LayerTreeHostImpl::ScrollBy delta_y = -4.88393
04-13 15:06:02.669 I/chromium(10380): [INFO:layer_tree_host_impl.cc(2438)] SBRTOUCHLOG AsyncLayerTreeFrameSink::SubmitCompositorFrame
04-13 15:06:02.684 I/chromium(10380): [INFO:layer_tree_host_impl.cc(303)] SBRTOUCHLOG LayerTreeHostImpl::ScrollBy delta_y = -2.42706
04-13 15:06:03.018 W/chromium(30459): [WARNING:window_android.cc(123)] TAB-STATUS observer removed
04-13 15:06:03.018 I/chromium(10380): [INFO:layer_tree_host_impl.cc(344)] SBRTOUCHLOG LayerTreeHostImpl::ScrollEnd
04-13 15:06:03.050 W/chromium(30459): [WARNING:render_widget_host_view_android.cc(1070)] SBRTOUCHLOG  OnTouchEvent, Action::DOWN
04-13 15:06:03.050 I/chromium(30459): [INFO:render_widget_host_input_event_router.cc(861)] SBRTOUCHLOG Set Touch sequence target view: 0xc68cc800
04-13 15:06:03.050 W/chromium(30459): [WARNING:input_router_impl.cc(529)] SBRTOUCHLOG FilterAndSendWebInputEvent, kTouchStart
04-13 15:06:03.051 I/chromium(10380): [INFO:web_frame_widget_impl.cc(2748)] SBRTOUCHLOG Blink HandleInputEvent event received = PointerDown
04-13 15:06:03.054 I/chromium(10380): [INFO:web_frame_widget_impl.cc(2748)] SBRTOUCHLOG Blink HandleInputEvent event received = GestureTapDown
04-13 15:06:03.054 I/CIRISApiClient( 9555): [getConfigurationSessionStatus] Getting session status for: 55496ff4-022d-40eb-bd1c-95b51b4467da
04-13 15:06:03.089 I/chromium(10380): [INFO:web_frame_widget_impl.cc(2748)] SBRTOUCHLOG Blink HandleInputEvent event received = PointerMove
04-13 15:06:03.108 I/chromium(10380): [INFO:web_frame_widget_impl.cc(2748)] SBRTOUCHLOG Blink HandleInputEvent event received = PointerMove
04-13 15:06:03.111 I/CIRISApiClient( 9555): [getConfigurationSessionStatus] Session status: step=1/5, status=awaiting_oauth, stepType=oauth
04-13 15:06:03.113 I/CIRISApiClient( 9555): [getConfigurationSessionStatus] Collected config keys: [base_url, callback_base_url]
04-13 15:06:03.124 I/chromium(10380): [INFO:web_frame_widget_impl.cc(2748)] SBRTOUCHLOG Blink HandleInputEvent event received = PointerUp
04-13 15:06:03.125 I/chromium(30459): [INFO:input_router_impl.cc(641)] SBRTOUCHLOG InputRouterImpl::TouchEventHandled type: TouchEnd & ack: NOT_CONSUMED
04-13 15:06:03.126 I/chromium(10380): [INFO:web_frame_widget_impl.cc(2748)] SBRTOUCHLOG Blink HandleInputEvent event received = GestureShowPress
04-13 15:06:03.130 I/chromium(10380): [INFO:web_frame_widget_impl.cc(2748)] SBRTOUCHLOG Blink HandleInputEvent event received = GestureTap
04-13 15:06:03.192 I/SetupViewModel( 9555): checkAdapterOAuthOnResume: Checking status...
04-13 15:06:03.194 I/CIRISApiClient( 9555): [getConfigurationSessionStatus] Getting session status for: 55496ff4-022d-40eb-bd1c-95b51b4467da
04-13 15:06:03.260 I/CIRISApiClient( 9555): [getConfigurationSessionStatus] Session status: step=1/5, status=awaiting_oauth, stepType=oauth
04-13 15:06:03.262 I/CIRISApiClient( 9555): [getConfigurationSessionStatus] Collected config keys: [base_url, callback_base_url]
04-13 15:06:04.116 I/CIRISApiClient( 9555): [getConfigurationSessionStatus] Getting session status for: 55496ff4-022d-40eb-bd1c-95b51b4467da
04-13 15:06:04.191 I/CIRISApiClient( 9555): [getConfigurationSessionStatus] Session status: step=1/5, status=awaiting_oauth, stepType=oauth
04-13 15:06:04.193 I/CIRISApiClient( 9555): [getConfigurationSessionStatus] Collected config keys: [base_url, callback_base_url]
04-13 15:06:04.456 I/chromium(10380): [INFO:frame_loader.cc(618)] LoaderLog  StartNavigation  ClientRedirect = 0
04-13 15:06:04.480 I/chromium(30459): [INFO:tin_six_tab_helper.cc(621)] ActivateTabAt 0,16
04-13 15:06:04.516 I/chromium(10380): [INFO:layer_tree_host_impl.cc(198)] SBRTOUCHLOG DidVisibilityChange = 0
04-13 15:06:04.517 I/chromium(10380): [INFO:layer_tree_host_impl.cc(4001)] SBRTOUCHLOG SetDeferCommitFlagForDebug = 1
04-13 15:06:04.517 I/chromium(10380): [INFO:layer_tree_host_impl.cc(4001)] SBRTOUCHLOG SetDeferCommitFlagForDebug = 0
04-13 15:06:04.518 I/chromium(10380): [INFO:tin_anti_tracking_renderer_url_loader_throttle_helper.cc(31)] [IAT] set delegate th 0xc5880260 td 0x5a808560
04-13 15:06:04.518 I/chromium(10380): [INFO:tin_smart_protect_renderer.cc(16)] TinSmartProtectRenderer
04-13 15:06:04.519 I/chromium(10380): [INFO:tin_smart_protect_renderer.cc(33)] BindPendingReceiver bound=1
04-13 15:06:04.643 I/chromium(30459): [INFO:tin_six_tab_helper.cc(621)] ActivateTabAt 0,16
04-13 15:06:04.652 I/chromium(10380): [INFO:layer_tree_host_impl.cc(4001)] SBRTOUCHLOG SetDeferCommitFlagForDebug = 1
04-13 15:06:04.675 I/chromium(10380): [INFO:render_frame_impl.cc(3805)] LoaderLog didCommitProvisionalLoad
04-13 15:06:04.679 W/chromium(30459): [WARNING:window_android.cc(123)] TAB-STATUS observer removed
04-13 15:06:04.681 I/chromium(30459): [INFO:render_widget_host_impl.cc(843)] SBRTOUCHLOG  RenderWidgetHostImpl::WasShown
04-13 15:06:04.681 W/chromium(30459): [WARNING:window_android.cc(109)] TAB-STATUS observer added
04-13 15:06:04.691 I/chromium(10380): [INFO:layer_tree_host_impl.cc(198)] SBRTOUCHLOG DidVisibilityChange = 0
04-13 15:06:04.697 I/chromium(10380): [INFO:frame_loader.cc(274)] LoaderLog  SetDefersLoading  DeferType = 1
04-13 15:06:04.698 I/chromium(10380): [INFO:layer_tree_host_impl.cc(198)] SBRTOUCHLOG DidVisibilityChange = 1
04-13 15:06:04.727 I/chromium(30459): [INFO:back_forward_cache_impl.cc(675)] BFCACHELOG  CanStorePageNow  result = No: blocklisted features: AppFeature
04-13 15:06:04.727 I/chromium(30459): [INFO:render_frame_host_impl.cc(5780)] BFCACHELOG  Eviction  reason = No: blocklisted features: AppFeature
04-13 15:06:04.730 I/chromium(10380): [INFO:render_frame_impl.cc(5114)] LoaderLog didStopLoading
04-13 15:06:04.730 I/chromium(10380): [INFO:layer_tree_host_impl.cc(4001)] SBRTOUCHLOG SetDeferCommitFlagForDebug = 1
04-13 15:06:04.735 I/chromium(10380): [INFO:layer_tree_host_impl.cc(4001)] SBRTOUCHLOG SetDeferCommitFlagForDebug = 0
04-13 15:06:04.749 I/chromium(10380): [INFO:layer_tree_host_impl.cc(4001)] SBRTOUCHLOG SetDeferCommitFlagForDebug = 0
04-13 15:06:04.750 I/chromium(10380): [INFO:progress_tracker.cc(112)] LoaderLog  FinishedParsing
04-13 15:06:04.758 I/chromium(10380): [INFO:render_frame_impl.cc(4027)] LoaderLog didFinishLoad
04-13 15:06:04.759 I/chromium(10380): [INFO:frame_loader.cc(402)] LoaderLog Completed totalBytes = 767
04-13 15:06:04.759 I/chromium(10380): [INFO:render_frame_impl.cc(5114)] LoaderLog didStopLoading
04-13 15:06:04.761 I/chromium(30459): [INFO:web_contents_impl.cc(6549)] LoaderLog  progress completed
04-13 15:06:04.762 I/chromium(10380): [INFO:layer_tree_impl.cc(1205)] DidUpdatePageScale IsActiveTree: 0 ScaleFactor: 1
04-13 15:06:04.775 I/chromium(10380): [INFO:layer_tree_impl.cc(1205)] DidUpdatePageScale IsActiveTree: 1 ScaleFactor: 1
04-13 15:06:04.799 I/chromium(30459): [INFO:tin_six_tab_helper.cc(621)] ActivateTabAt 0,16
04-13 15:06:05.196 I/CIRISApiClient( 9555): [getConfigurationSessionStatus] Getting session status for: 55496ff4-022d-40eb-bd1c-95b51b4467da
04-13 15:06:05.218 I/SetupViewModel( 9555): checkAdapterOAuthOnResume: Checking status...
04-13 15:06:05.223 I/CIRISApiClient( 9555): [getConfigurationSessionStatus] Getting session status for: 55496ff4-022d-40eb-bd1c-95b51b4467da
04-13 15:06:05.331 I/CIRISApiClient( 9555): [getConfigurationSessionStatus] Session status: step=2/5, status=active, stepType=select
04-13 15:06:05.332 I/CIRISApiClient( 9555): [getConfigurationSessionStatus] Collected config keys: [base_url, callback_base_url, oauth_tokens]
04-13 15:06:05.335 I/SetupViewModel( 9555): OAuth callback received - step advanced
04-13 15:06:05.339 I/CIRISApiClient( 9555): [executeConfigurationStep] === EXECUTE CONFIG STEP ===
04-13 15:06:05.341 I/CIRISApiClient( 9555): [executeConfigurationStep] Session: 55496ff4-022d-40eb-bd1c-95b51b4467da
04-13 15:06:05.342 I/CIRISApiClient( 9555): [executeConfigurationStep] Step data keys: []
04-13 15:06:05.344 I/CIRISApiClient( 9555): [executeConfigurationStep] Step data values: {}
04-13 15:06:05.361 I/CIRISApiClient( 9555): [getConfigurationSessionStatus] Session status: step=2/5, status=active, stepType=select
04-13 15:06:05.362 I/CIRISApiClient( 9555): [getConfigurationSessionStatus] Collected config keys: [base_url, callback_base_url, oauth_tokens]
04-13 15:06:05.365 I/SetupViewModel( 9555): OAuth completed while app was suspended
04-13 15:06:05.368 I/CIRISApiClient( 9555): [executeConfigurationStep] === EXECUTE CONFIG STEP ===
04-13 15:06:05.369 I/CIRISApiClient( 9555): [executeConfigurationStep] Session: 55496ff4-022d-40eb-bd1c-95b51b4467da
04-13 15:06:05.371 I/CIRISApiClient( 9555): [executeConfigurationStep] Step data keys: []
04-13 15:06:05.372 I/CIRISApiClient( 9555): [executeConfigurationStep] Step data values: {}
04-13 15:06:05.391 E/CIRISApiClient( 9555): [executeConfigurationStep] Exception: CancellationException: StandaloneCoroutine was cancelled | Context: sessionId=55496ff4-022d-40eb-bd1c-95b51b4467da
04-13 15:06:05.391 E/CIRISApiClient( 9555): java.util.concurrent.CancellationException: StandaloneCoroutine was cancelled
04-13 15:06:05.391 E/CIRISApiClient( 9555): 	at io.ktor.client.engine.UtilsKt$attachToUserJob$cleanupHandler$1.invoke(Utils.kt:98)
04-13 15:06:05.391 E/CIRISApiClient( 9555): 	at io.ktor.client.engine.UtilsKt$attachToUserJob$cleanupHandler$1.invoke(Utils.kt:96)
04-13 15:06:05.391 E/CIRISApiClient( 9555): 	at kotlinx.coroutines.InvokeOnCancelling.invoke(JobSupport.kt:1428)
04-13 15:06:05.391 E/CIRISApiClient( 9555): 	at kotlinx.coroutines.JobSupport.notifyCancelling(JobSupport.kt:1473)
04-13 15:06:05.391 E/CIRISApiClient( 9555): 	at kotlinx.coroutines.JobSupport.tryMakeCancelling(JobSupport.kt:796)
04-13 15:06:05.391 E/CIRISApiClient( 9555): 	at kotlinx.coroutines.JobSupport.makeCancelling(JobSupport.kt:756)
04-13 15:06:05.391 E/CIRISApiClient( 9555): 	at kotlinx.coroutines.JobSupport.cancelImpl$kotlinx_coroutines_core(JobSupport.kt:672)
04-13 15:06:05.391 E/CIRISApiClient( 9555): 	at kotlinx.coroutines.JobSupport.cancelInternal(JobSupport.kt:633)
04-13 15:06:05.391 E/CIRISApiClient( 9555): 	at kotlinx.coroutines.JobSupport.cancel(JobSupport.kt:618)
04-13 15:06:05.391 E/CIRISApiClient( 9555): 	at kotlinx.coroutines.Job$DefaultImpls.cancel$default(Job.kt:195)
04-13 15:06:05.391 E/CIRISApiClient( 9555): 	at ai.ciris.mobile.shared.viewmodels.SetupViewModel$checkAdapterOAuthOnResume$1.invokeSuspend(SetupViewModel.kt:843)
04-13 15:06:05.391 E/CIRISApiClient( 9555): 	at kotlin.coroutines.jvm.internal.BaseContinuationImpl.resumeWith(ContinuationImpl.kt:33)
04-13 15:06:05.391 E/CIRISApiClient( 9555): 	at kotlinx.coroutines.DispatchedTask.run(DispatchedTask.kt:104)
04-13 15:06:05.391 E/CIRISApiClient( 9555): 	at kotlinx.coroutines.EventLoop.processUnconfinedEvent(EventLoop.common.kt:65)
04-13 15:06:05.391 E/CIRISApiClient( 9555): 	at kotlinx.coroutines.internal.DispatchedContinuation.resumeWith(DispatchedContinuation.kt:343)
04-13 15:06:05.391 E/CIRISApiClient( 9555): 	at io.ktor.util.pipeline.SuspendFunctionGun.resumeRootWith(SuspendFunctionGun.kt:135)
04-13 15:06:05.391 E/CIRISApiClient( 9555): 	at io.ktor.util.pipeline.SuspendFunctionGun.loop(SuspendFunctionGun.kt:109)
04-13 15:06:05.391 E/CIRISApiClient( 9555): 	at io.ktor.util.pipeline.SuspendFunctionGun.access$loop(SuspendFunctionGun.kt:11)
04-13 15:06:05.391 E/CIRISApiClient( 9555): 	at io.ktor.util.pipeline.SuspendFunctionGun$continuation$1.resumeWith(SuspendFunctionGun.kt:59)
04-13 15:06:05.391 E/CIRISApiClient( 9555): 	at kotlin.coroutines.jvm.internal.BaseContinuationImpl.resumeWith(ContinuationImpl.kt:46)
04-13 15:06:05.391 E/CIRISApiClient( 9555): 	at kotlinx.coroutines.DispatchedTask.run(DispatchedTask.kt:104)
04-13 15:06:05.391 E/CIRISApiClient( 9555): 	at android.os.Handler.handleCallback(Handler.java:751)
04-13 15:06:05.391 E/CIRISApiClient( 9555): 	at android.os.Handler.dispatchMessage(Handler.java:95)
04-13 15:06:05.391 E/CIRISApiClient( 9555): 	at android.os.Looper.loop(Looper.java:154)
04-13 15:06:05.391 E/CIRISApiClient( 9555): 	at android.app.ActivityThread.main(ActivityThread.java:6816)
04-13 15:06:05.391 E/CIRISApiClient( 9555): 	at java.lang.reflect.Method.invoke(Native Method)
04-13 15:06:05.391 E/CIRISApiClient( 9555): 	at com.android.internal.os.ZygoteInit$MethodAndArgsCaller.run(ZygoteInit.java:1563)
04-13 15:06:05.391 E/CIRISApiClient( 9555): 	at com.android.internal.os.ZygoteInit.main(ZygoteInit.java:1451)
04-13 15:06:05.394 E/SetupViewModel( 9555): fetchAdapterSelectOptionsInternal: Failed - StandaloneCoroutine was cancelled
04-13 15:06:05.435 I/CIRISApiClient( 9555): [executeConfigurationStep] Response HTTP status: 200
04-13 15:06:05.441 I/CIRISApiClient( 9555): [executeConfigurationStep] Response data: success=true, error=null, nextStepIndex=null
04-13 15:06:05.443 I/CIRISApiClient( 9555): [executeConfigurationStep] Response data keys: [options]
04-13 15:06:05.445 I/CIRISApiClient( 9555): [executeConfigurationStep] Response data.data: options=[{"id":"device_control","label":"Device Control","description":"Control lights, switches, and other 
04-13 15:06:05.447 I/CIRISApiClient( 9555): [executeConfigurationStep] Step result: success=true, nextStep=null, isDiscovery=false, isComplete=false
04-13 15:06:05.448 I/CIRISApiClient( 9555): [executeConfigurationStep] === OAUTH URL EXTRACTION ===
04-13 15:06:05.450 I/CIRISApiClient( 9555): [executeConfigurationStep] oauth_url present in data: false
04-13 15:06:05.451 I/CIRISApiClient( 9555): [executeConfigurationStep] awaiting_callback present in data: false
04-13 15:06:05.453 I/CIRISApiClient( 9555): [executeConfigurationStep] No oauth_url extracted from response
04-13 15:06:05.454 I/CIRISApiClient( 9555): [executeConfigurationStep] awaitingCallback: false
04-13 15:06:05.456 I/CIRISApiClient( 9555): [executeConfigurationStep] Parsed 6 select options
04-13 15:06:05.458 I/SetupViewModel( 9555): Fetched 6 select options
04-13 15:06:06.638 W/chromium(30459): [WARNING:window_android.cc(123)] TAB-STATUS observer removed
04-13 15:06:06.639 I/chromium(10380): [INFO:layer_tree_host_impl.cc(198)] SBRTOUCHLOG DidVisibilityChange = 0
04-13 15:06:06.883 I/chromium(30459): [INFO:layer_tree_host_impl.cc(198)] SBRTOUCHLOG DidVisibilityChange = 0
04-13 15:06:09.225 I/SetupViewModel( 9555): submitAdapterWizardStep: Submitting step data: {selection=notifications,sensor_data,automation_trigger,device_control}
04-13 15:06:09.228 I/CIRISApiClient( 9555): [executeConfigurationStep] === EXECUTE CONFIG STEP ===
04-13 15:06:09.230 I/CIRISApiClient( 9555): [executeConfigurationStep] Session: 55496ff4-022d-40eb-bd1c-95b51b4467da
04-13 15:06:09.232 I/CIRISApiClient( 9555): [executeConfigurationStep] Step data keys: [selection]
04-13 15:06:09.234 I/CIRISApiClient( 9555): [executeConfigurationStep] Step data values: {selection=notifications,sensor_data,automation_trigger,device_control}
04-13 15:06:09.329 I/CIRISApiClient( 9555): [executeConfigurationStep] Response HTTP status: 200
04-13 15:06:09.335 I/CIRISApiClient( 9555): [executeConfigurationStep] Response data: success=true, error=null, nextStepIndex=3
04-13 15:06:09.336 I/CIRISApiClient( 9555): [executeConfigurationStep] Response data keys: []
04-13 15:06:09.338 I/CIRISApiClient( 9555): [executeConfigurationStep] Response data.data: 
04-13 15:06:09.339 I/CIRISApiClient( 9555): [executeConfigurationStep] Step result: success=true, nextStep=3, isDiscovery=false, isComplete=false
04-13 15:06:09.340 I/CIRISApiClient( 9555): [executeConfigurationStep] === OAUTH URL EXTRACTION ===
04-13 15:06:09.342 I/CIRISApiClient( 9555): [executeConfigurationStep] oauth_url present in data: false
04-13 15:06:09.343 I/CIRISApiClient( 9555): [executeConfigurationStep] awaiting_callback present in data: false
04-13 15:06:09.345 I/CIRISApiClient( 9555): [executeConfigurationStep] No oauth_url extracted from response
04-13 15:06:09.347 I/CIRISApiClient( 9555): [executeConfigurationStep] awaitingCallback: false
04-13 15:06:09.348 I/CIRISApiClient( 9555): [getConfigurationSessionStatus] Getting session status for: 55496ff4-022d-40eb-bd1c-95b51b4467da
04-13 15:06:09.393 I/CIRISApiClient( 9555): [getConfigurationSessionStatus] Session status: step=3/5, status=active, stepType=select
04-13 15:06:09.395 I/CIRISApiClient( 9555): [getConfigurationSessionStatus] Collected config keys: [base_url, callback_base_url, oauth_tokens, select_features]
04-13 15:06:09.397 I/SetupViewModel( 9555): handleAdapterWizardStepResult: Step 3/5
04-13 15:06:09.398 I/CIRISApiClient( 9555): [executeConfigurationStep] === EXECUTE CONFIG STEP ===
04-13 15:06:09.400 I/CIRISApiClient( 9555): [executeConfigurationStep] Session: 55496ff4-022d-40eb-bd1c-95b51b4467da
04-13 15:06:09.401 I/CIRISApiClient( 9555): [executeConfigurationStep] Step data keys: []
04-13 15:06:09.402 I/CIRISApiClient( 9555): [executeConfigurationStep] Step data values: {}
04-13 15:06:09.519 I/CIRISApiClient( 9555): [executeConfigurationStep] Response HTTP status: 200
04-13 15:06:09.527 I/CIRISApiClient( 9555): [executeConfigurationStep] Response data: success=true, error=null, nextStepIndex=null
04-13 15:06:09.530 I/CIRISApiClient( 9555): [executeConfigurationStep] Response data keys: [options]
04-13 15:06:09.533 I/CIRISApiClient( 9555): [executeConfigurationStep] Response data.data: options=[{"id":"camera.back_door_camera","label":"Back door camera","description":"Camera entity: camera.bac
04-13 15:06:09.535 I/CIRISApiClient( 9555): [executeConfigurationStep] Step result: success=true, nextStep=null, isDiscovery=false, isComplete=false
04-13 15:06:09.538 I/CIRISApiClient( 9555): [executeConfigurationStep] === OAUTH URL EXTRACTION ===
04-13 15:06:09.540 I/CIRISApiClient( 9555): [executeConfigurationStep] oauth_url present in data: false
04-13 15:06:09.542 I/CIRISApiClient( 9555): [executeConfigurationStep] awaiting_callback present in data: false
04-13 15:06:09.544 I/CIRISApiClient( 9555): [executeConfigurationStep] No oauth_url extracted from response
04-13 15:06:09.547 I/CIRISApiClient( 9555): [executeConfigurationStep] awaitingCallback: false
04-13 15:06:09.549 I/CIRISApiClient( 9555): [executeConfigurationStep] Parsed 3 select options
04-13 15:06:09.552 I/SetupViewModel( 9555): Fetched 3 select options
04-13 15:06:10.504 I/SetupViewModel( 9555): submitAdapterWizardStep: Submitting step data: {selection=skip}
04-13 15:06:10.507 I/CIRISApiClient( 9555): [executeConfigurationStep] === EXECUTE CONFIG STEP ===
04-13 15:06:10.509 I/CIRISApiClient( 9555): [executeConfigurationStep] Session: 55496ff4-022d-40eb-bd1c-95b51b4467da
04-13 15:06:10.512 I/CIRISApiClient( 9555): [executeConfigurationStep] Step data keys: [selection]
04-13 15:06:10.514 I/CIRISApiClient( 9555): [executeConfigurationStep] Step data values: {selection=skip}
04-13 15:06:10.611 I/CIRISApiClient( 9555): [executeConfigurationStep] Response HTTP status: 200
04-13 15:06:10.617 I/CIRISApiClient( 9555): [executeConfigurationStep] Response data: success=true, error=null, nextStepIndex=4
04-13 15:06:10.619 I/CIRISApiClient( 9555): [executeConfigurationStep] Response data keys: []
04-13 15:06:10.620 I/CIRISApiClient( 9555): [executeConfigurationStep] Response data.data: 
04-13 15:06:10.622 I/CIRISApiClient( 9555): [executeConfigurationStep] Step result: success=true, nextStep=4, isDiscovery=false, isComplete=false
04-13 15:06:10.624 I/CIRISApiClient( 9555): [executeConfigurationStep] === OAUTH URL EXTRACTION ===
04-13 15:06:10.626 I/CIRISApiClient( 9555): [executeConfigurationStep] oauth_url present in data: false
04-13 15:06:10.627 I/CIRISApiClient( 9555): [executeConfigurationStep] awaiting_callback present in data: false
04-13 15:06:10.629 I/CIRISApiClient( 9555): [executeConfigurationStep] No oauth_url extracted from response
04-13 15:06:10.630 I/CIRISApiClient( 9555): [executeConfigurationStep] awaitingCallback: false
04-13 15:06:10.632 I/CIRISApiClient( 9555): [getConfigurationSessionStatus] Getting session status for: 55496ff4-022d-40eb-bd1c-95b51b4467da
04-13 15:06:10.675 I/CIRISApiClient( 9555): [getConfigurationSessionStatus] Session status: step=4/5, status=active, stepType=confirm
04-13 15:06:10.677 I/CIRISApiClient( 9555): [getConfigurationSessionStatus] Collected config keys: [base_url, callback_base_url, oauth_tokens, select_features, select_cameras]
04-13 15:06:10.680 I/SetupViewModel( 9555): handleAdapterWizardStepResult: Step 4/5
04-13 15:06:11.072 D/EnvFileUpdater( 9555): Found CIRIS_HOME from env: /data/user/0/ai.ciris.mobile.debug/files/ciris
04-13 15:06:11.670 I/SetupViewModel( 9555): submitAdapterWizardStep: Submitting step data: {}
04-13 15:06:11.673 I/CIRISApiClient( 9555): [executeConfigurationStep] === EXECUTE CONFIG STEP ===
04-13 15:06:11.674 I/CIRISApiClient( 9555): [executeConfigurationStep] Session: 55496ff4-022d-40eb-bd1c-95b51b4467da
04-13 15:06:11.676 I/CIRISApiClient( 9555): [executeConfigurationStep] Step data keys: []
04-13 15:06:11.678 I/CIRISApiClient( 9555): [executeConfigurationStep] Step data values: {}
04-13 15:06:11.754 I/CIRISApiClient( 9555): [executeConfigurationStep] Response HTTP status: 200
04-13 15:06:11.759 I/CIRISApiClient( 9555): [executeConfigurationStep] Response data: success=true, error=null, nextStepIndex=5
04-13 15:06:11.761 I/CIRISApiClient( 9555): [executeConfigurationStep] Response data keys: [config_summary]
04-13 15:06:11.763 I/CIRISApiClient( 9555): [executeConfigurationStep] Response data.data: config_summary={"base_url":"http://192.168.50.243:8123","callback_base_url":"http://127.0.0.1:8080","oauth_tokens":
04-13 15:06:11.765 I/CIRISApiClient( 9555): [executeConfigurationStep] Step result: success=true, nextStep=5, isDiscovery=false, isComplete=false
04-13 15:06:11.767 I/CIRISApiClient( 9555): [executeConfigurationStep] === OAUTH URL EXTRACTION ===
04-13 15:06:11.768 I/CIRISApiClient( 9555): [executeConfigurationStep] oauth_url present in data: false
04-13 15:06:11.769 I/CIRISApiClient( 9555): [executeConfigurationStep] awaiting_callback present in data: false
04-13 15:06:11.771 I/CIRISApiClient( 9555): [executeConfigurationStep] No oauth_url extracted from response
04-13 15:06:11.772 I/CIRISApiClient( 9555): [executeConfigurationStep] awaitingCallback: false
04-13 15:06:11.774 I/CIRISApiClient( 9555): [getConfigurationSessionStatus] Getting session status for: 55496ff4-022d-40eb-bd1c-95b51b4467da
04-13 15:06:11.817 I/CIRISApiClient( 9555): [getConfigurationSessionStatus] Session status: step=5/5, status=active, stepType=null
04-13 15:06:11.819 I/CIRISApiClient( 9555): [getConfigurationSessionStatus] Collected config keys: [base_url, callback_base_url, oauth_tokens, select_features, select_cameras]
04-13 15:06:11.821 I/SetupViewModel( 9555): handleAdapterWizardStepResult: Step 5/5
04-13 15:06:11.822 I/SetupViewModel( 9555): Wizard completed!
04-13 15:06:11.826 I/CIRISApiClient( 9555): [completeAdapterConfiguration] Completing configuration for session: 55496ff4-022d-40eb-bd1c-95b51b4467da, persist=true
04-13 15:06:11.976 I/CIRISApiClient( 9555): [completeAdapterConfiguration] Config complete: success=true, adapterType=home_assistant
04-13 15:06:11.979 I/SetupViewModel( 9555): completeAdapterWizardInternal: Completed - success=true
04-13 15:06:11.981 I/SetupViewModel( 9555): closeAdapterWizard: Closing wizard
04-13 15:06:21.073 D/EnvFileUpdater( 9555): Found CIRIS_HOME from env: /data/user/0/ai.ciris.mobile.debug/files/ciris
04-13 15:06:22.696 I/SetupViewModel( 9555): buildSetupRequest: isNodeFlow=false, deviceAuth.status=IDLE
04-13 15:06:22.699 I/SetupViewModel( 9555): buildSetupRequest: deviceAuth.keyId=null, signingKeyB64=null...
04-13 15:06:22.705 W/SetupViewModel( 9555): Node flow NOT complete or not in node flow - nodeFlowData will be null (isNodeFlow=false, status=IDLE)
04-13 15:06:22.709 I/SetupViewModel( 9555): completeSetup: signing_key_id=null, signing_key_provisioned=false
04-13 15:06:22.711 I/SetupViewModel( 9555): completeSetup: provisioned_signing_key_b64=null...
04-13 15:06:22.716 I/CIRISApiClient( 9555): [completeSetup] Completing setup: provider=other, template=default, username=oauth_google_user
04-13 15:06:23.112 D/MainActivity( 9555): Verify: ciris_verify_ffi: [INFO] ciris_keyring::platform::android: VERIFY key_exists check - phase 1 (file/wrapper check), wrapper_alias=agent_signing_aes_wrapper, encrypted_key_path="/data/data/ai.ciris.mobile.debug/files/ciris/data/agent_signing.ed25519.enc", wrapper_exists=true, file_exists=true
04-13 15:06:23.116 D/MainActivity( 9555): Verify: ciris_verify_ffi: [INFO] ciris_keyring::platform::android: VERIFY key_exists check - phase 2 PASSED (key can be decrypted), wrapper_alias=agent_signing_aes_wrapper
04-13 15:06:23.118 D/MainActivity( 9555): Verify: ciris_verify_ffi: [INFO] ciris_keyring::software: VERIFY MutableEd25519Signer::has_key - hardware wrapper check, has_key=true, hardware_backed=true, ciris_data_dir=Some("/data/data/ai.ciris.mobile.debug/files/ciris")
04-13 15:06:23.120 D/MainActivity( 9555): Verify: ciris_verify_ffi: [INFO] ciris_keyring::platform::android: VERIFY key_exists check - phase 1 (file/wrapper check), wrapper_alias=agent_signing_aes_wrapper, encrypted_key_path="/data/data/ai.ciris.mobile.debug/files/ciris/data/agent_signing.ed25519.enc", wrapper_exists=true, file_exists=true
04-13 15:06:23.121 D/MainActivity( 9555): Verify: ciris_verify_ffi: [INFO] ciris_keyring::platform::android: VERIFY key_exists check - phase 2 PASSED (key can be decrypted), wrapper_alias=agent_signing_aes_wrapper
04-13 15:06:23.129 I/python.stdout( 9555): [SETUP_COMPLETE] Calling _create_setup_users(username=oauth_google_user, db=/data/data/ai.ciris.mobile.debug/files/ciris/data/ciris_audit.db)
04-13 15:06:23.990 I/python.stdout( 9555): [SETUP_COMPLETE] ✅ Founding partnership created: consent/google:102773749033681671083 (PARTNERED)
04-13 15:06:24.110 I/python.stdout( 9555): [SETUP_COMPLETE] _create_setup_users completed successfully
04-13 15:06:24.125 D/MainActivity( 9555): Verify: ciris_verify_ffi: [INFO] ciris_keyring::platform::android: VERIFY key_exists check - phase 1 (file/wrapper check), wrapper_alias=agent_signing_aes_wrapper, encrypted_key_path="/data/data/ai.ciris.mobile.debug/files/ciris/data/agent_signing.ed25519.enc", wrapper_exists=true, file_exists=true
04-13 15:06:24.127 D/MainActivity( 9555): Verify: ciris_verify_ffi: [INFO] ciris_keyring::platform::android: VERIFY key_exists check - phase 2 PASSED (key can be decrypted), wrapper_alias=agent_signing_aes_wrapper
04-13 15:06:24.159 D/MainActivity( 9555): Verify: ciris_verify_ffi: [INFO] ciris_verify_core::unified: VERIFY ATTESTATION STARTING: Full attestation with network+integrity checks
04-13 15:06:24.160 D/MainActivity( 9555): Verify: ciris_verify_ffi: [INFO] ciris_verify_core::unified: VERIFY PHASE 1/2 STARTING: Parallel manifest fetch + validation (5 network calls)
04-13 15:06:24.163 D/MainActivity( 9555): Verify: ciris_verify_ffi: [INFO] ciris_verify_core::unified: VERIFY STEP 1/5 STARTING: Binary manifest fetch
04-13 15:06:24.214 I/CIRISApiClient( 9555): [completeSetup] Setup complete: success=true, message=Setup completed successfully. Starting agent processor...
04-13 15:06:24.250 D/MainActivity( 9555): Verify: ciris_verify_ffi: [INFO] ciris_verify_core::unified: VERIFY STEP 1/5 COMPLETE: OK (10 targets)
04-13 15:06:24.253 D/MainActivity( 9555): Verify: ciris_verify_ffi: [INFO] ciris_verify_core::unified: VERIFY STEP 2/5 STARTING: Function manifest fetch
04-13 15:06:24.279 D/MainActivity( 9555): Verify: ciris_verify_ffi: [INFO] ciris_verify_core::unified: VERIFY STEP 2/5 COMPLETE: OK (48 functions)
04-13 15:06:24.279 D/MainActivity( 9555): Verify: ciris_verify_ffi: [INFO] ciris_verify_core::unified: VERIFY STEP 3/5 STARTING: Agent build record fetch
04-13 15:06:24.311 D/MainActivity( 9555): Verify: ciris_verify_ffi: [WARN] ciris_verify_core::unified: VERIFY STEP 3/5 COMPLETE: FAILED (HTTPS error: All registry endpoints failed for build/2.4.4)
04-13 15:06:24.314 D/MainActivity( 9555): Verify: ciris_verify_ffi: [INFO] ciris_verify_core::unified: VERIFY STEP 4/5 STARTING: Source validation (DNS US + EU + HTTPS)
04-13 15:06:24.605 D/MainActivity( 9555): Verify: ciris_verify_ffi: [INFO] ciris_verify_core::unified: VERIFY STEP 4/5 COMPLETE: 3/3 sources reachable
04-13 15:06:24.608 D/MainActivity( 9555): Verify: ciris_verify_ffi: [INFO] ciris_verify_core::unified: VERIFY STEP 5/5 STARTING: Registry key verification
04-13 15:06:24.633 D/MainActivity( 9555): Verify: ciris_verify_ffi: [INFO] ciris_verify_core::unified: VERIFY STEP 5/5 COMPLETE: not_found
04-13 15:06:24.635 D/MainActivity( 9555): Verify: ciris_verify_ffi: [INFO] ciris_verify_core::unified: VERIFY PHASE 1/2 COMPLETE: All network fetches done
04-13 15:06:24.637 D/MainActivity( 9555): Verify: ciris_verify_ffi: [ERROR] ciris_verify_core::unified: VERIFY MANIFEST_CACHE MISS: No cached build record available and registry unreachable — L4 file integrity will be skipped
04-13 15:06:24.640 D/MainActivity( 9555): Verify: ciris_verify_ffi: [INFO] ciris_verify_core::unified: VERIFY PHASE 2/2 STARTING: Local verification (6 checks)
04-13 15:06:24.641 D/MainActivity( 9555): Verify: ciris_verify_ffi: [INFO] ciris_verify_core::unified: VERIFY STEP 1/6 STARTING: Self-verification (binary + functions)
04-13 15:06:24.914 D/MainActivity( 9555): Verify: ciris_verify_ffi: [INFO] ciris_verify_core::unified: VERIFY STEP 1/6 COMPLETE: OK (binary=✓, functions=48/48)
04-13 15:06:24.925 D/MainActivity( 9555): Verify: ciris_verify_ffi: [INFO] ciris_verify_core::unified: VERIFY STEP 2/6 STARTING: File integrity check
04-13 15:06:24.953 D/MainActivity( 9555): Verify: ciris_verify_ffi: [WARN] ciris_verify_core::unified: VERIFY STEP 2/6 COMPLETE: FAILED (HTTPS error: No build record available (pre-fetch failed))
04-13 15:06:24.991 D/MainActivity( 9555): Verify: ciris_verify_ffi: [INFO] ciris_verify_core::unified: VERIFY STEP 3/6 STARTING: Module integrity check
04-13 15:06:24.998 D/MainActivity( 9555): Verify: ciris_verify_ffi: [WARN] ciris_verify_core::unified: VERIFY STEP 3/6 COMPLETE: FAILED (HTTPS error: No build record available (pre-fetch failed))
04-13 15:06:25.051 D/MainActivity( 9555): Verify: ciris_verify_ffi: [INFO] ciris_verify_core::unified: VERIFY STEP 4/6 STARTING: Source validation analysis
04-13 15:06:25.073 D/MainActivity( 9555): Verify: ciris_verify_ffi: [INFO] ciris_verify_core::unified: VERIFY STEP 4/6 COMPLETE: 3/3 sources valid (status=AllSourcesAgree)
04-13 15:06:25.085 D/MainActivity( 9555): Verify: ciris_verify_ffi: [INFO] ciris_verify_core::unified: VERIFY STEP 5/6 STARTING: Python module integrity
04-13 15:06:25.085 D/MainActivity( 9555): Verify: ciris_verify_ffi: [INFO] ciris_verify_core::unified: VERIFY STEP 5/6 COMPLETE: OK (958/958 modules passed)
04-13 15:06:25.087 D/MainActivity( 9555): Verify: ciris_verify_ffi: [INFO] ciris_verify_core::unified: VERIFY STEP 6/6 STARTING: Audit trail verification
04-13 15:06:25.088 D/MainActivity( 9555): Verify: ciris_verify_ffi: [INFO] ciris_verify_core::unified: VERIFY STEP 6/6 COMPLETE: SKIP (no entries provided)
04-13 15:06:25.089 D/MainActivity( 9555): Verify: ciris_verify_ffi: [INFO] ciris_verify_core::unified: VERIFY PHASE 2/2 COMPLETE: All local checks done
04-13 15:06:25.090 D/MainActivity( 9555): Verify: ciris_verify_ffi: [INFO] ciris_verify_core::unified: VERIFY ATTESTATION COMPLETE: level=1, valid=false, checks=5/6, time=931ms
04-13 15:06:25.144 D/MainActivity( 9555): Verify: ciris_verify_ffi: [INFO] ciris_keyring::platform::android: VERIFY key_exists check - phase 1 (file/wrapper check), wrapper_alias=agent_signing_aes_wrapper, encrypted_key_path="/data/data/ai.ciris.mobile.debug/files/ciris/data/agent_signing.ed25519.enc", wrapper_exists=true, file_exists=true
04-13 15:06:25.172 D/MainActivity( 9555): Verify: ciris_verify_ffi: [INFO] ciris_keyring::platform::android: VERIFY key_exists check - phase 2 PASSED (key can be decrypted), wrapper_alias=agent_signing_aes_wrapper
04-13 15:06:25.190 D/MainActivity( 9555): Verify: ciris_verify_ffi: [INFO] ciris_keyring::software: VERIFY MutableEd25519Signer::has_key - hardware wrapper check, has_key=true, hardware_backed=true, ciris_data_dir=Some("/data/data/ai.ciris.mobile.debug/files/ciris")
04-13 15:06:25.253 D/MainActivity( 9555): Verify: ciris_verify_ffi: [INFO] ciris_keyring::platform::android: VERIFY key_exists check - phase 1 (file/wrapper check), wrapper_alias=agent_signing_aes_wrapper, encrypted_key_path="/data/data/ai.ciris.mobile.debug/files/ciris/data/agent_signing.ed25519.enc", wrapper_exists=true, file_exists=true
04-13 15:06:25.271 D/MainActivity( 9555): Verify: ciris_verify_ffi: [INFO] ciris_keyring::platform::android: VERIFY key_exists check - phase 2 PASSED (key can be decrypted), wrapper_alias=agent_signing_aes_wrapper
04-13 15:06:26.159 I/python.stdout( 9555): [SERVICES] === RESUME (12 remaining services) PHASE ===
04-13 15:06:26.201 I/python.stdout( 9555): [RESUME (12 remaining services)] [SERVICE 9/22] TelemetryService STARTED
04-13 15:06:26.202 D/MainActivity( 9555): Service 9 started (11/22)
04-13 15:06:26.273 D/CIRISApp( 9555): [INFO] onSetupComplete called - exchanging tokens...
04-13 15:06:26.276 I/CIRISApp( 9555):  Exchanging OAuth ID token for CIRIS access token (provider=google)
04-13 15:06:26.279 I/CIRISApiClient( 9555): [nativeAuth] Attempting native auth: provider=google, userId=102773749033681671083
04-13 15:06:26.282 I/CIRISApiClient( 9555): [googleAuth] Attempting Google auth: userId=102773749033681671083, idToken=eyJhbGci...l5Ow
04-13 15:06:26.450 I/python.stdout( 9555): [RESUME (12 remaining services)] [SERVICE 14/22] LLMService STARTED
04-13 15:06:26.451 D/MainActivity( 9555): Service 14 started (12/22)
04-13 15:06:26.681 I/python.stdout( 9555): VERIFY Unified attestation complete, valid=false, level=1, level_pending=true, checks_passed=3, checks_total=5
04-13 15:06:26.683 D/MainActivity( 9555): Verify: VERIFY Unified attestation complete, valid=false, level=1, level_pending=true, checks_passed=3, checks_total=5
04-13 15:06:26.760 D/MainActivity( 9555): Verify: ciris_verify_ffi: [INFO] ciris_keyring::platform::android: VERIFY key_exists check - phase 1 (file/wrapper check), wrapper_alias=agent_signing_aes_wrapper, encrypted_key_path="/data/data/ai.ciris.mobile.debug/files/ciris/data/agent_signing.ed25519.enc", wrapper_exists=true, file_exists=true
04-13 15:06:26.761 D/MainActivity( 9555): Verify: ciris_verify_ffi: [INFO] ciris_keyring::platform::android: VERIFY key_exists check - phase 2 PASSED (key can be decrypted), wrapper_alias=agent_signing_aes_wrapper
04-13 15:06:26.967 I/python.stdout( 9555): [RESUME (12 remaining services)] [SERVICE 8/22] AuditService STARTED
04-13 15:06:26.969 D/MainActivity( 9555): Service 8 started (13/22)
04-13 15:06:27.032 I/python.stdout( 9555): [RESUME (12 remaining services)] [SERVICE 10/22] IncidentManagement STARTED
04-13 15:06:27.034 D/MainActivity( 9555): Service 10 started (14/22)
04-13 15:06:27.122 I/python.stdout( 9555): [RESUME (12 remaining services)] [SERVICE 19/22] AdaptiveFilter STARTED
04-13 15:06:27.123 D/MainActivity( 9555): Service 19 started (15/22)
04-13 15:06:27.150 I/python.stdout( 9555): [RESUME (12 remaining services)] [SERVICE 18/22] TaskScheduler STARTED
04-13 15:06:27.151 D/MainActivity( 9555): Service 18 started (16/22)
04-13 15:06:28.169 I/python.stdout( 9555): [RESUME (12 remaining services)] [SERVICE 11/22] TSDBConsolidation STARTED
04-13 15:06:28.170 D/MainActivity( 9555): Service 11 started (17/22)
04-13 15:06:28.175 I/python.stdout( 9555): [RESUME (12 remaining services)] [SERVICE 16/22] DatabaseMaintenance STARTED
04-13 15:06:28.176 D/MainActivity( 9555): Service 16 started (18/22)
04-13 15:06:28.559 I/python.stdout( 9555): [RESUME (12 remaining services)] [SERVICE 21/22] SelfObservation STARTED
04-13 15:06:28.560 D/MainActivity( 9555): Service 21 started (19/22)
04-13 15:06:28.571 I/python.stdout( 9555): [RESUME (12 remaining services)] [SERVICE 20/22] VisibilityService STARTED
04-13 15:06:28.572 D/MainActivity( 9555): Service 20 started (20/22)
04-13 15:06:28.574 I/python.stdout( 9555): [RESUME (12 remaining services)] [SERVICE 12/22] ConsentService STARTED
04-13 15:06:28.575 D/MainActivity( 9555): Service 12 started (21/22)
04-13 15:06:28.610 I/python.stdout( 9555): [RESUME (12 remaining services)] [SERVICE 17/22] RuntimeControl STARTED
04-13 15:06:28.612 D/MainActivity( 9555): Service 17 started (22/22)
04-13 15:06:29.393 I/python.stdout( 9555): [RESUME (12 remaining services)] [SERVICE 14/22] LLMService STARTED
04-13 15:06:29.394 D/MainActivity( 9555): Service 14 started (22/22)
04-13 15:06:30.751 I/python.stdout( 9555): [CONSOLIDATOR] Checking for missed windows...
04-13 15:06:30.950 D/MainActivity( 9555): Verify: ciris_verify_ffi: [INFO] ciris_keyring::platform::android: VERIFY key_exists check - phase 1 (file/wrapper check), wrapper_alias=agent_signing_aes_wrapper, encrypted_key_path="/data/data/ai.ciris.mobile.debug/files/ciris/data/agent_signing.ed25519.enc", wrapper_exists=true, file_exists=true
04-13 15:06:30.951 D/MainActivity( 9555): Verify: ciris_verify_ffi: [INFO] ciris_keyring::platform::android: VERIFY key_exists check - phase 2 PASSED (key can be decrypted), wrapper_alias=agent_signing_aes_wrapper
04-13 15:06:31.074 D/EnvFileUpdater( 9555): Found CIRIS_HOME from env: /data/user/0/ai.ciris.mobile.debug/files/ciris
04-13 15:06:33.461 D/MainActivity( 9555): Verify: ciris_verify_ffi: [INFO] ciris_keyring::platform::android: VERIFY key_exists check - phase 1 (file/wrapper check), wrapper_alias=agent_signing_aes_wrapper, encrypted_key_path="/data/data/ai.ciris.mobile.debug/files/ciris/data/agent_signing.ed25519.enc", wrapper_exists=true, file_exists=true
04-13 15:06:33.463 D/MainActivity( 9555): Verify: ciris_verify_ffi: [INFO] ciris_keyring::platform::android: VERIFY key_exists check - phase 2 PASSED (key can be decrypted), wrapper_alias=agent_signing_aes_wrapper
04-13 15:06:33.476 I/python.stdout( 9555): [15:06:33.475] [STATE] Transition: shutdown -> work
04-13 15:06:34.271 I/CIRISApiClient( 9555): [googleAuth] Google auth successful: userId=google:102773749033681671083, role=SYSTEM_ADMIN
04-13 15:06:34.278 I/CIRISApp( 9555):  Got CIRIS access token: ciris_ad...HAms
04-13 15:06:34.411 I/CIRISApp( 9555):  Token saved to secure storage
04-13 15:06:34.413 I/CIRISApp( 9555):  Writing OAuth ID token to .env for Python billing...
04-13 15:06:34.416 D/EnvFileUpdater( 9555): Found CIRIS_HOME from env: /data/user/0/ai.ciris.mobile.debug/files/ciris
04-13 15:06:34.419 I/EnvFileUpdater( 9555): Read .env file (7525 bytes)
04-13 15:06:34.424 I/EnvFileUpdater( 9555): CIRIS proxy mode detected - updating OPENAI_API_KEY
04-13 15:06:34.426 I/EnvFileUpdater( 9555): Updated OPENAI_API_KEY
04-13 15:06:34.430 I/EnvFileUpdater( 9555): Updated CIRIS_BILLING_GOOGLE_ID_TOKEN
04-13 15:06:34.433 I/EnvFileUpdater( 9555): .env file updated (proxy mode: true)
04-13 15:06:34.433 D/EnvFileUpdater( 9555): Found CIRIS_HOME from env: /data/user/0/ai.ciris.mobile.debug/files/ciris
04-13 15:06:34.434 I/EnvFileUpdater( 9555): Config reload signal written to /data/user/0/ai.ciris.mobile.debug/files/ciris/.config_reload
04-13 15:06:34.434 I/CIRISApp( 9555):  .env updated, .config_reload signal written
04-13 15:06:34.437 I/CIRISApiClient( 9555): [setAccessToken] Setting access token: ciris_ad...HAms, length=55
04-13 15:06:34.440 I/CIRISApiClient( 9555): [setAccessToken] Bearer token set on all API instances (13 APIs)
04-13 15:06:34.443 I/MainActivity( 9555): Token updated, setting on billing apiClient
04-13 15:06:34.443 I/CIRISApiClient( 9555): [setAccessToken] Setting access token: ciris_ad...HAms, length=55
04-13 15:06:34.446 I/CIRISApiClient( 9555): [setAccessToken] Bearer token set on all API instances (13 APIs)
04-13 15:06:34.448 I/CIRISApiClient( 9555): [logTokenState] === TOKEN STATE DEBUG ===
04-13 15:06:34.450 I/CIRISApiClient( 9555): [logTokenState] accessToken present: true
