04-13 15:04:32.714 I/python.stdout( 9555): INFO: ciris_engine.logic.runtime.ciris_runtime: [initialize] Got initialization service: <ciris_engine.logic.services.lifecycle.initialization.service.InitializationService object at 0xb6ea0a30>
04-13 15:04:32.714 I/python.stdout( 9555): INFO: ciris_engine.logic.runtime.ciris_runtime: [initialize] Registering initialization steps...
04-13 15:04:32.715 I/python.stdout( 9555): INFO: ciris_engine.logic.runtime.ciris_runtime: [initialize] Steps registered
04-13 15:04:32.715 I/python.stdout( 9555): INFO: ciris_engine.logic.runtime.ciris_runtime: [initialize] Running initialization sequence...
04-13 15:04:32.716 I/python.stdout( 9555): INFO: ciris_engine.logic.services.lifecycle.initialization.service: ============================================================
04-13 15:04:32.716 I/python.stdout( 9555): INFO: ciris_engine.logic.services.lifecycle.initialization.service: CIRIS Agent Initialization Sequence Starting
04-13 15:04:32.716 I/python.stdout( 9555): INFO: ciris_engine.logic.services.lifecycle.initialization.service: ============================================================
04-13 15:04:32.717 I/python.stdout( 9555): INFO: ciris_engine.logic.services.lifecycle.initialization.service: [InitializationService] Registered 13 steps across 8 phases
04-13 15:04:32.717 I/python.stdout( 9555): INFO: ciris_engine.logic.services.lifecycle.initialization.service: [InitializationService] Executing phase infrastructure with 1 steps
04-13 15:04:32.718 I/python.stdout( 9555): INFO: ciris_engine.logic.services.lifecycle.initialization.service: ------------------------------------------------------------
04-13 15:04:32.718 I/python.stdout( 9555): INFO: ciris_engine.logic.services.lifecycle.initialization.service: Phase: INFRASTRUCTURE
04-13 15:04:32.718 I/python.stdout( 9555): INFO: ciris_engine.logic.services.lifecycle.initialization.service: ------------------------------------------------------------
04-13 15:04:32.719 I/python.stdout( 9555): INFO: ciris_engine.logic.services.lifecycle.initialization.service: → Initialize Infrastructure Services...
04-13 15:04:32.719 D/MainActivity( 9555): Service 4 started (4/22)
04-13 15:04:32.723 D/MainActivity( 9555): Service 4 started (4/22)
04-13 15:04:32.787 I/python.stdout( 9555): 
04-13 15:04:32.787 I/python.stdout( 9555): ================================================================================
04-13 15:04:32.788 I/python.stdout( 9555): 🔍 LOGGING INITIALIZED - SEE DETAILED LOGS AT: /data/data/ai.ciris.mobile.debug/files/ciris/logs/ciris_agent_20260413_200432.log
04-13 15:04:32.788 I/python.stdout( 9555): 🔗 Symlinked to: /data/data/ai.ciris.mobile.debug/files/ciris/logs/latest.log
04-13 15:04:32.788 I/python.stdout( 9555): ⚠️  Incident capture: /data/data/ai.ciris.mobile.debug/files/ciris/logs/incidents_latest.log (WARNING/ERROR messages captured as incidents)
04-13 15:04:32.788 I/python.stdout( 9555): ================================================================================
04-13 15:04:32.788 I/python.stdout( 9555): 
04-13 15:04:33.520 I/python.stdout( 9555): [FIRST-RUN] [SERVICE 5/22] SecretsService STARTED
04-13 15:04:33.533 D/MainActivity( 9555): Service 5 started (5/22)
04-13 15:04:33.534 I/python.stdout( 9555): [FIRST-RUN] [SERVICE 22/22] SecretsToolService STARTED
04-13 15:04:33.545 D/MainActivity( 9555): Service 22 started (6/22)
04-13 15:04:33.576 I/python.stdout( 9555): [FIRST-RUN] [SERVICE 6/22] MemoryService STARTED
04-13 15:04:33.580 I/python.stdout( 9555): [FIRST-RUN] [SERVICE 7/22] ConfigService STARTED
04-13 15:04:33.583 D/MainActivity( 9555): Service 6 started (7/22)
04-13 15:04:33.589 D/MainActivity( 9555): Service 7 started (8/22)
04-13 15:04:35.033 I/chromium(30664): [INFO:memory_cache.cc(508)] MemoryCache EvictResources
04-13 15:04:35.238 D/CIRISApp( 9555): [INIT] CIRISApp composable invoked - googleSignInCallback=PRESENT (254413796)
04-13 15:04:35.241 I/InteractViewModel( 9555): [setDeviceAttestationCallback] Device attestation callback SET
04-13 15:04:37.119 I/python.stdout( 9555): [FIRST-RUN] [SERVICE 15/22] AuthenticationService STARTED
04-13 15:04:37.133 D/MainActivity( 9555): Service 15 started (9/22)
04-13 15:04:37.162 I/python.stdout( 9555): [FIRST-RUN] [SERVICE 13/22] WiseAuthority STARTED
04-13 15:04:37.169 D/MainActivity( 9555): Service 13 started (10/22)
04-13 15:04:37.175 I/python.stdout( 9555): [FIRST-RUN] ✓ 10/10 minimal services started - ready for setup wizard
04-13 15:04:37.317 D/MainActivity( 9555): Verify: ciris_verify_ffi: [INFO] ciris_verify_ffi: VERIFY Creating Ed25519 signer - environment snapshot, ciris_data_dir=Some("/data/data/ai.ciris.mobile.debug/files/ciris/data"), ciris_key_path=None, current_dir=Some("/")
04-13 15:04:37.318 D/MainActivity( 9555): Verify: ciris_verify_ffi: [INFO] ciris_keyring::software: VERIFY MutableEd25519Signer::new - initializing, alias=agent_signing, ciris_data_dir=Some("/data/data/ai.ciris.mobile.debug/files/ciris/data"), ciris_key_path=None
04-13 15:04:37.319 D/MainActivity( 9555): Verify: ciris_verify_ffi: [INFO] ciris_keyring::platform::android: VERIFY HardwareWrappedEd25519Signer::new - initializing hardware wrapper, alias=agent_signing, wrapper_alias=agent_signing_aes_wrapper, key_path="/data/data/ai.ciris.mobile.debug/files/ciris/data/agent_signing.ed25519.enc", key_dir="/data/data/ai.ciris.mobile.debug/files/ciris/data", prefer_strongbox=false, ciris_data_dir=Some("/data/data/ai.ciris.mobile.debug/files/ciris/data")
04-13 15:04:37.320 D/MainActivity( 9555): Verify: ciris_verify_ffi: [INFO] ciris_keyring::software: VERIFY Attempting to load hardware-backed Ed25519 key..., ciris_data_dir=Some("/data/data/ai.ciris.mobile.debug/files/ciris/data")
04-13 15:04:37.322 D/MainActivity( 9555): Verify: ciris_verify_ffi: [INFO] ciris_keyring::platform::android: VERIFY key_exists check - phase 1 (file/wrapper check), wrapper_alias=agent_signing_aes_wrapper, encrypted_key_path="/data/data/ai.ciris.mobile.debug/files/ciris/data/agent_signing.ed25519.enc", wrapper_exists=false, file_exists=false
04-13 15:04:37.323 D/MainActivity( 9555): Verify: ciris_verify_ffi: [INFO] ciris_verify_ffi: VERIFY Ed25519 signer initialized
04-13 15:04:37.324 D/MainActivity( 9555): Verify: ciris_verify_ffi: [INFO] ciris_keyring::platform::android: VERIFY key_exists check - phase 1 (file/wrapper check), wrapper_alias=agent_signing_aes_wrapper, encrypted_key_path="/data/data/ai.ciris.mobile.debug/files/ciris/data/agent_signing.ed25519.enc", wrapper_exists=false, file_exists=false
04-13 15:04:37.325 D/MainActivity( 9555): Verify: ciris_verify_ffi: [INFO] ciris_keyring::software: VERIFY MutableEd25519Signer::has_key - hardware wrapper check, has_key=false, hardware_backed=true, ciris_data_dir=Some("/data/data/ai.ciris.mobile.debug/files/ciris/data")
04-13 15:04:37.330 D/MainActivity( 9555): Verify: ciris_verify_ffi: [INFO] ciris_keyring::platform::android: VERIFY key_exists check - phase 1 (file/wrapper check), wrapper_alias=agent_signing_aes_wrapper, encrypted_key_path="/data/data/ai.ciris.mobile.debug/files/ciris/data/agent_signing.ed25519.enc", wrapper_exists=false, file_exists=false
04-13 15:04:37.331 D/MainActivity( 9555): Verify: ciris_verify_ffi: [INFO] ciris_keyring::software: VERIFY MutableEd25519Signer::has_key - hardware wrapper check, has_key=false, hardware_backed=true, ciris_data_dir=Some("/data/data/ai.ciris.mobile.debug/files/ciris/data")
04-13 15:04:37.369 D/MainActivity( 9555): Verify: ciris_verify_ffi: [INFO] ciris_keyring::platform::android: VERIFY key_exists check - phase 1 (file/wrapper check), wrapper_alias=agent_signing_aes_wrapper, encrypted_key_path="/data/data/ai.ciris.mobile.debug/files/ciris/data/agent_signing.ed25519.enc", wrapper_exists=false, file_exists=false
04-13 15:04:37.431 D/MainActivity( 9555): Verify: ciris_verify_ffi: [INFO] ciris_keyring::platform::android: VERIFY key_exists check - phase 1 (file/wrapper check), wrapper_alias=agent_signing_aes_wrapper, encrypted_key_path="/data/data/ai.ciris.mobile.debug/files/ciris/data/agent_signing.ed25519.enc", wrapper_exists=false, file_exists=false
04-13 15:04:37.433 D/MainActivity( 9555): Verify: ciris_verify_ffi: [INFO] ciris_keyring::software: VERIFY MutableEd25519Signer::has_key - hardware wrapper check, has_key=false, hardware_backed=true, ciris_data_dir=Some("/data/data/ai.ciris.mobile.debug/files/ciris/data")
04-13 15:04:37.452 D/MainActivity( 9555): Verify: ciris_verify_ffi: [INFO] ciris_verify_core::unified: VERIFY ATTESTATION STARTING: Full attestation with network+integrity checks
04-13 15:04:37.455 D/MainActivity( 9555): Verify: ciris_verify_ffi: [INFO] ciris_verify_core::unified: VERIFY PHASE 1/2 STARTING: Parallel manifest fetch + validation (5 network calls)
04-13 15:04:37.460 D/MainActivity( 9555): Verify: ciris_verify_ffi: [INFO] ciris_verify_core::unified: VERIFY STEP 1/5 STARTING: Binary manifest fetch
04-13 15:04:37.473 D/CIRISApp( 9555): [INIT] CIRISApp composable invoked - googleSignInCallback=PRESENT (254413796)
04-13 15:04:37.475 I/InteractViewModel( 9555): [setDeviceAttestationCallback] Device attestation callback SET
04-13 15:04:37.552 D/MainActivity( 9555): Verify: ciris_verify_ffi: [INFO] ciris_verify_core::unified: VERIFY STEP 1/5 COMPLETE: OK (10 targets)
04-13 15:04:37.555 D/MainActivity( 9555): Verify: ciris_verify_ffi: [INFO] ciris_verify_core::unified: VERIFY STEP 2/5 STARTING: Function manifest fetch
04-13 15:04:37.582 D/MainActivity( 9555): Verify: ciris_verify_ffi: [INFO] ciris_verify_core::unified: VERIFY STEP 2/5 COMPLETE: OK (48 functions)
04-13 15:04:37.586 D/MainActivity( 9555): Verify: ciris_verify_ffi: [INFO] ciris_verify_core::unified: VERIFY STEP 3/5 STARTING: Agent build record fetch
04-13 15:04:37.602 E/CIRISApiClient( 9555): [getSystemStatus] Exception: ConnectException: Failed to connect to localhost/127.0.0.1:8080 | Context: url=http://localhost:8080
04-13 15:04:37.602 E/CIRISApiClient( 9555): java.net.ConnectException: Failed to connect to localhost/127.0.0.1:8080
04-13 15:04:37.602 E/CIRISApiClient( 9555): 	at okhttp3.internal.connection.RealConnection.connectSocket(RealConnection.kt:297)
04-13 15:04:37.602 E/CIRISApiClient( 9555): 	at okhttp3.internal.connection.RealConnection.connect(RealConnection.kt:207)
04-13 15:04:37.602 E/CIRISApiClient( 9555): 	at okhttp3.internal.connection.ExchangeFinder.findConnection(ExchangeFinder.kt:226)
04-13 15:04:37.602 E/CIRISApiClient( 9555): 	at okhttp3.internal.connection.ExchangeFinder.findHealthyConnection(ExchangeFinder.kt:106)
04-13 15:04:37.602 E/CIRISApiClient( 9555): 	at okhttp3.internal.connection.ExchangeFinder.find(ExchangeFinder.kt:74)
04-13 15:04:37.602 E/CIRISApiClient( 9555): 	at okhttp3.internal.connection.RealCall.initExchange$okhttp(RealCall.kt:255)
04-13 15:04:37.602 E/CIRISApiClient( 9555): 	at okhttp3.internal.connection.ConnectInterceptor.intercept(ConnectInterceptor.kt:32)
04-13 15:04:37.602 E/CIRISApiClient( 9555): 	at okhttp3.internal.http.RealInterceptorChain.proceed(RealInterceptorChain.kt:109)
04-13 15:04:37.602 E/CIRISApiClient( 9555): 	at okhttp3.internal.cache.CacheInterceptor.intercept(CacheInterceptor.kt:95)
04-13 15:04:37.602 E/CIRISApiClient( 9555): 	at okhttp3.internal.http.RealInterceptorChain.proceed(RealInterceptorChain.kt:109)
04-13 15:04:37.602 E/CIRISApiClient( 9555): 	at okhttp3.internal.http.BridgeInterceptor.intercept(BridgeInterceptor.kt:83)
04-13 15:04:37.602 E/CIRISApiClient( 9555): 	at okhttp3.internal.http.RealInterceptorChain.proceed(RealInterceptorChain.kt:109)
04-13 15:04:37.602 E/CIRISApiClient( 9555): 	at okhttp3.internal.http.RetryAndFollowUpInterceptor.intercept(RetryAndFollowUpInterceptor.kt:76)
04-13 15:04:37.602 E/CIRISApiClient( 9555): 	at okhttp3.internal.http.RealInterceptorChain.proceed(RealInterceptorChain.kt:109)
04-13 15:04:37.602 E/CIRISApiClient( 9555): 	at okhttp3.internal.connection.RealCall.getResponseWithInterceptorChain$okhttp(RealCall.kt:201)
04-13 15:04:37.602 E/CIRISApiClient( 9555): 	at okhttp3.internal.connection.RealCall$AsyncCall.run(RealCall.kt:517)
04-13 15:04:37.602 E/CIRISApiClient( 9555): 	at java.util.concurrent.ThreadPoolExecutor.runWorker(ThreadPoolExecutor.java:1133)
04-13 15:04:37.602 E/CIRISApiClient( 9555): 	at java.util.concurrent.ThreadPoolExecutor$Worker.run(ThreadPoolExecutor.java:607)
04-13 15:04:37.602 E/CIRISApiClient( 9555): 	at java.lang.Thread.run(Thread.java:762)
04-13 15:04:37.602 E/CIRISApiClient( 9555): Caused by: java.net.ConnectException: Connection refused
04-13 15:04:37.602 E/CIRISApiClient( 9555): 	at java.net.PlainSocketImpl.socketConnect(Native Method)
04-13 15:04:37.602 E/CIRISApiClient( 9555): 	at java.net.AbstractPlainSocketImpl.doConnect(AbstractPlainSocketImpl.java:334)
04-13 15:04:37.602 E/CIRISApiClient( 9555): 	at java.net.AbstractPlainSocketImpl.connectToAddress(AbstractPlainSocketImpl.java:196)
04-13 15:04:37.602 E/CIRISApiClient( 9555): 	at java.net.AbstractPlainSocketImpl.connect(AbstractPlainSocketImpl.java:178)
04-13 15:04:37.602 E/CIRISApiClient( 9555): 	at java.net.SocksSocketImpl.connect(SocksSocketImpl.java:356)
04-13 15:04:37.602 E/CIRISApiClient( 9555): 	at java.net.Socket.connect(Socket.java:605)
04-13 15:04:37.602 E/CIRISApiClient( 9555): 	at okhttp3.internal.platform.AndroidPlatform.connectSocket(AndroidPlatform.kt:63)
04-13 15:04:37.602 E/CIRISApiClient( 9555): 	at okhttp3.internal.connection.RealConnection.connectSocket(RealConnection.kt:295)
04-13 15:04:37.602 E/CIRISApiClient( 9555): 	... 18 more
04-13 15:04:37.629 D/MainActivity( 9555): Verify: ciris_verify_ffi: [WARN] ciris_verify_core::unified: VERIFY STEP 3/5 COMPLETE: FAILED (HTTPS error: All registry endpoints failed for build/2.4.4)
04-13 15:04:37.632 D/MainActivity( 9555): Verify: ciris_verify_ffi: [INFO] ciris_verify_core::unified: VERIFY STEP 4/5 STARTING: Source validation (DNS US + EU + HTTPS)
04-13 15:04:38.109 D/MainActivity( 9555): Verify: ciris_verify_ffi: [INFO] ciris_verify_core::unified: VERIFY STEP 4/5 COMPLETE: 3/3 sources reachable
04-13 15:04:38.113 D/MainActivity( 9555): Verify: ciris_verify_ffi: [INFO] ciris_verify_core::unified: VERIFY STEP 5/5 STARTING: Registry key verification
04-13 15:04:38.117 D/MainActivity( 9555): Verify: ciris_verify_ffi: [INFO] ciris_verify_core::unified: VERIFY STEP 5/5 COMPLETE: SKIP (no fingerprint)
04-13 15:04:38.120 D/MainActivity( 9555): Verify: ciris_verify_ffi: [INFO] ciris_verify_core::unified: VERIFY PHASE 1/2 COMPLETE: All network fetches done
04-13 15:04:38.124 D/MainActivity( 9555): Verify: ciris_verify_ffi: [ERROR] ciris_verify_core::unified: VERIFY MANIFEST_CACHE MISS: No cached build record available and registry unreachable — L4 file integrity will be skipped
04-13 15:04:38.127 D/MainActivity( 9555): Verify: ciris_verify_ffi: [INFO] ciris_verify_core::unified: VERIFY PHASE 2/2 STARTING: Local verification (6 checks)
04-13 15:04:38.130 D/MainActivity( 9555): Verify: ciris_verify_ffi: [INFO] ciris_verify_core::unified: VERIFY STEP 1/6 STARTING: Self-verification (binary + functions)
04-13 15:04:38.297 D/MainActivity( 9555): Verify: ciris_verify_ffi: [INFO] ciris_verify_core::unified: VERIFY STEP 1/6 COMPLETE: OK (binary=✓, functions=48/48)
04-13 15:04:38.298 D/MainActivity( 9555): Verify: ciris_verify_ffi: [INFO] ciris_verify_core::unified: VERIFY STEP 2/6 STARTING: File integrity check
04-13 15:04:38.300 D/MainActivity( 9555): Verify: ciris_verify_ffi: [WARN] ciris_verify_core::unified: VERIFY STEP 2/6 COMPLETE: FAILED (HTTPS error: No build record available (pre-fetch failed))
04-13 15:04:38.301 D/MainActivity( 9555): Verify: ciris_verify_ffi: [INFO] ciris_verify_core::unified: VERIFY STEP 3/6 STARTING: Module integrity check
04-13 15:04:38.303 D/MainActivity( 9555): Verify: ciris_verify_ffi: [WARN] ciris_verify_core::unified: VERIFY STEP 3/6 COMPLETE: FAILED (HTTPS error: No build record available (pre-fetch failed))
04-13 15:04:38.304 D/MainActivity( 9555): Verify: ciris_verify_ffi: [INFO] ciris_verify_core::unified: VERIFY STEP 4/6 STARTING: Source validation analysis
04-13 15:04:38.306 D/MainActivity( 9555): Verify: ciris_verify_ffi: [INFO] ciris_verify_core::unified: VERIFY STEP 4/6 COMPLETE: 3/3 sources valid (status=AllSourcesAgree)
04-13 15:04:38.307 D/MainActivity( 9555): Verify: ciris_verify_ffi: [INFO] ciris_verify_core::unified: VERIFY STEP 5/6 STARTING: Python module integrity
04-13 15:04:38.309 D/MainActivity( 9555): Verify: ciris_verify_ffi: [INFO] ciris_verify_core::unified: VERIFY STEP 5/6 COMPLETE: OK (958/958 modules passed)
04-13 15:04:38.310 D/MainActivity( 9555): Verify: ciris_verify_ffi: [INFO] ciris_verify_core::unified: VERIFY STEP 6/6 STARTING: Audit trail verification
04-13 15:04:38.311 D/MainActivity( 9555): Verify: ciris_verify_ffi: [INFO] ciris_verify_core::unified: VERIFY STEP 6/6 COMPLETE: SKIP (no entries provided)
04-13 15:04:38.313 D/MainActivity( 9555): Verify: ciris_verify_ffi: [INFO] ciris_verify_core::unified: VERIFY PHASE 2/2 COMPLETE: All local checks done
04-13 15:04:38.314 D/MainActivity( 9555): Verify: ciris_verify_ffi: [INFO] ciris_verify_core::unified: VERIFY BASELINE SET: binary=true, functions=true, file_integrity=true, python=true
04-13 15:04:38.317 D/MainActivity( 9555): Verify: ciris_verify_ffi: [INFO] ciris_verify_core::unified: VERIFY ATTESTATION COMPLETE: level=1, valid=false, checks=5/5, time=860ms
04-13 15:04:38.319 D/MainActivity( 9555): Verify: ciris_verify_ffi: [INFO] ciris_keyring::platform::android: VERIFY key_exists check - phase 1 (file/wrapper check), wrapper_alias=agent_signing_aes_wrapper, encrypted_key_path="/data/data/ai.ciris.mobile.debug/files/ciris/data/agent_signing.ed25519.enc", wrapper_exists=false, file_exists=false
04-13 15:04:38.320 D/MainActivity( 9555): Verify: ciris_verify_ffi: [INFO] ciris_keyring::software: VERIFY MutableEd25519Signer::has_key - hardware wrapper check, has_key=false, hardware_backed=true, ciris_data_dir=Some("/data/data/ai.ciris.mobile.debug/files/ciris/data")
04-13 15:04:38.325 D/MainActivity( 9555): Verify: ciris_verify_ffi: [INFO] ciris_keyring::software: VERIFY MutableEd25519Signer::import_key - importing key, key_len=32, hardware_backed=true, ciris_data_dir=Some("/data/data/ai.ciris.mobile.debug/files/ciris/data")
04-13 15:04:38.376 D/MainActivity( 9555): Verify: ciris_verify_ffi: [INFO] ciris_keyring::platform::android: VERIFY Writing encrypted Ed25519 key to disk, wrapper_alias=agent_signing_aes_wrapper, encrypted_key_path="/data/data/ai.ciris.mobile.debug/files/ciris/data/agent_signing.ed25519.enc", encrypted_size=60, ciris_data_dir=Some("/data/data/ai.ciris.mobile.debug/files/ciris/data")
04-13 15:04:38.378 D/MainActivity( 9555): Verify: ciris_verify_ffi: [INFO] ciris_keyring::platform::android: VERIFY Encrypted key file written and verified, encrypted_key_path="/data/data/ai.ciris.mobile.debug/files/ciris/data/agent_signing.ed25519.enc", file_size=60, expected_size=60
04-13 15:04:38.380 D/MainActivity( 9555): Verify: ciris_verify_ffi: [INFO] ciris_keyring::platform::android: VERIFY Hardware-wrapped Ed25519 key imported successfully, wrapper_alias=agent_signing_aes_wrapper, encrypted_key_path="/data/data/ai.ciris.mobile.debug/files/ciris/data/agent_signing.ed25519.enc"
04-13 15:04:38.391 D/MainActivity( 9555): Verify: ciris_verify_ffi: [INFO] ciris_keyring::platform::android: VERIFY key_exists check - phase 1 (file/wrapper check), wrapper_alias=agent_signing_aes_wrapper, encrypted_key_path="/data/data/ai.ciris.mobile.debug/files/ciris/data/agent_signing.ed25519.enc", wrapper_exists=true, file_exists=true
04-13 15:04:38.393 D/MainActivity( 9555): Verify: ciris_verify_ffi: [INFO] ciris_keyring::platform::android: VERIFY key_exists check - phase 2 PASSED (key can be decrypted), wrapper_alias=agent_signing_aes_wrapper
04-13 15:04:38.401 D/MainActivity( 9555): Verify: ciris_verify_ffi: [INFO] ciris_keyring::platform::android: VERIFY key_exists check - phase 1 (file/wrapper check), wrapper_alias=agent_signing_aes_wrapper, encrypted_key_path="/data/data/ai.ciris.mobile.debug/files/ciris/data/agent_signing.ed25519.enc", wrapper_exists=true, file_exists=true
04-13 15:04:38.403 D/MainActivity( 9555): Verify: ciris_verify_ffi: [INFO] ciris_keyring::platform::android: VERIFY key_exists check - phase 2 PASSED (key can be decrypted), wrapper_alias=agent_signing_aes_wrapper
04-13 15:04:38.455 D/MainActivity( 9555): Verify: ciris_verify_ffi: [INFO] ciris_keyring::platform::android: VERIFY key_exists check - phase 1 (file/wrapper check), wrapper_alias=agent_signing_aes_wrapper, encrypted_key_path="/data/data/ai.ciris.mobile.debug/files/ciris/data/agent_signing.ed25519.enc", wrapper_exists=true, file_exists=true
04-13 15:04:38.456 D/MainActivity( 9555): Verify: ciris_verify_ffi: [INFO] ciris_keyring::platform::android: VERIFY key_exists check - phase 2 PASSED (key can be decrypted), wrapper_alias=agent_signing_aes_wrapper
04-13 15:04:38.459 D/MainActivity( 9555): Verify: ciris_verify_ffi: [INFO] ciris_keyring::software: VERIFY MutableEd25519Signer::has_key - hardware wrapper check, has_key=true, hardware_backed=true, ciris_data_dir=Some("/data/data/ai.ciris.mobile.debug/files/ciris/data")
04-13 15:04:38.469 D/MainActivity( 9555): Verify: ciris_verify_ffi: [INFO] ciris_keyring::platform::android: VERIFY key_exists check - phase 1 (file/wrapper check), wrapper_alias=agent_signing_aes_wrapper, encrypted_key_path="/data/data/ai.ciris.mobile.debug/files/ciris/data/agent_signing.ed25519.enc", wrapper_exists=true, file_exists=true
04-13 15:04:38.470 D/MainActivity( 9555): Verify: ciris_verify_ffi: [INFO] ciris_keyring::platform::android: VERIFY key_exists check - phase 2 PASSED (key can be decrypted), wrapper_alias=agent_signing_aes_wrapper
04-13 15:04:38.472 D/MainActivity( 9555): Verify: ciris_verify_ffi: [INFO] ciris_keyring::software: VERIFY MutableEd25519Signer::has_key - hardware wrapper check, has_key=true, hardware_backed=true, ciris_data_dir=Some("/data/data/ai.ciris.mobile.debug/files/ciris/data")
04-13 15:04:38.554 W/python.stderr( 9555): /data/data/ai.ciris.mobile.debug/files/chaquopy/AssetFinder/requirements/pydantic/_internal/_config.py:291: PydanticDeprecatedSince20: Support for class-based `config` is deprecated, use ConfigDict instead. Deprecated in Pydantic V2.0 to be removed in V3.0. See Pydantic V2 Migration Guide at https://errors.pydantic.dev/2.9/migration/
04-13 15:04:40.027 D/CIRISApp( 9555): [INIT] CIRISApp composable invoked - googleSignInCallback=PRESENT (254413796)
04-13 15:04:40.029 I/InteractViewModel( 9555): [setDeviceAttestationCallback] Device attestation callback SET
04-13 15:04:41.051 D/EnvFileUpdater( 9555): Found CIRIS_HOME from env: /data/user/0/ai.ciris.mobile.debug/files/ciris
04-13 15:04:41.763 I/chromium(30664): [INFO:frame_loader.cc(274)] LoaderLog  SetDefersLoading  DeferType = 0
04-13 15:04:41.771 I/python.stdout( 9555): [STARTUP] Checking port 8080 availability...
04-13 15:04:41.773 I/python.stdout( 9555): [STARTUP] Binding to port 8080...
04-13 15:04:41.790 I/python.stdout( 9555): 
04-13 15:04:41.790 I/python.stdout( 9555): ============================================================
04-13 15:04:41.790 I/python.stdout( 9555):   CIRIS Setup Required
04-13 15:04:41.790 I/python.stdout( 9555): ============================================================
04-13 15:04:41.791 I/python.stdout( 9555): 
04-13 15:04:41.791 I/python.stdout( 9555):   Open your browser to complete setup:
04-13 15:04:41.791 I/python.stdout( 9555): 
04-13 15:04:41.791 I/python.stdout( 9555):     http://0.0.0.0:8080
04-13 15:04:41.791 I/python.stdout( 9555): 
04-13 15:04:41.791 I/python.stdout( 9555): ============================================================
04-13 15:04:41.791 I/python.stdout( 9555): 
04-13 15:04:41.791 I/python.stdout( 9555): [STARTUP] Starting server...
04-13 15:04:41.835 I/python.stdout( 9555): Starting CIRIS API...
04-13 15:04:41.844 I/python.stdout( 9555): VERIFY Unified attestation complete, valid=false, level=1, level_pending=true, checks_passed=3, checks_total=5
04-13 15:04:41.847 D/MainActivity( 9555): Verify: VERIFY Unified attestation complete, valid=false, level=1, level_pending=true, checks_passed=3, checks_total=5
04-13 15:04:42.363 D/CIRISApp( 9555): [INIT] CIRISApp composable invoked - googleSignInCallback=PRESENT (254413796)
04-13 15:04:42.364 I/InteractViewModel( 9555): [setDeviceAttestationCallback] Device attestation callback SET
04-13 15:04:42.793 I/python.stdout( 9555): [STARTUP] API server listening on port 8080
04-13 15:04:42.794 I/python.stdout( 9555): [STARTUP] Server ready for connections
04-13 15:04:44.902 D/CIRISApp( 9555): [INIT] CIRISApp composable invoked - googleSignInCallback=PRESENT (254413796)
04-13 15:04:44.905 I/InteractViewModel( 9555): [setDeviceAttestationCallback] Device attestation callback SET
04-13 15:04:47.336 D/CIRISApp( 9555): [INIT] CIRISApp composable invoked - googleSignInCallback=PRESENT (254413796)
04-13 15:04:47.337 I/InteractViewModel( 9555): [setDeviceAttestationCallback] Device attestation callback SET
04-13 15:04:47.386 D/CIRISApp( 9555): [INFO] Startup READY, checking first-run status...
04-13 15:04:47.444 I/CIRISApiClient( 9555): [init] CIRISApiClient initialized with baseUrl=http://localhost:8080
04-13 15:04:47.476 I/InteractViewModel( 9555): [observeLanguageChanges] Updating pipeline labels for language: en (explicit=false)
04-13 15:04:47.486 D/CIRISApp( 9555): [INIT] CIRISApp composable invoked - googleSignInCallback=PRESENT (254413796)
04-13 15:04:47.487 I/InteractViewModel( 9555): [setDeviceAttestationCallback] Device attestation callback SET
04-13 15:04:47.558 I/CIRISApiClient( 9555): [getSetupStatus] Setup status: required=true, firstRun=true, configExists=false
04-13 15:04:47.561 D/CIRISApp( 9555): [INFO] First run check result: true
04-13 15:04:47.562 D/CIRISApp( 9555): [INFO] First run detected, navigating to Login
04-13 15:04:47.563 D/CIRISApp( 9555): [INIT] CIRISApp composable invoked - googleSignInCallback=PRESENT (254413796)
04-13 15:04:47.564 I/InteractViewModel( 9555): [setDeviceAttestationCallback] Device attestation callback SET
04-13 15:04:47.570 D/CIRISApp( 9555): [DEBUG][Screen.Login] Rendering login screen, googleSignInCallback=PRESENT, isFirstRun=true
04-13 15:04:47.899 D/CIRISApp( 9555): [INFO][Screen.Login] Mobile first-run - showing login for OAuth sign-in
04-13 15:04:51.053 D/EnvFileUpdater( 9555): Found CIRIS_HOME from env: /data/user/0/ai.ciris.mobile.debug/files/ciris
04-13 15:05:01.056 D/EnvFileUpdater( 9555): Found CIRIS_HOME from env: /data/user/0/ai.ciris.mobile.debug/files/ciris
04-13 15:05:07.412 D/CIRISApp( 9555): [INFO][onGoogleSignIn] Button click handler invoked, googleSignInCallback=PRESENT
04-13 15:05:07.412 D/CIRISApp( 9555): [INFO][onGoogleSignIn] Callback is not null, calling onGoogleSignInRequested...
04-13 15:05:07.413 I/MainActivity( 9555): Google Sign-In requested from CIRISApp (interactive)
04-13 15:05:07.480 D/CIRISApp( 9555): [DEBUG][Screen.Login] Rendering login screen, googleSignInCallback=PRESENT, isFirstRun=true
04-13 15:05:11.057 D/EnvFileUpdater( 9555): Found CIRIS_HOME from env: /data/user/0/ai.ciris.mobile.debug/files/ciris
04-13 15:05:12.307 I/MainActivity( 9555): Google Sign-In successful: ciristest1@gmail.com
04-13 15:05:12.311 D/CIRISApp( 9555): [INFO][onGoogleSignIn] Got result from native sign-in: Success
04-13 15:05:12.311 D/CIRISApp( 9555): [DEBUG][onGoogleSignIn] Processing result: Success(idToken=eyJhbGciOiJSUzI1NiIsImtpZCI6ImIzZDk1Yjk1ZmE0OGQxODBiODVmZmU4MDgyZmNmYTIxNzRiMDQ2NjciLCJ0eXAiOiJKV1QifQ.eyJpc3MiOiJodHRwczovL2FjY291bnRzLmdvb2dsZS5jb20iLCJhenAiOiIyNjU4ODI4NTM2OTctOGM1M20zaG4yZDcwczdvcWxtMmgxNjdmN2hyZDFhdTYuYXBwcy5nb29nbGV1c2VyY29udGVudC5jb20iLCJhdWQiOiIyNjU4ODI4NTM2OTctbDQyMW5kb2pjczVubTdsa2xuNTNqajI5a2Y3a2NrOTEuYXBwcy5nb29nbGV1c2VyY29udGVudC5jb20iLCJzdWIiOiIxMDI3NzM3NDkwMzM2ODE2NzEwODMiLCJlbWFpbCI6ImNpcmlzdGVzdDFAZ21haWwuY29tIiwiZW1haWxfdmVyaWZpZWQiOnRydWUsIm5hbWUiOiJDSVJJUyBURVNUIiwicGljdHVyZSI6Imh0dHBzOi8vbGgzLmdvb2dsZXVzZXJjb250ZW50LmNvbS9hL0FDZzhvY0t3ZzEwUXB2U1oxWDl2YWZ3eW5kSW51X0RlOGpTdXNqcExZanA0RFdOT253RFBVUT1zOTYtYyIsImdpdmVuX25hbWUiOiJDSVJJUyIsImZhbWlseV9uYW1lIjoiVEVTVCIsImlhdCI6MTc3NjEwOTE1NiwiZXhwIjoxNzc2MTEyNzU2fQ.zma9XDixmKnbzsBmM1W4M5KulI1yuNXsaISDu1D3ZjmeXXcUa6o0qlVgq31qRe8XF-Ut18n4We9rAmm8jZvTzmWPFaD2_mVD0hilvZPWwy2DtNySefRUwzZiHnV3XTayZTX9Nx0GYT4gs4NU1dxfXgmhVnMYTvC-nXmF-6jUr6qQWEveM7pmvRW0T_Lzxns7uxoUiiyMlSGcynsYvIxLb4Ivdma0tFddfYFE8DnkSvDNYWv-Zm6KUPsAsK59e1D78msmS8pJYveKDY_hicrzhPE-XosXC1avawMai0iO-YFaxKrBeoQajHOzHJa3CJh4bBtAAt7sOlSopbYjLql5Ow, userId=102773749033681671083, email=ciristest1@gmail.com, displayName=CIRIS TEST, provider=google)
04-13 15:05:12.311 D/CIRISApp( 9555): [INFO] Sign-in success: userId=102773749033681671083, email=ciristest1@gmail.com
04-13 15:05:12.312 D/CIRISApp( 9555): [INFO] Checking setup status at http://localhost:8080...
04-13 15:05:12.352 I/CIRISApiClient( 9555): [init] CIRISApiClient initialized with baseUrl=http://localhost:8080
04-13 15:05:12.368 D/CIRISApp( 9555): [DEBUG][Screen.Login] Rendering login screen, googleSignInCallback=PRESENT, isFirstRun=true
04-13 15:05:12.494 I/CIRISApiClient( 9555): [getSetupStatus] Setup status: required=true, firstRun=true, configExists=false
04-13 15:05:12.496 D/CIRISApp( 9555): [INFO] Setup required check result: true
04-13 15:05:12.496 D/CIRISApp( 9555): [INFO] Setup required - storing tokens and navigating to Setup wizard (provider=google)
04-13 15:05:12.498 I/TokenManager( 9555): [setCurrentProvider] Provider set to: google
04-13 15:05:12.504 D/CIRISApp( 9555): [INFO] Navigating to Screen.Setup
04-13 15:05:12.507 D/CIRISApp( 9555): [INIT] CIRISApp composable invoked - googleSignInCallback=PRESENT (254413796)
04-13 15:05:12.508 I/InteractViewModel( 9555): [setDeviceAttestationCallback] Device attestation callback SET
04-13 15:05:12.514 D/CIRISApp( 9555): [DEBUG][Screen.Setup] Rendering setup screen
04-13 15:05:19.354 I/CIRISApiClient( 9555): [init] CIRISApiClient initialized with baseUrl=http://127.0.0.1:8080
04-13 15:05:19.363 I/CIRISApiClient( 9555): [searchLocations] Searching locations: query=scha, countryCode=null, limit=10
04-13 15:05:21.060 D/EnvFileUpdater( 9555): Found CIRIS_HOME from env: /data/user/0/ai.ciris.mobile.debug/files/ciris
04-13 15:05:25.977 I/CIRISApiClient( 9555): [getSetupAdapters] Fetched 9 adapters
04-13 15:05:29.370 I/CIRISApiClient( 9555): [getSetupTemplates] Fetched 5 templates
04-13 15:05:31.062 D/EnvFileUpdater( 9555): Found CIRIS_HOME from env: /data/user/0/ai.ciris.mobile.debug/files/ciris
04-13 15:05:40.192 I/SetupViewModel( 9555): startAdapterWizard: Starting wizard for adapter type: home_assistant
04-13 15:05:40.195 I/CIRISApiClient( 9555): [startAdapterConfiguration] Starting configuration for adapter type: home_assistant, startStepId: null
04-13 15:05:40.469 I/CIRISApiClient( 9555): [startAdapterConfiguration] Config session started: sessionId=55496ff4-022d-40eb-bd1c-95b51b4467da, step=0/5
04-13 15:05:40.471 I/SetupViewModel( 9555): First step is discovery, auto-executing...
04-13 15:05:40.474 I/CIRISApiClient( 9555): [executeConfigurationStep] === EXECUTE CONFIG STEP ===
04-13 15:05:40.475 I/CIRISApiClient( 9555): [executeConfigurationStep] Session: 55496ff4-022d-40eb-bd1c-95b51b4467da
04-13 15:05:40.477 I/CIRISApiClient( 9555): [executeConfigurationStep] Step data keys: []
04-13 15:05:40.478 I/CIRISApiClient( 9555): [executeConfigurationStep] Step data values: {}
04-13 15:05:41.065 D/EnvFileUpdater( 9555): Found CIRIS_HOME from env: /data/user/0/ai.ciris.mobile.debug/files/ciris
04-13 15:05:43.971 I/CIRISApiClient( 9555): [executeConfigurationStep] Response HTTP status: 200
04-13 15:05:43.979 I/CIRISApiClient( 9555): [executeConfigurationStep] Response data: success=true, error=null, nextStepIndex=null
04-13 15:05:43.981 I/CIRISApiClient( 9555): [executeConfigurationStep] Response data keys: [discovered_items]
04-13 15:05:43.985 I/CIRISApiClient( 9555): [executeConfigurationStep] Response data.data: discovered_items=[{"id":"ha_192.168.50.243_8123","label":"Home Assistant (192.168.50.243:8123)","description":"Home",
04-13 15:05:43.987 I/CIRISApiClient( 9555): [executeConfigurationStep] Step result: success=true, nextStep=null, isDiscovery=true, isComplete=false
04-13 15:05:43.989 I/CIRISApiClient( 9555): [executeConfigurationStep] Parsed 1 discovered items
04-13 15:05:43.991 I/CIRISApiClient( 9555): [executeConfigurationStep] === OAUTH URL EXTRACTION ===
04-13 15:05:43.992 I/CIRISApiClient( 9555): [executeConfigurationStep] oauth_url present in data: false
04-13 15:05:43.994 I/CIRISApiClient( 9555): [executeConfigurationStep] awaiting_callback present in data: false
04-13 15:05:43.995 I/CIRISApiClient( 9555): [executeConfigurationStep] No oauth_url extracted from response
04-13 15:05:43.997 I/CIRISApiClient( 9555): [executeConfigurationStep] awaitingCallback: false
04-13 15:05:45.321 I/SetupViewModel( 9555): selectAdapterDiscoveredItem: Selected Home Assistant (192.168.50.243:8123)
04-13 15:05:45.324 I/CIRISApiClient( 9555): [executeConfigurationStep] === EXECUTE CONFIG STEP ===
04-13 15:05:45.326 I/CIRISApiClient( 9555): [executeConfigurationStep] Session: 55496ff4-022d-40eb-bd1c-95b51b4467da
04-13 15:05:45.328 I/CIRISApiClient( 9555): [executeConfigurationStep] Step data keys: [selected_url, selected_id]
04-13 15:05:45.330 I/CIRISApiClient( 9555): [executeConfigurationStep] Step data values: {selected_url=http://192.168.50.243:8123, selected_id=ha_192.168.50.243_8123}
04-13 15:05:45.471 I/CIRISApiClient( 9555): [executeConfigurationStep] Response HTTP status: 200
04-13 15:05:45.478 I/CIRISApiClient( 9555): [executeConfigurationStep] Response data: success=true, error=null, nextStepIndex=1
04-13 15:05:45.479 I/CIRISApiClient( 9555): [executeConfigurationStep] Response data keys: []
04-13 15:05:45.481 I/CIRISApiClient( 9555): [executeConfigurationStep] Response data.data: 
04-13 15:05:45.483 I/CIRISApiClient( 9555): [executeConfigurationStep] Step result: success=true, nextStep=1, isDiscovery=false, isComplete=false
04-13 15:05:45.485 I/CIRISApiClient( 9555): [executeConfigurationStep] === OAUTH URL EXTRACTION ===
04-13 15:05:45.486 I/CIRISApiClient( 9555): [executeConfigurationStep] oauth_url present in data: false
04-13 15:05:45.488 I/CIRISApiClient( 9555): [executeConfigurationStep] awaiting_callback present in data: false
04-13 15:05:45.489 I/CIRISApiClient( 9555): [executeConfigurationStep] No oauth_url extracted from response
04-13 15:05:45.490 I/CIRISApiClient( 9555): [executeConfigurationStep] awaitingCallback: false
04-13 15:05:45.493 I/CIRISApiClient( 9555): [getConfigurationSessionStatus] Getting session status for: 55496ff4-022d-40eb-bd1c-95b51b4467da
04-13 15:05:45.558 I/CIRISApiClient( 9555): [getConfigurationSessionStatus] Session status: step=1/5, status=active, stepType=oauth
04-13 15:05:45.560 I/CIRISApiClient( 9555): [getConfigurationSessionStatus] Collected config keys: [base_url]
04-13 15:05:45.561 I/SetupViewModel( 9555): handleAdapterWizardStepResult: Step 1/5
04-13 15:05:46.821 I/SetupViewModel( 9555): initiateAdapterOAuthStep: Starting OAuth for session: 55496ff4-022d-40eb-bd1c-95b51b4467da
04-13 15:05:46.824 I/CIRISApiClient( 9555): [executeConfigurationStep] === EXECUTE CONFIG STEP ===
04-13 15:05:46.827 I/CIRISApiClient( 9555): [executeConfigurationStep] Session: 55496ff4-022d-40eb-bd1c-95b51b4467da
04-13 15:05:46.829 I/CIRISApiClient( 9555): [executeConfigurationStep] Step data keys: [callback_base_url]
04-13 15:05:46.831 I/CIRISApiClient( 9555): [executeConfigurationStep] Step data values: {callback_base_url=http://127.0.0.1:8080}
04-13 15:05:46.920 I/CIRISApiClient( 9555): [executeConfigurationStep] Response HTTP status: 200
04-13 15:05:46.926 I/CIRISApiClient( 9555): [executeConfigurationStep] Response data: success=true, error=null, nextStepIndex=null
04-13 15:05:46.927 I/CIRISApiClient( 9555): [executeConfigurationStep] Response data keys: [oauth_url, code_challenge]
04-13 15:05:46.929 I/CIRISApiClient( 9555): [executeConfigurationStep] Response data.data: oauth_url="http://192.168.50.243:8123/auth/authorize?client_id=http%3A%2F%2F127.0.0.1%3A8080&redirect_uri=http, code_challenge="gomHIZvWrWVEHFZ08eHPX4sEm0dP2Mrrni2HlnR73RQ"
04-13 15:05:46.930 I/CIRISApiClient( 9555): [executeConfigurationStep] Step result: success=true, nextStep=null, isDiscovery=false, isComplete=false
04-13 15:05:46.932 I/CIRISApiClient( 9555): [executeConfigurationStep] === OAUTH URL EXTRACTION ===
04-13 15:05:46.933 I/CIRISApiClient( 9555): [executeConfigurationStep] oauth_url present in data: true
04-13 15:05:46.935 I/CIRISApiClient( 9555): [executeConfigurationStep] awaiting_callback present in data: false
04-13 15:05:46.936 I/CIRISApiClient( 9555): [executeConfigurationStep] Extracted OAuth URL (full): http://192.168.50.243:8123/auth/authorize?client_id=http%3A%2F%2F127.0.0.1%3A8080&redirect_uri=http%3A%2F%2F127.0.0.1%3A8080%2Fv1%2Fsystem%2Fadapters%2Fconfigure%2F55496ff4-022d-40eb-bd1c-95b51b4467da%2Foauth%2Fcallback&response_type=code&state=55496ff4-022d-40eb-bd1c-95b51b4467da&code_challenge=cVYf6ze9zQT7ojRsYjoo-oA9E6N-FTUAK173f-7atog&code_challenge_method=S256
04-13 15:05:46.937 I/CIRISApiClient( 9555): [executeConfigurationStep] awaitingCallback: false
04-13 15:05:46.939 I/SetupViewModel( 9555): OAuth URL received: http://192.168.50.243:8123/auth/authorize?client_id=http%3A%2F%2F127.0.0.1%3A808...
04-13 15:05:46.940 I/SetupViewModel( 9555): startAdapterOAuthPolling: Starting poll for session: 55496ff4-022d-40eb-bd1c-95b51b4467da
04-13 15:05:47.374 I/chromium(30459): [INFO:tin_six_tab_helper.cc(147)] OnTabAdded
04-13 15:05:47.374 I/chromium(30459): [INFO:tin_six_tab_helper.cc(736)] InsertWebContentsAt 0,16 :0xc6985500
04-13 15:05:47.421 I/chromium(30459): [INFO:tin_six_tab_helper.cc(84)] OnCurrentTabChanged 0,16
04-13 15:05:47.421 I/chromium(30459): [INFO:tin_six_tab_helper.cc(640)] ForceActivateTabAt 0,16
04-13 15:05:47.474 I/chromium(30459): [INFO:render_widget_host_impl.cc(843)] SBRTOUCHLOG  RenderWidgetHostImpl::WasShown
04-13 15:05:47.474 W/chromium(30459): [WARNING:window_android.cc(109)] TAB-STATUS observer added
04-13 15:05:47.475 W/chromium(30459): [WARNING:render_widget_host_view_android.cc(1906)] TAB-STATUS it is still showing
04-13 15:05:47.475 W/chromium(30459): [WARNING:window_android.cc(123)] TAB-STATUS observer removed
04-13 15:05:47.475 W/chromium(30459): [WARNING:window_android.cc(109)] TAB-STATUS observer added
04-13 15:05:47.476 I/chromium(30459): [INFO:tin_six_tab_helper.cc(621)] ActivateTabAt 0,16
04-13 15:05:47.660 I/chromium(30459): [INFO:tin_six_tab_helper.cc(84)] OnCurrentTabChanged 0,16
04-13 15:05:47.660 I/chromium(30459): [INFO:tin_six_tab_helper.cc(640)] ForceActivateTabAt 0,16
04-13 15:05:47.681 I/chromium(30459): [INFO:layer_tree_host_impl.cc(198)] SBRTOUCHLOG DidVisibilityChange = 1
04-13 15:05:47.709 I/chromium(30459): [INFO:browser_gpu_channel_host_factory.cc(364)] EstablishGpuChannel: establishing gpu_channel
04-13 15:05:47.716 I/chromium(30459): [INFO:browser_gpu_channel_host_factory.cc(391)] EstablishGpuChannel: gpu_channel_ exists run callback 0xc690f900
04-13 15:05:47.738 I/chromium(30459): [INFO:ui_resource_layer_manager.cc(290)] CC-HideUrlbar: EnableUIResourceLayer LayerType: 0 Drawable true
04-13 15:05:47.752 I/chromium(30459): [INFO:tin_six_tab_helper.cc(84)] OnCurrentTabChanged 0,16
04-13 15:05:47.752 I/chromium(30459): [INFO:tin_six_tab_helper.cc(640)] ForceActivateTabAt 0,16
04-13 15:05:47.754 I/chromium(30459): [INFO:tin_six_tab_helper.cc(84)] OnCurrentTabChanged 0,16
04-13 15:05:47.754 I/chromium(30459): [INFO:tin_six_tab_helper.cc(640)] ForceActivateTabAt 0,16
04-13 15:05:47.772 I/chromium(30459): [INFO:ui_resource_layer_manager.cc(290)] CC-HideUrlbar: EnableUIResourceLayer LayerType: 1 Drawable true
04-13 15:05:47.832 I/chromium(30459): [INFO:tin_six_tab_helper.cc(621)] ActivateTabAt 0,16
04-13 15:05:47.942 I/CIRISApiClient( 9555): [getConfigurationSessionStatus] Getting session status for: 55496ff4-022d-40eb-bd1c-95b51b4467da
04-13 15:05:47.988 I/CIRISApiClient( 9555): [getConfigurationSessionStatus] Session status: step=1/5, status=awaiting_oauth, stepType=oauth
04-13 15:05:47.989 I/CIRISApiClient( 9555): [getConfigurationSessionStatus] Collected config keys: [base_url, callback_base_url]
04-13 15:05:48.992 I/CIRISApiClient( 9555): [getConfigurationSessionStatus] Getting session status for: 55496ff4-022d-40eb-bd1c-95b51b4467da
04-13 15:05:49.015 I/SetupViewModel( 9555): checkAdapterOAuthOnResume: Checking status...
04-13 15:05:49.019 I/CIRISApiClient( 9555): [getConfigurationSessionStatus] Getting session status for: 55496ff4-022d-40eb-bd1c-95b51b4467da
04-13 15:05:49.100 I/CIRISApiClient( 9555): [getConfigurationSessionStatus] Session status: step=1/5, status=awaiting_oauth, stepType=oauth
04-13 15:05:49.102 I/CIRISApiClient( 9555): [getConfigurationSessionStatus] Collected config keys: [base_url, callback_base_url]
04-13 15:05:49.122 I/CIRISApiClient( 9555): [getConfigurationSessionStatus] Session status: step=1/5, status=awaiting_oauth, stepType=oauth
04-13 15:05:49.124 I/CIRISApiClient( 9555): [getConfigurationSessionStatus] Collected config keys: [base_url, callback_base_url]
04-13 15:05:50.104 I/CIRISApiClient( 9555): [getConfigurationSessionStatus] Getting session status for: 55496ff4-022d-40eb-bd1c-95b51b4467da
04-13 15:05:50.197 I/CIRISApiClient( 9555): [getConfigurationSessionStatus] Session status: step=1/5, status=awaiting_oauth, stepType=oauth
04-13 15:05:50.200 I/CIRISApiClient( 9555): [getConfigurationSessionStatus] Collected config keys: [base_url, callback_base_url]
04-13 15:05:50.522 I/chromium(10380): [INFO:dispatcher.cc(1571)] CreateBindingsSystem
04-13 15:05:50.589 I/chromium(10380): [INFO:layer_tree_host_impl.cc(198)] SBRTOUCHLOG DidVisibilityChange = 0
04-13 15:05:50.590 I/chromium(10380): [INFO:layer_tree_host_impl.cc(4001)] SBRTOUCHLOG SetDeferCommitFlagForDebug = 1
04-13 15:05:50.623 I/chromium(10380): [INFO:tin_anti_tracking_renderer_url_loader_throttle_helper.cc(31)] [IAT] set delegate th 0xc5880260 td 0xc72632a0
04-13 15:05:50.623 I/chromium(10380): [INFO:tin_smart_protect_renderer.cc(16)] TinSmartProtectRenderer
04-13 15:05:50.626 I/chromium(10380): [INFO:tin_smart_protect_renderer.cc(33)] BindPendingReceiver bound=1
04-13 15:05:50.626 I/chromium(10380): [INFO:layer_tree_host_impl.cc(198)] SBRTOUCHLOG DidVisibilityChange = 1
04-13 15:05:50.668 I/chromium(10380): [INFO:render_frame_impl.cc(3805)] LoaderLog didCommitProvisionalLoad
04-13 15:05:50.748 I/chromium(10380): [INFO:memory_cache.cc(126)] MemoryCache MemberMemoryCache is disabled
04-13 15:05:50.828 I/chromium(10380): [INFO:layer_tree_host_impl.cc(4001)] SBRTOUCHLOG SetDeferCommitFlagForDebug = 0
04-13 15:05:51.034 I/SetupViewModel( 9555): checkAdapterOAuthOnResume: Checking status...
04-13 15:05:51.038 I/CIRISApiClient( 9555): [getConfigurationSessionStatus] Getting session status for: 55496ff4-022d-40eb-bd1c-95b51b4467da
04-13 15:05:51.067 D/EnvFileUpdater( 9555): Found CIRIS_HOME from env: /data/user/0/ai.ciris.mobile.debug/files/ciris
04-13 15:05:51.124 I/CIRISApiClient( 9555): [getConfigurationSessionStatus] Session status: step=1/5, status=awaiting_oauth, stepType=oauth
04-13 15:05:51.125 I/chromium(10380): [INFO:layer_tree_impl.cc(1205)] DidUpdatePageScale IsActiveTree: 0 ScaleFactor: 1
04-13 15:05:51.126 I/chromium(10380): [INFO:layer_tree_impl.cc(1205)] DidUpdatePageScale IsActiveTree: 1 ScaleFactor: 1
04-13 15:05:51.126 I/CIRISApiClient( 9555): [getConfigurationSessionStatus] Collected config keys: [base_url, callback_base_url]
04-13 15:05:51.136 I/chromium(10380): [INFO:progress_tracker.cc(112)] LoaderLog  FinishedParsing
04-13 15:05:51.203 I/CIRISApiClient( 9555): [getConfigurationSessionStatus] Getting session status for: 55496ff4-022d-40eb-bd1c-95b51b4467da
04-13 15:05:51.266 I/chromium(30459): [INFO:web_contents_impl.cc(6549)] LoaderLog  progress completed
04-13 15:05:51.268 I/CIRISApiClient( 9555): [getConfigurationSessionStatus] Session status: step=1/5, status=awaiting_oauth, stepType=oauth
04-13 15:05:51.269 I/CIRISApiClient( 9555): [getConfigurationSessionStatus] Collected config keys: [base_url, callback_base_url]
04-13 15:05:52.263 I/chromium(10380): [INFO:render_frame_impl.cc(4027)] LoaderLog didFinishLoad
04-13 15:05:52.266 I/chromium(10380): [INFO:frame_loader.cc(402)] LoaderLog Completed totalBytes = 550092
04-13 15:05:52.267 I/chromium(10380): [INFO:render_frame_impl.cc(5114)] LoaderLog didStopLoading
04-13 15:05:52.268 I/chromium(30459): [INFO:tin_six_tab_helper.cc(621)] ActivateTabAt 0,16
04-13 15:05:52.272 I/CIRISApiClient( 9555): [getConfigurationSessionStatus] Getting session status for: 55496ff4-022d-40eb-bd1c-95b51b4467da
04-13 15:05:52.342 I/CIRISApiClient( 9555): [getConfigurationSessionStatus] Session status: step=1/5, status=awaiting_oauth, stepType=oauth
04-13 15:05:52.344 I/CIRISApiClient( 9555): [getConfigurationSessionStatus] Collected config keys: [base_url, callback_base_url]
04-13 15:05:53.055 I/SetupViewModel( 9555): checkAdapterOAuthOnResume: Checking status...
04-13 15:05:53.059 I/CIRISApiClient( 9555): [getConfigurationSessionStatus] Getting session status for: 55496ff4-022d-40eb-bd1c-95b51b4467da
04-13 15:05:53.127 I/CIRISApiClient( 9555): [getConfigurationSessionStatus] Session status: step=1/5, status=awaiting_oauth, stepType=oauth
04-13 15:05:53.128 I/CIRISApiClient( 9555): [getConfigurationSessionStatus] Collected config keys: [base_url, callback_base_url]
04-13 15:05:53.346 I/CIRISApiClient( 9555): [getConfigurationSessionStatus] Getting session status for: 55496ff4-022d-40eb-bd1c-95b51b4467da
04-13 15:05:53.433 I/CIRISApiClient( 9555): [getConfigurationSessionStatus] Session status: step=1/5, status=awaiting_oauth, stepType=oauth
04-13 15:05:53.436 I/CIRISApiClient( 9555): [getConfigurationSessionStatus] Collected config keys: [base_url, callback_base_url]
04-13 15:05:54.334 W/chromium(30459): [WARNING:render_widget_host_view_android.cc(1070)] SBRTOUCHLOG  OnTouchEvent, Action::DOWN
04-13 15:05:54.334 I/chromium(30459): [INFO:render_widget_host_input_event_router.cc(861)] SBRTOUCHLOG Set Touch sequence target view: 0xc68cc800
04-13 15:05:54.335 W/chromium(30459): [WARNING:input_router_impl.cc(529)] SBRTOUCHLOG FilterAndSendWebInputEvent, kTouchStart
04-13 15:05:54.336 I/chromium(10380): [INFO:web_frame_widget_impl.cc(2748)] SBRTOUCHLOG Blink HandleInputEvent event received = PointerDown
04-13 15:05:54.344 I/chromium(10380): [INFO:web_frame_widget_impl.cc(2748)] SBRTOUCHLOG Blink HandleInputEvent event received = GestureTapDown
04-13 15:05:54.361 I/chromium(10380): [INFO:web_frame_widget_impl.cc(2748)] SBRTOUCHLOG Blink HandleInputEvent event received = PointerUp
04-13 15:05:54.363 I/chromium(30459): [INFO:input_router_impl.cc(641)] SBRTOUCHLOG InputRouterImpl::TouchEventHandled type: TouchEnd & ack: NOT_CONSUMED
04-13 15:05:54.364 I/chromium(10380): [INFO:web_frame_widget_impl.cc(2748)] SBRTOUCHLOG Blink HandleInputEvent event received = GestureShowPress
04-13 15:05:54.368 I/chromium(10380): [INFO:web_frame_widget_impl.cc(2748)] SBRTOUCHLOG Blink HandleInputEvent event received = GestureTap
04-13 15:05:54.440 I/CIRISApiClient( 9555): [getConfigurationSessionStatus] Getting session status for: 55496ff4-022d-40eb-bd1c-95b51b4467da
04-13 15:05:54.494 I/CIRISApiClient( 9555): [getConfigurationSessionStatus] Session status: step=1/5, status=awaiting_oauth, stepType=oauth
04-13 15:05:54.496 I/CIRISApiClient( 9555): [getConfigurationSessionStatus] Collected config keys: [base_url, callback_base_url]
04-13 15:05:55.084 I/SetupViewModel( 9555): checkAdapterOAuthOnResume: Checking status...
04-13 15:05:55.086 I/CIRISApiClient( 9555): [getConfigurationSessionStatus] Getting session status for: 55496ff4-022d-40eb-bd1c-95b51b4467da
04-13 15:05:55.177 I/CIRISApiClient( 9555): [getConfigurationSessionStatus] Session status: step=1/5, status=awaiting_oauth, stepType=oauth
04-13 15:05:55.180 I/CIRISApiClient( 9555): [getConfigurationSessionStatus] Collected config keys: [base_url, callback_base_url]
04-13 15:05:55.500 I/CIRISApiClient( 9555): [getConfigurationSessionStatus] Getting session status for: 55496ff4-022d-40eb-bd1c-95b51b4467da
04-13 15:05:55.572 I/CIRISApiClient( 9555): [getConfigurationSessionStatus] Session status: step=1/5, status=awaiting_oauth, stepType=oauth
04-13 15:05:55.576 I/CIRISApiClient( 9555): [getConfigurationSessionStatus] Collected config keys: [base_url, callback_base_url]
04-13 15:05:56.580 I/CIRISApiClient( 9555): [getConfigurationSessionStatus] Getting session status for: 55496ff4-022d-40eb-bd1c-95b51b4467da
04-13 15:05:56.637 I/CIRISApiClient( 9555): [getConfigurationSessionStatus] Session status: step=1/5, status=awaiting_oauth, stepType=oauth
04-13 15:05:56.639 I/CIRISApiClient( 9555): [getConfigurationSessionStatus] Collected config keys: [base_url, callback_base_url]
04-13 15:05:56.651 I/chromium(10380): [INFO:web_frame_widget_impl.cc(2748)] SBRTOUCHLOG Blink HandleInputEvent event received = RawKeyDown
04-13 15:05:56.685 I/chromium(10380): [INFO:web_frame_widget_impl.cc(2748)] SBRTOUCHLOG Blink HandleInputEvent event received = KeyUp
04-13 15:05:56.700 I/chromium(10380): [INFO:web_frame_widget_impl.cc(2748)] SBRTOUCHLOG Blink HandleInputEvent event received = RawKeyDown
04-13 15:05:56.706 I/chromium(10380): [INFO:web_frame_widget_impl.cc(2748)] SBRTOUCHLOG Blink HandleInputEvent event received = KeyUp
04-13 15:05:56.711 I/chromium(10380): [INFO:web_frame_widget_impl.cc(2748)] SBRTOUCHLOG Blink HandleInputEvent event received = RawKeyDown
04-13 15:05:56.725 I/chromium(10380): [INFO:web_frame_widget_impl.cc(2748)] SBRTOUCHLOG Blink HandleInputEvent event received = KeyUp
04-13 15:05:57.102 I/SetupViewModel( 9555): checkAdapterOAuthOnResume: Checking status...
04-13 15:05:57.106 I/CIRISApiClient( 9555): [getConfigurationSessionStatus] Getting session status for: 55496ff4-022d-40eb-bd1c-95b51b4467da
