04-13 15:00:52.030 D/CIRISApp( 7249): [INIT] CIRISApp composable invoked - googleSignInCallback=PRESENT (185966045)
04-13 15:00:52.031 I/InteractViewModel( 7249): [setDeviceAttestationCallback] Device attestation callback SET
04-13 15:00:53.958 I/python.stdout( 7249): [15:00:53.957] [STATE] Transition: shutdown -> work
04-13 15:00:54.523 I/InteractViewModel( 7249): [observeLanguageChanges] Updating pipeline labels for language: vi (explicit=true)
04-13 15:00:54.534 D/CIRISApp( 7249): [INIT] CIRISApp composable invoked - googleSignInCallback=PRESENT (185966045)
04-13 15:00:54.535 I/InteractViewModel( 7249): [setDeviceAttestationCallback] Device attestation callback SET
04-13 15:00:56.608 D/CIRISApp( 7249): [INIT] CIRISApp composable invoked - googleSignInCallback=PRESENT (185966045)
04-13 15:00:56.611 I/InteractViewModel( 7249): [setDeviceAttestationCallback] Device attestation callback SET
04-13 15:00:56.640 D/CIRISApp( 7249): [INFO] Startup READY, checking first-run status...
04-13 15:00:56.698 I/CIRISApiClient( 7249): [init] CIRISApiClient initialized with baseUrl=http://localhost:8080
04-13 15:00:56.742 I/InteractViewModel( 7249): [observeLanguageChanges] Updating pipeline labels for language: en (explicit=true)
04-13 15:00:56.753 D/CIRISApp( 7249): [INIT] CIRISApp composable invoked - googleSignInCallback=PRESENT (185966045)
04-13 15:00:56.754 I/InteractViewModel( 7249): [setDeviceAttestationCallback] Device attestation callback SET
04-13 15:00:56.856 I/CIRISApiClient( 7249): [getSetupStatus] Setup status: required=false, firstRun=false, configExists=true
04-13 15:00:56.860 D/CIRISApp( 7249): [INFO] First run check result: false
04-13 15:00:56.861 D/CIRISApp( 7249): [INFO] Not first run, attempting to load and validate stored token
04-13 15:00:56.946 D/CIRISApp( 7249): [INFO] Loaded stored token: ciris_ad...EkCs
04-13 15:00:56.954 W/TokenManager( 7249): [getTokenExpiry] Invalid JWT format: expected 3 parts, got 1
04-13 15:00:56.958 I/TokenManager( 7249): [checkAndRefreshToken] Token check: expiry=null, remaining=nulls, minValid=300s
04-13 15:00:56.961 W/TokenManager( 7249): [checkAndRefreshToken] Could not parse token expiry - treating as expired
04-13 15:00:56.964 I/TokenManager( 7249): [attemptSilentRefresh] Attempting silent sign-in...
04-13 15:00:56.968 I/MainActivity( 7249): Silent Sign-In requested from CIRISApp
04-13 15:00:56.978 I/MainActivity( 7249): Found cached account: ciristest1@gmail.com
04-13 15:00:57.003 I/MainActivity( 7249): Silent Sign-In successful: ciristest1@gmail.com
04-13 15:00:57.006 I/TokenManager( 7249): [attemptSilentRefresh] Silent sign-in successful! provider=google
04-13 15:00:57.008 I/TokenManager( 7249): [handleNewToken] Processing new token (length: 1096, provider: google)
04-13 15:00:57.013 I/TokenManager( 7249): [handleNewToken] New token expiry: 1776112756 (2299s remaining)
04-13 15:00:57.015 I/CIRISApp( 7249):  OAuth ID token refreshed by TokenManager (provider=google), exchanging for CIRIS token
04-13 15:00:57.017 I/CIRISApp( 7249):  Token was refreshed, waiting for CIRIS token exchange...
04-13 15:00:57.021 I/CIRISApiClient( 7249): [nativeAuth] Attempting native auth: provider=google, userId=null
04-13 15:00:57.024 I/CIRISApiClient( 7249): [googleAuth] Attempting Google auth: userId=null, idToken=eyJhbGci...l5Ow
04-13 15:00:57.145 I/TokenManager( 7249): [startPeriodicRefresh] Starting periodic refresh (interval: 45 minutes)
04-13 15:00:59.667 I/CIRISApiClient( 7249): [googleAuth] Google auth successful: userId=google:102773749033681671083, role=SYSTEM_ADMIN
04-13 15:00:59.671 I/CIRISApp( 7249):  Got CIRIS access token: ciris_ad...toW8
04-13 15:00:59.673 I/CIRISApiClient( 7249): [setAccessToken] Setting access token: ciris_ad...toW8, length=55
04-13 15:00:59.676 I/CIRISApiClient( 7249): [setAccessToken] Bearer token set on all API instances (13 APIs)
04-13 15:00:59.677 I/MainActivity( 7249): Token updated, setting on billing apiClient
04-13 15:00:59.678 I/CIRISApiClient( 7249): [setAccessToken] Setting access token: ciris_ad...toW8, length=55
04-13 15:00:59.680 I/CIRISApiClient( 7249): [setAccessToken] Bearer token set on all API instances (13 APIs)
04-13 15:00:59.682 I/CIRISApiClient( 7249): [logTokenState] === TOKEN STATE DEBUG ===
04-13 15:00:59.683 I/CIRISApiClient( 7249): [logTokenState] accessToken present: true
04-13 15:00:59.685 I/CIRISApiClient( 7249): [logTokenState] accessToken preview: ciris_ad...toW8
04-13 15:00:59.687 I/CIRISApiClient( 7249): [logTokenState] accessToken length: 55
04-13 15:00:59.689 I/CIRISApiClient( 7249): [logTokenState] authHeader() returns: Bearer <token>
04-13 15:00:59.690 I/CIRISApiClient( 7249): [logTokenState] =========================
04-13 15:00:59.694 D/CIRISApp( 7249): [INIT] CIRISApp composable invoked - googleSignInCallback=PRESENT (185966045)
04-13 15:00:59.695 I/InteractViewModel( 7249): [setDeviceAttestationCallback] Device attestation callback SET
04-13 15:00:59.721 I/CIRISApp( 7249):  Refreshed CIRIS token saved to secure storage
04-13 15:00:59.723 I/CIRISApp( 7249):  Writing OAuth ID token to .env for Python billing...
04-13 15:00:59.726 D/EnvFileUpdater( 7249): Found CIRIS_HOME from env: /data/user/0/ai.ciris.mobile.debug/files/ciris
04-13 15:00:59.728 I/EnvFileUpdater( 7249): Read .env file (7778 bytes)
04-13 15:00:59.732 I/EnvFileUpdater( 7249): CIRIS proxy mode detected - updating OPENAI_API_KEY
04-13 15:00:59.735 I/EnvFileUpdater( 7249): Updated OPENAI_API_KEY
04-13 15:00:59.737 I/EnvFileUpdater( 7249): Updated CIRIS_BILLING_GOOGLE_ID_TOKEN
04-13 15:00:59.738 I/EnvFileUpdater( 7249): .env file updated (proxy mode: true)
04-13 15:00:59.738 D/EnvFileUpdater( 7249): Found CIRIS_HOME from env: /data/user/0/ai.ciris.mobile.debug/files/ciris
04-13 15:00:59.738 I/EnvFileUpdater( 7249): Config reload signal written to /data/user/0/ai.ciris.mobile.debug/files/ciris/.config_reload
04-13 15:00:59.739 I/CIRISApp( 7249):  .env updated, .config_reload signal written
04-13 15:00:59.741 I/CIRISApp( 7249):  Waiting 1.5s for Python to reload billing token...
04-13 15:00:59.778 D/EnvFileUpdater( 7249): Found CIRIS_HOME from env: /data/user/0/ai.ciris.mobile.debug/files/ciris
04-13 15:01:01.243 I/CIRISApp( 7249):  Python reload wait complete
04-13 15:01:01.319 I/CIRISApp( 7249):  Token exchange completed
04-13 15:01:01.547 I/CIRISApp( 7249):  Agent state: WORK
04-13 15:01:01.550 I/CIRISApp( 7249):  Agent reached WORK state!
04-13 15:01:02.058 I/CIRISApp( 7249):  Triggering data load for ViewModels after token set
04-13 15:01:02.064 I/BillingViewModel( 7249): [loadBalance] Loading credit balance...
04-13 15:01:02.089 I/CIRISApiClient( 7249): [listAdapters] Listing adapters
04-13 15:01:02.103 I/InteractViewModel( 7249): [startPolling] Starting polling and SSE streams
04-13 15:01:02.104 I/InteractViewModel( 7249): [startStatusPolling] Starting status polling (fast until agent ready)
04-13 15:01:02.120 I/InteractViewModel( 7249): [startMessagePolling] Starting message polling (interval=3000ms)
04-13 15:01:02.137 I/InteractViewModel( 7249): [startHealthPolling] Starting health polling (fast until LLM ready)
04-13 15:01:02.147 I/InteractViewModel( 7249): [startTrustPendingPolling] Starting trust pending polling (interval=5000ms)
04-13 15:01:02.149 I/InteractViewModel( 7249): [startSseStream] Starting SSE reasoning stream
04-13 15:01:02.158 I/InteractViewModel( 7249): [startFileInjectionObserver] Starting file injection observer for test automation
04-13 15:01:02.160 I/InteractViewModel( 7249): [fetchWalletStatus] Fetching wallet status from API
04-13 15:01:02.162 I/CIRISApiClient( 7249): [getWalletStatus] Fetching wallet status
04-13 15:01:02.171 I/CIRISApp( 7249):  Running boot-time attestation check...
04-13 15:01:02.171 D/CIRISApp( 7249): [INIT] CIRISApp composable invoked - googleSignInCallback=PRESENT (185966045)
04-13 15:01:02.172 I/InteractViewModel( 7249): [setDeviceAttestationCallback] Device attestation callback SET
04-13 15:01:02.182 D/CIRISApp( 7249): [CIRISApp] >>> liveBackgroundEnabled=true, apiClient=present
04-13 15:01:03.064 I/CIRISApiClient( 7249): [getGraphData] >>> START: hours=24, scope=ALL_SCOPES, type=null, limit=200
04-13 15:01:03.066 I/CIRISApiClient( 7249): [getGraphData] Fetching timeline: http://localhost:8080/v1/memory/timeline?hours=24&include_edges=true&include_metrics=false
04-13 15:01:09.779 D/EnvFileUpdater( 7249): Found CIRIS_HOME from env: /data/user/0/ai.ciris.mobile.debug/files/ciris
04-13 15:01:10.638 I/CIRISApiClient( 7249): [listAdapters] API response: total=8, running=8, adapters.size=8
04-13 15:01:10.640 I/CIRISApiClient( 7249): [listAdapters]   API adapter[0]: id=cirisverify_bootstrap, type=cirisverify, running=true, needsReauth=false, hasAuthStep=false
04-13 15:01:10.641 I/CIRISApiClient( 7249): [listAdapters]   API adapter[1]: id=wallet_bootstrap, type=wallet, running=true, needsReauth=false, hasAuthStep=false
04-13 15:01:10.643 I/CIRISApiClient( 7249): [listAdapters]   API adapter[2]: id=api_bootstrap, type=api, running=true, needsReauth=false, hasAuthStep=false
04-13 15:01:10.644 I/CIRISApiClient( 7249): [listAdapters]   API adapter[3]: id=ciris_hosted_tools, type=ciris_hosted_tools, running=true, needsReauth=false, hasAuthStep=false
04-13 15:01:10.646 I/CIRISApiClient( 7249): [listAdapters]   API adapter[4]: id=ciris_accord_metrics, type=ciris_accord_metrics, running=true, needsReauth=false, hasAuthStep=false
04-13 15:01:10.647 I/CIRISApiClient( 7249): [listAdapters]   API adapter[5]: id=navigation, type=navigation, running=true, needsReauth=false, hasAuthStep=false
04-13 15:01:10.649 I/CIRISApiClient( 7249): [listAdapters]   API adapter[6]: id=home_assistant, type=home_assistant, running=true, needsReauth=true, hasAuthStep=true
04-13 15:01:10.650 I/CIRISApiClient( 7249): [listAdapters]   API adapter[7]: id=weather, type=weather, running=true, needsReauth=false, hasAuthStep=false
04-13 15:01:10.673 I/CIRISApp( 7249):  Boot attestation: loaded=true, maxLevel=1, dns_us=true, dns_eu=true, https=true
04-13 15:01:10.864 I/InteractViewModel( 7249): [startStatusPolling] Agent ready with state: WORK
04-13 15:01:10.865 I/InteractViewModel( 7249): [startStatusPolling] Connection state changed: false -> true
04-13 15:01:10.976 I/InteractViewModel( 7249): [fetchTrustStatus] Trust level changed: 0 -> 1
04-13 15:01:10.978 I/InteractViewModel( 7249): [fetchTrustStatus] Level pending changed: false -> true
04-13 15:01:10.979 I/InteractViewModel( 7249): [startTrustPendingPolling] Level pending=true, triggering device attestation automatically...
04-13 15:01:10.981 I/MainActivity( 7249): Device attestation requested
04-13 15:01:10.983 I/CIRISApiClient( 7249): [getPlayIntegrityNonce] Requesting Play Integrity nonce from Python API
04-13 15:01:11.259 W/python.stderr( 7249): stdlib/asyncio/selector_events.py:710: ResourceWarning: unclosed transport <_SelectorSocketTransport fd=147 read=idle write=<idle, bufsize=0>>
04-13 15:01:11.259 W/python.stderr( 7249): ResourceWarning: Enable tracemalloc to get the object allocation traceback
04-13 15:01:11.465 I/InteractViewModel( 7249): [startSseStream] SSE connected
04-13 15:01:12.936 I/CIRISApiClient( 7249): [getGraphData] <<< DONE in 9871ms (single API call)
04-13 15:01:12.938 I/CIRISApiClient( 7249): [getGraphData]     Nodes: 158 ({local=113, identity=45})
04-13 15:01:12.940 I/CIRISApiClient( 7249): [getGraphData]     Edges: 0 total, 0 visible
04-13 15:01:12.941 I/CIRISApiClient( 7249): [getGraphData]     Edge types: {}
04-13 15:01:12.943 I/CIRISApiClient( 7249): [getGraphData]     INFO: No edges found - nodes may not have relationships yet
04-13 15:01:13.943 I/CIRISApiClient( 7249): [getPlayIntegrityNonce] Got nonce: SwuiyEWIrEDhRVgkApdT...
04-13 15:01:13.997 I/BillingViewModel( 7249): [loadBalance] Credit status loaded: hasCredit=false, creditsRemaining=0, freeUsesRemaining=0, dailyFreeUsesRemaining=0, planName=CIRIS Mobile
04-13 15:01:13.999 I/BillingViewModel( 7249): [loadBalance] Total credits calculated: 0
04-13 15:01:14.459 I/InteractViewModel( 7249): [startMessagePolling] First load complete
04-13 15:01:14.478 I/CIRISApiClient( 7249): [getWalletStatus] Wallet status: address=0x4A9c727f67B14FeeFB1Ec6819D016e61a106794C, balance=0, level=1
04-13 15:01:14.479 I/InteractViewModel( 7249): [fetchWalletStatus] Wallet response: hasWallet=true, isInitializing=false, provider=x402
04-13 15:01:14.678 I/CIRISApiClient( 7249): [getWAStatus] Fetching WA status
04-13 15:01:15.851 I/CIRISApiClient( 7249): [getWAStatus] WA Status: healthy=true, activeWAs=1, pendingDeferrals=0, deferrals24h=0, subscribers=2
04-13 15:01:15.853 I/InteractViewModel( 7249): [startHealthPolling] LLM health ready: provider=other
04-13 15:01:19.578 I/CIRISApiClient( 7249): [reportPlayIntegrityFailed] Reporting Play Integrity failure: code=16
04-13 15:01:19.782 D/EnvFileUpdater( 7249): Found CIRIS_HOME from env: /data/user/0/ai.ciris.mobile.debug/files/ciris
04-13 15:01:19.862 I/CIRISApiClient( 7249): [reportPlayIntegrityFailed] Successfully reported Play Integrity failure
04-13 15:01:19.872 I/MainActivity( 7249): Device attestation result: Error(message=Failed to get Play Integrity token: -16: Integrity API error (-16): The provided cloud project number is invalid.
04-13 15:01:19.872 I/MainActivity( 7249): Use the cloud project number which can be found in Project info in your Google Cloud Console for the cloud project where Play Integrity API is enabled.
04-13 15:01:19.872 I/MainActivity( 7249):  (https://developer.android.com/google/play/integrity/reference/com/google/android/play/core/integrity/model/IntegrityErrorCode.html#CLOUD_PROJECT_NUMBER_IS_INVALID).)
04-13 15:01:19.872 I/InteractViewModel( 7249): [startTrustPendingPolling] Device attestation completed: Error(message=Failed to get Play Integrity token: -16: Integrity API error (-16): The provided cloud project number is invalid.
04-13 15:01:19.872 I/InteractViewModel( 7249): Use the cloud project number which can be found in Project info in your Google Cloud Console for the cloud project where Play Integrity API is enabled.
04-13 15:01:19.872 I/InteractViewModel( 7249):  (https://developer.android.com/google/play/integrity/reference/com/google/android/play/core/integrity/model/IntegrityErrorCode.html#CLOUD_PROJECT_NUMBER_IS_INVALID).)
04-13 15:01:19.885 D/MainActivity( 7249): Verify: ciris_verify_ffi: [INFO] ciris_keyring::platform::android: VERIFY key_exists check - phase 1 (file/wrapper check), wrapper_alias=agent_signing_aes_wrapper, encrypted_key_path="/data/data/ai.ciris.mobile.debug/files/ciris/data/agent_signing.ed25519.enc", wrapper_exists=true, file_exists=true
04-13 15:01:19.886 D/MainActivity( 7249): Verify: ciris_verify_ffi: [INFO] ciris_keyring::platform::android: VERIFY key_exists check - phase 2 PASSED (key can be decrypted), wrapper_alias=agent_signing_aes_wrapper
04-13 15:01:19.910 D/MainActivity( 7249): Verify: ciris_verify_ffi: [INFO] ciris_verify_core::unified: VERIFY ATTESTATION STARTING: Full attestation with network+integrity checks
04-13 15:01:19.911 D/MainActivity( 7249): Verify: ciris_verify_ffi: [INFO] ciris_verify_core::unified: VERIFY PHASE 1/2 STARTING: Parallel manifest fetch + validation (5 network calls)
04-13 15:01:19.912 D/MainActivity( 7249): Verify: ciris_verify_ffi: [INFO] ciris_verify_core::unified: VERIFY STEP 1/5 STARTING: Binary manifest fetch
04-13 15:01:19.991 D/MainActivity( 7249): Verify: ciris_verify_ffi: [INFO] ciris_verify_core::unified: VERIFY STEP 1/5 COMPLETE: OK (10 targets)
04-13 15:01:19.991 D/MainActivity( 7249): Verify: ciris_verify_ffi: [INFO] ciris_verify_core::unified: VERIFY STEP 2/5 STARTING: Function manifest fetch
04-13 15:01:20.013 D/MainActivity( 7249): Verify: ciris_verify_ffi: [INFO] ciris_verify_core::unified: VERIFY STEP 2/5 COMPLETE: OK (48 functions)
04-13 15:01:20.014 D/MainActivity( 7249): Verify: ciris_verify_ffi: [INFO] ciris_verify_core::unified: VERIFY STEP 3/5 STARTING: Agent build record fetch
04-13 15:01:20.046 D/MainActivity( 7249): Verify: ciris_verify_ffi: [WARN] ciris_verify_core::unified: VERIFY STEP 3/5 COMPLETE: FAILED (HTTPS error: All registry endpoints failed for build/2.4.4)
04-13 15:01:20.047 D/MainActivity( 7249): Verify: ciris_verify_ffi: [INFO] ciris_verify_core::unified: VERIFY STEP 4/5 STARTING: Source validation (DNS US + EU + HTTPS)
04-13 15:01:20.493 D/MainActivity( 7249): Verify: ciris_verify_ffi: [INFO] ciris_verify_core::unified: VERIFY STEP 4/5 COMPLETE: 3/3 sources reachable
04-13 15:01:20.495 D/MainActivity( 7249): Verify: ciris_verify_ffi: [INFO] ciris_verify_core::unified: VERIFY STEP 5/5 STARTING: Registry key verification
04-13 15:01:20.515 D/MainActivity( 7249): Verify: ciris_verify_ffi: [INFO] ciris_verify_core::unified: VERIFY STEP 5/5 COMPLETE: not_found
04-13 15:01:20.516 D/MainActivity( 7249): Verify: ciris_verify_ffi: [INFO] ciris_verify_core::unified: VERIFY PHASE 1/2 COMPLETE: All network fetches done
04-13 15:01:20.517 D/MainActivity( 7249): Verify: ciris_verify_ffi: [ERROR] ciris_verify_core::unified: VERIFY MANIFEST_CACHE MISS: No cached build record available and registry unreachable — L4 file integrity will be skipped
04-13 15:01:20.518 D/MainActivity( 7249): Verify: ciris_verify_ffi: [INFO] ciris_verify_core::unified: VERIFY PHASE 2/2 STARTING: Local verification (6 checks)
04-13 15:01:20.519 D/MainActivity( 7249): Verify: ciris_verify_ffi: [INFO] ciris_verify_core::unified: VERIFY STEP 1/6 STARTING: Self-verification (binary + functions)
04-13 15:01:20.670 D/MainActivity( 7249): Verify: ciris_verify_ffi: [INFO] ciris_verify_core::unified: VERIFY STEP 1/6 COMPLETE: OK (binary=✓, functions=48/48)
04-13 15:01:20.671 D/MainActivity( 7249): Verify: ciris_verify_ffi: [INFO] ciris_verify_core::unified: VERIFY STEP 2/6 STARTING: File integrity check
04-13 15:01:20.672 D/MainActivity( 7249): Verify: ciris_verify_ffi: [WARN] ciris_verify_core::unified: VERIFY STEP 2/6 COMPLETE: FAILED (HTTPS error: No build record available (pre-fetch failed))
04-13 15:01:20.674 D/MainActivity( 7249): Verify: ciris_verify_ffi: [INFO] ciris_verify_core::unified: VERIFY STEP 3/6 STARTING: Module integrity check
04-13 15:01:20.675 D/MainActivity( 7249): Verify: ciris_verify_ffi: [WARN] ciris_verify_core::unified: VERIFY STEP 3/6 COMPLETE: FAILED (HTTPS error: No build record available (pre-fetch failed))
04-13 15:01:20.677 D/MainActivity( 7249): Verify: ciris_verify_ffi: [INFO] ciris_verify_core::unified: VERIFY STEP 4/6 STARTING: Source validation analysis
04-13 15:01:20.678 D/MainActivity( 7249): Verify: ciris_verify_ffi: [INFO] ciris_verify_core::unified: VERIFY STEP 4/6 COMPLETE: 3/3 sources valid (status=AllSourcesAgree)
04-13 15:01:20.679 D/MainActivity( 7249): Verify: ciris_verify_ffi: [INFO] ciris_verify_core::unified: VERIFY STEP 5/6 STARTING: Python module integrity
04-13 15:01:20.680 D/MainActivity( 7249): Verify: ciris_verify_ffi: [INFO] ciris_verify_core::unified: VERIFY STEP 5/6 COMPLETE: OK (958/958 modules passed)
04-13 15:01:20.681 D/MainActivity( 7249): Verify: ciris_verify_ffi: [INFO] ciris_verify_core::unified: VERIFY STEP 6/6 STARTING: Audit trail verification
04-13 15:01:20.682 D/MainActivity( 7249): Verify: ciris_verify_ffi: [INFO] ciris_verify_core::unified: VERIFY STEP 6/6 COMPLETE: SKIP (no entries provided)
04-13 15:01:20.684 D/MainActivity( 7249): Verify: ciris_verify_ffi: [INFO] ciris_verify_core::unified: VERIFY PHASE 2/2 COMPLETE: All local checks done
04-13 15:01:20.685 D/MainActivity( 7249): Verify: ciris_verify_ffi: [INFO] ciris_verify_core::unified: VERIFY ATTESTATION COMPLETE: level=1, valid=false, checks=5/6, time=775ms
04-13 15:01:20.691 D/MainActivity( 7249): Verify: ciris_verify_ffi: [INFO] ciris_keyring::platform::android: VERIFY key_exists check - phase 1 (file/wrapper check), wrapper_alias=agent_signing_aes_wrapper, encrypted_key_path="/data/data/ai.ciris.mobile.debug/files/ciris/data/agent_signing.ed25519.enc", wrapper_exists=true, file_exists=true
04-13 15:01:20.693 D/MainActivity( 7249): Verify: ciris_verify_ffi: [INFO] ciris_keyring::platform::android: VERIFY key_exists check - phase 2 PASSED (key can be decrypted), wrapper_alias=agent_signing_aes_wrapper
04-13 15:01:20.694 D/MainActivity( 7249): Verify: ciris_verify_ffi: [INFO] ciris_keyring::software: VERIFY MutableEd25519Signer::has_key - hardware wrapper check, has_key=true, hardware_backed=true, ciris_data_dir=Some("/data/data/ai.ciris.mobile.debug/files/ciris")
04-13 15:01:20.700 D/MainActivity( 7249): Verify: ciris_verify_ffi: [INFO] ciris_keyring::platform::android: VERIFY key_exists check - phase 1 (file/wrapper check), wrapper_alias=agent_signing_aes_wrapper, encrypted_key_path="/data/data/ai.ciris.mobile.debug/files/ciris/data/agent_signing.ed25519.enc", wrapper_exists=true, file_exists=true
04-13 15:01:20.701 D/MainActivity( 7249): Verify: ciris_verify_ffi: [INFO] ciris_keyring::platform::android: VERIFY key_exists check - phase 2 PASSED (key can be decrypted), wrapper_alias=agent_signing_aes_wrapper
04-13 15:01:20.816 I/python.stdout( 7249): VERIFY Unified attestation complete, valid=false, level=1, level_pending=false, checks_passed=4, checks_total=5
04-13 15:01:20.817 D/MainActivity( 7249): Verify: VERIFY Unified attestation complete, valid=false, level=1, level_pending=false, checks_passed=4, checks_total=5
04-13 15:01:21.431 I/InteractViewModel( 7249): [fetchTrustStatus] Level pending changed: true -> false
04-13 15:01:21.433 I/InteractViewModel( 7249): [startTrustPendingPolling] Level pending=false (level=1/5), stopping fast poll
04-13 15:01:22.081 I/InteractViewModel( 7249): [startTrustPendingPolling] Trust status refreshed after device attestation
04-13 15:01:23.552 D/CIRISApp( 7249): [INIT] CIRISApp composable invoked - googleSignInCallback=PRESENT (185966045)
04-13 15:01:23.559 I/InteractViewModel( 7249): [setDeviceAttestationCallback] Device attestation callback SET
04-13 15:01:23.667 I/CIRISApp( 7249): [Screen.Adapters] Fetching adapters and starting polling
04-13 15:01:23.668 I/CIRISApiClient( 7249): [listAdapters] Listing adapters
04-13 15:01:26.629 I/CIRISApiClient( 7249): [listAdapters] API response: total=8, running=8, adapters.size=8
04-13 15:01:26.630 I/CIRISApiClient( 7249): [listAdapters]   API adapter[0]: id=cirisverify_bootstrap, type=cirisverify, running=true, needsReauth=false, hasAuthStep=false
04-13 15:01:26.631 I/CIRISApiClient( 7249): [listAdapters]   API adapter[1]: id=wallet_bootstrap, type=wallet, running=true, needsReauth=false, hasAuthStep=false
04-13 15:01:26.633 I/CIRISApiClient( 7249): [listAdapters]   API adapter[2]: id=api_bootstrap, type=api, running=true, needsReauth=false, hasAuthStep=false
04-13 15:01:26.634 I/CIRISApiClient( 7249): [listAdapters]   API adapter[3]: id=ciris_hosted_tools, type=ciris_hosted_tools, running=true, needsReauth=false, hasAuthStep=false
04-13 15:01:26.635 I/CIRISApiClient( 7249): [listAdapters]   API adapter[4]: id=ciris_accord_metrics, type=ciris_accord_metrics, running=true, needsReauth=false, hasAuthStep=false
04-13 15:01:26.636 I/CIRISApiClient( 7249): [listAdapters]   API adapter[5]: id=navigation, type=navigation, running=true, needsReauth=false, hasAuthStep=false
04-13 15:01:26.638 I/CIRISApiClient( 7249): [listAdapters]   API adapter[6]: id=home_assistant, type=home_assistant, running=true, needsReauth=true, hasAuthStep=true
04-13 15:01:26.639 I/CIRISApiClient( 7249): [listAdapters]   API adapter[7]: id=weather, type=weather, running=true, needsReauth=false, hasAuthStep=false
04-13 15:01:27.482 I/CIRISApp( 7249): [Screen.Adapters] Re-auth for: home_assistant, authStepId=oauth
04-13 15:01:27.490 I/CIRISApiClient( 7249): [startAdapterConfiguration] Starting configuration for adapter type: home_assistant, startStepId: oauth
04-13 15:01:28.658 I/CIRISApiClient( 7249): [startAdapterConfiguration] Config session started: sessionId=943012fb-b3ec-44a3-ae9f-70163fc369d8, step=1/5
04-13 15:01:29.590 I/CIRISApp( 7249): [AdapterWizard] Initiating OAuth
04-13 15:01:29.603 I/CIRISApiClient( 7249): [executeConfigurationStep] === EXECUTE CONFIG STEP ===
04-13 15:01:29.605 I/CIRISApiClient( 7249): [executeConfigurationStep] Session: 943012fb-b3ec-44a3-ae9f-70163fc369d8
04-13 15:01:29.607 I/CIRISApiClient( 7249): [executeConfigurationStep] Step data keys: [callback_base_url]
04-13 15:01:29.609 I/CIRISApiClient( 7249): [executeConfigurationStep] Step data values: {callback_base_url=http://127.0.0.1:8080}
04-13 15:01:29.783 D/EnvFileUpdater( 7249): Found CIRIS_HOME from env: /data/user/0/ai.ciris.mobile.debug/files/ciris
04-13 15:01:30.858 I/CIRISApiClient( 7249): [executeConfigurationStep] Response HTTP status: 200
04-13 15:01:30.868 I/CIRISApiClient( 7249): [executeConfigurationStep] Response data: success=true, error=null, nextStepIndex=null
04-13 15:01:30.870 I/CIRISApiClient( 7249): [executeConfigurationStep] Response data keys: [oauth_url, code_challenge]
04-13 15:01:30.876 I/CIRISApiClient( 7249): [executeConfigurationStep] Response data.data: oauth_url="http://homeassistant.local:8123/auth/authorize?client_id=http%3A%2F%2F127.0.0.1%3A8080&redirect_uri, code_challenge="W0bR0Bfxy_3JuotEZ04rHKuUpJRu3PjyufPl1-NaMs4"
04-13 15:01:30.878 I/CIRISApiClient( 7249): [executeConfigurationStep] Step result: success=true, nextStep=null, isDiscovery=false, isComplete=false
04-13 15:01:30.880 I/CIRISApiClient( 7249): [executeConfigurationStep] === OAUTH URL EXTRACTION ===
04-13 15:01:30.882 I/CIRISApiClient( 7249): [executeConfigurationStep] oauth_url present in data: true
04-13 15:01:30.884 I/CIRISApiClient( 7249): [executeConfigurationStep] awaiting_callback present in data: false
04-13 15:01:30.886 I/CIRISApiClient( 7249): [executeConfigurationStep] Extracted OAuth URL (full): http://homeassistant.local:8123/auth/authorize?client_id=http%3A%2F%2F127.0.0.1%3A8080&redirect_uri=http%3A%2F%2F127.0.0.1%3A8080%2Fv1%2Fsystem%2Fadapters%2Fconfigure%2F943012fb-b3ec-44a3-ae9f-70163fc369d8%2Foauth%2Fcallback&response_type=code&state=943012fb-b3ec-44a3-ae9f-70163fc369d8&code_challenge=oIok2Gwk638oViBdCHIiXB8iaQ6K8BwewuGsDi2OLjY&code_challenge_method=S256
04-13 15:01:30.888 I/CIRISApiClient( 7249): [executeConfigurationStep] awaitingCallback: false
04-13 15:01:31.841 I/chromium(30459): [INFO:tin_six_tab_helper.cc(147)] OnTabAdded
04-13 15:01:31.844 I/chromium(30459): [INFO:tin_six_tab_helper.cc(736)] InsertWebContentsAt 0,15 :0xc6984000
04-13 15:01:31.914 I/CIRISApiClient( 7249): [getConfigurationSessionStatus] Getting session status for: 943012fb-b3ec-44a3-ae9f-70163fc369d8
04-13 15:01:31.930 I/chromium(30459): [INFO:tin_six_tab_helper.cc(84)] OnCurrentTabChanged 0,15
04-13 15:01:31.930 I/chromium(30459): [INFO:tin_six_tab_helper.cc(640)] ForceActivateTabAt 0,15
04-13 15:01:32.006 I/chromium(30459): [INFO:render_widget_host_impl.cc(843)] SBRTOUCHLOG  RenderWidgetHostImpl::WasShown
04-13 15:01:32.009 W/chromium(30459): [WARNING:window_android.cc(109)] TAB-STATUS observer added
04-13 15:01:32.009 W/chromium(30459): [WARNING:render_widget_host_view_android.cc(1906)] TAB-STATUS it is still showing
04-13 15:01:32.009 W/chromium(30459): [WARNING:window_android.cc(123)] TAB-STATUS observer removed
04-13 15:01:32.009 W/chromium(30459): [WARNING:window_android.cc(109)] TAB-STATUS observer added
04-13 15:01:32.011 I/chromium(30459): [INFO:tin_six_tab_helper.cc(621)] ActivateTabAt 0,15
04-13 15:01:32.054 I/chromium(30459): [INFO:tin_auto_https_upgrade_throttle.cc(208)] AutoHTTPSUpgrade
04-13 15:01:32.130 I/chromium(30459): [INFO:tin_auto_https_upgrade_throttle.cc(261)] AutoHTTPSUpgrade  GetNetErrorCode = -105
04-13 15:01:32.130 I/chromium(30459): [INFO:tin_auto_https_upgrade_throttle.cc(411)] AutoHTTPSUpgrade  FallbackToHttp
04-13 15:01:32.147 I/chromium(30459): [INFO:tin_six_tab_helper.cc(621)] ActivateTabAt 0,15
04-13 15:01:32.159 I/chromium(30459): [INFO:tin_six_tab_helper.cc(621)] ActivateTabAt 0,15
04-13 15:01:32.236 I/chromium(30664): [INFO:layer_tree_host_impl.cc(198)] SBRTOUCHLOG DidVisibilityChange = 0
04-13 15:01:32.238 I/chromium(30664): [INFO:layer_tree_host_impl.cc(4001)] SBRTOUCHLOG SetDeferCommitFlagForDebug = 1
04-13 15:01:32.239 I/chromium(30664): [INFO:tin_anti_tracking_renderer_url_loader_throttle_helper.cc(31)] [IAT] set delegate th 0xc5a07d40 td 0xc726d8e0
04-13 15:01:32.240 I/chromium(30664): [INFO:tin_smart_protect_renderer.cc(16)] TinSmartProtectRenderer
04-13 15:01:32.242 I/chromium(30664): [INFO:tin_smart_protect_renderer.cc(33)] BindPendingReceiver bound=1
04-13 15:01:32.248 I/chromium(30664): [INFO:tin_anti_tracking_renderer_url_loader_throttle_helper.cc(38)] [IAT] detector destroyed 0xc726d8e0
04-13 15:01:32.280 I/chromium(30459): [INFO:tin_six_tab_helper.cc(84)] OnCurrentTabChanged 0,15
04-13 15:01:32.280 I/chromium(30459): [INFO:tin_six_tab_helper.cc(640)] ForceActivateTabAt 0,15
04-13 15:01:32.311 I/chromium(30459): [INFO:layer_tree_host_impl.cc(198)] SBRTOUCHLOG DidVisibilityChange = 1
04-13 15:01:32.343 I/chromium(30459): [INFO:browser_gpu_channel_host_factory.cc(364)] EstablishGpuChannel: establishing gpu_channel
04-13 15:01:32.363 I/chromium(30459): [INFO:browser_gpu_channel_host_factory.cc(391)] EstablishGpuChannel: gpu_channel_ exists run callback 0xc690f900
04-13 15:01:32.386 I/chromium(30459): [INFO:ui_resource_layer_manager.cc(290)] CC-HideUrlbar: EnableUIResourceLayer LayerType: 0 Drawable true
04-13 15:01:32.392 I/chromium(30459): [INFO:tin_six_tab_helper.cc(84)] OnCurrentTabChanged 0,15
04-13 15:01:32.392 I/chromium(30459): [INFO:tin_six_tab_helper.cc(640)] ForceActivateTabAt 0,15
04-13 15:01:32.394 I/chromium(30459): [INFO:tin_six_tab_helper.cc(84)] OnCurrentTabChanged 0,15
04-13 15:01:32.394 I/chromium(30459): [INFO:tin_six_tab_helper.cc(640)] ForceActivateTabAt 0,15
04-13 15:01:32.437 I/chromium(30459): [INFO:ui_resource_layer_manager.cc(290)] CC-HideUrlbar: EnableUIResourceLayer LayerType: 1 Drawable true
04-13 15:01:32.713 I/chromium(30664): [INFO:layer_tree_host_impl.cc(198)] SBRTOUCHLOG DidVisibilityChange = 0
04-13 15:01:32.713 I/chromium(30664): [INFO:layer_tree_host_impl.cc(4001)] SBRTOUCHLOG SetDeferCommitFlagForDebug = 1
04-13 15:01:32.713 I/chromium(30664): [INFO:layer_tree_host_impl.cc(4001)] SBRTOUCHLOG SetDeferCommitFlagForDebug = 0
04-13 15:01:32.714 I/chromium(30664): [INFO:tin_anti_tracking_renderer_url_loader_throttle_helper.cc(31)] [IAT] set delegate th 0xc5a07d40 td 0xc726cb20
04-13 15:01:32.714 I/chromium(30664): [INFO:tin_smart_protect_renderer.cc(16)] TinSmartProtectRenderer
04-13 15:01:32.715 I/chromium(30664): [INFO:tin_smart_protect_renderer.cc(33)] BindPendingReceiver bound=1
04-13 15:01:32.720 I/chromium(30459): [INFO:tin_six_tab_helper.cc(621)] ActivateTabAt 0,15
04-13 15:01:32.722 I/chromium(30664): [INFO:render_frame_impl.cc(2979)] LoaderLog  CommitFailedNavigation  reason = -105
04-13 15:01:32.737 I/chromium(30664): [INFO:layer_tree_host_impl.cc(4001)] SBRTOUCHLOG SetDeferCommitFlagForDebug = 1
04-13 15:01:32.796 I/chromium(30664): [INFO:render_frame_impl.cc(3805)] LoaderLog didCommitProvisionalLoad
04-13 15:01:32.798 W/chromium(30459): [WARNING:window_android.cc(123)] TAB-STATUS observer removed
04-13 15:01:32.799 I/chromium(30459): [INFO:back_forward_cache_impl.cc(675)] BFCACHELOG  CanStorePageNow  result = No: related active contents exist: no BI swap result, HTTP status is not OK, scheme is not HTTP or HTTPS, frame is not fully loaded, main RenderFrameHost doesn't have response headers set, probably due not having successfully committed a navigation.
04-13 15:01:32.800 I/chromium(30459): [INFO:render_widget_host_impl.cc(843)] SBRTOUCHLOG  RenderWidgetHostImpl::WasShown
04-13 15:01:32.800 W/chromium(30459): [WARNING:window_android.cc(109)] TAB-STATUS observer added
04-13 15:01:32.807 I/chromium(30664): [INFO:layer_tree_host_impl.cc(198)] SBRTOUCHLOG DidVisibilityChange = 1
04-13 15:01:32.820 I/chromium(30664): [INFO:layer_tree_host_impl.cc(4001)] SBRTOUCHLOG SetDeferCommitFlagForDebug = 1
04-13 15:01:32.825 I/chromium(30664): [INFO:layer_tree_host_impl.cc(4001)] SBRTOUCHLOG SetDeferCommitFlagForDebug = 0
04-13 15:01:32.903 I/chromium(30664): [INFO:progress_tracker.cc(112)] LoaderLog  FinishedParsing
04-13 15:01:32.918 I/chromium(30664): [INFO:render_frame_impl.cc(4027)] LoaderLog didFinishLoad
04-13 15:01:32.922 I/chromium(30664): [INFO:frame_loader.cc(402)] LoaderLog Completed totalBytes = 40008
04-13 15:01:32.923 I/chromium(30664): [INFO:render_frame_impl.cc(5114)] LoaderLog didStopLoading
04-13 15:01:32.923 I/chromium(30459): [INFO:web_contents_impl.cc(6549)] LoaderLog  progress completed
04-13 15:01:32.927 I/chromium(30664): [INFO:layer_tree_impl.cc(1205)] DidUpdatePageScale IsActiveTree: 0 ScaleFactor: 1
04-13 15:01:32.944 I/chromium(30664): [INFO:layer_tree_impl.cc(1205)] DidUpdatePageScale IsActiveTree: 1 ScaleFactor: 1
04-13 15:01:32.992 I/chromium(30459): [INFO:tin_six_tab_helper.cc(621)] ActivateTabAt 0,15
04-13 15:01:33.008 I/CIRISApiClient( 7249): [getConfigurationSessionStatus] Getting session status for: 943012fb-b3ec-44a3-ae9f-70163fc369d8
04-13 15:01:33.316 I/CIRISApiClient( 7249): [getConfigurationSessionStatus] Session status: step=1/5, status=awaiting_oauth, stepType=oauth
04-13 15:01:33.318 I/CIRISApiClient( 7249): [getConfigurationSessionStatus] Collected config keys: [base_url, callback_base_url]
04-13 15:01:33.681 I/CIRISApiClient( 7249): [listAdapters] Listing adapters
04-13 15:01:33.831 I/chromium(30459): [INFO:net_error_auto_reloader.cc(289)] LoaderLog  Auto-Reload  1
04-13 15:01:33.838 I/chromium(30459): [INFO:tin_six_tab_helper.cc(621)] ActivateTabAt 0,15
04-13 15:01:33.973 I/chromium(30459): [INFO:tin_six_tab_helper.cc(621)] ActivateTabAt 0,15
04-13 15:01:34.164 W/chromium(30459): [WARNING:render_widget_host_view_android.cc(1070)] SBRTOUCHLOG  OnTouchEvent, Action::DOWN
04-13 15:01:34.164 I/chromium(30459): [INFO:render_widget_host_input_event_router.cc(861)] SBRTOUCHLOG Set Touch sequence target view: 0xc68c7800
04-13 15:01:34.164 W/chromium(30459): [WARNING:input_router_impl.cc(529)] SBRTOUCHLOG FilterAndSendWebInputEvent, kTouchStart
04-13 15:01:34.165 I/chromium(30664): [INFO:web_frame_widget_impl.cc(2748)] SBRTOUCHLOG Blink HandleInputEvent event received = PointerDown
04-13 15:01:34.167 I/chromium(30664): [INFO:web_frame_widget_impl.cc(2748)] SBRTOUCHLOG Blink HandleInputEvent event received = GestureTapDown
04-13 15:01:34.174 I/chromium(30664): [INFO:web_frame_widget_impl.cc(2748)] SBRTOUCHLOG Blink HandleInputEvent event received = PointerMove
04-13 15:01:34.180 I/chromium(30664): [INFO:layer_tree_host_impl.cc(332)] SBRTOUCHLOG LayerTreeHostImpl::ScrollBegin defer_commit =  0
04-13 15:01:34.180 I/chromium(30664): [INFO:web_frame_widget_impl.cc(2748)] SBRTOUCHLOG Blink HandleInputEvent event received = PointerMove
04-13 15:01:34.181 I/chromium(30664): [INFO:web_frame_widget_impl.cc(2748)] SBRTOUCHLOG Blink HandleInputEvent event received = GestureTapCancel
04-13 15:01:34.181 I/chromium(30664): [INFO:layer_tree_host_impl.cc(303)] SBRTOUCHLOG LayerTreeHostImpl::ScrollBy delta_y = -2.29137
04-13 15:01:34.181 I/chromium(30664): [INFO:web_frame_widget_impl.cc(2748)] SBRTOUCHLOG Blink HandleInputEvent event received = PointerCausedUaAction
04-13 15:01:34.202 I/chromium(30664): [INFO:web_frame_widget_impl.cc(2748)] SBRTOUCHLOG Blink HandleInputEvent event received = PointerMove
04-13 15:01:34.322 I/CIRISApiClient( 7249): [getConfigurationSessionStatus] Getting session status for: 943012fb-b3ec-44a3-ae9f-70163fc369d8
04-13 15:01:34.390 I/chromium(30664): [INFO:web_frame_widget_impl.cc(2748)] SBRTOUCHLOG Blink HandleInputEvent event received = PointerMove
04-13 15:01:34.390 I/chromium(30664): [INFO:web_frame_widget_impl.cc(2748)] SBRTOUCHLOG Blink HandleInputEvent event received = PointerUp
04-13 15:01:34.395 W/chromium(30459): [WARNING:window_android.cc(109)] TAB-STATUS observer added
04-13 15:01:34.395 I/chromium(30459): [INFO:render_widget_host_view_android.cc(1988)] Ignore GestureEventAck for kGestureFlingStart as Fling is already stopped
04-13 15:01:34.402 I/chromium(30664): [INFO:layer_tree_host_impl.cc(344)] SBRTOUCHLOG LayerTreeHostImpl::ScrollEnd
04-13 15:01:34.616 I/chromium(30459): [INFO:navigation_controller_impl.cc(2941)] LoaderLog NavigateToPendingEntry pending_entry_index = 0 last_committed_entry_index = 0
04-13 15:01:34.624 I/chromium(30459): [INFO:tin_six_tab_helper.cc(621)] ActivateTabAt 0,15
04-13 15:01:34.690 I/chromium(30459): [INFO:tin_six_tab_helper.cc(621)] ActivateTabAt 0,15
04-13 15:01:34.691 I/chromium(30664): [INFO:render_frame_impl.cc(2979)] LoaderLog  CommitFailedNavigation  reason = -105
04-13 15:01:34.694 I/chromium(30664): [INFO:layer_tree_host_impl.cc(4001)] SBRTOUCHLOG SetDeferCommitFlagForDebug = 1
04-13 15:01:34.708 I/chromium(30664): [INFO:render_frame_impl.cc(3805)] LoaderLog didCommitProvisionalLoad
04-13 15:01:34.718 I/chromium(30664): [INFO:layer_tree_host_impl.cc(4001)] SBRTOUCHLOG SetDeferCommitFlagForDebug = 0
04-13 15:01:34.748 I/chromium(30664): [INFO:progress_tracker.cc(112)] LoaderLog  FinishedParsing
04-13 15:01:34.751 I/chromium(30664): [INFO:render_frame_impl.cc(4027)] LoaderLog didFinishLoad
04-13 15:01:34.753 I/chromium(30664): [INFO:frame_loader.cc(402)] LoaderLog Completed totalBytes = 40008
04-13 15:01:34.753 I/chromium(30664): [INFO:render_frame_impl.cc(5114)] LoaderLog didStopLoading
04-13 15:01:34.757 I/chromium(30459): [INFO:web_contents_impl.cc(6549)] LoaderLog  progress completed
04-13 15:01:34.796 I/chromium(30459): [INFO:tin_six_tab_helper.cc(621)] ActivateTabAt 0,15
04-13 15:01:34.833 I/chromium(30459): [INFO:render_process_host_impl.cc(4491)] [Renderer][Exit] ChildProcessLauncher::OnChildProcessDied called through JNI pid = 8962, renderer_id =0
04-13 15:01:35.021 I/CIRISApiClient( 7249): [getConfigurationSessionStatus] Getting session status for: 943012fb-b3ec-44a3-ae9f-70163fc369d8
04-13 15:01:35.729 I/CIRISApiClient( 7249): [getConfigurationSessionStatus] Session status: step=1/5, status=awaiting_oauth, stepType=oauth
04-13 15:01:35.731 I/CIRISApiClient( 7249): [getConfigurationSessionStatus] Collected config keys: [base_url, callback_base_url]
04-13 15:01:36.608 I/chromium(30459): [INFO:render_process_host_impl.cc(4491)] [Renderer][Exit] ChildProcessLauncher::OnChildProcessDied called through JNI pid = 8993, renderer_id =0
04-13 15:01:37.031 I/CIRISApiClient( 7249): [getConfigurationSessionStatus] Getting session status for: 943012fb-b3ec-44a3-ae9f-70163fc369d8
04-13 15:01:37.262 I/chromium(30459): [INFO:render_process_host_impl.cc(4491)] [Renderer][Exit] ChildProcessLauncher::OnChildProcessDied called through JNI pid = 9010, renderer_id =0
04-13 15:01:39.043 I/CIRISApiClient( 7249): [getConfigurationSessionStatus] Getting session status for: 943012fb-b3ec-44a3-ae9f-70163fc369d8
04-13 15:01:39.173 I/CIRISApiClient( 7249): [getConfigurationSessionStatus] Session status: step=1/5, status=awaiting_oauth, stepType=oauth
04-13 15:01:39.176 I/CIRISApiClient( 7249): [getConfigurationSessionStatus] Collected config keys: [base_url, callback_base_url]
04-13 15:01:39.743 I/chromium(30459): [INFO:net_error_auto_reloader.cc(289)] LoaderLog  Auto-Reload  2
04-13 15:01:39.750 I/chromium(30459): [INFO:tin_six_tab_helper.cc(621)] ActivateTabAt 0,15
04-13 15:01:39.785 D/EnvFileUpdater( 7249): Found CIRIS_HOME from env: /data/user/0/ai.ciris.mobile.debug/files/ciris
04-13 15:01:39.859 I/chromium(30459): [INFO:tin_six_tab_helper.cc(621)] ActivateTabAt 0,15
04-13 15:01:40.184 I/CIRISApiClient( 7249): [getConfigurationSessionStatus] Getting session status for: 943012fb-b3ec-44a3-ae9f-70163fc369d8
04-13 15:01:40.340 I/CIRISApiClient( 7249): [getConfigurationSessionStatus] Session status: step=1/5, status=awaiting_oauth, stepType=oauth
04-13 15:01:40.341 I/CIRISApiClient( 7249): [getConfigurationSessionStatus] Collected config keys: [base_url, callback_base_url]
04-13 15:01:40.397 I/CIRISApiClient( 7249): [listAdapters] API response: total=8, running=8, adapters.size=8
04-13 15:01:40.398 I/CIRISApiClient( 7249): [listAdapters]   API adapter[0]: id=cirisverify_bootstrap, type=cirisverify, running=true, needsReauth=false, hasAuthStep=false
04-13 15:01:40.400 I/CIRISApiClient( 7249): [listAdapters]   API adapter[1]: id=wallet_bootstrap, type=wallet, running=true, needsReauth=false, hasAuthStep=false
04-13 15:01:40.401 I/CIRISApiClient( 7249): [listAdapters]   API adapter[2]: id=api_bootstrap, type=api, running=true, needsReauth=false, hasAuthStep=false
04-13 15:01:40.402 I/CIRISApiClient( 7249): [listAdapters]   API adapter[3]: id=ciris_hosted_tools, type=ciris_hosted_tools, running=true, needsReauth=false, hasAuthStep=false
04-13 15:01:40.403 I/CIRISApiClient( 7249): [listAdapters]   API adapter[4]: id=ciris_accord_metrics, type=ciris_accord_metrics, running=true, needsReauth=false, hasAuthStep=false
04-13 15:01:40.404 I/CIRISApiClient( 7249): [listAdapters]   API adapter[5]: id=navigation, type=navigation, running=true, needsReauth=false, hasAuthStep=false
04-13 15:01:40.406 I/CIRISApiClient( 7249): [listAdapters]   API adapter[6]: id=home_assistant, type=home_assistant, running=true, needsReauth=true, hasAuthStep=true
04-13 15:01:40.407 I/CIRISApiClient( 7249): [listAdapters]   API adapter[7]: id=weather, type=weather, running=true, needsReauth=false, hasAuthStep=false
04-13 15:01:41.060 I/CIRISApiClient( 7249): [getConfigurationSessionStatus] Getting session status for: 943012fb-b3ec-44a3-ae9f-70163fc369d8
04-13 15:01:42.472 I/chromium(30459): [INFO:render_process_host_impl.cc(4491)] [Renderer][Exit] ChildProcessLauncher::OnChildProcessDied called through JNI pid = 9045, renderer_id =0
04-13 15:01:42.669 I/CIRISApiClient( 7249): [getConfigurationSessionStatus] Session status: step=1/5, status=awaiting_oauth, stepType=oauth
04-13 15:01:42.673 I/CIRISApiClient( 7249): [getConfigurationSessionStatus] Collected config keys: [base_url, callback_base_url]
04-13 15:01:43.072 I/CIRISApiClient( 7249): [getConfigurationSessionStatus] Getting session status for: 943012fb-b3ec-44a3-ae9f-70163fc369d8
04-13 15:01:43.755 I/CIRISApiClient( 7249): [getConfigurationSessionStatus] Session status: step=1/5, status=awaiting_oauth, stepType=oauth
04-13 15:01:43.758 I/CIRISApiClient( 7249): [getConfigurationSessionStatus] Collected config keys: [base_url, callback_base_url]
04-13 15:01:43.782 I/CIRISApiClient( 7249): [getConfigurationSessionStatus] Session status: step=1/5, status=awaiting_oauth, stepType=oauth
04-13 15:01:43.783 I/CIRISApiClient( 7249): [getConfigurationSessionStatus] Collected config keys: [base_url, callback_base_url]
04-13 15:01:44.789 I/CIRISApiClient( 7249): [getConfigurationSessionStatus] Getting session status for: 943012fb-b3ec-44a3-ae9f-70163fc369d8
04-13 15:01:45.067 I/CIRISApiClient( 7249): [getConfigurationSessionStatus] Session status: step=1/5, status=awaiting_oauth, stepType=oauth
04-13 15:01:45.070 I/CIRISApiClient( 7249): [getConfigurationSessionStatus] Collected config keys: [base_url, callback_base_url]
04-13 15:01:45.087 I/CIRISApiClient( 7249): [getConfigurationSessionStatus] Session status: step=1/5, status=awaiting_oauth, stepType=oauth
04-13 15:01:45.089 I/CIRISApiClient( 7249): [getConfigurationSessionStatus] Collected config keys: [base_url, callback_base_url]
04-13 15:01:45.103 I/CIRISApiClient( 7249): [getConfigurationSessionStatus] Getting session status for: 943012fb-b3ec-44a3-ae9f-70163fc369d8
04-13 15:01:46.187 I/CIRISApiClient( 7249): [getConfigurationSessionStatus] Session status: step=1/5, status=awaiting_oauth, stepType=oauth
04-13 15:01:46.191 I/CIRISApiClient( 7249): [getConfigurationSessionStatus] Collected config keys: [base_url, callback_base_url]
04-13 15:01:47.117 I/CIRISApiClient( 7249): [getConfigurationSessionStatus] Getting session status for: 943012fb-b3ec-44a3-ae9f-70163fc369d8
04-13 15:01:47.196 I/CIRISApiClient( 7249): [getConfigurationSessionStatus] Getting session status for: 943012fb-b3ec-44a3-ae9f-70163fc369d8
04-13 15:01:49.134 I/CIRISApiClient( 7249): [getConfigurationSessionStatus] Getting session status for: 943012fb-b3ec-44a3-ae9f-70163fc369d8
04-13 15:01:49.787 D/EnvFileUpdater( 7249): Found CIRIS_HOME from env: /data/user/0/ai.ciris.mobile.debug/files/ciris
04-13 15:01:50.420 I/CIRISApiClient( 7249): [listAdapters] Listing adapters
04-13 15:01:50.828 I/CIRISApiClient( 7249): [getConfigurationSessionStatus] Session status: step=1/5, status=awaiting_oauth, stepType=oauth
04-13 15:01:50.832 I/CIRISApiClient( 7249): [getConfigurationSessionStatus] Collected config keys: [base_url, callback_base_url]
04-13 15:01:51.152 I/CIRISApiClient( 7249): [getConfigurationSessionStatus] Getting session status for: 943012fb-b3ec-44a3-ae9f-70163fc369d8
04-13 15:01:51.989 I/CIRISApiClient( 7249): [getConfigurationSessionStatus] Session status: step=1/5, status=awaiting_oauth, stepType=oauth
04-13 15:01:51.992 I/CIRISApiClient( 7249): [getConfigurationSessionStatus] Collected config keys: [base_url, callback_base_url]
04-13 15:01:53.090 I/CIRISApiClient( 7249): [getConfigurationSessionStatus] Session status: step=1/5, status=awaiting_oauth, stepType=oauth
04-13 15:01:53.093 I/CIRISApiClient( 7249): [getConfigurationSessionStatus] Collected config keys: [base_url, callback_base_url]
04-13 15:01:53.172 I/CIRISApiClient( 7249): [getConfigurationSessionStatus] Getting session status for: 943012fb-b3ec-44a3-ae9f-70163fc369d8
04-13 15:01:54.096 I/CIRISApiClient( 7249): [getConfigurationSessionStatus] Getting session status for: 943012fb-b3ec-44a3-ae9f-70163fc369d8
04-13 15:01:55.194 I/CIRISApiClient( 7249): [getConfigurationSessionStatus] Getting session status for: 943012fb-b3ec-44a3-ae9f-70163fc369d8
04-13 15:01:55.550 I/CIRISApiClient( 7249): [getConfigurationSessionStatus] Session status: step=1/5, status=awaiting_oauth, stepType=oauth
04-13 15:01:55.554 I/CIRISApiClient( 7249): [getConfigurationSessionStatus] Collected config keys: [base_url, callback_base_url]
04-13 15:01:57.217 I/CIRISApiClient( 7249): [getConfigurationSessionStatus] Getting session status for: 943012fb-b3ec-44a3-ae9f-70163fc369d8
04-13 15:01:58.928 I/CIRISApiClient( 7249): [getConfigurationSessionStatus] Session status: step=1/5, status=awaiting_oauth, stepType=oauth
04-13 15:01:58.931 I/CIRISApiClient( 7249): [getConfigurationSessionStatus] Collected config keys: [base_url, callback_base_url]
04-13 15:01:59.239 I/CIRISApiClient( 7249): [getConfigurationSessionStatus] Getting session status for: 943012fb-b3ec-44a3-ae9f-70163fc369d8
04-13 15:01:59.789 D/EnvFileUpdater( 7249): Found CIRIS_HOME from env: /data/user/0/ai.ciris.mobile.debug/files/ciris
04-13 15:02:01.261 I/CIRISApiClient( 7249): [getConfigurationSessionStatus] Getting session status for: 943012fb-b3ec-44a3-ae9f-70163fc369d8
04-13 15:02:02.431 I/CIRISApiClient( 7249): [getConfigurationSessionStatus] Session status: step=1/5, status=awaiting_oauth, stepType=oauth
04-13 15:02:02.435 I/CIRISApiClient( 7249): [getConfigurationSessionStatus] Collected config keys: [base_url, callback_base_url]
04-13 15:02:02.451 I/CIRISApiClient( 7249): [getConfigurationSessionStatus] Session status: step=1/5, status=awaiting_oauth, stepType=oauth
04-13 15:02:02.453 I/CIRISApiClient( 7249): [getConfigurationSessionStatus] Collected config keys: [base_url, callback_base_url]
04-13 15:02:02.706 I/CIRISApiClient( 7249): [listAdapters] API response: total=8, running=8, adapters.size=8
04-13 15:02:02.708 I/CIRISApiClient( 7249): [listAdapters]   API adapter[0]: id=cirisverify_bootstrap, type=cirisverify, running=true, needsReauth=false, hasAuthStep=false
04-13 15:02:02.709 I/CIRISApiClient( 7249): [listAdapters]   API adapter[1]: id=wallet_bootstrap, type=wallet, running=true, needsReauth=false, hasAuthStep=false
04-13 15:02:02.711 I/CIRISApiClient( 7249): [listAdapters]   API adapter[2]: id=api_bootstrap, type=api, running=true, needsReauth=false, hasAuthStep=false
04-13 15:02:02.712 I/CIRISApiClient( 7249): [listAdapters]   API adapter[3]: id=ciris_hosted_tools, type=ciris_hosted_tools, running=true, needsReauth=false, hasAuthStep=false
04-13 15:02:02.713 I/CIRISApiClient( 7249): [listAdapters]   API adapter[4]: id=ciris_accord_metrics, type=ciris_accord_metrics, running=true, needsReauth=false, hasAuthStep=false
04-13 15:02:02.715 I/CIRISApiClient( 7249): [listAdapters]   API adapter[5]: id=navigation, type=navigation, running=true, needsReauth=false, hasAuthStep=false
04-13 15:02:02.716 I/CIRISApiClient( 7249): [listAdapters]   API adapter[6]: id=home_assistant, type=home_assistant, running=true, needsReauth=true, hasAuthStep=true
04-13 15:02:02.717 I/CIRISApiClient( 7249): [listAdapters]   API adapter[7]: id=weather, type=weather, running=true, needsReauth=false, hasAuthStep=false
04-13 15:02:02.749 I/CIRISApiClient( 7249): [getConfigurationSessionStatus] Session status: step=1/5, status=awaiting_oauth, stepType=oauth
04-13 15:02:02.751 I/CIRISApiClient( 7249): [getConfigurationSessionStatus] Collected config keys: [base_url, callback_base_url]
04-13 15:02:02.758 I/CIRISApiClient( 7249): [getConfigurationSessionStatus] Session status: step=1/5, status=awaiting_oauth, stepType=oauth
04-13 15:02:02.759 I/CIRISApiClient( 7249): [getConfigurationSessionStatus] Collected config keys: [base_url, callback_base_url]
04-13 15:02:03.281 I/CIRISApiClient( 7249): [getConfigurationSessionStatus] Getting session status for: 943012fb-b3ec-44a3-ae9f-70163fc369d8
04-13 15:02:03.457 I/CIRISApiClient( 7249): [getConfigurationSessionStatus] Getting session status for: 943012fb-b3ec-44a3-ae9f-70163fc369d8
04-13 15:02:05.298 I/CIRISApiClient( 7249): [getConfigurationSessionStatus] Getting session status for: 943012fb-b3ec-44a3-ae9f-70163fc369d8
04-13 15:02:07.092 I/CIRISApiClient( 7249): [getConfigurationSessionStatus] Session status: step=1/5, status=awaiting_oauth, stepType=oauth
04-13 15:02:07.094 I/CIRISApiClient( 7249): [getConfigurationSessionStatus] Collected config keys: [base_url, callback_base_url]
04-13 15:02:07.105 I/CIRISApiClient( 7249): [getConfigurationSessionStatus] Session status: step=1/5, status=awaiting_oauth, stepType=oauth
