04-13 15:02:07.107 I/CIRISApiClient( 7249): [getConfigurationSessionStatus] Collected config keys: [base_url, callback_base_url]
04-13 15:02:07.310 I/CIRISApiClient( 7249): [getConfigurationSessionStatus] Getting session status for: 943012fb-b3ec-44a3-ae9f-70163fc369d8
04-13 15:02:08.588 I/CIRISApiClient( 7249): [getConfigurationSessionStatus] Session status: step=1/5, status=awaiting_oauth, stepType=oauth
04-13 15:02:08.590 I/CIRISApiClient( 7249): [getConfigurationSessionStatus] Collected config keys: [base_url, callback_base_url]
04-13 15:02:08.601 I/CIRISApiClient( 7249): [getConfigurationSessionStatus] Session status: step=1/5, status=awaiting_oauth, stepType=oauth
04-13 15:02:08.603 I/CIRISApiClient( 7249): [getConfigurationSessionStatus] Collected config keys: [base_url, callback_base_url]
04-13 15:02:09.321 I/CIRISApiClient( 7249): [getConfigurationSessionStatus] Getting session status for: 943012fb-b3ec-44a3-ae9f-70163fc369d8
04-13 15:02:09.605 I/CIRISApiClient( 7249): [getConfigurationSessionStatus] Getting session status for: 943012fb-b3ec-44a3-ae9f-70163fc369d8
04-13 15:02:09.717 I/CIRISApiClient( 7249): [getConfigurationSessionStatus] Session status: step=1/5, status=awaiting_oauth, stepType=oauth
04-13 15:02:09.719 I/CIRISApiClient( 7249): [getConfigurationSessionStatus] Collected config keys: [base_url, callback_base_url]
04-13 15:02:09.790 D/EnvFileUpdater( 7249): Found CIRIS_HOME from env: /data/user/0/ai.ciris.mobile.debug/files/ciris
04-13 15:02:09.832 I/chromium(30459): [INFO:net_error_auto_reloader.cc(289)] LoaderLog  Auto-Reload  3
04-13 15:02:09.839 I/chromium(30459): [INFO:tin_six_tab_helper.cc(621)] ActivateTabAt 0,15
04-13 15:02:09.944 I/chromium(30459): [INFO:tin_six_tab_helper.cc(621)] ActivateTabAt 0,15
04-13 15:02:10.732 W/chromium(30459): [WARNING:render_widget_host_view_android.cc(1861)] TAB-STATUS observation kept while hiding
04-13 15:02:10.733 I/chromium(30664): [INFO:layer_tree_host_impl.cc(198)] SBRTOUCHLOG DidVisibilityChange = 0
04-13 15:02:10.868 I/chromium(30459): [INFO:layer_tree_host_impl.cc(198)] SBRTOUCHLOG DidVisibilityChange = 0
04-13 15:02:11.248 W/chromium(30459): [WARNING:window_android.cc(123)] TAB-STATUS observer removed
04-13 15:02:11.330 I/CIRISApiClient( 7249): [getConfigurationSessionStatus] Getting session status for: 943012fb-b3ec-44a3-ae9f-70163fc369d8
04-13 15:02:12.038 I/CIRISApiClient( 7249): [getConfigurationSessionStatus] Session status: step=1/5, status=awaiting_oauth, stepType=oauth
04-13 15:02:12.039 I/CIRISApiClient( 7249): [getConfigurationSessionStatus] Collected config keys: [base_url, callback_base_url]
04-13 15:02:12.191 I/CIRISApiClient( 7249): [getConfigurationSessionStatus] Session status: step=1/5, status=awaiting_oauth, stepType=oauth
04-13 15:02:12.193 I/CIRISApiClient( 7249): [getConfigurationSessionStatus] Collected config keys: [base_url, callback_base_url]
04-13 15:02:12.201 I/CIRISApiClient( 7249): [getConfigurationSessionStatus] Session status: step=1/5, status=awaiting_oauth, stepType=oauth
04-13 15:02:12.203 I/CIRISApiClient( 7249): [getConfigurationSessionStatus] Collected config keys: [base_url, callback_base_url]
04-13 15:02:12.513 I/chromium(30459): [INFO:render_process_host_impl.cc(4491)] [Renderer][Exit] ChildProcessLauncher::OnChildProcessDied called through JNI pid = 9135, renderer_id =0
04-13 15:02:12.731 I/CIRISApiClient( 7249): [listAdapters] Listing adapters
04-13 15:02:13.206 I/CIRISApiClient( 7249): [getConfigurationSessionStatus] Getting session status for: 943012fb-b3ec-44a3-ae9f-70163fc369d8
04-13 15:02:13.341 I/CIRISApiClient( 7249): [getConfigurationSessionStatus] Getting session status for: 943012fb-b3ec-44a3-ae9f-70163fc369d8
04-13 15:02:15.361 I/CIRISApiClient( 7249): [getConfigurationSessionStatus] Getting session status for: 943012fb-b3ec-44a3-ae9f-70163fc369d8
04-13 15:02:15.427 I/CIRISApiClient( 7249): [getConfigurationSessionStatus] Session status: step=1/5, status=awaiting_oauth, stepType=oauth
04-13 15:02:15.431 I/CIRISApiClient( 7249): [getConfigurationSessionStatus] Collected config keys: [base_url, callback_base_url]
04-13 15:02:17.382 I/CIRISApiClient( 7249): [getConfigurationSessionStatus] Getting session status for: 943012fb-b3ec-44a3-ae9f-70163fc369d8
04-13 15:02:17.738 I/CIRISApiClient( 7249): [getWAStatus] Fetching WA status
04-13 15:02:17.762 I/CIRISApiClient( 7249): [getConfigurationSessionStatus] Session status: step=1/5, status=awaiting_oauth, stepType=oauth
04-13 15:02:17.764 I/CIRISApiClient( 7249): [getConfigurationSessionStatus] Collected config keys: [base_url, callback_base_url]
04-13 15:02:18.768 I/CIRISApiClient( 7249): [getConfigurationSessionStatus] Getting session status for: 943012fb-b3ec-44a3-ae9f-70163fc369d8
04-13 15:02:19.401 I/CIRISApiClient( 7249): [getConfigurationSessionStatus] Getting session status for: 943012fb-b3ec-44a3-ae9f-70163fc369d8
04-13 15:02:19.792 D/EnvFileUpdater( 7249): Found CIRIS_HOME from env: /data/user/0/ai.ciris.mobile.debug/files/ciris
04-13 15:02:20.365 I/CIRISApiClient( 7249): [getConfigurationSessionStatus] Session status: step=1/5, status=awaiting_oauth, stepType=oauth
04-13 15:02:20.368 I/CIRISApiClient( 7249): [getConfigurationSessionStatus] Collected config keys: [base_url, callback_base_url]
04-13 15:02:20.512 I/CIRISApiClient( 7249): [getConfigurationSessionStatus] Session status: step=1/5, status=awaiting_oauth, stepType=oauth
04-13 15:02:20.514 I/CIRISApiClient( 7249): [getConfigurationSessionStatus] Collected config keys: [base_url, callback_base_url]
04-13 15:02:20.527 I/CIRISApiClient( 7249): [getConfigurationSessionStatus] Session status: step=1/5, status=awaiting_oauth, stepType=oauth
04-13 15:02:20.529 I/CIRISApiClient( 7249): [getConfigurationSessionStatus] Collected config keys: [base_url, callback_base_url]
04-13 15:02:20.591 I/CIRISApiClient( 7249): [listAdapters] API response: total=8, running=8, adapters.size=8
04-13 15:02:20.593 I/CIRISApiClient( 7249): [listAdapters]   API adapter[0]: id=cirisverify_bootstrap, type=cirisverify, running=true, needsReauth=false, hasAuthStep=false
04-13 15:02:20.594 I/CIRISApiClient( 7249): [listAdapters]   API adapter[1]: id=wallet_bootstrap, type=wallet, running=true, needsReauth=false, hasAuthStep=false
04-13 15:02:20.596 I/CIRISApiClient( 7249): [listAdapters]   API adapter[2]: id=api_bootstrap, type=api, running=true, needsReauth=false, hasAuthStep=false
04-13 15:02:20.597 I/CIRISApiClient( 7249): [listAdapters]   API adapter[3]: id=ciris_hosted_tools, type=ciris_hosted_tools, running=true, needsReauth=false, hasAuthStep=false
04-13 15:02:20.598 I/CIRISApiClient( 7249): [listAdapters]   API adapter[4]: id=ciris_accord_metrics, type=ciris_accord_metrics, running=true, needsReauth=false, hasAuthStep=false
04-13 15:02:20.599 I/CIRISApiClient( 7249): [listAdapters]   API adapter[5]: id=navigation, type=navigation, running=true, needsReauth=false, hasAuthStep=false
04-13 15:02:20.601 I/CIRISApiClient( 7249): [listAdapters]   API adapter[6]: id=home_assistant, type=home_assistant, running=true, needsReauth=true, hasAuthStep=true
04-13 15:02:20.602 I/CIRISApiClient( 7249): [listAdapters]   API adapter[7]: id=weather, type=weather, running=true, needsReauth=false, hasAuthStep=false
04-13 15:02:21.422 I/CIRISApiClient( 7249): [getConfigurationSessionStatus] Getting session status for: 943012fb-b3ec-44a3-ae9f-70163fc369d8
04-13 15:02:23.441 I/CIRISApiClient( 7249): [getConfigurationSessionStatus] Getting session status for: 943012fb-b3ec-44a3-ae9f-70163fc369d8
04-13 15:02:25.458 I/CIRISApiClient( 7249): [getConfigurationSessionStatus] Getting session status for: 943012fb-b3ec-44a3-ae9f-70163fc369d8
04-13 15:02:25.938 I/CIRISApiClient( 7249): [getConfigurationSessionStatus] Session status: step=1/5, status=awaiting_oauth, stepType=oauth
04-13 15:02:25.939 I/CIRISApiClient( 7249): [getConfigurationSessionStatus] Collected config keys: [base_url, callback_base_url]
04-13 15:02:25.947 I/CIRISApiClient( 7249): [getConfigurationSessionStatus] Session status: step=1/5, status=awaiting_oauth, stepType=oauth
04-13 15:02:25.948 I/CIRISApiClient( 7249): [getConfigurationSessionStatus] Collected config keys: [base_url, callback_base_url]
04-13 15:02:25.977 I/CIRISApiClient( 7249): [getConfigurationSessionStatus] Session status: step=1/5, status=awaiting_oauth, stepType=oauth
04-13 15:02:25.978 I/CIRISApiClient( 7249): [getConfigurationSessionStatus] Collected config keys: [base_url, callback_base_url]
04-13 15:02:26.944 I/CIRISApiClient( 7249): [getConfigurationSessionStatus] Getting session status for: 943012fb-b3ec-44a3-ae9f-70163fc369d8
04-13 15:02:27.467 I/CIRISApiClient( 7249): [getConfigurationSessionStatus] Getting session status for: 943012fb-b3ec-44a3-ae9f-70163fc369d8
04-13 15:02:27.781 E/CIRISApiClient( 7249): [getWAStatus] Exception: SocketTimeoutException: Socket timeout has expired [url=http://localhost:8080/v1/wa/status, socket_timeout=unknown] ms
04-13 15:02:27.781 E/CIRISApiClient( 7249): io.ktor.client.network.sockets.SocketTimeoutException: Socket timeout has expired [url=http://localhost:8080/v1/wa/status, socket_timeout=unknown] ms
04-13 15:02:27.781 E/CIRISApiClient( 7249): 	at io.ktor.client.plugins.HttpTimeoutKt.SocketTimeoutException(HttpTimeout.kt:239)
04-13 15:02:27.781 E/CIRISApiClient( 7249): 	at io.ktor.client.engine.okhttp.OkUtilsKt.mapOkHttpException(OkUtils.kt:80)
04-13 15:02:27.781 E/CIRISApiClient( 7249): 	at io.ktor.client.engine.okhttp.OkUtilsKt.access$mapOkHttpException(OkUtils.kt:1)
04-13 15:02:27.781 E/CIRISApiClient( 7249): 	at io.ktor.client.engine.okhttp.OkHttpCallback.onFailure(OkUtils.kt:39)
04-13 15:02:27.781 E/CIRISApiClient( 7249): 	at okhttp3.internal.connection.RealCall$AsyncCall.run(RealCall.kt:525)
04-13 15:02:27.781 E/CIRISApiClient( 7249): 	at java.util.concurrent.ThreadPoolExecutor.runWorker(ThreadPoolExecutor.java:1133)
04-13 15:02:27.781 E/CIRISApiClient( 7249): 	at java.util.concurrent.ThreadPoolExecutor$Worker.run(ThreadPoolExecutor.java:607)
04-13 15:02:27.781 E/CIRISApiClient( 7249): 	at java.lang.Thread.run(Thread.java:762)
04-13 15:02:27.781 E/CIRISApiClient( 7249): Caused by: java.net.SocketTimeoutException: timeout
04-13 15:02:27.781 E/CIRISApiClient( 7249): 	at okio.SocketAsyncTimeout.newTimeoutException(JvmOkio.kt:146)
04-13 15:02:27.781 E/CIRISApiClient( 7249): 	at okio.AsyncTimeout.access$newTimeoutException(AsyncTimeout.kt:161)
04-13 15:02:27.781 E/CIRISApiClient( 7249): 	at okio.AsyncTimeout$source$1.read(AsyncTimeout.kt:339)
04-13 15:02:27.781 E/CIRISApiClient( 7249): 	at okio.RealBufferedSource.indexOf(RealBufferedSource.kt:430)
04-13 15:02:27.781 E/CIRISApiClient( 7249): 	at okio.RealBufferedSource.readUtf8LineStrict(RealBufferedSource.kt:323)
04-13 15:02:27.781 E/CIRISApiClient( 7249): 	at okhttp3.internal.http1.HeadersReader.readLine(HeadersReader.kt:29)
04-13 15:02:27.781 E/CIRISApiClient( 7249): 	at okhttp3.internal.http1.Http1ExchangeCodec.readResponseHeaders(Http1ExchangeCodec.kt:180)
04-13 15:02:27.781 E/CIRISApiClient( 7249): 	at okhttp3.internal.connection.Exchange.readResponseHeaders(Exchange.kt:110)
04-13 15:02:27.781 E/CIRISApiClient( 7249): 	at okhttp3.internal.http.CallServerInterceptor.intercept(CallServerInterceptor.kt:93)
04-13 15:02:27.781 E/CIRISApiClient( 7249): 	at okhttp3.internal.http.RealInterceptorChain.proceed(RealInterceptorChain.kt:109)
04-13 15:02:27.781 E/CIRISApiClient( 7249): 	at okhttp3.internal.connection.ConnectInterceptor.intercept(ConnectInterceptor.kt:34)
04-13 15:02:27.781 E/CIRISApiClient( 7249): 	at okhttp3.internal.http.RealInterceptorChain.proceed(RealInterceptorChain.kt:109)
04-13 15:02:27.781 E/CIRISApiClient( 7249): 	at okhttp3.internal.cache.CacheInterceptor.intercept(CacheInterceptor.kt:95)
04-13 15:02:27.781 E/CIRISApiClient( 7249): 	at okhttp3.internal.http.RealInterceptorChain.proceed(RealInterceptorChain.kt:109)
04-13 15:02:27.781 E/CIRISApiClient( 7249): 	at okhttp3.internal.http.BridgeInterceptor.intercept(BridgeInterceptor.kt:83)
04-13 15:02:27.781 E/CIRISApiClient( 7249): 	at okhttp3.internal.http.RealInterceptorChain.proceed(RealInterceptorChain.kt:109)
04-13 15:02:27.781 E/CIRISApiClient( 7249): 	at okhttp3.internal.http.RetryAndFollowUpInterceptor.intercept(RetryAndFollowUpInterceptor.kt:76)
04-13 15:02:27.781 E/CIRISApiClient( 7249): 	at okhttp3.internal.http.RealInterceptorChain.proceed(RealInterceptorChain.kt:109)
04-13 15:02:27.781 E/CIRISApiClient( 7249): 	at okhttp3.internal.connection.RealCall.getResponseWithInterceptorChain$okhttp(RealCall.kt:201)
04-13 15:02:27.781 E/CIRISApiClient( 7249): 	at okhttp3.internal.connection.RealCall$AsyncCall.run(RealCall.kt:517)
04-13 15:02:27.781 E/CIRISApiClient( 7249): 	... 3 more
04-13 15:02:27.781 E/CIRISApiClient( 7249): Caused by: java.net.SocketException: Socket closed
04-13 15:02:27.781 E/CIRISApiClient( 7249): 	at java.net.SocketInputStream.socketRead0(Native Method)
04-13 15:02:27.781 E/CIRISApiClient( 7249): 	at java.net.SocketInputStream.read(SocketInputStream.java:151)
04-13 15:02:27.781 E/CIRISApiClient( 7249): 	at java.net.SocketInputStream.read(SocketInputStream.java:120)
04-13 15:02:27.781 E/CIRISApiClient( 7249): 	at okio.InputStreamSource.read(JvmOkio.kt:93)
04-13 15:02:27.781 E/CIRISApiClient( 7249): 	at okio.AsyncTimeout$source$1.read(AsyncTimeout.kt:128)
04-13 15:02:27.781 E/CIRISApiClient( 7249): 	... 20 more
04-13 15:02:29.475 I/CIRISApiClient( 7249): [getConfigurationSessionStatus] Getting session status for: 943012fb-b3ec-44a3-ae9f-70163fc369d8
04-13 15:02:29.793 D/EnvFileUpdater( 7249): Found CIRIS_HOME from env: /data/user/0/ai.ciris.mobile.debug/files/ciris
04-13 15:02:30.288 I/CIRISApiClient( 7249): [getConfigurationSessionStatus] Session status: step=1/5, status=awaiting_oauth, stepType=oauth
04-13 15:02:30.290 I/CIRISApiClient( 7249): [getConfigurationSessionStatus] Collected config keys: [base_url, callback_base_url]
04-13 15:02:30.298 I/CIRISApiClient( 7249): [getConfigurationSessionStatus] Session status: step=1/5, status=awaiting_oauth, stepType=oauth
04-13 15:02:30.299 I/CIRISApiClient( 7249): [getConfigurationSessionStatus] Collected config keys: [base_url, callback_base_url]
04-13 15:02:30.549 I/CIRISApiClient( 7249): [getConfigurationSessionStatus] Session status: step=1/5, status=awaiting_oauth, stepType=oauth
04-13 15:02:30.551 I/CIRISApiClient( 7249): [getConfigurationSessionStatus] Collected config keys: [base_url, callback_base_url]
04-13 15:02:30.557 I/CIRISApiClient( 7249): [getConfigurationSessionStatus] Session status: step=1/5, status=awaiting_oauth, stepType=oauth
04-13 15:02:30.558 I/CIRISApiClient( 7249): [getConfigurationSessionStatus] Collected config keys: [base_url, callback_base_url]
04-13 15:02:30.615 I/CIRISApiClient( 7249): [listAdapters] Listing adapters
04-13 15:02:31.483 I/CIRISApiClient( 7249): [getConfigurationSessionStatus] Getting session status for: 943012fb-b3ec-44a3-ae9f-70163fc369d8
04-13 15:02:31.553 I/CIRISApiClient( 7249): [getConfigurationSessionStatus] Getting session status for: 943012fb-b3ec-44a3-ae9f-70163fc369d8
04-13 15:02:33.491 I/CIRISApiClient( 7249): [getConfigurationSessionStatus] Getting session status for: 943012fb-b3ec-44a3-ae9f-70163fc369d8
04-13 15:02:34.035 I/CIRISApiClient( 7249): [getConfigurationSessionStatus] Session status: step=1/5, status=awaiting_oauth, stepType=oauth
04-13 15:02:34.036 I/CIRISApiClient( 7249): [getConfigurationSessionStatus] Collected config keys: [base_url, callback_base_url]
04-13 15:02:35.205 I/CIRISApiClient( 7249): [getConfigurationSessionStatus] Session status: step=1/5, status=awaiting_oauth, stepType=oauth
04-13 15:02:35.207 I/CIRISApiClient( 7249): [getConfigurationSessionStatus] Collected config keys: [base_url, callback_base_url]
04-13 15:02:35.214 I/CIRISApiClient( 7249): [getConfigurationSessionStatus] Session status: step=1/5, status=awaiting_oauth, stepType=oauth
04-13 15:02:35.216 I/CIRISApiClient( 7249): [getConfigurationSessionStatus] Collected config keys: [base_url, callback_base_url]
04-13 15:02:35.499 I/CIRISApiClient( 7249): [getConfigurationSessionStatus] Getting session status for: 943012fb-b3ec-44a3-ae9f-70163fc369d8
04-13 15:02:36.218 I/CIRISApiClient( 7249): [getConfigurationSessionStatus] Getting session status for: 943012fb-b3ec-44a3-ae9f-70163fc369d8
04-13 15:02:37.508 I/CIRISApiClient( 7249): [getConfigurationSessionStatus] Getting session status for: 943012fb-b3ec-44a3-ae9f-70163fc369d8
04-13 15:02:39.516 I/CIRISApiClient( 7249): [getConfigurationSessionStatus] Getting session status for: 943012fb-b3ec-44a3-ae9f-70163fc369d8
04-13 15:02:39.570 I/CIRISApiClient( 7249): [getConfigurationSessionStatus] Session status: step=1/5, status=awaiting_oauth, stepType=oauth
04-13 15:02:39.572 I/CIRISApiClient( 7249): [getConfigurationSessionStatus] Collected config keys: [base_url, callback_base_url]
04-13 15:02:39.619 I/CIRISApiClient( 7249): [listAdapters] API response: total=8, running=8, adapters.size=8
04-13 15:02:39.620 I/CIRISApiClient( 7249): [listAdapters]   API adapter[0]: id=cirisverify_bootstrap, type=cirisverify, running=true, needsReauth=false, hasAuthStep=false
04-13 15:02:39.622 I/CIRISApiClient( 7249): [listAdapters]   API adapter[1]: id=wallet_bootstrap, type=wallet, running=true, needsReauth=false, hasAuthStep=false
04-13 15:02:39.623 I/CIRISApiClient( 7249): [listAdapters]   API adapter[2]: id=api_bootstrap, type=api, running=true, needsReauth=false, hasAuthStep=false
04-13 15:02:39.624 I/CIRISApiClient( 7249): [listAdapters]   API adapter[3]: id=ciris_hosted_tools, type=ciris_hosted_tools, running=true, needsReauth=false, hasAuthStep=false
04-13 15:02:39.626 I/CIRISApiClient( 7249): [listAdapters]   API adapter[4]: id=ciris_accord_metrics, type=ciris_accord_metrics, running=true, needsReauth=false, hasAuthStep=false
04-13 15:02:39.627 I/CIRISApiClient( 7249): [listAdapters]   API adapter[5]: id=navigation, type=navigation, running=true, needsReauth=false, hasAuthStep=false
04-13 15:02:39.629 I/CIRISApiClient( 7249): [listAdapters]   API adapter[6]: id=home_assistant, type=home_assistant, running=true, needsReauth=true, hasAuthStep=true
04-13 15:02:39.630 I/CIRISApiClient( 7249): [listAdapters]   API adapter[7]: id=weather, type=weather, running=true, needsReauth=false, hasAuthStep=false
04-13 15:02:39.745 I/CIRISApiClient( 7249): [getConfigurationSessionStatus] Session status: step=1/5, status=awaiting_oauth, stepType=oauth
04-13 15:02:39.746 I/CIRISApiClient( 7249): [getConfigurationSessionStatus] Collected config keys: [base_url, callback_base_url]
04-13 15:02:39.754 I/CIRISApiClient( 7249): [getConfigurationSessionStatus] Session status: step=1/5, status=awaiting_oauth, stepType=oauth
04-13 15:02:39.755 I/CIRISApiClient( 7249): [getConfigurationSessionStatus] Collected config keys: [base_url, callback_base_url]
04-13 15:02:39.794 D/EnvFileUpdater( 7249): Found CIRIS_HOME from env: /data/user/0/ai.ciris.mobile.debug/files/ciris
04-13 15:02:40.759 I/CIRISApiClient( 7249): [getConfigurationSessionStatus] Getting session status for: 943012fb-b3ec-44a3-ae9f-70163fc369d8
04-13 15:02:41.525 I/CIRISApiClient( 7249): [getConfigurationSessionStatus] Getting session status for: 943012fb-b3ec-44a3-ae9f-70163fc369d8
04-13 15:02:43.533 I/CIRISApiClient( 7249): [getConfigurationSessionStatus] Getting session status for: 943012fb-b3ec-44a3-ae9f-70163fc369d8
04-13 15:02:44.525 I/CIRISApiClient( 7249): [getConfigurationSessionStatus] Session status: step=1/5, status=awaiting_oauth, stepType=oauth
04-13 15:02:44.526 I/CIRISApiClient( 7249): [getConfigurationSessionStatus] Collected config keys: [base_url, callback_base_url]
04-13 15:02:44.534 I/CIRISApiClient( 7249): [getConfigurationSessionStatus] Session status: step=1/5, status=awaiting_oauth, stepType=oauth
04-13 15:02:44.536 I/CIRISApiClient( 7249): [getConfigurationSessionStatus] Collected config keys: [base_url, callback_base_url]
04-13 15:02:45.541 I/CIRISApiClient( 7249): [getConfigurationSessionStatus] Getting session status for: 943012fb-b3ec-44a3-ae9f-70163fc369d8
04-13 15:02:45.935 I/CIRISApiClient( 7249): [getConfigurationSessionStatus] Session status: step=1/5, status=awaiting_oauth, stepType=oauth
04-13 15:02:45.936 I/CIRISApiClient( 7249): [getConfigurationSessionStatus] Collected config keys: [base_url, callback_base_url]
04-13 15:02:45.942 I/CIRISApiClient( 7249): [getConfigurationSessionStatus] Session status: step=1/5, status=awaiting_oauth, stepType=oauth
04-13 15:02:45.943 I/CIRISApiClient( 7249): [getConfigurationSessionStatus] Collected config keys: [base_url, callback_base_url]
04-13 15:02:46.939 I/CIRISApiClient( 7249): [getConfigurationSessionStatus] Getting session status for: 943012fb-b3ec-44a3-ae9f-70163fc369d8
04-13 15:02:47.020 I/CIRISApiClient( 7249): [getConfigurationSessionStatus] Session status: step=1/5, status=awaiting_oauth, stepType=oauth
04-13 15:02:47.021 I/CIRISApiClient( 7249): [getConfigurationSessionStatus] Collected config keys: [base_url, callback_base_url]
04-13 15:02:47.549 I/CIRISApiClient( 7249): [getConfigurationSessionStatus] Getting session status for: 943012fb-b3ec-44a3-ae9f-70163fc369d8
04-13 15:02:49.558 I/CIRISApiClient( 7249): [getConfigurationSessionStatus] Getting session status for: 943012fb-b3ec-44a3-ae9f-70163fc369d8
04-13 15:02:49.644 I/CIRISApiClient( 7249): [listAdapters] Listing adapters
04-13 15:02:49.796 D/EnvFileUpdater( 7249): Found CIRIS_HOME from env: /data/user/0/ai.ciris.mobile.debug/files/ciris
04-13 15:02:50.294 I/CIRISApiClient( 7249): [getConfigurationSessionStatus] Session status: step=1/5, status=awaiting_oauth, stepType=oauth
04-13 15:02:50.295 I/CIRISApiClient( 7249): [getConfigurationSessionStatus] Collected config keys: [base_url, callback_base_url]
04-13 15:02:50.419 I/CIRISApiClient( 7249): [getConfigurationSessionStatus] Session status: step=1/5, status=awaiting_oauth, stepType=oauth
04-13 15:02:50.420 I/CIRISApiClient( 7249): [getConfigurationSessionStatus] Collected config keys: [base_url, callback_base_url]
04-13 15:02:51.422 I/CIRISApiClient( 7249): [getConfigurationSessionStatus] Getting session status for: 943012fb-b3ec-44a3-ae9f-70163fc369d8
04-13 15:02:51.504 I/CIRISApiClient( 7249): [getConfigurationSessionStatus] Session status: step=1/5, status=awaiting_oauth, stepType=oauth
04-13 15:02:51.506 I/CIRISApiClient( 7249): [getConfigurationSessionStatus] Collected config keys: [base_url, callback_base_url]
04-13 15:02:51.565 I/CIRISApiClient( 7249): [getConfigurationSessionStatus] Getting session status for: 943012fb-b3ec-44a3-ae9f-70163fc369d8
04-13 15:02:52.625 I/CIRISApiClient( 7249): [getConfigurationSessionStatus] Session status: step=1/5, status=awaiting_oauth, stepType=oauth
04-13 15:02:52.627 I/CIRISApiClient( 7249): [getConfigurationSessionStatus] Collected config keys: [base_url, callback_base_url]
04-13 15:02:53.573 I/CIRISApiClient( 7249): [getConfigurationSessionStatus] Getting session status for: 943012fb-b3ec-44a3-ae9f-70163fc369d8
04-13 15:02:55.370 I/CIRISApiClient( 7249): [getConfigurationSessionStatus] Session status: step=1/5, status=awaiting_oauth, stepType=oauth
04-13 15:02:55.372 I/CIRISApiClient( 7249): [getConfigurationSessionStatus] Collected config keys: [base_url, callback_base_url]
04-13 15:02:55.581 I/CIRISApiClient( 7249): [getConfigurationSessionStatus] Getting session status for: 943012fb-b3ec-44a3-ae9f-70163fc369d8
04-13 15:02:56.374 I/CIRISApiClient( 7249): [getConfigurationSessionStatus] Getting session status for: 943012fb-b3ec-44a3-ae9f-70163fc369d8
04-13 15:02:56.634 I/CIRISApiClient( 7249): [getConfigurationSessionStatus] Session status: step=1/5, status=awaiting_oauth, stepType=oauth
04-13 15:02:56.635 I/CIRISApiClient( 7249): [getConfigurationSessionStatus] Collected config keys: [base_url, callback_base_url]
04-13 15:02:56.669 I/CIRISApiClient( 7249): [getConfigurationSessionStatus] Session status: step=1/5, status=awaiting_oauth, stepType=oauth
04-13 15:02:56.670 I/CIRISApiClient( 7249): [getConfigurationSessionStatus] Collected config keys: [base_url, callback_base_url]
04-13 15:02:56.714 I/CIRISApiClient( 7249): [listAdapters] API response: total=8, running=8, adapters.size=8
04-13 15:02:56.715 I/CIRISApiClient( 7249): [listAdapters]   API adapter[0]: id=cirisverify_bootstrap, type=cirisverify, running=true, needsReauth=false, hasAuthStep=false
04-13 15:02:56.716 I/CIRISApiClient( 7249): [listAdapters]   API adapter[1]: id=wallet_bootstrap, type=wallet, running=true, needsReauth=false, hasAuthStep=false
04-13 15:02:56.717 I/CIRISApiClient( 7249): [listAdapters]   API adapter[2]: id=api_bootstrap, type=api, running=true, needsReauth=false, hasAuthStep=false
04-13 15:02:56.718 I/CIRISApiClient( 7249): [listAdapters]   API adapter[3]: id=ciris_hosted_tools, type=ciris_hosted_tools, running=true, needsReauth=false, hasAuthStep=false
04-13 15:02:56.720 I/CIRISApiClient( 7249): [listAdapters]   API adapter[4]: id=ciris_accord_metrics, type=ciris_accord_metrics, running=true, needsReauth=false, hasAuthStep=false
04-13 15:02:56.721 I/CIRISApiClient( 7249): [listAdapters]   API adapter[5]: id=navigation, type=navigation, running=true, needsReauth=false, hasAuthStep=false
04-13 15:02:56.722 I/CIRISApiClient( 7249): [listAdapters]   API adapter[6]: id=home_assistant, type=home_assistant, running=true, needsReauth=true, hasAuthStep=true
04-13 15:02:56.723 I/CIRISApiClient( 7249): [listAdapters]   API adapter[7]: id=weather, type=weather, running=true, needsReauth=false, hasAuthStep=false
04-13 15:02:57.589 I/CIRISApiClient( 7249): [getConfigurationSessionStatus] Getting session status for: 943012fb-b3ec-44a3-ae9f-70163fc369d8
04-13 15:02:57.860 I/chromium(30459): [INFO:render_widget_host_impl.cc(843)] SBRTOUCHLOG  RenderWidgetHostImpl::WasShown
04-13 15:02:57.860 I/chromium(30459): [INFO:render_widget_host_impl.cc(845)] SBRTOUCHLOG  ClearDisplayedGraphics was called
04-13 15:02:57.860 W/chromium(30459): [WARNING:window_android.cc(109)] TAB-STATUS observer added
04-13 15:02:57.861 I/chromium(30459): [INFO:ui_resource_layer_manager.cc(290)] CC-HideUrlbar: EnableUIResourceLayer LayerType: 0 Drawable true
04-13 15:02:57.862 I/chromium(30664): [INFO:layer_tree_host_impl.cc(198)] SBRTOUCHLOG DidVisibilityChange = 1
04-13 15:02:57.868 I/chromium(30459): [INFO:ui_resource_layer_manager.cc(290)] CC-HideUrlbar: EnableUIResourceLayer LayerType: 1 Drawable true
04-13 15:02:57.926 I/chromium(30459): [INFO:tin_six_tab_helper.cc(84)] OnCurrentTabChanged 0,15
04-13 15:02:57.926 I/chromium(30459): [INFO:tin_six_tab_helper.cc(640)] ForceActivateTabAt 0,15
04-13 15:02:57.967 I/chromium(30459): [INFO:layer_tree_host_impl.cc(198)] SBRTOUCHLOG DidVisibilityChange = 1
04-13 15:02:57.985 I/chromium(30459): [INFO:browser_gpu_channel_host_factory.cc(364)] EstablishGpuChannel: establishing gpu_channel
04-13 15:02:57.993 I/chromium(30459): [INFO:browser_gpu_channel_host_factory.cc(391)] EstablishGpuChannel: gpu_channel_ exists run callback 0xc690f900
04-13 15:02:58.006 I/chromium(30459): [INFO:tin_six_tab_helper.cc(84)] OnCurrentTabChanged 0,15
04-13 15:02:58.006 I/chromium(30459): [INFO:tin_six_tab_helper.cc(640)] ForceActivateTabAt 0,15
04-13 15:02:58.007 I/chromium(30459): [INFO:tin_six_tab_helper.cc(84)] OnCurrentTabChanged 0,15
04-13 15:02:58.007 I/chromium(30459): [INFO:tin_six_tab_helper.cc(640)] ForceActivateTabAt 0,15
04-13 15:03:01.507 I/python.stdout( 9263): ============================================================
04-13 15:03:01.507 I/python.stdout( 9263): PYDANTIC_CORE NATIVE LIBRARY SETUP
04-13 15:03:01.507 I/python.stdout( 9263): ============================================================
04-13 15:03:01.507 I/python.stdout( 9263): [1/6] Architecture: armeabi-v7a (machine=armv8l)
04-13 15:03:01.508 I/python.stdout( 9263): [2/6] Extract target: /data/data/ai.ciris.mobile.debug/files/chaquopy/extract-packages
04-13 15:03:01.514 I/python.stdout( 9263): [3/6] Found existing .so: _pydantic_core.cpython-310-arm-linux-androideabi.so
04-13 15:03:01.514 I/python.stdout( 9263): [4/6] No cached modules to clear
04-13 15:03:01.515 I/python.stdout( 9263): [5/6] sys.path[0] = /data/data/ai.ciris.mobile.debug/files/chaquopy/extract-packages
04-13 15:03:01.515 I/python.stdout( 9263): [5/6] Installed PydanticCoreFinder at meta_path[0]
04-13 15:03:01.515 I/python.stdout( 9263): [6/6] Testing native library load...
04-13 15:03:01.532 I/python.stdout( 9263): [6/6] ctypes.CDLL: SUCCESS
04-13 15:03:01.533 W/python.stderr( 9263): <frozen importlib._bootstrap>:914: ImportWarning: PydanticCoreFinder.find_spec() not found; falling back to find_module()
04-13 15:03:01.533 W/python.stderr( 9263): <frozen importlib._bootstrap>:671: ImportWarning: PydanticCoreFinder.exec_module() not found; falling back to load_module()
04-13 15:03:01.695 I/python.stdout( 9263): [6/6] import pydantic_core: SUCCESS (v2.23.4)
04-13 15:03:01.695 I/python.stdout( 9263): [6/6] Location: /data/data/ai.ciris.mobile.debug/files/chaquopy/extract-packages/pydantic_core/__init__.py
04-13 15:03:01.695 I/python.stdout( 9263): ============================================================
04-13 15:03:01.695 I/python.stdout( 9263): PYDANTIC_CORE READY
04-13 15:03:01.696 I/python.stdout( 9263): ============================================================
04-13 15:03:01.698 I/python.stdout( 9263): INFO: mobile_main: CIRIS Mobile - Full On-Device Runtime (LLM Remote)
04-13 15:03:09.713 I/python.stdout( 9263): INFO: ciris_engine.logic.utils.constants: [ACCORD] Loaded accord_1.2b_POLYGLOT.txt: 63819 chars
04-13 15:03:09.715 I/python.stdout( 9263): INFO: ciris_engine.logic.utils.constants: [ACCORD] ACCORD_TEXT ready: 63819 chars total
04-13 15:03:09.716 I/python.stdout( 9263): INFO: ciris_engine.logic.utils.constants: [ACCORD] Loaded accord_1.2b_POLYGLOT_compressed.txt: 7338 chars
04-13 15:03:09.717 I/python.stdout( 9263): INFO: ciris_engine.logic.utils.constants: [ACCORD] Active mode: compressed (set via CIRIS_ACCORD_MODE env var)
04-13 15:03:09.717 I/python.stdout( 9263): INFO: ciris_engine.logic.utils.constants: [ACCORD] Using compressed polyglot (~7338 chars) for system prompts
04-13 15:03:13.302 W/python.stderr( 9263): stdlib/enum.py:289: DeprecationWarning: FUNCTIONS is deprecated and will be removed in future versions
04-13 15:03:15.343 I/python.stdout( 9263): INFO: ciris_engine.logic.utils.path_resolution: [path_resolution] CIRIS_HOME configured: /data/data/ai.ciris.mobile.debug/files/ciris (platform: Android, os: linux)
04-13 15:03:15.345 I/python.stdout( 9263): INFO: mobile_main: Android paths: CIRIS_HOME=/data/data/ai.ciris.mobile.debug/files/ciris, data=/data/data/ai.ciris.mobile.debug/files/ciris/data, logs=/data/data/ai.ciris.mobile.debug/files/ciris/logs
04-13 15:03:15.346 I/python.stdout( 9263): INFO: mobile_main: Loading configuration from /data/data/ai.ciris.mobile.debug/files/ciris/.env
04-13 15:03:15.385 I/python.stdout( 9263): INFO: mobile_main: Loaded .env - OPENAI_API_KEY set: True
04-13 15:03:15.386 I/python.stdout( 9263): INFO: mobile_main: Loaded .env - OPENAI_API_BASE: https://llm01.ciris-services-1.ai/v1
04-13 15:03:15.386 I/python.stdout( 9263): INFO: mobile_main: Verifying code integrity (parallel with imports)...
04-13 15:03:15.412 I/python.stdout( 9263): [7/8] Hashing ciris_engine...
04-13 15:03:16.475 I/python.stdout( 9263): [7/8] ciris_engine: 702 files hashed
04-13 15:03:16.475 I/python.stdout( 9263): [8/8] Hashing ciris_adapters...
04-13 15:03:20.196 I/python.stdout( 9263): [8/8] ciris_adapters: 256 files hashed
04-13 15:03:20.211 I/python.stdout( 9263): INFO: mobile_main: Code integrity check: 958/958 files hashed, total_hash=646bf7102981bccc...
04-13 15:03:20.331 I/python.stdout( 9263): INFO: mobile_main: Saved 958 module hashes to /data/data/ai.ciris.mobile.debug/files/ciris/startup_python_hashes.json
04-13 15:03:26.726 W/python.stderr( 9263): /data/data/ai.ciris.mobile.debug/files/chaquopy/AssetFinder/requirements/pydantic/_internal/_fields.py:132: UserWarning: Field "model_used" in ResourceCost has conflict with protected namespace "model_".
04-13 15:03:26.726 W/python.stderr( 9263): 
04-13 15:03:26.726 W/python.stderr( 9263): You may be able to resolve this warning by setting `model_config['protected_namespaces'] = ()`.
04-13 15:03:36.944 W/chromium(30459): [WARNING:render_widget_host_view_android.cc(1861)] TAB-STATUS observation kept while hiding
04-13 15:03:36.945 I/chromium(30664): [INFO:layer_tree_host_impl.cc(198)] SBRTOUCHLOG DidVisibilityChange = 0
04-13 15:03:37.075 I/chromium(30459): [INFO:layer_tree_host_impl.cc(198)] SBRTOUCHLOG DidVisibilityChange = 0
04-13 15:03:37.253 I/MainActivity( 9555): Initializing Python runtime...
04-13 15:03:38.823 I/MainActivity( 9555): Python runtime started
04-13 15:03:38.831 I/MainActivity( 9555): Localization resource loader initialized
04-13 15:03:39.136 I/MainActivity( 9555): Google Sign-In initialized with client ID: 265882853697-l421ndo...
04-13 15:03:39.136 I/MainActivity( 9555): Initializing Google Play Billing...
04-13 15:03:39.245 I/CIRISApiClient( 9555): [init] CIRISApiClient initialized with baseUrl=http://localhost:8080
04-13 15:03:39.287 I/MainActivity( 9555): Google Play Billing initialized
04-13 15:03:39.292 I/MainActivity( 9555): Google Play Integrity initialized (via Python API)
04-13 15:03:39.841 I/MainActivity( 9555): Running CIRIS network diagnostics...
04-13 15:03:39.851 I/MainActivity( 9555): Showing CIRISApp immediately for startup animation
04-13 15:03:39.851 I/MainActivity( 9555): Starting logcat reader (generation 1)
04-13 15:03:39.857 I/MainActivity( 9555): Starting PythonRuntimeService...
04-13 15:03:39.877 D/CIRISApp( 9555): [INIT] CIRISApp composable invoked - googleSignInCallback=PRESENT (254413796)
04-13 15:03:39.946 I/CIRISApiClient( 9555): [init] CIRISApiClient initialized with baseUrl=http://localhost:8080
04-13 15:03:40.057 I/TokenManager( 9555): [setShared] Shared TokenManager instance set
04-13 15:03:40.116 I/InteractViewModel( 9555): [init] InteractViewModel initialized (polling deferred until token available)
04-13 15:03:40.118 I/InteractViewModel( 9555): [setDeviceAttestationCallback] Device attestation callback SET
04-13 15:03:40.119 I/InteractViewModel( 9555): [observeLanguageChanges] Starting language observation for pipeline localization
04-13 15:03:40.140 I/SettingsViewModel( 9555): [loadDisplaySettings] >>> Loading live_background_enabled from secure storage...
04-13 15:03:40.163 I/BillingViewModel( 9555): [init] BillingViewModel initialized
04-13 15:03:40.505 I/MainActivity( 9555): Network diagnostics completed
04-13 15:03:41.019 I/CIRISApp( 9555): Test mode enabled on mobile — starting test automation server
04-13 15:03:41.023 I/CIRISApp( 9555): Initializing localization...
04-13 15:03:41.040 I/MainActivity( 9555): Setting purchase result callback
04-13 15:03:41.209 I/CIRISApp( 9555): Initializing currency...
04-13 15:03:41.246 D/CIRISApp( 9555): [INIT] CIRISApp composable invoked - googleSignInCallback=PRESENT (254413796)
04-13 15:03:41.254 I/InteractViewModel( 9555): [setDeviceAttestationCallback] Device attestation callback SET
04-13 15:03:41.441 I/python.stdout( 9555): ============================================================
04-13 15:03:41.441 I/python.stdout( 9555): PYDANTIC_CORE NATIVE LIBRARY SETUP
04-13 15:03:41.441 I/python.stdout( 9555): ============================================================
04-13 15:03:41.442 I/python.stdout( 9555): [1/6] Architecture: armeabi-v7a (machine=armv8l)
04-13 15:03:41.442 I/python.stdout( 9555): [2/6] Extract target: /data/data/ai.ciris.mobile.debug/files/chaquopy/extract-packages
04-13 15:03:41.445 D/MainActivity( 9555): Prep step 1/6: [1/6] Architecture: armeabi-v7a (machine=armv8l)
04-13 15:03:41.446 D/MainActivity( 9555): Prep step 2/6: [2/6] Extract target: /data/data/ai.ciris.mobile.debug/files/chaquopy/extract-packages
04-13 15:03:41.448 I/python.stdout( 9555): [3/6] No existing .so found, extracting from .imy...
04-13 15:03:41.449 D/MainActivity( 9555): Prep step 3/6: [3/6] No existing .so found, extracting from .imy...
04-13 15:03:41.458 I/python.stdout( 9555):     Opening: chaquopy/requirements-armeabi-v7a.imy
04-13 15:03:41.522 I/InteractViewModel( 9555): [observeLanguageChanges] Updating pipeline labels for language: en (explicit=false)
04-13 15:03:41.530 I/SettingsViewModel( 9555): [loadDisplaySettings] >>> Raw value='null', parsed=true
04-13 15:03:41.532 I/SettingsViewModel( 9555): [loadDisplaySettings] >>> Live background state set to: true
04-13 15:03:41.723 D/CIRISApp( 9555): [INIT] CIRISApp composable invoked - googleSignInCallback=PRESENT (254413796)
04-13 15:03:41.732 I/InteractViewModel( 9555): [setDeviceAttestationCallback] Device attestation callback SET
04-13 15:03:41.918 I/SettingsViewModel( 9555): [loadDisplaySettings] >>> Color theme loaded: VAPOR
04-13 15:03:42.024 E/CIRISApiClient( 9555): [getSystemStatus] Exception: ConnectException: Failed to connect to localhost/127.0.0.1:8080 | Context: url=http://localhost:8080
04-13 15:03:42.024 E/CIRISApiClient( 9555): java.net.ConnectException: Failed to connect to localhost/127.0.0.1:8080
04-13 15:03:42.024 E/CIRISApiClient( 9555): 	at okhttp3.internal.connection.RealConnection.connectSocket(RealConnection.kt:297)
04-13 15:03:42.024 E/CIRISApiClient( 9555): 	at okhttp3.internal.connection.RealConnection.connect(RealConnection.kt:207)
04-13 15:03:42.024 E/CIRISApiClient( 9555): 	at okhttp3.internal.connection.ExchangeFinder.findConnection(ExchangeFinder.kt:226)
04-13 15:03:42.024 E/CIRISApiClient( 9555): 	at okhttp3.internal.connection.ExchangeFinder.findHealthyConnection(ExchangeFinder.kt:106)
04-13 15:03:42.024 E/CIRISApiClient( 9555): 	at okhttp3.internal.connection.ExchangeFinder.find(ExchangeFinder.kt:74)
04-13 15:03:42.024 E/CIRISApiClient( 9555): 	at okhttp3.internal.connection.RealCall.initExchange$okhttp(RealCall.kt:255)
04-13 15:03:42.024 E/CIRISApiClient( 9555): 	at okhttp3.internal.connection.ConnectInterceptor.intercept(ConnectInterceptor.kt:32)
04-13 15:03:42.024 E/CIRISApiClient( 9555): 	at okhttp3.internal.http.RealInterceptorChain.proceed(RealInterceptorChain.kt:109)
04-13 15:03:42.024 E/CIRISApiClient( 9555): 	at okhttp3.internal.cache.CacheInterceptor.intercept(CacheInterceptor.kt:95)
04-13 15:03:42.024 E/CIRISApiClient( 9555): 	at okhttp3.internal.http.RealInterceptorChain.proceed(RealInterceptorChain.kt:109)
04-13 15:03:42.024 E/CIRISApiClient( 9555): 	at okhttp3.internal.http.BridgeInterceptor.intercept(BridgeInterceptor.kt:83)
04-13 15:03:42.024 E/CIRISApiClient( 9555): 	at okhttp3.internal.http.RealInterceptorChain.proceed(RealInterceptorChain.kt:109)
04-13 15:03:42.024 E/CIRISApiClient( 9555): 	at okhttp3.internal.http.RetryAndFollowUpInterceptor.intercept(RetryAndFollowUpInterceptor.kt:76)
04-13 15:03:42.024 E/CIRISApiClient( 9555): 	at okhttp3.internal.http.RealInterceptorChain.proceed(RealInterceptorChain.kt:109)
04-13 15:03:42.024 E/CIRISApiClient( 9555): 	at okhttp3.internal.connection.RealCall.getResponseWithInterceptorChain$okhttp(RealCall.kt:201)
04-13 15:03:42.024 E/CIRISApiClient( 9555): 	at okhttp3.internal.connection.RealCall$AsyncCall.run(RealCall.kt:517)
04-13 15:03:42.024 E/CIRISApiClient( 9555): 	at java.util.concurrent.ThreadPoolExecutor.runWorker(ThreadPoolExecutor.java:1133)
04-13 15:03:42.024 E/CIRISApiClient( 9555): 	at java.util.concurrent.ThreadPoolExecutor$Worker.run(ThreadPoolExecutor.java:607)
04-13 15:03:42.024 E/CIRISApiClient( 9555): 	at java.lang.Thread.run(Thread.java:762)
04-13 15:03:42.024 E/CIRISApiClient( 9555): Caused by: java.net.ConnectException: Connection refused
04-13 15:03:42.024 E/CIRISApiClient( 9555): 	at java.net.PlainSocketImpl.socketConnect(Native Method)
04-13 15:03:42.024 E/CIRISApiClient( 9555): 	at java.net.AbstractPlainSocketImpl.doConnect(AbstractPlainSocketImpl.java:334)
04-13 15:03:42.024 E/CIRISApiClient( 9555): 	at java.net.AbstractPlainSocketImpl.connectToAddress(AbstractPlainSocketImpl.java:196)
04-13 15:03:42.024 E/CIRISApiClient( 9555): 	at java.net.AbstractPlainSocketImpl.connect(AbstractPlainSocketImpl.java:178)
04-13 15:03:42.024 E/CIRISApiClient( 9555): 	at java.net.SocksSocketImpl.connect(SocksSocketImpl.java:356)
04-13 15:03:42.024 E/CIRISApiClient( 9555): 	at java.net.Socket.connect(Socket.java:605)
04-13 15:03:42.024 E/CIRISApiClient( 9555): 	at okhttp3.internal.platform.AndroidPlatform.connectSocket(AndroidPlatform.kt:63)
04-13 15:03:42.024 E/CIRISApiClient( 9555): 	at okhttp3.internal.connection.RealConnection.connectSocket(RealConnection.kt:295)
04-13 15:03:42.024 E/CIRISApiClient( 9555): 	... 18 more
04-13 15:03:42.031 I/SettingsViewModel( 9555): [loadDisplaySettings] >>> Brightness preference loaded: SYSTEM
04-13 15:03:42.551 W/chromium(30459): [WARNING:window_android.cc(123)] TAB-STATUS observer removed
04-13 15:03:43.392 I/python.stdout( 9555):     Read 3,085,331 bytes from .imy
04-13 15:03:43.501 I/python.stdout( 9555):     Extracted 10 files
04-13 15:03:43.503 I/python.stdout( 9555):     Found: _pydantic_core.cpython-310-arm-linux-androideabi.so (3,280,381 bytes)
04-13 15:03:43.504 I/python.stdout( 9555): [4/6] No cached modules to clear
04-13 15:03:43.504 I/python.stdout( 9555): [5/6] sys.path[0] = /data/data/ai.ciris.mobile.debug/files/chaquopy/extract-packages
04-13 15:03:43.505 I/python.stdout( 9555): [5/6] Installed PydanticCoreFinder at meta_path[0]
04-13 15:03:43.505 I/python.stdout( 9555): [6/6] Testing native library load...
04-13 15:03:43.508 D/MainActivity( 9555): Prep step 4/6: [4/6] No cached modules to clear
04-13 15:03:43.511 D/MainActivity( 9555): Prep step 5/6: [5/6] sys.path[0] = /data/data/ai.ciris.mobile.debug/files/chaquopy/extract-packages
04-13 15:03:43.514 D/MainActivity( 9555): Prep step 5/6: [5/6] Installed PydanticCoreFinder at meta_path[0]
04-13 15:03:43.517 D/MainActivity( 9555): Prep step 6/6: [6/6] Testing native library load...
04-13 15:03:43.524 I/python.stdout( 9555): [6/6] ctypes.CDLL: SUCCESS
04-13 15:03:43.525 W/python.stderr( 9555): <frozen importlib._bootstrap>:914: ImportWarning: PydanticCoreFinder.find_spec() not found; falling back to find_module()
04-13 15:03:43.525 W/python.stderr( 9555): <frozen importlib._bootstrap>:671: ImportWarning: PydanticCoreFinder.exec_module() not found; falling back to load_module()
04-13 15:03:43.527 D/MainActivity( 9555): Prep step 6/6: [6/6] ctypes.CDLL: SUCCESS
04-13 15:03:43.824 I/python.stdout( 9555): [6/6] import pydantic_core: SUCCESS (v2.23.4)
04-13 15:03:43.824 I/python.stdout( 9555): [6/6] Location: /data/data/ai.ciris.mobile.debug/files/chaquopy/extract-packages/pydantic_core/__init__.py
04-13 15:03:43.824 I/python.stdout( 9555): ============================================================
04-13 15:03:43.824 I/python.stdout( 9555): PYDANTIC_CORE READY
04-13 15:03:43.824 I/python.stdout( 9555): ============================================================
04-13 15:03:43.827 I/python.stdout( 9555): INFO: mobile_main: CIRIS Mobile - Full On-Device Runtime (LLM Remote)
04-13 15:03:43.827 D/MainActivity( 9555): Prep step 6/6: [6/6] import pydantic_core: SUCCESS (v2.23.4)
04-13 15:03:43.830 D/MainActivity( 9555): Prep step 6/6: [6/6] Location: /data/data/ai.ciris.mobile.debug/files/chaquopy/extract-packages/pydantic_core/__init__.py
04-13 15:03:45.506 D/CIRISApp( 9555): [INIT] CIRISApp composable invoked - googleSignInCallback=PRESENT (254413796)
04-13 15:03:45.511 I/InteractViewModel( 9555): [setDeviceAttestationCallback] Device attestation callback SET
04-13 15:03:47.072 E/CIRISApiClient( 9555): [getSystemStatus] Exception: ConnectException: Failed to connect to localhost/127.0.0.1:8080 | Context: url=http://localhost:8080
04-13 15:03:47.072 E/CIRISApiClient( 9555): java.net.ConnectException: Failed to connect to localhost/127.0.0.1:8080
04-13 15:03:47.072 E/CIRISApiClient( 9555): 	at okhttp3.internal.connection.RealConnection.connectSocket(RealConnection.kt:297)
04-13 15:03:47.072 E/CIRISApiClient( 9555): 	at okhttp3.internal.connection.RealConnection.connect(RealConnection.kt:207)
04-13 15:03:47.072 E/CIRISApiClient( 9555): 	at okhttp3.internal.connection.ExchangeFinder.findConnection(ExchangeFinder.kt:226)
04-13 15:03:47.072 E/CIRISApiClient( 9555): 	at okhttp3.internal.connection.ExchangeFinder.findHealthyConnection(ExchangeFinder.kt:106)
04-13 15:03:47.072 E/CIRISApiClient( 9555): 	at okhttp3.internal.connection.ExchangeFinder.find(ExchangeFinder.kt:74)
04-13 15:03:47.072 E/CIRISApiClient( 9555): 	at okhttp3.internal.connection.RealCall.initExchange$okhttp(RealCall.kt:255)
04-13 15:03:47.072 E/CIRISApiClient( 9555): 	at okhttp3.internal.connection.ConnectInterceptor.intercept(ConnectInterceptor.kt:32)
04-13 15:03:47.072 E/CIRISApiClient( 9555): 	at okhttp3.internal.http.RealInterceptorChain.proceed(RealInterceptorChain.kt:109)
04-13 15:03:47.072 E/CIRISApiClient( 9555): 	at okhttp3.internal.cache.CacheInterceptor.intercept(CacheInterceptor.kt:95)
04-13 15:03:47.072 E/CIRISApiClient( 9555): 	at okhttp3.internal.http.RealInterceptorChain.proceed(RealInterceptorChain.kt:109)
04-13 15:03:47.072 E/CIRISApiClient( 9555): 	at okhttp3.internal.http.BridgeInterceptor.intercept(BridgeInterceptor.kt:83)
04-13 15:03:47.072 E/CIRISApiClient( 9555): 	at okhttp3.internal.http.RealInterceptorChain.proceed(RealInterceptorChain.kt:109)
04-13 15:03:47.072 E/CIRISApiClient( 9555): 	at okhttp3.internal.http.RetryAndFollowUpInterceptor.intercept(RetryAndFollowUpInterceptor.kt:76)
04-13 15:03:47.072 E/CIRISApiClient( 9555): 	at okhttp3.internal.http.RealInterceptorChain.proceed(RealInterceptorChain.kt:109)
04-13 15:03:47.072 E/CIRISApiClient( 9555): 	at okhttp3.internal.connection.RealCall.getResponseWithInterceptorChain$okhttp(RealCall.kt:201)
04-13 15:03:47.072 E/CIRISApiClient( 9555): 	at okhttp3.internal.connection.RealCall$AsyncCall.run(RealCall.kt:517)
04-13 15:03:47.072 E/CIRISApiClient( 9555): 	at java.util.concurrent.ThreadPoolExecutor.runWorker(ThreadPoolExecutor.java:1133)
04-13 15:03:47.072 E/CIRISApiClient( 9555): 	at java.util.concurrent.ThreadPoolExecutor$Worker.run(ThreadPoolExecutor.java:607)
04-13 15:03:47.072 E/CIRISApiClient( 9555): 	at java.lang.Thread.run(Thread.java:762)
04-13 15:03:47.072 E/CIRISApiClient( 9555): Caused by: java.net.ConnectException: Connection refused
04-13 15:03:47.072 E/CIRISApiClient( 9555): 	at java.net.PlainSocketImpl.socketConnect(Native Method)
04-13 15:03:47.072 E/CIRISApiClient( 9555): 	at java.net.AbstractPlainSocketImpl.doConnect(AbstractPlainSocketImpl.java:334)
04-13 15:03:47.072 E/CIRISApiClient( 9555): 	at java.net.AbstractPlainSocketImpl.connectToAddress(AbstractPlainSocketImpl.java:196)
04-13 15:03:47.072 E/CIRISApiClient( 9555): 	at java.net.AbstractPlainSocketImpl.connect(AbstractPlainSocketImpl.java:178)
04-13 15:03:47.072 E/CIRISApiClient( 9555): 	at java.net.SocksSocketImpl.connect(SocksSocketImpl.java:356)
04-13 15:03:47.072 E/CIRISApiClient( 9555): 	at java.net.Socket.connect(Socket.java:605)
04-13 15:03:47.072 E/CIRISApiClient( 9555): 	at okhttp3.internal.platform.AndroidPlatform.connectSocket(AndroidPlatform.kt:63)
04-13 15:03:47.072 E/CIRISApiClient( 9555): 	at okhttp3.internal.connection.RealConnection.connectSocket(RealConnection.kt:295)
04-13 15:03:47.072 E/CIRISApiClient( 9555): 	... 18 more
04-13 15:03:48.010 D/CIRISApp( 9555): [INIT] CIRISApp composable invoked - googleSignInCallback=PRESENT (254413796)
04-13 15:03:48.015 I/InteractViewModel( 9555): [setDeviceAttestationCallback] Device attestation callback SET
04-13 15:03:50.512 D/CIRISApp( 9555): [INIT] CIRISApp composable invoked - googleSignInCallback=PRESENT (254413796)
04-13 15:03:50.514 I/InteractViewModel( 9555): [setDeviceAttestationCallback] Device attestation callback SET
04-13 15:03:51.039 D/EnvFileUpdater( 9555): Found CIRIS_HOME from env: /data/user/0/ai.ciris.mobile.debug/files/ciris
04-13 15:03:52.132 E/CIRISApiClient( 9555): [getSystemStatus] Exception: ConnectException: Failed to connect to localhost/127.0.0.1:8080 | Context: url=http://localhost:8080
04-13 15:03:52.132 E/CIRISApiClient( 9555): java.net.ConnectException: Failed to connect to localhost/127.0.0.1:8080
04-13 15:03:52.132 E/CIRISApiClient( 9555): 	at okhttp3.internal.connection.RealConnection.connectSocket(RealConnection.kt:297)
04-13 15:03:52.132 E/CIRISApiClient( 9555): 	at okhttp3.internal.connection.RealConnection.connect(RealConnection.kt:207)
04-13 15:03:52.132 E/CIRISApiClient( 9555): 	at okhttp3.internal.connection.ExchangeFinder.findConnection(ExchangeFinder.kt:226)
04-13 15:03:52.132 E/CIRISApiClient( 9555): 	at okhttp3.internal.connection.ExchangeFinder.findHealthyConnection(ExchangeFinder.kt:106)
04-13 15:03:52.132 E/CIRISApiClient( 9555): 	at okhttp3.internal.connection.ExchangeFinder.find(ExchangeFinder.kt:74)
04-13 15:03:52.132 E/CIRISApiClient( 9555): 	at okhttp3.internal.connection.RealCall.initExchange$okhttp(RealCall.kt:255)
04-13 15:03:52.132 E/CIRISApiClient( 9555): 	at okhttp3.internal.connection.ConnectInterceptor.intercept(ConnectInterceptor.kt:32)
04-13 15:03:52.132 E/CIRISApiClient( 9555): 	at okhttp3.internal.http.RealInterceptorChain.proceed(RealInterceptorChain.kt:109)
04-13 15:03:52.132 E/CIRISApiClient( 9555): 	at okhttp3.internal.cache.CacheInterceptor.intercept(CacheInterceptor.kt:95)
04-13 15:03:52.132 E/CIRISApiClient( 9555): 	at okhttp3.internal.http.RealInterceptorChain.proceed(RealInterceptorChain.kt:109)
04-13 15:03:52.132 E/CIRISApiClient( 9555): 	at okhttp3.internal.http.BridgeInterceptor.intercept(BridgeInterceptor.kt:83)
04-13 15:03:52.132 E/CIRISApiClient( 9555): 	at okhttp3.internal.http.RealInterceptorChain.proceed(RealInterceptorChain.kt:109)
04-13 15:03:52.132 E/CIRISApiClient( 9555): 	at okhttp3.internal.http.RetryAndFollowUpInterceptor.intercept(RetryAndFollowUpInterceptor.kt:76)
04-13 15:03:52.132 E/CIRISApiClient( 9555): 	at okhttp3.internal.http.RealInterceptorChain.proceed(RealInterceptorChain.kt:109)
