03-27 14:32:31.507 I/python.stdout(19190): [14:32:31.507] [DISPATCHER] Handler SpeakHandler completed for action speak on thought th_seed_2fe49aaf_070c695f-ca3 - created follow-up thought th_followup_th_seed__2df1443f-878
03-27 14:32:33.793 I/CIRISApiClient(19190): [getGraphData] >>> START: hours=24, scope=ALL_SCOPES, type=null, limit=200
03-27 14:32:33.794 I/CIRISApiClient(19190): [getGraphData] Fetching timeline: http://localhost:8080/v1/memory/timeline?hours=24&include_edges=true&include_metrics=false
03-27 14:32:34.517 I/CIRISApiClient(19190): [getGraphData] <<< DONE in 724ms (single API call)
03-27 14:32:34.518 I/CIRISApiClient(19190): [getGraphData]     Nodes: 40 ({local=28, identity=12})
03-27 14:32:34.518 I/CIRISApiClient(19190): [getGraphData]     Edges: 91 total, 77 visible
03-27 14:32:34.519 I/CIRISApiClient(19190): [getGraphData]     Edge types: {FIRST_AUDIT_EVENT=2, LAST_AUDIT_EVENT=2, TEMPORAL_NEXT=10, TEMPORAL_PREV=5, INVOLVED_USER=2, OCCURRED_IN_CHANNEL=2, DISCUSSED_CONCEPT=17, DRIVES_PROCESSING=2, TEMPORAL_CORRELATION=14, LONG_RUNNING_TASK=2, HIGH_LATENCY_TASK=2, CREATES_TRAIL=2, SUMMARIZES=27, IMPACTS_QUALITY=2}
03-27 14:32:34.818 D/EnvFileUpdater(19190): Found CIRIS_HOME from env: /data/user/0/ai.ciris.mobile.debug/files/ciris
03-27 14:32:40.410 I/CIRISApiClient(19190): [getGraphData] >>> START: hours=24, scope=ALL_SCOPES, type=null, limit=200
03-27 14:32:40.411 I/CIRISApiClient(19190): [getGraphData] Fetching timeline: http://localhost:8080/v1/memory/timeline?hours=24&include_edges=true&include_metrics=false
03-27 14:32:40.863 I/CIRISApiClient(19190): [getGraphData] <<< DONE in 453ms (single API call)
03-27 14:32:40.866 I/CIRISApiClient(19190): [getGraphData]     Nodes: 40 ({local=28, identity=12})
03-27 14:32:40.867 I/CIRISApiClient(19190): [getGraphData]     Edges: 91 total, 77 visible
03-27 14:32:40.868 I/CIRISApiClient(19190): [getGraphData]     Edge types: {FIRST_AUDIT_EVENT=2, LAST_AUDIT_EVENT=2, TEMPORAL_NEXT=10, TEMPORAL_PREV=5, INVOLVED_USER=2, OCCURRED_IN_CHANNEL=2, DISCUSSED_CONCEPT=17, DRIVES_PROCESSING=2, TEMPORAL_CORRELATION=14, LONG_RUNNING_TASK=2, HIGH_LATENCY_TASK=2, CREATES_TRAIL=2, SUMMARIZES=27, IMPACTS_QUALITY=2}
03-27 14:32:44.822 D/EnvFileUpdater(19190): Found CIRIS_HOME from env: /data/user/0/ai.ciris.mobile.debug/files/ciris
03-27 14:32:46.903 I/CIRISApiClient(19190): [getGraphData] >>> START: hours=24, scope=ALL_SCOPES, type=null, limit=200
03-27 14:32:46.904 I/CIRISApiClient(19190): [getGraphData] Fetching timeline: http://localhost:8080/v1/memory/timeline?hours=24&include_edges=true&include_metrics=false
03-27 14:32:47.316 I/CIRISApiClient(19190): [getGraphData] <<< DONE in 413ms (single API call)
03-27 14:32:47.317 I/CIRISApiClient(19190): [getGraphData]     Nodes: 40 ({local=28, identity=12})
03-27 14:32:47.317 I/CIRISApiClient(19190): [getGraphData]     Edges: 91 total, 77 visible
03-27 14:32:47.318 I/CIRISApiClient(19190): [getGraphData]     Edge types: {FIRST_AUDIT_EVENT=2, LAST_AUDIT_EVENT=2, TEMPORAL_NEXT=10, TEMPORAL_PREV=5, INVOLVED_USER=2, OCCURRED_IN_CHANNEL=2, DISCUSSED_CONCEPT=17, DRIVES_PROCESSING=2, TEMPORAL_CORRELATION=14, LONG_RUNNING_TASK=2, HIGH_LATENCY_TASK=2, CREATES_TRAIL=2, SUMMARIZES=27, IMPACTS_QUALITY=2}
03-27 14:32:53.416 I/CIRISApiClient(19190): [getGraphData] >>> START: hours=24, scope=ALL_SCOPES, type=null, limit=200
03-27 14:32:53.416 I/CIRISApiClient(19190): [getGraphData] Fetching timeline: http://localhost:8080/v1/memory/timeline?hours=24&include_edges=true&include_metrics=false
03-27 14:32:54.276 I/CIRISApiClient(19190): [getGraphData] <<< DONE in 859ms (single API call)
03-27 14:32:54.276 I/CIRISApiClient(19190): [getGraphData]     Nodes: 40 ({local=28, identity=12})
03-27 14:32:54.276 I/CIRISApiClient(19190): [getGraphData]     Edges: 91 total, 77 visible
03-27 14:32:54.277 I/CIRISApiClient(19190): [getGraphData]     Edge types: {FIRST_AUDIT_EVENT=2, LAST_AUDIT_EVENT=2, TEMPORAL_NEXT=10, TEMPORAL_PREV=5, INVOLVED_USER=2, OCCURRED_IN_CHANNEL=2, DISCUSSED_CONCEPT=17, DRIVES_PROCESSING=2, TEMPORAL_CORRELATION=14, LONG_RUNNING_TASK=2, HIGH_LATENCY_TASK=2, CREATES_TRAIL=2, SUMMARIZES=27, IMPACTS_QUALITY=2}
03-27 14:32:54.426 I/python.stdout(19190): [14:32:54.426] [DISPATCHER] Handler PonderHandler completed for action ponder on thought th_followup_th_seed__2df1443f-878 - created follow-up thought th_followup_th_follo_b6c6d270-9f8
03-27 14:32:54.824 D/EnvFileUpdater(19190): Found CIRIS_HOME from env: /data/user/0/ai.ciris.mobile.debug/files/ciris
03-27 14:32:55.297 I/InteractViewModel(19190): [fetchAuditActions] Adding 1 action entries to timeline
03-27 14:32:57.669 I/InteractViewModel(19190): [fetchHistory] Added 1 new messages to chat
03-27 14:32:59.910 I/CIRISApiClient(19190): [getGraphData] >>> START: hours=24, scope=ALL_SCOPES, type=null, limit=200
03-27 14:32:59.911 I/CIRISApiClient(19190): [getGraphData] Fetching timeline: http://localhost:8080/v1/memory/timeline?hours=24&include_edges=true&include_metrics=false
03-27 14:33:00.285 I/CIRISApiClient(19190): [getGraphData] <<< DONE in 375ms (single API call)
03-27 14:33:00.286 I/CIRISApiClient(19190): [getGraphData]     Nodes: 41 ({local=29, identity=12})
03-27 14:33:00.286 I/CIRISApiClient(19190): [getGraphData]     Edges: 91 total, 77 visible
03-27 14:33:00.287 I/CIRISApiClient(19190): [getGraphData]     Edge types: {FIRST_AUDIT_EVENT=2, LAST_AUDIT_EVENT=2, TEMPORAL_NEXT=10, TEMPORAL_PREV=5, INVOLVED_USER=2, OCCURRED_IN_CHANNEL=2, DISCUSSED_CONCEPT=17, DRIVES_PROCESSING=2, TEMPORAL_CORRELATION=14, LONG_RUNNING_TASK=2, HIGH_LATENCY_TASK=2, CREATES_TRAIL=2, SUMMARIZES=27, IMPACTS_QUALITY=2}
03-27 14:33:04.831 D/EnvFileUpdater(19190): Found CIRIS_HOME from env: /data/user/0/ai.ciris.mobile.debug/files/ciris
03-27 14:33:06.674 I/CIRISApiClient(19190): [getGraphData] >>> START: hours=24, scope=ALL_SCOPES, type=null, limit=200
03-27 14:33:06.675 I/CIRISApiClient(19190): [getGraphData] Fetching timeline: http://localhost:8080/v1/memory/timeline?hours=24&include_edges=true&include_metrics=false
03-27 14:33:07.122 I/CIRISApiClient(19190): [getGraphData] <<< DONE in 447ms (single API call)
03-27 14:33:07.122 I/CIRISApiClient(19190): [getGraphData]     Nodes: 41 ({local=29, identity=12})
03-27 14:33:07.123 I/CIRISApiClient(19190): [getGraphData]     Edges: 91 total, 77 visible
03-27 14:33:07.123 I/CIRISApiClient(19190): [getGraphData]     Edge types: {FIRST_AUDIT_EVENT=2, LAST_AUDIT_EVENT=2, TEMPORAL_NEXT=10, TEMPORAL_PREV=5, INVOLVED_USER=2, OCCURRED_IN_CHANNEL=2, DISCUSSED_CONCEPT=17, DRIVES_PROCESSING=2, TEMPORAL_CORRELATION=14, LONG_RUNNING_TASK=2, HIGH_LATENCY_TASK=2, CREATES_TRAIL=2, SUMMARIZES=27, IMPACTS_QUALITY=2}
03-27 14:33:09.812 I/python.stdout(19190): [14:33:09.812] [DISPATCHER] Handler PonderHandler completed for action ponder on thought th_followup_th_follo_b6c6d270-9f8 - created follow-up thought th_followup_th_follo_bd5c6eb7-27e
03-27 14:33:10.687 I/InteractViewModel(19190): [fetchAuditActions] Adding 1 action entries to timeline
03-27 14:33:14.636 I/CIRISApiClient(19190): [getGraphData] >>> START: hours=24, scope=ALL_SCOPES, type=null, limit=200
03-27 14:33:14.637 I/CIRISApiClient(19190): [getGraphData] Fetching timeline: http://localhost:8080/v1/memory/timeline?hours=24&include_edges=true&include_metrics=false
03-27 14:33:14.836 D/EnvFileUpdater(19190): Found CIRIS_HOME from env: /data/user/0/ai.ciris.mobile.debug/files/ciris
03-27 14:33:15.051 I/CIRISApiClient(19190): [getGraphData] <<< DONE in 415ms (single API call)
03-27 14:33:15.052 I/CIRISApiClient(19190): [getGraphData]     Nodes: 42 ({local=30, identity=12})
03-27 14:33:15.052 I/CIRISApiClient(19190): [getGraphData]     Edges: 91 total, 77 visible
03-27 14:33:15.053 I/CIRISApiClient(19190): [getGraphData]     Edge types: {FIRST_AUDIT_EVENT=2, LAST_AUDIT_EVENT=2, TEMPORAL_NEXT=10, TEMPORAL_PREV=5, INVOLVED_USER=2, OCCURRED_IN_CHANNEL=2, DISCUSSED_CONCEPT=17, DRIVES_PROCESSING=2, TEMPORAL_CORRELATION=14, LONG_RUNNING_TASK=2, HIGH_LATENCY_TASK=2, CREATES_TRAIL=2, SUMMARIZES=27, IMPACTS_QUALITY=2}
03-27 14:33:21.135 I/CIRISApiClient(19190): [getGraphData] >>> START: hours=24, scope=ALL_SCOPES, type=null, limit=200
03-27 14:33:21.136 I/CIRISApiClient(19190): [getGraphData] Fetching timeline: http://localhost:8080/v1/memory/timeline?hours=24&include_edges=true&include_metrics=false
03-27 14:33:21.528 I/CIRISApiClient(19190): [getGraphData] <<< DONE in 393ms (single API call)
03-27 14:33:21.528 I/CIRISApiClient(19190): [getGraphData]     Nodes: 42 ({local=30, identity=12})
03-27 14:33:21.529 I/CIRISApiClient(19190): [getGraphData]     Edges: 91 total, 77 visible
03-27 14:33:21.529 I/CIRISApiClient(19190): [getGraphData]     Edge types: {FIRST_AUDIT_EVENT=2, LAST_AUDIT_EVENT=2, TEMPORAL_NEXT=10, TEMPORAL_PREV=5, INVOLVED_USER=2, OCCURRED_IN_CHANNEL=2, DISCUSSED_CONCEPT=17, DRIVES_PROCESSING=2, TEMPORAL_CORRELATION=14, LONG_RUNNING_TASK=2, HIGH_LATENCY_TASK=2, CREATES_TRAIL=2, SUMMARIZES=27, IMPACTS_QUALITY=2}
03-27 14:33:24.839 D/EnvFileUpdater(19190): Found CIRIS_HOME from env: /data/user/0/ai.ciris.mobile.debug/files/ciris
03-27 14:33:27.629 I/CIRISApiClient(19190): [getGraphData] >>> START: hours=24, scope=ALL_SCOPES, type=null, limit=200
03-27 14:33:27.630 I/CIRISApiClient(19190): [getGraphData] Fetching timeline: http://localhost:8080/v1/memory/timeline?hours=24&include_edges=true&include_metrics=false
03-27 14:33:28.420 I/CIRISApiClient(19190): [getGraphData] <<< DONE in 791ms (single API call)
03-27 14:33:28.421 I/CIRISApiClient(19190): [getGraphData]     Nodes: 42 ({local=30, identity=12})
03-27 14:33:28.421 I/CIRISApiClient(19190): [getGraphData]     Edges: 91 total, 77 visible
03-27 14:33:28.422 I/CIRISApiClient(19190): [getGraphData]     Edge types: {FIRST_AUDIT_EVENT=2, LAST_AUDIT_EVENT=2, TEMPORAL_NEXT=10, TEMPORAL_PREV=5, INVOLVED_USER=2, OCCURRED_IN_CHANNEL=2, DISCUSSED_CONCEPT=17, DRIVES_PROCESSING=2, TEMPORAL_CORRELATION=14, LONG_RUNNING_TASK=2, HIGH_LATENCY_TASK=2, CREATES_TRAIL=2, SUMMARIZES=27, IMPACTS_QUALITY=2}
03-27 14:33:29.026 I/python.stdout(19190): [14:33:29.026] [DISPATCHER] Handler SpeakHandler completed for action speak on thought th_followup_th_follo_bd5c6eb7-27e - created follow-up thought th_followup_th_follo_ab5ecd0c-3b8
03-27 14:33:32.164 I/InteractViewModel(19190): [fetchHistory] Added 1 new messages to chat
03-27 14:33:34.142 I/CIRISApiClient(19190): [getGraphData] >>> START: hours=24, scope=ALL_SCOPES, type=null, limit=200
03-27 14:33:34.143 I/CIRISApiClient(19190): [getGraphData] Fetching timeline: http://localhost:8080/v1/memory/timeline?hours=24&include_edges=true&include_metrics=false
03-27 14:33:34.580 I/CIRISApiClient(19190): [getGraphData] <<< DONE in 438ms (single API call)
03-27 14:33:34.581 I/CIRISApiClient(19190): [getGraphData]     Nodes: 43 ({local=31, identity=12})
03-27 14:33:34.581 I/CIRISApiClient(19190): [getGraphData]     Edges: 91 total, 77 visible
03-27 14:33:34.582 I/CIRISApiClient(19190): [getGraphData]     Edge types: {FIRST_AUDIT_EVENT=2, LAST_AUDIT_EVENT=2, TEMPORAL_NEXT=10, TEMPORAL_PREV=5, INVOLVED_USER=2, OCCURRED_IN_CHANNEL=2, DISCUSSED_CONCEPT=17, DRIVES_PROCESSING=2, TEMPORAL_CORRELATION=14, LONG_RUNNING_TASK=2, HIGH_LATENCY_TASK=2, CREATES_TRAIL=2, SUMMARIZES=27, IMPACTS_QUALITY=2}
03-27 14:33:34.841 D/EnvFileUpdater(19190): Found CIRIS_HOME from env: /data/user/0/ai.ciris.mobile.debug/files/ciris
03-27 14:33:40.637 I/CIRISApiClient(19190): [getGraphData] >>> START: hours=24, scope=ALL_SCOPES, type=null, limit=200
03-27 14:33:40.638 I/CIRISApiClient(19190): [getGraphData] Fetching timeline: http://localhost:8080/v1/memory/timeline?hours=24&include_edges=true&include_metrics=false
03-27 14:33:41.060 I/CIRISApiClient(19190): [getGraphData] <<< DONE in 423ms (single API call)
03-27 14:33:41.061 I/CIRISApiClient(19190): [getGraphData]     Nodes: 43 ({local=31, identity=12})
03-27 14:33:41.061 I/CIRISApiClient(19190): [getGraphData]     Edges: 91 total, 77 visible
03-27 14:33:41.061 I/CIRISApiClient(19190): [getGraphData]     Edge types: {FIRST_AUDIT_EVENT=2, LAST_AUDIT_EVENT=2, TEMPORAL_NEXT=10, TEMPORAL_PREV=5, INVOLVED_USER=2, OCCURRED_IN_CHANNEL=2, DISCUSSED_CONCEPT=17, DRIVES_PROCESSING=2, TEMPORAL_CORRELATION=14, LONG_RUNNING_TASK=2, HIGH_LATENCY_TASK=2, CREATES_TRAIL=2, SUMMARIZES=27, IMPACTS_QUALITY=2}
03-27 14:33:44.843 D/EnvFileUpdater(19190): Found CIRIS_HOME from env: /data/user/0/ai.ciris.mobile.debug/files/ciris
03-27 14:33:47.150 I/CIRISApiClient(19190): [getGraphData] >>> START: hours=24, scope=ALL_SCOPES, type=null, limit=200
03-27 14:33:47.151 I/CIRISApiClient(19190): [getGraphData] Fetching timeline: http://localhost:8080/v1/memory/timeline?hours=24&include_edges=true&include_metrics=false
03-27 14:33:48.429 I/CIRISApiClient(19190): [getGraphData] <<< DONE in 1279ms (single API call)
03-27 14:33:48.430 I/CIRISApiClient(19190): [getGraphData]     Nodes: 43 ({local=31, identity=12})
03-27 14:33:48.430 I/CIRISApiClient(19190): [getGraphData]     Edges: 91 total, 77 visible
03-27 14:33:48.431 I/CIRISApiClient(19190): [getGraphData]     Edge types: {FIRST_AUDIT_EVENT=2, LAST_AUDIT_EVENT=2, TEMPORAL_NEXT=10, TEMPORAL_PREV=5, INVOLVED_USER=2, OCCURRED_IN_CHANNEL=2, DISCUSSED_CONCEPT=17, DRIVES_PROCESSING=2, TEMPORAL_CORRELATION=14, LONG_RUNNING_TASK=2, HIGH_LATENCY_TASK=2, CREATES_TRAIL=2, SUMMARIZES=27, IMPACTS_QUALITY=2}
03-27 14:33:50.907 I/python.stdout(19190): [14:33:50.907] [DISPATCHER] Handler PonderHandler completed for action ponder on thought th_followup_th_follo_ab5ecd0c-3b8 - created follow-up thought th_followup_th_follo_89c4b9f2-8e6
03-27 14:33:52.475 I/InteractViewModel(19190): [fetchAuditActions] Adding 1 action entries to timeline
03-27 14:33:53.645 I/CIRISApiClient(19190): [getGraphData] >>> START: hours=24, scope=ALL_SCOPES, type=null, limit=200
03-27 14:33:53.646 I/CIRISApiClient(19190): [getGraphData] Fetching timeline: http://localhost:8080/v1/memory/timeline?hours=24&include_edges=true&include_metrics=false
03-27 14:33:54.111 I/CIRISApiClient(19190): [getGraphData] <<< DONE in 465ms (single API call)
03-27 14:33:54.111 I/CIRISApiClient(19190): [getGraphData]     Nodes: 44 ({local=32, identity=12})
03-27 14:33:54.112 I/CIRISApiClient(19190): [getGraphData]     Edges: 91 total, 77 visible
03-27 14:33:54.112 I/CIRISApiClient(19190): [getGraphData]     Edge types: {FIRST_AUDIT_EVENT=2, LAST_AUDIT_EVENT=2, TEMPORAL_NEXT=10, TEMPORAL_PREV=5, INVOLVED_USER=2, OCCURRED_IN_CHANNEL=2, DISCUSSED_CONCEPT=17, DRIVES_PROCESSING=2, TEMPORAL_CORRELATION=14, LONG_RUNNING_TASK=2, HIGH_LATENCY_TASK=2, CREATES_TRAIL=2, SUMMARIZES=27, IMPACTS_QUALITY=2}
03-27 14:33:54.844 D/EnvFileUpdater(19190): Found CIRIS_HOME from env: /data/user/0/ai.ciris.mobile.debug/files/ciris
03-27 14:34:00.155 I/CIRISApiClient(19190): [getGraphData] >>> START: hours=24, scope=ALL_SCOPES, type=null, limit=200
03-27 14:34:00.156 I/CIRISApiClient(19190): [getGraphData] Fetching timeline: http://localhost:8080/v1/memory/timeline?hours=24&include_edges=true&include_metrics=false
03-27 14:34:00.587 I/CIRISApiClient(19190): [getGraphData] <<< DONE in 432ms (single API call)
03-27 14:34:00.588 I/CIRISApiClient(19190): [getGraphData]     Nodes: 44 ({local=32, identity=12})
03-27 14:34:00.588 I/CIRISApiClient(19190): [getGraphData]     Edges: 91 total, 77 visible
03-27 14:34:00.589 I/CIRISApiClient(19190): [getGraphData]     Edge types: {FIRST_AUDIT_EVENT=2, LAST_AUDIT_EVENT=2, TEMPORAL_NEXT=10, TEMPORAL_PREV=5, INVOLVED_USER=2, OCCURRED_IN_CHANNEL=2, DISCUSSED_CONCEPT=17, DRIVES_PROCESSING=2, TEMPORAL_CORRELATION=14, LONG_RUNNING_TASK=2, HIGH_LATENCY_TASK=2, CREATES_TRAIL=2, SUMMARIZES=27, IMPACTS_QUALITY=2}
03-27 14:34:04.845 D/EnvFileUpdater(19190): Found CIRIS_HOME from env: /data/user/0/ai.ciris.mobile.debug/files/ciris
03-27 14:34:06.662 I/CIRISApiClient(19190): [getGraphData] >>> START: hours=24, scope=ALL_SCOPES, type=null, limit=200
03-27 14:34:06.663 I/CIRISApiClient(19190): [getGraphData] Fetching timeline: http://localhost:8080/v1/memory/timeline?hours=24&include_edges=true&include_metrics=false
03-27 14:34:07.487 I/CIRISApiClient(19190): [getGraphData] <<< DONE in 825ms (single API call)
03-27 14:34:07.488 I/CIRISApiClient(19190): [getGraphData]     Nodes: 44 ({local=32, identity=12})
03-27 14:34:07.488 I/CIRISApiClient(19190): [getGraphData]     Edges: 91 total, 77 visible
03-27 14:34:07.489 I/CIRISApiClient(19190): [getGraphData]     Edge types: {FIRST_AUDIT_EVENT=2, LAST_AUDIT_EVENT=2, TEMPORAL_NEXT=10, TEMPORAL_PREV=5, INVOLVED_USER=2, OCCURRED_IN_CHANNEL=2, DISCUSSED_CONCEPT=17, DRIVES_PROCESSING=2, TEMPORAL_CORRELATION=14, LONG_RUNNING_TASK=2, HIGH_LATENCY_TASK=2, CREATES_TRAIL=2, SUMMARIZES=27, IMPACTS_QUALITY=2}
03-27 14:34:13.151 I/CIRISApiClient(19190): [getGraphData] >>> START: hours=24, scope=ALL_SCOPES, type=null, limit=200
03-27 14:34:13.152 I/CIRISApiClient(19190): [getGraphData] Fetching timeline: http://localhost:8080/v1/memory/timeline?hours=24&include_edges=true&include_metrics=false
03-27 14:34:13.563 I/CIRISApiClient(19190): [getGraphData] <<< DONE in 412ms (single API call)
03-27 14:34:13.564 I/CIRISApiClient(19190): [getGraphData]     Nodes: 44 ({local=32, identity=12})
03-27 14:34:13.565 I/CIRISApiClient(19190): [getGraphData]     Edges: 91 total, 77 visible
03-27 14:34:13.565 I/CIRISApiClient(19190): [getGraphData]     Edge types: {FIRST_AUDIT_EVENT=2, LAST_AUDIT_EVENT=2, TEMPORAL_NEXT=10, TEMPORAL_PREV=5, INVOLVED_USER=2, OCCURRED_IN_CHANNEL=2, DISCUSSED_CONCEPT=17, DRIVES_PROCESSING=2, TEMPORAL_CORRELATION=14, LONG_RUNNING_TASK=2, HIGH_LATENCY_TASK=2, CREATES_TRAIL=2, SUMMARIZES=27, IMPACTS_QUALITY=2}
03-27 14:34:14.850 D/EnvFileUpdater(19190): Found CIRIS_HOME from env: /data/user/0/ai.ciris.mobile.debug/files/ciris
03-27 14:34:16.664 I/python.stdout(19190): [14:34:16.664] [DISPATCHER] Handler SpeakHandler completed for action speak on thought th_followup_th_follo_89c4b9f2-8e6 - created follow-up thought th_followup_th_follo_795ac33f-be4
03-27 14:34:18.870 I/InteractViewModel(19190): [fetchHistory] Added 1 new messages to chat
03-27 14:34:19.650 I/CIRISApiClient(19190): [getGraphData] >>> START: hours=24, scope=ALL_SCOPES, type=null, limit=200
03-27 14:34:19.651 I/CIRISApiClient(19190): [getGraphData] Fetching timeline: http://localhost:8080/v1/memory/timeline?hours=24&include_edges=true&include_metrics=false
03-27 14:34:20.372 E/CIRISApiClient(19190): [getGraphData] Exception: CancellationException: The coroutine scope left the composition
03-27 14:34:20.372 E/CIRISApiClient(19190): java.util.concurrent.CancellationException: The coroutine scope left the composition
03-27 14:34:20.372 E/CIRISApiClient(19190): 	at io.ktor.client.engine.UtilsKt$attachToUserJob$cleanupHandler$1.invoke(Utils.kt:98)
03-27 14:34:20.372 E/CIRISApiClient(19190): 	at io.ktor.client.engine.UtilsKt$attachToUserJob$cleanupHandler$1.invoke(Utils.kt:96)
03-27 14:34:20.372 E/CIRISApiClient(19190): 	at kotlinx.coroutines.InvokeOnCancelling.invoke(JobSupport.kt:1428)
03-27 14:34:20.372 E/CIRISApiClient(19190): 	at kotlinx.coroutines.JobSupport.notifyCancelling(JobSupport.kt:1473)
03-27 14:34:20.372 E/CIRISApiClient(19190): 	at kotlinx.coroutines.JobSupport.tryMakeCancelling(JobSupport.kt:796)
03-27 14:34:20.372 E/CIRISApiClient(19190): 	at kotlinx.coroutines.JobSupport.makeCancelling(JobSupport.kt:756)
03-27 14:34:20.372 E/CIRISApiClient(19190): 	at kotlinx.coroutines.JobSupport.cancelImpl$kotlinx_coroutines_core(JobSupport.kt:672)
03-27 14:34:20.372 E/CIRISApiClient(19190): 	at kotlinx.coroutines.JobSupport.cancelInternal(JobSupport.kt:633)
03-27 14:34:20.372 E/CIRISApiClient(19190): 	at kotlinx.coroutines.JobSupport.cancel(JobSupport.kt:618)
03-27 14:34:20.372 E/CIRISApiClient(19190): 	at androidx.compose.runtime.LaunchedEffectImpl.onForgotten(Effects.kt:295)
03-27 14:34:20.372 E/CIRISApiClient(19190): 	at androidx.compose.runtime.CompositionImpl$RememberEventDispatcher.dispatchRememberObservers(Composition.kt:1276)
03-27 14:34:20.372 E/CIRISApiClient(19190): 	at androidx.compose.runtime.CompositionImpl.applyChangesInLocked(Composition.kt:984)
03-27 14:34:20.372 E/CIRISApiClient(19190): 	at androidx.compose.runtime.CompositionImpl.applyChanges(Composition.kt:1005)
03-27 14:34:20.372 E/CIRISApiClient(19190): 	at androidx.compose.runtime.Recomposer$runRecomposeAndApplyChanges$2$1.invoke(Recomposer.kt:639)
03-27 14:34:20.372 E/CIRISApiClient(19190): 	at androidx.compose.runtime.Recomposer$runRecomposeAndApplyChanges$2$1.invoke(Recomposer.kt:551)
03-27 14:34:20.372 E/CIRISApiClient(19190): 	at androidx.compose.ui.platform.AndroidUiFrameClock$withFrameNanos$2$callback$1.doFrame(AndroidUiFrameClock.android.kt:41)
03-27 14:34:20.372 E/CIRISApiClient(19190): 	at androidx.compose.ui.platform.AndroidUiDispatcher.performFrameDispatch(AndroidUiDispatcher.android.kt:109)
03-27 14:34:20.372 E/CIRISApiClient(19190): 	at androidx.compose.ui.platform.AndroidUiDispatcher.access$performFrameDispatch(AndroidUiDispatcher.android.kt:41)
03-27 14:34:20.372 E/CIRISApiClient(19190): 	at androidx.compose.ui.platform.AndroidUiDispatcher$dispatchCallback$1.doFrame(AndroidUiDispatcher.android.kt:69)
03-27 14:34:20.372 E/CIRISApiClient(19190): 	at android.view.Choreographer$CallbackRecord.run(Choreographer.java:1749)
03-27 14:34:20.372 E/CIRISApiClient(19190): 	at android.view.Choreographer$CallbackRecord.run(Choreographer.java:1760)
03-27 14:34:20.372 E/CIRISApiClient(19190): 	at android.view.Choreographer.doCallbacks(Choreographer.java:1216)
03-27 14:34:20.372 E/CIRISApiClient(19190): 	at android.view.Choreographer.doFrame(Choreographer.java:1132)
03-27 14:34:20.372 E/CIRISApiClient(19190): 	at android.view.Choreographer$FrameDisplayEventReceiver.run(Choreographer.java:1707)
03-27 14:34:20.372 E/CIRISApiClient(19190): 	at android.os.Handler.handleCallback(Handler.java:959)
03-27 14:34:20.372 E/CIRISApiClient(19190): 	at android.os.Handler.dispatchMessage(Handler.java:100)
03-27 14:34:20.372 E/CIRISApiClient(19190): 	at android.os.Looper.loopOnce(Looper.java:257)
03-27 14:34:20.372 E/CIRISApiClient(19190): 	at android.os.Looper.loop(Looper.java:342)
03-27 14:34:20.372 E/CIRISApiClient(19190): 	at android.app.ActivityThread.main(ActivityThread.java:9634)
03-27 14:34:20.372 E/CIRISApiClient(19190): 	at java.lang.reflect.Method.invoke(Native Method)
03-27 14:34:20.372 E/CIRISApiClient(19190): 	at com.android.internal.os.RuntimeInit$MethodAndArgsCaller.run(RuntimeInit.java:619)
03-27 14:34:20.372 E/CIRISApiClient(19190): 	at com.android.internal.os.ZygoteInit.main(ZygoteInit.java:929)
03-27 14:34:24.851 D/EnvFileUpdater(19190): Found CIRIS_HOME from env: /data/user/0/ai.ciris.mobile.debug/files/ciris
03-27 14:34:26.166 I/CIRISApiClient(19190): [getGraphData] >>> START: hours=24, scope=ALL_SCOPES, type=null, limit=200
03-27 14:34:26.167 I/CIRISApiClient(19190): [getGraphData] Fetching timeline: http://localhost:8080/v1/memory/timeline?hours=24&include_edges=true&include_metrics=false
03-27 14:34:26.572 I/CIRISApiClient(19190): [getGraphData] <<< DONE in 406ms (single API call)
03-27 14:34:26.573 I/CIRISApiClient(19190): [getGraphData]     Nodes: 45 ({local=33, identity=12})
03-27 14:34:26.573 I/CIRISApiClient(19190): [getGraphData]     Edges: 91 total, 77 visible
03-27 14:34:26.574 I/CIRISApiClient(19190): [getGraphData]     Edge types: {FIRST_AUDIT_EVENT=2, LAST_AUDIT_EVENT=2, TEMPORAL_NEXT=10, TEMPORAL_PREV=5, INVOLVED_USER=2, OCCURRED_IN_CHANNEL=2, DISCUSSED_CONCEPT=17, DRIVES_PROCESSING=2, TEMPORAL_CORRELATION=14, LONG_RUNNING_TASK=2, HIGH_LATENCY_TASK=2, CREATES_TRAIL=2, SUMMARIZES=27, IMPACTS_QUALITY=2}
03-27 14:34:33.511 I/CIRISApiClient(19190): [getGraphData] >>> START: hours=24, scope=ALL_SCOPES, type=null, limit=200
03-27 14:34:33.512 I/CIRISApiClient(19190): [getGraphData] Fetching timeline: http://localhost:8080/v1/memory/timeline?hours=24&include_edges=true&include_metrics=false
03-27 14:34:33.880 I/CIRISApiClient(19190): [getGraphData] <<< DONE in 369ms (single API call)
03-27 14:34:33.881 I/CIRISApiClient(19190): [getGraphData]     Nodes: 45 ({local=33, identity=12})
03-27 14:34:33.881 I/CIRISApiClient(19190): [getGraphData]     Edges: 91 total, 77 visible
03-27 14:34:33.882 I/CIRISApiClient(19190): [getGraphData]     Edge types: {FIRST_AUDIT_EVENT=2, LAST_AUDIT_EVENT=2, TEMPORAL_NEXT=10, TEMPORAL_PREV=5, INVOLVED_USER=2, OCCURRED_IN_CHANNEL=2, DISCUSSED_CONCEPT=17, DRIVES_PROCESSING=2, TEMPORAL_CORRELATION=14, LONG_RUNNING_TASK=2, HIGH_LATENCY_TASK=2, CREATES_TRAIL=2, SUMMARIZES=27, IMPACTS_QUALITY=2}
03-27 14:34:34.853 D/EnvFileUpdater(19190): Found CIRIS_HOME from env: /data/user/0/ai.ciris.mobile.debug/files/ciris
03-27 14:34:39.893 I/python.stdout(19190): [14:34:39.892] [DISPATCHER] Handler PonderHandler completed for action ponder on thought th_followup_th_follo_795ac33f-be4 - created follow-up thought th_followup_th_follo_2fd67450-88d
03-27 14:34:40.773 I/InteractViewModel(19190): [fetchAuditActions] Adding 1 action entries to timeline
03-27 14:34:41.459 I/CIRISApiClient(19190): [getGraphData] >>> START: hours=24, scope=ALL_SCOPES, type=null, limit=200
03-27 14:34:41.460 I/CIRISApiClient(19190): [getGraphData] Fetching timeline: http://localhost:8080/v1/memory/timeline?hours=24&include_edges=true&include_metrics=false
03-27 14:34:41.857 I/CIRISApiClient(19190): [getGraphData] <<< DONE in 398ms (single API call)
03-27 14:34:41.857 I/CIRISApiClient(19190): [getGraphData]     Nodes: 46 ({local=34, identity=12})
03-27 14:34:41.858 I/CIRISApiClient(19190): [getGraphData]     Edges: 91 total, 77 visible
03-27 14:34:41.858 I/CIRISApiClient(19190): [getGraphData]     Edge types: {FIRST_AUDIT_EVENT=2, LAST_AUDIT_EVENT=2, TEMPORAL_NEXT=10, TEMPORAL_PREV=5, INVOLVED_USER=2, OCCURRED_IN_CHANNEL=2, DISCUSSED_CONCEPT=17, DRIVES_PROCESSING=2, TEMPORAL_CORRELATION=14, LONG_RUNNING_TASK=2, HIGH_LATENCY_TASK=2, CREATES_TRAIL=2, SUMMARIZES=27, IMPACTS_QUALITY=2}
03-27 14:34:44.860 D/EnvFileUpdater(19190): Found CIRIS_HOME from env: /data/user/0/ai.ciris.mobile.debug/files/ciris
03-27 14:34:47.955 I/CIRISApiClient(19190): [getGraphData] >>> START: hours=24, scope=ALL_SCOPES, type=null, limit=200
03-27 14:34:47.956 I/CIRISApiClient(19190): [getGraphData] Fetching timeline: http://localhost:8080/v1/memory/timeline?hours=24&include_edges=true&include_metrics=false
03-27 14:34:48.390 I/CIRISApiClient(19190): [getGraphData] <<< DONE in 435ms (single API call)
03-27 14:34:48.391 I/CIRISApiClient(19190): [getGraphData]     Nodes: 46 ({local=34, identity=12})
03-27 14:34:48.391 I/CIRISApiClient(19190): [getGraphData]     Edges: 91 total, 77 visible
03-27 14:34:48.392 I/CIRISApiClient(19190): [getGraphData]     Edge types: {FIRST_AUDIT_EVENT=2, LAST_AUDIT_EVENT=2, TEMPORAL_NEXT=10, TEMPORAL_PREV=5, INVOLVED_USER=2, OCCURRED_IN_CHANNEL=2, DISCUSSED_CONCEPT=17, DRIVES_PROCESSING=2, TEMPORAL_CORRELATION=14, LONG_RUNNING_TASK=2, HIGH_LATENCY_TASK=2, CREATES_TRAIL=2, SUMMARIZES=27, IMPACTS_QUALITY=2}
03-27 14:34:54.469 I/CIRISApiClient(19190): [getGraphData] >>> START: hours=24, scope=ALL_SCOPES, type=null, limit=200
03-27 14:34:54.470 I/CIRISApiClient(19190): [getGraphData] Fetching timeline: http://localhost:8080/v1/memory/timeline?hours=24&include_edges=true&include_metrics=false
03-27 14:34:54.869 I/CIRISApiClient(19190): [getGraphData] <<< DONE in 400ms (single API call)
03-27 14:34:54.870 I/CIRISApiClient(19190): [getGraphData]     Nodes: 46 ({local=34, identity=12})
03-27 14:34:54.870 I/CIRISApiClient(19190): [getGraphData]     Edges: 91 total, 77 visible
03-27 14:34:54.870 I/CIRISApiClient(19190): [getGraphData]     Edge types: {FIRST_AUDIT_EVENT=2, LAST_AUDIT_EVENT=2, TEMPORAL_NEXT=10, TEMPORAL_PREV=5, INVOLVED_USER=2, OCCURRED_IN_CHANNEL=2, DISCUSSED_CONCEPT=17, DRIVES_PROCESSING=2, TEMPORAL_CORRELATION=14, LONG_RUNNING_TASK=2, HIGH_LATENCY_TASK=2, CREATES_TRAIL=2, SUMMARIZES=27, IMPACTS_QUALITY=2}
03-27 14:34:54.872 D/EnvFileUpdater(19190): Found CIRIS_HOME from env: /data/user/0/ai.ciris.mobile.debug/files/ciris
03-27 14:35:00.968 I/CIRISApiClient(19190): [getGraphData] >>> START: hours=24, scope=ALL_SCOPES, type=null, limit=200
03-27 14:35:00.969 I/CIRISApiClient(19190): [getGraphData] Fetching timeline: http://localhost:8080/v1/memory/timeline?hours=24&include_edges=true&include_metrics=false
03-27 14:35:01.942 I/CIRISApiClient(19190): [getGraphData] <<< DONE in 974ms (single API call)
03-27 14:35:01.943 I/CIRISApiClient(19190): [getGraphData]     Nodes: 46 ({local=34, identity=12})
03-27 14:35:01.943 I/CIRISApiClient(19190): [getGraphData]     Edges: 91 total, 77 visible
03-27 14:35:01.943 I/CIRISApiClient(19190): [getGraphData]     Edge types: {FIRST_AUDIT_EVENT=2, LAST_AUDIT_EVENT=2, TEMPORAL_NEXT=10, TEMPORAL_PREV=5, INVOLVED_USER=2, OCCURRED_IN_CHANNEL=2, DISCUSSED_CONCEPT=17, DRIVES_PROCESSING=2, TEMPORAL_CORRELATION=14, LONG_RUNNING_TASK=2, HIGH_LATENCY_TASK=2, CREATES_TRAIL=2, SUMMARIZES=27, IMPACTS_QUALITY=2}
03-27 14:35:04.873 D/EnvFileUpdater(19190): Found CIRIS_HOME from env: /data/user/0/ai.ciris.mobile.debug/files/ciris
03-27 14:35:06.020 I/CIRISApiClient(19190): [getGraphData] >>> START: hours=24, scope=ALL_SCOPES, type=null, limit=200
03-27 14:35:06.021 I/CIRISApiClient(19190): [getGraphData] Fetching timeline: http://localhost:8080/v1/memory/timeline?hours=24&include_edges=true&include_metrics=false
03-27 14:35:06.429 I/CIRISApiClient(19190): [getGraphData] <<< DONE in 409ms (single API call)
03-27 14:35:06.431 I/CIRISApiClient(19190): [getGraphData]     Nodes: 46 ({local=34, identity=12})
03-27 14:35:06.431 I/CIRISApiClient(19190): [getGraphData]     Edges: 91 total, 77 visible
03-27 14:35:06.431 I/CIRISApiClient(19190): [getGraphData]     Edge types: {FIRST_AUDIT_EVENT=2, LAST_AUDIT_EVENT=2, TEMPORAL_NEXT=10, TEMPORAL_PREV=5, INVOLVED_USER=2, OCCURRED_IN_CHANNEL=2, DISCUSSED_CONCEPT=17, DRIVES_PROCESSING=2, TEMPORAL_CORRELATION=14, LONG_RUNNING_TASK=2, HIGH_LATENCY_TASK=2, CREATES_TRAIL=2, SUMMARIZES=27, IMPACTS_QUALITY=2}
03-27 14:35:10.171 I/python.stdout(19190): [14:35:10.171] [DISPATCHER] Handler TaskCompleteHandler completed for action task_complete on thought th_followup_th_follo_2fd67450-88d
03-27 14:35:14.044 I/CIRISApiClient(19190): [getGraphData] >>> START: hours=24, scope=ALL_SCOPES, type=null, limit=200
03-27 14:35:14.045 I/CIRISApiClient(19190): [getGraphData] Fetching timeline: http://localhost:8080/v1/memory/timeline?hours=24&include_edges=true&include_metrics=false
03-27 14:35:14.441 I/CIRISApiClient(19190): [getGraphData] <<< DONE in 397ms (single API call)
03-27 14:35:14.442 I/CIRISApiClient(19190): [getGraphData]     Nodes: 47 ({local=35, identity=12})
03-27 14:35:14.442 I/CIRISApiClient(19190): [getGraphData]     Edges: 91 total, 77 visible
03-27 14:35:14.443 I/CIRISApiClient(19190): [getGraphData]     Edge types: {FIRST_AUDIT_EVENT=2, LAST_AUDIT_EVENT=2, TEMPORAL_NEXT=10, TEMPORAL_PREV=5, INVOLVED_USER=2, OCCURRED_IN_CHANNEL=2, DISCUSSED_CONCEPT=17, DRIVES_PROCESSING=2, TEMPORAL_CORRELATION=14, LONG_RUNNING_TASK=2, HIGH_LATENCY_TASK=2, CREATES_TRAIL=2, SUMMARIZES=27, IMPACTS_QUALITY=2}
03-27 14:35:14.875 D/EnvFileUpdater(19190): Found CIRIS_HOME from env: /data/user/0/ai.ciris.mobile.debug/files/ciris
03-27 14:35:24.876 D/EnvFileUpdater(19190): Found CIRIS_HOME from env: /data/user/0/ai.ciris.mobile.debug/files/ciris
03-27 14:35:34.882 D/EnvFileUpdater(19190): Found CIRIS_HOME from env: /data/user/0/ai.ciris.mobile.debug/files/ciris
03-27 14:35:44.883 D/EnvFileUpdater(19190): Found CIRIS_HOME from env: /data/user/0/ai.ciris.mobile.debug/files/ciris
03-27 14:35:54.891 D/EnvFileUpdater(19190): Found CIRIS_HOME from env: /data/user/0/ai.ciris.mobile.debug/files/ciris
03-27 14:36:04.891 D/EnvFileUpdater(19190): Found CIRIS_HOME from env: /data/user/0/ai.ciris.mobile.debug/files/ciris
03-27 14:36:14.893 D/EnvFileUpdater(19190): Found CIRIS_HOME from env: /data/user/0/ai.ciris.mobile.debug/files/ciris
03-27 14:36:15.951 I/WebViewFactory(22922): Loading com.google.android.webview version 145.0.7632.159 (code 763215903)
03-27 14:36:15.989 E/chromium(22922): [0327/143615.989347:ERROR:android_webview/browser/variations/variations_seed_loader.cc:39] Seed missing signature.
03-27 14:36:16.058 W/chromium(22922): [WARNING:android_webview/browser/network_service/net_helpers.cc:137] HTTP Cache size is: 43623608
03-27 14:36:16.101 W/chromium(23095): [WARNING:content/app/android/content_main_android.cc:82] android_setCpu already initialized
03-27 14:36:16.454 W/chromium(23095): [WARNING:content/child/runtime_features.cc:564] Fenced frames cannot be enabled in this configuration. Use --enable-features=FencedFrames instead.
03-27 14:36:16.455 W/chromium(23095): [WARNING:content/child/runtime_features.cc:589] Topics cannot be enabled in this configuration. Use --enable-features=BrowsingTopics in addition.
03-27 14:36:16.455 W/chromium(23095): [WARNING:content/child/runtime_features.cc:610] SharedStorage cannot be enabled in this configuration. Use --enable-features=SharedStorageAPI in addition.
03-27 14:36:24.895 D/EnvFileUpdater(19190): Found CIRIS_HOME from env: /data/user/0/ai.ciris.mobile.debug/files/ciris
03-27 14:36:34.897 D/EnvFileUpdater(19190): Found CIRIS_HOME from env: /data/user/0/ai.ciris.mobile.debug/files/ciris
03-27 14:36:44.903 D/EnvFileUpdater(19190): Found CIRIS_HOME from env: /data/user/0/ai.ciris.mobile.debug/files/ciris
03-27 14:36:54.906 D/EnvFileUpdater(19190): Found CIRIS_HOME from env: /data/user/0/ai.ciris.mobile.debug/files/ciris
03-27 14:37:04.908 D/EnvFileUpdater(19190): Found CIRIS_HOME from env: /data/user/0/ai.ciris.mobile.debug/files/ciris
03-27 14:37:09.177 I/WebViewFactory(24543): Loading com.google.android.webview version 145.0.7632.159 (code 763215903)
03-27 14:37:14.909 D/EnvFileUpdater(19190): Found CIRIS_HOME from env: /data/user/0/ai.ciris.mobile.debug/files/ciris
03-27 14:37:24.986 D/EnvFileUpdater(19190): Found CIRIS_HOME from env: /data/user/0/ai.ciris.mobile.debug/files/ciris
03-27 14:37:27.541 W/chromium( 6991): [WARNING:components/sync/engine/syncer_proto_util.cc:430] Error posting from syncer: Response Code (bogus on error): -1 Content-Length (bogus on error): -1 Server Status: CONNECTION_UNAVAILABLE
03-27 14:37:27.543 W/chromium( 6991): [WARNING:components/sync/engine/commit.cc:181] Post commit failed
03-27 14:37:30.085 W/chromium( 6991): [WARNING:components/sync/engine/syncer_proto_util.cc:430] Error posting from syncer: Response Code (bogus on error): -1 Content-Length (bogus on error): -1 Server Status: CONNECTION_UNAVAILABLE
03-27 14:37:30.086 W/chromium( 6991): [WARNING:components/sync/engine/commit.cc:181] Post commit failed
03-27 14:37:33.864 W/chromium( 6991): [WARNING:components/sync/engine/syncer_proto_util.cc:430] Error posting from syncer: Response Code (bogus on error): -1 Content-Length (bogus on error): -1 Server Status: CONNECTION_UNAVAILABLE
03-27 14:37:33.864 W/chromium( 6991): [WARNING:components/sync/engine/commit.cc:181] Post commit failed
03-27 14:37:34.988 D/EnvFileUpdater(19190): Found CIRIS_HOME from env: /data/user/0/ai.ciris.mobile.debug/files/ciris
03-27 14:37:39.527 W/chromium( 6991): [WARNING:components/sync/engine/syncer_proto_util.cc:430] Error posting from syncer: Response Code (bogus on error): -1 Content-Length (bogus on error): -1 Server Status: CONNECTION_UNAVAILABLE
03-27 14:37:39.528 W/chromium( 6991): [WARNING:components/sync/engine/commit.cc:181] Post commit failed
03-27 14:37:45.023 D/EnvFileUpdater(19190): Found CIRIS_HOME from env: /data/user/0/ai.ciris.mobile.debug/files/ciris
03-27 14:37:48.001 W/chromium( 6991): [WARNING:components/sync/engine/syncer_proto_util.cc:430] Error posting from syncer: Response Code (bogus on error): -1 Content-Length (bogus on error): -1 Server Status: CONNECTION_UNAVAILABLE
03-27 14:37:48.001 W/chromium( 6991): [WARNING:components/sync/engine/commit.cc:181] Post commit failed
03-27 14:37:55.025 D/EnvFileUpdater(19190): Found CIRIS_HOME from env: /data/user/0/ai.ciris.mobile.debug/files/ciris
03-27 14:38:05.063 D/EnvFileUpdater(19190): Found CIRIS_HOME from env: /data/user/0/ai.ciris.mobile.debug/files/ciris
03-27 14:38:09.137 W/chromium( 6991): [WARNING:components/sync/engine/syncer_proto_util.cc:430] Error posting from syncer: Response Code (bogus on error): -1 Content-Length (bogus on error): -1 Server Status: CONNECTION_UNAVAILABLE
03-27 14:38:09.138 W/chromium( 6991): [WARNING:components/sync/engine/commit.cc:181] Post commit failed
03-27 14:38:15.065 D/EnvFileUpdater(19190): Found CIRIS_HOME from env: /data/user/0/ai.ciris.mobile.debug/files/ciris
03-27 14:38:25.137 D/EnvFileUpdater(19190): Found CIRIS_HOME from env: /data/user/0/ai.ciris.mobile.debug/files/ciris
03-27 14:38:35.139 D/EnvFileUpdater(19190): Found CIRIS_HOME from env: /data/user/0/ai.ciris.mobile.debug/files/ciris
03-27 14:38:45.201 D/EnvFileUpdater(19190): Found CIRIS_HOME from env: /data/user/0/ai.ciris.mobile.debug/files/ciris
03-27 14:38:55.204 D/EnvFileUpdater(19190): Found CIRIS_HOME from env: /data/user/0/ai.ciris.mobile.debug/files/ciris
03-27 14:39:01.926 W/chromium( 6991): [WARNING:components/sync/engine/syncer_proto_util.cc:430] Error posting from syncer: Response Code (bogus on error): -1 Content-Length (bogus on error): -1 Server Status: CONNECTION_UNAVAILABLE
03-27 14:39:01.927 W/chromium( 6991): [WARNING:components/sync/engine/commit.cc:181] Post commit failed
03-27 14:39:05.266 D/EnvFileUpdater(19190): Found CIRIS_HOME from env: /data/user/0/ai.ciris.mobile.debug/files/ciris
03-27 14:39:09.565 E/CIRISApiClient(19190): [getSystemStatus] Exception: UnknownHostException: Unable to resolve host "localhost": No address associated with hostname
03-27 14:39:09.568 E/InteractViewModel(19190): [startStatusPolling] Status poll failed: UnknownHostException: Unable to resolve host "localhost": No address associated with hostname
03-27 14:39:09.930 E/CIRISApiClient(19190): [getLlmConfig] Exception: UnknownHostException: Unable to resolve host "localhost": No address associated with hostname
03-27 14:39:09.934 W/InteractViewModel(19190): [fetchHealthData] Failed to fetch LLM config from API: Unable to resolve host "localhost": No address associated with hostname
03-27 14:39:09.954 E/CIRISApiClient(19190): [getVerifyStatus] Exception: UnknownHostException: Unable to resolve host "localhost": No address associated with hostname
03-27 14:39:10.137 I/InteractViewModel(19190): [fetchTrustStatus] Trust level changed: 0 -> 1
03-27 14:39:10.139 I/InteractViewModel(19190): [fetchTrustStatus] Level pending changed: false -> true
03-27 14:39:14.741 I/InteractViewModel(19190): [startStatusPolling] Connection state changed: false -> true
03-27 14:39:15.268 D/EnvFileUpdater(19190): Found CIRIS_HOME from env: /data/user/0/ai.ciris.mobile.debug/files/ciris
03-27 14:39:17.632 E/CIRISApiClient(19190): [getMessages] Exception: UnknownHostException: Unable to resolve host "localhost": No address associated with hostname | Context: limit=50, is401=false, tokenPresent=true, tokenPreview=ciris_ad...4vzw
03-27 14:39:17.638 W/InteractViewModel(19190): [fetchHistory] Non-auth error: UnknownHostException: Unable to resolve host "localhost": No address associated with hostname
03-27 14:39:17.654 E/CIRISApiClient(19190): [getAuditEntries] Exception: UnknownHostException: Unable to resolve host "localhost": No address associated with hostname
03-27 14:39:19.764 E/CIRISApiClient(19190): [getSystemStatus] Exception: UnknownHostException: Unable to resolve host "localhost": No address associated with hostname
03-27 14:39:19.767 E/InteractViewModel(19190): [startStatusPolling] Status poll failed: UnknownHostException: Unable to resolve host "localhost": No address associated with hostname
03-27 14:39:20.259 E/CIRISApiClient(19190): [getVerifyStatus] Exception: UnknownHostException: Unable to resolve host "localhost": No address associated with hostname
03-27 14:39:20.262 I/InteractViewModel(19190): [fetchTrustStatus] Trust level changed: 1 -> 0
03-27 14:39:20.264 I/InteractViewModel(19190): [fetchTrustStatus] Level pending changed: true -> false
03-27 14:39:20.266 I/InteractViewModel(19190): [startTrustPendingPolling] Level pending=false (level=0/5), stopping fast poll
03-27 14:39:20.679 E/CIRISApiClient(19190): [getMessages] Exception: UnknownHostException: Unable to resolve host "localhost": No address associated with hostname | Context: limit=50, is401=false, tokenPresent=true, tokenPreview=ciris_ad...4vzw
03-27 14:39:20.685 W/InteractViewModel(19190): [fetchHistory] Non-auth error: UnknownHostException: Unable to resolve host "localhost": No address associated with hostname
03-27 14:39:20.702 E/CIRISApiClient(19190): [getAuditEntries] Exception: UnknownHostException: Unable to resolve host "localhost": No address associated with hostname
03-27 14:39:23.732 E/CIRISApiClient(19190): [getMessages] Exception: UnknownHostException: Unable to resolve host "localhost": No address associated with hostname | Context: limit=50, is401=false, tokenPresent=true, tokenPreview=ciris_ad...4vzw
03-27 14:39:23.739 W/InteractViewModel(19190): [fetchHistory] Non-auth error: UnknownHostException: Unable to resolve host "localhost": No address associated with hostname
03-27 14:39:23.755 E/CIRISApiClient(19190): [getAuditEntries] Exception: UnknownHostException: Unable to resolve host "localhost": No address associated with hostname
03-27 14:39:24.799 E/CIRISApiClient(19190): [getSystemStatus] Exception: UnknownHostException: Unable to resolve host "localhost": No address associated with hostname
03-27 14:39:25.279 D/EnvFileUpdater(19190): Found CIRIS_HOME from env: /data/user/0/ai.ciris.mobile.debug/files/ciris
03-27 14:39:26.785 E/CIRISApiClient(19190): [getMessages] Exception: UnknownHostException: Unable to resolve host "localhost": No address associated with hostname | Context: limit=50, is401=false, tokenPresent=true, tokenPreview=ciris_ad...4vzw
03-27 14:39:26.791 W/InteractViewModel(19190): [fetchHistory] Non-auth error: UnknownHostException: Unable to resolve host "localhost": No address associated with hostname
03-27 14:39:26.808 E/CIRISApiClient(19190): [getAuditEntries] Exception: UnknownHostException: Unable to resolve host "localhost": No address associated with hostname
03-27 14:39:29.835 E/CIRISApiClient(19190): [getSystemStatus] Exception: UnknownHostException: Unable to resolve host "localhost": No address associated with hostname
03-27 14:39:29.841 E/CIRISApiClient(19190): [getMessages] Exception: UnknownHostException: Unable to resolve host "localhost": No address associated with hostname | Context: limit=50, is401=false, tokenPresent=true, tokenPreview=ciris_ad...4vzw
03-27 14:39:29.844 W/InteractViewModel(19190): [fetchHistory] Non-auth error: UnknownHostException: Unable to resolve host "localhost": No address associated with hostname
03-27 14:39:29.857 E/CIRISApiClient(19190): [getAuditEntries] Exception: UnknownHostException: Unable to resolve host "localhost": No address associated with hostname
03-27 14:39:32.893 E/CIRISApiClient(19190): [getMessages] Exception: UnknownHostException: Unable to resolve host "localhost": No address associated with hostname | Context: limit=50, is401=false, tokenPresent=true, tokenPreview=ciris_ad...4vzw
03-27 14:39:32.900 W/InteractViewModel(19190): [fetchHistory] Non-auth error: UnknownHostException: Unable to resolve host "localhost": No address associated with hostname
03-27 14:39:32.928 E/CIRISApiClient(19190): [getAuditEntries] Exception: UnknownHostException: Unable to resolve host "localhost": No address associated with hostname
03-27 14:39:34.857 E/CIRISApiClient(19190): [getSystemStatus] Exception: UnknownHostException: Unable to resolve host "localhost": No address associated with hostname
03-27 14:39:35.283 D/EnvFileUpdater(19190): Found CIRIS_HOME from env: /data/user/0/ai.ciris.mobile.debug/files/ciris
03-27 14:39:35.962 E/CIRISApiClient(19190): [getMessages] Exception: UnknownHostException: Unable to resolve host "localhost": No address associated with hostname | Context: limit=50, is401=false, tokenPresent=true, tokenPreview=ciris_ad...4vzw
03-27 14:39:35.968 W/InteractViewModel(19190): [fetchHistory] Non-auth error: UnknownHostException: Unable to resolve host "localhost": No address associated with hostname
03-27 14:39:35.987 E/CIRISApiClient(19190): [getAuditEntries] Exception: UnknownHostException: Unable to resolve host "localhost": No address associated with hostname
03-27 14:39:39.013 E/CIRISApiClient(19190): [getMessages] Exception: UnknownHostException: Unable to resolve host "localhost": No address associated with hostname | Context: limit=50, is401=false, tokenPresent=true, tokenPreview=ciris_ad...4vzw
03-27 14:39:39.018 W/InteractViewModel(19190): [fetchHistory] Non-auth error: UnknownHostException: Unable to resolve host "localhost": No address associated with hostname
03-27 14:39:39.033 E/CIRISApiClient(19190): [getAuditEntries] Exception: UnknownHostException: Unable to resolve host "localhost": No address associated with hostname
03-27 14:39:39.893 E/CIRISApiClient(19190): [getSystemStatus] Exception: UnknownHostException: Unable to resolve host "localhost": No address associated with hostname
03-27 14:39:39.992 E/CIRISApiClient(19190): [getLlmConfig] Exception: UnknownHostException: Unable to resolve host "localhost": No address associated with hostname
03-27 14:39:39.996 W/InteractViewModel(19190): [fetchHealthData] Failed to fetch LLM config from API: Unable to resolve host "localhost": No address associated with hostname
03-27 14:39:40.013 E/CIRISApiClient(19190): [getVerifyStatus] Exception: UnknownHostException: Unable to resolve host "localhost": No address associated with hostname
03-27 14:39:42.073 E/CIRISApiClient(19190): [getMessages] Exception: UnknownHostException: Unable to resolve host "localhost": No address associated with hostname | Context: limit=50, is401=false, tokenPresent=true, tokenPreview=ciris_ad...4vzw
03-27 14:39:42.084 W/InteractViewModel(19190): [fetchHistory] Non-auth error: UnknownHostException: Unable to resolve host "localhost": No address associated with hostname
03-27 14:39:42.108 E/CIRISApiClient(19190): [getAuditEntries] Exception: UnknownHostException: Unable to resolve host "localhost": No address associated with hostname
03-27 14:39:44.916 E/CIRISApiClient(19190): [getSystemStatus] Exception: UnknownHostException: Unable to resolve host "localhost": No address associated with hostname
03-27 14:39:45.129 E/CIRISApiClient(19190): [getMessages] Exception: UnknownHostException: Unable to resolve host "localhost": No address associated with hostname | Context: limit=50, is401=false, tokenPresent=true, tokenPreview=ciris_ad...4vzw
03-27 14:39:45.132 W/InteractViewModel(19190): [fetchHistory] Non-auth error: UnknownHostException: Unable to resolve host "localhost": No address associated with hostname
03-27 14:39:45.147 E/CIRISApiClient(19190): [getAuditEntries] Exception: UnknownHostException: Unable to resolve host "localhost": No address associated with hostname
03-27 14:39:45.286 D/EnvFileUpdater(19190): Found CIRIS_HOME from env: /data/user/0/ai.ciris.mobile.debug/files/ciris
03-27 14:39:48.184 E/CIRISApiClient(19190): [getMessages] Exception: UnknownHostException: Unable to resolve host "localhost": No address associated with hostname | Context: limit=50, is401=false, tokenPresent=true, tokenPreview=ciris_ad...4vzw
03-27 14:39:48.192 W/InteractViewModel(19190): [fetchHistory] Non-auth error: UnknownHostException: Unable to resolve host "localhost": No address associated with hostname
03-27 14:39:48.212 E/CIRISApiClient(19190): [getAuditEntries] Exception: UnknownHostException: Unable to resolve host "localhost": No address associated with hostname
03-27 14:39:49.945 E/CIRISApiClient(19190): [getSystemStatus] Exception: UnknownHostException: Unable to resolve host "localhost": No address associated with hostname
03-27 14:39:51.246 E/CIRISApiClient(19190): [getMessages] Exception: UnknownHostException: Unable to resolve host "localhost": No address associated with hostname | Context: limit=50, is401=false, tokenPresent=true, tokenPreview=ciris_ad...4vzw
03-27 14:39:51.251 W/InteractViewModel(19190): [fetchHistory] Non-auth error: UnknownHostException: Unable to resolve host "localhost": No address associated with hostname
03-27 14:39:51.268 E/CIRISApiClient(19190): [getAuditEntries] Exception: UnknownHostException: Unable to resolve host "localhost": No address associated with hostname
03-27 14:39:54.302 E/CIRISApiClient(19190): [getMessages] Exception: UnknownHostException: Unable to resolve host "localhost": No address associated with hostname | Context: limit=50, is401=false, tokenPresent=true, tokenPreview=ciris_ad...4vzw
03-27 14:39:54.309 W/InteractViewModel(19190): [fetchHistory] Non-auth error: UnknownHostException: Unable to resolve host "localhost": No address associated with hostname
03-27 14:39:54.331 E/CIRISApiClient(19190): [getAuditEntries] Exception: UnknownHostException: Unable to resolve host "localhost": No address associated with hostname
03-27 14:39:54.971 E/CIRISApiClient(19190): [getSystemStatus] Exception: UnknownHostException: Unable to resolve host "localhost": No address associated with hostname
03-27 14:39:55.288 D/EnvFileUpdater(19190): Found CIRIS_HOME from env: /data/user/0/ai.ciris.mobile.debug/files/ciris
03-27 14:39:57.366 E/CIRISApiClient(19190): [getMessages] Exception: UnknownHostException: Unable to resolve host "localhost": No address associated with hostname | Context: limit=50, is401=false, tokenPresent=true, tokenPreview=ciris_ad...4vzw
03-27 14:39:57.370 W/InteractViewModel(19190): [fetchHistory] Non-auth error: UnknownHostException: Unable to resolve host "localhost": No address associated with hostname
03-27 14:39:57.389 E/CIRISApiClient(19190): [getAuditEntries] Exception: UnknownHostException: Unable to resolve host "localhost": No address associated with hostname
