03-28 13:09:31.288 E/CIRISApiClient(26882): [getAuditEntries] Exception: UnknownHostException: Unable to resolve host "localhost": No address associated with hostname
03-28 13:09:32.327 E/CIRISApiClient(26882): [getSystemStatus] Exception: UnknownHostException: Unable to resolve host "localhost": No address associated with hostname
03-28 13:09:34.311 E/CIRISApiClient(26882): [getMessages] Exception: UnknownHostException: Unable to resolve host "localhost": No address associated with hostname | Context: limit=50, is401=false, tokenPresent=true, tokenPreview=ciris_ad...zK88
03-28 13:09:34.315 W/InteractViewModel(26882): [fetchHistory] Non-auth error: UnknownHostException: Unable to resolve host "localhost": No address associated with hostname
03-28 13:09:34.332 E/CIRISApiClient(26882): [getAuditEntries] Exception: UnknownHostException: Unable to resolve host "localhost": No address associated with hostname
03-28 13:09:37.361 E/CIRISApiClient(26882): [getSystemStatus] Exception: UnknownHostException: Unable to resolve host "localhost": No address associated with hostname
03-28 13:09:37.367 E/CIRISApiClient(26882): [getMessages] Exception: UnknownHostException: Unable to resolve host "localhost": No address associated with hostname | Context: limit=50, is401=false, tokenPresent=true, tokenPreview=ciris_ad...zK88
03-28 13:09:37.369 W/InteractViewModel(26882): [fetchHistory] Non-auth error: UnknownHostException: Unable to resolve host "localhost": No address associated with hostname
03-28 13:09:37.380 E/CIRISApiClient(26882): [getAuditEntries] Exception: UnknownHostException: Unable to resolve host "localhost": No address associated with hostname
03-28 13:09:37.819 D/EnvFileUpdater(26882): Found CIRIS_HOME from env: /data/user/0/ai.ciris.mobile.debug/files/ciris
03-28 13:09:39.218 W/chromium(  604): [WARNING:net/cert/ev_root_ca_metadata.cc:118] Not implemented
03-28 13:09:40.404 E/CIRISApiClient(26882): [getMessages] Exception: UnknownHostException: Unable to resolve host "localhost": No address associated with hostname | Context: limit=50, is401=false, tokenPresent=true, tokenPreview=ciris_ad...zK88
03-28 13:09:40.410 W/InteractViewModel(26882): [fetchHistory] Non-auth error: UnknownHostException: Unable to resolve host "localhost": No address associated with hostname
03-28 13:09:40.428 E/CIRISApiClient(26882): [getAuditEntries] Exception: UnknownHostException: Unable to resolve host "localhost": No address associated with hostname
03-28 13:09:42.376 E/CIRISApiClient(26882): [getSystemStatus] Exception: UnknownHostException: Unable to resolve host "localhost": No address associated with hostname
03-28 13:09:43.450 E/CIRISApiClient(26882): [getMessages] Exception: UnknownHostException: Unable to resolve host "localhost": No address associated with hostname | Context: limit=50, is401=false, tokenPresent=true, tokenPreview=ciris_ad...zK88
03-28 13:09:43.457 W/InteractViewModel(26882): [fetchHistory] Non-auth error: UnknownHostException: Unable to resolve host "localhost": No address associated with hostname
03-28 13:09:43.473 E/CIRISApiClient(26882): [getAuditEntries] Exception: UnknownHostException: Unable to resolve host "localhost": No address associated with hostname
03-28 13:09:46.497 E/CIRISApiClient(26882): [getMessages] Exception: UnknownHostException: Unable to resolve host "localhost": No address associated with hostname | Context: limit=50, is401=false, tokenPresent=true, tokenPreview=ciris_ad...zK88
03-28 13:09:46.502 W/InteractViewModel(26882): [fetchHistory] Non-auth error: UnknownHostException: Unable to resolve host "localhost": No address associated with hostname
03-28 13:09:46.518 E/CIRISApiClient(26882): [getAuditEntries] Exception: UnknownHostException: Unable to resolve host "localhost": No address associated with hostname
03-28 13:09:47.397 E/CIRISApiClient(26882): [getSystemStatus] Exception: UnknownHostException: Unable to resolve host "localhost": No address associated with hostname
03-28 13:09:47.821 D/EnvFileUpdater(26882): Found CIRIS_HOME from env: /data/user/0/ai.ciris.mobile.debug/files/ciris
03-28 13:09:49.541 E/CIRISApiClient(26882): [getMessages] Exception: UnknownHostException: Unable to resolve host "localhost": No address associated with hostname | Context: limit=50, is401=false, tokenPresent=true, tokenPreview=ciris_ad...zK88
03-28 13:09:49.547 W/InteractViewModel(26882): [fetchHistory] Non-auth error: UnknownHostException: Unable to resolve host "localhost": No address associated with hostname
03-28 13:09:49.563 E/CIRISApiClient(26882): [getAuditEntries] Exception: UnknownHostException: Unable to resolve host "localhost": No address associated with hostname
03-28 13:09:52.418 E/CIRISApiClient(26882): [getSystemStatus] Exception: UnknownHostException: Unable to resolve host "localhost": No address associated with hostname
03-28 13:09:52.578 E/CIRISApiClient(26882): [getMessages] Exception: UnknownHostException: Unable to resolve host "localhost": No address associated with hostname | Context: limit=50, is401=false, tokenPresent=true, tokenPreview=ciris_ad...zK88
03-28 13:09:52.581 W/InteractViewModel(26882): [fetchHistory] Non-auth error: UnknownHostException: Unable to resolve host "localhost": No address associated with hostname
03-28 13:09:52.596 E/CIRISApiClient(26882): [getAuditEntries] Exception: UnknownHostException: Unable to resolve host "localhost": No address associated with hostname
03-28 13:09:54.362 W/chromium(  604): [WARNING:components/sync/engine/syncer_proto_util.cc:430] Error posting from syncer: Response Code (bogus on error): -1 Content-Length (bogus on error): -1 Server Status: CONNECTION_UNAVAILABLE
03-28 13:09:54.362 W/chromium(  604): [WARNING:components/sync/engine/commit.cc:181] Post commit failed
03-28 13:09:55.018 E/CIRISApiClient(26882): [getLlmConfig] Exception: UnknownHostException: Unable to resolve host "localhost": No address associated with hostname
03-28 13:09:55.022 W/InteractViewModel(26882): [fetchHealthData] Failed to fetch LLM config from API: Unable to resolve host "localhost": No address associated with hostname
03-28 13:09:55.040 E/CIRISApiClient(26882): [getVerifyStatus] Exception: UnknownHostException: Unable to resolve host "localhost": No address associated with hostname
03-28 13:09:55.621 E/CIRISApiClient(26882): [getMessages] Exception: UnknownHostException: Unable to resolve host "localhost": No address associated with hostname | Context: limit=50, is401=false, tokenPresent=true, tokenPreview=ciris_ad...zK88
03-28 13:09:55.626 W/InteractViewModel(26882): [fetchHistory] Non-auth error: UnknownHostException: Unable to resolve host "localhost": No address associated with hostname
03-28 13:09:55.642 E/CIRISApiClient(26882): [getAuditEntries] Exception: UnknownHostException: Unable to resolve host "localhost": No address associated with hostname
03-28 13:09:57.443 E/CIRISApiClient(26882): [getSystemStatus] Exception: UnknownHostException: Unable to resolve host "localhost": No address associated with hostname
03-28 13:09:57.824 D/EnvFileUpdater(26882): Found CIRIS_HOME from env: /data/user/0/ai.ciris.mobile.debug/files/ciris
03-28 13:09:58.661 E/CIRISApiClient(26882): [getMessages] Exception: UnknownHostException: Unable to resolve host "localhost": No address associated with hostname | Context: limit=50, is401=false, tokenPresent=true, tokenPreview=ciris_ad...zK88
03-28 13:09:58.665 W/InteractViewModel(26882): [fetchHistory] Non-auth error: UnknownHostException: Unable to resolve host "localhost": No address associated with hostname
03-28 13:09:58.679 E/CIRISApiClient(26882): [getAuditEntries] Exception: UnknownHostException: Unable to resolve host "localhost": No address associated with hostname
03-28 13:10:01.705 E/CIRISApiClient(26882): [getMessages] Exception: UnknownHostException: Unable to resolve host "localhost": No address associated with hostname | Context: limit=50, is401=false, tokenPresent=true, tokenPreview=ciris_ad...zK88
03-28 13:10:01.709 W/InteractViewModel(26882): [fetchHistory] Non-auth error: UnknownHostException: Unable to resolve host "localhost": No address associated with hostname
03-28 13:10:01.725 E/CIRISApiClient(26882): [getAuditEntries] Exception: UnknownHostException: Unable to resolve host "localhost": No address associated with hostname
03-28 13:10:02.468 E/CIRISApiClient(26882): [getSystemStatus] Exception: UnknownHostException: Unable to resolve host "localhost": No address associated with hostname
03-28 13:10:04.753 E/CIRISApiClient(26882): [getMessages] Exception: UnknownHostException: Unable to resolve host "localhost": No address associated with hostname | Context: limit=50, is401=false, tokenPresent=true, tokenPreview=ciris_ad...zK88
03-28 13:10:04.758 W/InteractViewModel(26882): [fetchHistory] Non-auth error: UnknownHostException: Unable to resolve host "localhost": No address associated with hostname
03-28 13:10:04.771 E/CIRISApiClient(26882): [getAuditEntries] Exception: UnknownHostException: Unable to resolve host "localhost": No address associated with hostname
03-28 13:10:07.487 E/CIRISApiClient(26882): [getSystemStatus] Exception: UnknownHostException: Unable to resolve host "localhost": No address associated with hostname
03-28 13:10:07.787 E/CIRISApiClient(26882): [getMessages] Exception: UnknownHostException: Unable to resolve host "localhost": No address associated with hostname | Context: limit=50, is401=false, tokenPresent=true, tokenPreview=ciris_ad...zK88
03-28 13:10:07.791 W/InteractViewModel(26882): [fetchHistory] Non-auth error: UnknownHostException: Unable to resolve host "localhost": No address associated with hostname
03-28 13:10:07.806 E/CIRISApiClient(26882): [getAuditEntries] Exception: UnknownHostException: Unable to resolve host "localhost": No address associated with hostname
03-28 13:10:07.826 D/EnvFileUpdater(26882): Found CIRIS_HOME from env: /data/user/0/ai.ciris.mobile.debug/files/ciris
03-28 13:10:09.846 E/chromium(30975): [ERROR:cc/tiles/tile_manager.cc:997] WARNING: tile memory limits exceeded, some content may not draw
03-28 13:10:09.856 E/chromium(30975): [ERROR:cc/tiles/tile_manager.cc:997] WARNING: tile memory limits exceeded, some content may not draw
03-28 13:10:10.546 W/chromium( 5452): [WARNING:content/app/android/content_main_android.cc:82] android_setCpu already initialized
03-28 13:10:10.830 E/CIRISApiClient(26882): [getMessages] Exception: UnknownHostException: Unable to resolve host "localhost": No address associated with hostname | Context: limit=50, is401=false, tokenPresent=true, tokenPreview=ciris_ad...zK88
03-28 13:10:10.834 W/InteractViewModel(26882): [fetchHistory] Non-auth error: UnknownHostException: Unable to resolve host "localhost": No address associated with hostname
03-28 13:10:10.846 E/CIRISApiClient(26882): [getAuditEntries] Exception: UnknownHostException: Unable to resolve host "localhost": No address associated with hostname
03-28 13:10:12.520 E/CIRISApiClient(26882): [getSystemStatus] Exception: UnknownHostException: Unable to resolve host "localhost": No address associated with hostname
03-28 13:10:13.408 E/chromium(30975): [ERROR:cc/tiles/tile_manager.cc:997] WARNING: tile memory limits exceeded, some content may not draw
03-28 13:10:13.412 E/chromium(30975): [ERROR:cc/tiles/tile_manager.cc:997] WARNING: tile memory limits exceeded, some content may not draw
03-28 13:10:13.418 E/chromium(30975): [ERROR:cc/tiles/tile_manager.cc:997] WARNING: tile memory limits exceeded, some content may not draw
03-28 13:10:13.418 E/chromium(30975): [ERROR:cc/tiles/tile_manager.cc:997] WARNING: tile memory limits exceeded, some content may not draw
03-28 13:10:13.439 E/chromium(30975): [ERROR:cc/tiles/tile_manager.cc:997] WARNING: tile memory limits exceeded, some content may not draw
03-28 13:10:13.440 E/chromium(30975): [ERROR:cc/tiles/tile_manager.cc:997] WARNING: tile memory limits exceeded, some content may not draw
03-28 13:10:13.777 E/chromium(30975): [ERROR:cc/tiles/tile_manager.cc:997] WARNING: tile memory limits exceeded, some content may not draw
03-28 13:10:13.779 E/chromium(30975): [ERROR:cc/tiles/tile_manager.cc:997] WARNING: tile memory limits exceeded, some content may not draw
03-28 13:10:13.796 E/chromium(30975): [ERROR:cc/tiles/tile_manager.cc:997] WARNING: tile memory limits exceeded, some content may not draw
03-28 13:10:13.796 E/chromium(30975): [ERROR:cc/tiles/tile_manager.cc:997] WARNING: tile memory limits exceeded, some content may not draw
03-28 13:10:13.797 E/chromium(30975): [ERROR:cc/tiles/tile_manager.cc:997] WARNING: tile memory limits exceeded, some content may not draw
03-28 13:10:13.802 E/chromium(30975): [ERROR:cc/tiles/tile_manager.cc:997] WARNING: tile memory limits exceeded, some content may not draw
03-28 13:10:13.821 E/chromium(30975): [ERROR:cc/tiles/tile_manager.cc:997] WARNING: tile memory limits exceeded, some content may not draw
03-28 13:10:13.821 E/chromium(30975): [ERROR:cc/tiles/tile_manager.cc:997] WARNING: tile memory limits exceeded, some content may not draw
03-28 13:10:13.821 E/chromium(30975): [ERROR:cc/tiles/tile_manager.cc:997] WARNING: tile memory limits exceeded, some content may not draw
03-28 13:10:13.821 E/chromium(30975): [ERROR:cc/tiles/tile_manager.cc:997] WARNING: tile memory limits exceeded, some content may not draw
03-28 13:10:13.868 E/CIRISApiClient(26882): [getMessages] Exception: UnknownHostException: Unable to resolve host "localhost": No address associated with hostname | Context: limit=50, is401=false, tokenPresent=true, tokenPreview=ciris_ad...zK88
03-28 13:10:13.873 W/InteractViewModel(26882): [fetchHistory] Non-auth error: UnknownHostException: Unable to resolve host "localhost": No address associated with hostname
03-28 13:10:13.887 E/CIRISApiClient(26882): [getAuditEntries] Exception: UnknownHostException: Unable to resolve host "localhost": No address associated with hostname
03-28 13:10:16.905 E/CIRISApiClient(26882): [getMessages] Exception: UnknownHostException: Unable to resolve host "localhost": No address associated with hostname | Context: limit=50, is401=false, tokenPresent=true, tokenPreview=ciris_ad...zK88
03-28 13:10:16.910 W/InteractViewModel(26882): [fetchHistory] Non-auth error: UnknownHostException: Unable to resolve host "localhost": No address associated with hostname
03-28 13:10:16.925 E/CIRISApiClient(26882): [getAuditEntries] Exception: UnknownHostException: Unable to resolve host "localhost": No address associated with hostname
03-28 13:10:17.544 E/CIRISApiClient(26882): [getSystemStatus] Exception: UnknownHostException: Unable to resolve host "localhost": No address associated with hostname
03-28 13:10:17.827 D/EnvFileUpdater(26882): Found CIRIS_HOME from env: /data/user/0/ai.ciris.mobile.debug/files/ciris
03-28 13:10:19.946 E/CIRISApiClient(26882): [getMessages] Exception: UnknownHostException: Unable to resolve host "localhost": No address associated with hostname | Context: limit=50, is401=false, tokenPresent=true, tokenPreview=ciris_ad...zK88
03-28 13:10:19.951 W/InteractViewModel(26882): [fetchHistory] Non-auth error: UnknownHostException: Unable to resolve host "localhost": No address associated with hostname
03-28 13:10:19.963 E/CIRISApiClient(26882): [getAuditEntries] Exception: UnknownHostException: Unable to resolve host "localhost": No address associated with hostname
03-28 13:10:22.568 E/CIRISApiClient(26882): [getSystemStatus] Exception: UnknownHostException: Unable to resolve host "localhost": No address associated with hostname
03-28 13:10:22.984 E/CIRISApiClient(26882): [getMessages] Exception: UnknownHostException: Unable to resolve host "localhost": No address associated with hostname | Context: limit=50, is401=false, tokenPresent=true, tokenPreview=ciris_ad...zK88
03-28 13:10:22.989 W/InteractViewModel(26882): [fetchHistory] Non-auth error: UnknownHostException: Unable to resolve host "localhost": No address associated with hostname
03-28 13:10:23.001 E/CIRISApiClient(26882): [getAuditEntries] Exception: UnknownHostException: Unable to resolve host "localhost": No address associated with hostname
03-28 13:10:25.064 E/CIRISApiClient(26882): [getLlmConfig] Exception: UnknownHostException: Unable to resolve host "localhost": No address associated with hostname
03-28 13:10:25.068 W/InteractViewModel(26882): [fetchHealthData] Failed to fetch LLM config from API: Unable to resolve host "localhost": No address associated with hostname
03-28 13:10:25.082 E/CIRISApiClient(26882): [getVerifyStatus] Exception: UnknownHostException: Unable to resolve host "localhost": No address associated with hostname
03-28 13:10:25.406 W/chromium(  604): [WARNING:components/sync/engine/syncer_proto_util.cc:430] Error posting from syncer: Response Code (bogus on error): -1 Content-Length (bogus on error): -1 Server Status: CONNECTION_UNAVAILABLE
03-28 13:10:25.407 W/chromium(  604): [WARNING:components/sync/engine/commit.cc:181] Post commit failed
03-28 13:10:26.031 E/CIRISApiClient(26882): [getMessages] Exception: UnknownHostException: Unable to resolve host "localhost": No address associated with hostname | Context: limit=50, is401=false, tokenPresent=true, tokenPreview=ciris_ad...zK88
03-28 13:10:26.039 W/InteractViewModel(26882): [fetchHistory] Non-auth error: UnknownHostException: Unable to resolve host "localhost": No address associated with hostname
03-28 13:10:26.056 E/CIRISApiClient(26882): [getAuditEntries] Exception: UnknownHostException: Unable to resolve host "localhost": No address associated with hostname
03-28 13:10:27.590 E/CIRISApiClient(26882): [getSystemStatus] Exception: UnknownHostException: Unable to resolve host "localhost": No address associated with hostname
03-28 13:10:27.829 D/EnvFileUpdater(26882): Found CIRIS_HOME from env: /data/user/0/ai.ciris.mobile.debug/files/ciris
03-28 13:10:29.078 E/CIRISApiClient(26882): [getMessages] Exception: UnknownHostException: Unable to resolve host "localhost": No address associated with hostname | Context: limit=50, is401=false, tokenPresent=true, tokenPreview=ciris_ad...zK88
03-28 13:10:29.086 W/InteractViewModel(26882): [fetchHistory] Non-auth error: UnknownHostException: Unable to resolve host "localhost": No address associated with hostname
03-28 13:10:29.103 E/CIRISApiClient(26882): [getAuditEntries] Exception: UnknownHostException: Unable to resolve host "localhost": No address associated with hostname
03-28 13:10:32.125 E/CIRISApiClient(26882): [getMessages] Exception: UnknownHostException: Unable to resolve host "localhost": No address associated with hostname | Context: limit=50, is401=false, tokenPresent=true, tokenPreview=ciris_ad...zK88
03-28 13:10:32.130 W/InteractViewModel(26882): [fetchHistory] Non-auth error: UnknownHostException: Unable to resolve host "localhost": No address associated with hostname
03-28 13:10:32.143 E/CIRISApiClient(26882): [getAuditEntries] Exception: UnknownHostException: Unable to resolve host "localhost": No address associated with hostname
03-28 13:10:32.605 E/CIRISApiClient(26882): [getSystemStatus] Exception: UnknownHostException: Unable to resolve host "localhost": No address associated with hostname
03-28 13:10:35.180 E/CIRISApiClient(26882): [getMessages] Exception: UnknownHostException: Unable to resolve host "localhost": No address associated with hostname | Context: limit=50, is401=false, tokenPresent=true, tokenPreview=ciris_ad...zK88
03-28 13:10:35.184 W/InteractViewModel(26882): [fetchHistory] Non-auth error: UnknownHostException: Unable to resolve host "localhost": No address associated with hostname
03-28 13:10:35.197 E/CIRISApiClient(26882): [getAuditEntries] Exception: UnknownHostException: Unable to resolve host "localhost": No address associated with hostname
03-28 13:10:37.630 E/CIRISApiClient(26882): [getSystemStatus] Exception: UnknownHostException: Unable to resolve host "localhost": No address associated with hostname
03-28 13:10:37.831 D/EnvFileUpdater(26882): Found CIRIS_HOME from env: /data/user/0/ai.ciris.mobile.debug/files/ciris
03-28 13:10:38.220 E/CIRISApiClient(26882): [getMessages] Exception: UnknownHostException: Unable to resolve host "localhost": No address associated with hostname | Context: limit=50, is401=false, tokenPresent=true, tokenPreview=ciris_ad...zK88
03-28 13:10:38.226 W/InteractViewModel(26882): [fetchHistory] Non-auth error: UnknownHostException: Unable to resolve host "localhost": No address associated with hostname
03-28 13:10:38.242 E/CIRISApiClient(26882): [getAuditEntries] Exception: UnknownHostException: Unable to resolve host "localhost": No address associated with hostname
03-28 13:10:41.267 E/CIRISApiClient(26882): [getMessages] Exception: UnknownHostException: Unable to resolve host "localhost": No address associated with hostname | Context: limit=50, is401=false, tokenPresent=true, tokenPreview=ciris_ad...zK88
03-28 13:10:41.272 W/InteractViewModel(26882): [fetchHistory] Non-auth error: UnknownHostException: Unable to resolve host "localhost": No address associated with hostname
03-28 13:10:41.284 E/CIRISApiClient(26882): [getAuditEntries] Exception: UnknownHostException: Unable to resolve host "localhost": No address associated with hostname
03-28 13:10:42.655 E/CIRISApiClient(26882): [getSystemStatus] Exception: UnknownHostException: Unable to resolve host "localhost": No address associated with hostname
03-28 13:10:44.318 E/CIRISApiClient(26882): [getMessages] Exception: UnknownHostException: Unable to resolve host "localhost": No address associated with hostname | Context: limit=50, is401=false, tokenPresent=true, tokenPreview=ciris_ad...zK88
03-28 13:10:44.327 W/InteractViewModel(26882): [fetchHistory] Non-auth error: UnknownHostException: Unable to resolve host "localhost": No address associated with hostname
03-28 13:10:44.344 E/CIRISApiClient(26882): [getAuditEntries] Exception: UnknownHostException: Unable to resolve host "localhost": No address associated with hostname
03-28 13:10:47.381 E/CIRISApiClient(26882): [getMessages] Exception: UnknownHostException: Unable to resolve host "localhost": No address associated with hostname | Context: limit=50, is401=false, tokenPresent=true, tokenPreview=ciris_ad...zK88
03-28 13:10:47.389 W/InteractViewModel(26882): [fetchHistory] Non-auth error: UnknownHostException: Unable to resolve host "localhost": No address associated with hostname
03-28 13:10:47.408 E/CIRISApiClient(26882): [getAuditEntries] Exception: UnknownHostException: Unable to resolve host "localhost": No address associated with hostname
03-28 13:10:47.686 E/CIRISApiClient(26882): [getSystemStatus] Exception: UnknownHostException: Unable to resolve host "localhost": No address associated with hostname
03-28 13:10:47.833 D/EnvFileUpdater(26882): Found CIRIS_HOME from env: /data/user/0/ai.ciris.mobile.debug/files/ciris
03-28 13:10:50.435 E/CIRISApiClient(26882): [getMessages] Exception: UnknownHostException: Unable to resolve host "localhost": No address associated with hostname | Context: limit=50, is401=false, tokenPresent=true, tokenPreview=ciris_ad...zK88
03-28 13:10:50.439 W/InteractViewModel(26882): [fetchHistory] Non-auth error: UnknownHostException: Unable to resolve host "localhost": No address associated with hostname
03-28 13:10:50.452 E/CIRISApiClient(26882): [getAuditEntries] Exception: UnknownHostException: Unable to resolve host "localhost": No address associated with hostname
03-28 13:10:52.714 E/CIRISApiClient(26882): [getSystemStatus] Exception: UnknownHostException: Unable to resolve host "localhost": No address associated with hostname
03-28 13:10:53.478 E/CIRISApiClient(26882): [getMessages] Exception: UnknownHostException: Unable to resolve host "localhost": No address associated with hostname | Context: limit=50, is401=false, tokenPresent=true, tokenPreview=ciris_ad...zK88
03-28 13:10:53.482 W/InteractViewModel(26882): [fetchHistory] Non-auth error: UnknownHostException: Unable to resolve host "localhost": No address associated with hostname
03-28 13:10:53.497 E/CIRISApiClient(26882): [getAuditEntries] Exception: UnknownHostException: Unable to resolve host "localhost": No address associated with hostname
03-28 13:10:55.114 E/CIRISApiClient(26882): [getLlmConfig] Exception: UnknownHostException: Unable to resolve host "localhost": No address associated with hostname
03-28 13:10:55.120 W/InteractViewModel(26882): [fetchHealthData] Failed to fetch LLM config from API: Unable to resolve host "localhost": No address associated with hostname
03-28 13:10:55.145 E/CIRISApiClient(26882): [getVerifyStatus] Exception: UnknownHostException: Unable to resolve host "localhost": No address associated with hostname
03-28 13:10:56.520 E/CIRISApiClient(26882): [getMessages] Exception: UnknownHostException: Unable to resolve host "localhost": No address associated with hostname | Context: limit=50, is401=false, tokenPresent=true, tokenPreview=ciris_ad...zK88
03-28 13:10:56.525 W/InteractViewModel(26882): [fetchHistory] Non-auth error: UnknownHostException: Unable to resolve host "localhost": No address associated with hostname
03-28 13:10:56.545 E/CIRISApiClient(26882): [getAuditEntries] Exception: UnknownHostException: Unable to resolve host "localhost": No address associated with hostname
03-28 13:10:57.750 E/CIRISApiClient(26882): [getSystemStatus] Exception: UnknownHostException: Unable to resolve host "localhost": No address associated with hostname
03-28 13:10:57.836 D/EnvFileUpdater(26882): Found CIRIS_HOME from env: /data/user/0/ai.ciris.mobile.debug/files/ciris
03-28 13:10:59.565 E/CIRISApiClient(26882): [getMessages] Exception: UnknownHostException: Unable to resolve host "localhost": No address associated with hostname | Context: limit=50, is401=false, tokenPresent=true, tokenPreview=ciris_ad...zK88
03-28 13:10:59.569 W/InteractViewModel(26882): [fetchHistory] Non-auth error: UnknownHostException: Unable to resolve host "localhost": No address associated with hostname
03-28 13:10:59.582 E/CIRISApiClient(26882): [getAuditEntries] Exception: UnknownHostException: Unable to resolve host "localhost": No address associated with hostname
03-28 13:11:02.604 E/CIRISApiClient(26882): [getMessages] Exception: UnknownHostException: Unable to resolve host "localhost": No address associated with hostname | Context: limit=50, is401=false, tokenPresent=true, tokenPreview=ciris_ad...zK88
03-28 13:11:02.609 W/InteractViewModel(26882): [fetchHistory] Non-auth error: UnknownHostException: Unable to resolve host "localhost": No address associated with hostname
03-28 13:11:02.623 E/CIRISApiClient(26882): [getAuditEntries] Exception: UnknownHostException: Unable to resolve host "localhost": No address associated with hostname
03-28 13:11:02.769 E/CIRISApiClient(26882): [getSystemStatus] Exception: UnknownHostException: Unable to resolve host "localhost": No address associated with hostname
03-28 13:11:05.645 E/CIRISApiClient(26882): [getMessages] Exception: UnknownHostException: Unable to resolve host "localhost": No address associated with hostname | Context: limit=50, is401=false, tokenPresent=true, tokenPreview=ciris_ad...zK88
03-28 13:11:05.649 W/InteractViewModel(26882): [fetchHistory] Non-auth error: UnknownHostException: Unable to resolve host "localhost": No address associated with hostname
03-28 13:11:05.661 E/CIRISApiClient(26882): [getAuditEntries] Exception: UnknownHostException: Unable to resolve host "localhost": No address associated with hostname
03-28 13:11:07.788 E/CIRISApiClient(26882): [getSystemStatus] Exception: UnknownHostException: Unable to resolve host "localhost": No address associated with hostname
03-28 13:11:07.838 D/EnvFileUpdater(26882): Found CIRIS_HOME from env: /data/user/0/ai.ciris.mobile.debug/files/ciris
03-28 13:11:08.691 E/CIRISApiClient(26882): [getMessages] Exception: UnknownHostException: Unable to resolve host "localhost": No address associated with hostname | Context: limit=50, is401=false, tokenPresent=true, tokenPreview=ciris_ad...zK88
03-28 13:11:08.698 W/InteractViewModel(26882): [fetchHistory] Non-auth error: UnknownHostException: Unable to resolve host "localhost": No address associated with hostname
03-28 13:11:08.716 E/CIRISApiClient(26882): [getAuditEntries] Exception: UnknownHostException: Unable to resolve host "localhost": No address associated with hostname
03-28 13:11:11.753 E/CIRISApiClient(26882): [getMessages] Exception: UnknownHostException: Unable to resolve host "localhost": No address associated with hostname | Context: limit=50, is401=false, tokenPresent=true, tokenPreview=ciris_ad...zK88
03-28 13:11:11.758 W/InteractViewModel(26882): [fetchHistory] Non-auth error: UnknownHostException: Unable to resolve host "localhost": No address associated with hostname
03-28 13:11:11.771 E/CIRISApiClient(26882): [getAuditEntries] Exception: UnknownHostException: Unable to resolve host "localhost": No address associated with hostname
03-28 13:11:12.815 E/CIRISApiClient(26882): [getSystemStatus] Exception: UnknownHostException: Unable to resolve host "localhost": No address associated with hostname
03-28 13:11:14.805 E/CIRISApiClient(26882): [getMessages] Exception: UnknownHostException: Unable to resolve host "localhost": No address associated with hostname | Context: limit=50, is401=false, tokenPresent=true, tokenPreview=ciris_ad...zK88
03-28 13:11:14.811 W/InteractViewModel(26882): [fetchHistory] Non-auth error: UnknownHostException: Unable to resolve host "localhost": No address associated with hostname
03-28 13:11:14.826 E/CIRISApiClient(26882): [getAuditEntries] Exception: UnknownHostException: Unable to resolve host "localhost": No address associated with hostname
03-28 13:11:17.854 D/EnvFileUpdater(26882): Found CIRIS_HOME from env: /data/user/0/ai.ciris.mobile.debug/files/ciris
03-28 13:11:17.859 E/CIRISApiClient(26882): [getSystemStatus] Exception: UnknownHostException: Unable to resolve host "localhost": No address associated with hostname
03-28 13:11:17.867 E/CIRISApiClient(26882): [getMessages] Exception: UnknownHostException: Unable to resolve host "localhost": No address associated with hostname | Context: limit=50, is401=false, tokenPresent=true, tokenPreview=ciris_ad...zK88
03-28 13:11:17.870 W/InteractViewModel(26882): [fetchHistory] Non-auth error: UnknownHostException: Unable to resolve host "localhost": No address associated with hostname
03-28 13:11:17.885 E/CIRISApiClient(26882): [getAuditEntries] Exception: UnknownHostException: Unable to resolve host "localhost": No address associated with hostname
03-28 13:11:20.920 E/CIRISApiClient(26882): [getMessages] Exception: UnknownHostException: Unable to resolve host "localhost": No address associated with hostname | Context: limit=50, is401=false, tokenPresent=true, tokenPreview=ciris_ad...zK88
03-28 13:11:20.926 W/InteractViewModel(26882): [fetchHistory] Non-auth error: UnknownHostException: Unable to resolve host "localhost": No address associated with hostname
03-28 13:11:20.942 E/CIRISApiClient(26882): [getAuditEntries] Exception: UnknownHostException: Unable to resolve host "localhost": No address associated with hostname
03-28 13:11:22.891 E/CIRISApiClient(26882): [getSystemStatus] Exception: UnknownHostException: Unable to resolve host "localhost": No address associated with hostname
03-28 13:11:23.972 E/CIRISApiClient(26882): [getMessages] Exception: UnknownHostException: Unable to resolve host "localhost": No address associated with hostname | Context: limit=50, is401=false, tokenPresent=true, tokenPreview=ciris_ad...zK88
03-28 13:11:23.978 W/InteractViewModel(26882): [fetchHistory] Non-auth error: UnknownHostException: Unable to resolve host "localhost": No address associated with hostname
03-28 13:11:23.998 E/CIRISApiClient(26882): [getAuditEntries] Exception: UnknownHostException: Unable to resolve host "localhost": No address associated with hostname
03-28 13:11:25.179 E/CIRISApiClient(26882): [getLlmConfig] Exception: UnknownHostException: Unable to resolve host "localhost": No address associated with hostname
03-28 13:11:25.186 W/InteractViewModel(26882): [fetchHealthData] Failed to fetch LLM config from API: Unable to resolve host "localhost": No address associated with hostname
03-28 13:11:25.204 E/CIRISApiClient(26882): [getVerifyStatus] Exception: UnknownHostException: Unable to resolve host "localhost": No address associated with hostname
03-28 13:11:27.029 E/CIRISApiClient(26882): [getMessages] Exception: UnknownHostException: Unable to resolve host "localhost": No address associated with hostname | Context: limit=50, is401=false, tokenPresent=true, tokenPreview=ciris_ad...zK88
03-28 13:11:27.034 W/InteractViewModel(26882): [fetchHistory] Non-auth error: UnknownHostException: Unable to resolve host "localhost": No address associated with hostname
03-28 13:11:27.049 E/CIRISApiClient(26882): [getAuditEntries] Exception: UnknownHostException: Unable to resolve host "localhost": No address associated with hostname
03-28 13:11:27.856 D/EnvFileUpdater(26882): Found CIRIS_HOME from env: /data/user/0/ai.ciris.mobile.debug/files/ciris
03-28 13:11:27.924 E/CIRISApiClient(26882): [getSystemStatus] Exception: UnknownHostException: Unable to resolve host "localhost": No address associated with hostname
03-28 13:11:30.082 E/CIRISApiClient(26882): [getMessages] Exception: UnknownHostException: Unable to resolve host "localhost": No address associated with hostname | Context: limit=50, is401=false, tokenPresent=true, tokenPreview=ciris_ad...zK88
03-28 13:11:30.090 W/InteractViewModel(26882): [fetchHistory] Non-auth error: UnknownHostException: Unable to resolve host "localhost": No address associated with hostname
03-28 13:11:30.111 E/CIRISApiClient(26882): [getAuditEntries] Exception: UnknownHostException: Unable to resolve host "localhost": No address associated with hostname
03-28 13:11:32.958 E/CIRISApiClient(26882): [getSystemStatus] Exception: UnknownHostException: Unable to resolve host "localhost": No address associated with hostname
03-28 13:11:33.140 E/CIRISApiClient(26882): [getMessages] Exception: UnknownHostException: Unable to resolve host "localhost": No address associated with hostname | Context: limit=50, is401=false, tokenPresent=true, tokenPreview=ciris_ad...zK88
03-28 13:11:33.146 W/InteractViewModel(26882): [fetchHistory] Non-auth error: UnknownHostException: Unable to resolve host "localhost": No address associated with hostname
03-28 13:11:33.164 E/CIRISApiClient(26882): [getAuditEntries] Exception: UnknownHostException: Unable to resolve host "localhost": No address associated with hostname
03-28 13:11:36.193 E/CIRISApiClient(26882): [getMessages] Exception: UnknownHostException: Unable to resolve host "localhost": No address associated with hostname | Context: limit=50, is401=false, tokenPresent=true, tokenPreview=ciris_ad...zK88
03-28 13:11:36.198 W/InteractViewModel(26882): [fetchHistory] Non-auth error: UnknownHostException: Unable to resolve host "localhost": No address associated with hostname
03-28 13:11:36.213 E/CIRISApiClient(26882): [getAuditEntries] Exception: UnknownHostException: Unable to resolve host "localhost": No address associated with hostname
03-28 13:11:37.861 D/EnvFileUpdater(26882): Found CIRIS_HOME from env: /data/user/0/ai.ciris.mobile.debug/files/ciris
03-28 13:11:37.990 E/CIRISApiClient(26882): [getSystemStatus] Exception: UnknownHostException: Unable to resolve host "localhost": No address associated with hostname
03-28 13:11:39.250 E/CIRISApiClient(26882): [getMessages] Exception: UnknownHostException: Unable to resolve host "localhost": No address associated with hostname | Context: limit=50, is401=false, tokenPresent=true, tokenPreview=ciris_ad...zK88
03-28 13:11:39.257 W/InteractViewModel(26882): [fetchHistory] Non-auth error: UnknownHostException: Unable to resolve host "localhost": No address associated with hostname
03-28 13:11:39.272 E/CIRISApiClient(26882): [getAuditEntries] Exception: UnknownHostException: Unable to resolve host "localhost": No address associated with hostname
03-28 13:11:42.314 E/CIRISApiClient(26882): [getMessages] Exception: UnknownHostException: Unable to resolve host "localhost": No address associated with hostname | Context: limit=50, is401=false, tokenPresent=true, tokenPreview=ciris_ad...zK88
03-28 13:11:42.319 W/InteractViewModel(26882): [fetchHistory] Non-auth error: UnknownHostException: Unable to resolve host "localhost": No address associated with hostname
03-28 13:11:42.335 E/CIRISApiClient(26882): [getAuditEntries] Exception: UnknownHostException: Unable to resolve host "localhost": No address associated with hostname
03-28 13:11:43.024 E/CIRISApiClient(26882): [getSystemStatus] Exception: UnknownHostException: Unable to resolve host "localhost": No address associated with hostname
03-28 13:11:45.369 E/CIRISApiClient(26882): [getMessages] Exception: UnknownHostException: Unable to resolve host "localhost": No address associated with hostname | Context: limit=50, is401=false, tokenPresent=true, tokenPreview=ciris_ad...zK88
03-28 13:11:45.376 W/InteractViewModel(26882): [fetchHistory] Non-auth error: UnknownHostException: Unable to resolve host "localhost": No address associated with hostname
03-28 13:11:45.393 E/CIRISApiClient(26882): [getAuditEntries] Exception: UnknownHostException: Unable to resolve host "localhost": No address associated with hostname
03-28 13:11:47.865 D/EnvFileUpdater(26882): Found CIRIS_HOME from env: /data/user/0/ai.ciris.mobile.debug/files/ciris
03-28 13:11:48.060 E/CIRISApiClient(26882): [getSystemStatus] Exception: UnknownHostException: Unable to resolve host "localhost": No address associated with hostname
03-28 13:11:48.425 E/CIRISApiClient(26882): [getMessages] Exception: UnknownHostException: Unable to resolve host "localhost": No address associated with hostname | Context: limit=50, is401=false, tokenPresent=true, tokenPreview=ciris_ad...zK88
03-28 13:11:48.431 W/InteractViewModel(26882): [fetchHistory] Non-auth error: UnknownHostException: Unable to resolve host "localhost": No address associated with hostname
03-28 13:11:48.449 E/CIRISApiClient(26882): [getAuditEntries] Exception: UnknownHostException: Unable to resolve host "localhost": No address associated with hostname
03-28 13:11:51.482 E/CIRISApiClient(26882): [getMessages] Exception: UnknownHostException: Unable to resolve host "localhost": No address associated with hostname | Context: limit=50, is401=false, tokenPresent=true, tokenPreview=ciris_ad...zK88
03-28 13:11:51.490 W/InteractViewModel(26882): [fetchHistory] Non-auth error: UnknownHostException: Unable to resolve host "localhost": No address associated with hostname
03-28 13:11:51.508 E/CIRISApiClient(26882): [getAuditEntries] Exception: UnknownHostException: Unable to resolve host "localhost": No address associated with hostname
03-28 13:11:53.093 E/CIRISApiClient(26882): [getSystemStatus] Exception: UnknownHostException: Unable to resolve host "localhost": No address associated with hostname
03-28 13:11:54.543 E/CIRISApiClient(26882): [getMessages] Exception: UnknownHostException: Unable to resolve host "localhost": No address associated with hostname | Context: limit=50, is401=false, tokenPresent=true, tokenPreview=ciris_ad...zK88
03-28 13:11:54.551 W/InteractViewModel(26882): [fetchHistory] Non-auth error: UnknownHostException: Unable to resolve host "localhost": No address associated with hostname
03-28 13:11:54.567 E/CIRISApiClient(26882): [getAuditEntries] Exception: UnknownHostException: Unable to resolve host "localhost": No address associated with hostname
03-28 13:11:55.235 E/CIRISApiClient(26882): [getLlmConfig] Exception: UnknownHostException: Unable to resolve host "localhost": No address associated with hostname
03-28 13:11:55.240 W/InteractViewModel(26882): [fetchHealthData] Failed to fetch LLM config from API: Unable to resolve host "localhost": No address associated with hostname
03-28 13:11:55.262 E/CIRISApiClient(26882): [getVerifyStatus] Exception: UnknownHostException: Unable to resolve host "localhost": No address associated with hostname
03-28 13:11:57.601 E/CIRISApiClient(26882): [getMessages] Exception: UnknownHostException: Unable to resolve host "localhost": No address associated with hostname | Context: limit=50, is401=false, tokenPresent=true, tokenPreview=ciris_ad...zK88
03-28 13:11:57.608 W/InteractViewModel(26882): [fetchHistory] Non-auth error: UnknownHostException: Unable to resolve host "localhost": No address associated with hostname
03-28 13:11:57.623 E/CIRISApiClient(26882): [getAuditEntries] Exception: UnknownHostException: Unable to resolve host "localhost": No address associated with hostname
03-28 13:11:57.867 D/EnvFileUpdater(26882): Found CIRIS_HOME from env: /data/user/0/ai.ciris.mobile.debug/files/ciris
03-28 13:11:58.125 E/CIRISApiClient(26882): [getSystemStatus] Exception: UnknownHostException: Unable to resolve host "localhost": No address associated with hostname
03-28 13:12:00.659 E/CIRISApiClient(26882): [getMessages] Exception: UnknownHostException: Unable to resolve host "localhost": No address associated with hostname | Context: limit=50, is401=false, tokenPresent=true, tokenPreview=ciris_ad...zK88
03-28 13:12:00.666 W/InteractViewModel(26882): [fetchHistory] Non-auth error: UnknownHostException: Unable to resolve host "localhost": No address associated with hostname
03-28 13:12:00.687 E/CIRISApiClient(26882): [getAuditEntries] Exception: UnknownHostException: Unable to resolve host "localhost": No address associated with hostname
03-28 13:12:03.153 E/CIRISApiClient(26882): [getSystemStatus] Exception: UnknownHostException: Unable to resolve host "localhost": No address associated with hostname
03-28 13:12:03.713 E/CIRISApiClient(26882): [getMessages] Exception: UnknownHostException: Unable to resolve host "localhost": No address associated with hostname | Context: limit=50, is401=false, tokenPresent=true, tokenPreview=ciris_ad...zK88
03-28 13:12:03.718 W/InteractViewModel(26882): [fetchHistory] Non-auth error: UnknownHostException: Unable to resolve host "localhost": No address associated with hostname
03-28 13:12:03.738 E/CIRISApiClient(26882): [getAuditEntries] Exception: UnknownHostException: Unable to resolve host "localhost": No address associated with hostname
03-28 13:12:06.762 E/CIRISApiClient(26882): [getMessages] Exception: UnknownHostException: Unable to resolve host "localhost": No address associated with hostname | Context: limit=50, is401=false, tokenPresent=true, tokenPreview=ciris_ad...zK88
03-28 13:12:06.767 W/InteractViewModel(26882): [fetchHistory] Non-auth error: UnknownHostException: Unable to resolve host "localhost": No address associated with hostname
03-28 13:12:06.779 E/CIRISApiClient(26882): [getAuditEntries] Exception: UnknownHostException: Unable to resolve host "localhost": No address associated with hostname
03-28 13:12:07.871 D/EnvFileUpdater(26882): Found CIRIS_HOME from env: /data/user/0/ai.ciris.mobile.debug/files/ciris
03-28 13:12:08.198 E/CIRISApiClient(26882): [getSystemStatus] Exception: UnknownHostException: Unable to resolve host "localhost": No address associated with hostname
03-28 13:12:08.383 E/chromium(30975): [ERROR:cc/tiles/tile_manager.cc:997] WARNING: tile memory limits exceeded, some content may not draw
03-28 13:12:08.383 E/chromium(30975): [ERROR:cc/tiles/tile_manager.cc:997] WARNING: tile memory limits exceeded, some content may not draw
03-28 13:12:08.397 E/chromium(30975): [ERROR:cc/tiles/tile_manager.cc:997] WARNING: tile memory limits exceeded, some content may not draw
03-28 13:12:08.397 E/chromium(30975): [ERROR:cc/tiles/tile_manager.cc:997] WARNING: tile memory limits exceeded, some content may not draw
03-28 13:12:09.364 E/chromium(30975): [ERROR:cc/tiles/tile_manager.cc:997] WARNING: tile memory limits exceeded, some content may not draw
03-28 13:12:09.364 E/chromium(30975): [ERROR:cc/tiles/tile_manager.cc:997] WARNING: tile memory limits exceeded, some content may not draw
03-28 13:12:09.364 E/chromium(30975): [ERROR:cc/tiles/tile_manager.cc:997] WARNING: tile memory limits exceeded, some content may not draw
03-28 13:12:09.365 E/chromium(30975): [ERROR:cc/tiles/tile_manager.cc:997] WARNING: tile memory limits exceeded, some content may not draw
03-28 13:12:09.390 E/chromium(30975): [ERROR:cc/tiles/tile_manager.cc:997] WARNING: tile memory limits exceeded, some content may not draw
03-28 13:12:09.391 E/chromium(30975): [ERROR:cc/tiles/tile_manager.cc:997] WARNING: tile memory limits exceeded, some content may not draw
03-28 13:12:09.391 E/chromium(30975): [ERROR:cc/tiles/tile_manager.cc:997] WARNING: tile memory limits exceeded, some content may not draw
03-28 13:12:09.392 E/chromium(30975): [ERROR:cc/tiles/tile_manager.cc:997] WARNING: tile memory limits exceeded, some content may not draw
03-28 13:12:09.414 E/chromium(30975): [ERROR:cc/tiles/tile_manager.cc:997] WARNING: tile memory limits exceeded, some content may not draw
03-28 13:12:09.414 E/chromium(30975): [ERROR:cc/tiles/tile_manager.cc:997] WARNING: tile memory limits exceeded, some content may not draw
03-28 13:12:09.419 E/chromium(30975): [ERROR:cc/tiles/tile_manager.cc:997] WARNING: tile memory limits exceeded, some content may not draw
03-28 13:12:09.420 E/chromium(30975): [ERROR:cc/tiles/tile_manager.cc:997] WARNING: tile memory limits exceeded, some content may not draw
03-28 13:12:09.797 E/CIRISApiClient(26882): [getMessages] Exception: UnknownHostException: Unable to resolve host "localhost": No address associated with hostname | Context: limit=50, is401=false, tokenPresent=true, tokenPreview=ciris_ad...zK88
03-28 13:12:09.800 W/InteractViewModel(26882): [fetchHistory] Non-auth error: UnknownHostException: Unable to resolve host "localhost": No address associated with hostname
03-28 13:12:09.812 E/CIRISApiClient(26882): [getAuditEntries] Exception: UnknownHostException: Unable to resolve host "localhost": No address associated with hostname
03-28 13:12:12.837 E/CIRISApiClient(26882): [getMessages] Exception: UnknownHostException: Unable to resolve host "localhost": No address associated with hostname | Context: limit=50, is401=false, tokenPresent=true, tokenPreview=ciris_ad...zK88
03-28 13:12:12.840 W/InteractViewModel(26882): [fetchHistory] Non-auth error: UnknownHostException: Unable to resolve host "localhost": No address associated with hostname
03-28 13:12:12.858 E/CIRISApiClient(26882): [getAuditEntries] Exception: UnknownHostException: Unable to resolve host "localhost": No address associated with hostname
03-28 13:12:12.902 W/chromium(28949): [WARNING:net/cert/ev_root_ca_metadata.cc:118] Not implemented
03-28 13:12:13.074 W/chromium(28949): [WARNING:net/cert/ev_root_ca_metadata.cc:118] Not implemented
03-28 13:12:13.167 W/chromium( 6723): [WARNING:content/app/android/content_main_android.cc:82] android_setCpu already initialized
03-28 13:12:13.211 E/CIRISApiClient(26882): [getSystemStatus] Exception: UnknownHostException: Unable to resolve host "localhost": No address associated with hostname
03-28 13:12:13.251 W/chromium(28949): [WARNING:chrome/browser/android/compositor/compositor_view.cc:385] Child process died (type=6) pid=6723)
03-28 13:12:13.269 W/chromium( 6739): [WARNING:content/app/android/content_main_android.cc:82] android_setCpu already initialized
03-28 13:12:13.320 W/chromium(28949): [WARNING:chrome/browser/android/compositor/compositor_view.cc:385] Child process died (type=6) pid=6739)
03-28 13:12:13.410 W/chromium(28949): [WARNING:net/cert/ev_root_ca_metadata.cc:118] Not implemented
03-28 13:12:13.489 W/chromium( 6756): [WARNING:content/app/android/content_main_android.cc:82] android_setCpu already initialized
03-28 13:12:13.624 W/chromium(28949): [WARNING:chrome/browser/android/compositor/compositor_view.cc:385] Child process died (type=6) pid=6756)
03-28 13:12:13.685 W/chromium( 6776): [WARNING:content/app/android/content_main_android.cc:82] android_setCpu already initialized
03-28 13:12:13.765 W/chromium(28949): [WARNING:chrome/browser/android/compositor/compositor_view.cc:385] Child process died (type=6) pid=6776)
03-28 13:12:14.710 W/chromium(28949): [WARNING:net/cert/ev_root_ca_metadata.cc:118] Not implemented
03-28 13:12:15.880 E/CIRISApiClient(26882): [getMessages] Exception: UnknownHostException: Unable to resolve host "localhost": No address associated with hostname | Context: limit=50, is401=false, tokenPresent=true, tokenPreview=ciris_ad...zK88
03-28 13:12:15.883 W/InteractViewModel(26882): [fetchHistory] Non-auth error: UnknownHostException: Unable to resolve host "localhost": No address associated with hostname
03-28 13:12:15.896 E/CIRISApiClient(26882): [getAuditEntries] Exception: UnknownHostException: Unable to resolve host "localhost": No address associated with hostname
03-28 13:12:17.873 D/EnvFileUpdater(26882): Found CIRIS_HOME from env: /data/user/0/ai.ciris.mobile.debug/files/ciris
03-28 13:12:18.233 E/CIRISApiClient(26882): [getSystemStatus] Exception: UnknownHostException: Unable to resolve host "localhost": No address associated with hostname
03-28 13:12:18.913 E/CIRISApiClient(26882): [getMessages] Exception: UnknownHostException: Unable to resolve host "localhost": No address associated with hostname | Context: limit=50, is401=false, tokenPresent=true, tokenPreview=ciris_ad...zK88
03-28 13:12:18.920 W/InteractViewModel(26882): [fetchHistory] Non-auth error: UnknownHostException: Unable to resolve host "localhost": No address associated with hostname
03-28 13:12:18.940 E/CIRISApiClient(26882): [getAuditEntries] Exception: UnknownHostException: Unable to resolve host "localhost": No address associated with hostname
03-28 13:12:21.960 E/CIRISApiClient(26882): [getMessages] Exception: UnknownHostException: Unable to resolve host "localhost": No address associated with hostname | Context: limit=50, is401=false, tokenPresent=true, tokenPreview=ciris_ad...zK88
