03-28 13:07:00.062 E/chromium(30975): [ERROR:cc/tiles/tile_manager.cc:997] WARNING: tile memory limits exceeded, some content may not draw
03-28 13:07:00.072 E/chromium(30975): [ERROR:cc/tiles/tile_manager.cc:997] WARNING: tile memory limits exceeded, some content may not draw
03-28 13:07:00.072 E/chromium(30975): [ERROR:cc/tiles/tile_manager.cc:997] WARNING: tile memory limits exceeded, some content may not draw
03-28 13:07:00.085 E/chromium(30975): [ERROR:cc/tiles/tile_manager.cc:997] WARNING: tile memory limits exceeded, some content may not draw
03-28 13:07:00.086 E/chromium(30975): [ERROR:cc/tiles/tile_manager.cc:997] WARNING: tile memory limits exceeded, some content may not draw
03-28 13:07:00.086 E/chromium(30975): [ERROR:cc/tiles/tile_manager.cc:997] WARNING: tile memory limits exceeded, some content may not draw
03-28 13:07:00.086 E/chromium(30975): [ERROR:cc/tiles/tile_manager.cc:997] WARNING: tile memory limits exceeded, some content may not draw
03-28 13:07:00.103 E/chromium(30975): [ERROR:cc/tiles/tile_manager.cc:997] WARNING: tile memory limits exceeded, some content may not draw
03-28 13:07:00.103 E/chromium(30975): [ERROR:cc/tiles/tile_manager.cc:997] WARNING: tile memory limits exceeded, some content may not draw
03-28 13:07:00.103 E/chromium(30975): [ERROR:cc/tiles/tile_manager.cc:997] WARNING: tile memory limits exceeded, some content may not draw
03-28 13:07:00.121 E/chromium(30975): [ERROR:cc/tiles/tile_manager.cc:997] WARNING: tile memory limits exceeded, some content may not draw
03-28 13:07:00.124 E/chromium(30975): [ERROR:cc/tiles/tile_manager.cc:997] WARNING: tile memory limits exceeded, some content may not draw
03-28 13:07:01.323 E/chromium(30975): [ERROR:cc/tiles/tile_manager.cc:997] WARNING: tile memory limits exceeded, some content may not draw
03-28 13:07:01.324 E/chromium(30975): [ERROR:cc/tiles/tile_manager.cc:997] WARNING: tile memory limits exceeded, some content may not draw
03-28 13:07:01.339 E/chromium(30975): [ERROR:cc/tiles/tile_manager.cc:997] WARNING: tile memory limits exceeded, some content may not draw
03-28 13:07:01.341 E/chromium(30975): [ERROR:cc/tiles/tile_manager.cc:997] WARNING: tile memory limits exceeded, some content may not draw
03-28 13:07:01.355 E/chromium(30975): [ERROR:cc/tiles/tile_manager.cc:997] WARNING: tile memory limits exceeded, some content may not draw
03-28 13:07:01.356 E/chromium(30975): [ERROR:cc/tiles/tile_manager.cc:997] WARNING: tile memory limits exceeded, some content may not draw
03-28 13:07:01.369 E/chromium(30975): [ERROR:cc/tiles/tile_manager.cc:997] WARNING: tile memory limits exceeded, some content may not draw
03-28 13:07:01.370 E/chromium(30975): [ERROR:cc/tiles/tile_manager.cc:997] WARNING: tile memory limits exceeded, some content may not draw
03-28 13:07:05.809 W/chromium(  604): [WARNING:net/cert/ev_root_ca_metadata.cc:118] Not implemented
03-28 13:07:05.814 W/chromium(  604): [WARNING:net/cert/ev_root_ca_metadata.cc:118] Not implemented
03-28 13:07:05.832 W/chromium( 1806): [WARNING:content/app/android/content_main_android.cc:82] android_setCpu already initialized
03-28 13:07:06.371 W/chromium(  604): [WARNING:net/cert/ev_root_ca_metadata.cc:118] Not implemented
03-28 13:07:06.390 W/chromium(  604): [WARNING:net/cert/ev_root_ca_metadata.cc:118] Not implemented
03-28 13:07:06.637 W/chromium(  604): [WARNING:net/cert/ev_root_ca_metadata.cc:118] Not implemented
03-28 13:07:06.931 W/chromium(  604): [WARNING:net/cert/ev_root_ca_metadata.cc:118] Not implemented
03-28 13:07:06.979 W/chromium(  604): [WARNING:net/cert/ev_root_ca_metadata.cc:118] Not implemented
03-28 13:07:07.061 W/chromium(  604): [WARNING:net/cert/ev_root_ca_metadata.cc:118] Not implemented
03-28 13:07:07.086 W/chromium(  604): [WARNING:net/cert/ev_root_ca_metadata.cc:118] Not implemented
03-28 13:07:07.274 W/chromium( 1904): [WARNING:content/app/android/content_main_android.cc:82] android_setCpu already initialized
03-28 13:07:07.502 W/chromium(  604): [WARNING:net/cert/ev_root_ca_metadata.cc:118] Not implemented
03-28 13:07:07.555 W/chromium(  604): [WARNING:net/cert/ev_root_ca_metadata.cc:118] Not implemented
03-28 13:07:07.628 W/chromium(  604): [WARNING:net/cert/ev_root_ca_metadata.cc:118] Not implemented
03-28 13:07:07.665 W/chromium(  604): [WARNING:net/cert/ev_root_ca_metadata.cc:118] Not implemented
03-28 13:07:07.743 W/chromium(  604): [WARNING:net/cert/ev_root_ca_metadata.cc:118] Not implemented
03-28 13:07:07.766 D/EnvFileUpdater(26882): Found CIRIS_HOME from env: /data/user/0/ai.ciris.mobile.debug/files/ciris
03-28 13:07:09.595 W/chromium(  604): [WARNING:net/cert/ev_root_ca_metadata.cc:118] Not implemented
03-28 13:07:10.617 W/chromium(  604): [WARNING:chrome/browser/media/prefs/capture_device_ranking.h:255] Can't initialize the value of media.audio_input.user_preference_ranking because media.default_audio_capture_device isn't registered or is empty
03-28 13:07:10.617 W/chromium(  604): [WARNING:chrome/browser/media/prefs/capture_device_ranking.h:255] Can't initialize the value of media.video_input.user_preference_ranking because media.default_video_capture_Device isn't registered or is empty
03-28 13:07:11.051 W/chromium(  604): [WARNING:net/cert/ev_root_ca_metadata.cc:118] Not implemented
03-28 13:07:13.783 W/chromium( 2003): [WARNING:content/app/android/content_main_android.cc:82] android_setCpu already initialized
03-28 13:07:17.019 W/chromium(  604): [WARNING:net/cert/ev_root_ca_metadata.cc:118] Not implemented
03-28 13:07:17.769 D/EnvFileUpdater(26882): Found CIRIS_HOME from env: /data/user/0/ai.ciris.mobile.debug/files/ciris
03-28 13:07:25.290 W/chromium( 2117): [WARNING:content/app/android/content_main_android.cc:82] android_setCpu already initialized
03-28 13:07:25.321 W/chromium(  604): [WARNING:net/cert/ev_root_ca_metadata.cc:118] Not implemented
03-28 13:07:25.366 W/chromium(  604): [WARNING:net/cert/ev_root_ca_metadata.cc:118] Not implemented
03-28 13:07:26.949 W/chromium(  604): [WARNING:net/cert/ev_root_ca_metadata.cc:118] Not implemented
03-28 13:07:26.961 W/chromium(  604): [WARNING:net/cert/ev_root_ca_metadata.cc:118] Not implemented
03-28 13:07:26.961 W/chromium(  604): [WARNING:net/cert/ev_root_ca_metadata.cc:118] Not implemented
03-28 13:07:26.981 W/chromium(  604): [WARNING:net/cert/ev_root_ca_metadata.cc:118] Not implemented
03-28 13:07:26.987 W/chromium(  604): [WARNING:net/cert/ev_root_ca_metadata.cc:118] Not implemented
03-28 13:07:27.224 W/chromium(  604): [WARNING:net/cert/ev_root_ca_metadata.cc:118] Not implemented
03-28 13:07:27.246 W/chromium(  604): [WARNING:net/cert/ev_root_ca_metadata.cc:118] Not implemented
03-28 13:07:27.247 W/chromium(  604): [WARNING:net/cert/ev_root_ca_metadata.cc:118] Not implemented
03-28 13:07:27.262 W/chromium(  604): [WARNING:net/cert/ev_root_ca_metadata.cc:118] Not implemented
03-28 13:07:27.263 W/chromium(  604): [WARNING:net/cert/ev_root_ca_metadata.cc:118] Not implemented
03-28 13:07:27.275 W/chromium(  604): [WARNING:net/cert/ev_root_ca_metadata.cc:118] Not implemented
03-28 13:07:27.772 D/EnvFileUpdater(26882): Found CIRIS_HOME from env: /data/user/0/ai.ciris.mobile.debug/files/ciris
03-28 13:07:28.006 W/chromium(  604): [WARNING:net/cert/ev_root_ca_metadata.cc:118] Not implemented
03-28 13:07:28.157 W/chromium(  604): [WARNING:net/cert/ev_root_ca_metadata.cc:118] Not implemented
03-28 13:07:28.286 W/chromium( 2176): [WARNING:content/app/android/content_main_android.cc:82] android_setCpu already initialized
03-28 13:07:28.354 W/chromium(  604): [WARNING:net/cert/ev_root_ca_metadata.cc:118] Not implemented
03-28 13:07:28.354 W/chromium(  604): [WARNING:net/cert/ev_root_ca_metadata.cc:118] Not implemented
03-28 13:07:28.354 W/chromium(  604): [WARNING:net/cert/ev_root_ca_metadata.cc:118] Not implemented
03-28 13:07:31.990 W/chromium(  604): [WARNING:net/cert/ev_root_ca_metadata.cc:118] Not implemented
03-28 13:07:35.345 E/CIRISApiClient(26882): [getAuditEntries] Exception: UnknownHostException: Unable to resolve host "localhost": No address associated with hostname
03-28 13:07:36.773 E/CIRISApiClient(26882): [getSystemStatus] Exception: UnknownHostException: Unable to resolve host "localhost": No address associated with hostname
03-28 13:07:36.776 E/InteractViewModel(26882): [startStatusPolling] Status poll failed: UnknownHostException: Unable to resolve host "localhost": No address associated with hostname
03-28 13:07:37.775 D/EnvFileUpdater(26882): Found CIRIS_HOME from env: /data/user/0/ai.ciris.mobile.debug/files/ciris
03-28 13:07:38.383 E/CIRISApiClient(26882): [getMessages] Exception: UnknownHostException: Unable to resolve host "localhost": No address associated with hostname | Context: limit=50, is401=false, tokenPresent=true, tokenPreview=ciris_ad...zK88
03-28 13:07:38.448 W/InteractViewModel(26882): [fetchHistory] Non-auth error: UnknownHostException: Unable to resolve host "localhost": No address associated with hostname
03-28 13:07:38.516 E/CIRISApiClient(26882): [getAuditEntries] Exception: UnknownHostException: Unable to resolve host "localhost": No address associated with hostname
03-28 13:07:39.740 E/chromium(30975): [ERROR:cc/tiles/tile_manager.cc:997] WARNING: tile memory limits exceeded, some content may not draw
03-28 13:07:39.740 E/chromium(30975): [ERROR:cc/tiles/tile_manager.cc:997] WARNING: tile memory limits exceeded, some content may not draw
03-28 13:07:39.742 E/chromium(30975): [ERROR:cc/tiles/tile_manager.cc:997] WARNING: tile memory limits exceeded, some content may not draw
03-28 13:07:39.742 E/chromium(30975): [ERROR:cc/tiles/tile_manager.cc:997] WARNING: tile memory limits exceeded, some content may not draw
03-28 13:07:40.335 E/CIRISApiClient(26882): [getVerifyStatus] Exception: UnknownHostException: Unable to resolve host "localhost": No address associated with hostname
03-28 13:07:40.339 I/InteractViewModel(26882): [fetchTrustStatus] Trust level changed: 1 -> 0
03-28 13:07:40.341 I/InteractViewModel(26882): [fetchTrustStatus] Level pending changed: true -> false
03-28 13:07:40.342 I/InteractViewModel(26882): [startTrustPendingPolling] Level pending=false (level=0/5), stopping fast poll
03-28 13:07:41.564 E/CIRISApiClient(26882): [getMessages] Exception: UnknownHostException: Unable to resolve host "localhost": No address associated with hostname | Context: limit=50, is401=false, tokenPresent=true, tokenPreview=ciris_ad...zK88
03-28 13:07:41.571 W/InteractViewModel(26882): [fetchHistory] Non-auth error: UnknownHostException: Unable to resolve host "localhost": No address associated with hostname
03-28 13:07:41.587 E/CIRISApiClient(26882): [getAuditEntries] Exception: UnknownHostException: Unable to resolve host "localhost": No address associated with hostname
03-28 13:07:41.793 E/CIRISApiClient(26882): [getSystemStatus] Exception: UnknownHostException: Unable to resolve host "localhost": No address associated with hostname
03-28 13:07:44.612 E/CIRISApiClient(26882): [getMessages] Exception: UnknownHostException: Unable to resolve host "localhost": No address associated with hostname | Context: limit=50, is401=false, tokenPresent=true, tokenPreview=ciris_ad...zK88
03-28 13:07:44.618 W/InteractViewModel(26882): [fetchHistory] Non-auth error: UnknownHostException: Unable to resolve host "localhost": No address associated with hostname
03-28 13:07:44.631 E/CIRISApiClient(26882): [getAuditEntries] Exception: UnknownHostException: Unable to resolve host "localhost": No address associated with hostname
03-28 13:07:46.425 W/chromium(28949): [WARNING:net/cert/ev_root_ca_metadata.cc:118] Not implemented
03-28 13:07:46.811 E/CIRISApiClient(26882): [getSystemStatus] Exception: UnknownHostException: Unable to resolve host "localhost": No address associated with hostname
03-28 13:07:47.652 E/CIRISApiClient(26882): [getMessages] Exception: UnknownHostException: Unable to resolve host "localhost": No address associated with hostname | Context: limit=50, is401=false, tokenPresent=true, tokenPreview=ciris_ad...zK88
03-28 13:07:47.656 W/InteractViewModel(26882): [fetchHistory] Non-auth error: UnknownHostException: Unable to resolve host "localhost": No address associated with hostname
03-28 13:07:47.670 E/CIRISApiClient(26882): [getAuditEntries] Exception: UnknownHostException: Unable to resolve host "localhost": No address associated with hostname
03-28 13:07:47.777 D/EnvFileUpdater(26882): Found CIRIS_HOME from env: /data/user/0/ai.ciris.mobile.debug/files/ciris
03-28 13:07:49.733 W/chromium(28949): [WARNING:net/cert/ev_root_ca_metadata.cc:118] Not implemented
03-28 13:07:50.310 W/chromium(28949): [WARNING:net/cert/ev_root_ca_metadata.cc:118] Not implemented
03-28 13:07:50.719 E/CIRISApiClient(26882): [getMessages] Exception: UnknownHostException: Unable to resolve host "localhost": No address associated with hostname | Context: limit=50, is401=false, tokenPresent=true, tokenPreview=ciris_ad...zK88
03-28 13:07:50.723 W/InteractViewModel(26882): [fetchHistory] Non-auth error: UnknownHostException: Unable to resolve host "localhost": No address associated with hostname
03-28 13:07:50.739 E/CIRISApiClient(26882): [getAuditEntries] Exception: UnknownHostException: Unable to resolve host "localhost": No address associated with hostname
03-28 13:07:51.834 E/CIRISApiClient(26882): [getSystemStatus] Exception: UnknownHostException: Unable to resolve host "localhost": No address associated with hostname
03-28 13:07:53.764 E/CIRISApiClient(26882): [getMessages] Exception: UnknownHostException: Unable to resolve host "localhost": No address associated with hostname | Context: limit=50, is401=false, tokenPresent=true, tokenPreview=ciris_ad...zK88
03-28 13:07:53.769 W/InteractViewModel(26882): [fetchHistory] Non-auth error: UnknownHostException: Unable to resolve host "localhost": No address associated with hostname
03-28 13:07:53.785 E/CIRISApiClient(26882): [getAuditEntries] Exception: UnknownHostException: Unable to resolve host "localhost": No address associated with hostname
03-28 13:07:54.701 I/WebViewFactory( 2665): Loading com.google.android.webview version 146.0.7680.119 (code 768011903)
03-28 13:07:54.726 E/chromium( 2665): [0328/130754.726515:ERROR:android_webview/browser/variations/variations_seed_loader.cc:39] Seed missing signature.
03-28 13:07:54.768 W/chromium( 2665): [WARNING:android_webview/browser/network_service/net_helpers.cc:137] HTTP Cache size is: 43851143
03-28 13:07:54.818 W/chromium( 2846): [WARNING:content/app/android/content_main_android.cc:82] android_setCpu already initialized
03-28 13:07:54.821 E/CIRISApiClient(26882): [getLlmConfig] Exception: UnknownHostException: Unable to resolve host "localhost": No address associated with hostname
03-28 13:07:54.824 W/InteractViewModel(26882): [fetchHealthData] Failed to fetch LLM config from API: Unable to resolve host "localhost": No address associated with hostname
03-28 13:07:54.827 W/chromium( 2846): [WARNING:content/child/runtime_features.cc:563] Fenced frames cannot be enabled in this configuration. Use --enable-features=FencedFrames instead.
03-28 13:07:54.827 W/chromium( 2846): [WARNING:content/child/runtime_features.cc:588] Topics cannot be enabled in this configuration. Use --enable-features=BrowsingTopics in addition.
03-28 13:07:54.827 W/chromium( 2846): [WARNING:content/child/runtime_features.cc:609] SharedStorage cannot be enabled in this configuration. Use --enable-features=SharedStorageAPI in addition.
03-28 13:07:54.846 E/CIRISApiClient(26882): [getVerifyStatus] Exception: UnknownHostException: Unable to resolve host "localhost": No address associated with hostname
03-28 13:07:56.804 E/CIRISApiClient(26882): [getMessages] Exception: UnknownHostException: Unable to resolve host "localhost": No address associated with hostname | Context: limit=50, is401=false, tokenPresent=true, tokenPreview=ciris_ad...zK88
03-28 13:07:56.809 W/InteractViewModel(26882): [fetchHistory] Non-auth error: UnknownHostException: Unable to resolve host "localhost": No address associated with hostname
03-28 13:07:56.824 E/CIRISApiClient(26882): [getAuditEntries] Exception: UnknownHostException: Unable to resolve host "localhost": No address associated with hostname
03-28 13:07:56.850 E/CIRISApiClient(26882): [getSystemStatus] Exception: UnknownHostException: Unable to resolve host "localhost": No address associated with hostname
03-28 13:07:57.780 D/EnvFileUpdater(26882): Found CIRIS_HOME from env: /data/user/0/ai.ciris.mobile.debug/files/ciris
03-28 13:07:59.851 E/CIRISApiClient(26882): [getMessages] Exception: UnknownHostException: Unable to resolve host "localhost": No address associated with hostname | Context: limit=50, is401=false, tokenPresent=true, tokenPreview=ciris_ad...zK88
03-28 13:07:59.856 W/InteractViewModel(26882): [fetchHistory] Non-auth error: UnknownHostException: Unable to resolve host "localhost": No address associated with hostname
03-28 13:07:59.869 E/CIRISApiClient(26882): [getAuditEntries] Exception: UnknownHostException: Unable to resolve host "localhost": No address associated with hostname
03-28 13:08:01.874 E/CIRISApiClient(26882): [getSystemStatus] Exception: UnknownHostException: Unable to resolve host "localhost": No address associated with hostname
03-28 13:08:02.889 E/CIRISApiClient(26882): [getMessages] Exception: UnknownHostException: Unable to resolve host "localhost": No address associated with hostname | Context: limit=50, is401=false, tokenPresent=true, tokenPreview=ciris_ad...zK88
03-28 13:08:02.893 W/InteractViewModel(26882): [fetchHistory] Non-auth error: UnknownHostException: Unable to resolve host "localhost": No address associated with hostname
03-28 13:08:02.908 E/CIRISApiClient(26882): [getAuditEntries] Exception: UnknownHostException: Unable to resolve host "localhost": No address associated with hostname
03-28 13:08:05.942 E/CIRISApiClient(26882): [getMessages] Exception: UnknownHostException: Unable to resolve host "localhost": No address associated with hostname | Context: limit=50, is401=false, tokenPresent=true, tokenPreview=ciris_ad...zK88
03-28 13:08:05.947 W/InteractViewModel(26882): [fetchHistory] Non-auth error: UnknownHostException: Unable to resolve host "localhost": No address associated with hostname
03-28 13:08:05.961 E/CIRISApiClient(26882): [getAuditEntries] Exception: UnknownHostException: Unable to resolve host "localhost": No address associated with hostname
03-28 13:08:06.892 E/CIRISApiClient(26882): [getSystemStatus] Exception: UnknownHostException: Unable to resolve host "localhost": No address associated with hostname
03-28 13:08:07.783 D/EnvFileUpdater(26882): Found CIRIS_HOME from env: /data/user/0/ai.ciris.mobile.debug/files/ciris
03-28 13:08:08.993 E/CIRISApiClient(26882): [getMessages] Exception: UnknownHostException: Unable to resolve host "localhost": No address associated with hostname | Context: limit=50, is401=false, tokenPresent=true, tokenPreview=ciris_ad...zK88
03-28 13:08:08.999 W/InteractViewModel(26882): [fetchHistory] Non-auth error: UnknownHostException: Unable to resolve host "localhost": No address associated with hostname
03-28 13:08:09.015 E/CIRISApiClient(26882): [getAuditEntries] Exception: UnknownHostException: Unable to resolve host "localhost": No address associated with hostname
03-28 13:08:11.923 E/CIRISApiClient(26882): [getSystemStatus] Exception: UnknownHostException: Unable to resolve host "localhost": No address associated with hostname
03-28 13:08:12.043 E/CIRISApiClient(26882): [getMessages] Exception: UnknownHostException: Unable to resolve host "localhost": No address associated with hostname | Context: limit=50, is401=false, tokenPresent=true, tokenPreview=ciris_ad...zK88
03-28 13:08:12.051 W/InteractViewModel(26882): [fetchHistory] Non-auth error: UnknownHostException: Unable to resolve host "localhost": No address associated with hostname
03-28 13:08:12.070 E/CIRISApiClient(26882): [getAuditEntries] Exception: UnknownHostException: Unable to resolve host "localhost": No address associated with hostname
03-28 13:08:15.091 E/CIRISApiClient(26882): [getMessages] Exception: UnknownHostException: Unable to resolve host "localhost": No address associated with hostname | Context: limit=50, is401=false, tokenPresent=true, tokenPreview=ciris_ad...zK88
03-28 13:08:15.095 W/InteractViewModel(26882): [fetchHistory] Non-auth error: UnknownHostException: Unable to resolve host "localhost": No address associated with hostname
03-28 13:08:15.108 E/CIRISApiClient(26882): [getAuditEntries] Exception: UnknownHostException: Unable to resolve host "localhost": No address associated with hostname
03-28 13:08:16.955 E/CIRISApiClient(26882): [getSystemStatus] Exception: UnknownHostException: Unable to resolve host "localhost": No address associated with hostname
03-28 13:08:17.786 D/EnvFileUpdater(26882): Found CIRIS_HOME from env: /data/user/0/ai.ciris.mobile.debug/files/ciris
03-28 13:08:18.129 E/CIRISApiClient(26882): [getMessages] Exception: UnknownHostException: Unable to resolve host "localhost": No address associated with hostname | Context: limit=50, is401=false, tokenPresent=true, tokenPreview=ciris_ad...zK88
03-28 13:08:18.133 W/InteractViewModel(26882): [fetchHistory] Non-auth error: UnknownHostException: Unable to resolve host "localhost": No address associated with hostname
03-28 13:08:18.146 E/CIRISApiClient(26882): [getAuditEntries] Exception: UnknownHostException: Unable to resolve host "localhost": No address associated with hostname
03-28 13:08:21.176 E/CIRISApiClient(26882): [getMessages] Exception: UnknownHostException: Unable to resolve host "localhost": No address associated with hostname | Context: limit=50, is401=false, tokenPresent=true, tokenPreview=ciris_ad...zK88
03-28 13:08:21.181 W/InteractViewModel(26882): [fetchHistory] Non-auth error: UnknownHostException: Unable to resolve host "localhost": No address associated with hostname
03-28 13:08:21.196 E/CIRISApiClient(26882): [getAuditEntries] Exception: UnknownHostException: Unable to resolve host "localhost": No address associated with hostname
03-28 13:08:21.977 E/CIRISApiClient(26882): [getSystemStatus] Exception: UnknownHostException: Unable to resolve host "localhost": No address associated with hostname
03-28 13:08:24.212 E/CIRISApiClient(26882): [getMessages] Exception: UnknownHostException: Unable to resolve host "localhost": No address associated with hostname | Context: limit=50, is401=false, tokenPresent=true, tokenPreview=ciris_ad...zK88
03-28 13:08:24.220 W/InteractViewModel(26882): [fetchHistory] Non-auth error: UnknownHostException: Unable to resolve host "localhost": No address associated with hostname
03-28 13:08:24.234 E/CIRISApiClient(26882): [getAuditEntries] Exception: UnknownHostException: Unable to resolve host "localhost": No address associated with hostname
03-28 13:08:24.870 E/CIRISApiClient(26882): [getLlmConfig] Exception: UnknownHostException: Unable to resolve host "localhost": No address associated with hostname
03-28 13:08:24.875 W/InteractViewModel(26882): [fetchHealthData] Failed to fetch LLM config from API: Unable to resolve host "localhost": No address associated with hostname
03-28 13:08:24.893 E/CIRISApiClient(26882): [getVerifyStatus] Exception: UnknownHostException: Unable to resolve host "localhost": No address associated with hostname
03-28 13:08:26.999 E/CIRISApiClient(26882): [getSystemStatus] Exception: UnknownHostException: Unable to resolve host "localhost": No address associated with hostname
03-28 13:08:27.254 E/CIRISApiClient(26882): [getMessages] Exception: UnknownHostException: Unable to resolve host "localhost": No address associated with hostname | Context: limit=50, is401=false, tokenPresent=true, tokenPreview=ciris_ad...zK88
03-28 13:08:27.258 W/InteractViewModel(26882): [fetchHistory] Non-auth error: UnknownHostException: Unable to resolve host "localhost": No address associated with hostname
03-28 13:08:27.273 E/CIRISApiClient(26882): [getAuditEntries] Exception: UnknownHostException: Unable to resolve host "localhost": No address associated with hostname
03-28 13:08:27.788 D/EnvFileUpdater(26882): Found CIRIS_HOME from env: /data/user/0/ai.ciris.mobile.debug/files/ciris
03-28 13:08:30.298 E/CIRISApiClient(26882): [getMessages] Exception: UnknownHostException: Unable to resolve host "localhost": No address associated with hostname | Context: limit=50, is401=false, tokenPresent=true, tokenPreview=ciris_ad...zK88
03-28 13:08:30.303 W/InteractViewModel(26882): [fetchHistory] Non-auth error: UnknownHostException: Unable to resolve host "localhost": No address associated with hostname
03-28 13:08:30.317 E/CIRISApiClient(26882): [getAuditEntries] Exception: UnknownHostException: Unable to resolve host "localhost": No address associated with hostname
03-28 13:08:32.019 E/CIRISApiClient(26882): [getSystemStatus] Exception: UnknownHostException: Unable to resolve host "localhost": No address associated with hostname
03-28 13:08:33.342 E/CIRISApiClient(26882): [getMessages] Exception: UnknownHostException: Unable to resolve host "localhost": No address associated with hostname | Context: limit=50, is401=false, tokenPresent=true, tokenPreview=ciris_ad...zK88
03-28 13:08:33.346 W/InteractViewModel(26882): [fetchHistory] Non-auth error: UnknownHostException: Unable to resolve host "localhost": No address associated with hostname
03-28 13:08:33.360 E/CIRISApiClient(26882): [getAuditEntries] Exception: UnknownHostException: Unable to resolve host "localhost": No address associated with hostname
03-28 13:08:36.383 E/CIRISApiClient(26882): [getMessages] Exception: UnknownHostException: Unable to resolve host "localhost": No address associated with hostname | Context: limit=50, is401=false, tokenPresent=true, tokenPreview=ciris_ad...zK88
03-28 13:08:36.389 W/InteractViewModel(26882): [fetchHistory] Non-auth error: UnknownHostException: Unable to resolve host "localhost": No address associated with hostname
03-28 13:08:36.404 E/CIRISApiClient(26882): [getAuditEntries] Exception: UnknownHostException: Unable to resolve host "localhost": No address associated with hostname
03-28 13:08:37.039 E/CIRISApiClient(26882): [getSystemStatus] Exception: UnknownHostException: Unable to resolve host "localhost": No address associated with hostname
03-28 13:08:37.790 D/EnvFileUpdater(26882): Found CIRIS_HOME from env: /data/user/0/ai.ciris.mobile.debug/files/ciris
03-28 13:08:39.427 E/CIRISApiClient(26882): [getMessages] Exception: UnknownHostException: Unable to resolve host "localhost": No address associated with hostname | Context: limit=50, is401=false, tokenPresent=true, tokenPreview=ciris_ad...zK88
03-28 13:08:39.431 W/InteractViewModel(26882): [fetchHistory] Non-auth error: UnknownHostException: Unable to resolve host "localhost": No address associated with hostname
03-28 13:08:39.442 E/CIRISApiClient(26882): [getAuditEntries] Exception: UnknownHostException: Unable to resolve host "localhost": No address associated with hostname
03-28 13:08:42.071 E/CIRISApiClient(26882): [getSystemStatus] Exception: UnknownHostException: Unable to resolve host "localhost": No address associated with hostname
03-28 13:08:42.462 E/CIRISApiClient(26882): [getMessages] Exception: UnknownHostException: Unable to resolve host "localhost": No address associated with hostname | Context: limit=50, is401=false, tokenPresent=true, tokenPreview=ciris_ad...zK88
03-28 13:08:42.467 W/InteractViewModel(26882): [fetchHistory] Non-auth error: UnknownHostException: Unable to resolve host "localhost": No address associated with hostname
03-28 13:08:42.481 E/CIRISApiClient(26882): [getAuditEntries] Exception: UnknownHostException: Unable to resolve host "localhost": No address associated with hostname
03-28 13:08:45.519 E/CIRISApiClient(26882): [getMessages] Exception: UnknownHostException: Unable to resolve host "localhost": No address associated with hostname | Context: limit=50, is401=false, tokenPresent=true, tokenPreview=ciris_ad...zK88
03-28 13:08:45.529 W/InteractViewModel(26882): [fetchHistory] Non-auth error: UnknownHostException: Unable to resolve host "localhost": No address associated with hostname
03-28 13:08:45.547 E/CIRISApiClient(26882): [getAuditEntries] Exception: UnknownHostException: Unable to resolve host "localhost": No address associated with hostname
03-28 13:08:47.098 E/CIRISApiClient(26882): [getSystemStatus] Exception: UnknownHostException: Unable to resolve host "localhost": No address associated with hostname
03-28 13:08:47.799 D/EnvFileUpdater(26882): Found CIRIS_HOME from env: /data/user/0/ai.ciris.mobile.debug/files/ciris
03-28 13:08:48.572 E/CIRISApiClient(26882): [getMessages] Exception: UnknownHostException: Unable to resolve host "localhost": No address associated with hostname | Context: limit=50, is401=false, tokenPresent=true, tokenPreview=ciris_ad...zK88
03-28 13:08:48.576 W/InteractViewModel(26882): [fetchHistory] Non-auth error: UnknownHostException: Unable to resolve host "localhost": No address associated with hostname
03-28 13:08:48.592 E/CIRISApiClient(26882): [getAuditEntries] Exception: UnknownHostException: Unable to resolve host "localhost": No address associated with hostname
03-28 13:08:51.617 E/CIRISApiClient(26882): [getMessages] Exception: UnknownHostException: Unable to resolve host "localhost": No address associated with hostname | Context: limit=50, is401=false, tokenPresent=true, tokenPreview=ciris_ad...zK88
03-28 13:08:51.622 W/InteractViewModel(26882): [fetchHistory] Non-auth error: UnknownHostException: Unable to resolve host "localhost": No address associated with hostname
03-28 13:08:51.636 E/CIRISApiClient(26882): [getAuditEntries] Exception: UnknownHostException: Unable to resolve host "localhost": No address associated with hostname
03-28 13:08:52.117 E/CIRISApiClient(26882): [getSystemStatus] Exception: UnknownHostException: Unable to resolve host "localhost": No address associated with hostname
03-28 13:08:54.659 E/CIRISApiClient(26882): [getMessages] Exception: UnknownHostException: Unable to resolve host "localhost": No address associated with hostname | Context: limit=50, is401=false, tokenPresent=true, tokenPreview=ciris_ad...zK88
03-28 13:08:54.664 W/InteractViewModel(26882): [fetchHistory] Non-auth error: UnknownHostException: Unable to resolve host "localhost": No address associated with hostname
03-28 13:08:54.680 E/CIRISApiClient(26882): [getAuditEntries] Exception: UnknownHostException: Unable to resolve host "localhost": No address associated with hostname
03-28 13:08:54.910 E/CIRISApiClient(26882): [getLlmConfig] Exception: UnknownHostException: Unable to resolve host "localhost": No address associated with hostname
03-28 13:08:54.913 W/InteractViewModel(26882): [fetchHealthData] Failed to fetch LLM config from API: Unable to resolve host "localhost": No address associated with hostname
03-28 13:08:54.926 E/CIRISApiClient(26882): [getVerifyStatus] Exception: UnknownHostException: Unable to resolve host "localhost": No address associated with hostname
03-28 13:08:57.142 E/CIRISApiClient(26882): [getSystemStatus] Exception: UnknownHostException: Unable to resolve host "localhost": No address associated with hostname
03-28 13:08:57.710 E/CIRISApiClient(26882): [getMessages] Exception: UnknownHostException: Unable to resolve host "localhost": No address associated with hostname | Context: limit=50, is401=false, tokenPresent=true, tokenPreview=ciris_ad...zK88
03-28 13:08:57.714 W/InteractViewModel(26882): [fetchHistory] Non-auth error: UnknownHostException: Unable to resolve host "localhost": No address associated with hostname
03-28 13:08:57.735 E/CIRISApiClient(26882): [getAuditEntries] Exception: UnknownHostException: Unable to resolve host "localhost": No address associated with hostname
03-28 13:08:57.802 D/EnvFileUpdater(26882): Found CIRIS_HOME from env: /data/user/0/ai.ciris.mobile.debug/files/ciris
03-28 13:09:00.754 E/CIRISApiClient(26882): [getMessages] Exception: UnknownHostException: Unable to resolve host "localhost": No address associated with hostname | Context: limit=50, is401=false, tokenPresent=true, tokenPreview=ciris_ad...zK88
03-28 13:09:00.761 W/InteractViewModel(26882): [fetchHistory] Non-auth error: UnknownHostException: Unable to resolve host "localhost": No address associated with hostname
03-28 13:09:00.775 E/CIRISApiClient(26882): [getAuditEntries] Exception: UnknownHostException: Unable to resolve host "localhost": No address associated with hostname
03-28 13:09:02.168 E/CIRISApiClient(26882): [getSystemStatus] Exception: UnknownHostException: Unable to resolve host "localhost": No address associated with hostname
03-28 13:09:03.803 E/CIRISApiClient(26882): [getMessages] Exception: UnknownHostException: Unable to resolve host "localhost": No address associated with hostname | Context: limit=50, is401=false, tokenPresent=true, tokenPreview=ciris_ad...zK88
03-28 13:09:03.808 W/InteractViewModel(26882): [fetchHistory] Non-auth error: UnknownHostException: Unable to resolve host "localhost": No address associated with hostname
03-28 13:09:03.824 E/CIRISApiClient(26882): [getAuditEntries] Exception: UnknownHostException: Unable to resolve host "localhost": No address associated with hostname
03-28 13:09:06.851 E/CIRISApiClient(26882): [getMessages] Exception: UnknownHostException: Unable to resolve host "localhost": No address associated with hostname | Context: limit=50, is401=false, tokenPresent=true, tokenPreview=ciris_ad...zK88
03-28 13:09:06.857 W/InteractViewModel(26882): [fetchHistory] Non-auth error: UnknownHostException: Unable to resolve host "localhost": No address associated with hostname
03-28 13:09:06.876 E/CIRISApiClient(26882): [getAuditEntries] Exception: UnknownHostException: Unable to resolve host "localhost": No address associated with hostname
03-28 13:09:07.188 E/CIRISApiClient(26882): [getSystemStatus] Exception: UnknownHostException: Unable to resolve host "localhost": No address associated with hostname
03-28 13:09:07.804 D/EnvFileUpdater(26882): Found CIRIS_HOME from env: /data/user/0/ai.ciris.mobile.debug/files/ciris
03-28 13:09:09.911 E/CIRISApiClient(26882): [getMessages] Exception: UnknownHostException: Unable to resolve host "localhost": No address associated with hostname | Context: limit=50, is401=false, tokenPresent=true, tokenPreview=ciris_ad...zK88
03-28 13:09:09.918 W/InteractViewModel(26882): [fetchHistory] Non-auth error: UnknownHostException: Unable to resolve host "localhost": No address associated with hostname
03-28 13:09:09.935 E/CIRISApiClient(26882): [getAuditEntries] Exception: UnknownHostException: Unable to resolve host "localhost": No address associated with hostname
03-28 13:09:12.222 E/CIRISApiClient(26882): [getSystemStatus] Exception: UnknownHostException: Unable to resolve host "localhost": No address associated with hostname
03-28 13:09:12.966 E/CIRISApiClient(26882): [getMessages] Exception: UnknownHostException: Unable to resolve host "localhost": No address associated with hostname | Context: limit=50, is401=false, tokenPresent=true, tokenPreview=ciris_ad...zK88
03-28 13:09:12.974 W/InteractViewModel(26882): [fetchHistory] Non-auth error: UnknownHostException: Unable to resolve host "localhost": No address associated with hostname
03-28 13:09:12.994 E/CIRISApiClient(26882): [getAuditEntries] Exception: UnknownHostException: Unable to resolve host "localhost": No address associated with hostname
03-28 13:09:16.021 E/CIRISApiClient(26882): [getMessages] Exception: UnknownHostException: Unable to resolve host "localhost": No address associated with hostname | Context: limit=50, is401=false, tokenPresent=true, tokenPreview=ciris_ad...zK88
03-28 13:09:16.026 W/InteractViewModel(26882): [fetchHistory] Non-auth error: UnknownHostException: Unable to resolve host "localhost": No address associated with hostname
03-28 13:09:16.040 E/CIRISApiClient(26882): [getAuditEntries] Exception: UnknownHostException: Unable to resolve host "localhost": No address associated with hostname
03-28 13:09:17.241 E/CIRISApiClient(26882): [getSystemStatus] Exception: UnknownHostException: Unable to resolve host "localhost": No address associated with hostname
03-28 13:09:17.589 E/chromium(30975): [ERROR:cc/tiles/tile_manager.cc:997] WARNING: tile memory limits exceeded, some content may not draw
03-28 13:09:17.589 E/chromium(30975): [ERROR:cc/tiles/tile_manager.cc:997] WARNING: tile memory limits exceeded, some content may not draw
03-28 13:09:17.665 E/chromium(30975): [ERROR:cc/tiles/tile_manager.cc:997] WARNING: tile memory limits exceeded, some content may not draw
03-28 13:09:17.667 E/chromium(30975): [ERROR:cc/tiles/tile_manager.cc:997] WARNING: tile memory limits exceeded, some content may not draw
03-28 13:09:17.711 E/chromium(30975): [ERROR:cc/tiles/tile_manager.cc:997] WARNING: tile memory limits exceeded, some content may not draw
03-28 13:09:17.712 E/chromium(30975): [ERROR:cc/tiles/tile_manager.cc:997] WARNING: tile memory limits exceeded, some content may not draw
03-28 13:09:17.737 E/chromium(30975): [ERROR:cc/tiles/tile_manager.cc:997] WARNING: tile memory limits exceeded, some content may not draw
03-28 13:09:17.737 E/chromium(30975): [ERROR:cc/tiles/tile_manager.cc:997] WARNING: tile memory limits exceeded, some content may not draw
03-28 13:09:17.806 D/EnvFileUpdater(26882): Found CIRIS_HOME from env: /data/user/0/ai.ciris.mobile.debug/files/ciris
03-28 13:09:18.266 E/chromium(30975): [ERROR:cc/tiles/tile_manager.cc:997] WARNING: tile memory limits exceeded, some content may not draw
03-28 13:09:18.266 E/chromium(30975): [ERROR:cc/tiles/tile_manager.cc:997] WARNING: tile memory limits exceeded, some content may not draw
03-28 13:09:18.279 E/chromium(30975): [ERROR:cc/tiles/tile_manager.cc:997] WARNING: tile memory limits exceeded, some content may not draw
03-28 13:09:18.280 E/chromium(30975): [ERROR:cc/tiles/tile_manager.cc:997] WARNING: tile memory limits exceeded, some content may not draw
03-28 13:09:18.294 E/chromium(30975): [ERROR:cc/tiles/tile_manager.cc:997] WARNING: tile memory limits exceeded, some content may not draw
03-28 13:09:18.294 E/chromium(30975): [ERROR:cc/tiles/tile_manager.cc:997] WARNING: tile memory limits exceeded, some content may not draw
03-28 13:09:18.294 E/chromium(30975): [ERROR:cc/tiles/tile_manager.cc:997] WARNING: tile memory limits exceeded, some content may not draw
03-28 13:09:18.311 E/chromium(30975): [ERROR:cc/tiles/tile_manager.cc:997] WARNING: tile memory limits exceeded, some content may not draw
03-28 13:09:18.311 E/chromium(30975): [ERROR:cc/tiles/tile_manager.cc:997] WARNING: tile memory limits exceeded, some content may not draw
03-28 13:09:18.317 E/chromium(30975): [ERROR:cc/tiles/tile_manager.cc:997] WARNING: tile memory limits exceeded, some content may not draw
03-28 13:09:18.318 E/chromium(30975): [ERROR:cc/tiles/tile_manager.cc:997] WARNING: tile memory limits exceeded, some content may not draw
03-28 13:09:18.319 E/chromium(30975): [ERROR:cc/tiles/tile_manager.cc:997] WARNING: tile memory limits exceeded, some content may not draw
03-28 13:09:18.328 E/chromium(30975): [ERROR:cc/tiles/tile_manager.cc:997] WARNING: tile memory limits exceeded, some content may not draw
03-28 13:09:18.328 E/chromium(30975): [ERROR:cc/tiles/tile_manager.cc:997] WARNING: tile memory limits exceeded, some content may not draw
03-28 13:09:18.344 E/chromium(30975): [ERROR:cc/tiles/tile_manager.cc:997] WARNING: tile memory limits exceeded, some content may not draw
03-28 13:09:18.344 E/chromium(30975): [ERROR:cc/tiles/tile_manager.cc:997] WARNING: tile memory limits exceeded, some content may not draw
03-28 13:09:18.360 E/chromium(30975): [ERROR:cc/tiles/tile_manager.cc:997] WARNING: tile memory limits exceeded, some content may not draw
03-28 13:09:18.361 E/chromium(30975): [ERROR:cc/tiles/tile_manager.cc:997] WARNING: tile memory limits exceeded, some content may not draw
03-28 13:09:18.379 E/chromium(30975): [ERROR:cc/tiles/tile_manager.cc:997] WARNING: tile memory limits exceeded, some content may not draw
03-28 13:09:18.379 E/chromium(30975): [ERROR:cc/tiles/tile_manager.cc:997] WARNING: tile memory limits exceeded, some content may not draw
03-28 13:09:19.068 E/CIRISApiClient(26882): [getMessages] Exception: UnknownHostException: Unable to resolve host "localhost": No address associated with hostname | Context: limit=50, is401=false, tokenPresent=true, tokenPreview=ciris_ad...zK88
03-28 13:09:19.074 W/InteractViewModel(26882): [fetchHistory] Non-auth error: UnknownHostException: Unable to resolve host "localhost": No address associated with hostname
03-28 13:09:19.087 E/CIRISApiClient(26882): [getAuditEntries] Exception: UnknownHostException: Unable to resolve host "localhost": No address associated with hostname
03-28 13:09:19.529 E/chromium(30975): [ERROR:cc/tiles/tile_manager.cc:997] WARNING: tile memory limits exceeded, some content may not draw
03-28 13:09:19.530 E/chromium(30975): [ERROR:cc/tiles/tile_manager.cc:997] WARNING: tile memory limits exceeded, some content may not draw
03-28 13:09:19.543 E/chromium(30975): [ERROR:cc/tiles/tile_manager.cc:997] WARNING: tile memory limits exceeded, some content may not draw
03-28 13:09:19.544 E/chromium(30975): [ERROR:cc/tiles/tile_manager.cc:997] WARNING: tile memory limits exceeded, some content may not draw
03-28 13:09:19.557 E/chromium(30975): [ERROR:cc/tiles/tile_manager.cc:997] WARNING: tile memory limits exceeded, some content may not draw
03-28 13:09:19.558 E/chromium(30975): [ERROR:cc/tiles/tile_manager.cc:997] WARNING: tile memory limits exceeded, some content may not draw
03-28 13:09:19.562 E/chromium(30975): [ERROR:cc/tiles/tile_manager.cc:997] WARNING: tile memory limits exceeded, some content may not draw
03-28 13:09:19.564 E/chromium(30975): [ERROR:cc/tiles/tile_manager.cc:997] WARNING: tile memory limits exceeded, some content may not draw
03-28 13:09:19.577 E/chromium(30975): [ERROR:cc/tiles/tile_manager.cc:997] WARNING: tile memory limits exceeded, some content may not draw
03-28 13:09:19.577 E/chromium(30975): [ERROR:cc/tiles/tile_manager.cc:997] WARNING: tile memory limits exceeded, some content may not draw
03-28 13:09:19.578 E/chromium(30975): [ERROR:cc/tiles/tile_manager.cc:997] WARNING: tile memory limits exceeded, some content may not draw
03-28 13:09:19.594 E/chromium(30975): [ERROR:cc/tiles/tile_manager.cc:997] WARNING: tile memory limits exceeded, some content may not draw
03-28 13:09:19.595 E/chromium(30975): [ERROR:cc/tiles/tile_manager.cc:997] WARNING: tile memory limits exceeded, some content may not draw
03-28 13:09:19.600 E/chromium(30975): [ERROR:cc/tiles/tile_manager.cc:997] WARNING: tile memory limits exceeded, some content may not draw
03-28 13:09:19.610 E/chromium(30975): [ERROR:cc/tiles/tile_manager.cc:997] WARNING: tile memory limits exceeded, some content may not draw
03-28 13:09:19.611 E/chromium(30975): [ERROR:cc/tiles/tile_manager.cc:997] WARNING: tile memory limits exceeded, some content may not draw
03-28 13:09:19.629 E/chromium(30975): [ERROR:cc/tiles/tile_manager.cc:997] WARNING: tile memory limits exceeded, some content may not draw
03-28 13:09:19.630 E/chromium(30975): [ERROR:cc/tiles/tile_manager.cc:997] WARNING: tile memory limits exceeded, some content may not draw
03-28 13:09:19.691 E/chromium(30975): [ERROR:cc/tiles/tile_manager.cc:997] WARNING: tile memory limits exceeded, some content may not draw
03-28 13:09:19.691 E/chromium(30975): [ERROR:cc/tiles/tile_manager.cc:997] WARNING: tile memory limits exceeded, some content may not draw
03-28 13:09:19.698 E/chromium(30975): [ERROR:cc/tiles/tile_manager.cc:997] WARNING: tile memory limits exceeded, some content may not draw
03-28 13:09:19.698 E/chromium(30975): [ERROR:cc/tiles/tile_manager.cc:997] WARNING: tile memory limits exceeded, some content may not draw
03-28 13:09:19.714 E/chromium(30975): [ERROR:cc/tiles/tile_manager.cc:997] WARNING: tile memory limits exceeded, some content may not draw
03-28 13:09:19.714 E/chromium(30975): [ERROR:cc/tiles/tile_manager.cc:997] WARNING: tile memory limits exceeded, some content may not draw
03-28 13:09:19.737 E/chromium(30975): [ERROR:cc/tiles/tile_manager.cc:997] WARNING: tile memory limits exceeded, some content may not draw
03-28 13:09:19.737 E/chromium(30975): [ERROR:cc/tiles/tile_manager.cc:997] WARNING: tile memory limits exceeded, some content may not draw
03-28 13:09:19.744 E/chromium(30975): [ERROR:cc/tiles/tile_manager.cc:997] WARNING: tile memory limits exceeded, some content may not draw
03-28 13:09:19.744 E/chromium(30975): [ERROR:cc/tiles/tile_manager.cc:997] WARNING: tile memory limits exceeded, some content may not draw
03-28 13:09:19.759 E/chromium(30975): [ERROR:cc/tiles/tile_manager.cc:997] WARNING: tile memory limits exceeded, some content may not draw
03-28 13:09:19.760 E/chromium(30975): [ERROR:cc/tiles/tile_manager.cc:997] WARNING: tile memory limits exceeded, some content may not draw
03-28 13:09:19.760 E/chromium(30975): [ERROR:cc/tiles/tile_manager.cc:997] WARNING: tile memory limits exceeded, some content may not draw
03-28 13:09:19.776 E/chromium(30975): [ERROR:cc/tiles/tile_manager.cc:997] WARNING: tile memory limits exceeded, some content may not draw
03-28 13:09:19.776 E/chromium(30975): [ERROR:cc/tiles/tile_manager.cc:997] WARNING: tile memory limits exceeded, some content may not draw
03-28 13:09:19.784 E/chromium(30975): [ERROR:cc/tiles/tile_manager.cc:997] WARNING: tile memory limits exceeded, some content may not draw
03-28 13:09:19.784 E/chromium(30975): [ERROR:cc/tiles/tile_manager.cc:997] WARNING: tile memory limits exceeded, some content may not draw
03-28 13:09:19.793 E/chromium(30975): [ERROR:cc/tiles/tile_manager.cc:997] WARNING: tile memory limits exceeded, some content may not draw
03-28 13:09:19.793 E/chromium(30975): [ERROR:cc/tiles/tile_manager.cc:997] WARNING: tile memory limits exceeded, some content may not draw
03-28 13:09:19.809 E/chromium(30975): [ERROR:cc/tiles/tile_manager.cc:997] WARNING: tile memory limits exceeded, some content may not draw
03-28 13:09:19.810 E/chromium(30975): [ERROR:cc/tiles/tile_manager.cc:997] WARNING: tile memory limits exceeded, some content may not draw
03-28 13:09:19.810 E/chromium(30975): [ERROR:cc/tiles/tile_manager.cc:997] WARNING: tile memory limits exceeded, some content may not draw
03-28 13:09:19.826 E/chromium(30975): [ERROR:cc/tiles/tile_manager.cc:997] WARNING: tile memory limits exceeded, some content may not draw
03-28 13:09:19.827 E/chromium(30975): [ERROR:cc/tiles/tile_manager.cc:997] WARNING: tile memory limits exceeded, some content may not draw
03-28 13:09:19.844 E/chromium(30975): [ERROR:cc/tiles/tile_manager.cc:997] WARNING: tile memory limits exceeded, some content may not draw
03-28 13:09:19.844 E/chromium(30975): [ERROR:cc/tiles/tile_manager.cc:997] WARNING: tile memory limits exceeded, some content may not draw
03-28 13:09:22.109 E/CIRISApiClient(26882): [getMessages] Exception: UnknownHostException: Unable to resolve host "localhost": No address associated with hostname | Context: limit=50, is401=false, tokenPresent=true, tokenPreview=ciris_ad...zK88
03-28 13:09:22.113 W/InteractViewModel(26882): [fetchHistory] Non-auth error: UnknownHostException: Unable to resolve host "localhost": No address associated with hostname
03-28 13:09:22.126 E/CIRISApiClient(26882): [getAuditEntries] Exception: UnknownHostException: Unable to resolve host "localhost": No address associated with hostname
03-28 13:09:22.259 E/CIRISApiClient(26882): [getSystemStatus] Exception: UnknownHostException: Unable to resolve host "localhost": No address associated with hostname
03-28 13:09:24.962 E/CIRISApiClient(26882): [getLlmConfig] Exception: UnknownHostException: Unable to resolve host "localhost": No address associated with hostname
03-28 13:09:24.969 W/InteractViewModel(26882): [fetchHealthData] Failed to fetch LLM config from API: Unable to resolve host "localhost": No address associated with hostname
03-28 13:09:24.989 E/CIRISApiClient(26882): [getVerifyStatus] Exception: UnknownHostException: Unable to resolve host "localhost": No address associated with hostname
03-28 13:09:25.147 E/CIRISApiClient(26882): [getMessages] Exception: UnknownHostException: Unable to resolve host "localhost": No address associated with hostname | Context: limit=50, is401=false, tokenPresent=true, tokenPreview=ciris_ad...zK88
03-28 13:09:25.152 W/InteractViewModel(26882): [fetchHistory] Non-auth error: UnknownHostException: Unable to resolve host "localhost": No address associated with hostname
03-28 13:09:25.168 E/CIRISApiClient(26882): [getAuditEntries] Exception: UnknownHostException: Unable to resolve host "localhost": No address associated with hostname
03-28 13:09:27.294 E/CIRISApiClient(26882): [getSystemStatus] Exception: UnknownHostException: Unable to resolve host "localhost": No address associated with hostname
03-28 13:09:27.808 D/EnvFileUpdater(26882): Found CIRIS_HOME from env: /data/user/0/ai.ciris.mobile.debug/files/ciris
03-28 13:09:28.201 E/CIRISApiClient(26882): [getMessages] Exception: UnknownHostException: Unable to resolve host "localhost": No address associated with hostname | Context: limit=50, is401=false, tokenPresent=true, tokenPreview=ciris_ad...zK88
03-28 13:09:28.209 W/InteractViewModel(26882): [fetchHistory] Non-auth error: UnknownHostException: Unable to resolve host "localhost": No address associated with hostname
03-28 13:09:28.228 E/CIRISApiClient(26882): [getAuditEntries] Exception: UnknownHostException: Unable to resolve host "localhost": No address associated with hostname
03-28 13:09:31.264 E/CIRISApiClient(26882): [getMessages] Exception: UnknownHostException: Unable to resolve host "localhost": No address associated with hostname | Context: limit=50, is401=false, tokenPresent=true, tokenPreview=ciris_ad...zK88
03-28 13:09:31.272 W/InteractViewModel(26882): [fetchHistory] Non-auth error: UnknownHostException: Unable to resolve host "localhost": No address associated with hostname
