04-06 18:07:44.842 I/chromium(31351): [INFO:layer_tree_host_impl.cc(4001)] SBRTOUCHLOG SetDeferCommitFlagForDebug = 1
04-06 18:07:44.867 I/chromium(31351): [INFO:render_frame_impl.cc(3805)] LoaderLog didCommitProvisionalLoad
04-06 18:07:44.870 W/chromium(30649): [WARNING:window_android.cc(123)] TAB-STATUS observer removed
04-06 18:07:44.872 I/chromium(31264): [INFO:layer_tree_host_impl.cc(198)] SBRTOUCHLOG DidVisibilityChange = 0
04-06 18:07:44.872 I/chromium(30649): [INFO:render_widget_host_impl.cc(843)] SBRTOUCHLOG  RenderWidgetHostImpl::WasShown
04-06 18:07:44.872 W/chromium(30649): [WARNING:window_android.cc(109)] TAB-STATUS observer added
04-06 18:07:44.897 I/chromium(31351): [INFO:layer_tree_host_impl.cc(198)] SBRTOUCHLOG DidVisibilityChange = 1
04-06 18:07:44.910 I/chromium(31264): [INFO:frame_loader.cc(274)] LoaderLog  SetDefersLoading  DeferType = 1
04-06 18:07:44.932 I/chromium(31351): [INFO:memory_cache.cc(126)] MemoryCache MemberMemoryCache is disabled
04-06 18:07:44.966 I/chromium(31351): [INFO:layer_tree_host_impl.cc(4001)] SBRTOUCHLOG SetDeferCommitFlagForDebug = 0
04-06 18:07:44.979 I/chromium(31351): [INFO:layer_tree_impl.cc(1205)] DidUpdatePageScale IsActiveTree: 0 ScaleFactor: 1
04-06 18:07:44.979 I/chromium(31351): [INFO:layer_tree_impl.cc(1205)] DidUpdatePageScale IsActiveTree: 1 ScaleFactor: 1
04-06 18:07:45.664 I/chromium(31351): [INFO:progress_tracker.cc(112)] LoaderLog  FinishedParsing
04-06 18:07:45.737 I/chromium(30649): [INFO:render_process_host_impl.cc(4491)] [Renderer][Exit] ChildProcessLauncher::OnChildProcessDied called through JNI pid = 31382, renderer_id =0
04-06 18:07:45.949 I/chromium(31396): [INFO:dispatcher.cc(1571)] CreateBindingsSystem
04-06 18:07:45.974 I/chromium(31396): [INFO:layer_tree_host_impl.cc(198)] SBRTOUCHLOG DidVisibilityChange = 0
04-06 18:07:45.975 I/chromium(31396): [INFO:layer_tree_host_impl.cc(4001)] SBRTOUCHLOG SetDeferCommitFlagForDebug = 1
04-06 18:07:46.020 I/chromium(30649): [INFO:back_forward_cache_impl.cc(675)] BFCACHELOG  CanStorePageNow  result = No: not a main frame, related active contents exist: no BI swap result, HTTP status is not OK, scheme is not HTTP or HTTPS, frame is not fully loaded, main RenderFrameHost doesn't have response headers set, probably due not having successfully committed a navigation.
04-06 18:07:46.021 I/chromium(30649): [INFO:render_widget_host_impl.cc(843)] SBRTOUCHLOG  RenderWidgetHostImpl::WasShown
04-06 18:07:46.022 I/chromium(31396): [INFO:layer_tree_host_impl.cc(198)] SBRTOUCHLOG DidVisibilityChange = 0
04-06 18:07:46.023 I/chromium(31396): [INFO:layer_tree_host_impl.cc(4001)] SBRTOUCHLOG SetDeferCommitFlagForDebug = 1
04-06 18:07:46.047 I/chromium(30649): [INFO:back_forward_cache_impl.cc(675)] BFCACHELOG  CanStorePageNow  result = No: not a main frame, related active contents exist: no BI swap result, HTTP status is not OK, scheme is not HTTP or HTTPS, frame is not fully loaded, main RenderFrameHost doesn't have response headers set, probably due not having successfully committed a navigation.
04-06 18:07:46.048 I/chromium(30649): [INFO:render_widget_host_impl.cc(843)] SBRTOUCHLOG  RenderWidgetHostImpl::WasShown
04-06 18:07:46.064 I/chromium(31396): [INFO:layer_tree_host_impl.cc(198)] SBRTOUCHLOG DidVisibilityChange = 1
04-06 18:07:46.077 I/chromium(31396): [INFO:memory_cache.cc(126)] MemoryCache MemberMemoryCache is disabled
04-06 18:07:46.079 I/chromium(31396): [INFO:layer_tree_host_impl.cc(198)] SBRTOUCHLOG DidVisibilityChange = 1
04-06 18:07:46.300 I/chromium(31396): [INFO:layer_tree_host_impl.cc(198)] SBRTOUCHLOG DidVisibilityChange = 0
04-06 18:07:46.303 I/chromium(31396): [INFO:layer_tree_host_impl.cc(4001)] SBRTOUCHLOG SetDeferCommitFlagForDebug = 0
04-06 18:07:46.304 I/chromium(31396): [INFO:web_view_impl.cc(1439)] Blink ResizeWithBrowserControls old_size = 0 * 0, new_size = 720 * 1040
04-06 18:07:46.305 I/chromium(31396): [INFO:layer_tree_host_impl.cc(198)] SBRTOUCHLOG DidVisibilityChange = 0
04-06 18:07:46.306 I/chromium(31396): [INFO:layer_tree_host_impl.cc(4001)] SBRTOUCHLOG SetDeferCommitFlagForDebug = 0
04-06 18:07:46.313 I/chromium(30649): [INFO:web_contents_impl.cc(6549)] LoaderLog  progress completed
04-06 18:07:46.365 I/chromium(30649): [INFO:web_contents_impl.cc(6549)] LoaderLog  progress completed
04-06 18:07:47.475 I/chromium(31396): [INFO:layer_tree_host_impl.cc(198)] SBRTOUCHLOG DidVisibilityChange = 0
04-06 18:07:47.475 I/chromium(31396): [INFO:layer_tree_host_impl.cc(4001)] SBRTOUCHLOG SetDeferCommitFlagForDebug = 1
04-06 18:07:47.477 I/chromium(31396): [INFO:web_view_impl.cc(1439)] Blink ResizeWithBrowserControls old_size = 720 * 1040, new_size = 0 * 0
04-06 18:07:47.588 I/chromium(30649): [INFO:back_forward_cache_impl.cc(675)] BFCACHELOG  CanStorePageNow  result = No: not a main frame, related active contents exist: no BI swap result, HTTP status is not OK, scheme is not HTTP or HTTPS, main RenderFrameHost doesn't have response headers set, probably due not having successfully committed a navigation.
04-06 18:07:47.589 I/chromium(30649): [INFO:render_widget_host_impl.cc(843)] SBRTOUCHLOG  RenderWidgetHostImpl::WasShown
04-06 18:07:47.590 I/chromium(31396): [INFO:layer_tree_host_impl.cc(198)] SBRTOUCHLOG DidVisibilityChange = 1
04-06 18:07:47.693 I/chromium(31396): [INFO:layer_tree_host_impl.cc(198)] SBRTOUCHLOG DidVisibilityChange = 0
04-06 18:07:47.698 I/chromium(31396): [INFO:web_view_impl.cc(1439)] Blink ResizeWithBrowserControls old_size = 0 * 0, new_size = 720 * 1040
04-06 18:07:47.699 I/chromium(31396): [INFO:layer_tree_host_impl.cc(4001)] SBRTOUCHLOG SetDeferCommitFlagForDebug = 0
04-06 18:07:49.081 I/chromium(31396): [INFO:layer_tree_host_impl.cc(198)] SBRTOUCHLOG DidVisibilityChange = 0
04-06 18:07:49.082 I/chromium(31396): [INFO:layer_tree_host_impl.cc(4001)] SBRTOUCHLOG SetDeferCommitFlagForDebug = 1
04-06 18:07:49.083 I/chromium(31396): [INFO:web_view_impl.cc(1439)] Blink ResizeWithBrowserControls old_size = 720 * 1040, new_size = 0 * 0
04-06 18:07:49.142 I/chromium(30649): [INFO:back_forward_cache_impl.cc(675)] BFCACHELOG  CanStorePageNow  result = No: not a main frame, related active contents exist: no BI swap result, HTTP status is not OK, scheme is not HTTP or HTTPS, frame is not fully loaded, main RenderFrameHost doesn't have response headers set, probably due not having successfully committed a navigation.
04-06 18:07:49.143 I/chromium(30649): [INFO:render_widget_host_impl.cc(843)] SBRTOUCHLOG  RenderWidgetHostImpl::WasShown
04-06 18:07:49.144 I/chromium(31396): [INFO:layer_tree_host_impl.cc(198)] SBRTOUCHLOG DidVisibilityChange = 1
04-06 18:07:49.301 I/chromium(31396): [INFO:layer_tree_host_impl.cc(198)] SBRTOUCHLOG DidVisibilityChange = 0
04-06 18:07:49.301 I/chromium(31396): [INFO:layer_tree_host_impl.cc(4001)] SBRTOUCHLOG SetDeferCommitFlagForDebug = 1
04-06 18:07:49.352 I/chromium(30649): [INFO:back_forward_cache_impl.cc(675)] BFCACHELOG  CanStorePageNow  result = No: not a main frame, related active contents exist: no BI swap result, HTTP status is not OK, scheme is not HTTP or HTTPS, frame is not fully loaded, main RenderFrameHost doesn't have response headers set, probably due not having successfully committed a navigation.
04-06 18:07:49.354 I/chromium(30649): [INFO:render_widget_host_impl.cc(843)] SBRTOUCHLOG  RenderWidgetHostImpl::WasShown
04-06 18:07:49.355 I/chromium(31396): [INFO:layer_tree_host_impl.cc(198)] SBRTOUCHLOG DidVisibilityChange = 1
04-06 18:07:49.550 I/chromium(31435): [INFO:dispatcher.cc(1571)] CreateBindingsSystem
04-06 18:07:49.577 I/chromium(31435): [INFO:layer_tree_host_impl.cc(198)] SBRTOUCHLOG DidVisibilityChange = 0
04-06 18:07:49.578 I/chromium(31435): [INFO:layer_tree_host_impl.cc(4001)] SBRTOUCHLOG SetDeferCommitFlagForDebug = 1
04-06 18:07:49.621 I/chromium(30649): [INFO:back_forward_cache_impl.cc(675)] BFCACHELOG  CanStorePageNow  result = No: not a main frame, related active contents exist: no BI swap result, HTTP status is not OK, scheme is not HTTP or HTTPS, frame is not fully loaded, main RenderFrameHost doesn't have response headers set, probably due not having successfully committed a navigation.
04-06 18:07:49.627 I/chromium(31435): [INFO:layer_tree_host_impl.cc(198)] SBRTOUCHLOG DidVisibilityChange = 0
04-06 18:07:49.627 I/chromium(31435): [INFO:layer_tree_host_impl.cc(4001)] SBRTOUCHLOG SetDeferCommitFlagForDebug = 1
04-06 18:07:49.659 I/chromium(30649): [INFO:back_forward_cache_impl.cc(675)] BFCACHELOG  CanStorePageNow  result = No: not a main frame, related active contents exist: no BI swap result, HTTP status is not OK, scheme is not HTTP or HTTPS, main RenderFrameHost doesn't have response headers set, probably due not having successfully committed a navigation.
04-06 18:07:49.683 I/chromium(31435): [INFO:memory_cache.cc(126)] MemoryCache MemberMemoryCache is disabled
04-06 18:07:49.756 I/chromium(31396): [INFO:layer_tree_host_impl.cc(198)] SBRTOUCHLOG DidVisibilityChange = 0
04-06 18:07:49.759 I/chromium(31396): [INFO:web_view_impl.cc(1439)] Blink ResizeWithBrowserControls old_size = 0 * 0, new_size = 720 * 1040
04-06 18:07:49.759 I/chromium(31396): [INFO:layer_tree_host_impl.cc(4001)] SBRTOUCHLOG SetDeferCommitFlagForDebug = 0
04-06 18:07:49.777 I/chromium(31396): [INFO:layer_tree_host_impl.cc(198)] SBRTOUCHLOG DidVisibilityChange = 0
04-06 18:07:49.777 I/chromium(31396): [INFO:layer_tree_host_impl.cc(4001)] SBRTOUCHLOG SetDeferCommitFlagForDebug = 0
04-06 18:07:49.823 I/chromium(31435): [INFO:layer_tree_host_impl.cc(4001)] SBRTOUCHLOG SetDeferCommitFlagForDebug = 0
04-06 18:07:49.824 I/chromium(31435): [INFO:web_view_impl.cc(1439)] Blink ResizeWithBrowserControls old_size = 0 * 0, new_size = 720 * 1040
04-06 18:07:49.825 I/chromium(31435): [INFO:layer_tree_host_impl.cc(4001)] SBRTOUCHLOG SetDeferCommitFlagForDebug = 0
04-06 18:07:49.971 I/chromium(31396): [INFO:layer_tree_host_impl.cc(198)] SBRTOUCHLOG DidVisibilityChange = 0
04-06 18:07:49.971 I/chromium(31396): [INFO:layer_tree_host_impl.cc(4001)] SBRTOUCHLOG SetDeferCommitFlagForDebug = 1
04-06 18:07:49.972 I/chromium(31396): [INFO:web_view_impl.cc(1439)] Blink ResizeWithBrowserControls old_size = 720 * 1040, new_size = 0 * 0
04-06 18:07:50.009 I/chromium(30649): [INFO:back_forward_cache_impl.cc(675)] BFCACHELOG  CanStorePageNow  result = No: not a main frame, related active contents exist: no BI swap result, HTTP status is not OK, scheme is not HTTP or HTTPS, main RenderFrameHost doesn't have response headers set, probably due not having successfully committed a navigation.
04-06 18:07:50.010 I/chromium(30649): [INFO:render_widget_host_impl.cc(843)] SBRTOUCHLOG  RenderWidgetHostImpl::WasShown
04-06 18:07:50.307 I/chromium(31396): [INFO:layer_tree_host_impl.cc(198)] SBRTOUCHLOG DidVisibilityChange = 1
04-06 18:07:50.600 I/chromium(30649): [INFO:permission_service_impl.cc(151)] Permissions query about NOTIFICATIONS
04-06 18:07:50.647 I/chromium(31396): [INFO:layer_tree_host_impl.cc(198)] SBRTOUCHLOG DidVisibilityChange = 0
04-06 18:07:50.647 I/chromium(31396): [INFO:web_view_impl.cc(1439)] Blink ResizeWithBrowserControls old_size = 0 * 0, new_size = 720 * 1040
04-06 18:07:50.647 I/chromium(31396): [INFO:layer_tree_host_impl.cc(4001)] SBRTOUCHLOG SetDeferCommitFlagForDebug = 0
04-06 18:07:50.772 I/chromium(31351): [INFO:progress_tracker.cc(112)] LoaderLog  FinishedParsing
04-06 18:07:51.103 E/chromium(31435): [ERROR:content_block_element_hider.cc(93)] main frame is not a local frame
04-06 18:07:51.107 E/chromium(31435): [ERROR:content_block_element_hider.cc(93)] main frame is not a local frame
04-06 18:07:51.111 E/chromium(31435): [ERROR:content_block_element_hider.cc(93)] main frame is not a local frame
04-06 18:07:51.115 E/chromium(31435): [ERROR:content_block_element_hider.cc(93)] main frame is not a local frame
04-06 18:07:51.995 W/chromium(30649): [WARNING:render_widget_host_view_android.cc(1070)] SBRTOUCHLOG  OnTouchEvent, Action::DOWN
04-06 18:07:51.995 I/chromium(30649): [INFO:render_widget_host_input_event_router.cc(861)] SBRTOUCHLOG Set Touch sequence target view: 0x5f6b9c00
04-06 18:07:51.996 W/chromium(30649): [WARNING:input_router_impl.cc(529)] SBRTOUCHLOG FilterAndSendWebInputEvent, kTouchStart
04-06 18:07:52.002 I/chromium(31351): [INFO:web_frame_widget_impl.cc(2748)] SBRTOUCHLOG Blink HandleInputEvent event received = PointerDown
04-06 18:07:52.009 I/chromium(30649): [INFO:input_router_impl.cc(641)] SBRTOUCHLOG InputRouterImpl::TouchEventHandled type: TouchStart & ack: NOT_CONSUMED
04-06 18:07:52.013 I/chromium(31351): [INFO:web_frame_widget_impl.cc(2748)] SBRTOUCHLOG Blink HandleInputEvent event received = PointerMove
04-06 18:07:52.013 I/chromium(31351): [INFO:web_frame_widget_impl.cc(2748)] SBRTOUCHLOG Blink HandleInputEvent event received = GestureTapDown
04-06 18:07:52.013 I/chromium(30649): [INFO:input_router_impl.cc(641)] SBRTOUCHLOG InputRouterImpl::TouchEventHandled type: TouchMove & ack: CONSUMED
04-06 18:07:52.019 I/chromium(31351): [INFO:web_frame_widget_impl.cc(2748)] SBRTOUCHLOG Blink HandleInputEvent event received = PointerMove
04-06 18:07:52.020 I/chromium(30649): [INFO:input_router_impl.cc(641)] SBRTOUCHLOG InputRouterImpl::TouchEventHandled type: TouchMove & ack: NOT_CONSUMED
04-06 18:07:52.022 I/chromium(31351): [INFO:layer_tree_host_impl.cc(332)] SBRTOUCHLOG LayerTreeHostImpl::ScrollBegin defer_commit =  0
04-06 18:07:52.024 I/chromium(31351): [INFO:web_frame_widget_impl.cc(2748)] SBRTOUCHLOG Blink HandleInputEvent event received = GestureTapCancel
04-06 18:07:52.026 I/chromium(31351): [INFO:web_frame_widget_impl.cc(2748)] SBRTOUCHLOG Blink HandleInputEvent event received = PointerCausedUaAction
04-06 18:07:52.032 I/chromium(31351): [INFO:layer_tree_host_impl.cc(303)] SBRTOUCHLOG LayerTreeHostImpl::ScrollBy delta_y = 17.5811
04-06 18:07:52.033 I/chromium(31351): [INFO:web_frame_widget_impl.cc(2748)] SBRTOUCHLOG Blink HandleInputEvent event received = PointerMove
04-06 18:07:52.045 I/chromium(30649): [INFO:input_router_impl.cc(641)] SBRTOUCHLOG InputRouterImpl::TouchEventHandled type: TouchMove & ack: NOT_CONSUMED
04-06 18:07:52.049 I/chromium(31351): [INFO:web_frame_widget_impl.cc(2748)] SBRTOUCHLOG Blink HandleInputEvent event received = PointerMove
04-06 18:07:52.073 W/chromium(30649): [WARNING:window_android.cc(109)] TAB-STATUS observer added
04-06 18:07:52.073 I/chromium(31351): [INFO:web_frame_widget_impl.cc(2748)] SBRTOUCHLOG Blink HandleInputEvent event received = PointerMove
04-06 18:07:52.077 I/chromium(31351): [INFO:web_frame_widget_impl.cc(2748)] SBRTOUCHLOG Blink HandleInputEvent event received = PointerUp
04-06 18:07:52.086 W/chromium(30649): [WARNING:window_android.cc(123)] TAB-STATUS observer removed
04-06 18:07:52.092 I/chromium(31396): [INFO:web_view_impl.cc(1439)] Blink ResizeWithBrowserControls old_size = 720 * 1040, new_size = 720 * 1232
04-06 18:07:52.101 I/chromium(31351): [INFO:layer_tree_host_impl.cc(344)] SBRTOUCHLOG LayerTreeHostImpl::ScrollEnd
04-06 18:07:52.488 E/chromium(31435): [ERROR:tin_smart_protect_renderer_url_loader_throttle.cc(113)] GetServiceBridgeForFrame no local root frame
04-06 18:07:52.504 I/chromium(31435): [INFO:web_view_impl.cc(1439)] Blink ResizeWithBrowserControls old_size = 720 * 1040, new_size = 720 * 1232
04-06 18:07:52.509 E/chromium(31435): [ERROR:tin_smart_protect_renderer_url_loader_throttle.cc(113)] GetServiceBridgeForFrame no local root frame
04-06 18:07:52.548 I/chromium(31396): [INFO:layer_tree_host_impl.cc(198)] SBRTOUCHLOG DidVisibilityChange = 0
04-06 18:07:52.549 I/chromium(31396): [INFO:layer_tree_host_impl.cc(4001)] SBRTOUCHLOG SetDeferCommitFlagForDebug = 1
04-06 18:07:52.549 I/chromium(31396): [INFO:web_view_impl.cc(1439)] Blink ResizeWithBrowserControls old_size = 720 * 1232, new_size = 0 * 0
04-06 18:07:52.638 I/chromium(30649): [INFO:back_forward_cache_impl.cc(675)] BFCACHELOG  CanStorePageNow  result = No: not a main frame, related active contents exist: no BI swap result, HTTP status is not OK, scheme is not HTTP or HTTPS, frame is not fully loaded, main RenderFrameHost doesn't have response headers set, probably due not having successfully committed a navigation.
04-06 18:07:52.639 I/chromium(30649): [INFO:render_widget_host_impl.cc(843)] SBRTOUCHLOG  RenderWidgetHostImpl::WasShown
04-06 18:07:52.641 I/chromium(31396): [INFO:layer_tree_host_impl.cc(198)] SBRTOUCHLOG DidVisibilityChange = 1
04-06 18:07:52.649 I/chromium(31396): [INFO:web_view_impl.cc(1439)] Blink ResizeWithBrowserControls old_size = 0 * 0, new_size = 720 * 1232
04-06 18:07:52.657 I/chromium(31396): [INFO:layer_tree_host_impl.cc(198)] SBRTOUCHLOG DidVisibilityChange = 0
04-06 18:07:52.659 I/chromium(31396): [INFO:layer_tree_host_impl.cc(4001)] SBRTOUCHLOG SetDeferCommitFlagForDebug = 0
04-06 18:07:52.692 I/chromium(31435): [INFO:layer_tree_host_impl.cc(198)] SBRTOUCHLOG DidVisibilityChange = 0
04-06 18:07:52.692 I/chromium(31435): [INFO:layer_tree_host_impl.cc(4001)] SBRTOUCHLOG SetDeferCommitFlagForDebug = 1
04-06 18:07:52.693 I/chromium(31435): [INFO:web_view_impl.cc(1439)] Blink ResizeWithBrowserControls old_size = 720 * 1232, new_size = 0 * 0
04-06 18:07:52.766 W/chromium(30649): [WARNING:render_widget_host_view_android.cc(1070)] SBRTOUCHLOG  OnTouchEvent, Action::DOWN
04-06 18:07:52.766 I/chromium(30649): [INFO:render_widget_host_input_event_router.cc(861)] SBRTOUCHLOG Set Touch sequence target view: 0x5f6b9c00
04-06 18:07:52.767 W/chromium(30649): [WARNING:input_router_impl.cc(529)] SBRTOUCHLOG FilterAndSendWebInputEvent, kTouchStart
04-06 18:07:52.771 I/chromium(31351): [INFO:web_frame_widget_impl.cc(2748)] SBRTOUCHLOG Blink HandleInputEvent event received = PointerDown
04-06 18:07:52.774 I/chromium(30649): [INFO:input_router_impl.cc(641)] SBRTOUCHLOG InputRouterImpl::TouchEventHandled type: TouchStart & ack: NOT_CONSUMED
04-06 18:07:52.775 I/chromium(31351): [INFO:web_frame_widget_impl.cc(2748)] SBRTOUCHLOG Blink HandleInputEvent event received = GestureTapDown
04-06 18:07:52.800 I/chromium(31351): [INFO:web_frame_widget_impl.cc(2748)] SBRTOUCHLOG Blink HandleInputEvent event received = PointerMove
04-06 18:07:52.807 I/chromium(30649): [INFO:input_router_impl.cc(641)] SBRTOUCHLOG InputRouterImpl::TouchEventHandled type: TouchMove & ack: CONSUMED
04-06 18:07:52.815 I/chromium(31351): [INFO:web_frame_widget_impl.cc(2748)] SBRTOUCHLOG Blink HandleInputEvent event received = PointerUp
04-06 18:07:52.817 I/chromium(30649): [INFO:input_router_impl.cc(641)] SBRTOUCHLOG InputRouterImpl::TouchEventHandled type: TouchEnd & ack: NOT_CONSUMED
04-06 18:07:52.822 I/chromium(31351): [INFO:web_frame_widget_impl.cc(2748)] SBRTOUCHLOG Blink HandleInputEvent event received = GestureShowPress
04-06 18:07:52.829 I/chromium(31351): [INFO:web_frame_widget_impl.cc(2748)] SBRTOUCHLOG Blink HandleInputEvent event received = GestureTap
04-06 18:07:53.762 I/chromium(30649): [INFO:back_forward_cache_impl.cc(675)] BFCACHELOG  CanStorePageNow  result = No: not a main frame, related active contents exist: no BI swap result, HTTP status is not OK, scheme is not HTTP or HTTPS, frame is not fully loaded, main RenderFrameHost doesn't have response headers set, probably due not having successfully committed a navigation.
04-06 18:07:54.045 D/EnvFileUpdater(29305): Found CIRIS_HOME from env: /data/user/0/ai.ciris.mobile.debug/files/ciris
04-06 18:07:55.561 E/chromium(31435): [ERROR:gin_java_bridge_dispatcher.cc(130)] HasJavaMethod method toString not found, returning
04-06 18:07:55.561 E/chromium(31435): [ERROR:gin_java_bridge_dispatcher.cc(130)] HasJavaMethod method name not found, returning
04-06 18:07:55.561 E/chromium(31435): [ERROR:gin_java_bridge_dispatcher.cc(130)] HasJavaMethod method toString not found, returning
04-06 18:07:55.561 E/chromium(31435): [ERROR:gin_java_bridge_dispatcher.cc(130)] HasJavaMethod method name not found, returning
04-06 18:07:55.720 E/chromium(31251): [ERROR:gles2_cmd_decoder.cc(8683)] [.RendererMainThread-0xc12fe400]GL ERROR :GL_INVALID_FRAMEBUFFER_OPERATION : glFramebufferTexture2D: <- error from previous GL command
04-06 18:07:57.234 I/chromium(31435): [INFO:web_view_impl.cc(1439)] Blink ResizeWithBrowserControls old_size = 0 * 0, new_size = 720 * 1232
04-06 18:07:57.234 I/chromium(31435): [INFO:layer_tree_host_impl.cc(4001)] SBRTOUCHLOG SetDeferCommitFlagForDebug = 0
04-06 18:07:57.823 E/chromium(31435): [ERROR:gin_java_bridge_dispatcher.cc(130)] HasJavaMethod method toString not found, returning
04-06 18:07:57.823 E/chromium(31435): [ERROR:gin_java_bridge_dispatcher.cc(130)] HasJavaMethod method name not found, returning
04-06 18:07:57.823 E/chromium(31435): [ERROR:gin_java_bridge_dispatcher.cc(130)] HasJavaMethod method toString not found, returning
04-06 18:07:57.824 E/chromium(31435): [ERROR:gin_java_bridge_dispatcher.cc(130)] HasJavaMethod method name not found, returning
04-06 18:07:57.947 E/chromium(31251): [ERROR:gles2_cmd_decoder.cc(8683)] [.RendererMainThread-0xc12fe400]GL ERROR :GL_INVALID_FRAMEBUFFER_OPERATION : glFramebufferTexture2D: <- error from previous GL command
04-06 18:08:01.824 I/chromium(31351): [INFO:render_frame_impl.cc(4027)] LoaderLog didFinishLoad
04-06 18:08:01.833 I/chromium(31351): [INFO:frame_loader.cc(402)] LoaderLog Completed totalBytes = 4921510
04-06 18:08:01.833 I/chromium(31351): [INFO:render_frame_impl.cc(5114)] LoaderLog didStopLoading
04-06 18:08:01.840 I/chromium(30649): [INFO:tin_six_tab_helper.cc(621)] ActivateTabAt 0,4
04-06 18:08:04.051 D/EnvFileUpdater(29305): Found CIRIS_HOME from env: /data/user/0/ai.ciris.mobile.debug/files/ciris
04-06 18:08:05.251 I/chromium(31351): [INFO:frame_loader.cc(618)] LoaderLog  StartNavigation  ClientRedirect = 0
04-06 18:08:05.293 I/chromium(30649): [INFO:tin_six_tab_helper.cc(621)] ActivateTabAt 0,4
04-06 18:08:05.297 I/chromium(30649): [INFO:tin_six_tab_helper.cc(621)] ActivateTabAt 0,4
04-06 18:08:05.473 I/chromium(31396): [INFO:web_view_impl.cc(1439)] Blink ResizeWithBrowserControls old_size = 720 * 1232, new_size = 720 * 1040
04-06 18:08:05.479 I/chromium(31435): [INFO:web_view_impl.cc(1439)] Blink ResizeWithBrowserControls old_size = 720 * 1232, new_size = 720 * 1040
04-06 18:08:05.585 I/chromium(31483): [INFO:dispatcher.cc(1571)] CreateBindingsSystem
04-06 18:08:05.606 I/chromium(31483): [INFO:layer_tree_host_impl.cc(198)] SBRTOUCHLOG DidVisibilityChange = 0
04-06 18:08:05.606 I/chromium(31483): [INFO:layer_tree_host_impl.cc(4001)] SBRTOUCHLOG SetDeferCommitFlagForDebug = 1
04-06 18:08:05.607 I/chromium(31483): [INFO:layer_tree_host_impl.cc(4001)] SBRTOUCHLOG SetDeferCommitFlagForDebug = 0
04-06 18:08:05.607 I/chromium(31483): [INFO:tin_anti_tracking_renderer_url_loader_throttle_helper.cc(31)] [IAT] set delegate th 0x5f217f20 td 0x5f063660
04-06 18:08:05.607 I/chromium(31483): [INFO:tin_smart_protect_renderer.cc(16)] TinSmartProtectRenderer
04-06 18:08:05.608 I/chromium(31483): [INFO:tin_smart_protect_renderer.cc(33)] BindPendingReceiver bound=1
04-06 18:08:05.617 I/chromium(31483): [INFO:layer_tree_host_impl.cc(4001)] SBRTOUCHLOG SetDeferCommitFlagForDebug = 1
04-06 18:08:05.641 I/chromium(31483): [INFO:render_frame_impl.cc(3805)] LoaderLog didCommitProvisionalLoad
04-06 18:08:05.644 W/chromium(30649): [WARNING:window_android.cc(123)] TAB-STATUS observer removed
04-06 18:08:05.646 I/chromium(31351): [INFO:layer_tree_host_impl.cc(198)] SBRTOUCHLOG DidVisibilityChange = 0
04-06 18:08:05.646 I/chromium(30649): [INFO:render_widget_host_impl.cc(843)] SBRTOUCHLOG  RenderWidgetHostImpl::WasShown
04-06 18:08:05.647 W/chromium(30649): [WARNING:window_android.cc(109)] TAB-STATUS observer added
04-06 18:08:05.652 I/chromium(31351): [INFO:frame_loader.cc(274)] LoaderLog  SetDefersLoading  DeferType = 1
04-06 18:08:05.654 I/chromium(31435): [INFO:frame_loader.cc(274)] LoaderLog  SetDefersLoading  DeferType = 1
04-06 18:08:05.654 I/chromium(31435): [INFO:frame_loader.cc(274)] LoaderLog  SetDefersLoading  DeferType = 1
04-06 18:08:05.654 I/chromium(31435): [INFO:frame_loader.cc(274)] LoaderLog  SetDefersLoading  DeferType = 1
04-06 18:08:05.654 I/chromium(31435): [INFO:frame_loader.cc(274)] LoaderLog  SetDefersLoading  DeferType = 1
04-06 18:08:05.654 I/chromium(31435): [INFO:frame_loader.cc(274)] LoaderLog  SetDefersLoading  DeferType = 1
04-06 18:08:05.654 I/chromium(31435): [INFO:frame_loader.cc(274)] LoaderLog  SetDefersLoading  DeferType = 1
04-06 18:08:05.663 I/chromium(31483): [INFO:layer_tree_host_impl.cc(198)] SBRTOUCHLOG DidVisibilityChange = 1
04-06 18:08:05.672 I/chromium(31435): [INFO:frame_loader.cc(274)] LoaderLog  SetDefersLoading  DeferType = 1
04-06 18:08:05.672 I/chromium(31435): [INFO:frame_loader.cc(274)] LoaderLog  SetDefersLoading  DeferType = 1
04-06 18:08:05.708 I/chromium(31483): [INFO:memory_cache.cc(126)] MemoryCache MemberMemoryCache is disabled
04-06 18:08:05.710 I/chromium(31396): [INFO:frame_loader.cc(274)] LoaderLog  SetDefersLoading  DeferType = 1
04-06 18:08:05.710 I/chromium(31396): [INFO:frame_loader.cc(274)] LoaderLog  SetDefersLoading  DeferType = 1
04-06 18:08:05.710 I/chromium(31396): [INFO:frame_loader.cc(274)] LoaderLog  SetDefersLoading  DeferType = 1
04-06 18:08:05.710 I/chromium(31396): [INFO:frame_loader.cc(274)] LoaderLog  SetDefersLoading  DeferType = 1
04-06 18:08:05.710 I/chromium(31396): [INFO:frame_loader.cc(274)] LoaderLog  SetDefersLoading  DeferType = 1
04-06 18:08:05.711 I/chromium(31396): [INFO:frame_loader.cc(274)] LoaderLog  SetDefersLoading  DeferType = 1
04-06 18:08:05.711 I/chromium(31396): [INFO:frame_loader.cc(274)] LoaderLog  SetDefersLoading  DeferType = 1
04-06 18:08:05.715 I/chromium(30649): [INFO:render_frame_host_impl.cc(5780)] BFCACHELOG  Eviction  reason = No: cache limit
04-06 18:08:05.720 I/chromium(31264): [INFO:render_frame_impl.cc(5114)] LoaderLog didStopLoading
04-06 18:08:05.728 I/chromium(30649): [INFO:render_process_host_impl.cc(4491)] [Renderer][Exit] ChildProcessLauncher::OnChildProcessDied called through JNI pid = 31264, renderer_id =0
04-06 18:08:05.772 I/chromium(31483): [INFO:layer_tree_host_impl.cc(4001)] SBRTOUCHLOG SetDeferCommitFlagForDebug = 0
04-06 18:08:05.834 I/chromium(31483): [INFO:progress_tracker.cc(112)] LoaderLog  FinishedParsing
04-06 18:08:05.843 I/chromium(31483): [INFO:layer_tree_impl.cc(1205)] DidUpdatePageScale IsActiveTree: 0 ScaleFactor: 1
04-06 18:08:05.845 I/chromium(31483): [INFO:layer_tree_impl.cc(1205)] DidUpdatePageScale IsActiveTree: 1 ScaleFactor: 1
04-06 18:08:05.912 I/chromium(30649): [INFO:web_contents_impl.cc(6549)] LoaderLog  progress completed
04-06 18:08:06.196 I/chromium(31483): [INFO:render_frame_impl.cc(4027)] LoaderLog didFinishLoad
04-06 18:08:06.197 I/chromium(31483): [INFO:frame_loader.cc(402)] LoaderLog Completed totalBytes = 106022
04-06 18:08:06.198 I/chromium(31483): [INFO:render_frame_impl.cc(5114)] LoaderLog didStopLoading
04-06 18:08:06.202 I/chromium(30649): [INFO:tin_six_tab_helper.cc(621)] ActivateTabAt 0,4
04-06 18:08:06.270 I/chromium(31483): [INFO:document_loader.cc(793)] LoaderLog UpdateForSameDocumentNavigation  was_loading = 0  is_client_redirect_ = 0  replaces_history_item_ = 1
04-06 18:08:06.270 I/chromium(31483): [INFO:render_frame_impl.cc(5114)] LoaderLog didStopLoading
04-06 18:08:06.331 I/chromium(30649): [INFO:tin_six_tab_helper.cc(621)] ActivateTabAt 0,4
04-06 18:08:08.224 W/chromium(30649): [WARNING:render_widget_host_view_android.cc(1070)] SBRTOUCHLOG  OnTouchEvent, Action::DOWN
04-06 18:08:08.224 I/chromium(30649): [INFO:render_widget_host_input_event_router.cc(861)] SBRTOUCHLOG Set Touch sequence target view: 0x5f6ac000
04-06 18:08:08.224 W/chromium(30649): [WARNING:input_router_impl.cc(529)] SBRTOUCHLOG FilterAndSendWebInputEvent, kTouchStart
04-06 18:08:08.226 I/chromium(31483): [INFO:web_frame_widget_impl.cc(2748)] SBRTOUCHLOG Blink HandleInputEvent event received = PointerDown
04-06 18:08:08.237 I/chromium(31483): [INFO:web_frame_widget_impl.cc(2748)] SBRTOUCHLOG Blink HandleInputEvent event received = GestureTapDown
04-06 18:08:08.247 I/chromium(31483): [INFO:web_frame_widget_impl.cc(2748)] SBRTOUCHLOG Blink HandleInputEvent event received = PointerMove
04-06 18:08:08.247 I/chromium(31483): [INFO:layer_tree_host_impl.cc(332)] SBRTOUCHLOG LayerTreeHostImpl::ScrollBegin defer_commit =  0
04-06 18:08:08.248 I/chromium(31483): [INFO:layer_tree_host_impl.cc(303)] SBRTOUCHLOG LayerTreeHostImpl::ScrollBy delta_y = 15.384
04-06 18:08:08.250 I/chromium(31483): [INFO:web_frame_widget_impl.cc(2748)] SBRTOUCHLOG Blink HandleInputEvent event received = GestureTapCancel
04-06 18:08:08.251 I/chromium(31483): [INFO:web_frame_widget_impl.cc(2748)] SBRTOUCHLOG Blink HandleInputEvent event received = PointerCausedUaAction
04-06 18:08:08.274 I/chromium(31483): [INFO:web_frame_widget_impl.cc(2748)] SBRTOUCHLOG Blink HandleInputEvent event received = PointerMove
04-06 18:08:08.323 I/chromium(31483): [INFO:layer_tree_host_impl.cc(2438)] SBRTOUCHLOG AsyncLayerTreeFrameSink::SubmitCompositorFrame
04-06 18:08:08.337 I/chromium(31483): [INFO:layer_tree_host_impl.cc(303)] SBRTOUCHLOG LayerTreeHostImpl::ScrollBy delta_y = 54.4832
04-06 18:08:08.349 W/chromium(30649): [WARNING:window_android.cc(109)] TAB-STATUS observer added
04-06 18:08:08.349 I/chromium(31483): [INFO:web_frame_widget_impl.cc(2748)] SBRTOUCHLOG Blink HandleInputEvent event received = PointerMove
04-06 18:08:08.351 I/chromium(31483): [INFO:web_frame_widget_impl.cc(2748)] SBRTOUCHLOG Blink HandleInputEvent event received = PointerUp
04-06 18:08:08.355 W/chromium(30649): [WARNING:window_android.cc(123)] TAB-STATUS observer removed
04-06 18:08:08.370 I/chromium(31483): [INFO:layer_tree_host_impl.cc(344)] SBRTOUCHLOG LayerTreeHostImpl::ScrollEnd
04-06 18:08:10.036 W/chromium(30649): [WARNING:window_android.cc(123)] TAB-STATUS observer removed
04-06 18:08:10.037 I/chromium(31483): [INFO:layer_tree_host_impl.cc(198)] SBRTOUCHLOG DidVisibilityChange = 0
04-06 18:08:10.280 I/chromium(30649): [INFO:layer_tree_host_impl.cc(198)] SBRTOUCHLOG DidVisibilityChange = 0
04-06 18:08:12.056 I/chromium(30649): [INFO:render_process_host_impl.cc(4491)] [Renderer][Exit] ChildProcessLauncher::OnChildProcessDied called through JNI pid = 17018, renderer_id =25
04-06 18:08:14.053 D/EnvFileUpdater(29305): Found CIRIS_HOME from env: /data/user/0/ai.ciris.mobile.debug/files/ciris
04-06 18:08:24.056 D/EnvFileUpdater(29305): Found CIRIS_HOME from env: /data/user/0/ai.ciris.mobile.debug/files/ciris
04-06 18:08:34.059 D/EnvFileUpdater(29305): Found CIRIS_HOME from env: /data/user/0/ai.ciris.mobile.debug/files/ciris
04-06 18:08:44.061 D/EnvFileUpdater(29305): Found CIRIS_HOME from env: /data/user/0/ai.ciris.mobile.debug/files/ciris
04-06 18:08:54.064 D/EnvFileUpdater(29305): Found CIRIS_HOME from env: /data/user/0/ai.ciris.mobile.debug/files/ciris
