04-06 18:06:49.775 I/python.stdout(29305): INFO: ciris_engine.logic.setup.first_run: Running in INSTALLED mode (git repo: False)
04-06 18:06:49.775 I/python.stdout(29305): INFO: ciris_engine.logic.setup.first_run: CIRIS_FORCE_FIRST_RUN env var: None
04-06 18:06:49.777 I/python.stdout(29305): INFO: ciris_engine.logic.setup.first_run: Android mode: checking /data/data/ai.ciris.mobile.debug/files/ciris/.env
04-06 18:06:49.777 I/python.stdout(29305): INFO: ciris_engine.logic.setup.first_run: Checking config paths: ['/data/data/ai.ciris.mobile.debug/files/ciris/.env']
04-06 18:06:49.778 I/python.stdout(29305): INFO: ciris_engine.logic.setup.first_run: No valid config files found - IS first run
04-06 18:06:49.778 I/python.stdout(29305): WARNING: ciris_engine.logic.runtime.startup_logging: [SERVICES] === FIRST-RUN PHASE ===
04-06 18:06:49.778 I/python.stdout(29305): [SERVICES] === FIRST-RUN PHASE ===
04-06 18:06:49.779 I/python.stdout(29305): INFO: ciris_engine.services.TimeService: TimeService started successfully
04-06 18:06:49.780 I/python.stdout(29305): WARNING: ciris_engine.logic.runtime.startup_logging: [FIRST-RUN] [SERVICE 1/22] TimeService STARTED
04-06 18:06:49.780 I/python.stdout(29305): [FIRST-RUN] [SERVICE 1/22] TimeService STARTED
04-06 18:06:49.781 I/python.stdout(29305): INFO: ciris_engine.services.ShutdownService: ShutdownService started successfully
04-06 18:06:49.782 I/python.stdout(29305): WARNING: ciris_engine.logic.runtime.startup_logging: [FIRST-RUN] [SERVICE 2/22] ShutdownService STARTED
04-06 18:06:49.782 I/python.stdout(29305): [FIRST-RUN] [SERVICE 2/22] ShutdownService STARTED
04-06 18:06:49.783 I/python.stdout(29305): INFO: ciris_engine.services.InitializationService: InitializationService started successfully
04-06 18:06:49.783 I/python.stdout(29305): WARNING: ciris_engine.logic.runtime.startup_logging: [FIRST-RUN] [SERVICE 3/22] InitializationService STARTED
04-06 18:06:49.784 I/python.stdout(29305): [FIRST-RUN] [SERVICE 3/22] InitializationService STARTED
04-06 18:06:49.799 D/MainActivity(29305): Service 1 started (1/22)
04-06 18:06:49.804 D/MainActivity(29305): Service 1 started (1/22)
04-06 18:06:49.810 D/MainActivity(29305): Service 2 started (2/22)
04-06 18:06:49.816 D/MainActivity(29305): Service 2 started (2/22)
04-06 18:06:49.818 D/CIRISApp(29305): [INIT] CIRISApp composable invoked - googleSignInCallback=PRESENT (77981698)
04-06 18:06:49.819 I/InteractViewModel(29305): [setDeviceAttestationCallback] Device attestation callback SET
04-06 18:06:49.822 D/MainActivity(29305): Service 3 started (3/22)
04-06 18:06:49.825 I/python.stdout(29305): INFO: ciris_engine.logic.runtime.service_initializer: Android not using CIRIS proxy - no billing required
04-06 18:06:49.827 D/MainActivity(29305): Service 3 started (3/22)
04-06 18:06:49.852 I/python.stdout(29305): INFO: ciris_engine.services.ResourceMonitorService: ResourceMonitorService: Started scheduled task with interval 1.0s
04-06 18:06:49.853 I/python.stdout(29305): INFO: ciris_engine.services.ResourceMonitorService: ResourceMonitorService started successfully
04-06 18:06:49.853 I/python.stdout(29305): WARNING: ciris_engine.logic.runtime.startup_logging: [FIRST-RUN] [SERVICE 4/22] ResourceMonitor STARTED
04-06 18:06:49.853 I/python.stdout(29305): [FIRST-RUN] [SERVICE 4/22] ResourceMonitor STARTED
04-06 18:06:49.854 I/python.stdout(29305): INFO: ciris_engine.logic.runtime.ciris_runtime: [initialize] Infrastructure services initialized
04-06 18:06:49.854 I/python.stdout(29305): INFO: ciris_engine.logic.runtime.ciris_runtime: [initialize] Got initialization service: <ciris_engine.logic.services.lifecycle.initialization.service.InitializationService object at 0xb3bedfd0>
04-06 18:06:49.855 I/python.stdout(29305): INFO: ciris_engine.logic.runtime.ciris_runtime: [initialize] Registering initialization steps...
04-06 18:06:49.856 I/python.stdout(29305): INFO: ciris_engine.logic.runtime.ciris_runtime: [initialize] Steps registered
04-06 18:06:49.857 I/python.stdout(29305): INFO: ciris_engine.logic.runtime.ciris_runtime: [initialize] Running initialization sequence...
04-06 18:06:49.857 I/python.stdout(29305): INFO: ciris_engine.logic.services.lifecycle.initialization.service: ============================================================
04-06 18:06:49.857 I/python.stdout(29305): INFO: ciris_engine.logic.services.lifecycle.initialization.service: CIRIS Agent Initialization Sequence Starting
04-06 18:06:49.858 I/python.stdout(29305): INFO: ciris_engine.logic.services.lifecycle.initialization.service: ============================================================
04-06 18:06:49.858 I/python.stdout(29305): INFO: ciris_engine.logic.services.lifecycle.initialization.service: [InitializationService] Registered 13 steps across 8 phases
04-06 18:06:49.859 I/python.stdout(29305): INFO: ciris_engine.logic.services.lifecycle.initialization.service: [InitializationService] Executing phase infrastructure with 1 steps
04-06 18:06:49.859 I/python.stdout(29305): INFO: ciris_engine.logic.services.lifecycle.initialization.service: ------------------------------------------------------------
04-06 18:06:49.859 I/python.stdout(29305): INFO: ciris_engine.logic.services.lifecycle.initialization.service: Phase: INFRASTRUCTURE
04-06 18:06:49.860 I/python.stdout(29305): INFO: ciris_engine.logic.services.lifecycle.initialization.service: ------------------------------------------------------------
04-06 18:06:49.860 I/python.stdout(29305): INFO: ciris_engine.logic.services.lifecycle.initialization.service: → Initialize Infrastructure Services...
04-06 18:06:49.861 D/MainActivity(29305): Service 4 started (4/22)
04-06 18:06:49.865 D/MainActivity(29305): Service 4 started (4/22)
04-06 18:06:49.942 I/python.stdout(29305): 
04-06 18:06:49.943 I/python.stdout(29305): ================================================================================
04-06 18:06:49.943 I/python.stdout(29305): 🔍 LOGGING INITIALIZED - SEE DETAILED LOGS AT: /data/data/ai.ciris.mobile.debug/files/ciris/logs/ciris_agent_20260406_230649.log
04-06 18:06:49.943 I/python.stdout(29305): 🔗 Symlinked to: /data/data/ai.ciris.mobile.debug/files/ciris/logs/latest.log
04-06 18:06:49.943 I/python.stdout(29305): ⚠️  Incident capture: /data/data/ai.ciris.mobile.debug/files/ciris/logs/incidents_latest.log (WARNING/ERROR messages captured as incidents)
04-06 18:06:49.943 I/python.stdout(29305): ================================================================================
04-06 18:06:49.943 I/python.stdout(29305): 
04-06 18:06:50.677 E/CIRISApiClient(29305): [getSystemStatus] Exception: ConnectException: Failed to connect to localhost/127.0.0.1:8080 | Context: url=http://localhost:8080
04-06 18:06:50.677 E/CIRISApiClient(29305): java.net.ConnectException: Failed to connect to localhost/127.0.0.1:8080
04-06 18:06:50.677 E/CIRISApiClient(29305): 	at okhttp3.internal.connection.RealConnection.connectSocket(RealConnection.kt:297)
04-06 18:06:50.677 E/CIRISApiClient(29305): 	at okhttp3.internal.connection.RealConnection.connect(RealConnection.kt:207)
04-06 18:06:50.677 E/CIRISApiClient(29305): 	at okhttp3.internal.connection.ExchangeFinder.findConnection(ExchangeFinder.kt:226)
04-06 18:06:50.677 E/CIRISApiClient(29305): 	at okhttp3.internal.connection.ExchangeFinder.findHealthyConnection(ExchangeFinder.kt:106)
04-06 18:06:50.677 E/CIRISApiClient(29305): 	at okhttp3.internal.connection.ExchangeFinder.find(ExchangeFinder.kt:74)
04-06 18:06:50.677 E/CIRISApiClient(29305): 	at okhttp3.internal.connection.RealCall.initExchange$okhttp(RealCall.kt:255)
04-06 18:06:50.677 E/CIRISApiClient(29305): 	at okhttp3.internal.connection.ConnectInterceptor.intercept(ConnectInterceptor.kt:32)
04-06 18:06:50.677 E/CIRISApiClient(29305): 	at okhttp3.internal.http.RealInterceptorChain.proceed(RealInterceptorChain.kt:109)
04-06 18:06:50.677 E/CIRISApiClient(29305): 	at okhttp3.internal.cache.CacheInterceptor.intercept(CacheInterceptor.kt:95)
04-06 18:06:50.677 E/CIRISApiClient(29305): 	at okhttp3.internal.http.RealInterceptorChain.proceed(RealInterceptorChain.kt:109)
04-06 18:06:50.677 E/CIRISApiClient(29305): 	at okhttp3.internal.http.BridgeInterceptor.intercept(BridgeInterceptor.kt:83)
04-06 18:06:50.677 E/CIRISApiClient(29305): 	at okhttp3.internal.http.RealInterceptorChain.proceed(RealInterceptorChain.kt:109)
04-06 18:06:50.677 E/CIRISApiClient(29305): 	at okhttp3.internal.http.RetryAndFollowUpInterceptor.intercept(RetryAndFollowUpInterceptor.kt:76)
04-06 18:06:50.677 E/CIRISApiClient(29305): 	at okhttp3.internal.http.RealInterceptorChain.proceed(RealInterceptorChain.kt:109)
04-06 18:06:50.677 E/CIRISApiClient(29305): 	at okhttp3.internal.connection.RealCall.getResponseWithInterceptorChain$okhttp(RealCall.kt:201)
04-06 18:06:50.677 E/CIRISApiClient(29305): 	at okhttp3.internal.connection.RealCall$AsyncCall.run(RealCall.kt:517)
04-06 18:06:50.677 E/CIRISApiClient(29305): 	at java.util.concurrent.ThreadPoolExecutor.runWorker(ThreadPoolExecutor.java:1133)
04-06 18:06:50.677 E/CIRISApiClient(29305): 	at java.util.concurrent.ThreadPoolExecutor$Worker.run(ThreadPoolExecutor.java:607)
04-06 18:06:50.677 E/CIRISApiClient(29305): 	at java.lang.Thread.run(Thread.java:762)
04-06 18:06:50.677 E/CIRISApiClient(29305): Caused by: java.net.ConnectException: Connection refused
04-06 18:06:50.677 E/CIRISApiClient(29305): 	at java.net.PlainSocketImpl.socketConnect(Native Method)
04-06 18:06:50.677 E/CIRISApiClient(29305): 	at java.net.AbstractPlainSocketImpl.doConnect(AbstractPlainSocketImpl.java:334)
04-06 18:06:50.677 E/CIRISApiClient(29305): 	at java.net.AbstractPlainSocketImpl.connectToAddress(AbstractPlainSocketImpl.java:196)
04-06 18:06:50.677 E/CIRISApiClient(29305): 	at java.net.AbstractPlainSocketImpl.connect(AbstractPlainSocketImpl.java:178)
04-06 18:06:50.677 E/CIRISApiClient(29305): 	at java.net.SocksSocketImpl.connect(SocksSocketImpl.java:356)
04-06 18:06:50.677 E/CIRISApiClient(29305): 	at java.net.Socket.connect(Socket.java:605)
04-06 18:06:50.677 E/CIRISApiClient(29305): 	at okhttp3.internal.platform.AndroidPlatform.connectSocket(AndroidPlatform.kt:63)
04-06 18:06:50.677 E/CIRISApiClient(29305): 	at okhttp3.internal.connection.RealConnection.connectSocket(RealConnection.kt:295)
04-06 18:06:50.677 E/CIRISApiClient(29305): 	... 18 more
04-06 18:06:50.748 I/python.stdout(29305): [FIRST-RUN] [SERVICE 5/22] SecretsService STARTED
04-06 18:06:50.756 D/MainActivity(29305): Service 5 started (5/22)
04-06 18:06:50.771 I/python.stdout(29305): [FIRST-RUN] [SERVICE 22/22] SecretsToolService STARTED
04-06 18:06:50.786 D/MainActivity(29305): Service 22 started (6/22)
04-06 18:06:50.818 I/python.stdout(29305): [FIRST-RUN] [SERVICE 6/22] MemoryService STARTED
04-06 18:06:50.821 I/python.stdout(29305): [FIRST-RUN] [SERVICE 7/22] ConfigService STARTED
04-06 18:06:50.824 D/MainActivity(29305): Service 6 started (7/22)
04-06 18:06:50.830 D/MainActivity(29305): Service 7 started (8/22)
04-06 18:06:52.389 D/CIRISApp(29305): [INIT] CIRISApp composable invoked - googleSignInCallback=PRESENT (77981698)
04-06 18:06:52.392 I/InteractViewModel(29305): [setDeviceAttestationCallback] Device attestation callback SET
04-06 18:06:54.030 D/EnvFileUpdater(29305): Found CIRIS_HOME from env: /data/user/0/ai.ciris.mobile.debug/files/ciris
04-06 18:06:54.439 I/python.stdout(29305): [FIRST-RUN] [SERVICE 15/22] AuthenticationService STARTED
04-06 18:06:54.451 D/MainActivity(29305): Service 15 started (9/22)
04-06 18:06:54.470 I/python.stdout(29305): [FIRST-RUN] [SERVICE 13/22] WiseAuthority STARTED
04-06 18:06:54.477 I/python.stdout(29305): [FIRST-RUN] ✓ 10/10 minimal services started - ready for setup wizard
04-06 18:06:54.482 D/MainActivity(29305): Service 13 started (10/22)
04-06 18:06:54.888 I/InteractViewModel(29305): [observeLanguageChanges] Updating pipeline labels for language: en (explicit=false)
04-06 18:06:54.900 D/CIRISApp(29305): [INIT] CIRISApp composable invoked - googleSignInCallback=PRESENT (77981698)
04-06 18:06:54.903 I/InteractViewModel(29305): [setDeviceAttestationCallback] Device attestation callback SET
04-06 18:06:55.669 W/python.stderr(29305): /data/data/ai.ciris.mobile.debug/files/chaquopy/AssetFinder/requirements/pydantic/_internal/_config.py:291: PydanticDeprecatedSince20: Support for class-based `config` is deprecated, use ConfigDict instead. Deprecated in Pydantic V2.0 to be removed in V3.0. See Pydantic V2 Migration Guide at https://errors.pydantic.dev/2.9/migration/
04-06 18:06:55.734 E/CIRISApiClient(29305): [getSystemStatus] Exception: ConnectException: Failed to connect to localhost/127.0.0.1:8080 | Context: url=http://localhost:8080
04-06 18:06:55.734 E/CIRISApiClient(29305): java.net.ConnectException: Failed to connect to localhost/127.0.0.1:8080
04-06 18:06:55.734 E/CIRISApiClient(29305): 	at okhttp3.internal.connection.RealConnection.connectSocket(RealConnection.kt:297)
04-06 18:06:55.734 E/CIRISApiClient(29305): 	at okhttp3.internal.connection.RealConnection.connect(RealConnection.kt:207)
04-06 18:06:55.734 E/CIRISApiClient(29305): 	at okhttp3.internal.connection.ExchangeFinder.findConnection(ExchangeFinder.kt:226)
04-06 18:06:55.734 E/CIRISApiClient(29305): 	at okhttp3.internal.connection.ExchangeFinder.findHealthyConnection(ExchangeFinder.kt:106)
04-06 18:06:55.734 E/CIRISApiClient(29305): 	at okhttp3.internal.connection.ExchangeFinder.find(ExchangeFinder.kt:74)
04-06 18:06:55.734 E/CIRISApiClient(29305): 	at okhttp3.internal.connection.RealCall.initExchange$okhttp(RealCall.kt:255)
04-06 18:06:55.734 E/CIRISApiClient(29305): 	at okhttp3.internal.connection.ConnectInterceptor.intercept(ConnectInterceptor.kt:32)
04-06 18:06:55.734 E/CIRISApiClient(29305): 	at okhttp3.internal.http.RealInterceptorChain.proceed(RealInterceptorChain.kt:109)
04-06 18:06:55.734 E/CIRISApiClient(29305): 	at okhttp3.internal.cache.CacheInterceptor.intercept(CacheInterceptor.kt:95)
04-06 18:06:55.734 E/CIRISApiClient(29305): 	at okhttp3.internal.http.RealInterceptorChain.proceed(RealInterceptorChain.kt:109)
04-06 18:06:55.734 E/CIRISApiClient(29305): 	at okhttp3.internal.http.BridgeInterceptor.intercept(BridgeInterceptor.kt:83)
04-06 18:06:55.734 E/CIRISApiClient(29305): 	at okhttp3.internal.http.RealInterceptorChain.proceed(RealInterceptorChain.kt:109)
04-06 18:06:55.734 E/CIRISApiClient(29305): 	at okhttp3.internal.http.RetryAndFollowUpInterceptor.intercept(RetryAndFollowUpInterceptor.kt:76)
04-06 18:06:55.734 E/CIRISApiClient(29305): 	at okhttp3.internal.http.RealInterceptorChain.proceed(RealInterceptorChain.kt:109)
04-06 18:06:55.734 E/CIRISApiClient(29305): 	at okhttp3.internal.connection.RealCall.getResponseWithInterceptorChain$okhttp(RealCall.kt:201)
04-06 18:06:55.734 E/CIRISApiClient(29305): 	at okhttp3.internal.connection.RealCall$AsyncCall.run(RealCall.kt:517)
04-06 18:06:55.734 E/CIRISApiClient(29305): 	at java.util.concurrent.ThreadPoolExecutor.runWorker(ThreadPoolExecutor.java:1133)
04-06 18:06:55.734 E/CIRISApiClient(29305): 	at java.util.concurrent.ThreadPoolExecutor$Worker.run(ThreadPoolExecutor.java:607)
04-06 18:06:55.734 E/CIRISApiClient(29305): 	at java.lang.Thread.run(Thread.java:762)
04-06 18:06:55.734 E/CIRISApiClient(29305): Caused by: java.net.ConnectException: Connection refused
04-06 18:06:55.734 E/CIRISApiClient(29305): 	at java.net.PlainSocketImpl.socketConnect(Native Method)
04-06 18:06:55.734 E/CIRISApiClient(29305): 	at java.net.AbstractPlainSocketImpl.doConnect(AbstractPlainSocketImpl.java:334)
04-06 18:06:55.734 E/CIRISApiClient(29305): 	at java.net.AbstractPlainSocketImpl.connectToAddress(AbstractPlainSocketImpl.java:196)
04-06 18:06:55.734 E/CIRISApiClient(29305): 	at java.net.AbstractPlainSocketImpl.connect(AbstractPlainSocketImpl.java:178)
04-06 18:06:55.734 E/CIRISApiClient(29305): 	at java.net.SocksSocketImpl.connect(SocksSocketImpl.java:356)
04-06 18:06:55.734 E/CIRISApiClient(29305): 	at java.net.Socket.connect(Socket.java:605)
04-06 18:06:55.734 E/CIRISApiClient(29305): 	at okhttp3.internal.platform.AndroidPlatform.connectSocket(AndroidPlatform.kt:63)
04-06 18:06:55.734 E/CIRISApiClient(29305): 	at okhttp3.internal.connection.RealConnection.connectSocket(RealConnection.kt:295)
04-06 18:06:55.734 E/CIRISApiClient(29305): 	... 18 more
04-06 18:06:57.411 D/CIRISApp(29305): [INIT] CIRISApp composable invoked - googleSignInCallback=PRESENT (77981698)
04-06 18:06:57.414 I/InteractViewModel(29305): [setDeviceAttestationCallback] Device attestation callback SET
04-06 18:06:58.086 I/python.stdout(29305): [STARTUP] Checking port 8080 availability...
04-06 18:06:58.088 I/python.stdout(29305): [STARTUP] Binding to port 8080...
04-06 18:06:58.109 I/python.stdout(29305): 
04-06 18:06:58.109 I/python.stdout(29305): ============================================================
04-06 18:06:58.109 I/python.stdout(29305):   CIRIS Setup Required
04-06 18:06:58.109 I/python.stdout(29305): ============================================================
04-06 18:06:58.109 I/python.stdout(29305): 
04-06 18:06:58.109 I/python.stdout(29305):   Open your browser to complete setup:
04-06 18:06:58.109 I/python.stdout(29305): 
04-06 18:06:58.110 I/python.stdout(29305):     http://0.0.0.0:8080
04-06 18:06:58.110 I/python.stdout(29305): 
04-06 18:06:58.110 I/python.stdout(29305): ============================================================
04-06 18:06:58.110 I/python.stdout(29305): 
04-06 18:06:58.110 I/python.stdout(29305): [STARTUP] Starting server...
04-06 18:06:58.150 I/python.stdout(29305): Starting CIRIS API...
04-06 18:06:59.112 I/python.stdout(29305): [STARTUP] API server listening on port 8080
04-06 18:06:59.113 I/python.stdout(29305): [STARTUP] Server ready for connections
04-06 18:06:59.914 D/CIRISApp(29305): [INIT] CIRISApp composable invoked - googleSignInCallback=PRESENT (77981698)
04-06 18:06:59.915 I/InteractViewModel(29305): [setDeviceAttestationCallback] Device attestation callback SET
04-06 18:07:02.418 D/CIRISApp(29305): [INIT] CIRISApp composable invoked - googleSignInCallback=PRESENT (77981698)
04-06 18:07:02.422 I/InteractViewModel(29305): [setDeviceAttestationCallback] Device attestation callback SET
04-06 18:07:03.235 D/CIRISApp(29305): [INIT] CIRISApp composable invoked - googleSignInCallback=PRESENT (77981698)
04-06 18:07:03.237 I/InteractViewModel(29305): [setDeviceAttestationCallback] Device attestation callback SET
04-06 18:07:03.275 D/CIRISApp(29305): [INFO] Startup READY, checking first-run status...
04-06 18:07:03.321 I/CIRISApiClient(29305): [init] CIRISApiClient initialized with baseUrl=http://localhost:8080
04-06 18:07:03.351 I/InteractViewModel(29305): [observeLanguageChanges] Updating pipeline labels for language: en (explicit=false)
04-06 18:07:03.356 D/CIRISApp(29305): [INIT] CIRISApp composable invoked - googleSignInCallback=PRESENT (77981698)
04-06 18:07:03.358 I/InteractViewModel(29305): [setDeviceAttestationCallback] Device attestation callback SET
04-06 18:07:03.424 I/CIRISApiClient(29305): [getSetupStatus] Setup status: required=true, firstRun=true, configExists=false
04-06 18:07:03.428 D/CIRISApp(29305): [INFO] First run check result: true
04-06 18:07:03.428 D/CIRISApp(29305): [INFO] First run detected, navigating to Login
04-06 18:07:03.429 D/CIRISApp(29305): [INIT] CIRISApp composable invoked - googleSignInCallback=PRESENT (77981698)
04-06 18:07:03.431 I/InteractViewModel(29305): [setDeviceAttestationCallback] Device attestation callback SET
04-06 18:07:03.436 D/CIRISApp(29305): [DEBUG][Screen.Login] Rendering login screen, googleSignInCallback=PRESENT, isFirstRun=true
04-06 18:07:04.033 D/EnvFileUpdater(29305): Found CIRIS_HOME from env: /data/user/0/ai.ciris.mobile.debug/files/ciris
04-06 18:07:13.449 D/CIRISApp(29305): [INFO][onGoogleSignIn] Button click handler invoked, googleSignInCallback=PRESENT
04-06 18:07:13.449 D/CIRISApp(29305): [INFO][onGoogleSignIn] Callback is not null, calling onGoogleSignInRequested...
04-06 18:07:13.450 I/MainActivity(29305): Google Sign-In requested from CIRISApp (interactive)
04-06 18:07:13.527 D/CIRISApp(29305): [DEBUG][Screen.Login] Rendering login screen, googleSignInCallback=PRESENT, isFirstRun=true
04-06 18:07:14.035 D/EnvFileUpdater(29305): Found CIRIS_HOME from env: /data/user/0/ai.ciris.mobile.debug/files/ciris
04-06 18:07:15.946 I/MainActivity(29305): Google Sign-In successful: ciristest1@gmail.com
04-06 18:07:15.950 D/CIRISApp(29305): [INFO][onGoogleSignIn] Got result from native sign-in: Success
04-06 18:07:15.951 D/CIRISApp(29305): [DEBUG][onGoogleSignIn] Processing result: Success(idToken=eyJhbGciOiJSUzI1NiIsImtpZCI6ImNjZTRlMDI0YTUxYWEwYzFjNDFjMWE0NTE1YTQxZGQ3ZTk2MTkzNmIiLCJ0eXAiOiJKV1QifQ.eyJpc3MiOiJodHRwczovL2FjY291bnRzLmdvb2dsZS5jb20iLCJhenAiOiIyNjU4ODI4NTM2OTctOGM1M20zaG4yZDcwczdvcWxtMmgxNjdmN2hyZDFhdTYuYXBwcy5nb29nbGV1c2VyY29udGVudC5jb20iLCJhdWQiOiIyNjU4ODI4NTM2OTctbDQyMW5kb2pjczVubTdsa2xuNTNqajI5a2Y3a2NrOTEuYXBwcy5nb29nbGV1c2VyY29udGVudC5jb20iLCJzdWIiOiIxMDI3NzM3NDkwMzM2ODE2NzEwODMiLCJlbWFpbCI6ImNpcmlzdGVzdDFAZ21haWwuY29tIiwiZW1haWxfdmVyaWZpZWQiOnRydWUsIm5hbWUiOiJDSVJJUyBURVNUIiwicGljdHVyZSI6Imh0dHBzOi8vbGgzLmdvb2dsZXVzZXJjb250ZW50LmNvbS9hL0FDZzhvY0t3ZzEwUXB2U1oxWDl2YWZ3eW5kSW51X0RlOGpTdXNqcExZanA0RFdOT253RFBVUT1zOTYtYyIsImdpdmVuX25hbWUiOiJDSVJJUyIsImZhbWlseV9uYW1lIjoiVEVTVCIsImlhdCI6MTc3NTUxNDkyOCwiZXhwIjoxNzc1NTE4NTI4fQ.iegOEwOrt24L-exL9uuzn7zi7Ey0c7hh221E2uaEdj2XDwd7HD_UYxX37adlPXtqi6HKKhyKhDYA458RZIt74KWP_KOZSy-MEj6f-NrwQQsXLRiTQX3I4_OWAWvf1vlg5vk-4jVDxY9rc6ztLY350HFLhSdPy_oOKqiMSa7uGz_gC7-BZQvvij0XdeANDiiSVkMCyKDQYlmBWrZLZFYdp2XuCEXULE1cnBSR4bflvXt3tjSNVloAiNOttLjALs98-FKJd2qlFYt8RL4jvOgApmO10aEPqdYGAP9WZimengEeRBS15gmSTeTHv3zWBfFXRkPPiqFyTUlFqhgUoz28IQ, userId=102773749033681671083, email=ciristest1@gmail.com, displayName=CIRIS TEST, provider=google)
04-06 18:07:15.951 D/CIRISApp(29305): [INFO] Sign-in success: userId=102773749033681671083, email=ciristest1@gmail.com
04-06 18:07:15.968 D/CIRISApp(29305): [INFO] Checking setup status at http://localhost:8080...
04-06 18:07:16.005 I/CIRISApiClient(29305): [init] CIRISApiClient initialized with baseUrl=http://localhost:8080
04-06 18:07:16.016 D/CIRISApp(29305): [DEBUG][Screen.Login] Rendering login screen, googleSignInCallback=PRESENT, isFirstRun=true
04-06 18:07:16.126 I/CIRISApiClient(29305): [getSetupStatus] Setup status: required=true, firstRun=true, configExists=false
04-06 18:07:16.128 D/CIRISApp(29305): [INFO] Setup required check result: true
04-06 18:07:16.128 D/CIRISApp(29305): [INFO] Setup required - storing tokens and navigating to Setup wizard (provider=google)
04-06 18:07:16.130 I/TokenManager(29305): [setCurrentProvider] Provider set to: google
04-06 18:07:16.134 D/CIRISApp(29305): [INFO] Navigating to Screen.Setup
04-06 18:07:16.136 D/CIRISApp(29305): [INIT] CIRISApp composable invoked - googleSignInCallback=PRESENT (77981698)
04-06 18:07:16.138 I/InteractViewModel(29305): [setDeviceAttestationCallback] Device attestation callback SET
04-06 18:07:16.143 D/CIRISApp(29305): [DEBUG][Screen.Setup] Rendering setup screen
04-06 18:07:24.038 D/EnvFileUpdater(29305): Found CIRIS_HOME from env: /data/user/0/ai.ciris.mobile.debug/files/ciris
04-06 18:07:29.305 I/CIRISApiClient(29305): [connectToNode] Initiating device auth for node: https://portal.ciris.ai
04-06 18:07:34.041 D/EnvFileUpdater(29305): Found CIRIS_HOME from env: /data/user/0/ai.ciris.mobile.debug/files/ciris
04-06 18:07:34.979 I/chromium(30649): [INFO:tin_six_tab_helper.cc(147)] OnTabAdded
04-06 18:07:34.980 I/chromium(30649): [INFO:tin_six_tab_helper.cc(736)] InsertWebContentsAt 0,4 :0xc1187100
04-06 18:07:35.057 I/chromium(30649): [INFO:tin_six_tab_helper.cc(84)] OnCurrentTabChanged 0,4
04-06 18:07:35.057 I/chromium(30649): [INFO:tin_six_tab_helper.cc(640)] ForceActivateTabAt 0,4
04-06 18:07:35.119 I/chromium(30649): [INFO:render_widget_host_impl.cc(843)] SBRTOUCHLOG  RenderWidgetHostImpl::WasShown
04-06 18:07:35.121 W/chromium(30649): [WARNING:window_android.cc(109)] TAB-STATUS observer added
04-06 18:07:35.122 W/chromium(30649): [WARNING:render_widget_host_view_android.cc(1906)] TAB-STATUS it is still showing
04-06 18:07:35.122 W/chromium(30649): [WARNING:window_android.cc(123)] TAB-STATUS observer removed
04-06 18:07:35.122 W/chromium(30649): [WARNING:window_android.cc(109)] TAB-STATUS observer added
04-06 18:07:35.123 I/chromium(30649): [INFO:tin_six_tab_helper.cc(621)] ActivateTabAt 0,4
04-06 18:07:35.356 I/chromium(30649): [INFO:tin_six_tab_helper.cc(84)] OnCurrentTabChanged 0,4
04-06 18:07:35.356 I/chromium(30649): [INFO:tin_six_tab_helper.cc(640)] ForceActivateTabAt 0,4
04-06 18:07:35.399 I/chromium(30649): [INFO:layer_tree_host_impl.cc(198)] SBRTOUCHLOG DidVisibilityChange = 1
04-06 18:07:35.437 I/chromium(30649): [INFO:browser_gpu_channel_host_factory.cc(359)] EstablishGpuChannel gpu_channel IsLost(),destroying channel
04-06 18:07:35.438 I/chromium(30649): [INFO:browser_gpu_channel_host_factory.cc(364)] EstablishGpuChannel: establishing gpu_channel
04-06 18:07:35.457 I/chromium(30649): [INFO:ui_resource_layer_manager.cc(290)] CC-HideUrlbar: EnableUIResourceLayer LayerType: 0 Drawable true
04-06 18:07:35.464 I/chromium(30649): [INFO:tin_six_tab_helper.cc(84)] OnCurrentTabChanged 0,4
04-06 18:07:35.464 I/chromium(30649): [INFO:tin_six_tab_helper.cc(640)] ForceActivateTabAt 0,4
04-06 18:07:35.466 I/chromium(30649): [INFO:tin_six_tab_helper.cc(84)] OnCurrentTabChanged 0,4
04-06 18:07:35.466 I/chromium(30649): [INFO:tin_six_tab_helper.cc(640)] ForceActivateTabAt 0,4
04-06 18:07:35.495 I/chromium(30649): [INFO:ui_resource_layer_manager.cc(290)] CC-HideUrlbar: EnableUIResourceLayer LayerType: 1 Drawable true
04-06 18:07:35.591 I/chromium(31264): [INFO:dispatcher.cc(1571)] CreateBindingsSystem
04-06 18:07:35.596 W/chromium(30649): [WARNING:gpu_process_host.cc(996)] Reinitialized the GPU process after a crash. The reported initialization time was 128 ms
04-06 18:07:35.677 I/chromium(30649): [INFO:tin_six_tab_helper.cc(621)] ActivateTabAt 0,4
04-06 18:07:35.687 I/chromium(31264): [INFO:layer_tree_host_impl.cc(198)] SBRTOUCHLOG DidVisibilityChange = 0
04-06 18:07:35.688 I/chromium(31264): [INFO:layer_tree_host_impl.cc(4001)] SBRTOUCHLOG SetDeferCommitFlagForDebug = 1
04-06 18:07:35.710 I/chromium(31264): [INFO:tin_anti_tracking_renderer_url_loader_throttle_helper.cc(31)] [IAT] set delegate th 0xc008c150 td 0xc1262da0
04-06 18:07:35.710 I/chromium(31264): [INFO:tin_smart_protect_renderer.cc(16)] TinSmartProtectRenderer
04-06 18:07:35.711 I/chromium(31264): [INFO:tin_smart_protect_renderer.cc(33)] BindPendingReceiver bound=1
04-06 18:07:35.712 I/chromium(31264): [INFO:layer_tree_host_impl.cc(198)] SBRTOUCHLOG DidVisibilityChange = 1
04-06 18:07:35.737 I/chromium(31264): [INFO:render_frame_impl.cc(3805)] LoaderLog didCommitProvisionalLoad
04-06 18:07:35.751 I/chromium(30649): [INFO:tin_auto_https_upgrade_monitor.cc(27)] AutoHTTPSUpgrade  FallbackList  size = 0
04-06 18:07:35.800 I/chromium(31264): [INFO:memory_cache.cc(126)] MemoryCache MemberMemoryCache is disabled
04-06 18:07:36.032 I/chromium(31264): [INFO:progress_tracker.cc(112)] LoaderLog  FinishedParsing
04-06 18:07:36.034 I/chromium(31264): [INFO:layer_tree_host_impl.cc(4001)] SBRTOUCHLOG SetDeferCommitFlagForDebug = 0
04-06 18:07:36.055 I/chromium(31264): [INFO:layer_tree_impl.cc(1205)] DidUpdatePageScale IsActiveTree: 0 ScaleFactor: 1
04-06 18:07:36.058 I/chromium(31264): [INFO:layer_tree_impl.cc(1205)] DidUpdatePageScale IsActiveTree: 1 ScaleFactor: 1
04-06 18:07:36.347 I/chromium(30649): [INFO:web_contents_impl.cc(6549)] LoaderLog  progress completed
04-06 18:07:36.388 I/chromium(31264): [INFO:render_frame_impl.cc(4027)] LoaderLog didFinishLoad
04-06 18:07:36.389 I/chromium(31264): [INFO:frame_loader.cc(402)] LoaderLog Completed totalBytes = 106022
04-06 18:07:36.389 I/chromium(31264): [INFO:render_frame_impl.cc(5114)] LoaderLog didStopLoading
04-06 18:07:36.399 I/chromium(30649): [INFO:tin_six_tab_helper.cc(621)] ActivateTabAt 0,4
04-06 18:07:36.454 I/chromium(31264): [INFO:document_loader.cc(793)] LoaderLog UpdateForSameDocumentNavigation  was_loading = 0  is_client_redirect_ = 0  replaces_history_item_ = 1
04-06 18:07:36.454 I/chromium(31264): [INFO:render_frame_impl.cc(5114)] LoaderLog didStopLoading
04-06 18:07:36.505 I/chromium(30649): [INFO:tin_six_tab_helper.cc(621)] ActivateTabAt 0,4
04-06 18:07:38.290 W/chromium(30649): [WARNING:render_widget_host_view_android.cc(1070)] SBRTOUCHLOG  OnTouchEvent, Action::DOWN
04-06 18:07:38.291 I/chromium(30649): [INFO:render_widget_host_input_event_router.cc(861)] SBRTOUCHLOG Set Touch sequence target view: 0x5f6afc00
04-06 18:07:38.291 W/chromium(30649): [WARNING:input_router_impl.cc(529)] SBRTOUCHLOG FilterAndSendWebInputEvent, kTouchStart
04-06 18:07:38.293 I/chromium(31264): [INFO:web_frame_widget_impl.cc(2748)] SBRTOUCHLOG Blink HandleInputEvent event received = PointerDown
04-06 18:07:38.305 I/chromium(31264): [INFO:web_frame_widget_impl.cc(2748)] SBRTOUCHLOG Blink HandleInputEvent event received = PointerMove
04-06 18:07:38.306 I/chromium(31264): [INFO:web_frame_widget_impl.cc(2748)] SBRTOUCHLOG Blink HandleInputEvent event received = GestureTapDown
04-06 18:07:38.312 I/chromium(31264): [INFO:web_frame_widget_impl.cc(2748)] SBRTOUCHLOG Blink HandleInputEvent event received = PointerMove
04-06 18:07:38.312 I/chromium(31264): [INFO:layer_tree_host_impl.cc(332)] SBRTOUCHLOG LayerTreeHostImpl::ScrollBegin defer_commit =  0
04-06 18:07:38.313 I/chromium(31264): [INFO:layer_tree_host_impl.cc(303)] SBRTOUCHLOG LayerTreeHostImpl::ScrollBy delta_y = 2.29207
04-06 18:07:38.315 I/chromium(31264): [INFO:web_frame_widget_impl.cc(2748)] SBRTOUCHLOG Blink HandleInputEvent event received = GestureTapCancel
04-06 18:07:38.316 I/chromium(31264): [INFO:web_frame_widget_impl.cc(2748)] SBRTOUCHLOG Blink HandleInputEvent event received = PointerCausedUaAction
04-06 18:07:38.333 I/chromium(31264): [INFO:web_frame_widget_impl.cc(2748)] SBRTOUCHLOG Blink HandleInputEvent event received = PointerMove
04-06 18:07:38.401 I/chromium(31264): [INFO:layer_tree_host_impl.cc(2438)] SBRTOUCHLOG AsyncLayerTreeFrameSink::SubmitCompositorFrame
04-06 18:07:38.415 I/chromium(31264): [INFO:layer_tree_host_impl.cc(303)] SBRTOUCHLOG LayerTreeHostImpl::ScrollBy delta_y = 30.5612
04-06 18:07:38.482 W/chromium(30649): [WARNING:window_android.cc(109)] TAB-STATUS observer added
04-06 18:07:38.483 I/chromium(31264): [INFO:web_frame_widget_impl.cc(2748)] SBRTOUCHLOG Blink HandleInputEvent event received = PointerMove
04-06 18:07:38.485 I/chromium(31264): [INFO:web_frame_widget_impl.cc(2748)] SBRTOUCHLOG Blink HandleInputEvent event received = PointerUp
04-06 18:07:38.498 I/chromium(31264): [INFO:layer_tree_host_impl.cc(2438)] SBRTOUCHLOG AsyncLayerTreeFrameSink::SubmitCompositorFrame
04-06 18:07:38.515 I/chromium(31264): [INFO:layer_tree_host_impl.cc(303)] SBRTOUCHLOG LayerTreeHostImpl::ScrollBy delta_y = 37.115
04-06 18:07:38.583 I/chromium(31264): [INFO:layer_tree_host_impl.cc(2438)] SBRTOUCHLOG AsyncLayerTreeFrameSink::SubmitCompositorFrame
04-06 18:07:38.599 I/chromium(31264): [INFO:layer_tree_host_impl.cc(303)] SBRTOUCHLOG LayerTreeHostImpl::ScrollBy delta_y = 35.3703
04-06 18:07:38.668 I/chromium(31264): [INFO:layer_tree_host_impl.cc(2438)] SBRTOUCHLOG AsyncLayerTreeFrameSink::SubmitCompositorFrame
04-06 18:07:38.684 I/chromium(31264): [INFO:layer_tree_host_impl.cc(303)] SBRTOUCHLOG LayerTreeHostImpl::ScrollBy delta_y = 27.6229
04-06 18:07:39.126 W/chromium(30649): [WARNING:render_widget_host_view_android.cc(1070)] SBRTOUCHLOG  OnTouchEvent, Action::DOWN
04-06 18:07:39.127 I/chromium(30649): [INFO:render_widget_host_input_event_router.cc(861)] SBRTOUCHLOG Set Touch sequence target view: 0x5f6afc00
04-06 18:07:39.127 W/chromium(30649): [WARNING:input_router_impl.cc(529)] SBRTOUCHLOG FilterAndSendWebInputEvent, kTouchStart
04-06 18:07:39.128 I/chromium(31264): [INFO:web_frame_widget_impl.cc(2748)] SBRTOUCHLOG Blink HandleInputEvent event received = PointerDown
04-06 18:07:39.129 W/chromium(30649): [WARNING:window_android.cc(123)] TAB-STATUS observer removed
04-06 18:07:39.133 I/chromium(31264): [INFO:layer_tree_host_impl.cc(344)] SBRTOUCHLOG LayerTreeHostImpl::ScrollEnd
04-06 18:07:39.147 I/chromium(31264): [INFO:layer_tree_host_impl.cc(332)] SBRTOUCHLOG LayerTreeHostImpl::ScrollBegin defer_commit =  0
04-06 18:07:39.149 I/chromium(31264): [INFO:web_frame_widget_impl.cc(2748)] SBRTOUCHLOG Blink HandleInputEvent event received = PointerMove
04-06 18:07:39.149 I/chromium(31264): [INFO:layer_tree_host_impl.cc(303)] SBRTOUCHLOG LayerTreeHostImpl::ScrollBy delta_y = 1.1157
04-06 18:07:39.153 I/chromium(31264): [INFO:web_frame_widget_impl.cc(2748)] SBRTOUCHLOG Blink HandleInputEvent event received = PointerCausedUaAction
04-06 18:07:39.168 I/chromium(31264): [INFO:web_frame_widget_impl.cc(2748)] SBRTOUCHLOG Blink HandleInputEvent event received = PointerMove
04-06 18:07:39.216 I/chromium(31264): [INFO:layer_tree_host_impl.cc(2438)] SBRTOUCHLOG AsyncLayerTreeFrameSink::SubmitCompositorFrame
04-06 18:07:39.232 I/chromium(31264): [INFO:layer_tree_host_impl.cc(303)] SBRTOUCHLOG LayerTreeHostImpl::ScrollBy delta_y = 39.7777
04-06 18:07:39.300 I/chromium(31264): [INFO:layer_tree_host_impl.cc(2438)] SBRTOUCHLOG AsyncLayerTreeFrameSink::SubmitCompositorFrame
04-06 18:07:39.306 W/chromium(30649): [WARNING:window_android.cc(109)] TAB-STATUS observer added
04-06 18:07:39.306 I/chromium(31264): [INFO:web_frame_widget_impl.cc(2748)] SBRTOUCHLOG Blink HandleInputEvent event received = PointerMove
04-06 18:07:39.308 I/chromium(31264): [INFO:web_frame_widget_impl.cc(2748)] SBRTOUCHLOG Blink HandleInputEvent event received = PointerUp
04-06 18:07:39.316 I/chromium(31264): [INFO:layer_tree_host_impl.cc(303)] SBRTOUCHLOG LayerTreeHostImpl::ScrollBy delta_y = 64.7215
04-06 18:07:39.385 I/chromium(31264): [INFO:layer_tree_host_impl.cc(2438)] SBRTOUCHLOG AsyncLayerTreeFrameSink::SubmitCompositorFrame
04-06 18:07:39.400 I/chromium(31264): [INFO:layer_tree_host_impl.cc(303)] SBRTOUCHLOG LayerTreeHostImpl::ScrollBy delta_y = 45.3089
04-06 18:07:39.468 I/chromium(31264): [INFO:layer_tree_host_impl.cc(2438)] SBRTOUCHLOG AsyncLayerTreeFrameSink::SubmitCompositorFrame
04-06 18:07:39.484 I/chromium(31264): [INFO:layer_tree_host_impl.cc(303)] SBRTOUCHLOG LayerTreeHostImpl::ScrollBy delta_y = 36.4237
04-06 18:07:40.106 W/chromium(30649): [WARNING:render_widget_host_view_android.cc(1070)] SBRTOUCHLOG  OnTouchEvent, Action::DOWN
04-06 18:07:40.106 I/chromium(30649): [INFO:render_widget_host_input_event_router.cc(861)] SBRTOUCHLOG Set Touch sequence target view: 0x5f6afc00
04-06 18:07:40.106 W/chromium(30649): [WARNING:input_router_impl.cc(529)] SBRTOUCHLOG FilterAndSendWebInputEvent, kTouchStart
04-06 18:07:40.108 I/chromium(31264): [INFO:web_frame_widget_impl.cc(2748)] SBRTOUCHLOG Blink HandleInputEvent event received = PointerDown
04-06 18:07:40.120 I/chromium(31264): [INFO:layer_tree_host_impl.cc(344)] SBRTOUCHLOG LayerTreeHostImpl::ScrollEnd
04-06 18:07:40.121 I/chromium(31264): [INFO:web_frame_widget_impl.cc(2748)] SBRTOUCHLOG Blink HandleInputEvent event received = PointerMove
04-06 18:07:40.122 W/chromium(30649): [WARNING:window_android.cc(123)] TAB-STATUS observer removed
04-06 18:07:40.125 I/chromium(31264): [INFO:web_frame_widget_impl.cc(2748)] SBRTOUCHLOG Blink HandleInputEvent event received = GestureTapDown
04-06 18:07:40.135 I/chromium(31264): [INFO:web_frame_widget_impl.cc(2748)] SBRTOUCHLOG Blink HandleInputEvent event received = PointerMove
04-06 18:07:40.142 I/chromium(31264): [INFO:layer_tree_host_impl.cc(332)] SBRTOUCHLOG LayerTreeHostImpl::ScrollBegin defer_commit =  0
04-06 18:07:40.142 I/chromium(31264): [INFO:web_frame_widget_impl.cc(2748)] SBRTOUCHLOG Blink HandleInputEvent event received = PointerMove
04-06 18:07:40.142 I/chromium(31264): [INFO:layer_tree_host_impl.cc(303)] SBRTOUCHLOG LayerTreeHostImpl::ScrollBy delta_y = 4.5773
04-06 18:07:40.146 I/chromium(31264): [INFO:web_frame_widget_impl.cc(2748)] SBRTOUCHLOG Blink HandleInputEvent event received = GestureTapCancel
04-06 18:07:40.147 I/chromium(31264): [INFO:web_frame_widget_impl.cc(2748)] SBRTOUCHLOG Blink HandleInputEvent event received = PointerCausedUaAction
04-06 18:07:40.168 I/chromium(31264): [INFO:web_frame_widget_impl.cc(2748)] SBRTOUCHLOG Blink HandleInputEvent event received = PointerMove
04-06 18:07:40.218 I/chromium(31264): [INFO:layer_tree_host_impl.cc(2438)] SBRTOUCHLOG AsyncLayerTreeFrameSink::SubmitCompositorFrame
04-06 18:07:40.234 I/chromium(31264): [INFO:layer_tree_host_impl.cc(303)] SBRTOUCHLOG LayerTreeHostImpl::ScrollBy delta_y = 27.1033
04-06 18:07:40.303 I/chromium(31264): [INFO:layer_tree_host_impl.cc(2438)] SBRTOUCHLOG AsyncLayerTreeFrameSink::SubmitCompositorFrame
04-06 18:07:40.318 I/chromium(31264): [INFO:layer_tree_host_impl.cc(303)] SBRTOUCHLOG LayerTreeHostImpl::ScrollBy delta_y = 26.7437
04-06 18:07:40.370 I/chromium(31264): [INFO:web_frame_widget_impl.cc(2748)] SBRTOUCHLOG Blink HandleInputEvent event received = PointerMove
04-06 18:07:40.386 I/chromium(31264): [INFO:layer_tree_host_impl.cc(2438)] SBRTOUCHLOG AsyncLayerTreeFrameSink::SubmitCompositorFrame
04-06 18:07:40.403 W/chromium(30649): [WARNING:window_android.cc(109)] TAB-STATUS observer added
04-06 18:07:40.404 I/chromium(31264): [INFO:web_frame_widget_impl.cc(2748)] SBRTOUCHLOG Blink HandleInputEvent event received = PointerMove
04-06 18:07:40.407 I/chromium(31264): [INFO:web_frame_widget_impl.cc(2748)] SBRTOUCHLOG Blink HandleInputEvent event received = PointerUp
04-06 18:07:40.410 I/chromium(31264): [INFO:layer_tree_host_impl.cc(303)] SBRTOUCHLOG LayerTreeHostImpl::ScrollBy delta_y = 43.5252
04-06 18:07:40.486 I/chromium(31264): [INFO:layer_tree_host_impl.cc(2438)] SBRTOUCHLOG AsyncLayerTreeFrameSink::SubmitCompositorFrame
04-06 18:07:40.502 I/chromium(31264): [INFO:layer_tree_host_impl.cc(303)] SBRTOUCHLOG LayerTreeHostImpl::ScrollBy delta_y = 21.3063
04-06 18:07:41.205 W/chromium(30649): [WARNING:render_widget_host_view_android.cc(1070)] SBRTOUCHLOG  OnTouchEvent, Action::DOWN
04-06 18:07:41.206 I/chromium(30649): [INFO:render_widget_host_input_event_router.cc(861)] SBRTOUCHLOG Set Touch sequence target view: 0x5f6afc00
04-06 18:07:41.206 W/chromium(30649): [WARNING:input_router_impl.cc(529)] SBRTOUCHLOG FilterAndSendWebInputEvent, kTouchStart
04-06 18:07:41.207 I/chromium(31264): [INFO:web_frame_widget_impl.cc(2748)] SBRTOUCHLOG Blink HandleInputEvent event received = PointerDown
04-06 18:07:41.209 W/chromium(30649): [WARNING:window_android.cc(123)] TAB-STATUS observer removed
04-06 18:07:41.219 I/chromium(31264): [INFO:layer_tree_host_impl.cc(344)] SBRTOUCHLOG LayerTreeHostImpl::ScrollEnd
04-06 18:07:41.220 I/chromium(31264): [INFO:web_frame_widget_impl.cc(2748)] SBRTOUCHLOG Blink HandleInputEvent event received = PointerMove
04-06 18:07:41.235 I/chromium(31264): [INFO:web_frame_widget_impl.cc(2748)] SBRTOUCHLOG Blink HandleInputEvent event received = PointerMove
04-06 18:07:41.252 I/chromium(31264): [INFO:web_frame_widget_impl.cc(2748)] SBRTOUCHLOG Blink HandleInputEvent event received = PointerMove
04-06 18:07:41.268 I/chromium(31264): [INFO:web_frame_widget_impl.cc(2748)] SBRTOUCHLOG Blink HandleInputEvent event received = PointerMove
04-06 18:07:41.270 I/chromium(31264): [INFO:layer_tree_host_impl.cc(332)] SBRTOUCHLOG LayerTreeHostImpl::ScrollBegin defer_commit =  0
04-06 18:07:41.271 I/chromium(31264): [INFO:web_frame_widget_impl.cc(2748)] SBRTOUCHLOG Blink HandleInputEvent event received = PointerMove
04-06 18:07:41.271 I/chromium(31264): [INFO:layer_tree_host_impl.cc(303)] SBRTOUCHLOG LayerTreeHostImpl::ScrollBy delta_y = 0.287397
04-06 18:07:41.274 I/chromium(31264): [INFO:web_frame_widget_impl.cc(2748)] SBRTOUCHLOG Blink HandleInputEvent event received = PointerCausedUaAction
04-06 18:07:41.286 I/chromium(31264): [INFO:web_frame_widget_impl.cc(2748)] SBRTOUCHLOG Blink HandleInputEvent event received = PointerMove
04-06 18:07:41.336 I/chromium(31264): [INFO:layer_tree_host_impl.cc(2438)] SBRTOUCHLOG AsyncLayerTreeFrameSink::SubmitCompositorFrame
04-06 18:07:41.352 I/chromium(31264): [INFO:layer_tree_host_impl.cc(303)] SBRTOUCHLOG LayerTreeHostImpl::ScrollBy delta_y = 8.64049
04-06 18:07:41.420 I/chromium(31264): [INFO:layer_tree_host_impl.cc(2438)] SBRTOUCHLOG AsyncLayerTreeFrameSink::SubmitCompositorFrame
04-06 18:07:41.436 I/chromium(31264): [INFO:layer_tree_host_impl.cc(303)] SBRTOUCHLOG LayerTreeHostImpl::ScrollBy delta_y = 16.1453
04-06 18:07:41.487 I/chromium(31264): [INFO:web_frame_widget_impl.cc(2748)] SBRTOUCHLOG Blink HandleInputEvent event received = PointerMove
04-06 18:07:41.504 I/chromium(31264): [INFO:layer_tree_host_impl.cc(2438)] SBRTOUCHLOG AsyncLayerTreeFrameSink::SubmitCompositorFrame
04-06 18:07:41.519 I/chromium(31264): [INFO:layer_tree_host_impl.cc(303)] SBRTOUCHLOG LayerTreeHostImpl::ScrollBy delta_y = 43.4277
04-06 18:07:41.563 W/chromium(30649): [WARNING:window_android.cc(109)] TAB-STATUS observer added
04-06 18:07:41.564 I/chromium(31264): [INFO:web_frame_widget_impl.cc(2748)] SBRTOUCHLOG Blink HandleInputEvent event received = PointerMove
04-06 18:07:41.566 I/chromium(31264): [INFO:web_frame_widget_impl.cc(2748)] SBRTOUCHLOG Blink HandleInputEvent event received = PointerUp
04-06 18:07:41.587 I/chromium(31264): [INFO:layer_tree_host_impl.cc(2438)] SBRTOUCHLOG AsyncLayerTreeFrameSink::SubmitCompositorFrame
04-06 18:07:41.602 I/chromium(31264): [INFO:layer_tree_host_impl.cc(303)] SBRTOUCHLOG LayerTreeHostImpl::ScrollBy delta_y = 46.3255
04-06 18:07:42.221 W/chromium(30649): [WARNING:window_android.cc(123)] TAB-STATUS observer removed
04-06 18:07:42.237 I/chromium(31264): [INFO:layer_tree_host_impl.cc(344)] SBRTOUCHLOG LayerTreeHostImpl::ScrollEnd
04-06 18:07:42.360 W/chromium(30649): [WARNING:render_widget_host_view_android.cc(1070)] SBRTOUCHLOG  OnTouchEvent, Action::DOWN
04-06 18:07:42.361 I/chromium(30649): [INFO:render_widget_host_input_event_router.cc(861)] SBRTOUCHLOG Set Touch sequence target view: 0x5f6afc00
04-06 18:07:42.361 W/chromium(30649): [WARNING:input_router_impl.cc(529)] SBRTOUCHLOG FilterAndSendWebInputEvent, kTouchStart
04-06 18:07:42.362 I/chromium(31264): [INFO:web_frame_widget_impl.cc(2748)] SBRTOUCHLOG Blink HandleInputEvent event received = PointerDown
04-06 18:07:42.367 I/chromium(31264): [INFO:web_frame_widget_impl.cc(2748)] SBRTOUCHLOG Blink HandleInputEvent event received = GestureTapDown
04-06 18:07:42.379 I/chromium(31264): [INFO:web_frame_widget_impl.cc(2748)] SBRTOUCHLOG Blink HandleInputEvent event received = PointerMove
04-06 18:07:42.389 I/chromium(31264): [INFO:web_frame_widget_impl.cc(2748)] SBRTOUCHLOG Blink HandleInputEvent event received = PointerMove
04-06 18:07:42.403 I/chromium(31264): [INFO:web_frame_widget_impl.cc(2748)] SBRTOUCHLOG Blink HandleInputEvent event received = PointerMove
04-06 18:07:42.417 I/chromium(31264): [INFO:layer_tree_host_impl.cc(332)] SBRTOUCHLOG LayerTreeHostImpl::ScrollBegin defer_commit =  0
04-06 18:07:42.417 I/chromium(31264): [INFO:web_frame_widget_impl.cc(2748)] SBRTOUCHLOG Blink HandleInputEvent event received = PointerMove
04-06 18:07:42.418 I/chromium(31264): [INFO:layer_tree_host_impl.cc(303)] SBRTOUCHLOG LayerTreeHostImpl::ScrollBy delta_y = 5.12423
04-06 18:07:42.420 I/chromium(31264): [INFO:web_frame_widget_impl.cc(2748)] SBRTOUCHLOG Blink HandleInputEvent event received = GestureTapCancel
04-06 18:07:42.421 I/chromium(31264): [INFO:web_frame_widget_impl.cc(2748)] SBRTOUCHLOG Blink HandleInputEvent event received = PointerCausedUaAction
04-06 18:07:42.436 I/chromium(31264): [INFO:web_frame_widget_impl.cc(2748)] SBRTOUCHLOG Blink HandleInputEvent event received = PointerMove
04-06 18:07:42.453 I/chromium(31264): [INFO:web_frame_widget_impl.cc(2748)] SBRTOUCHLOG Blink HandleInputEvent event received = PointerMove
04-06 18:07:42.465 I/chromium(31264): [INFO:layer_tree_host_impl.cc(303)] SBRTOUCHLOG LayerTreeHostImpl::ScrollBy delta_y = 8.79309
04-06 18:07:42.470 I/chromium(31264): [INFO:web_frame_widget_impl.cc(2748)] SBRTOUCHLOG Blink HandleInputEvent event received = PointerMove
04-06 18:07:42.487 I/chromium(31264): [INFO:web_frame_widget_impl.cc(2748)] SBRTOUCHLOG Blink HandleInputEvent event received = PointerMove
04-06 18:07:42.503 I/chromium(31264): [INFO:web_frame_widget_impl.cc(2748)] SBRTOUCHLOG Blink HandleInputEvent event received = PointerMove
04-06 18:07:42.511 I/chromium(31264): [INFO:layer_tree_host_impl.cc(303)] SBRTOUCHLOG LayerTreeHostImpl::ScrollBy delta_y = 7.69402
04-06 18:07:42.520 I/chromium(31264): [INFO:web_frame_widget_impl.cc(2748)] SBRTOUCHLOG Blink HandleInputEvent event received = PointerMove
04-06 18:07:42.537 I/chromium(31264): [INFO:web_frame_widget_impl.cc(2748)] SBRTOUCHLOG Blink HandleInputEvent event received = PointerMove
04-06 18:07:42.554 I/chromium(31264): [INFO:web_frame_widget_impl.cc(2748)] SBRTOUCHLOG Blink HandleInputEvent event received = PointerMove
04-06 18:07:42.561 I/chromium(31264): [INFO:layer_tree_host_impl.cc(303)] SBRTOUCHLOG LayerTreeHostImpl::ScrollBy delta_y = 4.39658
04-06 18:07:42.571 I/chromium(31264): [INFO:web_frame_widget_impl.cc(2748)] SBRTOUCHLOG Blink HandleInputEvent event received = PointerMove
04-06 18:07:42.588 I/chromium(31264): [INFO:web_frame_widget_impl.cc(2748)] SBRTOUCHLOG Blink HandleInputEvent event received = PointerMove
04-06 18:07:42.604 I/chromium(31264): [INFO:web_frame_widget_impl.cc(2748)] SBRTOUCHLOG Blink HandleInputEvent event received = PointerMove
04-06 18:07:42.612 I/chromium(31264): [INFO:layer_tree_host_impl.cc(303)] SBRTOUCHLOG LayerTreeHostImpl::ScrollBy delta_y = 2.19825
04-06 18:07:42.622 I/chromium(31264): [INFO:web_frame_widget_impl.cc(2748)] SBRTOUCHLOG Blink HandleInputEvent event received = PointerMove
04-06 18:07:42.638 I/chromium(31264): [INFO:web_frame_widget_impl.cc(2748)] SBRTOUCHLOG Blink HandleInputEvent event received = PointerMove
04-06 18:07:42.654 I/chromium(31264): [INFO:web_frame_widget_impl.cc(2748)] SBRTOUCHLOG Blink HandleInputEvent event received = PointerMove
04-06 18:07:42.671 I/chromium(31264): [INFO:web_frame_widget_impl.cc(2748)] SBRTOUCHLOG Blink HandleInputEvent event received = PointerMove
04-06 18:07:42.682 I/chromium(31264): [INFO:web_frame_widget_impl.cc(2748)] SBRTOUCHLOG Blink HandleInputEvent event received = PointerUp
04-06 18:07:42.684 I/chromium(30649): [INFO:input_router_impl.cc(641)] SBRTOUCHLOG InputRouterImpl::TouchEventHandled type: TouchEnd & ack: NOT_CONSUMED
04-06 18:07:42.687 I/chromium(31264): [INFO:layer_tree_host_impl.cc(344)] SBRTOUCHLOG LayerTreeHostImpl::ScrollEnd
04-06 18:07:43.347 W/chromium(30649): [WARNING:render_widget_host_view_android.cc(1070)] SBRTOUCHLOG  OnTouchEvent, Action::DOWN
04-06 18:07:43.347 I/chromium(30649): [INFO:render_widget_host_input_event_router.cc(861)] SBRTOUCHLOG Set Touch sequence target view: 0x5f6afc00
04-06 18:07:43.347 W/chromium(30649): [WARNING:input_router_impl.cc(529)] SBRTOUCHLOG FilterAndSendWebInputEvent, kTouchStart
04-06 18:07:43.348 I/chromium(31264): [INFO:web_frame_widget_impl.cc(2748)] SBRTOUCHLOG Blink HandleInputEvent event received = PointerDown
04-06 18:07:43.353 I/chromium(31264): [INFO:web_frame_widget_impl.cc(2748)] SBRTOUCHLOG Blink HandleInputEvent event received = GestureTapDown
04-06 18:07:43.404 I/chromium(31264): [INFO:web_frame_widget_impl.cc(2748)] SBRTOUCHLOG Blink HandleInputEvent event received = PointerMove
04-06 18:07:43.411 I/chromium(31264): [INFO:web_frame_widget_impl.cc(2748)] SBRTOUCHLOG Blink HandleInputEvent event received = PointerUp
04-06 18:07:43.415 I/chromium(30649): [INFO:input_router_impl.cc(641)] SBRTOUCHLOG InputRouterImpl::TouchEventHandled type: TouchEnd & ack: NOT_CONSUMED
04-06 18:07:43.416 I/chromium(31264): [INFO:web_frame_widget_impl.cc(2748)] SBRTOUCHLOG Blink HandleInputEvent event received = GestureShowPress
04-06 18:07:43.420 I/chromium(31264): [INFO:web_frame_widget_impl.cc(2748)] SBRTOUCHLOG Blink HandleInputEvent event received = GestureTap
04-06 18:07:44.044 D/EnvFileUpdater(29305): Found CIRIS_HOME from env: /data/user/0/ai.ciris.mobile.debug/files/ciris
04-06 18:07:44.347 I/chromium(31264): [INFO:frame_loader.cc(618)] LoaderLog  StartNavigation  ClientRedirect = 0
04-06 18:07:44.371 I/chromium(30649): [INFO:tin_six_tab_helper.cc(621)] ActivateTabAt 0,4
04-06 18:07:44.389 I/chromium(31264): [INFO:layer_tree_host_impl.cc(198)] SBRTOUCHLOG DidVisibilityChange = 0
04-06 18:07:44.389 I/chromium(31264): [INFO:layer_tree_host_impl.cc(4001)] SBRTOUCHLOG SetDeferCommitFlagForDebug = 1
04-06 18:07:44.391 I/chromium(31264): [INFO:layer_tree_host_impl.cc(4001)] SBRTOUCHLOG SetDeferCommitFlagForDebug = 0
04-06 18:07:44.391 I/chromium(31264): [INFO:tin_anti_tracking_renderer_url_loader_throttle_helper.cc(31)] [IAT] set delegate th 0xc008c150 td 0xc12692e0
04-06 18:07:44.391 I/chromium(31264): [INFO:tin_smart_protect_renderer.cc(16)] TinSmartProtectRenderer
04-06 18:07:44.392 I/chromium(31264): [INFO:tin_smart_protect_renderer.cc(33)] BindPendingReceiver bound=1
04-06 18:07:44.574 I/chromium(31264): [INFO:tin_anti_tracking_renderer_url_loader_throttle_helper.cc(38)] [IAT] detector destroyed 0xc12692e0
04-06 18:07:44.587 I/chromium(30649): [INFO:tin_six_tab_helper.cc(621)] ActivateTabAt 0,4
04-06 18:07:44.807 I/chromium(31351): [INFO:dispatcher.cc(1571)] CreateBindingsSystem
04-06 18:07:44.830 I/chromium(31351): [INFO:layer_tree_host_impl.cc(198)] SBRTOUCHLOG DidVisibilityChange = 0
04-06 18:07:44.830 I/chromium(31351): [INFO:layer_tree_host_impl.cc(4001)] SBRTOUCHLOG SetDeferCommitFlagForDebug = 1
04-06 18:07:44.831 I/chromium(31351): [INFO:layer_tree_host_impl.cc(4001)] SBRTOUCHLOG SetDeferCommitFlagForDebug = 0
04-06 18:07:44.831 I/chromium(31351): [INFO:tin_anti_tracking_renderer_url_loader_throttle_helper.cc(31)] [IAT] set delegate th 0xc0413f10 td 0xc12635c0
04-06 18:07:44.831 I/chromium(31351): [INFO:tin_smart_protect_renderer.cc(16)] TinSmartProtectRenderer
04-06 18:07:44.832 I/chromium(31351): [INFO:tin_smart_protect_renderer.cc(33)] BindPendingReceiver bound=1
