04-16 20:57:24.961 E/CIRISApiClient(16714): [getSystemStatus] Exception: UnknownHostException: Unable to resolve host "localhost": No address associated with hostname | Context: url=http://localhost:8080
04-16 20:57:26.220 E/CIRISApiClient(16714): [getMessages] Exception: UnknownHostException: Unable to resolve host "localhost": No address associated with hostname | Context: limit=50, is401=false, tokenPresent=true, tokenPreview=ciris_ad...pyiw
04-16 20:57:26.230 W/InteractViewModel(16714): [fetchHistory] Non-auth error: UnknownHostException: Unable to resolve host "localhost": No address associated with hostname
04-16 20:57:26.238 E/CIRISApiClient(16714): [getAuditEntries] Exception: UnknownHostException: Unable to resolve host "localhost": No address associated with hostname
04-16 20:57:26.828 E/CIRISApiClient(16714): [getSystemStatus] Exception: UnknownHostException: Unable to resolve host "localhost": No address associated with hostname | Context: url=http://localhost:8080
04-16 20:57:29.251 E/CIRISApiClient(16714): [getMessages] Exception: UnknownHostException: Unable to resolve host "localhost": No address associated with hostname | Context: limit=50, is401=false, tokenPresent=true, tokenPreview=ciris_ad...pyiw
04-16 20:57:29.255 W/InteractViewModel(16714): [fetchHistory] Non-auth error: UnknownHostException: Unable to resolve host "localhost": No address associated with hostname
04-16 20:57:29.263 E/CIRISApiClient(16714): [getAuditEntries] Exception: UnknownHostException: Unable to resolve host "localhost": No address associated with hostname
04-16 20:57:29.976 E/CIRISApiClient(16714): [getSystemStatus] Exception: UnknownHostException: Unable to resolve host "localhost": No address associated with hostname | Context: url=http://localhost:8080
04-16 20:57:30.217 E/CIRISApiClient(16714): [getLlmConfig] Exception: UnknownHostException: Unable to resolve host "localhost": No address associated with hostname
04-16 20:57:30.220 W/InteractViewModel(16714): [fetchHealthData] Failed to fetch LLM config from API: Unable to resolve host "localhost": No address associated with hostname
04-16 20:57:30.232 E/CIRISApiClient(16714): [getVerifyStatus] Exception: UnknownHostException: Unable to resolve host "localhost": No address associated with hostname
04-16 20:57:30.235 I/CIRISApiClient(16714): [getWAStatus] Fetching WA status
04-16 20:57:30.243 E/CIRISApiClient(16714): [getWAStatus] Exception: UnknownHostException: Unable to resolve host "localhost": No address associated with hostname
04-16 20:57:30.244 I/CIRISApiClient(16714): [getSystemHealth] Fetching system health
04-16 20:57:30.253 E/CIRISApiClient(16714): [getSystemHealth] Exception: UnknownHostException: Unable to resolve host "localhost": No address associated with hostname
04-16 20:57:31.845 E/CIRISApiClient(16714): [getSystemStatus] Exception: UnknownHostException: Unable to resolve host "localhost": No address associated with hostname | Context: url=http://localhost:8080
04-16 20:57:32.281 E/CIRISApiClient(16714): [getMessages] Exception: UnknownHostException: Unable to resolve host "localhost": No address associated with hostname | Context: limit=50, is401=false, tokenPresent=true, tokenPreview=ciris_ad...pyiw
04-16 20:57:32.284 W/InteractViewModel(16714): [fetchHistory] Non-auth error: UnknownHostException: Unable to resolve host "localhost": No address associated with hostname
04-16 20:57:32.295 E/CIRISApiClient(16714): [getAuditEntries] Exception: UnknownHostException: Unable to resolve host "localhost": No address associated with hostname
04-16 20:57:34.105 D/EnvFileUpdater(16714): Found CIRIS_HOME from env: /data/user/0/ai.ciris.mobile/files/ciris
04-16 20:57:35.001 E/CIRISApiClient(16714): [getSystemStatus] Exception: UnknownHostException: Unable to resolve host "localhost": No address associated with hostname | Context: url=http://localhost:8080
04-16 20:57:35.315 E/CIRISApiClient(16714): [getMessages] Exception: UnknownHostException: Unable to resolve host "localhost": No address associated with hostname | Context: limit=50, is401=false, tokenPresent=true, tokenPreview=ciris_ad...pyiw
04-16 20:57:35.319 W/InteractViewModel(16714): [fetchHistory] Non-auth error: UnknownHostException: Unable to resolve host "localhost": No address associated with hostname
04-16 20:57:35.330 E/CIRISApiClient(16714): [getAuditEntries] Exception: UnknownHostException: Unable to resolve host "localhost": No address associated with hostname
04-16 20:57:36.859 E/CIRISApiClient(16714): [getSystemStatus] Exception: UnknownHostException: Unable to resolve host "localhost": No address associated with hostname | Context: url=http://localhost:8080
04-16 20:57:38.343 E/CIRISApiClient(16714): [getMessages] Exception: UnknownHostException: Unable to resolve host "localhost": No address associated with hostname | Context: limit=50, is401=false, tokenPresent=true, tokenPreview=ciris_ad...pyiw
04-16 20:57:38.345 W/InteractViewModel(16714): [fetchHistory] Non-auth error: UnknownHostException: Unable to resolve host "localhost": No address associated with hostname
04-16 20:57:38.352 E/CIRISApiClient(16714): [getAuditEntries] Exception: UnknownHostException: Unable to resolve host "localhost": No address associated with hostname
04-16 20:57:40.022 E/CIRISApiClient(16714): [getSystemStatus] Exception: UnknownHostException: Unable to resolve host "localhost": No address associated with hostname | Context: url=http://localhost:8080
04-16 20:57:41.370 E/CIRISApiClient(16714): [getMessages] Exception: UnknownHostException: Unable to resolve host "localhost": No address associated with hostname | Context: limit=50, is401=false, tokenPresent=true, tokenPreview=ciris_ad...pyiw
04-16 20:57:41.372 W/InteractViewModel(16714): [fetchHistory] Non-auth error: UnknownHostException: Unable to resolve host "localhost": No address associated with hostname
04-16 20:57:41.379 E/CIRISApiClient(16714): [getAuditEntries] Exception: UnknownHostException: Unable to resolve host "localhost": No address associated with hostname
04-16 20:57:41.877 E/CIRISApiClient(16714): [getSystemStatus] Exception: UnknownHostException: Unable to resolve host "localhost": No address associated with hostname | Context: url=http://localhost:8080
04-16 20:57:44.106 D/EnvFileUpdater(16714): Found CIRIS_HOME from env: /data/user/0/ai.ciris.mobile/files/ciris
04-16 20:57:44.400 E/CIRISApiClient(16714): [getMessages] Exception: UnknownHostException: Unable to resolve host "localhost": No address associated with hostname | Context: limit=50, is401=false, tokenPresent=true, tokenPreview=ciris_ad...pyiw
04-16 20:57:44.403 W/InteractViewModel(16714): [fetchHistory] Non-auth error: UnknownHostException: Unable to resolve host "localhost": No address associated with hostname
04-16 20:57:44.412 E/CIRISApiClient(16714): [getAuditEntries] Exception: UnknownHostException: Unable to resolve host "localhost": No address associated with hostname
04-16 20:57:45.040 E/CIRISApiClient(16714): [getSystemStatus] Exception: UnknownHostException: Unable to resolve host "localhost": No address associated with hostname | Context: url=http://localhost:8080
04-16 20:57:46.895 E/CIRISApiClient(16714): [getSystemStatus] Exception: UnknownHostException: Unable to resolve host "localhost": No address associated with hostname | Context: url=http://localhost:8080
04-16 20:57:47.421 E/CIRISApiClient(16714): [getMessages] Exception: UnknownHostException: Unable to resolve host "localhost": No address associated with hostname | Context: limit=50, is401=false, tokenPresent=true, tokenPreview=ciris_ad...pyiw
04-16 20:57:47.423 W/InteractViewModel(16714): [fetchHistory] Non-auth error: UnknownHostException: Unable to resolve host "localhost": No address associated with hostname
04-16 20:57:47.435 E/CIRISApiClient(16714): [getAuditEntries] Exception: UnknownHostException: Unable to resolve host "localhost": No address associated with hostname
04-16 20:57:50.059 E/CIRISApiClient(16714): [getSystemStatus] Exception: UnknownHostException: Unable to resolve host "localhost": No address associated with hostname | Context: url=http://localhost:8080
04-16 20:57:50.445 E/CIRISApiClient(16714): [getMessages] Exception: UnknownHostException: Unable to resolve host "localhost": No address associated with hostname | Context: limit=50, is401=false, tokenPresent=true, tokenPreview=ciris_ad...pyiw
04-16 20:57:50.447 W/InteractViewModel(16714): [fetchHistory] Non-auth error: UnknownHostException: Unable to resolve host "localhost": No address associated with hostname
04-16 20:57:50.454 E/CIRISApiClient(16714): [getAuditEntries] Exception: UnknownHostException: Unable to resolve host "localhost": No address associated with hostname
04-16 20:57:51.910 E/CIRISApiClient(16714): [getSystemStatus] Exception: UnknownHostException: Unable to resolve host "localhost": No address associated with hostname | Context: url=http://localhost:8080
04-16 20:57:53.470 E/CIRISApiClient(16714): [getMessages] Exception: UnknownHostException: Unable to resolve host "localhost": No address associated with hostname | Context: limit=50, is401=false, tokenPresent=true, tokenPreview=ciris_ad...pyiw
04-16 20:57:53.473 W/InteractViewModel(16714): [fetchHistory] Non-auth error: UnknownHostException: Unable to resolve host "localhost": No address associated with hostname
04-16 20:57:53.482 E/CIRISApiClient(16714): [getAuditEntries] Exception: UnknownHostException: Unable to resolve host "localhost": No address associated with hostname
04-16 20:57:54.108 D/EnvFileUpdater(16714): Found CIRIS_HOME from env: /data/user/0/ai.ciris.mobile/files/ciris
04-16 20:57:55.075 E/CIRISApiClient(16714): [getSystemStatus] Exception: UnknownHostException: Unable to resolve host "localhost": No address associated with hostname | Context: url=http://localhost:8080
04-16 20:57:56.495 E/CIRISApiClient(16714): [getMessages] Exception: UnknownHostException: Unable to resolve host "localhost": No address associated with hostname | Context: limit=50, is401=false, tokenPresent=true, tokenPreview=ciris_ad...pyiw
04-16 20:57:56.498 W/InteractViewModel(16714): [fetchHistory] Non-auth error: UnknownHostException: Unable to resolve host "localhost": No address associated with hostname
04-16 20:57:56.506 E/CIRISApiClient(16714): [getAuditEntries] Exception: UnknownHostException: Unable to resolve host "localhost": No address associated with hostname
04-16 20:57:56.922 E/CIRISApiClient(16714): [getSystemStatus] Exception: UnknownHostException: Unable to resolve host "localhost": No address associated with hostname | Context: url=http://localhost:8080
04-16 20:57:59.533 E/CIRISApiClient(16714): [getMessages] Exception: UnknownHostException: Unable to resolve host "localhost": No address associated with hostname | Context: limit=50, is401=false, tokenPresent=true, tokenPreview=ciris_ad...pyiw
04-16 20:57:59.535 W/InteractViewModel(16714): [fetchHistory] Non-auth error: UnknownHostException: Unable to resolve host "localhost": No address associated with hostname
04-16 20:57:59.542 E/CIRISApiClient(16714): [getAuditEntries] Exception: UnknownHostException: Unable to resolve host "localhost": No address associated with hostname
04-16 20:58:00.090 E/CIRISApiClient(16714): [getSystemStatus] Exception: UnknownHostException: Unable to resolve host "localhost": No address associated with hostname | Context: url=http://localhost:8080
04-16 20:58:00.267 E/CIRISApiClient(16714): [getLlmConfig] Exception: UnknownHostException: Unable to resolve host "localhost": No address associated with hostname
04-16 20:58:00.269 W/InteractViewModel(16714): [fetchHealthData] Failed to fetch LLM config from API: Unable to resolve host "localhost": No address associated with hostname
04-16 20:58:00.278 E/CIRISApiClient(16714): [getVerifyStatus] Exception: UnknownHostException: Unable to resolve host "localhost": No address associated with hostname
04-16 20:58:00.280 I/CIRISApiClient(16714): [getWAStatus] Fetching WA status
04-16 20:58:00.293 E/CIRISApiClient(16714): [getWAStatus] Exception: UnknownHostException: Unable to resolve host "localhost": No address associated with hostname
04-16 20:58:00.294 I/CIRISApiClient(16714): [getSystemHealth] Fetching system health
04-16 20:58:00.304 E/CIRISApiClient(16714): [getSystemHealth] Exception: UnknownHostException: Unable to resolve host "localhost": No address associated with hostname
04-16 20:58:01.939 E/CIRISApiClient(16714): [getSystemStatus] Exception: UnknownHostException: Unable to resolve host "localhost": No address associated with hostname | Context: url=http://localhost:8080
04-16 20:58:02.552 E/CIRISApiClient(16714): [getMessages] Exception: UnknownHostException: Unable to resolve host "localhost": No address associated with hostname | Context: limit=50, is401=false, tokenPresent=true, tokenPreview=ciris_ad...pyiw
04-16 20:58:02.554 W/InteractViewModel(16714): [fetchHistory] Non-auth error: UnknownHostException: Unable to resolve host "localhost": No address associated with hostname
04-16 20:58:02.562 E/CIRISApiClient(16714): [getAuditEntries] Exception: UnknownHostException: Unable to resolve host "localhost": No address associated with hostname
04-16 20:58:04.110 D/EnvFileUpdater(16714): Found CIRIS_HOME from env: /data/user/0/ai.ciris.mobile/files/ciris
04-16 20:58:05.109 E/CIRISApiClient(16714): [getSystemStatus] Exception: UnknownHostException: Unable to resolve host "localhost": No address associated with hostname | Context: url=http://localhost:8080
04-16 20:58:05.575 E/CIRISApiClient(16714): [getMessages] Exception: UnknownHostException: Unable to resolve host "localhost": No address associated with hostname | Context: limit=50, is401=false, tokenPresent=true, tokenPreview=ciris_ad...pyiw
04-16 20:58:05.577 W/InteractViewModel(16714): [fetchHistory] Non-auth error: UnknownHostException: Unable to resolve host "localhost": No address associated with hostname
04-16 20:58:05.587 E/CIRISApiClient(16714): [getAuditEntries] Exception: UnknownHostException: Unable to resolve host "localhost": No address associated with hostname
04-16 20:58:06.952 E/CIRISApiClient(16714): [getSystemStatus] Exception: UnknownHostException: Unable to resolve host "localhost": No address associated with hostname | Context: url=http://localhost:8080
04-16 20:58:08.610 E/CIRISApiClient(16714): [getMessages] Exception: UnknownHostException: Unable to resolve host "localhost": No address associated with hostname | Context: limit=50, is401=false, tokenPresent=true, tokenPreview=ciris_ad...pyiw
04-16 20:58:08.614 W/InteractViewModel(16714): [fetchHistory] Non-auth error: UnknownHostException: Unable to resolve host "localhost": No address associated with hostname
04-16 20:58:08.624 E/CIRISApiClient(16714): [getAuditEntries] Exception: UnknownHostException: Unable to resolve host "localhost": No address associated with hostname
04-16 20:58:10.123 E/CIRISApiClient(16714): [getSystemStatus] Exception: UnknownHostException: Unable to resolve host "localhost": No address associated with hostname | Context: url=http://localhost:8080
04-16 20:58:11.637 E/CIRISApiClient(16714): [getMessages] Exception: UnknownHostException: Unable to resolve host "localhost": No address associated with hostname | Context: limit=50, is401=false, tokenPresent=true, tokenPreview=ciris_ad...pyiw
04-16 20:58:11.640 W/InteractViewModel(16714): [fetchHistory] Non-auth error: UnknownHostException: Unable to resolve host "localhost": No address associated with hostname
04-16 20:58:11.647 E/CIRISApiClient(16714): [getAuditEntries] Exception: UnknownHostException: Unable to resolve host "localhost": No address associated with hostname
04-16 20:58:11.966 E/CIRISApiClient(16714): [getSystemStatus] Exception: UnknownHostException: Unable to resolve host "localhost": No address associated with hostname | Context: url=http://localhost:8080
04-16 20:58:14.111 D/EnvFileUpdater(16714): Found CIRIS_HOME from env: /data/user/0/ai.ciris.mobile/files/ciris
04-16 20:58:14.660 E/CIRISApiClient(16714): [getMessages] Exception: UnknownHostException: Unable to resolve host "localhost": No address associated with hostname | Context: limit=50, is401=false, tokenPresent=true, tokenPreview=ciris_ad...pyiw
04-16 20:58:14.662 W/InteractViewModel(16714): [fetchHistory] Non-auth error: UnknownHostException: Unable to resolve host "localhost": No address associated with hostname
04-16 20:58:14.668 E/CIRISApiClient(16714): [getAuditEntries] Exception: UnknownHostException: Unable to resolve host "localhost": No address associated with hostname
04-16 20:58:15.136 E/CIRISApiClient(16714): [getSystemStatus] Exception: UnknownHostException: Unable to resolve host "localhost": No address associated with hostname | Context: url=http://localhost:8080
04-16 20:58:16.978 E/CIRISApiClient(16714): [getSystemStatus] Exception: UnknownHostException: Unable to resolve host "localhost": No address associated with hostname | Context: url=http://localhost:8080
04-16 20:58:17.681 E/CIRISApiClient(16714): [getMessages] Exception: UnknownHostException: Unable to resolve host "localhost": No address associated with hostname | Context: limit=50, is401=false, tokenPresent=true, tokenPreview=ciris_ad...pyiw
04-16 20:58:17.683 W/InteractViewModel(16714): [fetchHistory] Non-auth error: UnknownHostException: Unable to resolve host "localhost": No address associated with hostname
04-16 20:58:17.698 E/CIRISApiClient(16714): [getAuditEntries] Exception: UnknownHostException: Unable to resolve host "localhost": No address associated with hostname
04-16 20:58:20.154 E/CIRISApiClient(16714): [getSystemStatus] Exception: UnknownHostException: Unable to resolve host "localhost": No address associated with hostname | Context: url=http://localhost:8080
04-16 20:58:20.709 E/CIRISApiClient(16714): [getMessages] Exception: UnknownHostException: Unable to resolve host "localhost": No address associated with hostname | Context: limit=50, is401=false, tokenPresent=true, tokenPreview=ciris_ad...pyiw
04-16 20:58:20.711 W/InteractViewModel(16714): [fetchHistory] Non-auth error: UnknownHostException: Unable to resolve host "localhost": No address associated with hostname
04-16 20:58:20.719 E/CIRISApiClient(16714): [getAuditEntries] Exception: UnknownHostException: Unable to resolve host "localhost": No address associated with hostname
04-16 20:58:21.991 E/CIRISApiClient(16714): [getSystemStatus] Exception: UnknownHostException: Unable to resolve host "localhost": No address associated with hostname | Context: url=http://localhost:8080
04-16 20:58:23.731 E/CIRISApiClient(16714): [getMessages] Exception: UnknownHostException: Unable to resolve host "localhost": No address associated with hostname | Context: limit=50, is401=false, tokenPresent=true, tokenPreview=ciris_ad...pyiw
04-16 20:58:23.734 W/InteractViewModel(16714): [fetchHistory] Non-auth error: UnknownHostException: Unable to resolve host "localhost": No address associated with hostname
04-16 20:58:23.743 E/CIRISApiClient(16714): [getAuditEntries] Exception: UnknownHostException: Unable to resolve host "localhost": No address associated with hostname
04-16 20:58:24.112 D/EnvFileUpdater(16714): Found CIRIS_HOME from env: /data/user/0/ai.ciris.mobile/files/ciris
04-16 20:58:25.165 E/CIRISApiClient(16714): [getSystemStatus] Exception: UnknownHostException: Unable to resolve host "localhost": No address associated with hostname | Context: url=http://localhost:8080
04-16 20:58:26.759 E/CIRISApiClient(16714): [getMessages] Exception: UnknownHostException: Unable to resolve host "localhost": No address associated with hostname | Context: limit=50, is401=false, tokenPresent=true, tokenPreview=ciris_ad...pyiw
04-16 20:58:26.761 W/InteractViewModel(16714): [fetchHistory] Non-auth error: UnknownHostException: Unable to resolve host "localhost": No address associated with hostname
04-16 20:58:26.769 E/CIRISApiClient(16714): [getAuditEntries] Exception: UnknownHostException: Unable to resolve host "localhost": No address associated with hostname
04-16 20:58:27.006 E/CIRISApiClient(16714): [getSystemStatus] Exception: UnknownHostException: Unable to resolve host "localhost": No address associated with hostname | Context: url=http://localhost:8080
04-16 20:58:29.783 E/CIRISApiClient(16714): [getMessages] Exception: UnknownHostException: Unable to resolve host "localhost": No address associated with hostname | Context: limit=50, is401=false, tokenPresent=true, tokenPreview=ciris_ad...pyiw
04-16 20:58:29.786 W/InteractViewModel(16714): [fetchHistory] Non-auth error: UnknownHostException: Unable to resolve host "localhost": No address associated with hostname
04-16 20:58:29.793 E/CIRISApiClient(16714): [getAuditEntries] Exception: UnknownHostException: Unable to resolve host "localhost": No address associated with hostname
04-16 20:58:30.178 E/CIRISApiClient(16714): [getSystemStatus] Exception: UnknownHostException: Unable to resolve host "localhost": No address associated with hostname | Context: url=http://localhost:8080
04-16 20:58:30.317 E/CIRISApiClient(16714): [getLlmConfig] Exception: UnknownHostException: Unable to resolve host "localhost": No address associated with hostname
04-16 20:58:30.319 W/InteractViewModel(16714): [fetchHealthData] Failed to fetch LLM config from API: Unable to resolve host "localhost": No address associated with hostname
04-16 20:58:30.328 E/CIRISApiClient(16714): [getVerifyStatus] Exception: UnknownHostException: Unable to resolve host "localhost": No address associated with hostname
04-16 20:58:30.330 I/CIRISApiClient(16714): [getWAStatus] Fetching WA status
04-16 20:58:30.337 E/CIRISApiClient(16714): [getWAStatus] Exception: UnknownHostException: Unable to resolve host "localhost": No address associated with hostname
04-16 20:58:30.339 I/CIRISApiClient(16714): [getSystemHealth] Fetching system health
04-16 20:58:30.346 E/CIRISApiClient(16714): [getSystemHealth] Exception: UnknownHostException: Unable to resolve host "localhost": No address associated with hostname
04-16 20:58:32.019 E/CIRISApiClient(16714): [getSystemStatus] Exception: UnknownHostException: Unable to resolve host "localhost": No address associated with hostname | Context: url=http://localhost:8080
04-16 20:58:32.802 E/CIRISApiClient(16714): [getMessages] Exception: UnknownHostException: Unable to resolve host "localhost": No address associated with hostname | Context: limit=50, is401=false, tokenPresent=true, tokenPreview=ciris_ad...pyiw
04-16 20:58:32.804 W/InteractViewModel(16714): [fetchHistory] Non-auth error: UnknownHostException: Unable to resolve host "localhost": No address associated with hostname
04-16 20:58:32.808 E/CIRISApiClient(16714): [getAuditEntries] Exception: UnknownHostException: Unable to resolve host "localhost": No address associated with hostname
04-16 20:58:33.260 E/chromium(27036): [ERROR:cc/tiles/tile_manager.cc:997] WARNING: tile memory limits exceeded, some content may not draw
04-16 20:58:33.275 E/chromium(27036): [ERROR:cc/tiles/tile_manager.cc:997] WARNING: tile memory limits exceeded, some content may not draw
04-16 20:58:33.276 E/chromium(27036): [ERROR:cc/tiles/tile_manager.cc:997] WARNING: tile memory limits exceeded, some content may not draw
04-16 20:58:33.287 E/chromium(27036): [ERROR:cc/tiles/tile_manager.cc:997] WARNING: tile memory limits exceeded, some content may not draw
04-16 20:58:33.298 E/chromium(27036): [ERROR:cc/tiles/tile_manager.cc:997] WARNING: tile memory limits exceeded, some content may not draw
04-16 20:58:33.299 E/chromium(27036): [ERROR:cc/tiles/tile_manager.cc:997] WARNING: tile memory limits exceeded, some content may not draw
04-16 20:58:34.115 D/EnvFileUpdater(16714): Found CIRIS_HOME from env: /data/user/0/ai.ciris.mobile/files/ciris
04-16 20:58:34.377 E/chromium(27036): [ERROR:cc/tiles/tile_manager.cc:997] WARNING: tile memory limits exceeded, some content may not draw
04-16 20:58:34.377 E/chromium(27036): [ERROR:cc/tiles/tile_manager.cc:997] WARNING: tile memory limits exceeded, some content may not draw
04-16 20:58:34.418 E/chromium(27036): [ERROR:cc/tiles/tile_manager.cc:997] WARNING: tile memory limits exceeded, some content may not draw
04-16 20:58:34.418 E/chromium(27036): [ERROR:cc/tiles/tile_manager.cc:997] WARNING: tile memory limits exceeded, some content may not draw
04-16 20:58:34.442 E/chromium(27036): [ERROR:cc/tiles/tile_manager.cc:997] WARNING: tile memory limits exceeded, some content may not draw
04-16 20:58:34.442 E/chromium(27036): [ERROR:cc/tiles/tile_manager.cc:997] WARNING: tile memory limits exceeded, some content may not draw
04-16 20:58:35.194 E/CIRISApiClient(16714): [getSystemStatus] Exception: UnknownHostException: Unable to resolve host "localhost": No address associated with hostname | Context: url=http://localhost:8080
04-16 20:58:35.818 E/CIRISApiClient(16714): [getMessages] Exception: UnknownHostException: Unable to resolve host "localhost": No address associated with hostname | Context: limit=50, is401=false, tokenPresent=true, tokenPreview=ciris_ad...pyiw
04-16 20:58:35.821 W/InteractViewModel(16714): [fetchHistory] Non-auth error: UnknownHostException: Unable to resolve host "localhost": No address associated with hostname
04-16 20:58:35.829 E/CIRISApiClient(16714): [getAuditEntries] Exception: UnknownHostException: Unable to resolve host "localhost": No address associated with hostname
04-16 20:58:37.034 E/CIRISApiClient(16714): [getSystemStatus] Exception: UnknownHostException: Unable to resolve host "localhost": No address associated with hostname | Context: url=http://localhost:8080
04-16 20:58:38.852 E/CIRISApiClient(16714): [getMessages] Exception: UnknownHostException: Unable to resolve host "localhost": No address associated with hostname | Context: limit=50, is401=false, tokenPresent=true, tokenPreview=ciris_ad...pyiw
04-16 20:58:38.854 W/InteractViewModel(16714): [fetchHistory] Non-auth error: UnknownHostException: Unable to resolve host "localhost": No address associated with hostname
04-16 20:58:38.866 E/CIRISApiClient(16714): [getAuditEntries] Exception: UnknownHostException: Unable to resolve host "localhost": No address associated with hostname
04-16 20:58:39.002 W/chromium(27194): [WARNING:net/cert/ev_root_ca_metadata.cc:118] Not implemented
04-16 20:58:39.014 W/chromium(27194): [WARNING:net/cert/ev_root_ca_metadata.cc:118] Not implemented
04-16 20:58:39.332 W/chromium(27194): [WARNING:net/cert/ev_root_ca_metadata.cc:118] Not implemented
04-16 20:58:39.363 W/chromium(27194): [WARNING:net/cert/ev_root_ca_metadata.cc:118] Not implemented
04-16 20:58:40.213 E/CIRISApiClient(16714): [getSystemStatus] Exception: UnknownHostException: Unable to resolve host "localhost": No address associated with hostname | Context: url=http://localhost:8080
04-16 20:58:41.878 E/CIRISApiClient(16714): [getMessages] Exception: UnknownHostException: Unable to resolve host "localhost": No address associated with hostname | Context: limit=50, is401=false, tokenPresent=true, tokenPreview=ciris_ad...pyiw
04-16 20:58:41.880 W/InteractViewModel(16714): [fetchHistory] Non-auth error: UnknownHostException: Unable to resolve host "localhost": No address associated with hostname
04-16 20:58:41.889 E/CIRISApiClient(16714): [getAuditEntries] Exception: UnknownHostException: Unable to resolve host "localhost": No address associated with hostname
04-16 20:58:42.046 E/CIRISApiClient(16714): [getSystemStatus] Exception: UnknownHostException: Unable to resolve host "localhost": No address associated with hostname | Context: url=http://localhost:8080
04-16 20:58:42.970 W/chromium(27194): [WARNING:net/cert/ev_root_ca_metadata.cc:118] Not implemented
04-16 20:58:42.970 W/chromium(27194): [WARNING:net/cert/ev_root_ca_metadata.cc:118] Not implemented
04-16 20:58:43.049 W/chromium(23445): [WARNING:content/app/android/content_main_android.cc:82] android_setCpu already initialized
04-16 20:58:43.081 W/chromium(27194): [WARNING:net/cert/ev_root_ca_metadata.cc:118] Not implemented
04-16 20:58:43.365 W/chromium(23483): [WARNING:content/app/android/content_main_android.cc:82] android_setCpu already initialized
04-16 20:58:43.370 W/chromium(27194): [WARNING:net/cert/ev_root_ca_metadata.cc:118] Not implemented
04-16 20:58:44.117 D/EnvFileUpdater(16714): Found CIRIS_HOME from env: /data/user/0/ai.ciris.mobile/files/ciris
04-16 20:58:44.783 I/chromium(13613): [INFO:third_party/blink/renderer/modules/peerconnection/peer_connection_dependency_factory.cc:941] Running WebRTC with a combined Network and Worker thread.
04-16 20:58:44.881 W/chromium(27194): [WARNING:chrome/browser/media/prefs/capture_device_ranking.h:255] Can't initialize the value of media.audio_input.user_preference_ranking because media.default_audio_capture_device isn't registered or is empty
04-16 20:58:44.881 W/chromium(27194): [WARNING:chrome/browser/media/prefs/capture_device_ranking.h:255] Can't initialize the value of media.video_input.user_preference_ranking because media.default_video_capture_Device isn't registered or is empty
04-16 20:58:44.903 E/CIRISApiClient(16714): [getMessages] Exception: UnknownHostException: Unable to resolve host "localhost": No address associated with hostname | Context: limit=50, is401=false, tokenPresent=true, tokenPreview=ciris_ad...pyiw
04-16 20:58:44.905 W/InteractViewModel(16714): [fetchHistory] Non-auth error: UnknownHostException: Unable to resolve host "localhost": No address associated with hostname
04-16 20:58:44.913 E/CIRISApiClient(16714): [getAuditEntries] Exception: UnknownHostException: Unable to resolve host "localhost": No address associated with hostname
04-16 20:58:45.051 E/chromium(27194): [ERROR:services/network/p2p/socket_manager.cc:137] Failed to resolve address for stun.l.google.com., errorcode: -105
04-16 20:58:45.056 E/chromium(27194): [ERROR:services/network/p2p/socket_manager.cc:137] Failed to resolve address for stun.l.google.com., errorcode: -105
04-16 20:58:45.179 W/chromium(13613): [WARNING:third_party/webrtc/p2p/base/stun_port.cc:470] Port[9ee6c80:0:1:0:host:Net[any:0.0.0.x/0:Wildcard:id=0]]: StunPort: stun host lookup received error -1
04-16 20:58:45.192 W/chromium(13613): [WARNING:third_party/webrtc/p2p/base/stun_port.cc:470] Port[9ee4980:0:1:0:host:Net[any:0:0:0:x:x:x:x:x/0:Wildcard:id=0]]: StunPort: stun host lookup received error -1
04-16 20:58:45.223 E/CIRISApiClient(16714): [getSystemStatus] Exception: UnknownHostException: Unable to resolve host "localhost": No address associated with hostname | Context: url=http://localhost:8080
04-16 20:58:47.060 E/CIRISApiClient(16714): [getSystemStatus] Exception: UnknownHostException: Unable to resolve host "localhost": No address associated with hostname | Context: url=http://localhost:8080
04-16 20:58:47.930 E/CIRISApiClient(16714): [getMessages] Exception: UnknownHostException: Unable to resolve host "localhost": No address associated with hostname | Context: limit=50, is401=false, tokenPresent=true, tokenPreview=ciris_ad...pyiw
04-16 20:58:47.933 W/InteractViewModel(16714): [fetchHistory] Non-auth error: UnknownHostException: Unable to resolve host "localhost": No address associated with hostname
04-16 20:58:47.943 E/CIRISApiClient(16714): [getAuditEntries] Exception: UnknownHostException: Unable to resolve host "localhost": No address associated with hostname
04-16 20:58:50.237 E/CIRISApiClient(16714): [getSystemStatus] Exception: UnknownHostException: Unable to resolve host "localhost": No address associated with hostname | Context: url=http://localhost:8080
04-16 20:58:50.959 E/CIRISApiClient(16714): [getMessages] Exception: UnknownHostException: Unable to resolve host "localhost": No address associated with hostname | Context: limit=50, is401=false, tokenPresent=true, tokenPreview=ciris_ad...pyiw
04-16 20:58:50.960 W/InteractViewModel(16714): [fetchHistory] Non-auth error: UnknownHostException: Unable to resolve host "localhost": No address associated with hostname
04-16 20:58:50.967 E/CIRISApiClient(16714): [getAuditEntries] Exception: UnknownHostException: Unable to resolve host "localhost": No address associated with hostname
04-16 20:58:52.080 E/CIRISApiClient(16714): [getSystemStatus] Exception: UnknownHostException: Unable to resolve host "localhost": No address associated with hostname | Context: url=http://localhost:8080
04-16 20:58:53.729 W/chromium(27194): [WARNING:components/sync/engine/syncer_proto_util.cc:430] Error posting from syncer: Response Code (bogus on error): -1 Content-Length (bogus on error): -1 Server Status: CONNECTION_UNAVAILABLE
04-16 20:58:53.729 W/chromium(27194): [WARNING:components/sync/engine/commit.cc:182] Post commit failed
04-16 20:58:53.988 E/CIRISApiClient(16714): [getMessages] Exception: UnknownHostException: Unable to resolve host "localhost": No address associated with hostname | Context: limit=50, is401=false, tokenPresent=true, tokenPreview=ciris_ad...pyiw
04-16 20:58:53.991 W/InteractViewModel(16714): [fetchHistory] Non-auth error: UnknownHostException: Unable to resolve host "localhost": No address associated with hostname
04-16 20:58:54.002 E/CIRISApiClient(16714): [getAuditEntries] Exception: UnknownHostException: Unable to resolve host "localhost": No address associated with hostname
04-16 20:58:54.119 D/EnvFileUpdater(16714): Found CIRIS_HOME from env: /data/user/0/ai.ciris.mobile/files/ciris
04-16 20:58:55.250 E/CIRISApiClient(16714): [getSystemStatus] Exception: UnknownHostException: Unable to resolve host "localhost": No address associated with hostname | Context: url=http://localhost:8080
04-16 20:58:57.016 E/CIRISApiClient(16714): [getMessages] Exception: UnknownHostException: Unable to resolve host "localhost": No address associated with hostname | Context: limit=50, is401=false, tokenPresent=true, tokenPreview=ciris_ad...pyiw
04-16 20:58:57.019 W/InteractViewModel(16714): [fetchHistory] Non-auth error: UnknownHostException: Unable to resolve host "localhost": No address associated with hostname
04-16 20:58:57.025 E/CIRISApiClient(16714): [getAuditEntries] Exception: UnknownHostException: Unable to resolve host "localhost": No address associated with hostname
04-16 20:58:57.096 E/CIRISApiClient(16714): [getSystemStatus] Exception: UnknownHostException: Unable to resolve host "localhost": No address associated with hostname | Context: url=http://localhost:8080
04-16 20:59:00.043 E/CIRISApiClient(16714): [getMessages] Exception: UnknownHostException: Unable to resolve host "localhost": No address associated with hostname | Context: limit=50, is401=false, tokenPresent=true, tokenPreview=ciris_ad...pyiw
04-16 20:59:00.045 W/InteractViewModel(16714): [fetchHistory] Non-auth error: UnknownHostException: Unable to resolve host "localhost": No address associated with hostname
04-16 20:59:00.052 E/CIRISApiClient(16714): [getAuditEntries] Exception: UnknownHostException: Unable to resolve host "localhost": No address associated with hostname
04-16 20:59:00.275 E/CIRISApiClient(16714): [getSystemStatus] Exception: UnknownHostException: Unable to resolve host "localhost": No address associated with hostname | Context: url=http://localhost:8080
04-16 20:59:00.361 E/CIRISApiClient(16714): [getLlmConfig] Exception: UnknownHostException: Unable to resolve host "localhost": No address associated with hostname
04-16 20:59:00.364 W/InteractViewModel(16714): [fetchHealthData] Failed to fetch LLM config from API: Unable to resolve host "localhost": No address associated with hostname
04-16 20:59:00.373 E/CIRISApiClient(16714): [getVerifyStatus] Exception: UnknownHostException: Unable to resolve host "localhost": No address associated with hostname
04-16 20:59:00.375 I/CIRISApiClient(16714): [getWAStatus] Fetching WA status
04-16 20:59:00.382 E/CIRISApiClient(16714): [getWAStatus] Exception: UnknownHostException: Unable to resolve host "localhost": No address associated with hostname
04-16 20:59:00.384 I/CIRISApiClient(16714): [getSystemHealth] Fetching system health
04-16 20:59:00.390 E/CIRISApiClient(16714): [getSystemHealth] Exception: UnknownHostException: Unable to resolve host "localhost": No address associated with hostname
04-16 20:59:02.118 E/CIRISApiClient(16714): [getSystemStatus] Exception: UnknownHostException: Unable to resolve host "localhost": No address associated with hostname | Context: url=http://localhost:8080
04-16 20:59:03.067 E/CIRISApiClient(16714): [getMessages] Exception: UnknownHostException: Unable to resolve host "localhost": No address associated with hostname | Context: limit=50, is401=false, tokenPresent=true, tokenPreview=ciris_ad...pyiw
04-16 20:59:03.068 W/InteractViewModel(16714): [fetchHistory] Non-auth error: UnknownHostException: Unable to resolve host "localhost": No address associated with hostname
04-16 20:59:03.074 E/CIRISApiClient(16714): [getAuditEntries] Exception: UnknownHostException: Unable to resolve host "localhost": No address associated with hostname
04-16 20:59:04.121 D/EnvFileUpdater(16714): Found CIRIS_HOME from env: /data/user/0/ai.ciris.mobile/files/ciris
04-16 20:59:05.299 E/CIRISApiClient(16714): [getSystemStatus] Exception: UnknownHostException: Unable to resolve host "localhost": No address associated with hostname | Context: url=http://localhost:8080
04-16 20:59:06.088 E/CIRISApiClient(16714): [getMessages] Exception: UnknownHostException: Unable to resolve host "localhost": No address associated with hostname | Context: limit=50, is401=false, tokenPresent=true, tokenPreview=ciris_ad...pyiw
04-16 20:59:06.091 W/InteractViewModel(16714): [fetchHistory] Non-auth error: UnknownHostException: Unable to resolve host "localhost": No address associated with hostname
04-16 20:59:06.102 E/CIRISApiClient(16714): [getAuditEntries] Exception: UnknownHostException: Unable to resolve host "localhost": No address associated with hostname
04-16 20:59:07.138 E/CIRISApiClient(16714): [getSystemStatus] Exception: UnknownHostException: Unable to resolve host "localhost": No address associated with hostname | Context: url=http://localhost:8080
04-16 20:59:09.121 E/CIRISApiClient(16714): [getMessages] Exception: UnknownHostException: Unable to resolve host "localhost": No address associated with hostname | Context: limit=50, is401=false, tokenPresent=true, tokenPreview=ciris_ad...pyiw
04-16 20:59:09.124 W/InteractViewModel(16714): [fetchHistory] Non-auth error: UnknownHostException: Unable to resolve host "localhost": No address associated with hostname
04-16 20:59:09.132 E/CIRISApiClient(16714): [getAuditEntries] Exception: UnknownHostException: Unable to resolve host "localhost": No address associated with hostname
04-16 20:59:10.312 E/CIRISApiClient(16714): [getSystemStatus] Exception: UnknownHostException: Unable to resolve host "localhost": No address associated with hostname | Context: url=http://localhost:8080
04-16 20:59:12.153 E/CIRISApiClient(16714): [getMessages] Exception: UnknownHostException: Unable to resolve host "localhost": No address associated with hostname | Context: limit=50, is401=false, tokenPresent=true, tokenPreview=ciris_ad...pyiw
04-16 20:59:12.155 W/InteractViewModel(16714): [fetchHistory] Non-auth error: UnknownHostException: Unable to resolve host "localhost": No address associated with hostname
04-16 20:59:12.160 E/CIRISApiClient(16714): [getSystemStatus] Exception: UnknownHostException: Unable to resolve host "localhost": No address associated with hostname | Context: url=http://localhost:8080
04-16 20:59:12.162 E/CIRISApiClient(16714): [getAuditEntries] Exception: UnknownHostException: Unable to resolve host "localhost": No address associated with hostname
04-16 20:59:12.512 W/chromium(13613): [WARNING:third_party/webrtc/media/engine/webrtc_voice_engine.cc:802] Attempting to stop aecdump when no audio processing module is present
04-16 20:59:14.123 D/EnvFileUpdater(16714): Found CIRIS_HOME from env: /data/user/0/ai.ciris.mobile/files/ciris
04-16 20:59:15.175 E/CIRISApiClient(16714): [getMessages] Exception: UnknownHostException: Unable to resolve host "localhost": No address associated with hostname | Context: limit=50, is401=false, tokenPresent=true, tokenPreview=ciris_ad...pyiw
04-16 20:59:15.178 W/InteractViewModel(16714): [fetchHistory] Non-auth error: UnknownHostException: Unable to resolve host "localhost": No address associated with hostname
04-16 20:59:15.186 E/CIRISApiClient(16714): [getAuditEntries] Exception: UnknownHostException: Unable to resolve host "localhost": No address associated with hostname
04-16 20:59:15.330 E/CIRISApiClient(16714): [getSystemStatus] Exception: UnknownHostException: Unable to resolve host "localhost": No address associated with hostname | Context: url=http://localhost:8080
04-16 20:59:17.180 E/CIRISApiClient(16714): [getSystemStatus] Exception: UnknownHostException: Unable to resolve host "localhost": No address associated with hostname | Context: url=http://localhost:8080
04-16 20:59:18.200 E/CIRISApiClient(16714): [getMessages] Exception: UnknownHostException: Unable to resolve host "localhost": No address associated with hostname | Context: limit=50, is401=false, tokenPresent=true, tokenPreview=ciris_ad...pyiw
04-16 20:59:18.204 W/InteractViewModel(16714): [fetchHistory] Non-auth error: UnknownHostException: Unable to resolve host "localhost": No address associated with hostname
04-16 20:59:18.215 E/CIRISApiClient(16714): [getAuditEntries] Exception: UnknownHostException: Unable to resolve host "localhost": No address associated with hostname
04-16 20:59:20.355 E/CIRISApiClient(16714): [getSystemStatus] Exception: UnknownHostException: Unable to resolve host "localhost": No address associated with hostname | Context: url=http://localhost:8080
04-16 20:59:21.227 E/CIRISApiClient(16714): [getMessages] Exception: UnknownHostException: Unable to resolve host "localhost": No address associated with hostname | Context: limit=50, is401=false, tokenPresent=true, tokenPreview=ciris_ad...pyiw
04-16 20:59:21.230 W/InteractViewModel(16714): [fetchHistory] Non-auth error: UnknownHostException: Unable to resolve host "localhost": No address associated with hostname
04-16 20:59:21.235 E/CIRISApiClient(16714): [getAuditEntries] Exception: UnknownHostException: Unable to resolve host "localhost": No address associated with hostname
04-16 20:59:22.194 E/CIRISApiClient(16714): [getSystemStatus] Exception: UnknownHostException: Unable to resolve host "localhost": No address associated with hostname | Context: url=http://localhost:8080
04-16 20:59:24.124 D/EnvFileUpdater(16714): Found CIRIS_HOME from env: /data/user/0/ai.ciris.mobile/files/ciris
04-16 20:59:24.244 E/CIRISApiClient(16714): [getMessages] Exception: UnknownHostException: Unable to resolve host "localhost": No address associated with hostname | Context: limit=50, is401=false, tokenPresent=true, tokenPreview=ciris_ad...pyiw
04-16 20:59:24.247 W/InteractViewModel(16714): [fetchHistory] Non-auth error: UnknownHostException: Unable to resolve host "localhost": No address associated with hostname
04-16 20:59:24.252 E/CIRISApiClient(16714): [getAuditEntries] Exception: UnknownHostException: Unable to resolve host "localhost": No address associated with hostname
04-16 20:59:25.373 E/CIRISApiClient(16714): [getSystemStatus] Exception: UnknownHostException: Unable to resolve host "localhost": No address associated with hostname | Context: url=http://localhost:8080
04-16 20:59:25.822 W/chromium(27401): [WARNING:net/cert/ev_root_ca_metadata.cc:118] Not implemented
04-16 20:59:25.823 W/chromium(27401): [WARNING:net/cert/ev_root_ca_metadata.cc:118] Not implemented
04-16 20:59:26.416 W/chromium(27401): [WARNING:net/cert/ev_root_ca_metadata.cc:118] Not implemented
04-16 20:59:27.215 E/CIRISApiClient(16714): [getSystemStatus] Exception: UnknownHostException: Unable to resolve host "localhost": No address associated with hostname | Context: url=http://localhost:8080
04-16 20:59:27.262 E/CIRISApiClient(16714): [getMessages] Exception: UnknownHostException: Unable to resolve host "localhost": No address associated with hostname | Context: limit=50, is401=false, tokenPresent=true, tokenPreview=ciris_ad...pyiw
04-16 20:59:27.263 W/InteractViewModel(16714): [fetchHistory] Non-auth error: UnknownHostException: Unable to resolve host "localhost": No address associated with hostname
04-16 20:59:27.271 E/CIRISApiClient(16714): [getAuditEntries] Exception: UnknownHostException: Unable to resolve host "localhost": No address associated with hostname
04-16 20:59:28.354 W/chromium(27401): [WARNING:net/cert/ev_root_ca_metadata.cc:118] Not implemented
04-16 20:59:28.370 W/chromium(27401): [WARNING:net/cert/ev_root_ca_metadata.cc:118] Not implemented
04-16 20:59:29.402 W/chromium(27401): [WARNING:net/cert/ev_root_ca_metadata.cc:118] Not implemented
04-16 20:59:29.595 W/chromium(27401): [WARNING:net/cert/ev_root_ca_metadata.cc:118] Not implemented
04-16 20:59:29.786 W/chromium(27401): [WARNING:net/cert/ev_root_ca_metadata.cc:118] Not implemented
04-16 20:59:29.866 W/chromium(27401): [WARNING:net/cert/ev_root_ca_metadata.cc:118] Not implemented
04-16 20:59:30.286 E/CIRISApiClient(16714): [getMessages] Exception: UnknownHostException: Unable to resolve host "localhost": No address associated with hostname | Context: limit=50, is401=false, tokenPresent=true, tokenPreview=ciris_ad...pyiw
04-16 20:59:30.289 W/InteractViewModel(16714): [fetchHistory] Non-auth error: UnknownHostException: Unable to resolve host "localhost": No address associated with hostname
04-16 20:59:30.304 E/CIRISApiClient(16714): [getAuditEntries] Exception: UnknownHostException: Unable to resolve host "localhost": No address associated with hostname
04-16 20:59:30.409 E/CIRISApiClient(16714): [getLlmConfig] Exception: UnknownHostException: Unable to resolve host "localhost": No address associated with hostname
04-16 20:59:30.411 W/InteractViewModel(16714): [fetchHealthData] Failed to fetch LLM config from API: Unable to resolve host "localhost": No address associated with hostname
04-16 20:59:30.415 E/CIRISApiClient(16714): [getSystemStatus] Exception: UnknownHostException: Unable to resolve host "localhost": No address associated with hostname | Context: url=http://localhost:8080
04-16 20:59:30.417 E/CIRISApiClient(16714): [getVerifyStatus] Exception: UnknownHostException: Unable to resolve host "localhost": No address associated with hostname
04-16 20:59:30.418 I/CIRISApiClient(16714): [getWAStatus] Fetching WA status
04-16 20:59:30.430 E/CIRISApiClient(16714): [getWAStatus] Exception: UnknownHostException: Unable to resolve host "localhost": No address associated with hostname
04-16 20:59:30.432 I/CIRISApiClient(16714): [getSystemHealth] Fetching system health
04-16 20:59:30.443 E/CIRISApiClient(16714): [getSystemHealth] Exception: UnknownHostException: Unable to resolve host "localhost": No address associated with hostname
04-16 20:59:32.231 E/CIRISApiClient(16714): [getSystemStatus] Exception: UnknownHostException: Unable to resolve host "localhost": No address associated with hostname | Context: url=http://localhost:8080
04-16 20:59:33.323 E/CIRISApiClient(16714): [getMessages] Exception: UnknownHostException: Unable to resolve host "localhost": No address associated with hostname | Context: limit=50, is401=false, tokenPresent=true, tokenPreview=ciris_ad...pyiw
04-16 20:59:33.327 W/InteractViewModel(16714): [fetchHistory] Non-auth error: UnknownHostException: Unable to resolve host "localhost": No address associated with hostname
04-16 20:59:33.333 E/CIRISApiClient(16714): [getAuditEntries] Exception: UnknownHostException: Unable to resolve host "localhost": No address associated with hostname
04-16 20:59:34.125 D/EnvFileUpdater(16714): Found CIRIS_HOME from env: /data/user/0/ai.ciris.mobile/files/ciris
04-16 20:59:34.605 W/chromium(27194): [WARNING:net/cert/ev_root_ca_metadata.cc:118] Not implemented
04-16 20:59:34.797 W/chromium(27194): [WARNING:net/spdy/spdy_session.cc:3074] Received HEADERS for invalid stream 47
04-16 20:59:35.426 E/CIRISApiClient(16714): [getSystemStatus] Exception: UnknownHostException: Unable to resolve host "localhost": No address associated with hostname | Context: url=http://localhost:8080
04-16 20:59:36.341 E/CIRISApiClient(16714): [getMessages] Exception: UnknownHostException: Unable to resolve host "localhost": No address associated with hostname | Context: limit=50, is401=false, tokenPresent=true, tokenPreview=ciris_ad...pyiw
04-16 20:59:36.343 W/InteractViewModel(16714): [fetchHistory] Non-auth error: UnknownHostException: Unable to resolve host "localhost": No address associated with hostname
04-16 20:59:36.354 E/CIRISApiClient(16714): [getAuditEntries] Exception: UnknownHostException: Unable to resolve host "localhost": No address associated with hostname
04-16 20:59:37.242 E/CIRISApiClient(16714): [getSystemStatus] Exception: UnknownHostException: Unable to resolve host "localhost": No address associated with hostname | Context: url=http://localhost:8080
04-16 20:59:37.587 W/chromium(24233): [WARNING:content/app/android/content_main_android.cc:82] android_setCpu already initialized
04-16 20:59:37.743 W/chromium(24252): [WARNING:content/app/android/content_main_android.cc:82] android_setCpu already initialized
04-16 20:59:37.863 I/chromium(13613): [INFO:third_party/blink/renderer/modules/peerconnection/peer_connection_dependency_factory.cc:941] Running WebRTC with a combined Network and Worker thread.
04-16 20:59:37.888 W/chromium(27194): [WARNING:chrome/browser/media/prefs/capture_device_ranking.h:255] Can't initialize the value of media.audio_input.user_preference_ranking because media.default_audio_capture_device isn't registered or is empty
04-16 20:59:37.888 W/chromium(27194): [WARNING:chrome/browser/media/prefs/capture_device_ranking.h:255] Can't initialize the value of media.video_input.user_preference_ranking because media.default_video_capture_Device isn't registered or is empty
04-16 20:59:37.963 W/chromium(27194): [WARNING:net/dns/host_resolver_dns_task.cc:934] Address list empty after RFC3484 sort
