03-23 21:42:05.216 D/MainActivity(21292): Service 1 started (22/22)
03-23 21:42:05.216 I/python.stdout(21292): [FULL-STARTUP] [SERVICE 2/22] ShutdownService STARTED
03-23 21:42:05.217 D/MainActivity(21292): Service 1 started (22/22)
03-23 21:42:05.217 D/MainActivity(21292): Service 2 started (22/22)
03-23 21:42:05.217 D/MainActivity(21292): Service 2 started (22/22)
03-23 21:42:05.218 I/python.stdout(21292): [FULL-STARTUP] [SERVICE 3/22] InitializationService STARTED
03-23 21:42:05.218 D/MainActivity(21292): Service 3 started (22/22)
03-23 21:42:05.218 D/MainActivity(21292): Service 3 started (22/22)
03-23 21:42:05.247 I/python.stdout(21292): [FULL-STARTUP] [SERVICE 4/22] ResourceMonitor STARTED
03-23 21:42:05.247 D/MainActivity(21292): Service 4 started (22/22)
03-23 21:42:05.247 D/MainActivity(21292): Service 4 started (22/22)
03-23 21:42:05.250 W/python.stderr(21292): /data/data/ai.ciris.mobile.debug/files/chaquopy/AssetFinder/app/ciris_engine/logic/utils/logging_config.py:98: ResourceWarning: unclosed file <_io.TextIOWrapper name='/data/data/ai.ciris.mobile.debug/files/ciris/logs/incidents_20260324_021743.log' mode='a' encoding='utf-8'>
03-23 21:42:05.250 W/python.stderr(21292):   target_logger.handlers = []
03-23 21:42:05.250 W/python.stderr(21292): ResourceWarning: Enable tracemalloc to get the object allocation traceback
03-23 21:42:05.250 W/python.stderr(21292): /data/data/ai.ciris.mobile.debug/files/chaquopy/AssetFinder/app/ciris_engine/logic/utils/logging_config.py:98: ResourceWarning: unclosed file <_io.TextIOWrapper name='/data/data/ai.ciris.mobile.debug/files/ciris/logs/ciris_agent_20260324_021743.log' mode='a' encoding='utf-8'>
03-23 21:42:05.250 W/python.stderr(21292):   target_logger.handlers = []
03-23 21:42:05.250 W/python.stderr(21292): ResourceWarning: Enable tracemalloc to get the object allocation traceback
03-23 21:42:05.252 I/python.stdout(21292): 
03-23 21:42:05.252 I/python.stdout(21292): ================================================================================
03-23 21:42:05.252 I/python.stdout(21292): 🔍 LOGGING INITIALIZED - SEE DETAILED LOGS AT: /data/data/ai.ciris.mobile.debug/files/ciris/logs/ciris_agent_20260324_024205.log
03-23 21:42:05.253 I/python.stdout(21292): 🔗 Symlinked to: /data/data/ai.ciris.mobile.debug/files/ciris/logs/latest.log
03-23 21:42:05.253 I/python.stdout(21292): ⚠️  Incident capture: /data/data/ai.ciris.mobile.debug/files/ciris/logs/incidents_latest.log (WARNING/ERROR messages captured as incidents)
03-23 21:42:05.253 I/python.stdout(21292): ================================================================================
03-23 21:42:05.253 I/python.stdout(21292): 
03-23 21:42:05.261 I/python.stdout(21292): [FULL-STARTUP] [SERVICE 5/22] SecretsService STARTED
03-23 21:42:05.261 I/python.stdout(21292): [FULL-STARTUP] [SERVICE 22/22] SecretsToolService STARTED
03-23 21:42:05.261 D/MainActivity(21292): Service 5 started (22/22)
03-23 21:42:05.261 D/MainActivity(21292): Service 5 started (22/22)
03-23 21:42:05.261 D/MainActivity(21292): Service 22 started (22/22)
03-23 21:42:05.261 D/MainActivity(21292): Service 22 started (22/22)
03-23 21:42:05.264 I/python.stdout(21292): [FULL-STARTUP] [SERVICE 6/22] MemoryService STARTED
03-23 21:42:05.264 D/MainActivity(21292): Service 6 started (22/22)
03-23 21:42:05.264 I/python.stdout(21292): [FULL-STARTUP] [SERVICE 7/22] ConfigService STARTED
03-23 21:42:05.264 D/MainActivity(21292): Service 6 started (22/22)
03-23 21:42:05.264 D/MainActivity(21292): Service 7 started (22/22)
03-23 21:42:05.265 D/MainActivity(21292): Service 7 started (22/22)
03-23 21:42:05.748 I/python.stdout(21292): [FULL-STARTUP] [SERVICE 15/22] AuthenticationService STARTED
03-23 21:42:05.748 D/MainActivity(21292): Service 15 started (22/22)
03-23 21:42:05.748 D/MainActivity(21292): Service 15 started (22/22)
03-23 21:42:05.750 I/python.stdout(21292): [FULL-STARTUP] [SERVICE 13/22] WiseAuthority STARTED
03-23 21:42:05.750 D/MainActivity(21292): Service 13 started (22/22)
03-23 21:42:05.750 D/MainActivity(21292): Service 13 started (22/22)
03-23 21:42:05.755 I/python.stdout(21292): [SERVICES] === RESUME (12 remaining services) PHASE ===
03-23 21:42:05.758 I/python.stdout(21292): [RESUME (12 remaining services)] [SERVICE 9/22] TelemetryService STARTED
03-23 21:42:05.758 D/MainActivity(21292): Service 9 started (22/22)
03-23 21:42:05.759 D/MainActivity(21292): Service 9 started (22/22)
03-23 21:42:05.787 I/python.stdout(21292): [RESUME (12 remaining services)] [SERVICE 14/22] LLMService STARTED
03-23 21:42:05.787 D/MainActivity(21292): Service 14 started (22/22)
03-23 21:42:05.788 D/MainActivity(21292): Service 14 started (22/22)
03-23 21:42:05.798 D/CIRISApp(21292): [INIT] CIRISApp composable invoked - googleSignInCallback=PRESENT (121260798)
03-23 21:42:05.798 I/InteractViewModel(21292): [setDeviceAttestationCallback] Device attestation callback SET
03-23 21:42:05.804 D/CIRISApp(21292): [INFO] Startup READY, checking first-run status...
03-23 21:42:05.809 I/CIRISApiClient(21292): [init] CIRISApiClient initialized with baseUrl=http://localhost:8080
03-23 21:42:05.825 I/CIRISApiClient(21292): [getSetupStatus] Setup status: required=false, firstRun=false, configExists=true
03-23 21:42:05.826 D/CIRISApp(21292): [INFO] First run check result: false
03-23 21:42:05.826 D/CIRISApp(21292): [INFO] Not first run, attempting to load and validate stored token
03-23 21:42:05.863 D/CIRISApp(21292): [INFO] Loaded stored token: ciris_ad...STlA
03-23 21:42:05.864 W/TokenManager(21292): [getTokenExpiry] Invalid JWT format: expected 3 parts, got 1
03-23 21:42:05.865 I/TokenManager(21292): [checkAndRefreshToken] Token check: expiry=null, remaining=nulls, minValid=300s
03-23 21:42:05.865 W/TokenManager(21292): [checkAndRefreshToken] Could not parse token expiry - treating as expired
03-23 21:42:05.865 I/TokenManager(21292): [attemptSilentRefresh] Attempting silent sign-in...
03-23 21:42:05.865 I/MainActivity(21292): Silent Sign-In requested from CIRISApp
03-23 21:42:05.865 I/MainActivity(21292): Found cached account: mooreericnyc@gmail.com
03-23 21:42:05.869 I/MainActivity(21292): Silent Sign-In successful: mooreericnyc@gmail.com
03-23 21:42:05.869 I/TokenManager(21292): [attemptSilentRefresh] Silent sign-in successful! provider=google
03-23 21:42:05.869 I/TokenManager(21292): [handleNewToken] Processing new token (length: 1100, provider: google)
03-23 21:42:05.870 I/TokenManager(21292): [handleNewToken] New token expiry: 1774322269 (2144s remaining)
03-23 21:42:05.870 I/CIRISApp(21292):  OAuth ID token refreshed by TokenManager (provider=google), exchanging for CIRIS token
03-23 21:42:05.870 I/CIRISApp(21292):  Token was refreshed, waiting for CIRIS token exchange...
03-23 21:42:05.871 I/CIRISApiClient(21292): [nativeAuth] Attempting native auth: provider=google, userId=null
03-23 21:42:05.871 I/CIRISApiClient(21292): [googleAuth] Attempting Google auth: userId=null, idToken=eyJhbGci...18fg
03-23 21:42:05.873 I/TokenManager(21292): [startPeriodicRefresh] Starting periodic refresh (interval: 45 minutes)
03-23 21:42:05.977 I/MainActivity(21292): Network diagnostics completed
03-23 21:42:07.219 I/CIRISApiClient(21292): [googleAuth] Google auth successful: userId=google:115300315355793131383, role=SYSTEM_ADMIN
03-23 21:42:07.222 I/CIRISApp(21292):  Got CIRIS access token: ciris_ad...V-O8
03-23 21:42:07.223 I/CIRISApiClient(21292): [setAccessToken] Setting access token: ciris_ad...V-O8, length=55
03-23 21:42:07.225 I/CIRISApiClient(21292): [setAccessToken] Bearer token set on all API instances (13 APIs)
03-23 21:42:07.226 I/MainActivity(21292): Token updated, setting on billing apiClient
03-23 21:42:07.226 I/CIRISApiClient(21292): [setAccessToken] Setting access token: ciris_ad...V-O8, length=55
03-23 21:42:07.228 I/CIRISApiClient(21292): [setAccessToken] Bearer token set on all API instances (13 APIs)
03-23 21:42:07.228 I/CIRISApiClient(21292): [logTokenState] === TOKEN STATE DEBUG ===
03-23 21:42:07.229 I/CIRISApiClient(21292): [logTokenState] accessToken present: true
03-23 21:42:07.229 I/CIRISApiClient(21292): [logTokenState] accessToken preview: ciris_ad...V-O8
03-23 21:42:07.229 I/CIRISApiClient(21292): [logTokenState] accessToken length: 55
03-23 21:42:07.230 I/CIRISApiClient(21292): [logTokenState] authHeader() returns: Bearer <token>
03-23 21:42:07.230 I/CIRISApiClient(21292): [logTokenState] =========================
03-23 21:42:07.232 I/CIRISApp(21292):  Refreshed CIRIS token saved to secure storage
03-23 21:42:07.232 I/CIRISApp(21292):  Writing OAuth ID token to .env for Python billing...
03-23 21:42:07.233 D/EnvFileUpdater(21292): Found CIRIS_HOME from env: /data/user/0/ai.ciris.mobile.debug/files/ciris
03-23 21:42:07.234 I/EnvFileUpdater(21292): Read .env file (7548 bytes)
03-23 21:42:07.235 I/EnvFileUpdater(21292): CIRIS proxy mode detected - updating OPENAI_API_KEY
03-23 21:42:07.235 I/EnvFileUpdater(21292): Updated OPENAI_API_KEY
03-23 21:42:07.236 I/EnvFileUpdater(21292): Updated CIRIS_BILLING_GOOGLE_ID_TOKEN
03-23 21:42:07.236 I/EnvFileUpdater(21292): .env file updated (proxy mode: true)
03-23 21:42:07.236 D/EnvFileUpdater(21292): Found CIRIS_HOME from env: /data/user/0/ai.ciris.mobile.debug/files/ciris
03-23 21:42:07.237 I/EnvFileUpdater(21292): Config reload signal written to /data/user/0/ai.ciris.mobile.debug/files/ciris/.config_reload
03-23 21:42:07.237 I/CIRISApp(21292):  .env updated, .config_reload signal written
03-23 21:42:07.238 I/CIRISApp(21292):  Waiting 1.5s for Python to reload billing token...
03-23 21:42:08.739 I/CIRISApp(21292):  Python reload wait complete
03-23 21:42:08.829 I/CIRISApp(21292):  Token exchange completed
03-23 21:42:08.890 I/CIRISApp(21292):  Agent state: WORK
03-23 21:42:08.891 I/CIRISApp(21292):  Agent reached WORK state!
03-23 21:42:09.396 I/CIRISApp(21292):  Triggering data load for ViewModels after token set
03-23 21:42:09.397 I/BillingViewModel(21292): [loadBalance] Loading credit balance...
03-23 21:42:09.402 I/CIRISApiClient(21292): [listAdapters] Listing adapters
03-23 21:42:09.406 I/InteractViewModel(21292): [startPolling] Starting polling and SSE streams
03-23 21:42:09.408 I/InteractViewModel(21292): [startStatusPolling] Starting status polling (fast until agent ready)
03-23 21:42:09.412 I/InteractViewModel(21292): [startMessagePolling] Starting message polling (interval=3000ms)
03-23 21:42:09.418 I/InteractViewModel(21292): [startHealthPolling] Starting health polling (fast until LLM ready)
03-23 21:42:09.421 I/InteractViewModel(21292): [startTrustPendingPolling] Starting trust pending polling (interval=5000ms)
03-23 21:42:09.422 I/InteractViewModel(21292): [startSseStream] Starting SSE reasoning stream
03-23 21:42:09.426 I/CIRISApp(21292):  Running boot-time attestation check...
03-23 21:42:09.428 D/CIRISApp(21292): [INIT] CIRISApp composable invoked - googleSignInCallback=PRESENT (121260798)
03-23 21:42:09.429 I/InteractViewModel(21292): [setDeviceAttestationCallback] Device attestation callback SET
03-23 21:42:09.432 D/CIRISApp(21292): [CIRISApp] >>> liveBackgroundEnabled=true, apiClient=present
03-23 21:42:09.532 I/CIRISApiClient(21292): [getGraphData] >>> START: hours=24, scope=ALL_SCOPES, type=null, limit=200
03-23 21:42:09.533 I/CIRISApiClient(21292): [getGraphData] Fetching timeline: http://localhost:8080/v1/memory/timeline?hours=24&include_edges=true&include_metrics=false
03-23 21:42:09.913 I/python.stdout(21292): [RESUME (12 remaining services)] [SERVICE 8/22] AuditService STARTED
03-23 21:42:09.914 D/MainActivity(21292): Service 8 started (22/22)
03-23 21:42:09.914 D/MainActivity(21292): Service 8 started (22/22)
03-23 21:42:09.923 I/python.stdout(21292): [RESUME (12 remaining services)] [SERVICE 10/22] IncidentManagement STARTED
03-23 21:42:09.924 I/python.stdout(21292): [RESUME (12 remaining services)] [SERVICE 19/22] AdaptiveFilter STARTED
03-23 21:42:09.925 D/MainActivity(21292): Service 10 started (22/22)
03-23 21:42:09.925 D/MainActivity(21292): Service 10 started (22/22)
03-23 21:42:09.925 D/MainActivity(21292): Service 19 started (22/22)
03-23 21:42:09.925 D/MainActivity(21292): Service 19 started (22/22)
03-23 21:42:09.928 I/python.stdout(21292): [RESUME (12 remaining services)] [SERVICE 18/22] TaskScheduler STARTED
03-23 21:42:09.928 D/MainActivity(21292): Service 18 started (22/22)
03-23 21:42:09.929 D/MainActivity(21292): Service 18 started (22/22)
03-23 21:42:09.931 I/python.stdout(21292): [RESUME (12 remaining services)] [SERVICE 11/22] TSDBConsolidation STARTED
03-23 21:42:09.932 D/MainActivity(21292): Service 11 started (22/22)
03-23 21:42:09.932 D/MainActivity(21292): Service 11 started (22/22)
03-23 21:42:09.933 I/python.stdout(21292): [RESUME (12 remaining services)] [SERVICE 16/22] DatabaseMaintenance STARTED
03-23 21:42:09.933 D/MainActivity(21292): Service 16 started (22/22)
03-23 21:42:09.933 D/MainActivity(21292): Service 16 started (22/22)
03-23 21:42:09.934 I/python.stdout(21292): [RESUME (12 remaining services)] [SERVICE 21/22] SelfObservation STARTED
03-23 21:42:09.935 D/MainActivity(21292): Service 21 started (22/22)
03-23 21:42:09.935 I/python.stdout(21292): [RESUME (12 remaining services)] [SERVICE 20/22] VisibilityService STARTED
03-23 21:42:09.935 D/MainActivity(21292): Service 21 started (22/22)
03-23 21:42:09.935 D/MainActivity(21292): Service 20 started (22/22)
03-23 21:42:09.935 D/MainActivity(21292): Service 20 started (22/22)
03-23 21:42:09.936 I/python.stdout(21292): [RESUME (12 remaining services)] [SERVICE 12/22] ConsentService STARTED
03-23 21:42:09.936 D/MainActivity(21292): Service 12 started (22/22)
03-23 21:42:09.936 D/MainActivity(21292): Service 12 started (22/22)
03-23 21:42:09.936 I/python.stdout(21292): [RESUME (12 remaining services)] [SERVICE 17/22] RuntimeControl STARTED
03-23 21:42:09.937 D/MainActivity(21292): Service 17 started (22/22)
03-23 21:42:09.937 D/MainActivity(21292): Service 17 started (22/22)
03-23 21:42:11.644 I/CIRISApiClient(21292): [listAdapters] API response: total=6, running=6, adapters.size=6
03-23 21:42:11.644 I/CIRISApiClient(21292): [listAdapters]   API adapter[0]: id=cirisverify_bootstrap, type=cirisverify, running=true
03-23 21:42:11.645 I/CIRISApiClient(21292): [listAdapters]   API adapter[1]: id=api_bootstrap, type=api, running=true
03-23 21:42:11.645 I/CIRISApiClient(21292): [listAdapters]   API adapter[2]: id=ciris_hosted_tools, type=ciris_hosted_tools, running=true
03-23 21:42:11.646 I/CIRISApiClient(21292): [listAdapters]   API adapter[3]: id=navigation, type=navigation, running=true
03-23 21:42:11.646 I/CIRISApiClient(21292): [listAdapters]   API adapter[4]: id=weather, type=weather, running=true
03-23 21:42:11.647 I/CIRISApiClient(21292): [listAdapters]   API adapter[5]: id=home_assistant_26ce9dd8, type=home_assistant, running=true
03-23 21:42:11.647 I/CIRISApp(21292):  Boot attestation: loaded=true, maxLevel=1, dns_us=true, dns_eu=true, https=true
03-23 21:42:11.652 I/InteractViewModel(21292): [startStatusPolling] Agent ready with state: WORK
03-23 21:42:11.653 I/InteractViewModel(21292): [startStatusPolling] Connection state changed: false -> true
03-23 21:42:11.655 I/InteractViewModel(21292): [fetchHistory] Added 4 new messages to chat
03-23 21:42:11.702 I/InteractViewModel(21292): [startSseStream] SSE connected
03-23 21:42:12.023 I/InteractViewModel(21292): [fetchTrustStatus] Trust level changed: 0 -> 1
03-23 21:42:12.024 I/InteractViewModel(21292): [fetchTrustStatus] Level pending changed: false -> true
03-23 21:42:12.025 I/InteractViewModel(21292): [startTrustPendingPolling] Level pending=true, triggering device attestation automatically...
03-23 21:42:12.025 I/MainActivity(21292): Device attestation requested
03-23 21:42:12.026 I/CIRISApiClient(21292): [getPlayIntegrityNonce] Requesting Play Integrity nonce from Python API
03-23 21:42:12.058 I/CIRISApiClient(21292): [getGraphData] <<< DONE in 2526ms (single API call)
03-23 21:42:12.059 I/CIRISApiClient(21292): [getGraphData]     Nodes: 31 ({identity=2, local=29})
03-23 21:42:12.060 I/CIRISApiClient(21292): [getGraphData]     Edges: 0 total, 0 visible
03-23 21:42:12.060 I/CIRISApiClient(21292): [getGraphData]     Edge types: {}
03-23 21:42:12.060 I/CIRISApiClient(21292): [getGraphData]     INFO: No edges found - nodes may not have relationships yet
03-23 21:42:12.422 I/BillingViewModel(21292): [loadBalance] Credit status loaded: hasCredit=true, creditsRemaining=429, freeUsesRemaining=0, dailyFreeUsesRemaining=0, planName=CIRIS Mobile
03-23 21:42:12.423 I/BillingViewModel(21292): [loadBalance] Total credits calculated: 429
03-23 21:42:12.440 I/InteractViewModel(21292): [fetchAuditActions] Adding 7 action entries to timeline
03-23 21:42:12.441 I/InteractViewModel(21292): [startMessagePolling] First load complete
03-23 21:42:12.568 I/InteractViewModel(21292): [startHealthPolling] LLM health ready: provider=other
03-23 21:42:12.795 I/CIRISApiClient(21292): [getPlayIntegrityNonce] Got nonce: BaN8NjqYx_qPolccTbtq...
03-23 21:42:13.659 I/MainActivity(21292): Device attestation result: Error(message=Failed to get Play Integrity token: -16: Integrity API error (-16): The provided cloud project number is invalid.
03-23 21:42:13.659 I/MainActivity(21292): Use the cloud project number which can be found in Project info in your Google Cloud Console for the cloud project where Play Integrity API is enabled.
03-23 21:42:13.659 I/MainActivity(21292):  (https://developer.android.com/google/play/integrity/reference/com/google/android/play/core/integrity/model/IntegrityErrorCode.html#CLOUD_PROJECT_NUMBER_IS_INVALID).)
03-23 21:42:13.659 I/InteractViewModel(21292): [startTrustPendingPolling] Device attestation completed: Error(message=Failed to get Play Integrity token: -16: Integrity API error (-16): The provided cloud project number is invalid.
03-23 21:42:13.659 I/InteractViewModel(21292): Use the cloud project number which can be found in Project info in your Google Cloud Console for the cloud project where Play Integrity API is enabled.
03-23 21:42:13.659 I/InteractViewModel(21292):  (https://developer.android.com/google/play/integrity/reference/com/google/android/play/core/integrity/model/IntegrityErrorCode.html#CLOUD_PROJECT_NUMBER_IS_INVALID).)
03-23 21:42:14.519 D/EnvFileUpdater(21292): Found CIRIS_HOME from env: /data/user/0/ai.ciris.mobile.debug/files/ciris
03-23 21:42:15.853 I/InteractViewModel(21292): [startTrustPendingPolling] Trust status refreshed after device attestation
03-23 21:42:19.089 I/python.stdout(21292): [FATAL] Initialization sequence failed - check logs for details
03-23 21:42:19.089 I/python.stdout(21292): [FATAL_EXIT] CIRIS cannot start: Initialization sequence failed - check logs for details
03-23 21:42:24.533 D/EnvFileUpdater(21292): Found CIRIS_HOME from env: /data/user/0/ai.ciris.mobile.debug/files/ciris
03-23 21:42:34.534 D/EnvFileUpdater(21292): Found CIRIS_HOME from env: /data/user/0/ai.ciris.mobile.debug/files/ciris
03-23 21:42:44.536 D/EnvFileUpdater(21292): Found CIRIS_HOME from env: /data/user/0/ai.ciris.mobile.debug/files/ciris
03-23 21:42:54.540 D/EnvFileUpdater(21292): Found CIRIS_HOME from env: /data/user/0/ai.ciris.mobile.debug/files/ciris
03-23 21:43:04.546 D/EnvFileUpdater(21292): Found CIRIS_HOME from env: /data/user/0/ai.ciris.mobile.debug/files/ciris
03-23 21:43:14.547 D/EnvFileUpdater(21292): Found CIRIS_HOME from env: /data/user/0/ai.ciris.mobile.debug/files/ciris
03-23 21:43:24.549 D/EnvFileUpdater(21292): Found CIRIS_HOME from env: /data/user/0/ai.ciris.mobile.debug/files/ciris
03-23 21:43:34.551 D/EnvFileUpdater(21292): Found CIRIS_HOME from env: /data/user/0/ai.ciris.mobile.debug/files/ciris
03-23 21:43:42.916 D/CIRISApp(21292): [INIT] CIRISApp composable invoked - googleSignInCallback=PRESENT (121260798)
03-23 21:43:42.918 I/InteractViewModel(21292): [setDeviceAttestationCallback] Device attestation callback SET
03-23 21:43:42.959 I/CIRISApp(21292): [Screen.Audit] Starting audit polling
03-23 21:43:44.557 D/EnvFileUpdater(21292): Found CIRIS_HOME from env: /data/user/0/ai.ciris.mobile.debug/files/ciris
03-23 21:43:54.560 D/EnvFileUpdater(21292): Found CIRIS_HOME from env: /data/user/0/ai.ciris.mobile.debug/files/ciris
03-23 21:44:04.563 D/EnvFileUpdater(21292): Found CIRIS_HOME from env: /data/user/0/ai.ciris.mobile.debug/files/ciris
03-23 21:44:14.565 D/EnvFileUpdater(21292): Found CIRIS_HOME from env: /data/user/0/ai.ciris.mobile.debug/files/ciris
03-23 21:44:24.568 D/EnvFileUpdater(21292): Found CIRIS_HOME from env: /data/user/0/ai.ciris.mobile.debug/files/ciris
03-23 21:44:34.572 D/EnvFileUpdater(21292): Found CIRIS_HOME from env: /data/user/0/ai.ciris.mobile.debug/files/ciris
03-23 21:44:44.575 D/EnvFileUpdater(21292): Found CIRIS_HOME from env: /data/user/0/ai.ciris.mobile.debug/files/ciris
03-23 21:44:54.579 D/EnvFileUpdater(21292): Found CIRIS_HOME from env: /data/user/0/ai.ciris.mobile.debug/files/ciris
03-23 21:45:04.581 D/EnvFileUpdater(21292): Found CIRIS_HOME from env: /data/user/0/ai.ciris.mobile.debug/files/ciris
03-23 21:45:14.585 D/EnvFileUpdater(21292): Found CIRIS_HOME from env: /data/user/0/ai.ciris.mobile.debug/files/ciris
03-23 21:45:24.592 D/EnvFileUpdater(21292): Found CIRIS_HOME from env: /data/user/0/ai.ciris.mobile.debug/files/ciris
03-23 21:45:34.593 D/EnvFileUpdater(21292): Found CIRIS_HOME from env: /data/user/0/ai.ciris.mobile.debug/files/ciris
03-23 21:45:44.597 D/EnvFileUpdater(21292): Found CIRIS_HOME from env: /data/user/0/ai.ciris.mobile.debug/files/ciris
03-23 21:45:54.601 D/EnvFileUpdater(21292): Found CIRIS_HOME from env: /data/user/0/ai.ciris.mobile.debug/files/ciris
03-23 21:46:04.607 D/EnvFileUpdater(21292): Found CIRIS_HOME from env: /data/user/0/ai.ciris.mobile.debug/files/ciris
03-23 21:46:14.611 D/EnvFileUpdater(21292): Found CIRIS_HOME from env: /data/user/0/ai.ciris.mobile.debug/files/ciris
03-23 21:46:24.617 D/EnvFileUpdater(21292): Found CIRIS_HOME from env: /data/user/0/ai.ciris.mobile.debug/files/ciris
03-23 21:46:34.623 D/EnvFileUpdater(21292): Found CIRIS_HOME from env: /data/user/0/ai.ciris.mobile.debug/files/ciris
03-23 21:46:44.625 D/EnvFileUpdater(21292): Found CIRIS_HOME from env: /data/user/0/ai.ciris.mobile.debug/files/ciris
03-23 21:46:54.630 D/EnvFileUpdater(21292): Found CIRIS_HOME from env: /data/user/0/ai.ciris.mobile.debug/files/ciris
03-23 21:47:04.633 D/EnvFileUpdater(21292): Found CIRIS_HOME from env: /data/user/0/ai.ciris.mobile.debug/files/ciris
03-23 21:47:14.637 D/EnvFileUpdater(21292): Found CIRIS_HOME from env: /data/user/0/ai.ciris.mobile.debug/files/ciris
03-23 21:47:24.640 D/EnvFileUpdater(21292): Found CIRIS_HOME from env: /data/user/0/ai.ciris.mobile.debug/files/ciris
03-23 21:47:34.642 D/EnvFileUpdater(21292): Found CIRIS_HOME from env: /data/user/0/ai.ciris.mobile.debug/files/ciris
03-23 21:47:44.649 D/EnvFileUpdater(21292): Found CIRIS_HOME from env: /data/user/0/ai.ciris.mobile.debug/files/ciris
03-23 21:47:54.652 D/EnvFileUpdater(21292): Found CIRIS_HOME from env: /data/user/0/ai.ciris.mobile.debug/files/ciris
03-23 21:48:04.658 D/EnvFileUpdater(21292): Found CIRIS_HOME from env: /data/user/0/ai.ciris.mobile.debug/files/ciris
03-23 21:48:12.976 D/CIRISApp(21292): [INIT] CIRISApp composable invoked - googleSignInCallback=PRESENT (121260798)
03-23 21:48:12.977 I/InteractViewModel(21292): [setDeviceAttestationCallback] Device attestation callback SET
03-23 21:48:12.982 D/CIRISApp(21292): [CIRISApp] >>> liveBackgroundEnabled=true, apiClient=present
03-23 21:48:12.997 I/CIRISApp(21292): [Screen.Audit] Stopping audit polling
03-23 21:48:13.083 I/CIRISApiClient(21292): [getGraphData] >>> START: hours=24, scope=ALL_SCOPES, type=null, limit=200
03-23 21:48:13.083 I/CIRISApiClient(21292): [getGraphData] Fetching timeline: http://localhost:8080/v1/memory/timeline?hours=24&include_edges=true&include_metrics=false
03-23 21:48:13.460 I/CIRISApiClient(21292): [getGraphData] <<< DONE in 377ms (single API call)
03-23 21:48:13.461 I/CIRISApiClient(21292): [getGraphData]     Nodes: 31 ({identity=2, local=29})
03-23 21:48:13.462 I/CIRISApiClient(21292): [getGraphData]     Edges: 0 total, 0 visible
03-23 21:48:13.462 I/CIRISApiClient(21292): [getGraphData]     Edge types: {}
03-23 21:48:13.462 I/CIRISApiClient(21292): [getGraphData]     INFO: No edges found - nodes may not have relationships yet
03-23 21:48:14.663 D/EnvFileUpdater(21292): Found CIRIS_HOME from env: /data/user/0/ai.ciris.mobile.debug/files/ciris
03-23 21:48:19.752 D/CIRISApp(21292): [INIT] CIRISApp composable invoked - googleSignInCallback=PRESENT (121260798)
03-23 21:48:19.753 I/InteractViewModel(21292): [setDeviceAttestationCallback] Device attestation callback SET
03-23 21:48:19.786 I/CIRISApp(21292): [Screen.Audit] Starting audit polling
03-23 21:48:24.668 D/EnvFileUpdater(21292): Found CIRIS_HOME from env: /data/user/0/ai.ciris.mobile.debug/files/ciris
03-23 21:48:34.676 D/EnvFileUpdater(21292): Found CIRIS_HOME from env: /data/user/0/ai.ciris.mobile.debug/files/ciris
03-23 21:48:44.678 D/EnvFileUpdater(21292): Found CIRIS_HOME from env: /data/user/0/ai.ciris.mobile.debug/files/ciris
03-23 21:48:54.682 D/EnvFileUpdater(21292): Found CIRIS_HOME from env: /data/user/0/ai.ciris.mobile.debug/files/ciris
03-23 21:49:04.685 D/EnvFileUpdater(21292): Found CIRIS_HOME from env: /data/user/0/ai.ciris.mobile.debug/files/ciris
03-23 21:49:14.687 D/EnvFileUpdater(21292): Found CIRIS_HOME from env: /data/user/0/ai.ciris.mobile.debug/files/ciris
03-23 21:49:24.689 D/EnvFileUpdater(21292): Found CIRIS_HOME from env: /data/user/0/ai.ciris.mobile.debug/files/ciris
03-23 21:49:34.695 D/EnvFileUpdater(21292): Found CIRIS_HOME from env: /data/user/0/ai.ciris.mobile.debug/files/ciris
03-23 21:49:44.698 D/EnvFileUpdater(21292): Found CIRIS_HOME from env: /data/user/0/ai.ciris.mobile.debug/files/ciris
03-23 21:49:54.702 D/EnvFileUpdater(21292): Found CIRIS_HOME from env: /data/user/0/ai.ciris.mobile.debug/files/ciris
03-23 21:50:04.705 D/EnvFileUpdater(21292): Found CIRIS_HOME from env: /data/user/0/ai.ciris.mobile.debug/files/ciris
03-23 21:50:06.529 D/CIRISApp(21292): [INIT] CIRISApp composable invoked - googleSignInCallback=PRESENT (121260798)
03-23 21:50:06.533 I/InteractViewModel(21292): [setDeviceAttestationCallback] Device attestation callback SET
03-23 21:50:06.541 D/CIRISApp(21292): [CIRISApp] >>> liveBackgroundEnabled=true, apiClient=present
03-23 21:50:06.551 I/CIRISApp(21292): [Screen.Audit] Stopping audit polling
03-23 21:50:06.633 I/CIRISApiClient(21292): [getGraphData] >>> START: hours=24, scope=ALL_SCOPES, type=null, limit=200
03-23 21:50:06.634 I/CIRISApiClient(21292): [getGraphData] Fetching timeline: http://localhost:8080/v1/memory/timeline?hours=24&include_edges=true&include_metrics=false
03-23 21:50:07.025 I/CIRISApiClient(21292): [getGraphData] <<< DONE in 392ms (single API call)
03-23 21:50:07.026 I/CIRISApiClient(21292): [getGraphData]     Nodes: 31 ({identity=2, local=29})
03-23 21:50:07.027 I/CIRISApiClient(21292): [getGraphData]     Edges: 0 total, 0 visible
03-23 21:50:07.027 I/CIRISApiClient(21292): [getGraphData]     Edge types: {}
03-23 21:50:07.027 I/CIRISApiClient(21292): [getGraphData]     INFO: No edges found - nodes may not have relationships yet
03-23 21:50:09.836 I/WebViewFactory(28507): Loading com.google.android.webview version 145.0.7632.159 (code 763215903)
03-23 21:50:09.881 E/chromium(28507): [ERROR:android_webview/browser/variations/variations_seed_loader.cc:39] Seed missing signature.
03-23 21:50:09.934 W/chromium(28507): [WARNING:android_webview/browser/network_service/net_helpers.cc:137] HTTP Cache size is: 44081065
03-23 21:50:09.993 W/chromium(28691): [WARNING:content/app/android/content_main_android.cc:82] android_setCpu already initialized
03-23 21:50:10.044 W/chromium(28691): [WARNING:content/child/runtime_features.cc:564] Fenced frames cannot be enabled in this configuration. Use --enable-features=FencedFrames instead.
03-23 21:50:10.044 W/chromium(28691): [WARNING:content/child/runtime_features.cc:589] Topics cannot be enabled in this configuration. Use --enable-features=BrowsingTopics in addition.
03-23 21:50:10.044 W/chromium(28691): [WARNING:content/child/runtime_features.cc:610] SharedStorage cannot be enabled in this configuration. Use --enable-features=SharedStorageAPI in addition.
03-23 21:50:10.705 I/chromium(28849): [INFO:components/enterprise/browser/controller/chrome_browser_cloud_management_controller.cc:302] Deferring CBCM Controller Initialization until it is unblocked.
03-23 21:50:10.813 W/chromium(28936): [WARNING:content/app/android/content_main_android.cc:82] android_setCpu already initialized
03-23 21:50:10.849 W/chromium(28849): [WARNING:components/gcm_driver/instance_id/instance_id_android.cc:101] Non-zero TTL requested for InstanceID token, while TTLs are not supported by Android Firebase IID API.
03-23 21:50:10.875 W/chromium(28849): [WARNING:components/gcm_driver/instance_id/instance_id_android.cc:101] Non-zero TTL requested for InstanceID token, while TTLs are not supported by Android Firebase IID API.
03-23 21:50:10.875 W/chromium(28849): [WARNING:components/gcm_driver/instance_id/instance_id_android.cc:101] Non-zero TTL requested for InstanceID token, while TTLs are not supported by Android Firebase IID API.
03-23 21:50:10.977 I/chromium(28936): [INFO:third_party/skia/src/gpu/vk/VulkanPreferredFeatures.cpp:435] WARNING: VulkanPreferredFeatures::addFeaturesToQuery() was not called
03-23 21:50:10.977 I/chromium(28936): 
03-23 21:50:10.977 I/chromium(28936): [INFO:third_party/skia/src/gpu/vk/VulkanPreferredFeatures.cpp:438] WARNING: VulkanPreferredFeatures::addFeaturesToEnable() was not called
03-23 21:50:10.977 I/chromium(28936): 
03-23 21:50:11.308 W/chromium(28849): [WARNING:net/cert/ev_root_ca_metadata.cc:118] Not implemented
03-23 21:50:11.322 W/chromium(28849): [WARNING:net/cert/ev_root_ca_metadata.cc:118] Not implemented
03-23 21:50:11.368 W/chromium(28993): [WARNING:content/app/android/content_main_android.cc:82] android_setCpu already initialized
03-23 21:50:11.861 W/chromium(28849): [WARNING:net/cert/ev_root_ca_metadata.cc:118] Not implemented
03-23 21:50:12.121 I/chromium(29046): [INFO:components/enterprise/browser/controller/chrome_browser_cloud_management_controller.cc:302] Deferring CBCM Controller Initialization until it is unblocked.
03-23 21:50:12.177 W/chromium(29046): [WARNING:components/gcm_driver/instance_id/instance_id_android.cc:101] Non-zero TTL requested for InstanceID token, while TTLs are not supported by Android Firebase IID API.
03-23 21:50:12.178 W/chromium(29046): [WARNING:components/gcm_driver/instance_id/instance_id_android.cc:101] Non-zero TTL requested for InstanceID token, while TTLs are not supported by Android Firebase IID API.
03-23 21:50:12.225 W/chromium(29164): [WARNING:content/app/android/content_main_android.cc:82] android_setCpu already initialized
03-23 21:50:12.303 W/chromium(29106): [WARNING:content/app/android/content_main_android.cc:82] android_setCpu already initialized
03-23 21:50:12.318 I/chromium(29164): [INFO:third_party/skia/src/gpu/vk/VulkanPreferredFeatures.cpp:435] WARNING: VulkanPreferredFeatures::addFeaturesToQuery() was not called
03-23 21:50:12.318 I/chromium(29164): 
03-23 21:50:12.318 I/chromium(29164): [INFO:third_party/skia/src/gpu/vk/VulkanPreferredFeatures.cpp:438] WARNING: VulkanPreferredFeatures::addFeaturesToEnable() was not called
03-23 21:50:12.318 I/chromium(29164): 
03-23 21:50:12.420 W/chromium(29046): [WARNING:net/cert/ev_root_ca_metadata.cc:118] Not implemented
03-23 21:50:12.431 W/chromium(29046): [WARNING:net/cert/ev_root_ca_metadata.cc:118] Not implemented
03-23 21:50:12.437 W/chromium(29224): [WARNING:content/app/android/content_main_android.cc:82] android_setCpu already initialized
03-23 21:50:12.445 W/chromium(29234): [WARNING:content/app/android/content_main_android.cc:82] android_setCpu already initialized
03-23 21:50:12.484 W/chromium(29046): [WARNING:net/cert/ev_root_ca_metadata.cc:118] Not implemented
03-23 21:50:12.486 I/chromium(29046): [INFO:brave/components/brave_ads/core/internal/creatives/new_tab_page_ads/creative_new_tab_page_ads_util.cc:157] Successfully saved creative new tab page ads
03-23 21:50:12.486 I/chromium(29046): [INFO:brave/components/brave_ads/core/internal/creatives/new_tab_page_ads/creative_new_tab_page_ads_util.cc:142] Successfully saved creative set conversions
03-23 21:50:12.490 W/chromium(29046): [WARNING:net/cert/ev_root_ca_metadata.cc:118] Not implemented
03-23 21:50:12.640 W/chromium(29283): [WARNING:content/app/android/content_main_android.cc:82] android_setCpu already initialized
03-23 21:50:12.657 W/chromium(29046): [WARNING:net/cert/ev_root_ca_metadata.cc:118] Not implemented
03-23 21:50:12.682 W/chromium(29046): [WARNING:net/cert/ev_root_ca_metadata.cc:118] Not implemented
03-23 21:50:12.794 W/chromium(29306): [WARNING:content/app/android/content_main_android.cc:82] android_setCpu already initialized
03-23 21:50:12.817 W/chromium(29309): [WARNING:content/app/android/content_main_android.cc:82] android_setCpu already initialized
03-23 21:50:12.896 W/chromium(29046): [WARNING:chrome/browser/android/compositor/compositor_view.cc:385] Child process died (type=6) pid=29306)
03-23 21:50:12.965 W/chromium(29348): [WARNING:content/app/android/content_main_android.cc:82] android_setCpu already initialized
03-23 21:50:13.002 W/chromium(29046): [WARNING:chrome/browser/android/compositor/compositor_view.cc:385] Child process died (type=6) pid=29309)
03-23 21:50:13.047 W/chromium(29046): [WARNING:chrome/browser/android/compositor/compositor_view.cc:385] Child process died (type=6) pid=29348)
03-23 21:50:13.048 W/chromium(29046): [WARNING:net/cert/ev_root_ca_metadata.cc:118] Not implemented
03-23 21:50:13.070 W/chromium(29367): [WARNING:content/app/android/content_main_android.cc:82] android_setCpu already initialized
03-23 21:50:13.144 W/chromium(29046): [WARNING:net/cert/ev_root_ca_metadata.cc:118] Not implemented
03-23 21:50:13.191 W/chromium(29046): [WARNING:chrome/browser/android/compositor/compositor_view.cc:385] Child process died (type=6) pid=29367)
03-23 21:50:13.207 W/chromium(29387): [WARNING:content/app/android/content_main_android.cc:82] android_setCpu already initialized
03-23 21:50:13.911 W/chromium(29164): [WARNING:components/viz/service/frame_sinks/compositor_frame_sink_support.cc:1763] Surface SurfaceId(FrameSinkId(3, 3), LocalSurfaceId(9, 1, 4C41...)) is destroyed while there is an outstanding CopyOutputRequest specificc for it.
03-23 21:50:14.216 W/chromium(29046): [WARNING:net/cert/ev_root_ca_metadata.cc:118] Not implemented
03-23 21:50:14.706 D/EnvFileUpdater(21292): Found CIRIS_HOME from env: /data/user/0/ai.ciris.mobile.debug/files/ciris
03-23 21:50:15.130 W/chromium(29046): [WARNING:net/cert/ev_root_ca_metadata.cc:118] Not implemented
03-23 21:50:15.570 W/chromium(29046): [WARNING:net/cert/ev_root_ca_metadata.cc:118] Not implemented
03-23 21:50:16.202 W/chromium(29046): [WARNING:chrome/browser/android/compositor/compositor_view.cc:385] Child process died (type=6) pid=29224)
03-23 21:50:21.072 W/chromium(28849): [WARNING:components/sync/engine/syncer_proto_util.cc:430] Error posting from syncer: Response Code (bogus on error): -1 Content-Length (bogus on error): -1 Server Status: CONNECTION_UNAVAILABLE
03-23 21:50:21.073 E/chromium(28849): [ERROR:components/sync/engine/get_updates_processor.cc:270] PostClientToServerMessage() failed during GetUpdates with error Network error (ERR_NAME_NOT_RESOLVED)
03-23 21:50:22.607 W/chromium(28849): [WARNING:components/sync/engine/syncer_proto_util.cc:430] Error posting from syncer: Response Code (bogus on error): -1 Content-Length (bogus on error): -1 Server Status: CONNECTION_UNAVAILABLE
03-23 21:50:22.607 E/chromium(28849): [ERROR:components/sync/engine/get_updates_processor.cc:270] PostClientToServerMessage() failed during GetUpdates with error Network error (ERR_NAME_NOT_RESOLVED)
03-23 21:50:24.708 D/EnvFileUpdater(21292): Found CIRIS_HOME from env: /data/user/0/ai.ciris.mobile.debug/files/ciris
03-23 21:50:26.386 W/chromium(28849): [WARNING:components/sync/engine/syncer_proto_util.cc:430] Error posting from syncer: Response Code (bogus on error): -1 Content-Length (bogus on error): -1 Server Status: CONNECTION_UNAVAILABLE
03-23 21:50:26.386 E/chromium(28849): [ERROR:components/sync/engine/get_updates_processor.cc:270] PostClientToServerMessage() failed during GetUpdates with error Network error (ERR_NAME_NOT_RESOLVED)
03-23 21:50:32.032 W/chromium(28849): [WARNING:components/sync/engine/syncer_proto_util.cc:430] Error posting from syncer: Response Code (bogus on error): -1 Content-Length (bogus on error): -1 Server Status: CONNECTION_UNAVAILABLE
03-23 21:50:32.032 E/chromium(28849): [ERROR:components/sync/engine/get_updates_processor.cc:270] PostClientToServerMessage() failed during GetUpdates with error Network error (ERR_NAME_NOT_RESOLVED)
03-23 21:50:34.713 D/EnvFileUpdater(21292): Found CIRIS_HOME from env: /data/user/0/ai.ciris.mobile.debug/files/ciris
03-23 21:50:40.491 W/chromium(28849): [WARNING:components/sync/engine/syncer_proto_util.cc:430] Error posting from syncer: Response Code (bogus on error): -1 Content-Length (bogus on error): -1 Server Status: CONNECTION_UNAVAILABLE
03-23 21:50:40.491 E/chromium(28849): [ERROR:components/sync/engine/get_updates_processor.cc:270] PostClientToServerMessage() failed during GetUpdates with error Network error (ERR_NAME_NOT_RESOLVED)
03-23 21:50:40.793 W/chromium(29046): [WARNING:net/cert/ev_root_ca_metadata.cc:118] Not implemented
03-23 21:50:44.719 D/EnvFileUpdater(21292): Found CIRIS_HOME from env: /data/user/0/ai.ciris.mobile.debug/files/ciris
03-23 21:50:54.722 D/EnvFileUpdater(21292): Found CIRIS_HOME from env: /data/user/0/ai.ciris.mobile.debug/files/ciris
03-23 21:51:01.632 W/chromium(28849): [WARNING:components/sync/engine/syncer_proto_util.cc:430] Error posting from syncer: Response Code (bogus on error): -1 Content-Length (bogus on error): -1 Server Status: CONNECTION_UNAVAILABLE
03-23 21:51:01.632 E/chromium(28849): [ERROR:components/sync/engine/get_updates_processor.cc:270] PostClientToServerMessage() failed during GetUpdates with error Network error (ERR_NAME_NOT_RESOLVED)
03-23 21:51:04.726 D/EnvFileUpdater(21292): Found CIRIS_HOME from env: /data/user/0/ai.ciris.mobile.debug/files/ciris
03-23 21:51:09.391 W/chromium(29046): [WARNING:net/cert/ev_root_ca_metadata.cc:118] Not implemented
03-23 21:51:10.310 W/chromium(29046): [WARNING:net/cert/ev_root_ca_metadata.cc:118] Not implemented
03-23 21:51:12.606 W/chromium(29046): [WARNING:net/cert/ev_root_ca_metadata.cc:118] Not implemented
03-23 21:51:14.132 W/chromium(29046): [WARNING:net/cert/ev_root_ca_metadata.cc:118] Not implemented
03-23 21:51:14.281 W/chromium(29759): [WARNING:content/app/android/content_main_android.cc:82] android_setCpu already initialized
03-23 21:51:14.339 W/chromium(29046): [WARNING:chrome/browser/android/compositor/compositor_view.cc:385] Child process died (type=6) pid=29759)
03-23 21:51:14.450 W/chromium(29046): [WARNING:net/cert/ev_root_ca_metadata.cc:118] Not implemented
03-23 21:51:14.730 D/EnvFileUpdater(21292): Found CIRIS_HOME from env: /data/user/0/ai.ciris.mobile.debug/files/ciris
03-23 21:51:17.765 W/chromium(29046): [WARNING:net/cert/ev_root_ca_metadata.cc:118] Not implemented
03-23 21:51:24.733 D/EnvFileUpdater(21292): Found CIRIS_HOME from env: /data/user/0/ai.ciris.mobile.debug/files/ciris
03-23 21:51:34.736 D/EnvFileUpdater(21292): Found CIRIS_HOME from env: /data/user/0/ai.ciris.mobile.debug/files/ciris
03-23 21:51:44.739 D/EnvFileUpdater(21292): Found CIRIS_HOME from env: /data/user/0/ai.ciris.mobile.debug/files/ciris
03-23 21:51:54.442 W/chromium(28849): [WARNING:components/sync/engine/syncer_proto_util.cc:430] Error posting from syncer: Response Code (bogus on error): -1 Content-Length (bogus on error): -1 Server Status: CONNECTION_UNAVAILABLE
03-23 21:51:54.442 E/chromium(28849): [ERROR:components/sync/engine/get_updates_processor.cc:270] PostClientToServerMessage() failed during GetUpdates with error Network error (ERR_NAME_NOT_RESOLVED)
03-23 21:51:54.742 D/EnvFileUpdater(21292): Found CIRIS_HOME from env: /data/user/0/ai.ciris.mobile.debug/files/ciris
03-23 21:52:04.745 D/EnvFileUpdater(21292): Found CIRIS_HOME from env: /data/user/0/ai.ciris.mobile.debug/files/ciris
03-23 21:52:14.747 D/EnvFileUpdater(21292): Found CIRIS_HOME from env: /data/user/0/ai.ciris.mobile.debug/files/ciris
03-23 21:52:24.750 D/EnvFileUpdater(21292): Found CIRIS_HOME from env: /data/user/0/ai.ciris.mobile.debug/files/ciris
03-23 21:52:34.754 D/EnvFileUpdater(21292): Found CIRIS_HOME from env: /data/user/0/ai.ciris.mobile.debug/files/ciris
03-23 21:52:39.018 W/chromium(29046): [WARNING:net/cert/ev_root_ca_metadata.cc:118] Not implemented
03-23 21:52:42.818 W/chromium(29046): [WARNING:net/cert/ev_root_ca_metadata.cc:118] Not implemented
03-23 21:52:44.757 D/EnvFileUpdater(21292): Found CIRIS_HOME from env: /data/user/0/ai.ciris.mobile.debug/files/ciris
03-23 21:52:54.760 D/EnvFileUpdater(21292): Found CIRIS_HOME from env: /data/user/0/ai.ciris.mobile.debug/files/ciris
03-23 21:53:04.763 D/EnvFileUpdater(21292): Found CIRIS_HOME from env: /data/user/0/ai.ciris.mobile.debug/files/ciris
03-23 21:53:13.519 W/chromium(29046): [WARNING:net/cert/ev_root_ca_metadata.cc:118] Not implemented
03-23 21:53:13.569 W/chromium(28849): [WARNING:components/sync/engine/syncer_proto_util.cc:430] Error posting from syncer: Response Code (bogus on error): -1 Content-Length (bogus on error): -1 Server Status: CONNECTION_UNAVAILABLE
03-23 21:53:13.570 E/chromium(28849): [ERROR:components/sync/engine/get_updates_processor.cc:270] PostClientToServerMessage() failed during GetUpdates with error Network error (ERR_NAME_NOT_RESOLVED)
03-23 21:53:14.768 D/EnvFileUpdater(21292): Found CIRIS_HOME from env: /data/user/0/ai.ciris.mobile.debug/files/ciris
03-23 21:53:17.545 E/CIRISApiClient(21292): [getMessages] Exception: UnknownHostException: Unable to resolve host "localhost": No address associated with hostname | Context: limit=50, is401=false, tokenPresent=true, tokenPreview=ciris_ad...V-O8
03-23 21:53:17.551 W/InteractViewModel(21292): [fetchHistory] Non-auth error: UnknownHostException: Unable to resolve host "localhost": No address associated with hostname
03-23 21:53:17.563 E/CIRISApiClient(21292): [getAuditEntries] Exception: UnknownHostException: Unable to resolve host "localhost": No address associated with hostname
03-23 21:53:17.795 E/CIRISApiClient(21292): [getSystemStatus] Exception: UnknownHostException: Unable to resolve host "localhost": No address associated with hostname
03-23 21:53:17.799 E/InteractViewModel(21292): [startStatusPolling] Status poll failed: UnknownHostException: Unable to resolve host "localhost": No address associated with hostname
03-23 21:53:20.145 E/CIRISApiClient(21292): [getVerifyStatus] Exception: UnknownHostException: Unable to resolve host "localhost": No address associated with hostname
03-23 21:53:20.149 I/InteractViewModel(21292): [fetchTrustStatus] Trust level changed: 1 -> 0
03-23 21:53:20.152 I/InteractViewModel(21292): [fetchTrustStatus] Level pending changed: true -> false
03-23 21:53:20.153 I/InteractViewModel(21292): [startTrustPendingPolling] Level pending=false (level=0/5), stopping fast poll
03-23 21:53:20.577 E/CIRISApiClient(21292): [getMessages] Exception: UnknownHostException: Unable to resolve host "localhost": No address associated with hostname | Context: limit=50, is401=false, tokenPresent=true, tokenPreview=ciris_ad...V-O8
03-23 21:53:20.581 W/InteractViewModel(21292): [fetchHistory] Non-auth error: UnknownHostException: Unable to resolve host "localhost": No address associated with hostname
03-23 21:53:20.591 E/CIRISApiClient(21292): [getAuditEntries] Exception: UnknownHostException: Unable to resolve host "localhost": No address associated with hostname
03-23 21:53:22.828 E/CIRISApiClient(21292): [getSystemStatus] Exception: UnknownHostException: Unable to resolve host "localhost": No address associated with hostname
03-23 21:53:23.610 E/CIRISApiClient(21292): [getMessages] Exception: UnknownHostException: Unable to resolve host "localhost": No address associated with hostname | Context: limit=50, is401=false, tokenPresent=true, tokenPreview=ciris_ad...V-O8
03-23 21:53:23.614 W/InteractViewModel(21292): [fetchHistory] Non-auth error: UnknownHostException: Unable to resolve host "localhost": No address associated with hostname
03-23 21:53:23.628 E/CIRISApiClient(21292): [getAuditEntries] Exception: UnknownHostException: Unable to resolve host "localhost": No address associated with hostname
03-23 21:53:24.770 D/EnvFileUpdater(21292): Found CIRIS_HOME from env: /data/user/0/ai.ciris.mobile.debug/files/ciris
03-23 21:53:26.652 E/CIRISApiClient(21292): [getMessages] Exception: UnknownHostException: Unable to resolve host "localhost": No address associated with hostname | Context: limit=50, is401=false, tokenPresent=true, tokenPreview=ciris_ad...V-O8
03-23 21:53:26.656 W/InteractViewModel(21292): [fetchHistory] Non-auth error: UnknownHostException: Unable to resolve host "localhost": No address associated with hostname
03-23 21:53:26.672 E/CIRISApiClient(21292): [getAuditEntries] Exception: UnknownHostException: Unable to resolve host "localhost": No address associated with hostname
03-23 21:53:27.851 E/CIRISApiClient(21292): [getSystemStatus] Exception: UnknownHostException: Unable to resolve host "localhost": No address associated with hostname
03-23 21:53:29.694 E/CIRISApiClient(21292): [getMessages] Exception: UnknownHostException: Unable to resolve host "localhost": No address associated with hostname | Context: limit=50, is401=false, tokenPresent=true, tokenPreview=ciris_ad...V-O8
03-23 21:53:29.699 W/InteractViewModel(21292): [fetchHistory] Non-auth error: UnknownHostException: Unable to resolve host "localhost": No address associated with hostname
03-23 21:53:29.712 E/CIRISApiClient(21292): [getAuditEntries] Exception: UnknownHostException: Unable to resolve host "localhost": No address associated with hostname
03-23 21:53:32.733 E/CIRISApiClient(21292): [getMessages] Exception: UnknownHostException: Unable to resolve host "localhost": No address associated with hostname | Context: limit=50, is401=false, tokenPresent=true, tokenPreview=ciris_ad...V-O8
03-23 21:53:32.736 W/InteractViewModel(21292): [fetchHistory] Non-auth error: UnknownHostException: Unable to resolve host "localhost": No address associated with hostname
03-23 21:53:32.748 E/CIRISApiClient(21292): [getAuditEntries] Exception: UnknownHostException: Unable to resolve host "localhost": No address associated with hostname
03-23 21:53:32.872 E/CIRISApiClient(21292): [getSystemStatus] Exception: UnknownHostException: Unable to resolve host "localhost": No address associated with hostname
03-23 21:53:34.772 D/EnvFileUpdater(21292): Found CIRIS_HOME from env: /data/user/0/ai.ciris.mobile.debug/files/ciris
03-23 21:53:35.766 E/CIRISApiClient(21292): [getMessages] Exception: UnknownHostException: Unable to resolve host "localhost": No address associated with hostname | Context: limit=50, is401=false, tokenPresent=true, tokenPreview=ciris_ad...V-O8
03-23 21:53:35.771 W/InteractViewModel(21292): [fetchHistory] Non-auth error: UnknownHostException: Unable to resolve host "localhost": No address associated with hostname
03-23 21:53:35.785 E/CIRISApiClient(21292): [getAuditEntries] Exception: UnknownHostException: Unable to resolve host "localhost": No address associated with hostname
03-23 21:53:37.785 E/CIRISApiClient(21292): [getLlmConfig] Exception: UnknownHostException: Unable to resolve host "localhost": No address associated with hostname
03-23 21:53:37.789 W/InteractViewModel(21292): [fetchHealthData] Failed to fetch LLM config from API: Unable to resolve host "localhost": No address associated with hostname
03-23 21:53:37.804 E/CIRISApiClient(21292): [getVerifyStatus] Exception: UnknownHostException: Unable to resolve host "localhost": No address associated with hostname
03-23 21:53:37.909 E/CIRISApiClient(21292): [getSystemStatus] Exception: UnknownHostException: Unable to resolve host "localhost": No address associated with hostname
03-23 21:53:38.815 E/CIRISApiClient(21292): [getMessages] Exception: UnknownHostException: Unable to resolve host "localhost": No address associated with hostname | Context: limit=50, is401=false, tokenPresent=true, tokenPreview=ciris_ad...V-O8
03-23 21:53:38.822 W/InteractViewModel(21292): [fetchHistory] Non-auth error: UnknownHostException: Unable to resolve host "localhost": No address associated with hostname
03-23 21:53:38.838 E/CIRISApiClient(21292): [getAuditEntries] Exception: UnknownHostException: Unable to resolve host "localhost": No address associated with hostname
03-23 21:53:41.872 E/CIRISApiClient(21292): [getMessages] Exception: UnknownHostException: Unable to resolve host "localhost": No address associated with hostname | Context: limit=50, is401=false, tokenPresent=true, tokenPreview=ciris_ad...V-O8
03-23 21:53:41.881 W/InteractViewModel(21292): [fetchHistory] Non-auth error: UnknownHostException: Unable to resolve host "localhost": No address associated with hostname
03-23 21:53:41.896 E/CIRISApiClient(21292): [getAuditEntries] Exception: UnknownHostException: Unable to resolve host "localhost": No address associated with hostname
03-23 21:53:42.940 E/CIRISApiClient(21292): [getSystemStatus] Exception: UnknownHostException: Unable to resolve host "localhost": No address associated with hostname
03-23 21:53:44.775 D/EnvFileUpdater(21292): Found CIRIS_HOME from env: /data/user/0/ai.ciris.mobile.debug/files/ciris
03-23 21:53:44.929 E/CIRISApiClient(21292): [getMessages] Exception: UnknownHostException: Unable to resolve host "localhost": No address associated with hostname | Context: limit=50, is401=false, tokenPresent=true, tokenPreview=ciris_ad...V-O8
